170. Printing statistics.

=== butterfold_top ===

        +----------Local Count, excluding submodules.
        |        +-Local Area, excluding submodules.
        |        | 
    25983        - wires
    32582        - wire bits
      837        - public wires
     7370        - public wire bits
        7        - ports
       21        - port bits
    31758 4.05E+05 cells
     6496        -   $_ANDNOT_
      408        -   $_AND_
     9421        -   $_MUX_
      545        -   $_NAND_
      776        -   $_NOR_
      734        -   $_NOT_
      364        -   $_ORNOT_
     5827        -   $_OR_
      260        -   $_XNOR_
      823        -   $_XOR_
     4636 2.95E+05   gf180mcu_fd_sc_mcu7t5v0__dffq_1
     1460 1.09E+05   gf180mcu_fd_sc_mcu7t5v0__dffrnq_1
        8  632.218   gf180mcu_fd_sc_mcu7t5v0__dffsnq_1

   Area for cell type $_ANDNOT_ is unknown!
   Area for cell type $_AND_ is unknown!
   Area for cell type $_MUX_ is unknown!
   Area for cell type $_NAND_ is unknown!
   Area for cell type $_NOR_ is unknown!
   Area for cell type $_NOT_ is unknown!
   Area for cell type $_ORNOT_ is unknown!
   Area for cell type $_OR_ is unknown!
   Area for cell type $_XNOR_ is unknown!
   Area for cell type $_XOR_ is unknown!

   Chip area for module '\butterfold_top': 404733.414400
     of which used for sequential elements: 404733.414400 (100.00%)

