+ define_corners nom_tt_025C_5v00
Reading timing models for corner nom_tt_025C_5v00…
Reading cell library for the 'nom_tt_025C_5v00' corner at '/foss/pdks/gf180mcuD/libs.ref/gf180mcu_fd_sc_mcu7t5v0/lib/gf180mcu_fd_sc_mcu7t5v0__tt_025C_5v00.lib'…
Reading top-level netlist at '/foss/designs/runs/RUN_2026-06-04_06-56-06/06-yosys-synthesis/counter.nl.v'…
Linking design 'counter' from netlist…
Reading design constraints file at '/usr/local/lib/python3.12/dist-packages/librelane/scripts/base.sdc'…
[INFO] Using clock clk…
[INFO] Setting output delay to: 10
[INFO] Setting input delay to: 10
[INFO] Setting load to: 0.07291
[INFO] Setting clock uncertainty to: 0.25
[INFO] Setting clock transition to: 0.1499999999999999944488848768742172978818416595458984375
[INFO] Setting timing derate to: 5%
%OL_CREATE_REPORT min.rpt

===========================================================================
report_checks -path_delay min (Hold)
============================================================================
======================= nom_tt_025C_5v00 Corner ===================================

Startpoint: _16_ (rising edge-triggered flip-flop clocked by clk)
Endpoint: _16_ (rising edge-triggered flip-flop clocked by clk)
Path Group: clk
Path Type: min

Fanout         Cap        Slew       Delay        Time   Description
---------------------------------------------------------------------------------------------
                      0.150000    0.000000    0.000000   clock clk (rise edge)
                                  0.000000    0.000000   clock network delay (ideal)
                      0.150000    0.000000    0.000000 ^ _16_/CLK (gf180mcu_fd_sc_mcu7t5v0__dffq_1)
     5    0.092161    0.936697    1.192389    1.192389 v _16_/Q (gf180mcu_fd_sc_mcu7t5v0__dffq_1)
                                                         q[0] (net)
                      0.936697    0.000000    1.192389 v _13_/A1 (gf180mcu_fd_sc_mcu7t5v0__nor2_1)
     1    0.002389    0.199239    0.340399    1.532788 ^ _13_/ZN (gf180mcu_fd_sc_mcu7t5v0__nor2_1)
                                                         _02_ (net)
                      0.199239    0.000000    1.532788 ^ _16_/D (gf180mcu_fd_sc_mcu7t5v0__dffq_1)
                                              1.532788   data arrival time

                      0.150000    0.000000    0.000000   clock clk (rise edge)
                                  0.000000    0.000000   clock network delay (ideal)
                                  0.250000    0.250000   clock uncertainty
                                  0.000000    0.250000   clock reconvergence pessimism
                                              0.250000 ^ _16_/CLK (gf180mcu_fd_sc_mcu7t5v0__dffq_1)
                                  0.047202    0.297202   library hold time
                                              0.297202   data required time
---------------------------------------------------------------------------------------------
                                              0.297202   data required time
                                             -1.532788   data arrival time
---------------------------------------------------------------------------------------------
                                              1.235586   slack (MET)


Startpoint: _18_ (rising edge-triggered flip-flop clocked by clk)
Endpoint: _18_ (rising edge-triggered flip-flop clocked by clk)
Path Group: clk
Path Type: min

Fanout         Cap        Slew       Delay        Time   Description
---------------------------------------------------------------------------------------------
                      0.150000    0.000000    0.000000   clock clk (rise edge)
                                  0.000000    0.000000   clock network delay (ideal)
                      0.150000    0.000000    0.000000 ^ _18_/CLK (gf180mcu_fd_sc_mcu7t5v0__dffq_1)
     3    0.079699    0.815455    1.119337    1.119337 v _18_/Q (gf180mcu_fd_sc_mcu7t5v0__dffq_1)
                                                         q[2] (net)
                      0.815455    0.000000    1.119337 v _08_/B (gf180mcu_fd_sc_mcu7t5v0__aoi21_1)
     1    0.003979    0.359537    0.302602    1.421939 ^ _08_/ZN (gf180mcu_fd_sc_mcu7t5v0__aoi21_1)
                                                         _04_ (net)
                      0.359537    0.000000    1.421939 ^ _10_/A2 (gf180mcu_fd_sc_mcu7t5v0__nor3_1)
     1    0.002389    0.154019    0.162656    1.584595 v _10_/ZN (gf180mcu_fd_sc_mcu7t5v0__nor3_1)
                                                         _00_ (net)
                      0.154019    0.000000    1.584595 v _18_/D (gf180mcu_fd_sc_mcu7t5v0__dffq_1)
                                              1.584595   data arrival time

                      0.150000    0.000000    0.000000   clock clk (rise edge)
                                  0.000000    0.000000   clock network delay (ideal)
                                  0.250000    0.250000   clock uncertainty
                                  0.000000    0.250000   clock reconvergence pessimism
                                              0.250000 ^ _18_/CLK (gf180mcu_fd_sc_mcu7t5v0__dffq_1)
                                  0.081379    0.331379   library hold time
                                              0.331379   data required time
---------------------------------------------------------------------------------------------
                                              0.331379   data required time
                                             -1.584595   data arrival time
---------------------------------------------------------------------------------------------
                                              1.253216   slack (MET)


Startpoint: _19_ (rising edge-triggered flip-flop clocked by clk)
Endpoint: _19_ (rising edge-triggered flip-flop clocked by clk)
Path Group: clk
Path Type: min

Fanout         Cap        Slew       Delay        Time   Description
---------------------------------------------------------------------------------------------
                      0.150000    0.000000    0.000000   clock clk (rise edge)
                                  0.000000    0.000000   clock network delay (ideal)
                      0.150000    0.000000    0.000000 ^ _19_/CLK (gf180mcu_fd_sc_mcu7t5v0__dffq_1)
     2    0.079989    0.818277    1.121037    1.121037 v _19_/Q (gf180mcu_fd_sc_mcu7t5v0__dffq_1)
                                                         q[3] (net)
                      0.818277    0.000000    1.121037 v _11_/A1 (gf180mcu_fd_sc_mcu7t5v0__xnor2_1)
     1    0.004243    0.268735    0.423963    1.545000 ^ _11_/ZN (gf180mcu_fd_sc_mcu7t5v0__xnor2_1)
                                                         _06_ (net)
                      0.268735    0.000000    1.545000 ^ _12_/A2 (gf180mcu_fd_sc_mcu7t5v0__nor2_1)
     1    0.002389    0.135310    0.124680    1.669680 v _12_/ZN (gf180mcu_fd_sc_mcu7t5v0__nor2_1)
                                                         _01_ (net)
                      0.135310    0.000000    1.669680 v _19_/D (gf180mcu_fd_sc_mcu7t5v0__dffq_1)
                                              1.669680   data arrival time

                      0.150000    0.000000    0.000000   clock clk (rise edge)
                                  0.000000    0.000000   clock network delay (ideal)
                                  0.250000    0.250000   clock uncertainty
                                  0.000000    0.250000   clock reconvergence pessimism
                                              0.250000 ^ _19_/CLK (gf180mcu_fd_sc_mcu7t5v0__dffq_1)
                                  0.086323    0.336323   library hold time
                                              0.336323   data required time
---------------------------------------------------------------------------------------------
                                              0.336323   data required time
                                             -1.669680   data arrival time
---------------------------------------------------------------------------------------------
                                              1.333357   slack (MET)


Startpoint: _17_ (rising edge-triggered flip-flop clocked by clk)
Endpoint: _17_ (rising edge-triggered flip-flop clocked by clk)
Path Group: clk
Path Type: min

Fanout         Cap        Slew       Delay        Time   Description
---------------------------------------------------------------------------------------------
                      0.150000    0.000000    0.000000   clock clk (rise edge)
                                  0.000000    0.000000   clock network delay (ideal)
                      0.150000    0.000000    0.000000 ^ _17_/CLK (gf180mcu_fd_sc_mcu7t5v0__dffq_1)
     4    0.087878    0.895028    1.167282    1.167282 v _17_/Q (gf180mcu_fd_sc_mcu7t5v0__dffq_1)
                                                         q[1] (net)
                      0.895028    0.000000    1.167282 v _14_/A2 (gf180mcu_fd_sc_mcu7t5v0__xnor2_1)
     1    0.004243    0.270819    0.394740    1.562023 ^ _14_/ZN (gf180mcu_fd_sc_mcu7t5v0__xnor2_1)
                                                         _07_ (net)
                      0.270819    0.000000    1.562023 ^ _15_/A2 (gf180mcu_fd_sc_mcu7t5v0__nor2_1)
     1    0.002389    0.135310    0.124938    1.686960 v _15_/ZN (gf180mcu_fd_sc_mcu7t5v0__nor2_1)
                                                         _03_ (net)
                      0.135310    0.000000    1.686960 v _17_/D (gf180mcu_fd_sc_mcu7t5v0__dffq_1)
                                              1.686960   data arrival time

                      0.150000    0.000000    0.000000   clock clk (rise edge)
                                  0.000000    0.000000   clock network delay (ideal)
                                  0.250000    0.250000   clock uncertainty
                                  0.000000    0.250000   clock reconvergence pessimism
                                              0.250000 ^ _17_/CLK (gf180mcu_fd_sc_mcu7t5v0__dffq_1)
                                  0.086323    0.336323   library hold time
                                              0.336323   data required time
---------------------------------------------------------------------------------------------
                                              0.336323   data required time
                                             -1.686960   data arrival time
---------------------------------------------------------------------------------------------
                                              1.350637   slack (MET)


Startpoint: _18_ (rising edge-triggered flip-flop clocked by clk)
Endpoint: q[2] (output port clocked by clk)
Path Group: clk
Path Type: min

Fanout         Cap        Slew       Delay        Time   Description
---------------------------------------------------------------------------------------------
                      0.150000    0.000000    0.000000   clock clk (rise edge)
                                  0.000000    0.000000   clock network delay (ideal)
                      0.150000    0.000000    0.000000 ^ _18_/CLK (gf180mcu_fd_sc_mcu7t5v0__dffq_1)
     3    0.079699    0.815455    1.119337    1.119337 v _18_/Q (gf180mcu_fd_sc_mcu7t5v0__dffq_1)
                                                         q[2] (net)
                      0.815455    0.000000    1.119337 v q[2] (out)
                                              1.119337   data arrival time

                      0.150000    0.000000    0.000000   clock clk (rise edge)
                                  0.000000    0.000000   clock network delay (ideal)
                                  0.250000    0.250000   clock uncertainty
                                  0.000000    0.250000   clock reconvergence pessimism
                                -10.000000   -9.750000   output external delay
                                             -9.750000   data required time
---------------------------------------------------------------------------------------------
                                             -9.750000   data required time
                                             -1.119337   data arrival time
---------------------------------------------------------------------------------------------
                                             10.869338   slack (MET)


Startpoint: _19_ (rising edge-triggered flip-flop clocked by clk)
Endpoint: q[3] (output port clocked by clk)
Path Group: clk
Path Type: min

Fanout         Cap        Slew       Delay        Time   Description
---------------------------------------------------------------------------------------------
                      0.150000    0.000000    0.000000   clock clk (rise edge)
                                  0.000000    0.000000   clock network delay (ideal)
                      0.150000    0.000000    0.000000 ^ _19_/CLK (gf180mcu_fd_sc_mcu7t5v0__dffq_1)
     2    0.079989    0.818277    1.121037    1.121037 v _19_/Q (gf180mcu_fd_sc_mcu7t5v0__dffq_1)
                                                         q[3] (net)
                      0.818277    0.000000    1.121037 v q[3] (out)
                                              1.121037   data arrival time

                      0.150000    0.000000    0.000000   clock clk (rise edge)
                                  0.000000    0.000000   clock network delay (ideal)
                                  0.250000    0.250000   clock uncertainty
                                  0.000000    0.250000   clock reconvergence pessimism
                                -10.000000   -9.750000   output external delay
                                             -9.750000   data required time
---------------------------------------------------------------------------------------------
                                             -9.750000   data required time
                                             -1.121037   data arrival time
---------------------------------------------------------------------------------------------
                                             10.871037   slack (MET)


Startpoint: _17_ (rising edge-triggered flip-flop clocked by clk)
Endpoint: q[1] (output port clocked by clk)
Path Group: clk
Path Type: min

Fanout         Cap        Slew       Delay        Time   Description
---------------------------------------------------------------------------------------------
                      0.150000    0.000000    0.000000   clock clk (rise edge)
                                  0.000000    0.000000   clock network delay (ideal)
                      0.150000    0.000000    0.000000 ^ _17_/CLK (gf180mcu_fd_sc_mcu7t5v0__dffq_1)
     4    0.087878    0.895028    1.167282    1.167282 v _17_/Q (gf180mcu_fd_sc_mcu7t5v0__dffq_1)
                                                         q[1] (net)
                      0.895028    0.000000    1.167282 v q[1] (out)
                                              1.167282   data arrival time

                      0.150000    0.000000    0.000000   clock clk (rise edge)
                                  0.000000    0.000000   clock network delay (ideal)
                                  0.250000    0.250000   clock uncertainty
                                  0.000000    0.250000   clock reconvergence pessimism
                                -10.000000   -9.750000   output external delay
                                             -9.750000   data required time
---------------------------------------------------------------------------------------------
                                             -9.750000   data required time
                                             -1.167282   data arrival time
---------------------------------------------------------------------------------------------
                                             10.917282   slack (MET)


Startpoint: _16_ (rising edge-triggered flip-flop clocked by clk)
Endpoint: q[0] (output port clocked by clk)
Path Group: clk
Path Type: min

Fanout         Cap        Slew       Delay        Time   Description
---------------------------------------------------------------------------------------------
                      0.150000    0.000000    0.000000   clock clk (rise edge)
                                  0.000000    0.000000   clock network delay (ideal)
                      0.150000    0.000000    0.000000 ^ _16_/CLK (gf180mcu_fd_sc_mcu7t5v0__dffq_1)
     5    0.092161    0.936697    1.192389    1.192389 v _16_/Q (gf180mcu_fd_sc_mcu7t5v0__dffq_1)
                                                         q[0] (net)
                      0.936697    0.000000    1.192389 v q[0] (out)
                                              1.192389   data arrival time

                      0.150000    0.000000    0.000000   clock clk (rise edge)
                                  0.000000    0.000000   clock network delay (ideal)
                                  0.250000    0.250000   clock uncertainty
                                  0.000000    0.250000   clock reconvergence pessimism
                                -10.000000   -9.750000   output external delay
                                             -9.750000   data required time
---------------------------------------------------------------------------------------------
                                             -9.750000   data required time
                                             -1.192389   data arrival time
---------------------------------------------------------------------------------------------
                                             10.942389   slack (MET)



%OL_END_REPORT
%OL_CREATE_REPORT max.rpt

===========================================================================
report_checks -path_delay max (Setup)
============================================================================
======================= nom_tt_025C_5v00 Corner ===================================

Startpoint: _16_ (rising edge-triggered flip-flop clocked by clk)
Endpoint: q[0] (output port clocked by clk)
Path Group: clk
Path Type: max

Fanout         Cap        Slew       Delay        Time   Description
---------------------------------------------------------------------------------------------
                      0.150000    0.000000    0.000000   clock clk (rise edge)
                                  0.000000    0.000000   clock network delay (ideal)
                      0.150000    0.000000    0.000000 ^ _16_/CLK (gf180mcu_fd_sc_mcu7t5v0__dffq_1)
     5    0.092161    1.570817    1.546346    1.546346 ^ _16_/Q (gf180mcu_fd_sc_mcu7t5v0__dffq_1)
                                                         q[0] (net)
                      1.570817    0.000000    1.546346 ^ q[0] (out)
                                              1.546346   data arrival time

                      0.150000   50.000000   50.000000   clock clk (rise edge)
                                  0.000000   50.000000   clock network delay (ideal)
                                 -0.250000   49.749996   clock uncertainty
                                  0.000000   49.749996   clock reconvergence pessimism
                                -10.000000   39.749996   output external delay
                                             39.749996   data required time
---------------------------------------------------------------------------------------------
                                             39.749996   data required time
                                             -1.546346   data arrival time
---------------------------------------------------------------------------------------------
                                             38.203648   slack (MET)


Startpoint: _17_ (rising edge-triggered flip-flop clocked by clk)
Endpoint: q[1] (output port clocked by clk)
Path Group: clk
Path Type: max

Fanout         Cap        Slew       Delay        Time   Description
---------------------------------------------------------------------------------------------
                      0.150000    0.000000    0.000000   clock clk (rise edge)
                                  0.000000    0.000000   clock network delay (ideal)
                      0.150000    0.000000    0.000000 ^ _17_/CLK (gf180mcu_fd_sc_mcu7t5v0__dffq_1)
     4    0.087878    1.500343    1.506792    1.506792 ^ _17_/Q (gf180mcu_fd_sc_mcu7t5v0__dffq_1)
                                                         q[1] (net)
                      1.500343    0.000000    1.506792 ^ q[1] (out)
                                              1.506792   data arrival time

                      0.150000   50.000000   50.000000   clock clk (rise edge)
                                  0.000000   50.000000   clock network delay (ideal)
                                 -0.250000   49.749996   clock uncertainty
                                  0.000000   49.749996   clock reconvergence pessimism
                                -10.000000   39.749996   output external delay
                                             39.749996   data required time
---------------------------------------------------------------------------------------------
                                             39.749996   data required time
                                             -1.506792   data arrival time
---------------------------------------------------------------------------------------------
                                             38.243206   slack (MET)


Startpoint: _19_ (rising edge-triggered flip-flop clocked by clk)
Endpoint: q[3] (output port clocked by clk)
Path Group: clk
Path Type: max

Fanout         Cap        Slew       Delay        Time   Description
---------------------------------------------------------------------------------------------
                      0.150000    0.000000    0.000000   clock clk (rise edge)
                                  0.000000    0.000000   clock network delay (ideal)
                      0.150000    0.000000    0.000000 ^ _19_/CLK (gf180mcu_fd_sc_mcu7t5v0__dffq_1)
     2    0.079989    1.370534    1.433935    1.433935 ^ _19_/Q (gf180mcu_fd_sc_mcu7t5v0__dffq_1)
                                                         q[3] (net)
                      1.370534    0.000000    1.433935 ^ q[3] (out)
                                              1.433935   data arrival time

                      0.150000   50.000000   50.000000   clock clk (rise edge)
                                  0.000000   50.000000   clock network delay (ideal)
                                 -0.250000   49.749996   clock uncertainty
                                  0.000000   49.749996   clock reconvergence pessimism
                                -10.000000   39.749996   output external delay
                                             39.749996   data required time
---------------------------------------------------------------------------------------------
                                             39.749996   data required time
                                             -1.433935   data arrival time
---------------------------------------------------------------------------------------------
                                             38.316059   slack (MET)


Startpoint: _18_ (rising edge-triggered flip-flop clocked by clk)
Endpoint: q[2] (output port clocked by clk)
Path Group: clk
Path Type: max

Fanout         Cap        Slew       Delay        Time   Description
---------------------------------------------------------------------------------------------
                      0.150000    0.000000    0.000000   clock clk (rise edge)
                                  0.000000    0.000000   clock network delay (ideal)
                      0.150000    0.000000    0.000000 ^ _18_/CLK (gf180mcu_fd_sc_mcu7t5v0__dffq_1)
     3    0.079699    1.365762    1.431257    1.431257 ^ _18_/Q (gf180mcu_fd_sc_mcu7t5v0__dffq_1)
                                                         q[2] (net)
                      1.365762    0.000000    1.431257 ^ q[2] (out)
                                              1.431257   data arrival time

                      0.150000   50.000000   50.000000   clock clk (rise edge)
                                  0.000000   50.000000   clock network delay (ideal)
                                 -0.250000   49.749996   clock uncertainty
                                  0.000000   49.749996   clock reconvergence pessimism
                                -10.000000   39.749996   output external delay
                                             39.749996   data required time
---------------------------------------------------------------------------------------------
                                             39.749996   data required time
                                             -1.431257   data arrival time
---------------------------------------------------------------------------------------------
                                             38.318741   slack (MET)


Startpoint: rst (input port clocked by clk)
Endpoint: _16_ (rising edge-triggered flip-flop clocked by clk)
Path Group: clk
Path Type: max

Fanout         Cap        Slew       Delay        Time   Description
---------------------------------------------------------------------------------------------
                      0.150000    0.000000    0.000000   clock clk (rise edge)
                                  0.000000    0.000000   clock network delay (ideal)
                                 10.000000   10.000000 ^ input external delay
     4    0.017436    0.338233    0.166549   10.166550 ^ rst (in)
                                                         rst (net)
                      0.338233    0.000000   10.166550 ^ _13_/A2 (gf180mcu_fd_sc_mcu7t5v0__nor2_1)
     1    0.002389    0.339120    0.132522   10.299071 v _13_/ZN (gf180mcu_fd_sc_mcu7t5v0__nor2_1)
                                                         _02_ (net)
                      0.339120    0.000000   10.299071 v _16_/D (gf180mcu_fd_sc_mcu7t5v0__dffq_1)
                                             10.299071   data arrival time

                      0.150000   50.000000   50.000000   clock clk (rise edge)
                                  0.000000   50.000000   clock network delay (ideal)
                                 -0.250000   49.749996   clock uncertainty
                                  0.000000   49.749996   clock reconvergence pessimism
                                             49.749996 ^ _16_/CLK (gf180mcu_fd_sc_mcu7t5v0__dffq_1)
                                 -0.290921   49.459076   library setup time
                                             49.459076   data required time
---------------------------------------------------------------------------------------------
                                             49.459076   data required time
                                            -10.299071   data arrival time
---------------------------------------------------------------------------------------------
                                             39.160004   slack (MET)


Startpoint: rst (input port clocked by clk)
Endpoint: _18_ (rising edge-triggered flip-flop clocked by clk)
Path Group: clk
Path Type: max

Fanout         Cap        Slew       Delay        Time   Description
---------------------------------------------------------------------------------------------
                      0.150000    0.000000    0.000000   clock clk (rise edge)
                                  0.000000    0.000000   clock network delay (ideal)
                                 10.000000   10.000000 v input external delay
     4    0.017436    0.199658    0.104177   10.104177 v rst (in)
                                                         rst (net)
                      0.199658    0.000000   10.104177 v _10_/A1 (gf180mcu_fd_sc_mcu7t5v0__nor3_1)
     1    0.002389    0.365268    0.205515   10.309692 ^ _10_/ZN (gf180mcu_fd_sc_mcu7t5v0__nor3_1)
                                                         _00_ (net)
                      0.365268    0.000000   10.309692 ^ _18_/D (gf180mcu_fd_sc_mcu7t5v0__dffq_1)
                                             10.309692   data arrival time

                      0.150000   50.000000   50.000000   clock clk (rise edge)
                                  0.000000   50.000000   clock network delay (ideal)
                                 -0.250000   49.749996   clock uncertainty
                                  0.000000   49.749996   clock reconvergence pessimism
                                             49.749996 ^ _18_/CLK (gf180mcu_fd_sc_mcu7t5v0__dffq_1)
                                 -0.234283   49.515713   library setup time
                                             49.515713   data required time
---------------------------------------------------------------------------------------------
                                             49.515713   data required time
                                            -10.309692   data arrival time
---------------------------------------------------------------------------------------------
                                             39.206024   slack (MET)


Startpoint: rst (input port clocked by clk)
Endpoint: _17_ (rising edge-triggered flip-flop clocked by clk)
Path Group: clk
Path Type: max

Fanout         Cap        Slew       Delay        Time   Description
---------------------------------------------------------------------------------------------
                      0.150000    0.000000    0.000000   clock clk (rise edge)
                                  0.000000    0.000000   clock network delay (ideal)
                                 10.000000   10.000000 ^ input external delay
     4    0.017436    0.338233    0.166549   10.166550 ^ rst (in)
                                                         rst (net)
                      0.338233    0.000000   10.166550 ^ _15_/A1 (gf180mcu_fd_sc_mcu7t5v0__nor2_1)
     1    0.002389    0.184282    0.102120   10.268670 v _15_/ZN (gf180mcu_fd_sc_mcu7t5v0__nor2_1)
                                                         _03_ (net)
                      0.184282    0.000000   10.268670 v _17_/D (gf180mcu_fd_sc_mcu7t5v0__dffq_1)
                                             10.268670   data arrival time

                      0.150000   50.000000   50.000000   clock clk (rise edge)
                                  0.000000   50.000000   clock network delay (ideal)
                                 -0.250000   49.749996   clock uncertainty
                                  0.000000   49.749996   clock reconvergence pessimism
                                             49.749996 ^ _17_/CLK (gf180mcu_fd_sc_mcu7t5v0__dffq_1)
                                 -0.240631   49.509369   library setup time
                                             49.509369   data required time
---------------------------------------------------------------------------------------------
                                             49.509369   data required time
                                            -10.268670   data arrival time
---------------------------------------------------------------------------------------------
                                             39.240696   slack (MET)


Startpoint: rst (input port clocked by clk)
Endpoint: _19_ (rising edge-triggered flip-flop clocked by clk)
Path Group: clk
Path Type: max

Fanout         Cap        Slew       Delay        Time   Description
---------------------------------------------------------------------------------------------
                      0.150000    0.000000    0.000000   clock clk (rise edge)
                                  0.000000    0.000000   clock network delay (ideal)
                                 10.000000   10.000000 ^ input external delay
     4    0.017436    0.338233    0.166549   10.166550 ^ rst (in)
                                                         rst (net)
                      0.338233    0.000000   10.166550 ^ _12_/A1 (gf180mcu_fd_sc_mcu7t5v0__nor2_1)
     1    0.002389    0.178750    0.102120   10.268670 v _12_/ZN (gf180mcu_fd_sc_mcu7t5v0__nor2_1)
                                                         _01_ (net)
                      0.178750    0.000000   10.268670 v _19_/D (gf180mcu_fd_sc_mcu7t5v0__dffq_1)
                                             10.268670   data arrival time

                      0.150000   50.000000   50.000000   clock clk (rise edge)
                                  0.000000   50.000000   clock network delay (ideal)
                                 -0.250000   49.749996   clock uncertainty
                                  0.000000   49.749996   clock reconvergence pessimism
                                             49.749996 ^ _19_/CLK (gf180mcu_fd_sc_mcu7t5v0__dffq_1)
                                 -0.238856   49.511143   library setup time
                                             49.511143   data required time
---------------------------------------------------------------------------------------------
                                             49.511143   data required time
                                            -10.268670   data arrival time
---------------------------------------------------------------------------------------------
                                             39.242474   slack (MET)



%OL_END_REPORT
%OL_CREATE_REPORT checks.rpt

===========================================================================
report_checks -unconstrained
===========================================================================
======================= nom_tt_025C_5v00 Corner ===================================

Startpoint: _16_ (rising edge-triggered flip-flop clocked by clk)
Endpoint: q[0] (output port clocked by clk)
Path Group: clk
Path Type: max

Fanout         Cap        Slew       Delay        Time   Description
---------------------------------------------------------------------------------------------
                      0.150000    0.000000    0.000000   clock clk (rise edge)
                                  0.000000    0.000000   clock network delay (ideal)
                      0.150000    0.000000    0.000000 ^ _16_/CLK (gf180mcu_fd_sc_mcu7t5v0__dffq_1)
     5    0.092161    1.570817    1.546346    1.546346 ^ _16_/Q (gf180mcu_fd_sc_mcu7t5v0__dffq_1)
                                                         q[0] (net)
                      1.570817    0.000000    1.546346 ^ q[0] (out)
                                              1.546346   data arrival time

                      0.150000   50.000000   50.000000   clock clk (rise edge)
                                  0.000000   50.000000   clock network delay (ideal)
                                 -0.250000   49.749996   clock uncertainty
                                  0.000000   49.749996   clock reconvergence pessimism
                                -10.000000   39.749996   output external delay
                                             39.749996   data required time
---------------------------------------------------------------------------------------------
                                             39.749996   data required time
                                             -1.546346   data arrival time
---------------------------------------------------------------------------------------------
                                             38.203648   slack (MET)




===========================================================================
report_checks --slack_max -0.01
============================================================================
======================= nom_tt_025C_5v00 Corner ===================================

No paths found.


===========================================================================
 report_check_types -max_slew -max_cap -max_fanout -violators
============================================================================
======================= nom_tt_025C_5v00 Corner ===================================



===========================================================================
report_parasitic_annotation -report_unannotated
============================================================================
Found 14 unannotated drivers.
 clk
 rst
 _08_/ZN
 _09_/Z
 _10_/ZN
 _11_/ZN
 _12_/ZN
 _13_/ZN
 _14_/ZN
 _15_/ZN
 _16_/Q
 _17_/Q
 _18_/Q
 _19_/Q
Found 0 partially unannotated drivers.

===========================================================================
max slew violation count 0
%OL_METRIC_I design__max_slew_violation__count__corner:nom_tt_025C_5v00 0
max fanout violation count 0
%OL_METRIC_I design__max_fanout_violation__count__corner:nom_tt_025C_5v00 0
max cap violation count 0
%OL_METRIC_I design__max_cap_violation__count__corner:nom_tt_025C_5v00 0
============================================================================

===========================================================================
check_setup -verbose -unconstrained_endpoints -multiple_clock -no_clock -no_input_delay -loops -generated_clocks
===========================================================================
%OL_END_REPORT
%OL_CREATE_REPORT power.rpt

===========================================================================
 report_power
============================================================================
======================= nom_tt_025C_5v00 Corner ===================================

Group                    Internal    Switching      Leakage        Total
                            Power        Power        Power        Power (Watts)
------------------------------------------------------------------------
Sequential           4.347205e-05 1.025292e-05 1.593975e-09 5.372656e-05  91.8%
Combinational        3.878419e-06 9.120943e-07 8.813998e-10 4.791395e-06   8.2%
Clock                0.000000e+00 0.000000e+00 0.000000e+00 0.000000e+00   0.0%
Macro                0.000000e+00 0.000000e+00 0.000000e+00 0.000000e+00   0.0%
Pad                  0.000000e+00 0.000000e+00 0.000000e+00 0.000000e+00   0.0%
------------------------------------------------------------------------
Total                4.735047e-05 1.116501e-05 2.475375e-09 5.851795e-05 100.0%
                            80.9%        19.1%         0.0%
%OL_METRIC_F power__internal__total 4.735046604764648e-5
%OL_METRIC_F power__switching__total 1.1165011528646573e-5
%OL_METRIC_F power__leakage__total 2.475374571986322e-9
%OL_METRIC_F power__total 5.8517951401881874e-5

%OL_END_REPORT
%OL_CREATE_REPORT skew.min.rpt

===========================================================================
Clock Skew (Hold)
============================================================================
%OL_METRIC_F clock__skew__worst_hold__corner:nom_tt_025C_5v00 -0.25
======================= nom_tt_025C_5v00 Corner ===================================

Clock clk
0.033137 source latency _16_/CLK ^
-0.033137 target latency _16_/CLK ^
-0.250000 clock uncertainty
0.000000 CRPR
--------------
-0.250000 hold skew

%OL_END_REPORT
%OL_CREATE_REPORT skew.max.rpt

===========================================================================
Clock Skew (Setup)
============================================================================
%OL_METRIC_F clock__skew__worst_setup__corner:nom_tt_025C_5v00 0.25
======================= nom_tt_025C_5v00 Corner ===================================

Clock clk
0.033137 source latency _16_/CLK ^
-0.033137 target latency _16_/CLK ^
0.250000 clock uncertainty
0.000000 CRPR
--------------
0.250000 setup skew

%OL_END_REPORT
%OL_CREATE_REPORT ws.min.rpt

===========================================================================
Worst Slack (Hold)
============================================================================
%OL_METRIC_F timing__hold__ws__corner:nom_tt_025C_5v00 1.235586112841517
nom_tt_025C_5v00: 1.235586112841517
%OL_END_REPORT
%OL_CREATE_REPORT ws.max.rpt

===========================================================================
Worst Slack (Setup)
============================================================================
%OL_METRIC_F timing__setup__ws__corner:nom_tt_025C_5v00 38.20364932538961
nom_tt_025C_5v00: 38.20364932538961
%OL_END_REPORT
%OL_CREATE_REPORT tns.min.rpt

===========================================================================
Total Negative Slack (Hold)
============================================================================
%OL_METRIC_F timing__hold__tns__corner:nom_tt_025C_5v00 0.0
nom_tt_025C_5v00: 0.0
%OL_END_REPORT
%OL_CREATE_REPORT tns.max.rpt

===========================================================================
Total Negative Slack (Setup)
============================================================================
%OL_METRIC_F timing__setup__tns__corner:nom_tt_025C_5v00 0.0
nom_tt_025C_5v00: 0.0
%OL_END_REPORT
%OL_CREATE_REPORT wns.min.rpt

===========================================================================
Worst Negative Slack (Hold)
============================================================================
%OL_METRIC_F timing__hold__wns__corner:nom_tt_025C_5v00 0
nom_tt_025C_5v00: 0
%OL_END_REPORT
%OL_CREATE_REPORT wns.max.rpt

===========================================================================
Worst Negative Slack (Setup)
============================================================================
%OL_METRIC_F timing__setup__wns__corner:nom_tt_025C_5v00 0.0
nom_tt_025C_5v00: 0.0
%OL_END_REPORT
%OL_CREATE_REPORT violator_list.rpt

===========================================================================
Violator List
============================================================================
%OL_METRIC_I timing__hold_vio__count__corner:nom_tt_025C_5v00 0
%OL_METRIC_F timing__hold_r2r__ws__corner:nom_tt_025C_5v00 1.235586
%OL_METRIC_I timing__hold_r2r_vio__count__corner:nom_tt_025C_5v00 0
%OL_METRIC_I timing__setup_vio__count__corner:nom_tt_025C_5v00 0
%OL_METRIC_F timing__setup_r2r__ws__corner:nom_tt_025C_5v00 inf
%OL_METRIC_I timing__setup_r2r_vio__count__corner:nom_tt_025C_5v00 0
%OL_END_REPORT
%OL_CREATE_REPORT unpropagated.rpt
clk
%OL_END_REPORT
%OL_CREATE_REPORT clock.rpt
Clock: clk
Sources: clk 
Generated: no
Virtual: no
Propagated: no
Period: 50.000000

===========================================================================
report_clock_properties
============================================================================
Clock                   Period          Waveform
----------------------------------------------------
clk                  50.000000    0.000000 25.000000

===========================================================================
report_clock_latency
============================================================================
Clock clk
rise -> rise
    min     max
0.000000 0.000000 source latency
0.033137         network latency _16_/CLK
        0.033137 network latency _16_/CLK
---------------
0.033137 0.033137 latency
        0.000000 skew

fall -> fall
    min     max
0.000000 0.000000 source latency
0.019520         network latency _16_/CLK
        0.019520 network latency _16_/CLK
---------------
0.019520 0.019520 latency
        0.000000 skew



===========================================================================
report_clock_min_period
============================================================================
clk period_min = 0.00 fmax = inf
%OL_END_REPORT
Writing SDF files for all corners…
