
===========================================================================
report_checks -path_delay max (Setup)
============================================================================
======================= min_ff_n40C_5v50 Corner ===================================

Startpoint: result_radix_i[0] (input port clocked by clk)
Endpoint: result_ready_o (output port clocked by clk)
Path Group: clk
Path Type: max

Fanout         Cap        Slew       Delay        Time   Description
---------------------------------------------------------------------------------------------
                                  0.000000    0.000000   clock clk (rise edge)
                                  0.000000    0.000000   clock network delay (propagated)
                                  3.200000    3.200000 ^ input external delay
     2    0.008547    0.045646    0.015108    3.215108 ^ result_radix_i[0] (in)
                                                         result_radix_i[0] (net)
                      0.045646    0.000000    3.215108 ^ input120/I (gf180mcu_fd_sc_mcu7t5v0__dlyb_1)
     2    0.152245    1.644050    1.433369    4.648477 ^ input120/Z (gf180mcu_fd_sc_mcu7t5v0__dlyb_1)
                                                         net120 (net)
                      1.645025    0.022742    4.671219 ^ _111_/A3 (gf180mcu_fd_sc_mcu7t5v0__and4_1)
     1    0.005829    0.168267    0.374233    5.045452 ^ _111_/Z (gf180mcu_fd_sc_mcu7t5v0__and4_1)
                                                         _013_ (net)
                      0.168267    0.000111    5.045562 ^ _113_/A2 (gf180mcu_fd_sc_mcu7t5v0__oai211_1)
     4    0.021968    0.461148    0.247739    5.293301 v _113_/ZN (gf180mcu_fd_sc_mcu7t5v0__oai211_1)
                                                         _015_ (net)
                      0.461148    0.000172    5.293473 v _114_/A2 (gf180mcu_fd_sc_mcu7t5v0__nor2_1)
     4    0.017933    0.417108    0.330133    5.623607 ^ _114_/ZN (gf180mcu_fd_sc_mcu7t5v0__nor2_1)
                                                         _002_ (net)
                      0.417108    0.000163    5.623769 ^ _117_/A2 (gf180mcu_fd_sc_mcu7t5v0__and2_1)
     1    0.004922    0.103236    0.202887    5.826656 ^ _117_/Z (gf180mcu_fd_sc_mcu7t5v0__and2_1)
                                                         net135 (net)
                      0.103236    0.000095    5.826752 ^ output135/I (gf180mcu_fd_sc_mcu7t5v0__dlyb_1)
     1    0.021033    0.262563    0.628486    6.455238 ^ output135/Z (gf180mcu_fd_sc_mcu7t5v0__dlyb_1)
                                                         result_ready_o (net)
                      0.262563    0.000343    6.455581 ^ result_ready_o (out)
                                              6.455581   data arrival time

                                 16.000000   16.000000   clock clk (rise edge)
                                  0.000000   16.000000   clock network delay (propagated)
                                 -0.250000   15.750001   clock uncertainty
                                  0.000000   15.750001   clock reconvergence pessimism
                                 -3.200000   12.550000   output external delay
                                             12.550000   data required time
---------------------------------------------------------------------------------------------
                                             12.550000   data required time
                                             -6.455581   data arrival time
---------------------------------------------------------------------------------------------
                                              6.094420   slack (MET)


Startpoint: X2_i_i[10] (input port clocked by clk)
Endpoint: dout_o[2] (output port clocked by clk)
Path Group: clk
Path Type: max

Fanout         Cap        Slew       Delay        Time   Description
---------------------------------------------------------------------------------------------
                                  0.000000    0.000000   clock clk (rise edge)
                                  0.000000    0.000000   clock network delay (propagated)
                                  3.200000    3.200000 v input external delay
     2    0.011175    0.028619    0.010393    3.210393 v X2_i_i[10] (in)
                                                         X2_i_i[10] (net)
                      0.028620    0.000000    3.210393 v input66/I (gf180mcu_fd_sc_mcu7t5v0__dlyb_1)
     1    0.009522    0.157630    0.598988    3.809382 v input66/Z (gf180mcu_fd_sc_mcu7t5v0__dlyb_1)
                                                         net66 (net)
                      0.157630    0.000233    3.809614 v _157_/B2 (gf180mcu_fd_sc_mcu7t5v0__aoi22_1)
     1    0.006597    0.281462    0.226144    4.035758 ^ _157_/ZN (gf180mcu_fd_sc_mcu7t5v0__aoi22_1)
                                                         _053_ (net)
                      0.281462    0.000139    4.035897 ^ _161_/A1 (gf180mcu_fd_sc_mcu7t5v0__and4_2)
     4    0.091977    0.517842    0.527526    4.563423 ^ _161_/Z (gf180mcu_fd_sc_mcu7t5v0__and4_2)
                                                         _057_ (net)
                      0.519287    0.015403    4.578826 ^ _162_/A4 (gf180mcu_fd_sc_mcu7t5v0__nand4_1)
     1    0.006534    0.271116    0.131835    4.710660 v _162_/ZN (gf180mcu_fd_sc_mcu7t5v0__nand4_1)
                                                         net127 (net)
                      0.271116    0.000149    4.710809 v output127/I (gf180mcu_fd_sc_mcu7t5v0__dlyb_1)
     1    0.022435    0.231914    0.752257    5.463066 v output127/Z (gf180mcu_fd_sc_mcu7t5v0__dlyb_1)
                                                         dout_o[2] (net)
                      0.231914    0.000224    5.463290 v dout_o[2] (out)
                                              5.463290   data arrival time

                                 16.000000   16.000000   clock clk (rise edge)
                                  0.000000   16.000000   clock network delay (propagated)
                                 -0.250000   15.750001   clock uncertainty
                                  0.000000   15.750001   clock reconvergence pessimism
                                 -3.200000   12.550000   output external delay
                                             12.550000   data required time
---------------------------------------------------------------------------------------------
                                             12.550000   data required time
                                             -5.463290   data arrival time
---------------------------------------------------------------------------------------------
                                              7.086710   slack (MET)


Startpoint: X2_i_i[15] (input port clocked by clk)
Endpoint: dout_o[7] (output port clocked by clk)
Path Group: clk
Path Type: max

Fanout         Cap        Slew       Delay        Time   Description
---------------------------------------------------------------------------------------------
                                  0.000000    0.000000   clock clk (rise edge)
                                  0.000000    0.000000   clock network delay (propagated)
                                  3.200000    3.200000 v input external delay
     2    0.012706    0.031238    0.012038    3.212038 v X2_i_i[15] (in)
                                                         X2_i_i[15] (net)
                      0.031240    0.000000    3.212038 v input71/I (gf180mcu_fd_sc_mcu7t5v0__dlyb_1)
     1    0.018768    0.211078    0.651869    3.863907 v input71/Z (gf180mcu_fd_sc_mcu7t5v0__dlyb_1)
                                                         net71 (net)
                      0.211078    0.000848    3.864754 v _200_/B2 (gf180mcu_fd_sc_mcu7t5v0__aoi22_1)
     1    0.008739    0.354464    0.257510    4.122265 ^ _200_/ZN (gf180mcu_fd_sc_mcu7t5v0__aoi22_1)
                                                         _091_ (net)
                      0.354464    0.000283    4.122548 ^ _204_/A2 (gf180mcu_fd_sc_mcu7t5v0__and4_1)
     1    0.010043    0.176014    0.350073    4.472621 ^ _204_/Z (gf180mcu_fd_sc_mcu7t5v0__and4_1)
                                                         _095_ (net)
                      0.176014    0.000252    4.472873 ^ _206_/A2 (gf180mcu_fd_sc_mcu7t5v0__nand3_1)
     1    0.008239    0.199311    0.127728    4.600601 v _206_/ZN (gf180mcu_fd_sc_mcu7t5v0__nand3_1)
                                                         net132 (net)
                      0.199311    0.000330    4.600931 v output132/I (gf180mcu_fd_sc_mcu7t5v0__dlyb_1)
     1    0.028851    0.267189    0.756225    5.357156 v output132/Z (gf180mcu_fd_sc_mcu7t5v0__dlyb_1)
                                                         dout_o[7] (net)
                      0.267200    0.000998    5.358154 v dout_o[7] (out)
                                              5.358154   data arrival time

                                 16.000000   16.000000   clock clk (rise edge)
                                  0.000000   16.000000   clock network delay (propagated)
                                 -0.250000   15.750001   clock uncertainty
                                  0.000000   15.750001   clock reconvergence pessimism
                                 -3.200000   12.550000   output external delay
                                             12.550000   data required time
---------------------------------------------------------------------------------------------
                                             12.550000   data required time
                                             -5.358154   data arrival time
---------------------------------------------------------------------------------------------
                                              7.191846   slack (MET)


Startpoint: X0_i_i[12] (input port clocked by clk)
Endpoint: dout_o[4] (output port clocked by clk)
Path Group: clk
Path Type: max

Fanout         Cap        Slew       Delay        Time   Description
---------------------------------------------------------------------------------------------
                                  0.000000    0.000000   clock clk (rise edge)
                                  0.000000    0.000000   clock network delay (propagated)
                                  3.200000    3.200000 v input external delay
     2    0.015427    0.035806    0.015039    3.215039 v X0_i_i[12] (in)
                                                         X0_i_i[12] (net)
                      0.035812    0.000000    3.215039 v input4/I (gf180mcu_fd_sc_mcu7t5v0__dlyb_1)
     1    0.014925    0.188267    0.631018    3.846057 v input4/Z (gf180mcu_fd_sc_mcu7t5v0__dlyb_1)
                                                         net4 (net)
                      0.188267    0.000590    3.846647 v _176_/B2 (gf180mcu_fd_sc_mcu7t5v0__aoi22_1)
     1    0.008503    0.366373    0.251296    4.097943 ^ _176_/ZN (gf180mcu_fd_sc_mcu7t5v0__aoi22_1)
                                                         _070_ (net)
                      0.366373    0.000212    4.098155 ^ _179_/A2 (gf180mcu_fd_sc_mcu7t5v0__and4_1)
     1    0.010825    0.183400    0.356865    4.455020 ^ _179_/Z (gf180mcu_fd_sc_mcu7t5v0__and4_1)
                                                         _073_ (net)
                      0.183400    0.000376    4.455396 ^ _180_/A4 (gf180mcu_fd_sc_mcu7t5v0__nand4_1)
     1    0.005205    0.237189    0.131255    4.586651 v _180_/ZN (gf180mcu_fd_sc_mcu7t5v0__nand4_1)
                                                         net129 (net)
                      0.237189    0.000107    4.586758 v output129/I (gf180mcu_fd_sc_mcu7t5v0__dlyb_1)
     1    0.027003    0.257037    0.761375    5.348134 v output129/Z (gf180mcu_fd_sc_mcu7t5v0__dlyb_1)
                                                         dout_o[4] (net)
                      0.257037    0.000665    5.348799 v dout_o[4] (out)
                                              5.348799   data arrival time

                                 16.000000   16.000000   clock clk (rise edge)
                                  0.000000   16.000000   clock network delay (propagated)
                                 -0.250000   15.750001   clock uncertainty
                                  0.000000   15.750001   clock reconvergence pessimism
                                 -3.200000   12.550000   output external delay
                                             12.550000   data required time
---------------------------------------------------------------------------------------------
                                             12.550000   data required time
                                             -5.348799   data arrival time
---------------------------------------------------------------------------------------------
                                              7.201201   slack (MET)


Startpoint: X1_i_i[13] (input port clocked by clk)
Endpoint: dout_o[5] (output port clocked by clk)
Path Group: clk
Path Type: max

Fanout         Cap        Slew       Delay        Time   Description
---------------------------------------------------------------------------------------------
                                  0.000000    0.000000   clock clk (rise edge)
                                  0.000000    0.000000   clock network delay (propagated)
                                  3.200000    3.200000 v input external delay
     2    0.018304    0.040843    0.017939    3.217938 v X1_i_i[13] (in)
                                                         X1_i_i[13] (net)
                      0.040847    0.000000    3.217938 v input37/I (gf180mcu_fd_sc_mcu7t5v0__dlyb_1)
     1    0.018944    0.212418    0.655131    3.873070 v input37/Z (gf180mcu_fd_sc_mcu7t5v0__dlyb_1)
                                                         net37 (net)
                      0.212418    0.000756    3.873826 v _185_/B2 (gf180mcu_fd_sc_mcu7t5v0__aoi22_1)
     1    0.005496    0.319657    0.224011    4.097836 ^ _185_/ZN (gf180mcu_fd_sc_mcu7t5v0__aoi22_1)
                                                         _078_ (net)
                      0.319657    0.000113    4.097949 ^ _188_/A2 (gf180mcu_fd_sc_mcu7t5v0__and4_1)
     1    0.007749    0.153107    0.329428    4.427377 ^ _188_/Z (gf180mcu_fd_sc_mcu7t5v0__and4_1)
                                                         _081_ (net)
                      0.153107    0.000177    4.427554 ^ _189_/A4 (gf180mcu_fd_sc_mcu7t5v0__nand4_1)
     1    0.007214    0.253483    0.150062    4.577616 v _189_/ZN (gf180mcu_fd_sc_mcu7t5v0__nand4_1)
                                                         net130 (net)
                      0.253483    0.000163    4.577780 v output130/I (gf180mcu_fd_sc_mcu7t5v0__dlyb_1)
     1    0.027474    0.259637    0.769563    5.347342 v output130/Z (gf180mcu_fd_sc_mcu7t5v0__dlyb_1)
                                                         dout_o[5] (net)
                      0.259637    0.000729    5.348072 v dout_o[5] (out)
                                              5.348072   data arrival time

                                 16.000000   16.000000   clock clk (rise edge)
                                  0.000000   16.000000   clock network delay (propagated)
                                 -0.250000   15.750001   clock uncertainty
                                  0.000000   15.750001   clock reconvergence pessimism
                                 -3.200000   12.550000   output external delay
                                             12.550000   data required time
---------------------------------------------------------------------------------------------
                                             12.550000   data required time
                                             -5.348072   data arrival time
---------------------------------------------------------------------------------------------
                                              7.201929   slack (MET)


Startpoint: X2_q_i[11] (input port clocked by clk)
Endpoint: dout_o[3] (output port clocked by clk)
Path Group: clk
Path Type: max

Fanout         Cap        Slew       Delay        Time   Description
---------------------------------------------------------------------------------------------
                                  0.000000    0.000000   clock clk (rise edge)
                                  0.000000    0.000000   clock network delay (propagated)
                                  3.200000    3.200000 v input external delay
     2    0.011096    0.028454    0.010361    3.210361 v X2_q_i[11] (in)
                                                         X2_q_i[11] (net)
                      0.028455    0.000000    3.210361 v input83/I (gf180mcu_fd_sc_mcu7t5v0__dlyb_1)
     1    0.012393    0.173858    0.615246    3.825606 v input83/Z (gf180mcu_fd_sc_mcu7t5v0__dlyb_1)
                                                         net83 (net)
                      0.173858    0.000347    3.825953 v _169_/B2 (gf180mcu_fd_sc_mcu7t5v0__aoi22_1)
     1    0.008943    0.323919    0.253515    4.079468 ^ _169_/ZN (gf180mcu_fd_sc_mcu7t5v0__aoi22_1)
                                                         _064_ (net)
                      0.323919    0.000296    4.079764 ^ _170_/A4 (gf180mcu_fd_sc_mcu7t5v0__and4_1)
     1    0.009526    0.170300    0.330458    4.410223 ^ _170_/Z (gf180mcu_fd_sc_mcu7t5v0__and4_1)
                                                         _065_ (net)
                      0.170300    0.000237    4.410460 ^ _171_/A4 (gf180mcu_fd_sc_mcu7t5v0__nand4_1)
     1    0.009440    0.281222    0.169479    4.579938 v _171_/ZN (gf180mcu_fd_sc_mcu7t5v0__nand4_1)
                                                         net128 (net)
                      0.281222    0.000310    4.580249 v output128/I (gf180mcu_fd_sc_mcu7t5v0__dlyb_1)
     1    0.024652    0.244103    0.766370    5.346619 v output128/Z (gf180mcu_fd_sc_mcu7t5v0__dlyb_1)
                                                         dout_o[3] (net)
                      0.244103    0.000539    5.347158 v dout_o[3] (out)
                                              5.347158   data arrival time

                                 16.000000   16.000000   clock clk (rise edge)
                                  0.000000   16.000000   clock network delay (propagated)
                                 -0.250000   15.750001   clock uncertainty
                                  0.000000   15.750001   clock reconvergence pessimism
                                 -3.200000   12.550000   output external delay
                                             12.550000   data required time
---------------------------------------------------------------------------------------------
                                             12.550000   data required time
                                             -5.347158   data arrival time
---------------------------------------------------------------------------------------------
                                              7.202843   slack (MET)


Startpoint: X1_i_i[8] (input port clocked by clk)
Endpoint: dout_o[0] (output port clocked by clk)
Path Group: clk
Path Type: max

Fanout         Cap        Slew       Delay        Time   Description
---------------------------------------------------------------------------------------------
                                  0.000000    0.000000   clock clk (rise edge)
                                  0.000000    0.000000   clock network delay (propagated)
                                  3.200000    3.200000 v input external delay
     2    0.011428    0.029025    0.010719    3.210719 v X1_i_i[8] (in)
                                                         X1_i_i[8] (net)
                      0.029026    0.000000    3.210719 v input47/I (gf180mcu_fd_sc_mcu7t5v0__dlyb_1)
     1    0.012010    0.171694    0.613197    3.823915 v input47/Z (gf180mcu_fd_sc_mcu7t5v0__dlyb_1)
                                                         net47 (net)
                      0.171694    0.000338    3.824254 v _139_/B2 (gf180mcu_fd_sc_mcu7t5v0__aoi22_1)
     1    0.009699    0.337445    0.261130    4.085384 ^ _139_/ZN (gf180mcu_fd_sc_mcu7t5v0__aoi22_1)
                                                         _037_ (net)
                      0.337445    0.000257    4.085640 ^ _143_/A1 (gf180mcu_fd_sc_mcu7t5v0__and4_1)
     1    0.007784    0.153865    0.335047    4.420687 ^ _143_/Z (gf180mcu_fd_sc_mcu7t5v0__and4_1)
                                                         _041_ (net)
                      0.153865    0.000173    4.420860 ^ _144_/A4 (gf180mcu_fd_sc_mcu7t5v0__nand4_1)
     1    0.007368    0.274092    0.151401    4.572261 v _144_/ZN (gf180mcu_fd_sc_mcu7t5v0__nand4_1)
                                                         net125 (net)
                      0.274092    0.000230    4.572491 v output125/I (gf180mcu_fd_sc_mcu7t5v0__dlyb_1)
     1    0.021467    0.226581    0.748750    5.321241 v output125/Z (gf180mcu_fd_sc_mcu7t5v0__dlyb_1)
                                                         dout_o[0] (net)
                      0.226581    0.000160    5.321401 v dout_o[0] (out)
                                              5.321401   data arrival time

                                 16.000000   16.000000   clock clk (rise edge)
                                  0.000000   16.000000   clock network delay (propagated)
                                 -0.250000   15.750001   clock uncertainty
                                  0.000000   15.750001   clock reconvergence pessimism
                                 -3.200000   12.550000   output external delay
                                             12.550000   data required time
---------------------------------------------------------------------------------------------
                                             12.550000   data required time
                                             -5.321401   data arrival time
---------------------------------------------------------------------------------------------
                                              7.228599   slack (MET)


Startpoint: result_addr2_i[6] (input port clocked by clk)
Endpoint: dout_o[6] (output port clocked by clk)
Path Group: clk
Path Type: max

Fanout         Cap        Slew       Delay        Time   Description
---------------------------------------------------------------------------------------------
                                  0.000000    0.000000   clock clk (rise edge)
                                  0.000000    0.000000   clock network delay (propagated)
                                  3.200000    3.200000 v input external delay
     2    0.012738    0.031287    0.012035    3.212035 v result_addr2_i[6] (in)
                                                         result_addr2_i[6] (net)
                      0.031288    0.000000    3.212035 v input118/I (gf180mcu_fd_sc_mcu7t5v0__dlyb_1)
     1    0.013723    0.181420    0.623372    3.835406 v input118/Z (gf180mcu_fd_sc_mcu7t5v0__dlyb_1)
                                                         net118 (net)
                      0.181420    0.000415    3.835821 v _194_/B2 (gf180mcu_fd_sc_mcu7t5v0__aoi22_1)
     1    0.003433    0.226773    0.197056    4.032877 ^ _194_/ZN (gf180mcu_fd_sc_mcu7t5v0__aoi22_1)
                                                         _086_ (net)
                      0.226773    0.000032    4.032909 ^ _197_/A2 (gf180mcu_fd_sc_mcu7t5v0__and4_1)
     1    0.006070    0.135991    0.303964    4.336873 ^ _197_/Z (gf180mcu_fd_sc_mcu7t5v0__and4_1)
                                                         _089_ (net)
                      0.135991    0.000123    4.336996 ^ _198_/A4 (gf180mcu_fd_sc_mcu7t5v0__nand4_1)
     1    0.006185    0.240022    0.141286    4.478282 v _198_/ZN (gf180mcu_fd_sc_mcu7t5v0__nand4_1)
                                                         net131 (net)
                      0.240022    0.000139    4.478421 v output131/I (gf180mcu_fd_sc_mcu7t5v0__dlyb_1)
     1    0.025814    0.250497    0.756791    5.235212 v output131/Z (gf180mcu_fd_sc_mcu7t5v0__dlyb_1)
                                                         dout_o[6] (net)
                      0.250497    0.000568    5.235780 v dout_o[6] (out)
                                              5.235780   data arrival time

                                 16.000000   16.000000   clock clk (rise edge)
                                  0.000000   16.000000   clock network delay (propagated)
                                 -0.250000   15.750001   clock uncertainty
                                  0.000000   15.750001   clock reconvergence pessimism
                                 -3.200000   12.550000   output external delay
                                             12.550000   data required time
---------------------------------------------------------------------------------------------
                                             12.550000   data required time
                                             -5.235780   data arrival time
---------------------------------------------------------------------------------------------
                                              7.314220   slack (MET)


Startpoint: X1_i_i[9] (input port clocked by clk)
Endpoint: dout_o[1] (output port clocked by clk)
Path Group: clk
Path Type: max

Fanout         Cap        Slew       Delay        Time   Description
---------------------------------------------------------------------------------------------
                                  0.000000    0.000000   clock clk (rise edge)
                                  0.000000    0.000000   clock network delay (propagated)
                                  3.200000    3.200000 v input external delay
     2    0.009104    0.025038    0.008239    3.208239 v X1_i_i[9] (in)
                                                         X1_i_i[9] (net)
                      0.025038    0.000000    3.208239 v input48/I (gf180mcu_fd_sc_mcu7t5v0__dlyb_1)
     1    0.009884    0.159652    0.600317    3.808556 v input48/Z (gf180mcu_fd_sc_mcu7t5v0__dlyb_1)
                                                         net48 (net)
                      0.159652    0.000246    3.808802 v _149_/B2 (gf180mcu_fd_sc_mcu7t5v0__aoi22_1)
     1    0.008263    0.311443    0.244023    4.052825 ^ _149_/ZN (gf180mcu_fd_sc_mcu7t5v0__aoi22_1)
                                                         _046_ (net)
                      0.311443    0.000273    4.053098 ^ _152_/A2 (gf180mcu_fd_sc_mcu7t5v0__and4_1)
     1    0.005295    0.129722    0.308910    4.362008 ^ _152_/Z (gf180mcu_fd_sc_mcu7t5v0__and4_1)
                                                         _049_ (net)
                      0.129722    0.000149    4.362157 ^ _153_/A4 (gf180mcu_fd_sc_mcu7t5v0__nand4_1)
     1    0.003988    0.227491    0.121542    4.483699 v _153_/ZN (gf180mcu_fd_sc_mcu7t5v0__nand4_1)
                                                         net126 (net)
                      0.227491    0.000075    4.483774 v output126/I (gf180mcu_fd_sc_mcu7t5v0__dlyb_1)
     1    0.024724    0.244494    0.747003    5.230777 v output126/Z (gf180mcu_fd_sc_mcu7t5v0__dlyb_1)
                                                         dout_o[1] (net)
                      0.244494    0.000536    5.231314 v dout_o[1] (out)
                                              5.231314   data arrival time

                                 16.000000   16.000000   clock clk (rise edge)
                                  0.000000   16.000000   clock network delay (propagated)
                                 -0.250000   15.750001   clock uncertainty
                                  0.000000   15.750001   clock reconvergence pessimism
                                 -3.200000   12.550000   output external delay
                                             12.550000   data required time
---------------------------------------------------------------------------------------------
                                             12.550000   data required time
                                             -5.231314   data arrival time
---------------------------------------------------------------------------------------------
                                              7.318687   slack (MET)


Startpoint: result_radix_i[0] (input port clocked by clk)
Endpoint: _225_ (rising edge-triggered flip-flop clocked by clk)
Path Group: clk
Path Type: max

Fanout         Cap        Slew       Delay        Time   Description
---------------------------------------------------------------------------------------------
                                  0.000000    0.000000   clock clk (rise edge)
                                  0.000000    0.000000   clock network delay (propagated)
                                  3.200000    3.200000 ^ input external delay
     2    0.008547    0.045646    0.015108    3.215108 ^ result_radix_i[0] (in)
                                                         result_radix_i[0] (net)
                      0.045646    0.000000    3.215108 ^ input120/I (gf180mcu_fd_sc_mcu7t5v0__dlyb_1)
     2    0.152245    1.644050    1.433369    4.648477 ^ input120/Z (gf180mcu_fd_sc_mcu7t5v0__dlyb_1)
                                                         net120 (net)
                      1.645025    0.022742    4.671219 ^ _111_/A3 (gf180mcu_fd_sc_mcu7t5v0__and4_1)
     1    0.005829    0.168267    0.374233    5.045452 ^ _111_/Z (gf180mcu_fd_sc_mcu7t5v0__and4_1)
                                                         _013_ (net)
                      0.168267    0.000111    5.045562 ^ _113_/A2 (gf180mcu_fd_sc_mcu7t5v0__oai211_1)
     4    0.021968    0.461148    0.247739    5.293301 v _113_/ZN (gf180mcu_fd_sc_mcu7t5v0__oai211_1)
                                                         _015_ (net)
                      0.461148    0.000172    5.293473 v _114_/A2 (gf180mcu_fd_sc_mcu7t5v0__nor2_1)
     4    0.017933    0.417108    0.330133    5.623607 ^ _114_/ZN (gf180mcu_fd_sc_mcu7t5v0__nor2_1)
                                                         _002_ (net)
                      0.417108    0.000124    5.623731 ^ _118_/A2 (gf180mcu_fd_sc_mcu7t5v0__and2_1)
     1    0.005914    0.112488    0.209538    5.833268 ^ _118_/Z (gf180mcu_fd_sc_mcu7t5v0__and2_1)
                                                         _001_ (net)
                      0.112488    0.000128    5.833396 ^ _225_/D (gf180mcu_fd_sc_mcu7t5v0__dffrnq_1)
                                              5.833396   data arrival time

                                 16.000000   16.000000   clock clk (rise edge)
                                  0.000000   16.000000   clock source latency
     2    0.028980    0.000000    0.000000   16.000000 ^ clk (in)
                                                         clk (net)
                      0.000493    0.000201   16.000200 ^ clkbuf_0_clk/I (gf180mcu_fd_sc_mcu7t5v0__clkbuf_16)
     2    0.049215    0.073744    0.146159   16.146358 ^ clkbuf_0_clk/Z (gf180mcu_fd_sc_mcu7t5v0__clkbuf_16)
                                                         clknet_0_clk (net)
                      0.073746    0.000622   16.146980 ^ clkbuf_1_0__f_clk/I (gf180mcu_fd_sc_mcu7t5v0__clkbuf_16)
     4    0.019524    0.056095    0.144782   16.291763 ^ clkbuf_1_0__f_clk/Z (gf180mcu_fd_sc_mcu7t5v0__clkbuf_16)
                                                         clknet_1_0__leaf_clk (net)
                      0.056095    0.000314   16.292078 ^ _225_/CLK (gf180mcu_fd_sc_mcu7t5v0__dffrnq_1)
                                 -0.250000   16.042078   clock uncertainty
                                  0.000000   16.042078   clock reconvergence pessimism
                                 -0.196159   15.845919   library setup time
                                             15.845919   data required time
---------------------------------------------------------------------------------------------
                                             15.845919   data required time
                                             -5.833396   data arrival time
---------------------------------------------------------------------------------------------
                                             10.012523   slack (MET)


Startpoint: result_radix_i[0] (input port clocked by clk)
Endpoint: _221_ (rising edge-triggered flip-flop clocked by clk)
Path Group: clk
Path Type: max

Fanout         Cap        Slew       Delay        Time   Description
---------------------------------------------------------------------------------------------
                                  0.000000    0.000000   clock clk (rise edge)
                                  0.000000    0.000000   clock network delay (propagated)
                                  3.200000    3.200000 ^ input external delay
     2    0.008547    0.045646    0.015108    3.215108 ^ result_radix_i[0] (in)
                                                         result_radix_i[0] (net)
                      0.045646    0.000000    3.215108 ^ input120/I (gf180mcu_fd_sc_mcu7t5v0__dlyb_1)
     2    0.152245    1.644050    1.433369    4.648477 ^ input120/Z (gf180mcu_fd_sc_mcu7t5v0__dlyb_1)
                                                         net120 (net)
                      1.645025    0.022742    4.671219 ^ _111_/A3 (gf180mcu_fd_sc_mcu7t5v0__and4_1)
     1    0.005829    0.168267    0.374233    5.045452 ^ _111_/Z (gf180mcu_fd_sc_mcu7t5v0__and4_1)
                                                         _013_ (net)
                      0.168267    0.000111    5.045562 ^ _113_/A2 (gf180mcu_fd_sc_mcu7t5v0__oai211_1)
     4    0.021968    0.461148    0.247739    5.293301 v _113_/ZN (gf180mcu_fd_sc_mcu7t5v0__oai211_1)
                                                         _015_ (net)
                      0.461148    0.000270    5.293571 v _213_/A2 (gf180mcu_fd_sc_mcu7t5v0__aoi21_1)
     2    0.012872    0.374619    0.340441    5.634012 ^ _213_/ZN (gf180mcu_fd_sc_mcu7t5v0__aoi21_1)
                                                         _101_ (net)
                      0.374619    0.000235    5.634246 ^ _216_/C (gf180mcu_fd_sc_mcu7t5v0__aoi211_1)
     1    0.005182    0.314689    0.188998    5.823244 v _216_/ZN (gf180mcu_fd_sc_mcu7t5v0__aoi211_1)
                                                         _005_ (net)
                      0.314689    0.000104    5.823348 v _221_/D (gf180mcu_fd_sc_mcu7t5v0__dffrnq_1)
                                              5.823348   data arrival time

                                 16.000000   16.000000   clock clk (rise edge)
                                  0.000000   16.000000   clock source latency
     2    0.028980    0.000000    0.000000   16.000000 ^ clk (in)
                                                         clk (net)
                      0.000493    0.000201   16.000200 ^ clkbuf_0_clk/I (gf180mcu_fd_sc_mcu7t5v0__clkbuf_16)
     2    0.049215    0.073744    0.146159   16.146358 ^ clkbuf_0_clk/Z (gf180mcu_fd_sc_mcu7t5v0__clkbuf_16)
                                                         clknet_0_clk (net)
                      0.073745    0.000258   16.146618 ^ clkbuf_1_1__f_clk/I (gf180mcu_fd_sc_mcu7t5v0__clkbuf_16)
     4    0.021489    0.057270    0.145850   16.292467 ^ clkbuf_1_1__f_clk/Z (gf180mcu_fd_sc_mcu7t5v0__clkbuf_16)
                                                         clknet_1_1__leaf_clk (net)
                      0.057271    0.000510   16.292976 ^ _221_/CLK (gf180mcu_fd_sc_mcu7t5v0__dffrnq_1)
                                 -0.250000   16.042976   clock uncertainty
                                  0.000000   16.042976   clock reconvergence pessimism
                                 -0.154982   15.887996   library setup time
                                             15.887996   data required time
---------------------------------------------------------------------------------------------
                                             15.887996   data required time
                                             -5.823348   data arrival time
---------------------------------------------------------------------------------------------
                                             10.064647   slack (MET)


Startpoint: result_radix_i[0] (input port clocked by clk)
Endpoint: _224_ (rising edge-triggered flip-flop clocked by clk)
Path Group: clk
Path Type: max

Fanout         Cap        Slew       Delay        Time   Description
---------------------------------------------------------------------------------------------
                                  0.000000    0.000000   clock clk (rise edge)
                                  0.000000    0.000000   clock network delay (propagated)
                                  3.200000    3.200000 ^ input external delay
     2    0.008547    0.045646    0.015108    3.215108 ^ result_radix_i[0] (in)
                                                         result_radix_i[0] (net)
                      0.045646    0.000000    3.215108 ^ input120/I (gf180mcu_fd_sc_mcu7t5v0__dlyb_1)
     2    0.152245    1.644050    1.433369    4.648477 ^ input120/Z (gf180mcu_fd_sc_mcu7t5v0__dlyb_1)
                                                         net120 (net)
                      1.645025    0.022742    4.671219 ^ _111_/A3 (gf180mcu_fd_sc_mcu7t5v0__and4_1)
     1    0.005829    0.168267    0.374233    5.045452 ^ _111_/Z (gf180mcu_fd_sc_mcu7t5v0__and4_1)
                                                         _013_ (net)
                      0.168267    0.000111    5.045562 ^ _113_/A2 (gf180mcu_fd_sc_mcu7t5v0__oai211_1)
     4    0.021968    0.461148    0.247739    5.293301 v _113_/ZN (gf180mcu_fd_sc_mcu7t5v0__oai211_1)
                                                         _015_ (net)
                      0.461148    0.000172    5.293473 v _114_/A2 (gf180mcu_fd_sc_mcu7t5v0__nor2_1)
     4    0.017933    0.417108    0.330133    5.623607 ^ _114_/ZN (gf180mcu_fd_sc_mcu7t5v0__nor2_1)
                                                         _002_ (net)
                      0.417108    0.000205    5.623811 ^ _224_/D (gf180mcu_fd_sc_mcu7t5v0__dffrnq_1)
                                              5.623811   data arrival time

                                 16.000000   16.000000   clock clk (rise edge)
                                  0.000000   16.000000   clock source latency
     2    0.028980    0.000000    0.000000   16.000000 ^ clk (in)
                                                         clk (net)
                      0.000493    0.000201   16.000200 ^ clkbuf_0_clk/I (gf180mcu_fd_sc_mcu7t5v0__clkbuf_16)
     2    0.049215    0.073744    0.146159   16.146358 ^ clkbuf_0_clk/Z (gf180mcu_fd_sc_mcu7t5v0__clkbuf_16)
                                                         clknet_0_clk (net)
                      0.073746    0.000622   16.146980 ^ clkbuf_1_0__f_clk/I (gf180mcu_fd_sc_mcu7t5v0__clkbuf_16)
     4    0.019524    0.056095    0.144782   16.291763 ^ clkbuf_1_0__f_clk/Z (gf180mcu_fd_sc_mcu7t5v0__clkbuf_16)
                                                         clknet_1_0__leaf_clk (net)
                      0.056095    0.000446   16.292210 ^ _224_/CLK (gf180mcu_fd_sc_mcu7t5v0__dffrnq_1)
                                 -0.250000   16.042210   clock uncertainty
                                  0.000000   16.042210   clock reconvergence pessimism
                                 -0.244655   15.797554   library setup time
                                             15.797554   data required time
---------------------------------------------------------------------------------------------
                                             15.797554   data required time
                                             -5.623811   data arrival time
---------------------------------------------------------------------------------------------
                                             10.173743   slack (MET)


Startpoint: result_radix_i[0] (input port clocked by clk)
Endpoint: _223_ (rising edge-triggered flip-flop clocked by clk)
Path Group: clk
Path Type: max

Fanout         Cap        Slew       Delay        Time   Description
---------------------------------------------------------------------------------------------
                                  0.000000    0.000000   clock clk (rise edge)
                                  0.000000    0.000000   clock network delay (propagated)
                                  3.200000    3.200000 ^ input external delay
     2    0.008547    0.045646    0.015108    3.215108 ^ result_radix_i[0] (in)
                                                         result_radix_i[0] (net)
                      0.045646    0.000000    3.215108 ^ input120/I (gf180mcu_fd_sc_mcu7t5v0__dlyb_1)
     2    0.152245    1.644050    1.433369    4.648477 ^ input120/Z (gf180mcu_fd_sc_mcu7t5v0__dlyb_1)
                                                         net120 (net)
                      1.645025    0.022742    4.671219 ^ _111_/A3 (gf180mcu_fd_sc_mcu7t5v0__and4_1)
     1    0.005829    0.168267    0.374233    5.045452 ^ _111_/Z (gf180mcu_fd_sc_mcu7t5v0__and4_1)
                                                         _013_ (net)
                      0.168267    0.000111    5.045562 ^ _113_/A2 (gf180mcu_fd_sc_mcu7t5v0__oai211_1)
     4    0.021968    0.461148    0.247739    5.293301 v _113_/ZN (gf180mcu_fd_sc_mcu7t5v0__oai211_1)
                                                         _015_ (net)
                      0.461148    0.000172    5.293473 v _114_/A2 (gf180mcu_fd_sc_mcu7t5v0__nor2_1)
     4    0.017933    0.417108    0.330133    5.623607 ^ _114_/ZN (gf180mcu_fd_sc_mcu7t5v0__nor2_1)
                                                         _002_ (net)
                      0.417108    0.000225    5.623832 ^ _116_/A1 (gf180mcu_fd_sc_mcu7t5v0__nor2_1)
     1    0.004245    0.231091    0.081814    5.705646 v _116_/ZN (gf180mcu_fd_sc_mcu7t5v0__nor2_1)
                                                         _000_ (net)
                      0.231091    0.000082    5.705727 v _223_/D (gf180mcu_fd_sc_mcu7t5v0__dffrnq_1)
                                              5.705727   data arrival time

                                 16.000000   16.000000   clock clk (rise edge)
                                  0.000000   16.000000   clock source latency
     2    0.028980    0.000000    0.000000   16.000000 ^ clk (in)
                                                         clk (net)
                      0.000493    0.000201   16.000200 ^ clkbuf_0_clk/I (gf180mcu_fd_sc_mcu7t5v0__clkbuf_16)
     2    0.049215    0.073744    0.146159   16.146358 ^ clkbuf_0_clk/Z (gf180mcu_fd_sc_mcu7t5v0__clkbuf_16)
                                                         clknet_0_clk (net)
                      0.073746    0.000622   16.146980 ^ clkbuf_1_0__f_clk/I (gf180mcu_fd_sc_mcu7t5v0__clkbuf_16)
     4    0.019524    0.056095    0.144782   16.291763 ^ clkbuf_1_0__f_clk/Z (gf180mcu_fd_sc_mcu7t5v0__clkbuf_16)
                                                         clknet_1_0__leaf_clk (net)
                      0.056095    0.000423   16.292187 ^ _223_/CLK (gf180mcu_fd_sc_mcu7t5v0__dffrnq_1)
                                 -0.250000   16.042187   clock uncertainty
                                  0.000000   16.042187   clock reconvergence pessimism
                                 -0.132637   15.909550   library setup time
                                             15.909550   data required time
---------------------------------------------------------------------------------------------
                                             15.909550   data required time
                                             -5.705727   data arrival time
---------------------------------------------------------------------------------------------
                                             10.203822   slack (MET)


Startpoint: result_radix_i[0] (input port clocked by clk)
Endpoint: _222_ (rising edge-triggered flip-flop clocked by clk)
Path Group: clk
Path Type: max

Fanout         Cap        Slew       Delay        Time   Description
---------------------------------------------------------------------------------------------
                                  0.000000    0.000000   clock clk (rise edge)
                                  0.000000    0.000000   clock network delay (propagated)
                                  3.200000    3.200000 ^ input external delay
     2    0.008547    0.045646    0.015108    3.215108 ^ result_radix_i[0] (in)
                                                         result_radix_i[0] (net)
                      0.045646    0.000000    3.215108 ^ input120/I (gf180mcu_fd_sc_mcu7t5v0__dlyb_1)
     2    0.152245    1.644050    1.433369    4.648477 ^ input120/Z (gf180mcu_fd_sc_mcu7t5v0__dlyb_1)
                                                         net120 (net)
                      1.645025    0.022742    4.671219 ^ _111_/A3 (gf180mcu_fd_sc_mcu7t5v0__and4_1)
     1    0.005829    0.168267    0.374233    5.045452 ^ _111_/Z (gf180mcu_fd_sc_mcu7t5v0__and4_1)
                                                         _013_ (net)
                      0.168267    0.000111    5.045562 ^ _113_/A2 (gf180mcu_fd_sc_mcu7t5v0__oai211_1)
     4    0.021968    0.461148    0.247739    5.293301 v _113_/ZN (gf180mcu_fd_sc_mcu7t5v0__oai211_1)
                                                         _015_ (net)
                      0.461148    0.000270    5.293571 v _213_/A2 (gf180mcu_fd_sc_mcu7t5v0__aoi21_1)
     2    0.012872    0.374619    0.340441    5.634012 ^ _213_/ZN (gf180mcu_fd_sc_mcu7t5v0__aoi21_1)
                                                         _101_ (net)
                      0.374619    0.000334    5.634346 ^ _218_/A1 (gf180mcu_fd_sc_mcu7t5v0__nor2_1)
     1    0.004950    0.143405    0.088885    5.723231 v _218_/ZN (gf180mcu_fd_sc_mcu7t5v0__nor2_1)
                                                         _006_ (net)
                      0.143405    0.000099    5.723331 v _222_/D (gf180mcu_fd_sc_mcu7t5v0__dffrnq_1)
                                              5.723331   data arrival time

                                 16.000000   16.000000   clock clk (rise edge)
                                  0.000000   16.000000   clock source latency
     2    0.028980    0.000000    0.000000   16.000000 ^ clk (in)
                                                         clk (net)
                      0.000493    0.000201   16.000200 ^ clkbuf_0_clk/I (gf180mcu_fd_sc_mcu7t5v0__clkbuf_16)
     2    0.049215    0.073744    0.146159   16.146358 ^ clkbuf_0_clk/Z (gf180mcu_fd_sc_mcu7t5v0__clkbuf_16)
                                                         clknet_0_clk (net)
                      0.073745    0.000258   16.146618 ^ clkbuf_1_1__f_clk/I (gf180mcu_fd_sc_mcu7t5v0__clkbuf_16)
     4    0.021489    0.057270    0.145850   16.292467 ^ clkbuf_1_1__f_clk/Z (gf180mcu_fd_sc_mcu7t5v0__clkbuf_16)
                                                         clknet_1_1__leaf_clk (net)
                      0.057271    0.000476   16.292942 ^ _222_/CLK (gf180mcu_fd_sc_mcu7t5v0__dffrnq_1)
                                 -0.250000   16.042944   clock uncertainty
                                  0.000000   16.042944   clock reconvergence pessimism
                                 -0.108068   15.934875   library setup time
                                             15.934875   data required time
---------------------------------------------------------------------------------------------
                                             15.934875   data required time
                                             -5.723331   data arrival time
---------------------------------------------------------------------------------------------
                                             10.211544   slack (MET)


Startpoint: result_radix_i[0] (input port clocked by clk)
Endpoint: _219_ (rising edge-triggered flip-flop clocked by clk)
Path Group: clk
Path Type: max

Fanout         Cap        Slew       Delay        Time   Description
---------------------------------------------------------------------------------------------
                                  0.000000    0.000000   clock clk (rise edge)
                                  0.000000    0.000000   clock network delay (propagated)
                                  3.200000    3.200000 ^ input external delay
     2    0.008547    0.045646    0.015108    3.215108 ^ result_radix_i[0] (in)
                                                         result_radix_i[0] (net)
                      0.045646    0.000000    3.215108 ^ input120/I (gf180mcu_fd_sc_mcu7t5v0__dlyb_1)
     2    0.152245    1.644050    1.433369    4.648477 ^ input120/Z (gf180mcu_fd_sc_mcu7t5v0__dlyb_1)
                                                         net120 (net)
                      1.645025    0.022742    4.671219 ^ _111_/A3 (gf180mcu_fd_sc_mcu7t5v0__and4_1)
     1    0.005829    0.168267    0.374233    5.045452 ^ _111_/Z (gf180mcu_fd_sc_mcu7t5v0__and4_1)
                                                         _013_ (net)
                      0.168267    0.000111    5.045562 ^ _113_/A2 (gf180mcu_fd_sc_mcu7t5v0__oai211_1)
     4    0.021968    0.461148    0.247739    5.293301 v _113_/ZN (gf180mcu_fd_sc_mcu7t5v0__oai211_1)
                                                         _015_ (net)
                      0.461148    0.000260    5.293561 v _208_/A2 (gf180mcu_fd_sc_mcu7t5v0__nand2_1)
     1    0.005699    0.198592    0.206725    5.500286 ^ _208_/ZN (gf180mcu_fd_sc_mcu7t5v0__nand2_1)
                                                         _098_ (net)
                      0.198592    0.000110    5.500396 ^ _209_/A2 (gf180mcu_fd_sc_mcu7t5v0__aoi21_1)
     1    0.007190    0.230432    0.093255    5.593651 v _209_/ZN (gf180mcu_fd_sc_mcu7t5v0__aoi21_1)
                                                         _003_ (net)
                      0.230432    0.000171    5.593821 v _219_/D (gf180mcu_fd_sc_mcu7t5v0__dffrnq_1)
                                              5.593821   data arrival time

                                 16.000000   16.000000   clock clk (rise edge)
                                  0.000000   16.000000   clock source latency
     2    0.028980    0.000000    0.000000   16.000000 ^ clk (in)
                                                         clk (net)
                      0.000493    0.000201   16.000200 ^ clkbuf_0_clk/I (gf180mcu_fd_sc_mcu7t5v0__clkbuf_16)
     2    0.049215    0.073744    0.146159   16.146358 ^ clkbuf_0_clk/Z (gf180mcu_fd_sc_mcu7t5v0__clkbuf_16)
                                                         clknet_0_clk (net)
                      0.073745    0.000258   16.146618 ^ clkbuf_1_1__f_clk/I (gf180mcu_fd_sc_mcu7t5v0__clkbuf_16)
     4    0.021489    0.057270    0.145850   16.292467 ^ clkbuf_1_1__f_clk/Z (gf180mcu_fd_sc_mcu7t5v0__clkbuf_16)
                                                         clknet_1_1__leaf_clk (net)
                      0.057270    0.000425   16.292891 ^ _219_/CLK (gf180mcu_fd_sc_mcu7t5v0__dffrnq_1)
                                 -0.250000   16.042892   clock uncertainty
                                  0.000000   16.042892   clock reconvergence pessimism
                                 -0.132304   15.910589   library setup time
                                             15.910589   data required time
---------------------------------------------------------------------------------------------
                                             15.910589   data required time
                                             -5.593821   data arrival time
---------------------------------------------------------------------------------------------
                                             10.316769   slack (MET)


Startpoint: result_radix_i[0] (input port clocked by clk)
Endpoint: _220_ (rising edge-triggered flip-flop clocked by clk)
Path Group: clk
Path Type: max

Fanout         Cap        Slew       Delay        Time   Description
---------------------------------------------------------------------------------------------
                                  0.000000    0.000000   clock clk (rise edge)
                                  0.000000    0.000000   clock network delay (propagated)
                                  3.200000    3.200000 ^ input external delay
     2    0.008547    0.045646    0.015108    3.215108 ^ result_radix_i[0] (in)
                                                         result_radix_i[0] (net)
                      0.045646    0.000000    3.215108 ^ input120/I (gf180mcu_fd_sc_mcu7t5v0__dlyb_1)
     2    0.152245    1.644050    1.433369    4.648477 ^ input120/Z (gf180mcu_fd_sc_mcu7t5v0__dlyb_1)
                                                         net120 (net)
                      1.645025    0.022742    4.671219 ^ _111_/A3 (gf180mcu_fd_sc_mcu7t5v0__and4_1)
     1    0.005829    0.168267    0.374233    5.045452 ^ _111_/Z (gf180mcu_fd_sc_mcu7t5v0__and4_1)
                                                         _013_ (net)
                      0.168267    0.000111    5.045562 ^ _113_/A2 (gf180mcu_fd_sc_mcu7t5v0__oai211_1)
     4    0.021968    0.461148    0.247739    5.293301 v _113_/ZN (gf180mcu_fd_sc_mcu7t5v0__oai211_1)
                                                         _015_ (net)
                      0.461148    0.000155    5.293457 v _211_/A3 (gf180mcu_fd_sc_mcu7t5v0__nand3_1)
     1    0.005174    0.241293    0.242059    5.535516 ^ _211_/ZN (gf180mcu_fd_sc_mcu7t5v0__nand3_1)
                                                         _100_ (net)
                      0.241293    0.000096    5.535612 ^ _212_/A2 (gf180mcu_fd_sc_mcu7t5v0__nand2_1)
     1    0.005038    0.110263    0.078010    5.613622 v _212_/ZN (gf180mcu_fd_sc_mcu7t5v0__nand2_1)
                                                         _004_ (net)
                      0.110263    0.000102    5.613724 v _220_/D (gf180mcu_fd_sc_mcu7t5v0__dffrnq_1)
                                              5.613724   data arrival time

                                 16.000000   16.000000   clock clk (rise edge)
                                  0.000000   16.000000   clock source latency
     2    0.028980    0.000000    0.000000   16.000000 ^ clk (in)
                                                         clk (net)
                      0.000493    0.000201   16.000200 ^ clkbuf_0_clk/I (gf180mcu_fd_sc_mcu7t5v0__clkbuf_16)
     2    0.049215    0.073744    0.146159   16.146358 ^ clkbuf_0_clk/Z (gf180mcu_fd_sc_mcu7t5v0__clkbuf_16)
                                                         clknet_0_clk (net)
                      0.073746    0.000622   16.146980 ^ clkbuf_1_0__f_clk/I (gf180mcu_fd_sc_mcu7t5v0__clkbuf_16)
     4    0.019524    0.056095    0.144782   16.291763 ^ clkbuf_1_0__f_clk/Z (gf180mcu_fd_sc_mcu7t5v0__clkbuf_16)
                                                         clknet_1_0__leaf_clk (net)
                      0.056095    0.000453   16.292215 ^ _220_/CLK (gf180mcu_fd_sc_mcu7t5v0__dffrnq_1)
                                 -0.250000   16.042217   clock uncertainty
                                  0.000000   16.042217   clock reconvergence pessimism
                                 -0.099023   15.943193   library setup time
                                             15.943193   data required time
---------------------------------------------------------------------------------------------
                                             15.943193   data required time
                                             -5.613724   data arrival time
---------------------------------------------------------------------------------------------
                                             10.329470   slack (MET)


Startpoint: _223_ (rising edge-triggered flip-flop clocked by clk)
Endpoint: dout_valid_o (output port clocked by clk)
Path Group: clk
Path Type: max

Fanout         Cap        Slew       Delay        Time   Description
---------------------------------------------------------------------------------------------
                                  0.000000    0.000000   clock clk (rise edge)
                                  0.000000    0.000000   clock source latency
     2    0.028980    0.000000    0.000000    0.000000 ^ clk (in)
                                                         clk (net)
                      0.000493    0.000202    0.000202 ^ clkbuf_0_clk/I (gf180mcu_fd_sc_mcu7t5v0__clkbuf_16)
     2    0.049215    0.073744    0.146158    0.146360 ^ clkbuf_0_clk/Z (gf180mcu_fd_sc_mcu7t5v0__clkbuf_16)
                                                         clknet_0_clk (net)
                      0.073746    0.000622    0.146982 ^ clkbuf_1_0__f_clk/I (gf180mcu_fd_sc_mcu7t5v0__clkbuf_16)
     4    0.019524    0.056095    0.144782    0.291763 ^ clkbuf_1_0__f_clk/Z (gf180mcu_fd_sc_mcu7t5v0__clkbuf_16)
                                                         clknet_1_0__leaf_clk (net)
                      0.056095    0.000423    0.292187 ^ _223_/CLK (gf180mcu_fd_sc_mcu7t5v0__dffrnq_1)
     7    0.036689    0.426706    0.735999    1.028185 ^ _223_/Q (gf180mcu_fd_sc_mcu7t5v0__dffrnq_1)
                                                         net124 (net)
                      0.426714    0.001077    1.029262 ^ _226_/I (gf180mcu_fd_sc_mcu7t5v0__buf_1)
     1    0.004132    0.087924    0.165822    1.195084 ^ _226_/Z (gf180mcu_fd_sc_mcu7t5v0__buf_1)
                                                         net133 (net)
                      0.087924    0.000043    1.195127 ^ output133/I (gf180mcu_fd_sc_mcu7t5v0__dlyb_1)
     1    0.020671    0.258929    0.624301    1.819428 ^ output133/Z (gf180mcu_fd_sc_mcu7t5v0__dlyb_1)
                                                         dout_valid_o (net)
                      0.258929    0.000124    1.819552 ^ dout_valid_o (out)
                                              1.819552   data arrival time

                                 16.000000   16.000000   clock clk (rise edge)
                                  0.000000   16.000000   clock network delay (propagated)
                                 -0.250000   15.750001   clock uncertainty
                                  0.000000   15.750001   clock reconvergence pessimism
                                 -3.200000   12.550000   output external delay
                                             12.550000   data required time
---------------------------------------------------------------------------------------------
                                             12.550000   data required time
                                             -1.819552   data arrival time
---------------------------------------------------------------------------------------------
                                             10.730448   slack (MET)


Startpoint: _223_ (rising edge-triggered flip-flop clocked by clk)
Endpoint: busy_o (output port clocked by clk)
Path Group: clk
Path Type: max

Fanout         Cap        Slew       Delay        Time   Description
---------------------------------------------------------------------------------------------
                                  0.000000    0.000000   clock clk (rise edge)
                                  0.000000    0.000000   clock source latency
     2    0.028980    0.000000    0.000000    0.000000 ^ clk (in)
                                                         clk (net)
                      0.000493    0.000202    0.000202 ^ clkbuf_0_clk/I (gf180mcu_fd_sc_mcu7t5v0__clkbuf_16)
     2    0.049215    0.073744    0.146158    0.146360 ^ clkbuf_0_clk/Z (gf180mcu_fd_sc_mcu7t5v0__clkbuf_16)
                                                         clknet_0_clk (net)
                      0.073746    0.000622    0.146982 ^ clkbuf_1_0__f_clk/I (gf180mcu_fd_sc_mcu7t5v0__clkbuf_16)
     4    0.019524    0.056095    0.144782    0.291763 ^ clkbuf_1_0__f_clk/Z (gf180mcu_fd_sc_mcu7t5v0__clkbuf_16)
                                                         clknet_1_0__leaf_clk (net)
                      0.056095    0.000423    0.292187 ^ _223_/CLK (gf180mcu_fd_sc_mcu7t5v0__dffrnq_1)
     7    0.036689    0.426706    0.735999    1.028185 ^ _223_/Q (gf180mcu_fd_sc_mcu7t5v0__dffrnq_1)
                                                         net124 (net)
                      0.426708    0.000561    1.028746 ^ output124/I (gf180mcu_fd_sc_mcu7t5v0__dlyb_1)
     1    0.021115    0.263037    0.642261    1.671007 ^ output124/Z (gf180mcu_fd_sc_mcu7t5v0__dlyb_1)
                                                         busy_o (net)
                      0.263037    0.000346    1.671353 ^ busy_o (out)
                                              1.671353   data arrival time

                                 16.000000   16.000000   clock clk (rise edge)
                                  0.000000   16.000000   clock network delay (propagated)
                                 -0.250000   15.750001   clock uncertainty
                                  0.000000   15.750001   clock reconvergence pessimism
                                 -3.200000   12.550000   output external delay
                                             12.550000   data required time
---------------------------------------------------------------------------------------------
                                             12.550000   data required time
                                             -1.671353   data arrival time
---------------------------------------------------------------------------------------------
                                             10.878648   slack (MET)


Startpoint: _224_ (rising edge-triggered flip-flop clocked by clk)
Endpoint: transaction_done_o (output port clocked by clk)
Path Group: clk
Path Type: max

Fanout         Cap        Slew       Delay        Time   Description
---------------------------------------------------------------------------------------------
                                  0.000000    0.000000   clock clk (rise edge)
                                  0.000000    0.000000   clock source latency
     2    0.028980    0.000000    0.000000    0.000000 ^ clk (in)
                                                         clk (net)
                      0.000493    0.000202    0.000202 ^ clkbuf_0_clk/I (gf180mcu_fd_sc_mcu7t5v0__clkbuf_16)
     2    0.049215    0.073744    0.146158    0.146360 ^ clkbuf_0_clk/Z (gf180mcu_fd_sc_mcu7t5v0__clkbuf_16)
                                                         clknet_0_clk (net)
                      0.073746    0.000622    0.146982 ^ clkbuf_1_0__f_clk/I (gf180mcu_fd_sc_mcu7t5v0__clkbuf_16)
     4    0.019524    0.056095    0.144782    0.291763 ^ clkbuf_1_0__f_clk/Z (gf180mcu_fd_sc_mcu7t5v0__clkbuf_16)
                                                         clknet_1_0__leaf_clk (net)
                      0.056095    0.000446    0.292209 ^ _224_/CLK (gf180mcu_fd_sc_mcu7t5v0__dffrnq_1)
     1    0.015134    0.208773    0.600948    0.893157 ^ _224_/Q (gf180mcu_fd_sc_mcu7t5v0__dffrnq_1)
                                                         net136 (net)
                      0.208773    0.000521    0.893678 ^ output136/I (gf180mcu_fd_sc_mcu7t5v0__dlyb_1)
     1    0.029878    0.353722    0.692082    1.585760 ^ output136/Z (gf180mcu_fd_sc_mcu7t5v0__dlyb_1)
                                                         transaction_done_o (net)
                      0.353728    0.000813    1.586574 ^ transaction_done_o (out)
                                              1.586574   data arrival time

                                 16.000000   16.000000   clock clk (rise edge)
                                  0.000000   16.000000   clock network delay (propagated)
                                 -0.250000   15.750001   clock uncertainty
                                  0.000000   15.750001   clock reconvergence pessimism
                                 -3.200000   12.550000   output external delay
                                             12.550000   data required time
---------------------------------------------------------------------------------------------
                                             12.550000   data required time
                                             -1.586574   data arrival time
---------------------------------------------------------------------------------------------
                                             10.963427   slack (MET)


Startpoint: _225_ (rising edge-triggered flip-flop clocked by clk)
Endpoint: job_done_o (output port clocked by clk)
Path Group: clk
Path Type: max

Fanout         Cap        Slew       Delay        Time   Description
---------------------------------------------------------------------------------------------
                                  0.000000    0.000000   clock clk (rise edge)
                                  0.000000    0.000000   clock source latency
     2    0.028980    0.000000    0.000000    0.000000 ^ clk (in)
                                                         clk (net)
                      0.000493    0.000202    0.000202 ^ clkbuf_0_clk/I (gf180mcu_fd_sc_mcu7t5v0__clkbuf_16)
     2    0.049215    0.073744    0.146158    0.146360 ^ clkbuf_0_clk/Z (gf180mcu_fd_sc_mcu7t5v0__clkbuf_16)
                                                         clknet_0_clk (net)
                      0.073746    0.000622    0.146982 ^ clkbuf_1_0__f_clk/I (gf180mcu_fd_sc_mcu7t5v0__clkbuf_16)
     4    0.019524    0.056095    0.144782    0.291763 ^ clkbuf_1_0__f_clk/Z (gf180mcu_fd_sc_mcu7t5v0__clkbuf_16)
                                                         clknet_1_0__leaf_clk (net)
                      0.056095    0.000314    0.292077 ^ _225_/CLK (gf180mcu_fd_sc_mcu7t5v0__dffrnq_1)
     1    0.013998    0.197621    0.593621    0.885698 ^ _225_/Q (gf180mcu_fd_sc_mcu7t5v0__dffrnq_1)
                                                         net134 (net)
                      0.197621    0.000586    0.886284 ^ output134/I (gf180mcu_fd_sc_mcu7t5v0__dlyb_1)
     1    0.028035    0.334697    0.679775    1.566059 ^ output134/Z (gf180mcu_fd_sc_mcu7t5v0__dlyb_1)
                                                         job_done_o (net)
                      0.334701    0.000721    1.566780 ^ job_done_o (out)
                                              1.566780   data arrival time

                                 16.000000   16.000000   clock clk (rise edge)
                                  0.000000   16.000000   clock network delay (propagated)
                                 -0.250000   15.750001   clock uncertainty
                                  0.000000   15.750001   clock reconvergence pessimism
                                 -3.200000   12.550000   output external delay
                                             12.550000   data required time
---------------------------------------------------------------------------------------------
                                             12.550000   data required time
                                             -1.566780   data arrival time
---------------------------------------------------------------------------------------------
                                             10.983221   slack (MET)


Startpoint: rst_n (input port clocked by clk)
Endpoint: _225_ (recovery check against rising-edge clock clk)
Path Group: asynchronous
Path Type: max

Fanout         Cap        Slew       Delay        Time   Description
---------------------------------------------------------------------------------------------
                                  0.000000    0.000000   clock clk (rise edge)
                                  0.000000    0.000000   clock network delay (propagated)
                                  3.200000    3.200000 ^ input external delay
     2    0.006273    0.039251    0.011123    3.211123 ^ rst_n (in)
                                                         rst_n (net)
                      0.039251    0.000000    3.211123 ^ input123/I (gf180mcu_fd_sc_mcu7t5v0__dlyb_1)
     7    0.064038    0.713960    0.886417    4.097540 ^ input123/Z (gf180mcu_fd_sc_mcu7t5v0__dlyb_1)
                                                         net123 (net)
                      0.713965    0.001040    4.098579 ^ _225_/RN (gf180mcu_fd_sc_mcu7t5v0__dffrnq_1)
                                              4.098579   data arrival time

                                 16.000000   16.000000   clock clk (rise edge)
                                  0.000000   16.000000   clock source latency
     2    0.028980    0.000000    0.000000   16.000000 ^ clk (in)
                                                         clk (net)
                      0.000493    0.000201   16.000200 ^ clkbuf_0_clk/I (gf180mcu_fd_sc_mcu7t5v0__clkbuf_16)
     2    0.049215    0.073744    0.146159   16.146358 ^ clkbuf_0_clk/Z (gf180mcu_fd_sc_mcu7t5v0__clkbuf_16)
                                                         clknet_0_clk (net)
                      0.073746    0.000622   16.146980 ^ clkbuf_1_0__f_clk/I (gf180mcu_fd_sc_mcu7t5v0__clkbuf_16)
     4    0.019524    0.056095    0.144782   16.291763 ^ clkbuf_1_0__f_clk/Z (gf180mcu_fd_sc_mcu7t5v0__clkbuf_16)
                                                         clknet_1_0__leaf_clk (net)
                      0.056095    0.000314   16.292078 ^ _225_/CLK (gf180mcu_fd_sc_mcu7t5v0__dffrnq_1)
                                 -0.250000   16.042078   clock uncertainty
                                  0.000000   16.042078   clock reconvergence pessimism
                                 -0.027221   16.014858   library recovery time
                                             16.014858   data required time
---------------------------------------------------------------------------------------------
                                             16.014858   data required time
                                             -4.098579   data arrival time
---------------------------------------------------------------------------------------------
                                             11.916278   slack (MET)


Startpoint: rst_n (input port clocked by clk)
Endpoint: _223_ (recovery check against rising-edge clock clk)
Path Group: asynchronous
Path Type: max

Fanout         Cap        Slew       Delay        Time   Description
---------------------------------------------------------------------------------------------
                                  0.000000    0.000000   clock clk (rise edge)
                                  0.000000    0.000000   clock network delay (propagated)
                                  3.200000    3.200000 ^ input external delay
     2    0.006273    0.039251    0.011123    3.211123 ^ rst_n (in)
                                                         rst_n (net)
                      0.039251    0.000000    3.211123 ^ input123/I (gf180mcu_fd_sc_mcu7t5v0__dlyb_1)
     7    0.064038    0.713960    0.886417    4.097540 ^ input123/Z (gf180mcu_fd_sc_mcu7t5v0__dlyb_1)
                                                         net123 (net)
                      0.713965    0.001111    4.098650 ^ _223_/RN (gf180mcu_fd_sc_mcu7t5v0__dffrnq_1)
                                              4.098650   data arrival time

                                 16.000000   16.000000   clock clk (rise edge)
                                  0.000000   16.000000   clock source latency
     2    0.028980    0.000000    0.000000   16.000000 ^ clk (in)
                                                         clk (net)
                      0.000493    0.000201   16.000200 ^ clkbuf_0_clk/I (gf180mcu_fd_sc_mcu7t5v0__clkbuf_16)
     2    0.049215    0.073744    0.146159   16.146358 ^ clkbuf_0_clk/Z (gf180mcu_fd_sc_mcu7t5v0__clkbuf_16)
                                                         clknet_0_clk (net)
                      0.073746    0.000622   16.146980 ^ clkbuf_1_0__f_clk/I (gf180mcu_fd_sc_mcu7t5v0__clkbuf_16)
     4    0.019524    0.056095    0.144782   16.291763 ^ clkbuf_1_0__f_clk/Z (gf180mcu_fd_sc_mcu7t5v0__clkbuf_16)
                                                         clknet_1_0__leaf_clk (net)
                      0.056095    0.000423   16.292187 ^ _223_/CLK (gf180mcu_fd_sc_mcu7t5v0__dffrnq_1)
                                 -0.250000   16.042187   clock uncertainty
                                  0.000000   16.042187   clock reconvergence pessimism
                                 -0.027221   16.014965   library recovery time
                                             16.014965   data required time
---------------------------------------------------------------------------------------------
                                             16.014965   data required time
                                             -4.098650   data arrival time
---------------------------------------------------------------------------------------------
                                             11.916315   slack (MET)


Startpoint: rst_n (input port clocked by clk)
Endpoint: _224_ (recovery check against rising-edge clock clk)
Path Group: asynchronous
Path Type: max

Fanout         Cap        Slew       Delay        Time   Description
---------------------------------------------------------------------------------------------
                                  0.000000    0.000000   clock clk (rise edge)
                                  0.000000    0.000000   clock network delay (propagated)
                                  3.200000    3.200000 ^ input external delay
     2    0.006273    0.039251    0.011123    3.211123 ^ rst_n (in)
                                                         rst_n (net)
                      0.039251    0.000000    3.211123 ^ input123/I (gf180mcu_fd_sc_mcu7t5v0__dlyb_1)
     7    0.064038    0.713960    0.886417    4.097540 ^ input123/Z (gf180mcu_fd_sc_mcu7t5v0__dlyb_1)
                                                         net123 (net)
                      0.713966    0.001144    4.098684 ^ _224_/RN (gf180mcu_fd_sc_mcu7t5v0__dffrnq_1)
                                              4.098684   data arrival time

                                 16.000000   16.000000   clock clk (rise edge)
                                  0.000000   16.000000   clock source latency
     2    0.028980    0.000000    0.000000   16.000000 ^ clk (in)
                                                         clk (net)
                      0.000493    0.000201   16.000200 ^ clkbuf_0_clk/I (gf180mcu_fd_sc_mcu7t5v0__clkbuf_16)
     2    0.049215    0.073744    0.146159   16.146358 ^ clkbuf_0_clk/Z (gf180mcu_fd_sc_mcu7t5v0__clkbuf_16)
                                                         clknet_0_clk (net)
                      0.073746    0.000622   16.146980 ^ clkbuf_1_0__f_clk/I (gf180mcu_fd_sc_mcu7t5v0__clkbuf_16)
     4    0.019524    0.056095    0.144782   16.291763 ^ clkbuf_1_0__f_clk/Z (gf180mcu_fd_sc_mcu7t5v0__clkbuf_16)
                                                         clknet_1_0__leaf_clk (net)
                      0.056095    0.000446   16.292210 ^ _224_/CLK (gf180mcu_fd_sc_mcu7t5v0__dffrnq_1)
                                 -0.250000   16.042210   clock uncertainty
                                  0.000000   16.042210   clock reconvergence pessimism
                                 -0.027221   16.014990   library recovery time
                                             16.014990   data required time
---------------------------------------------------------------------------------------------
                                             16.014990   data required time
                                             -4.098684   data arrival time
---------------------------------------------------------------------------------------------
                                             11.916305   slack (MET)


Startpoint: rst_n (input port clocked by clk)
Endpoint: _220_ (recovery check against rising-edge clock clk)
Path Group: asynchronous
Path Type: max

Fanout         Cap        Slew       Delay        Time   Description
---------------------------------------------------------------------------------------------
                                  0.000000    0.000000   clock clk (rise edge)
                                  0.000000    0.000000   clock network delay (propagated)
                                  3.200000    3.200000 ^ input external delay
     2    0.006273    0.039251    0.011123    3.211123 ^ rst_n (in)
                                                         rst_n (net)
                      0.039251    0.000000    3.211123 ^ input123/I (gf180mcu_fd_sc_mcu7t5v0__dlyb_1)
     7    0.064038    0.713960    0.886417    4.097540 ^ input123/Z (gf180mcu_fd_sc_mcu7t5v0__dlyb_1)
                                                         net123 (net)
                      0.713965    0.001130    4.098670 ^ _220_/RN (gf180mcu_fd_sc_mcu7t5v0__dffrnq_1)
                                              4.098670   data arrival time

                                 16.000000   16.000000   clock clk (rise edge)
                                  0.000000   16.000000   clock source latency
     2    0.028980    0.000000    0.000000   16.000000 ^ clk (in)
                                                         clk (net)
                      0.000493    0.000201   16.000200 ^ clkbuf_0_clk/I (gf180mcu_fd_sc_mcu7t5v0__clkbuf_16)
     2    0.049215    0.073744    0.146159   16.146358 ^ clkbuf_0_clk/Z (gf180mcu_fd_sc_mcu7t5v0__clkbuf_16)
                                                         clknet_0_clk (net)
                      0.073746    0.000622   16.146980 ^ clkbuf_1_0__f_clk/I (gf180mcu_fd_sc_mcu7t5v0__clkbuf_16)
     4    0.019524    0.056095    0.144782   16.291763 ^ clkbuf_1_0__f_clk/Z (gf180mcu_fd_sc_mcu7t5v0__clkbuf_16)
                                                         clknet_1_0__leaf_clk (net)
                      0.056095    0.000453   16.292215 ^ _220_/CLK (gf180mcu_fd_sc_mcu7t5v0__dffrnq_1)
                                 -0.250000   16.042217   clock uncertainty
                                  0.000000   16.042217   clock reconvergence pessimism
                                 -0.027221   16.014996   library recovery time
                                             16.014996   data required time
---------------------------------------------------------------------------------------------
                                             16.014996   data required time
                                             -4.098670   data arrival time
---------------------------------------------------------------------------------------------
                                             11.916326   slack (MET)


Startpoint: rst_n (input port clocked by clk)
Endpoint: _221_ (recovery check against rising-edge clock clk)
Path Group: asynchronous
Path Type: max

Fanout         Cap        Slew       Delay        Time   Description
---------------------------------------------------------------------------------------------
                                  0.000000    0.000000   clock clk (rise edge)
                                  0.000000    0.000000   clock network delay (propagated)
                                  3.200000    3.200000 ^ input external delay
     2    0.006273    0.039251    0.011123    3.211123 ^ rst_n (in)
                                                         rst_n (net)
                      0.039251    0.000000    3.211123 ^ input123/I (gf180mcu_fd_sc_mcu7t5v0__dlyb_1)
     7    0.064038    0.713960    0.886417    4.097540 ^ input123/Z (gf180mcu_fd_sc_mcu7t5v0__dlyb_1)
                                                         net123 (net)
                      0.713966    0.001143    4.098682 ^ _221_/RN (gf180mcu_fd_sc_mcu7t5v0__dffrnq_1)
                                              4.098682   data arrival time

                                 16.000000   16.000000   clock clk (rise edge)
                                  0.000000   16.000000   clock source latency
     2    0.028980    0.000000    0.000000   16.000000 ^ clk (in)
                                                         clk (net)
                      0.000493    0.000201   16.000200 ^ clkbuf_0_clk/I (gf180mcu_fd_sc_mcu7t5v0__clkbuf_16)
     2    0.049215    0.073744    0.146159   16.146358 ^ clkbuf_0_clk/Z (gf180mcu_fd_sc_mcu7t5v0__clkbuf_16)
                                                         clknet_0_clk (net)
                      0.073745    0.000258   16.146618 ^ clkbuf_1_1__f_clk/I (gf180mcu_fd_sc_mcu7t5v0__clkbuf_16)
     4    0.021489    0.057270    0.145850   16.292467 ^ clkbuf_1_1__f_clk/Z (gf180mcu_fd_sc_mcu7t5v0__clkbuf_16)
                                                         clknet_1_1__leaf_clk (net)
                      0.057271    0.000510   16.292976 ^ _221_/CLK (gf180mcu_fd_sc_mcu7t5v0__dffrnq_1)
                                 -0.250000   16.042976   clock uncertainty
                                  0.000000   16.042976   clock reconvergence pessimism
                                 -0.026842   16.016134   library recovery time
                                             16.016134   data required time
---------------------------------------------------------------------------------------------
                                             16.016134   data required time
                                             -4.098682   data arrival time
---------------------------------------------------------------------------------------------
                                             11.917452   slack (MET)


Startpoint: rst_n (input port clocked by clk)
Endpoint: _222_ (recovery check against rising-edge clock clk)
Path Group: asynchronous
Path Type: max

Fanout         Cap        Slew       Delay        Time   Description
---------------------------------------------------------------------------------------------
                                  0.000000    0.000000   clock clk (rise edge)
                                  0.000000    0.000000   clock network delay (propagated)
                                  3.200000    3.200000 ^ input external delay
     2    0.006273    0.039251    0.011123    3.211123 ^ rst_n (in)
                                                         rst_n (net)
                      0.039251    0.000000    3.211123 ^ input123/I (gf180mcu_fd_sc_mcu7t5v0__dlyb_1)
     7    0.064038    0.713960    0.886417    4.097540 ^ input123/Z (gf180mcu_fd_sc_mcu7t5v0__dlyb_1)
                                                         net123 (net)
                      0.713964    0.001017    4.098557 ^ _222_/RN (gf180mcu_fd_sc_mcu7t5v0__dffrnq_1)
                                              4.098557   data arrival time

                                 16.000000   16.000000   clock clk (rise edge)
                                  0.000000   16.000000   clock source latency
     2    0.028980    0.000000    0.000000   16.000000 ^ clk (in)
                                                         clk (net)
                      0.000493    0.000201   16.000200 ^ clkbuf_0_clk/I (gf180mcu_fd_sc_mcu7t5v0__clkbuf_16)
     2    0.049215    0.073744    0.146159   16.146358 ^ clkbuf_0_clk/Z (gf180mcu_fd_sc_mcu7t5v0__clkbuf_16)
                                                         clknet_0_clk (net)
                      0.073745    0.000258   16.146618 ^ clkbuf_1_1__f_clk/I (gf180mcu_fd_sc_mcu7t5v0__clkbuf_16)
     4    0.021489    0.057270    0.145850   16.292467 ^ clkbuf_1_1__f_clk/Z (gf180mcu_fd_sc_mcu7t5v0__clkbuf_16)
                                                         clknet_1_1__leaf_clk (net)
                      0.057271    0.000476   16.292942 ^ _222_/CLK (gf180mcu_fd_sc_mcu7t5v0__dffrnq_1)
                                 -0.250000   16.042944   clock uncertainty
                                  0.000000   16.042944   clock reconvergence pessimism
                                 -0.026842   16.016102   library recovery time
                                             16.016102   data required time
---------------------------------------------------------------------------------------------
                                             16.016102   data required time
                                             -4.098557   data arrival time
---------------------------------------------------------------------------------------------
                                             11.917543   slack (MET)


Startpoint: rst_n (input port clocked by clk)
Endpoint: _219_ (recovery check against rising-edge clock clk)
Path Group: asynchronous
Path Type: max

Fanout         Cap        Slew       Delay        Time   Description
---------------------------------------------------------------------------------------------
                                  0.000000    0.000000   clock clk (rise edge)
                                  0.000000    0.000000   clock network delay (propagated)
                                  3.200000    3.200000 ^ input external delay
     2    0.006273    0.039251    0.011123    3.211123 ^ rst_n (in)
                                                         rst_n (net)
                      0.039251    0.000000    3.211123 ^ input123/I (gf180mcu_fd_sc_mcu7t5v0__dlyb_1)
     7    0.064038    0.713960    0.886417    4.097540 ^ input123/Z (gf180mcu_fd_sc_mcu7t5v0__dlyb_1)
                                                         net123 (net)
                      0.713960    0.000437    4.097976 ^ _219_/RN (gf180mcu_fd_sc_mcu7t5v0__dffrnq_1)
                                              4.097976   data arrival time

                                 16.000000   16.000000   clock clk (rise edge)
                                  0.000000   16.000000   clock source latency
     2    0.028980    0.000000    0.000000   16.000000 ^ clk (in)
                                                         clk (net)
                      0.000493    0.000201   16.000200 ^ clkbuf_0_clk/I (gf180mcu_fd_sc_mcu7t5v0__clkbuf_16)
     2    0.049215    0.073744    0.146159   16.146358 ^ clkbuf_0_clk/Z (gf180mcu_fd_sc_mcu7t5v0__clkbuf_16)
                                                         clknet_0_clk (net)
                      0.073745    0.000258   16.146618 ^ clkbuf_1_1__f_clk/I (gf180mcu_fd_sc_mcu7t5v0__clkbuf_16)
     4    0.021489    0.057270    0.145850   16.292467 ^ clkbuf_1_1__f_clk/Z (gf180mcu_fd_sc_mcu7t5v0__clkbuf_16)
                                                         clknet_1_1__leaf_clk (net)
                      0.057270    0.000425   16.292891 ^ _219_/CLK (gf180mcu_fd_sc_mcu7t5v0__dffrnq_1)
                                 -0.250000   16.042892   clock uncertainty
                                  0.000000   16.042892   clock reconvergence pessimism
                                 -0.026840   16.016050   library recovery time
                                             16.016050   data required time
---------------------------------------------------------------------------------------------
                                             16.016050   data required time
                                             -4.097976   data arrival time
---------------------------------------------------------------------------------------------
                                             11.918075   slack (MET)



