Starting…
Running 'Verilator.Lint' at 'runs/RUN_2026-08-11_07-23-16/01-verilator-lint'…
Logging subprocess to [repr.filename]'runs/RUN_2026-08-11_07-23-16/01-verilator-lint/verilator-lint.log'[/repr.filename]…
Running 'Checker.LintTimingConstructs' at 'runs/RUN_2026-08-11_07-23-16/02-checker-linttimingconstructs'…
Check for Lint Timing Errors clear.
Running 'Checker.LintErrors' at 'runs/RUN_2026-08-11_07-23-16/03-checker-linterrors'…
Check for Lint errors clear.
Running 'Checker.LintWarnings' at 'runs/RUN_2026-08-11_07-23-16/04-checker-lintwarnings'…
396 Lint warnings found.
Running 'Yosys.JsonHeader' at 'runs/RUN_2026-08-11_07-23-16/05-yosys-jsonheader'…
Logging subprocess to [repr.filename]'runs/RUN_2026-08-11_07-23-16/05-yosys-jsonheader/yosys-jsonheader.log'[/repr.filename]…
Subprocess had a non-zero exit.
Last 10 line(s):
Successfully finished Verilog frontend.

11. Executing Verilog-2005 frontend: /foss/designs/butterfold/butterfold_proto/rtl/memory/gf180_sram_256x16_complex.sv
Parsing SystemVerilog input from `/foss/designs/butterfold/butterfold_proto/rtl/memory/gf180_sram_256x16_complex.sv' to AST representation.
Storing AST representation for module `$abstract\gf180_sram_256x16_complex'.
Successfully finished Verilog frontend.

12. Executing Verilog-2005 frontend: /foss/pdks/gf180mcuD/libs.ref/gf180mcu_fd_ip_sram/verilog/gf180mcu_fd_ip_sram__sram256x8m8wm1.v
Parsing SystemVerilog input from `/foss/pdks/gf180mcuD/libs.ref/gf180mcu_fd_ip_sram/verilog/gf180mcu_fd_ip_sram__sram256x8m8wm1.v' to AST representation.
/foss/pdks/gf180mcuD/libs.ref/gf180mcu_fd_ip_sram/verilog/gf180mcu_fd_ip_sram__sram256x8m8wm1.v:287: ERROR: syntax error, unexpected '('

Full log file: 'runs/RUN_2026-08-11_07-23-16/05-yosys-jsonheader/yosys-jsonheader.log'
