/foss/pdks/gf180mcuD/libs.tech/klayout/tech/drc/run_drc.py:729: DeprecationWarning: datetime.datetime.utcnow() is deprecated and scheduled for removal in a future version. Use timezone-aware objects to represent datetimes in UTC: datetime.datetime.now(datetime.UTC).
  now_str = datetime.utcnow().strftime("drc_run_%Y_%m_%d_%H_%M_%S")
28-Aug-2026 15:40:37 | INFO    | Your Klayout version is: KLayout 0.30.8
28-Aug-2026 15:40:38 | INFO    | Running Global Foundries 180nm MCU /headless/aravindustries-repos/butterfold/butterfold_proto/physical/results/d03_ach_candidate/butterfold_top.gds checks on design antenna on cell butterfold_top:
2026-08-28 15:40:41 +0200: Memory Usage (443900K) : Starting running GF180MCU Klayout DRC runset on /headless/aravindustries-repos/butterfold/butterfold_proto/physical/results/d03_ach_candidate/butterfold_top.gds
2026-08-28 15:40:41 +0200: Memory Usage (443900K) : Ruby Version for klayout: 3.2.3
2026-08-28 15:40:41 +0200: Memory Usage (492084K) : Loading database to memory is complete.
2026-08-28 15:40:41 +0200: Memory Usage (492084K) : GF180MCU Klayout antenna DRC runset output at: /headless/aravindustries-repos/butterfold/butterfold_proto/physical/results/d03_ach_candidate/klayout_antenna/butterfold_top_antenna.lyrdb
2026-08-28 15:40:41 +0200: Memory Usage (492276K) : Evaluate switches.
2026-08-28 15:40:41 +0200: Memory Usage (492276K) : Number of threads to use 2
2026-08-28 15:40:41 +0200: Memory Usage (492276K) : Verbose mode: false
2026-08-28 15:40:41 +0200: Memory Usage (492276K) : flat mode is enabled.
2026-08-28 15:40:41 +0200: Memory Usage (492276K) : METAL_TOP Selected is 11K
2026-08-28 15:40:41 +0200: Memory Usage (492276K) : METAL_STACK Selected is 5LM
2026-08-28 15:40:41 +0200: Memory Usage (492276K) : MIM Option selected: B
2026-08-28 15:40:41 +0200: Memory Usage (492276K) : Read in polygons from layers.
2026-08-28 15:40:41 +0200: Memory Usage (515216K) : nwell has 422 polygons
2026-08-28 15:40:42 +0200: Memory Usage (527736K) : comp has 216638 polygons
2026-08-28 15:40:43 +0200: Memory Usage (553608K) : dualgate has 3 polygons
2026-08-28 15:40:44 +0200: Memory Usage (557492K) : poly2 has 232293 polygons
2026-08-28 15:40:44 +0200: Memory Usage (575920K) : nplus has 1417 polygons
2026-08-28 15:40:45 +0200: Memory Usage (575920K) : pplus has 10152 polygons
2026-08-28 15:40:50 +0200: Memory Usage (742460K) : contact has 1380000 polygons
2026-08-28 15:40:54 +0200: Memory Usage (764524K) : metal1 has 251861 polygons
2026-08-28 15:40:54 +0200: Memory Usage (764524K) : metal1_label has 0 polygons
2026-08-28 15:40:54 +0200: Memory Usage (764524K) : metal1_slot has 0 polygons
2026-08-28 15:40:54 +0200: Memory Usage (764524K) : metal1_blk has 0 polygons
2026-08-28 15:40:54 +0200: Memory Usage (770860K) : via1 has 96410 polygons
2026-08-28 15:40:55 +0200: Memory Usage (770860K) : metal2 has 51057 polygons
2026-08-28 15:40:55 +0200: Memory Usage (770860K) : metal2_label has 33 polygons
2026-08-28 15:40:55 +0200: Memory Usage (770860K) : metal2_slot has 0 polygons
2026-08-28 15:40:55 +0200: Memory Usage (770860K) : metal2_blk has 0 polygons
2026-08-28 15:40:55 +0200: Memory Usage (770860K) : via2 has 93151 polygons
2026-08-28 15:40:55 +0200: Memory Usage (770860K) : metal3 has 25644 polygons
2026-08-28 15:40:55 +0200: Memory Usage (770860K) : metal3_label has 0 polygons
2026-08-28 15:40:55 +0200: Memory Usage (770860K) : metal3_slot has 0 polygons
2026-08-28 15:40:55 +0200: Memory Usage (770860K) : metal3_blk has 0 polygons
2026-08-28 15:40:55 +0200: Memory Usage (770860K) : via3 has 12362 polygons
2026-08-28 15:40:55 +0200: Memory Usage (770860K) : metal4 has 2331 polygons
2026-08-28 15:40:55 +0200: Memory Usage (770860K) : metal4_label has 0 polygons
2026-08-28 15:40:55 +0200: Memory Usage (770860K) : metal4_slot has 0 polygons
2026-08-28 15:40:55 +0200: Memory Usage (770860K) : metal4_blk has 0 polygons
2026-08-28 15:40:55 +0200: Memory Usage (770860K) : via4 has 2642 polygons
2026-08-28 15:40:55 +0200: Memory Usage (770860K) : metal5 has 491 polygons
2026-08-28 15:40:55 +0200: Memory Usage (770860K) : metal5_label has 0 polygons
2026-08-28 15:40:55 +0200: Memory Usage (770860K) : metal5_slot has 0 polygons
2026-08-28 15:40:55 +0200: Memory Usage (770860K) : metal5_blk has 0 polygons
2026-08-28 15:40:55 +0200: Memory Usage (770860K) : res_mk has 0 polygons
2026-08-28 15:40:55 +0200: Memory Usage (770860K) : fusetop has 0 polygons
2026-08-28 15:40:55 +0200: Memory Usage (770860K) : No polygons on fusetop layer, MIM antenna checks will be skipped.
2026-08-28 15:40:55 +0200: Memory Usage (770860K) : Starting GF180MCU ANTENNA layer derivations.
2026-08-28 15:41:04 +0200: Memory Usage (1006380K) : No polygons on thin_gate derived layer, thin gates antenna checks will be skipped.
2026-08-28 15:41:04 +0200: Memory Usage (1006380K) : Starting GF180MCU ANTENNA DRC rules.
2026-08-28 15:41:04 +0200: Memory Usage (1006380K) : Construct connectivity for POLY
2026-08-28 15:41:05 +0200: Memory Usage (1006764K) : Executing rule ANT.1
2026-08-28 15:41:11 +0200: Memory Usage (1271892K) : Construct connectivity for CONTACT
2026-08-28 15:41:13 +0200: Memory Usage (1254048K) : Executing rule ANT.8
2026-08-28 15:41:37 +0200: Memory Usage (1552412K) : Construct connectivity for METAL1
2026-08-28 15:41:39 +0200: Memory Usage (1400116K) : Executing rule ANT.16_ii_ANT.2
2026-08-28 15:42:06 +0200: Memory Usage (1439984K) : Construct connectivity for VIA1
2026-08-28 15:42:07 +0200: Memory Usage (1391748K) : Executing rule ANT.16_ii_ANT.9
2026-08-28 15:42:28 +0200: Memory Usage (1443588K) : Construct connectivity for METAL2
2026-08-28 15:42:28 +0200: Memory Usage (1394384K) : Executing rule ANT.16_ii_ANT.3
2026-08-28 15:42:52 +0200: Memory Usage (1442196K) : Construct connectivity for VIA2
2026-08-28 15:42:53 +0200: Memory Usage (1394388K) : Executing rule ANT.16_ii_ANT.10
2026-08-28 15:43:20 +0200: Memory Usage (1443656K) : Construct connectivity for METAL3
2026-08-28 15:43:20 +0200: Memory Usage (1395960K) : Executing rule ANT.16_ii_ANT.4
2026-08-28 15:43:47 +0200: Memory Usage (1454044K) : Construct connectivity for VIA3
2026-08-28 15:43:47 +0200: Memory Usage (1411500K) : Executing rule ANT.16_ii_ANT.11
2026-08-28 15:44:14 +0200: Memory Usage (1453936K) : Construct connectivity for METAL4
2026-08-28 15:44:14 +0200: Memory Usage (1411520K) : Executing rule ANT.16_ii_ANT.5
2026-08-28 15:44:44 +0200: Memory Usage (1505456K) : Construct connectivity for VIA4
2026-08-28 15:44:44 +0200: Memory Usage (1377736K) : Executing rule ANT.16_ii_ANT.12
2026-08-28 15:45:13 +0200: Memory Usage (1505504K) : Construct connectivity for METAL5
2026-08-28 15:45:13 +0200: Memory Usage (1377736K) : Executing rule ANT.16_ii_ANT.7
2026-08-28 15:45:44 +0200: Memory Usage (1377736K) : Antenna DRC total Run time: 303.865151895 seconds
28-Aug-2026 15:45:51 | INFO    | ## Completed running Antenna checks only.
