
 /----------------------------------------------------------------------------\
 |  yosys -- Yosys Open SYnthesis Suite                                       |
 |  Copyright (C) 2012 - 2026  Claire Xenia Wolf <claire@yosyshq.com>         |
 |  Distributed under an ISC-like license, type "license" to see terms        |
 \----------------------------------------------------------------------------/
 Yosys 0.64 (git sha1 6d2c445ae, g++ 13.3.0-6ubuntu2~24.04.1 -fPIC -O3)

1. Executing Liberty frontend: /foss/pdks/gf180mcuD/libs.ref/gf180mcu_fd_sc_mcu7t5v0/lib/gf180mcu_fd_sc_mcu7t5v0__tt_025C_5v00.lib
Imported 229 cell types from liberty file.

2. Executing Verilog-2005 frontend: /foss/designs/macros/globalfoundries-pdk-ip-gf180mcu_fd_ip_sram/cells/gf180mcu_fd_ip_sram__sram64x8m8wm1/gf180mcu_fd_ip_sram__sram64x8m8wm1_stub.v
Parsing SystemVerilog input from `/foss/designs/macros/globalfoundries-pdk-ip-gf180mcu_fd_ip_sram/cells/gf180mcu_fd_ip_sram__sram64x8m8wm1/gf180mcu_fd_ip_sram__sram64x8m8wm1_stub.v' to AST representation.
Generating RTLIL representation for module `\gf180mcu_fd_ip_sram__sram64x8m8wm1'.
Successfully finished Verilog frontend.
[INFO] Using SDC file '/foss/designs/runs/RUN_2026-06-19_03-34-39/06-yosys-synthesis/synthesis.abc.sdc' for ABC…wtaf

3. Executing Verilog-2005 frontend: /foss/designs/src/counter.sv
Parsing SystemVerilog input from `/foss/designs/src/counter.sv' to AST representation.
Storing AST representation for module `$abstract\counter'.
Successfully finished Verilog frontend.

4. Executing HIERARCHY pass (managing design hierarchy).

5. Executing AST frontend in derive mode using pre-parsed AST for module `\counter'.
Generating RTLIL representation for module `\counter'.
/foss/designs/src/counter.sv:32: Warning: Range [5:0] select out of bounds on signal `\cnt': Setting 2 MSB bits to undef.

5.1. Analyzing design hierarchy..
Top module:  \counter

5.2. Analyzing design hierarchy..
Top module:  \counter
Removing unused module `$abstract\counter'.
Removed 1 unused modules.
Renaming module counter to counter.

6. Executing ATTRMAP pass (move or copy attributes).

7. Executing HIERARCHY pass (managing design hierarchy).

7.1. Analyzing design hierarchy..
Top module:  \counter

7.2. Analyzing design hierarchy..
Top module:  \counter
Removed 0 unused modules.

8. Executing PROC_CLEAN pass (remove empty switches from decision trees).
Cleaned up 0 empty switches.

9. Executing PROC_RMDEAD pass (remove dead branches from decision trees).
Marked 1 switch rules as full_case in process $proc$/foss/designs/src/counter.sv:18$1 in module counter.
Removed a total of 0 dead cases.

10. Executing PROC_PRUNE pass (remove redundant assignments in processes).
Removed 1 redundant assignment.
Promoted 0 assignments to connections.

11. Executing PROC_INIT pass (extract init attributes).

12. Executing PROC_ARST pass (detect async resets in processes).

13. Executing PROC_ROM pass (convert switches to ROMs).
Converted 0 switches.
<suppressed ~1 debug messages>

14. Executing PROC_MUX pass (convert decision trees to multiplexers).
Creating decoders for process `\counter.$proc$/foss/designs/src/counter.sv:18$1'.
     1/1: $0\cnt[3:0]

15. Executing PROC_DLATCH pass (convert process syncs to latches).

16. Executing PROC_DFF pass (convert process syncs to FFs).
Creating register for signal `\counter.\cnt' using process `\counter.$proc$/foss/designs/src/counter.sv:18$1'.
  created $dff cell `$procdff$6' with positive edge clock.

17. Executing PROC_MEMWR pass (convert process memory writes to cells).

18. Executing PROC_CLEAN pass (remove empty switches from decision trees).
Found and cleaned up 1 empty switch in `\counter.$proc$/foss/designs/src/counter.sv:18$1'.
Removing empty process `counter.$proc$/foss/designs/src/counter.sv:18$1'.
Cleaned up 1 empty switch.

19. Executing CHECK pass (checking for obvious problems).
Checking module counter...
Found and reported 0 problems.

20. Executing OPT_EXPR pass (perform const folding).
Optimizing module counter.

21. Executing FLATTEN pass (flatten design).

22. Executing OPT_EXPR pass (perform const folding).
Optimizing module counter.

23. Executing OPT_CLEAN pass (remove unused cells and wires).
Finding unused cells or wires in module \counter..
Removed 0 unused cells and 3 unused wires.
<suppressed ~2 debug messages>

24. Executing OPT_EXPR pass (perform const folding).
Optimizing module counter.

25. Executing OPT_MERGE pass (detect identical cells).
Finding identical cells in module `\counter'.
Computing hashes of 4 cells of `\counter'.
Finding duplicate cells in `\counter'.
Removed a total of 0 cells.

26. Executing OPT_MUXTREE pass (detect dead branches in mux trees).
Running muxtree optimizer on module \counter..
  Creating internal representation of mux trees.
  Evaluating internal representation of mux trees.
  Analyzing evaluation results.
Removed 0 multiplexer ports.
<suppressed ~2 debug messages>

27. Executing OPT_REDUCE pass (consolidate $*mux and $reduce_* inputs).
  Optimizing cells in module \counter.
Performed a total of 0 changes.

28. Executing OPT_MERGE pass (detect identical cells).
Finding identical cells in module `\counter'.
Computing hashes of 4 cells of `\counter'.
Finding duplicate cells in `\counter'.
Removed a total of 0 cells.

29. Executing OPT_DFF pass (perform DFF optimizations).

30. Executing OPT_CLEAN pass (remove unused cells and wires).
Finding unused cells or wires in module \counter..

31. Executing OPT_EXPR pass (perform const folding).
Optimizing module counter.

32. Executing FSM pass (extract and optimize FSM).

32.1. Executing FSM_DETECT pass (finding FSMs in design).

32.2. Executing FSM_EXTRACT pass (extracting FSM from design).

32.3. Executing FSM_OPT pass (simple optimizations of FSMs).

32.4. Executing OPT_CLEAN pass (remove unused cells and wires).
Finding unused cells or wires in module \counter..

32.5. Executing FSM_OPT pass (simple optimizations of FSMs).

32.6. Executing FSM_RECODE pass (re-assigning FSM state encoding).

32.7. Executing FSM_INFO pass (dumping all available information on FSM cells).

32.8. Executing FSM_MAP pass (mapping FSMs to basic logic).

33. Executing OPT_EXPR pass (perform const folding).
Optimizing module counter.

34. Executing OPT_MERGE pass (detect identical cells).
Finding identical cells in module `\counter'.
Computing hashes of 4 cells of `\counter'.
Finding duplicate cells in `\counter'.
Removed a total of 0 cells.

35. Executing OPT_MUXTREE pass (detect dead branches in mux trees).
Running muxtree optimizer on module \counter..
  Creating internal representation of mux trees.
  Evaluating internal representation of mux trees.
  Analyzing evaluation results.
Removed 0 multiplexer ports.
<suppressed ~2 debug messages>

36. Executing OPT_REDUCE pass (consolidate $*mux and $reduce_* inputs).
  Optimizing cells in module \counter.
Performed a total of 0 changes.

37. Executing OPT_MERGE pass (detect identical cells).
Finding identical cells in module `\counter'.
Computing hashes of 4 cells of `\counter'.
Finding duplicate cells in `\counter'.
Removed a total of 0 cells.

38. Executing OPT_DFF pass (perform DFF optimizations).
Adding SRST signal on $procdff$6 ($dff) from module counter (D = $add$/foss/designs/src/counter.sv:22$2_Y, Q = \cnt, rval = 4'0000).

39. Executing OPT_CLEAN pass (remove unused cells and wires).
Finding unused cells or wires in module \counter..
Removed 1 unused cells and 1 unused wires.
<suppressed ~2 debug messages>

40. Executing OPT_EXPR pass (perform const folding).
Optimizing module counter.

41. Rerunning OPT passes. (Maybe there is more to do…)

42. Executing OPT_MUXTREE pass (detect dead branches in mux trees).
Running muxtree optimizer on module \counter..
  Creating internal representation of mux trees.
  No muxes found in this module.
Removed 0 multiplexer ports.

43. Executing OPT_REDUCE pass (consolidate $*mux and $reduce_* inputs).
  Optimizing cells in module \counter.
Performed a total of 0 changes.

44. Executing OPT_MERGE pass (detect identical cells).
Finding identical cells in module `\counter'.
Computing hashes of 3 cells of `\counter'.
Finding duplicate cells in `\counter'.
Removed a total of 0 cells.

45. Executing OPT_DFF pass (perform DFF optimizations).

46. Executing OPT_CLEAN pass (remove unused cells and wires).
Finding unused cells or wires in module \counter..

47. Executing OPT_EXPR pass (perform const folding).
Optimizing module counter.

48. Executing WREDUCE pass (reducing word size of cells).
Removed top 3 bits (of 4) from port B of cell counter.$add$/foss/designs/src/counter.sv:22$2 ($add).

49. Executing PEEPOPT pass (run peephole optimizers).

50. Executing OPT_CLEAN pass (remove unused cells and wires).
Finding unused cells or wires in module \counter..

51. Executing ALUMACC pass (create $alu and $macc cells).
Extracting $alu and $macc cells in module counter:
  creating $macc model for $add$/foss/designs/src/counter.sv:22$2 ($add).
  creating $alu model for $macc $add$/foss/designs/src/counter.sv:22$2.
  creating $alu cell for $add$/foss/designs/src/counter.sv:22$2: $auto$alumacc.cc:512:replace_alu$8
  created 1 $alu and 0 $macc cells.

52. Executing SHARE pass (SAT-based resource sharing).

53. Executing OPT_EXPR pass (perform const folding).
Optimizing module counter.

54. Executing OPT_MERGE pass (detect identical cells).
Finding identical cells in module `\counter'.
Computing hashes of 3 cells of `\counter'.
Finding duplicate cells in `\counter'.
Removed a total of 0 cells.

55. Executing OPT_MUXTREE pass (detect dead branches in mux trees).
Running muxtree optimizer on module \counter..
  Creating internal representation of mux trees.
  No muxes found in this module.
Removed 0 multiplexer ports.

56. Executing OPT_REDUCE pass (consolidate $*mux and $reduce_* inputs).
  Optimizing cells in module \counter.
Performed a total of 0 changes.

57. Executing OPT_MERGE pass (detect identical cells).
Finding identical cells in module `\counter'.
Computing hashes of 3 cells of `\counter'.
Finding duplicate cells in `\counter'.
Removed a total of 0 cells.

58. Executing OPT_DFF pass (perform DFF optimizations).

59. Executing OPT_CLEAN pass (remove unused cells and wires).
Finding unused cells or wires in module \counter..

60. Executing OPT_EXPR pass (perform const folding).
Optimizing module counter.

61. Executing MEMORY pass.

61.1. Executing OPT_MEM pass (optimize memories).
Performed a total of 0 transformations.

61.2. Executing OPT_MEM_PRIORITY pass (removing unnecessary memory write priority relations).
Performed a total of 0 transformations.

61.3. Executing OPT_MEM_FEEDBACK pass (finding memory read-to-write feedback paths).

61.4. Executing MEMORY_BMUX2ROM pass (converting muxes to ROMs).

61.5. Executing MEMORY_DFF pass (merging $dff cells to $memrd).

61.6. Executing OPT_CLEAN pass (remove unused cells and wires).
Finding unused cells or wires in module \counter..

61.7. Executing MEMORY_SHARE pass (consolidating $memrd/$memwr cells).

61.8. Executing OPT_MEM_WIDEN pass (optimize memories where all ports are wide).
Performed a total of 0 transformations.

61.9. Executing OPT_CLEAN pass (remove unused cells and wires).
Finding unused cells or wires in module \counter..

61.10. Executing MEMORY_COLLECT pass (generating $mem cells).

62. Executing OPT_CLEAN pass (remove unused cells and wires).
Finding unused cells or wires in module \counter..

63. Executing OPT_EXPR pass (perform const folding).
Optimizing module counter.

64. Executing OPT_MERGE pass (detect identical cells).
Finding identical cells in module `\counter'.
Computing hashes of 3 cells of `\counter'.
Finding duplicate cells in `\counter'.
Removed a total of 0 cells.

65. Executing OPT_DFF pass (perform DFF optimizations).

66. Executing OPT_CLEAN pass (remove unused cells and wires).
Finding unused cells or wires in module \counter..

67. Executing MEMORY_MAP pass (converting memories to logic and flip-flops).

68. Executing OPT_EXPR pass (perform const folding).
Optimizing module counter.

69. Executing OPT_MERGE pass (detect identical cells).
Finding identical cells in module `\counter'.
Computing hashes of 3 cells of `\counter'.
Finding duplicate cells in `\counter'.
Removed a total of 0 cells.

70. Executing OPT_MUXTREE pass (detect dead branches in mux trees).
Running muxtree optimizer on module \counter..
  Creating internal representation of mux trees.
  No muxes found in this module.
Removed 0 multiplexer ports.

71. Executing OPT_REDUCE pass (consolidate $*mux and $reduce_* inputs).
  Optimizing cells in module \counter.
Performed a total of 0 changes.

72. Executing OPT_MERGE pass (detect identical cells).
Finding identical cells in module `\counter'.
Computing hashes of 3 cells of `\counter'.
Finding duplicate cells in `\counter'.
Removed a total of 0 cells.

73. Executing OPT_SHARE pass.

74. Executing OPT_DFF pass (perform DFF optimizations).

75. Executing OPT_CLEAN pass (remove unused cells and wires).
Finding unused cells or wires in module \counter..

76. Executing OPT_EXPR pass (perform const folding).
Optimizing module counter.

77. Executing TECHMAP pass (map to technology primitives).

77.1. Executing Verilog-2005 frontend: /foss/tools/yosys/bin/../share/yosys/techmap.v
Parsing Verilog input from `/foss/tools/yosys/bin/../share/yosys/techmap.v' to AST representation.
Generating RTLIL representation for module `\_90_simplemap_bool_ops'.
Generating RTLIL representation for module `\_90_simplemap_reduce_ops'.
Generating RTLIL representation for module `\_90_simplemap_logic_ops'.
Generating RTLIL representation for module `\_90_simplemap_compare_ops'.
Generating RTLIL representation for module `\_90_simplemap_various'.
Generating RTLIL representation for module `\_90_simplemap_registers'.
Generating RTLIL representation for module `\_90_shift_ops_shr_shl_sshl_sshr'.
Generating RTLIL representation for module `\_90_shift_shiftx'.
Generating RTLIL representation for module `\_90_fa'.
Generating RTLIL representation for module `\_90_lcu_brent_kung'.
Generating RTLIL representation for module `\_90_alu'.
Generating RTLIL representation for module `\_90_macc'.
Generating RTLIL representation for module `\_90_alumacc'.
Generating RTLIL representation for module `$__div_mod_u'.
Generating RTLIL representation for module `$__div_mod_trunc'.
Generating RTLIL representation for module `\_90_div'.
Generating RTLIL representation for module `\_90_mod'.
Generating RTLIL representation for module `$__div_mod_floor'.
Generating RTLIL representation for module `\_90_divfloor'.
Generating RTLIL representation for module `\_90_modfloor'.
Generating RTLIL representation for module `\_90_pow'.
Generating RTLIL representation for module `\_90_pmux'.
Generating RTLIL representation for module `\_90_demux'.
Generating RTLIL representation for module `\_90_lut'.
Generating RTLIL representation for module `$connect'.
Generating RTLIL representation for module `$input_port'.
Successfully finished Verilog frontend.

77.2. Continuing TECHMAP pass.
Using template $paramod$32a7b7b86c07519b7537abc18e96f0331f97914d\_90_alu for cells of type $alu.
Using extmapper simplemap for cells of type $sdff.
Using extmapper simplemap for cells of type $xor.
Using template $paramod\_90_fa\WIDTH=32'00000000000000000000000000000100 for cells of type $fa.
Using template $paramod\_90_lcu_brent_kung\WIDTH=32'00000000000000000000000000000100 for cells of type $lcu.
Using extmapper simplemap for cells of type $pos.
Using extmapper simplemap for cells of type $mux.
Using extmapper simplemap for cells of type $not.
Using extmapper simplemap for cells of type $or.
Using extmapper simplemap for cells of type $and.
No more expansions possible.
<suppressed ~243 debug messages>

78. Executing OPT_EXPR pass (perform const folding).
Optimizing module counter.
<suppressed ~33 debug messages>

79. Executing OPT_MERGE pass (detect identical cells).
Finding identical cells in module `\counter'.
Computing hashes of 17 cells of `\counter'.
Finding duplicate cells in `\counter'.
Computing hashes of 16 cells of `\counter'.
Finding duplicate cells in `\counter'.
<suppressed ~3 debug messages>
Removed a total of 1 cells.

80. Executing OPT_DFF pass (perform DFF optimizations).

81. Executing OPT_CLEAN pass (remove unused cells and wires).
Finding unused cells or wires in module \counter..
Removed 5 unused cells and 47 unused wires.
<suppressed ~6 debug messages>

82. Executing OPT_EXPR pass (perform const folding).
Optimizing module counter.

83. Executing OPT_MERGE pass (detect identical cells).
Finding identical cells in module `\counter'.
Computing hashes of 11 cells of `\counter'.
Finding duplicate cells in `\counter'.
Removed a total of 0 cells.

84. Executing OPT_DFF pass (perform DFF optimizations).

85. Executing OPT_CLEAN pass (remove unused cells and wires).
Finding unused cells or wires in module \counter..

86. Executing ABC pass (technology mapping using ABC).

86.1. Extracting gate netlist of module `\counter' to `<abc-temp-dir>/input.blif'..

86.1.1. Executed ABC.
Extracted 6 gates and 10 wires to a netlist network with 4 inputs and 4 outputs.
Running ABC script: <abc-temp-dir>/abc.script
ABC: UC Berkeley, ABC 1.01 (compiled Apr 16 2026 21:01:18)
ABC: abc 01> empty
ABC: abc 01> source <abc-temp-dir>/abc.script
ABC: + read_blif <abc-temp-dir>/input.blif 
ABC: + read_library <abc-temp-dir>/stdcells.genlib 
ABC: + strash 
ABC: + dretime 
ABC: + map 
ABC: + write_blif <abc-temp-dir>/output.blif 
ABC: 
ABC: YOSYS_ABC_DONE 

86.1.2. Re-integrating ABC results.
ABC RESULTS:            ANDNOT cells:        1
ABC RESULTS:              NAND cells:        1
ABC RESULTS:               NOT cells:        1
ABC RESULTS:              XNOR cells:        1
ABC RESULTS:               XOR cells:        2
ABC RESULTS:        internal signals:        2
ABC RESULTS:           input signals:        4
ABC RESULTS:          output signals:        4
Removing temp directory.
Removing global temp directory.

87. Executing OPT pass (performing simple optimizations).

87.1. Executing OPT_EXPR pass (perform const folding).
Optimizing module counter.

87.2. Executing OPT_MERGE pass (detect identical cells).
Finding identical cells in module `\counter'.
Computing hashes of 11 cells of `\counter'.
Finding duplicate cells in `\counter'.
Removed a total of 0 cells.

87.3. Executing OPT_DFF pass (perform DFF optimizations).

87.4. Executing OPT_CLEAN pass (remove unused cells and wires).
Finding unused cells or wires in module \counter..
Removed 0 unused cells and 9 unused wires.
<suppressed ~1 debug messages>

87.5. Finished fast OPT passes.

88. Executing HIERARCHY pass (managing design hierarchy).

88.1. Analyzing design hierarchy..
Top module:  \counter

88.2. Analyzing design hierarchy..
Top module:  \counter
Removed 0 unused modules.

89. Executing CHECK pass (checking for obvious problems).
Checking module counter...
Found and reported 0 problems.

90. Printing statistics.

=== counter ===

        +----------Local Count, excluding submodules.
        | 
        9 wires
       28 wire bits
        5 public wires
       18 public wire bits
        3 ports
        6 port bits
       11 cells
        1   $_ANDNOT_
        1   $_NAND_
        1   $_NOT_
        4   $_SDFF_PP0_
        1   $_XNOR_
        2   $_XOR_
        1   gf180mcu_fd_ip_sram__sram64x8m8wm1

91. Executing OPT pass (performing simple optimizations).

91.1. Executing OPT_EXPR pass (perform const folding).
Optimizing module counter.

91.2. Executing OPT_MERGE pass (detect identical cells).
Finding identical cells in module `\counter'.
Computing hashes of 11 cells of `\counter'.
Finding duplicate cells in `\counter'.
Removed a total of 0 cells.

91.3. Executing OPT_MUXTREE pass (detect dead branches in mux trees).
Running muxtree optimizer on module \counter..
  Creating internal representation of mux trees.
  No muxes found in this module.
Removed 0 multiplexer ports.

91.4. Executing OPT_REDUCE pass (consolidate $*mux and $reduce_* inputs).
  Optimizing cells in module \counter.
Performed a total of 0 changes.

91.5. Executing OPT_MERGE pass (detect identical cells).
Finding identical cells in module `\counter'.
Computing hashes of 11 cells of `\counter'.
Finding duplicate cells in `\counter'.
Removed a total of 0 cells.

91.6. Executing OPT_DFF pass (perform DFF optimizations).

91.7. Executing OPT_CLEAN pass (remove unused cells and wires).
Finding unused cells or wires in module \counter..

91.8. Executing OPT_EXPR pass (perform const folding).
Optimizing module counter.

91.9. Finished fast OPT passes. (There is nothing left to do.)

92. Executing OPT_CLEAN pass (remove unused cells and wires).
Finding unused cells or wires in module \counter..
{
   "creator": "Yosys 0.64 (git sha1 6d2c445ae, g++ 13.3.0-6ubuntu2~24.04.1 -fPIC -O3)",
   "invocation": "stat -json -liberty /foss/designs/runs/RUN_2026-06-19_03-34-39/tmp/1c3b74529a68466a8718f49247a5a15a.lib ",
   "modules": {
      "\\counter": {
         "num_wires":         9,
         "num_wire_bits":     28,
         "num_pub_wires":     5,
         "num_pub_wire_bits": 18,
         "num_ports":         3,
         "num_port_bits":     6,
         "num_memories":      0,
         "num_memory_bits":   0,
         "num_processes":     0,
         "num_cells":         11,
         "num_submodules":       0,
         "num_cells_by_type": {
            "$_ANDNOT_": 1,
            "$_NAND_": 1,
            "$_NOT_": 1,
            "$_SDFF_PP0_": 4,
            "$_XNOR_": 1,
            "$_XOR_": 2,
            "gf180mcu_fd_ip_sram__sram64x8m8wm1": 1
         }
      }
   },
      "design": {
         "num_wires":         9,
         "num_wire_bits":     28,
         "num_pub_wires":     5,
         "num_pub_wire_bits": 18,
         "num_ports":         3,
         "num_port_bits":     6,
         "num_memories":      0,
         "num_memory_bits":   0,
         "num_processes":     0,
         "num_cells":         11,
         "num_submodules":       0,
         "num_cells_by_type": {
            "$_ANDNOT_": 1,
            "$_NAND_": 1,
            "$_NOT_": 1,
            "$_SDFF_PP0_": 4,
            "$_XNOR_": 1,
            "$_XOR_": 2,
            "gf180mcu_fd_ip_sram__sram64x8m8wm1": 1
         }
      }
}

93. Printing statistics.

=== counter ===

        +----------Local Count, excluding submodules.
        | 
        9 wires
       28 wire bits
        5 public wires
       18 public wire bits
        3 ports
        6 port bits
       11 cells
        1   $_ANDNOT_
        1   $_NAND_
        1   $_NOT_
        4   $_SDFF_PP0_
        1   $_XNOR_
        2   $_XOR_
        1   gf180mcu_fd_ip_sram__sram64x8m8wm1

   Area for cell type $_ANDNOT_ is unknown!
   Area for cell type $_NAND_ is unknown!
   Area for cell type $_NOT_ is unknown!
   Area for cell type $_SDFF_PP0_ is unknown!
   Area for cell type $_XNOR_ is unknown!
   Area for cell type $_XOR_ is unknown!
   Area for cell type \gf180mcu_fd_ip_sram__sram64x8m8wm1 is unknown!

94. Executing DFFLIBMAP pass (mapping DFF cells to sequential cells from liberty file).
  cell gf180mcu_fd_sc_mcu7t5v0__dffnq_1 (noninv, pins=3, area=65.86) is a direct match for cell type $_DFF_N_.
  cell gf180mcu_fd_sc_mcu7t5v0__dffq_1 (noninv, pins=3, area=63.66) is a direct match for cell type $_DFF_P_.
  cell gf180mcu_fd_sc_mcu7t5v0__dffnrnq_1 (noninv, pins=4, area=74.64) is a direct match for cell type $_DFF_NN0_.
  cell gf180mcu_fd_sc_mcu7t5v0__dffnsnq_1 (noninv, pins=4, area=79.03) is a direct match for cell type $_DFF_NN1_.
  cell gf180mcu_fd_sc_mcu7t5v0__dffrnq_1 (noninv, pins=4, area=74.64) is a direct match for cell type $_DFF_PN0_.
  cell gf180mcu_fd_sc_mcu7t5v0__dffsnq_1 (noninv, pins=4, area=79.03) is a direct match for cell type $_DFF_PN1_.
  cell gf180mcu_fd_sc_mcu7t5v0__dffnrsnq_1 (noninv, pins=5, area=94.39) is a direct match for cell type $_DFFSR_NNN_.
  cell gf180mcu_fd_sc_mcu7t5v0__dffrsnq_1 (noninv, pins=5, area=85.61) is a direct match for cell type $_DFFSR_PNN_.
  final dff cell mappings:
    \gf180mcu_fd_sc_mcu7t5v0__dffnq_1 _DFF_N_ (.CLKN( C), .D( D), .Q( Q));
    \gf180mcu_fd_sc_mcu7t5v0__dffq_1 _DFF_P_ (.CLK( C), .D( D), .Q( Q));
    \gf180mcu_fd_sc_mcu7t5v0__dffnrnq_1 _DFF_NN0_ (.CLKN( C), .D( D), .Q( Q), .RN( R));
    \gf180mcu_fd_sc_mcu7t5v0__dffnsnq_1 _DFF_NN1_ (.CLKN( C), .D( D), .Q( Q), .SETN( R));
    unmapped dff cell: $_DFF_NP0_
    unmapped dff cell: $_DFF_NP1_
    \gf180mcu_fd_sc_mcu7t5v0__dffrnq_1 _DFF_PN0_ (.CLK( C), .D( D), .Q( Q), .RN( R));
    \gf180mcu_fd_sc_mcu7t5v0__dffsnq_1 _DFF_PN1_ (.CLK( C), .D( D), .Q( Q), .SETN( R));
    unmapped dff cell: $_DFF_PP0_
    unmapped dff cell: $_DFF_PP1_
    unmapped dff cell: $_DFFE_NN_
    unmapped dff cell: $_DFFE_NP_
    unmapped dff cell: $_DFFE_PN_
    unmapped dff cell: $_DFFE_PP_
    \gf180mcu_fd_sc_mcu7t5v0__dffnrsnq_1 _DFFSR_NNN_ (.CLKN( C), .D( D), .Q( Q), .RN( R), .SETN( S));
    unmapped dff cell: $_DFFSR_NNP_
    unmapped dff cell: $_DFFSR_NPN_
    unmapped dff cell: $_DFFSR_NPP_
    \gf180mcu_fd_sc_mcu7t5v0__dffrsnq_1 _DFFSR_PNN_ (.CLK( C), .D( D), .Q( Q), .RN( R), .SETN( S));
    unmapped dff cell: $_DFFSR_PNP_
    unmapped dff cell: $_DFFSR_PPN_
    unmapped dff cell: $_DFFSR_PPP_

94.1. Executing DFFLEGALIZE pass (convert FFs to types supported by the target).
Mapping DFF cells in module `\counter':
  mapped 4 $_DFF_P_ cells to \gf180mcu_fd_sc_mcu7t5v0__dffq_1 cells.
{
   "creator": "Yosys 0.64 (git sha1 6d2c445ae, g++ 13.3.0-6ubuntu2~24.04.1 -fPIC -O3)",
   "invocation": "stat -json -liberty /foss/designs/runs/RUN_2026-06-19_03-34-39/tmp/1c3b74529a68466a8718f49247a5a15a.lib ",
   "modules": {
      "\\counter": {
         "num_wires":         13,
         "num_wire_bits":     32,
         "num_pub_wires":     5,
         "num_pub_wire_bits": 18,
         "num_ports":         3,
         "num_port_bits":     6,
         "num_memories":      0,
         "num_memory_bits":   0,
         "num_processes":     0,
         "num_cells":         15,
         "num_submodules":       0,
         "area":              254.643200,
         "sequential_area":    254.643200,
         "num_cells_by_type": {
            "$_ANDNOT_": 1,
            "$_MUX_": 4,
            "$_NAND_": 1,
            "$_NOT_": 1,
            "$_XNOR_": 1,
            "$_XOR_": 2,
            "gf180mcu_fd_ip_sram__sram64x8m8wm1": 1,
            "gf180mcu_fd_sc_mcu7t5v0__dffq_1": 4
         }
      }
   },
      "design": {
         "num_wires":         13,
         "num_wire_bits":     32,
         "num_pub_wires":     5,
         "num_pub_wire_bits": 18,
         "num_ports":         3,
         "num_port_bits":     6,
         "num_memories":      0,
         "num_memory_bits":   0,
         "num_processes":     0,
         "num_cells":         15,
         "num_submodules":       0,
         "area":              254.643200,
         "sequential_area":    254.643200,
         "num_cells_by_type": {
            "$_ANDNOT_": 1,
            "$_MUX_": 4,
            "$_NAND_": 1,
            "$_NOT_": 1,
            "$_XNOR_": 1,
            "$_XOR_": 2,
            "gf180mcu_fd_ip_sram__sram64x8m8wm1": 1,
            "gf180mcu_fd_sc_mcu7t5v0__dffq_1": 4
         }
      }
}

95. Printing statistics.

=== counter ===

        +----------Local Count, excluding submodules.
        |        +-Local Area, excluding submodules.
        |        | 
       13        - wires
       32        - wire bits
        5        - public wires
       18        - public wire bits
        3        - ports
        6        - port bits
       15  254.643 cells
        1        -   $_ANDNOT_
        4        -   $_MUX_
        1        -   $_NAND_
        1        -   $_NOT_
        1        -   $_XNOR_
        2        -   $_XOR_
        1        -   gf180mcu_fd_ip_sram__sram64x8m8wm1
        4  254.643   gf180mcu_fd_sc_mcu7t5v0__dffq_1

   Area for cell type $_ANDNOT_ is unknown!
   Area for cell type $_MUX_ is unknown!
   Area for cell type $_NAND_ is unknown!
   Area for cell type $_NOT_ is unknown!
   Area for cell type $_XNOR_ is unknown!
   Area for cell type $_XOR_ is unknown!
   Area for cell type \gf180mcu_fd_ip_sram__sram64x8m8wm1 is unknown!

   Chip area for module '\counter': 254.643200
     of which used for sequential elements: 254.643200 (100.00%)

[INFO] Using generated ABC script '/foss/designs/runs/RUN_2026-06-19_03-34-39/06-yosys-synthesis/AREA_0.abc'…

96. Executing ABC pass (technology mapping using ABC).

96.1. Extracting gate netlist of module `\counter' to `/tmp/yosys-abc-pMoGUq/input.blif'..

96.1.1. Executed ABC.
Extracted 10 gates and 16 wires to a netlist network with 5 inputs and 4 outputs.
Running ABC script: /tmp/yosys-abc-pMoGUq/abc.script
ABC: UC Berkeley, ABC 1.01 (compiled Apr 16 2026 21:01:18)
ABC: abc 01> empty
ABC: abc 01> source /tmp/yosys-abc-pMoGUq/abc.script
ABC: + read_blif /tmp/yosys-abc-pMoGUq/input.blif 
ABC: + read_lib -w /foss/designs/runs/RUN_2026-06-19_03-34-39/tmp/1c3b74529a68466a8718f49247a5a15a.lib 
ABC: Parsing finished successfully.  Parsing time =     0.08 sec
ABC: Scl_LibertyReadGenlib() skipped cell "gf180mcu_fd_sc_mcu7t5v0__antenna" without logic function.
ABC: Scl_LibertyReadGenlib() skipped three-state cell "gf180mcu_fd_sc_mcu7t5v0__bufz_1".
ABC: Scl_LibertyReadGenlib() skipped three-state cell "gf180mcu_fd_sc_mcu7t5v0__bufz_2".
ABC: Scl_LibertyReadGenlib() skipped three-state cell "gf180mcu_fd_sc_mcu7t5v0__bufz_3".
ABC: Scl_LibertyReadGenlib() skipped three-state cell "gf180mcu_fd_sc_mcu7t5v0__bufz_4".
ABC: Scl_LibertyReadGenlib() skipped three-state cell "gf180mcu_fd_sc_mcu7t5v0__bufz_8".
ABC: Scl_LibertyReadGenlib() skipped three-state cell "gf180mcu_fd_sc_mcu7t5v0__bufz_12".
ABC: Scl_LibertyReadGenlib() skipped three-state cell "gf180mcu_fd_sc_mcu7t5v0__bufz_16".
ABC: Scl_LibertyReadGenlib() skipped sequential cell "gf180mcu_fd_sc_mcu7t5v0__dffnq_1".
ABC: Scl_LibertyReadGenlib() skipped sequential cell "gf180mcu_fd_sc_mcu7t5v0__dffnq_2".
ABC: Scl_LibertyReadGenlib() skipped sequential cell "gf180mcu_fd_sc_mcu7t5v0__dffnq_4".
ABC: Scl_LibertyReadGenlib() skipped sequential cell "gf180mcu_fd_sc_mcu7t5v0__dffnrnq_1".
ABC: Scl_LibertyReadGenlib() skipped sequential cell "gf180mcu_fd_sc_mcu7t5v0__dffnrnq_2".
ABC: Scl_LibertyReadGenlib() skipped sequential cell "gf180mcu_fd_sc_mcu7t5v0__dffnrnq_4".
ABC: Scl_LibertyReadGenlib() skipped sequential cell "gf180mcu_fd_sc_mcu7t5v0__dffnrsnq_1".
ABC: Scl_LibertyReadGenlib() skipped sequential cell "gf180mcu_fd_sc_mcu7t5v0__dffnrsnq_2".
ABC: Scl_LibertyReadGenlib() skipped sequential cell "gf180mcu_fd_sc_mcu7t5v0__dffnrsnq_4".
ABC: Scl_LibertyReadGenlib() skipped sequential cell "gf180mcu_fd_sc_mcu7t5v0__dffnsnq_1".
ABC: Scl_LibertyReadGenlib() skipped sequential cell "gf180mcu_fd_sc_mcu7t5v0__dffnsnq_2".
ABC: Scl_LibertyReadGenlib() skipped sequential cell "gf180mcu_fd_sc_mcu7t5v0__dffnsnq_4".
ABC: Scl_LibertyReadGenlib() skipped sequential cell "gf180mcu_fd_sc_mcu7t5v0__dffq_1".
ABC: Scl_LibertyReadGenlib() skipped sequential cell "gf180mcu_fd_sc_mcu7t5v0__dffq_2".
ABC: Scl_LibertyReadGenlib() skipped sequential cell "gf180mcu_fd_sc_mcu7t5v0__dffq_4".
ABC: Scl_LibertyReadGenlib() skipped sequential cell "gf180mcu_fd_sc_mcu7t5v0__dffrnq_1".
ABC: Scl_LibertyReadGenlib() skipped sequential cell "gf180mcu_fd_sc_mcu7t5v0__dffrnq_2".
ABC: Scl_LibertyReadGenlib() skipped sequential cell "gf180mcu_fd_sc_mcu7t5v0__dffrnq_4".
ABC: Scl_LibertyReadGenlib() skipped sequential cell "gf180mcu_fd_sc_mcu7t5v0__dffrsnq_1".
ABC: Scl_LibertyReadGenlib() skipped sequential cell "gf180mcu_fd_sc_mcu7t5v0__dffrsnq_2".
ABC: Scl_LibertyReadGenlib() skipped sequential cell "gf180mcu_fd_sc_mcu7t5v0__dffrsnq_4".
ABC: Scl_LibertyReadGenlib() skipped sequential cell "gf180mcu_fd_sc_mcu7t5v0__dffsnq_1".
ABC: Scl_LibertyReadGenlib() skipped sequential cell "gf180mcu_fd_sc_mcu7t5v0__dffsnq_2".
ABC: Scl_LibertyReadGenlib() skipped sequential cell "gf180mcu_fd_sc_mcu7t5v0__dffsnq_4".
ABC: Scl_LibertyReadGenlib() skipped cell "gf180mcu_fd_sc_mcu7t5v0__endcap" without logic function.
ABC: Scl_LibertyReadGenlib() skipped cell "gf180mcu_fd_sc_mcu7t5v0__fill_1" without logic function.
ABC: Scl_LibertyReadGenlib() skipped cell "gf180mcu_fd_sc_mcu7t5v0__fill_2" without logic function.
ABC: Scl_LibertyReadGenlib() skipped cell "gf180mcu_fd_sc_mcu7t5v0__fill_4" without logic function.
ABC: Scl_LibertyReadGenlib() skipped cell "gf180mcu_fd_sc_mcu7t5v0__fill_8" without logic function.
ABC: Scl_LibertyReadGenlib() skipped cell "gf180mcu_fd_sc_mcu7t5v0__fill_16" without logic function.
ABC: Scl_LibertyReadGenlib() skipped cell "gf180mcu_fd_sc_mcu7t5v0__fill_32" without logic function.
ABC: Scl_LibertyReadGenlib() skipped cell "gf180mcu_fd_sc_mcu7t5v0__fill_64" without logic function.
ABC: Scl_LibertyReadGenlib() skipped cell "gf180mcu_fd_sc_mcu7t5v0__fillcap_4" without logic function.
ABC: Scl_LibertyReadGenlib() skipped cell "gf180mcu_fd_sc_mcu7t5v0__fillcap_8" without logic function.
ABC: Scl_LibertyReadGenlib() skipped cell "gf180mcu_fd_sc_mcu7t5v0__fillcap_16" without logic function.
ABC: Scl_LibertyReadGenlib() skipped cell "gf180mcu_fd_sc_mcu7t5v0__fillcap_32" without logic function.
ABC: Scl_LibertyReadGenlib() skipped cell "gf180mcu_fd_sc_mcu7t5v0__fillcap_64" without logic function.
ABC: Scl_LibertyReadGenlib() skipped cell "gf180mcu_fd_sc_mcu7t5v0__filltie" without logic function.
ABC: Scl_LibertyReadGenlib() skipped three-state cell "gf180mcu_fd_sc_mcu7t5v0__hold".
ABC: Scl_LibertyReadGenlib() skipped cell "gf180mcu_fd_sc_mcu7t5v0__icgtn_1" without logic function.
ABC: Scl_LibertyReadGenlib() skipped cell "gf180mcu_fd_sc_mcu7t5v0__icgtn_2" without logic function.
ABC: Scl_LibertyReadGenlib() skipped cell "gf180mcu_fd_sc_mcu7t5v0__icgtn_4" without logic function.
ABC: Scl_LibertyReadGenlib() skipped cell "gf180mcu_fd_sc_mcu7t5v0__icgtp_1" without logic function.
ABC: Scl_LibertyReadGenlib() skipped cell "gf180mcu_fd_sc_mcu7t5v0__icgtp_2" without logic function.
ABC: Scl_LibertyReadGenlib() skipped cell "gf180mcu_fd_sc_mcu7t5v0__icgtp_4" without logic function.
ABC: Scl_LibertyReadGenlib() skipped three-state cell "gf180mcu_fd_sc_mcu7t5v0__invz_1".
ABC: Scl_LibertyReadGenlib() skipped three-state cell "gf180mcu_fd_sc_mcu7t5v0__invz_2".
ABC: Scl_LibertyReadGenlib() skipped three-state cell "gf180mcu_fd_sc_mcu7t5v0__invz_3".
ABC: Scl_LibertyReadGenlib() skipped three-state cell "gf180mcu_fd_sc_mcu7t5v0__invz_4".
ABC: Scl_LibertyReadGenlib() skipped three-state cell "gf180mcu_fd_sc_mcu7t5v0__invz_8".
ABC: Scl_LibertyReadGenlib() skipped three-state cell "gf180mcu_fd_sc_mcu7t5v0__invz_12".
ABC: Scl_LibertyReadGenlib() skipped three-state cell "gf180mcu_fd_sc_mcu7t5v0__invz_16".
ABC: Scl_LibertyReadGenlib() skipped sequential cell "gf180mcu_fd_sc_mcu7t5v0__latq_1".
ABC: Scl_LibertyReadGenlib() skipped sequential cell "gf180mcu_fd_sc_mcu7t5v0__latq_2".
ABC: Scl_LibertyReadGenlib() skipped sequential cell "gf180mcu_fd_sc_mcu7t5v0__latq_4".
ABC: Scl_LibertyReadGenlib() skipped sequential cell "gf180mcu_fd_sc_mcu7t5v0__latrnq_1".
ABC: Scl_LibertyReadGenlib() skipped sequential cell "gf180mcu_fd_sc_mcu7t5v0__latrnq_2".
ABC: Scl_LibertyReadGenlib() skipped sequential cell "gf180mcu_fd_sc_mcu7t5v0__latrnq_4".
ABC: Scl_LibertyReadGenlib() skipped sequential cell "gf180mcu_fd_sc_mcu7t5v0__latrsnq_1".
ABC: Scl_LibertyReadGenlib() skipped sequential cell "gf180mcu_fd_sc_mcu7t5v0__latrsnq_2".
ABC: Scl_LibertyReadGenlib() skipped sequential cell "gf180mcu_fd_sc_mcu7t5v0__latrsnq_4".
ABC: Scl_LibertyReadGenlib() skipped sequential cell "gf180mcu_fd_sc_mcu7t5v0__latsnq_1".
ABC: Scl_LibertyReadGenlib() skipped sequential cell "gf180mcu_fd_sc_mcu7t5v0__latsnq_2".
ABC: Scl_LibertyReadGenlib() skipped sequential cell "gf180mcu_fd_sc_mcu7t5v0__latsnq_4".
ABC: Library "gf180mcu_fd_sc_mcu7t5v0__tt_025C_5v00" from "/foss/designs/runs/RUN_2026-06-19_03-34-39/tmp/1c3b74529a68466a8718f49247a5a15a.lib" has 143 cells (72 skipped: 36 seq; 15 tri-state; 21 no func; 0 dont_use; 0 with 2 outputs; 0 with 3+ outputs).  Time =     0.12 sec
ABC: Memory =   23.83 MB. Time =     0.12 sec
ABC: Warning: Detected 6 multi-output cells (for example, "gf180mcu_fd_sc_mcu7t5v0__addf_1").
ABC: + read_constr -v /foss/designs/runs/RUN_2026-06-19_03-34-39/06-yosys-synthesis/synthesis.abc.sdc 
ABC: Setting driving cell to be "gf180mcu_fd_sc_mcu7t5v0__inv_1/ZN".
ABC: Setting output load to be 72.910004.
ABC: + source /foss/designs/runs/RUN_2026-06-19_03-34-39/06-yosys-synthesis/AREA_0.abc 
ABC: Error: The network is combinational.
ABC: Cannot find the default PI driving cell (gf180mcu_fd_sc_mcu7t5v0__inv_1/ZN) in the library.
ABC: WireLoad = "none"  Gates =      8 (  0.0 %)   Cap = 29.3 ff (  8.3 %)   Area =      153.66 ( 75.0 %)   Delay =  2342.37 ps  ( 25.0 %)               
ABC: Path  0 --       3 : 0    2 pi                              A =   0.00  Df =   0.0   -0.0 ps  S =   0.0 ps  Cin =  0.0 ff  Cout =   6.8 ff  Cmax =   0.0 ff  G =    0  
ABC: Path  1 --      11 : 3    2 gf180mcu_fd_sc_mcu7t5v0__and3_1 A =  21.95  Df = 460.9  -93.4 ps  S = 282.9 ps  Cin =  2.8 ff  Cout =  11.5 ff  Cmax = 237.8 ff  G =  414  
ABC: Path  2 --      12 : 3    1 gf180mcu_fd_sc_mcu7t5v0__nor3_1 A =  17.56  Df =2342.4-1007.1 ps  S =3397.8 ps  Cin =  4.1 ff  Cout =  72.9 ff  Cmax =  84.3 ff  G = 1778  
ABC: Start-point = pi2 (\cnt [2]).  End-point = po0 ($auto$rtlil.cc:3501:MuxGate$167).
ABC: netlist                       : i/o =    5/    4  lat =    0  nd =     8  edge =     19  area =153.66  delay = 3.00  lev = 3
ABC: + write_blif /tmp/yosys-abc-pMoGUq/output.blif 
ABC:                                                                                
ABC: YOSYS_ABC_DONE 

96.1.2. Re-integrating ABC results.
ABC RESULTS:   gf180mcu_fd_sc_mcu7t5v0__and3_1 cells:        1
ABC RESULTS:   gf180mcu_fd_sc_mcu7t5v0__aoi21_1 cells:        1
ABC RESULTS:   gf180mcu_fd_sc_mcu7t5v0__nor2_1 cells:        3
ABC RESULTS:   gf180mcu_fd_sc_mcu7t5v0__nor3_1 cells:        1
ABC RESULTS:   gf180mcu_fd_sc_mcu7t5v0__xnor2_1 cells:        2
ABC RESULTS:        internal signals:        7
ABC RESULTS:           input signals:        5
ABC RESULTS:          output signals:        4
Removing temp directory.
Removing global temp directory.

97. Executing SETUNDEF pass (replace undef values with defined constants).

98. Executing HILOMAP pass (mapping to constant drivers).

99. Executing SPLITNETS pass (splitting up multi-bit signals).

100. Executing OPT_CLEAN pass (remove unused cells and wires).
Finding unused cells or wires in module \counter..
Removed 0 unused cells and 23 unused wires.
<suppressed ~5 debug messages>

101. Executing INSBUF pass (insert buffer cells for connected wires).

102. Executing CHECK pass (checking for obvious problems).
Checking module counter...
Found and reported 0 problems.
{
   "creator": "Yosys 0.64 (git sha1 6d2c445ae, g++ 13.3.0-6ubuntu2~24.04.1 -fPIC -O3)",
   "invocation": "stat -json -liberty /foss/designs/runs/RUN_2026-06-19_03-34-39/tmp/1c3b74529a68466a8718f49247a5a15a.lib ",
   "modules": {
      "\\counter": {
         "num_wires":         39,
         "num_wire_bits":     42,
         "num_pub_wires":     11,
         "num_pub_wire_bits": 14,
         "num_ports":         3,
         "num_port_bits":     6,
         "num_memories":      0,
         "num_memory_bits":   0,
         "num_processes":     0,
         "num_cells":         33,
         "num_submodules":       0,
         "area":              583.923200,
         "sequential_area":    254.643200,
         "num_cells_by_type": {
            "gf180mcu_fd_ip_sram__sram64x8m8wm1": 1,
            "gf180mcu_fd_sc_mcu7t5v0__and3_1": 1,
            "gf180mcu_fd_sc_mcu7t5v0__aoi21_1": 1,
            "gf180mcu_fd_sc_mcu7t5v0__dffq_1": 4,
            "gf180mcu_fd_sc_mcu7t5v0__nor2_1": 3,
            "gf180mcu_fd_sc_mcu7t5v0__nor3_1": 1,
            "gf180mcu_fd_sc_mcu7t5v0__tieh": 2,
            "gf180mcu_fd_sc_mcu7t5v0__tiel": 18,
            "gf180mcu_fd_sc_mcu7t5v0__xnor2_1": 2
         }
      }
   },
      "design": {
         "num_wires":         39,
         "num_wire_bits":     42,
         "num_pub_wires":     11,
         "num_pub_wire_bits": 14,
         "num_ports":         3,
         "num_port_bits":     6,
         "num_memories":      0,
         "num_memory_bits":   0,
         "num_processes":     0,
         "num_cells":         33,
         "num_submodules":       0,
         "area":              583.923200,
         "sequential_area":    254.643200,
         "num_cells_by_type": {
            "gf180mcu_fd_ip_sram__sram64x8m8wm1": 1,
            "gf180mcu_fd_sc_mcu7t5v0__and3_1": 1,
            "gf180mcu_fd_sc_mcu7t5v0__aoi21_1": 1,
            "gf180mcu_fd_sc_mcu7t5v0__dffq_1": 4,
            "gf180mcu_fd_sc_mcu7t5v0__nor2_1": 3,
            "gf180mcu_fd_sc_mcu7t5v0__nor3_1": 1,
            "gf180mcu_fd_sc_mcu7t5v0__tieh": 2,
            "gf180mcu_fd_sc_mcu7t5v0__tiel": 18,
            "gf180mcu_fd_sc_mcu7t5v0__xnor2_1": 2
         }
      }
}

103. Printing statistics.

=== counter ===

        +----------Local Count, excluding submodules.
        |        +-Local Area, excluding submodules.
        |        | 
       39        - wires
       42        - wire bits
       11        - public wires
       14        - public wire bits
        3        - ports
        6        - port bits
       33  583.923 cells
        1        -   gf180mcu_fd_ip_sram__sram64x8m8wm1
        1   21.952   gf180mcu_fd_sc_mcu7t5v0__and3_1
        1   17.562   gf180mcu_fd_sc_mcu7t5v0__aoi21_1
        4  254.643   gf180mcu_fd_sc_mcu7t5v0__dffq_1
        3   39.514   gf180mcu_fd_sc_mcu7t5v0__nor2_1
        1   17.562   gf180mcu_fd_sc_mcu7t5v0__nor3_1
        2   17.562   gf180mcu_fd_sc_mcu7t5v0__tieh
       18  158.054   gf180mcu_fd_sc_mcu7t5v0__tiel
        2   57.075   gf180mcu_fd_sc_mcu7t5v0__xnor2_1

   Area for cell type \gf180mcu_fd_ip_sram__sram64x8m8wm1 is unknown!

   Chip area for module '\counter': 583.923200
     of which used for sequential elements: 254.643200 (43.61%)

104. Executing Verilog backend.
Dumping module `\counter'.

105. Executing JSON backend.
