Clock: core_clk
Sources: clk 
Generated: no
Virtual: yes
Propagated: no
Period: 26.041668

===========================================================================
report_clock_properties
============================================================================
Clock                   Period          Waveform
----------------------------------------------------
core_clk             26.041668    0.000000 13.020834

===========================================================================
report_clock_latency
============================================================================
Clock core_clk
rise -> rise
    min     max
0.000000 0.000000 source latency
0.809496         network latency u_transform_scheduler_core.u_fft_scratch_sram.u_lo.u_sram/CLK
        1.017873 network latency _19759_/CLK
---------------
0.809496 1.017873 latency
        0.208377 skew

fall -> fall
    min     max
0.000000 0.000000 source latency
0.793516         network latency u_transform_scheduler_core.u_fft_scratch_sram.u_lo.u_sram/CLK
        1.024221 network latency _19759_/CLK
---------------
0.793516 1.024221 latency
        0.230704 skew



===========================================================================
report_clock_min_period
============================================================================
core_clk period_min = 11.92 fmax = 83.87
