
===========================================================================
report_checks -path_delay min (Hold)
============================================================================
======================= nom_tt_025C_5v00 Corner ===================================

Startpoint: _223_ (rising edge-triggered flip-flop clocked by clk)
Endpoint: _219_ (rising edge-triggered flip-flop clocked by clk)
Path Group: clk
Path Type: min

Fanout         Cap        Slew       Delay        Time   Description
---------------------------------------------------------------------------------------------
                                  0.000000    0.000000   clock clk (rise edge)
                                  0.000000    0.000000   clock source latency
     7    0.030102    0.000000    0.000000    0.000000 ^ clk (in)
                                                         clk (net)
                      0.000430    0.000176    0.000176 ^ _223_/CLK (gf180mcu_fd_sc_mcu7t5v0__dffrnq_1)
     7    0.051020    0.539499    0.959626    0.959802 v _223_/Q (gf180mcu_fd_sc_mcu7t5v0__dffrnq_1)
                                                         busy_o (net)
                      0.539499    0.000028    0.959830 v _208_/A1 (gf180mcu_fd_sc_mcu7t5v0__nand2_1)
     1    0.004948    0.232271    0.231384    1.191215 ^ _208_/ZN (gf180mcu_fd_sc_mcu7t5v0__nand2_1)
                                                         _098_ (net)
                      0.232271    0.000004    1.191219 ^ _209_/A2 (gf180mcu_fd_sc_mcu7t5v0__aoi21_1)
     1    0.003443    0.130449    0.109087    1.300306 v _209_/ZN (gf180mcu_fd_sc_mcu7t5v0__aoi21_1)
                                                         _003_ (net)
                      0.130449    0.000006    1.300312 v _219_/D (gf180mcu_fd_sc_mcu7t5v0__dffrnq_1)
                                              1.300312   data arrival time

                                  0.000000    0.000000   clock clk (rise edge)
                                  0.000000    0.000000   clock source latency
     7    0.030102    0.000000    0.000000    0.000000 ^ clk (in)
                                                         clk (net)
                      0.000324    0.000133    0.000133 ^ _219_/CLK (gf180mcu_fd_sc_mcu7t5v0__dffrnq_1)
                                  0.250000    0.250133   clock uncertainty
                                  0.000000    0.250133   clock reconvergence pessimism
                                  0.107260    0.357392   library hold time
                                              0.357392   data required time
---------------------------------------------------------------------------------------------
                                              0.357392   data required time
                                             -1.300312   data arrival time
---------------------------------------------------------------------------------------------
                                              0.942920   slack (MET)


Startpoint: _223_ (rising edge-triggered flip-flop clocked by clk)
Endpoint: _220_ (rising edge-triggered flip-flop clocked by clk)
Path Group: clk
Path Type: min

Fanout         Cap        Slew       Delay        Time   Description
---------------------------------------------------------------------------------------------
                                  0.000000    0.000000   clock clk (rise edge)
                                  0.000000    0.000000   clock source latency
     7    0.030102    0.000000    0.000000    0.000000 ^ clk (in)
                                                         clk (net)
                      0.000430    0.000176    0.000176 ^ _223_/CLK (gf180mcu_fd_sc_mcu7t5v0__dffrnq_1)
     7    0.051020    0.539499    0.959626    0.959802 v _223_/Q (gf180mcu_fd_sc_mcu7t5v0__dffrnq_1)
                                                         busy_o (net)
                      0.539499    0.000104    0.959906 v _211_/A1 (gf180mcu_fd_sc_mcu7t5v0__nand3_1)
     1    0.004633    0.242469    0.257357    1.217263 ^ _211_/ZN (gf180mcu_fd_sc_mcu7t5v0__nand3_1)
                                                         _100_ (net)
                      0.242469    0.000002    1.217265 ^ _212_/A2 (gf180mcu_fd_sc_mcu7t5v0__nand2_1)
     1    0.003048    0.125350    0.099744    1.317009 v _212_/ZN (gf180mcu_fd_sc_mcu7t5v0__nand2_1)
                                                         _004_ (net)
                      0.125350    0.000000    1.317010 v _220_/D (gf180mcu_fd_sc_mcu7t5v0__dffrnq_1)
                                              1.317010   data arrival time

                                  0.000000    0.000000   clock clk (rise edge)
                                  0.000000    0.000000   clock source latency
     7    0.030102    0.000000    0.000000    0.000000 ^ clk (in)
                                                         clk (net)
                      0.000456    0.000187    0.000187 ^ _220_/CLK (gf180mcu_fd_sc_mcu7t5v0__dffrnq_1)
                                  0.250000    0.250187   clock uncertainty
                                  0.000000    0.250187   clock reconvergence pessimism
                                  0.108430    0.358616   library hold time
                                              0.358616   data required time
---------------------------------------------------------------------------------------------
                                              0.358616   data required time
                                             -1.317010   data arrival time
---------------------------------------------------------------------------------------------
                                              0.958394   slack (MET)


Startpoint: _223_ (rising edge-triggered flip-flop clocked by clk)
Endpoint: _224_ (rising edge-triggered flip-flop clocked by clk)
Path Group: clk
Path Type: min

Fanout         Cap        Slew       Delay        Time   Description
---------------------------------------------------------------------------------------------
                                  0.000000    0.000000   clock clk (rise edge)
                                  0.000000    0.000000   clock source latency
     7    0.030102    0.000000    0.000000    0.000000 ^ clk (in)
                                                         clk (net)
                      0.000430    0.000176    0.000176 ^ _223_/CLK (gf180mcu_fd_sc_mcu7t5v0__dffrnq_1)
     7    0.051020    0.539499    0.959626    0.959802 v _223_/Q (gf180mcu_fd_sc_mcu7t5v0__dffrnq_1)
                                                         busy_o (net)
                      0.539499    0.000085    0.959887 v _109_/I (gf180mcu_fd_sc_mcu7t5v0__clkinv_1)
     1    0.004491    0.211048    0.187504    1.147391 ^ _109_/ZN (gf180mcu_fd_sc_mcu7t5v0__clkinv_1)
                                                         _011_ (net)
                      0.211048    0.000000    1.147392 ^ _114_/A1 (gf180mcu_fd_sc_mcu7t5v0__nor2_1)
     4    0.014530    0.255004    0.205596    1.352988 v _114_/ZN (gf180mcu_fd_sc_mcu7t5v0__nor2_1)
                                                         _002_ (net)
                      0.255004    0.000047    1.353034 v _224_/D (gf180mcu_fd_sc_mcu7t5v0__dffrnq_1)
                                              1.353034   data arrival time

                                  0.000000    0.000000   clock clk (rise edge)
                                  0.000000    0.000000   clock source latency
     7    0.030102    0.000000    0.000000    0.000000 ^ clk (in)
                                                         clk (net)
                      0.000402    0.000164    0.000164 ^ _224_/CLK (gf180mcu_fd_sc_mcu7t5v0__dffrnq_1)
                                  0.250000    0.250164   clock uncertainty
                                  0.000000    0.250164   clock reconvergence pessimism
                                  0.083255    0.333419   library hold time
                                              0.333419   data required time
---------------------------------------------------------------------------------------------
                                              0.333419   data required time
                                             -1.353034   data arrival time
---------------------------------------------------------------------------------------------
                                              1.019616   slack (MET)


Startpoint: _223_ (rising edge-triggered flip-flop clocked by clk)
Endpoint: _222_ (rising edge-triggered flip-flop clocked by clk)
Path Group: clk
Path Type: min

Fanout         Cap        Slew       Delay        Time   Description
---------------------------------------------------------------------------------------------
                                  0.000000    0.000000   clock clk (rise edge)
                                  0.000000    0.000000   clock source latency
     7    0.030102    0.000000    0.000000    0.000000 ^ clk (in)
                                                         clk (net)
                      0.000430    0.000176    0.000176 ^ _223_/CLK (gf180mcu_fd_sc_mcu7t5v0__dffrnq_1)
     7    0.051020    0.539499    0.959626    0.959802 v _223_/Q (gf180mcu_fd_sc_mcu7t5v0__dffrnq_1)
                                                         busy_o (net)
                      0.539499    0.000041    0.959843 v _213_/A1 (gf180mcu_fd_sc_mcu7t5v0__aoi21_1)
     2    0.008960    0.367192    0.380341    1.340184 ^ _213_/ZN (gf180mcu_fd_sc_mcu7t5v0__aoi21_1)
                                                         _101_ (net)
                      0.367192    0.000021    1.340205 ^ _218_/A1 (gf180mcu_fd_sc_mcu7t5v0__nor2_1)
     1    0.003425    0.154611    0.115857    1.456062 v _218_/ZN (gf180mcu_fd_sc_mcu7t5v0__nor2_1)
                                                         _006_ (net)
                      0.154611    0.000006    1.456068 v _222_/D (gf180mcu_fd_sc_mcu7t5v0__dffrnq_1)
                                              1.456068   data arrival time

                                  0.000000    0.000000   clock clk (rise edge)
                                  0.000000    0.000000   clock source latency
     7    0.030102    0.000000    0.000000    0.000000 ^ clk (in)
                                                         clk (net)
                      0.000376    0.000154    0.000154 ^ _222_/CLK (gf180mcu_fd_sc_mcu7t5v0__dffrnq_1)
                                  0.250000    0.250154   clock uncertainty
                                  0.000000    0.250154   clock reconvergence pessimism
                                  0.102257    0.352411   library hold time
                                              0.352411   data required time
---------------------------------------------------------------------------------------------
                                              0.352411   data required time
                                             -1.456068   data arrival time
---------------------------------------------------------------------------------------------
                                              1.103657   slack (MET)


Startpoint: _220_ (rising edge-triggered flip-flop clocked by clk)
Endpoint: _221_ (rising edge-triggered flip-flop clocked by clk)
Path Group: clk
Path Type: min

Fanout         Cap        Slew       Delay        Time   Description
---------------------------------------------------------------------------------------------
                                  0.000000    0.000000   clock clk (rise edge)
                                  0.000000    0.000000   clock source latency
     7    0.030102    0.000000    0.000000    0.000000 ^ clk (in)
                                                         clk (net)
                      0.000456    0.000187    0.000187 ^ _220_/CLK (gf180mcu_fd_sc_mcu7t5v0__dffrnq_1)
    15    0.069532    0.719032    1.069443    1.069630 v _220_/Q (gf180mcu_fd_sc_mcu7t5v0__dffrnq_1)
                                                         byte_index[1] (net)
                      0.719032    0.000057    1.069686 v _215_/A1 (gf180mcu_fd_sc_mcu7t5v0__nand2_1)
     1    0.004844    0.208067    0.265194    1.334881 ^ _215_/ZN (gf180mcu_fd_sc_mcu7t5v0__nand2_1)
                                                         _103_ (net)
                      0.208067    0.000007    1.334888 ^ _216_/A2 (gf180mcu_fd_sc_mcu7t5v0__aoi211_1)
     1    0.003532    0.155694    0.133117    1.468005 v _216_/ZN (gf180mcu_fd_sc_mcu7t5v0__aoi211_1)
                                                         _005_ (net)
                      0.155694    0.000008    1.468013 v _221_/D (gf180mcu_fd_sc_mcu7t5v0__dffrnq_1)
                                              1.468013   data arrival time

                                  0.000000    0.000000   clock clk (rise edge)
                                  0.000000    0.000000   clock source latency
     7    0.030102    0.000000    0.000000    0.000000 ^ clk (in)
                                                         clk (net)
                      0.000376    0.000154    0.000154 ^ _221_/CLK (gf180mcu_fd_sc_mcu7t5v0__dffrnq_1)
                                  0.250000    0.250154   clock uncertainty
                                  0.000000    0.250154   clock reconvergence pessimism
                                  0.102052    0.352206   library hold time
                                              0.352206   data required time
---------------------------------------------------------------------------------------------
                                              0.352206   data required time
                                             -1.468013   data arrival time
---------------------------------------------------------------------------------------------
                                              1.115807   slack (MET)


Startpoint: _223_ (rising edge-triggered flip-flop clocked by clk)
Endpoint: _225_ (rising edge-triggered flip-flop clocked by clk)
Path Group: clk
Path Type: min

Fanout         Cap        Slew       Delay        Time   Description
---------------------------------------------------------------------------------------------
                                  0.000000    0.000000   clock clk (rise edge)
                                  0.000000    0.000000   clock source latency
     7    0.030102    0.000000    0.000000    0.000000 ^ clk (in)
                                                         clk (net)
                      0.000430    0.000176    0.000176 ^ _223_/CLK (gf180mcu_fd_sc_mcu7t5v0__dffrnq_1)
     7    0.051020    0.539499    0.959626    0.959802 v _223_/Q (gf180mcu_fd_sc_mcu7t5v0__dffrnq_1)
                                                         busy_o (net)
                      0.539499    0.000085    0.959887 v _109_/I (gf180mcu_fd_sc_mcu7t5v0__clkinv_1)
     1    0.004491    0.211048    0.187504    1.147391 ^ _109_/ZN (gf180mcu_fd_sc_mcu7t5v0__clkinv_1)
                                                         _011_ (net)
                      0.211048    0.000000    1.147392 ^ _114_/A1 (gf180mcu_fd_sc_mcu7t5v0__nor2_1)
     4    0.014530    0.255004    0.205596    1.352988 v _114_/ZN (gf180mcu_fd_sc_mcu7t5v0__nor2_1)
                                                         _002_ (net)
                      0.255004    0.000049    1.353037 v _118_/A2 (gf180mcu_fd_sc_mcu7t5v0__and2_1)
     1    0.003424    0.102572    0.294828    1.647865 v _118_/Z (gf180mcu_fd_sc_mcu7t5v0__and2_1)
                                                         _001_ (net)
                      0.102572    0.000006    1.647871 v _225_/D (gf180mcu_fd_sc_mcu7t5v0__dffrnq_1)
                                              1.647871   data arrival time

                                  0.000000    0.000000   clock clk (rise edge)
                                  0.000000    0.000000   clock source latency
     7    0.030102    0.000000    0.000000    0.000000 ^ clk (in)
                                                         clk (net)
                      0.000360    0.000147    0.000147 ^ _225_/CLK (gf180mcu_fd_sc_mcu7t5v0__dffrnq_1)
                                  0.250000    0.250147   clock uncertainty
                                  0.000000    0.250147   clock reconvergence pessimism
                                  0.113465    0.363612   library hold time
                                              0.363612   data required time
---------------------------------------------------------------------------------------------
                                              0.363612   data required time
                                             -1.647871   data arrival time
---------------------------------------------------------------------------------------------
                                              1.284259   slack (MET)


Startpoint: _223_ (rising edge-triggered flip-flop clocked by clk)
Endpoint: _223_ (rising edge-triggered flip-flop clocked by clk)
Path Group: clk
Path Type: min

Fanout         Cap        Slew       Delay        Time   Description
---------------------------------------------------------------------------------------------
                                  0.000000    0.000000   clock clk (rise edge)
                                  0.000000    0.000000   clock source latency
     7    0.030102    0.000000    0.000000    0.000000 ^ clk (in)
                                                         clk (net)
                      0.000430    0.000176    0.000176 ^ _223_/CLK (gf180mcu_fd_sc_mcu7t5v0__dffrnq_1)
     7    0.051020    0.539499    0.959626    0.959802 v _223_/Q (gf180mcu_fd_sc_mcu7t5v0__dffrnq_1)
                                                         busy_o (net)
                      0.539499    0.000118    0.959920 v _115_/B (gf180mcu_fd_sc_mcu7t5v0__aoi21_1)
     5    0.024837    0.712426    0.534992    1.494911 ^ _115_/ZN (gf180mcu_fd_sc_mcu7t5v0__aoi21_1)
                                                         _016_ (net)
                      0.712426    0.000083    1.494995 ^ _116_/A2 (gf180mcu_fd_sc_mcu7t5v0__nor2_1)
     1    0.003123    0.188473    0.158815    1.653809 v _116_/ZN (gf180mcu_fd_sc_mcu7t5v0__nor2_1)
                                                         _000_ (net)
                      0.188473    0.000001    1.653811 v _223_/D (gf180mcu_fd_sc_mcu7t5v0__dffrnq_1)
                                              1.653811   data arrival time

                                  0.000000    0.000000   clock clk (rise edge)
                                  0.000000    0.000000   clock source latency
     7    0.030102    0.000000    0.000000    0.000000 ^ clk (in)
                                                         clk (net)
                      0.000430    0.000176    0.000176 ^ _223_/CLK (gf180mcu_fd_sc_mcu7t5v0__dffrnq_1)
                                  0.250000    0.250176   clock uncertainty
                                  0.000000    0.250176   clock reconvergence pessimism
                                  0.095860    0.346036   library hold time
                                              0.346036   data required time
---------------------------------------------------------------------------------------------
                                              0.346036   data required time
                                             -1.653811   data arrival time
---------------------------------------------------------------------------------------------
                                              1.307774   slack (MET)


Startpoint: rst_n (input port clocked by clk)
Endpoint: _225_ (removal check against rising-edge clock clk)
Path Group: asynchronous
Path Type: min

Fanout         Cap        Slew       Delay        Time   Description
---------------------------------------------------------------------------------------------
                                  0.000000    0.000000   clock clk (rise edge)
                                  0.000000    0.000000   clock network delay (propagated)
                                  3.200000    3.200000 ^ input external delay
     7    0.056904    0.263147    0.137713    3.337713 ^ rst_n (in)
                                                         rst_n (net)
                      0.263147    0.000000    3.337713 ^ _225_/RN (gf180mcu_fd_sc_mcu7t5v0__dffrnq_1)
                                              3.337713   data arrival time

                                  0.000000    0.000000   clock clk (rise edge)
                                  0.000000    0.000000   clock source latency
     7    0.030102    0.000000    0.000000    0.000000 ^ clk (in)
                                                         clk (net)
                      0.000360    0.000147    0.000147 ^ _225_/CLK (gf180mcu_fd_sc_mcu7t5v0__dffrnq_1)
                                  0.250000    0.250147   clock uncertainty
                                  0.000000    0.250147   clock reconvergence pessimism
                                  0.337675    0.587822   library removal time
                                              0.587822   data required time
---------------------------------------------------------------------------------------------
                                              0.587822   data required time
                                             -3.337713   data arrival time
---------------------------------------------------------------------------------------------
                                              2.749890   slack (MET)


Startpoint: rst_n (input port clocked by clk)
Endpoint: _224_ (removal check against rising-edge clock clk)
Path Group: asynchronous
Path Type: min

Fanout         Cap        Slew       Delay        Time   Description
---------------------------------------------------------------------------------------------
                                  0.000000    0.000000   clock clk (rise edge)
                                  0.000000    0.000000   clock network delay (propagated)
                                  3.200000    3.200000 ^ input external delay
     7    0.056904    0.263147    0.137761    3.337761 ^ rst_n (in)
                                                         rst_n (net)
                      0.263147    0.000000    3.337761 ^ _224_/RN (gf180mcu_fd_sc_mcu7t5v0__dffrnq_1)
                                              3.337761   data arrival time

                                  0.000000    0.000000   clock clk (rise edge)
                                  0.000000    0.000000   clock source latency
     7    0.030102    0.000000    0.000000    0.000000 ^ clk (in)
                                                         clk (net)
                      0.000402    0.000164    0.000164 ^ _224_/CLK (gf180mcu_fd_sc_mcu7t5v0__dffrnq_1)
                                  0.250000    0.250164   clock uncertainty
                                  0.000000    0.250164   clock reconvergence pessimism
                                  0.337683    0.587847   library removal time
                                              0.587847   data required time
---------------------------------------------------------------------------------------------
                                              0.587847   data required time
                                             -3.337761   data arrival time
---------------------------------------------------------------------------------------------
                                              2.749914   slack (MET)


Startpoint: rst_n (input port clocked by clk)
Endpoint: _223_ (removal check against rising-edge clock clk)
Path Group: asynchronous
Path Type: min

Fanout         Cap        Slew       Delay        Time   Description
---------------------------------------------------------------------------------------------
                                  0.000000    0.000000   clock clk (rise edge)
                                  0.000000    0.000000   clock network delay (propagated)
                                  3.200000    3.200000 ^ input external delay
     7    0.056904    0.263147    0.137793    3.337793 ^ rst_n (in)
                                                         rst_n (net)
                      0.263147    0.000000    3.337793 ^ _223_/RN (gf180mcu_fd_sc_mcu7t5v0__dffrnq_1)
                                              3.337793   data arrival time

                                  0.000000    0.000000   clock clk (rise edge)
                                  0.000000    0.000000   clock source latency
     7    0.030102    0.000000    0.000000    0.000000 ^ clk (in)
                                                         clk (net)
                      0.000430    0.000176    0.000176 ^ _223_/CLK (gf180mcu_fd_sc_mcu7t5v0__dffrnq_1)
                                  0.250000    0.250176   clock uncertainty
                                  0.000000    0.250176   clock reconvergence pessimism
                                  0.337688    0.587864   library removal time
                                              0.587864   data required time
---------------------------------------------------------------------------------------------
                                              0.587864   data required time
                                             -3.337793   data arrival time
---------------------------------------------------------------------------------------------
                                              2.749929   slack (MET)


Startpoint: rst_n (input port clocked by clk)
Endpoint: _220_ (removal check against rising-edge clock clk)
Path Group: asynchronous
Path Type: min

Fanout         Cap        Slew       Delay        Time   Description
---------------------------------------------------------------------------------------------
                                  0.000000    0.000000   clock clk (rise edge)
                                  0.000000    0.000000   clock network delay (propagated)
                                  3.200000    3.200000 ^ input external delay
     7    0.056904    0.263147    0.137824    3.337824 ^ rst_n (in)
                                                         rst_n (net)
                      0.263147    0.000000    3.337824 ^ _220_/RN (gf180mcu_fd_sc_mcu7t5v0__dffrnq_1)
                                              3.337824   data arrival time

                                  0.000000    0.000000   clock clk (rise edge)
                                  0.000000    0.000000   clock source latency
     7    0.030102    0.000000    0.000000    0.000000 ^ clk (in)
                                                         clk (net)
                      0.000456    0.000187    0.000187 ^ _220_/CLK (gf180mcu_fd_sc_mcu7t5v0__dffrnq_1)
                                  0.250000    0.250187   clock uncertainty
                                  0.000000    0.250187   clock reconvergence pessimism
                                  0.337693    0.587880   library removal time
                                              0.587880   data required time
---------------------------------------------------------------------------------------------
                                              0.587880   data required time
                                             -3.337824   data arrival time
---------------------------------------------------------------------------------------------
                                              2.749944   slack (MET)


Startpoint: rst_n (input port clocked by clk)
Endpoint: _219_ (removal check against rising-edge clock clk)
Path Group: asynchronous
Path Type: min

Fanout         Cap        Slew       Delay        Time   Description
---------------------------------------------------------------------------------------------
                                  0.000000    0.000000   clock clk (rise edge)
                                  0.000000    0.000000   clock network delay (propagated)
                                  3.200000    3.200000 ^ input external delay
     7    0.056904    0.263147    0.137806    3.337806 ^ rst_n (in)
                                                         rst_n (net)
                      0.263147    0.000000    3.337806 ^ _219_/RN (gf180mcu_fd_sc_mcu7t5v0__dffrnq_1)
                                              3.337806   data arrival time

                                  0.000000    0.000000   clock clk (rise edge)
                                  0.000000    0.000000   clock source latency
     7    0.030102    0.000000    0.000000    0.000000 ^ clk (in)
                                                         clk (net)
                      0.000324    0.000133    0.000133 ^ _219_/CLK (gf180mcu_fd_sc_mcu7t5v0__dffrnq_1)
                                  0.250000    0.250133   clock uncertainty
                                  0.000000    0.250133   clock reconvergence pessimism
                                  0.337669    0.587801   library removal time
                                              0.587801   data required time
---------------------------------------------------------------------------------------------
                                              0.587801   data required time
                                             -3.337806   data arrival time
---------------------------------------------------------------------------------------------
                                              2.750005   slack (MET)


Startpoint: rst_n (input port clocked by clk)
Endpoint: _221_ (removal check against rising-edge clock clk)
Path Group: asynchronous
Path Type: min

Fanout         Cap        Slew       Delay        Time   Description
---------------------------------------------------------------------------------------------
                                  0.000000    0.000000   clock clk (rise edge)
                                  0.000000    0.000000   clock network delay (propagated)
                                  3.200000    3.200000 ^ input external delay
     7    0.056904    0.263147    0.137869    3.337869 ^ rst_n (in)
                                                         rst_n (net)
                      0.263147    0.000000    3.337869 ^ _221_/RN (gf180mcu_fd_sc_mcu7t5v0__dffrnq_1)
                                              3.337869   data arrival time

                                  0.000000    0.000000   clock clk (rise edge)
                                  0.000000    0.000000   clock source latency
     7    0.030102    0.000000    0.000000    0.000000 ^ clk (in)
                                                         clk (net)
                      0.000376    0.000154    0.000154 ^ _221_/CLK (gf180mcu_fd_sc_mcu7t5v0__dffrnq_1)
                                  0.250000    0.250154   clock uncertainty
                                  0.000000    0.250154   clock reconvergence pessimism
                                  0.337678    0.587832   library removal time
                                              0.587832   data required time
---------------------------------------------------------------------------------------------
                                              0.587832   data required time
                                             -3.337869   data arrival time
---------------------------------------------------------------------------------------------
                                              2.750037   slack (MET)


Startpoint: rst_n (input port clocked by clk)
Endpoint: _222_ (removal check against rising-edge clock clk)
Path Group: asynchronous
Path Type: min

Fanout         Cap        Slew       Delay        Time   Description
---------------------------------------------------------------------------------------------
                                  0.000000    0.000000   clock clk (rise edge)
                                  0.000000    0.000000   clock network delay (propagated)
                                  3.200000    3.200000 ^ input external delay
     7    0.056904    0.263147    0.137868    3.337868 ^ rst_n (in)
                                                         rst_n (net)
                      0.263147    0.000000    3.337868 ^ _222_/RN (gf180mcu_fd_sc_mcu7t5v0__dffrnq_1)
                                              3.337868   data arrival time

                                  0.000000    0.000000   clock clk (rise edge)
                                  0.000000    0.000000   clock source latency
     7    0.030102    0.000000    0.000000    0.000000 ^ clk (in)
                                                         clk (net)
                      0.000376    0.000154    0.000154 ^ _222_/CLK (gf180mcu_fd_sc_mcu7t5v0__dffrnq_1)
                                  0.250000    0.250154   clock uncertainty
                                  0.000000    0.250154   clock reconvergence pessimism
                                  0.337678    0.587832   library removal time
                                              0.587832   data required time
---------------------------------------------------------------------------------------------
                                              0.587832   data required time
                                             -3.337868   data arrival time
---------------------------------------------------------------------------------------------
                                              2.750036   slack (MET)


Startpoint: _224_ (rising edge-triggered flip-flop clocked by clk)
Endpoint: transaction_done_o (output port clocked by clk)
Path Group: clk
Path Type: min

Fanout         Cap        Slew       Delay        Time   Description
---------------------------------------------------------------------------------------------
                                  0.000000    0.000000   clock clk (rise edge)
                                  0.000000    0.000000   clock source latency
     7    0.030102    0.000000    0.000000    0.000000 ^ clk (in)
                                                         clk (net)
                      0.000402    0.000164    0.000164 ^ _224_/CLK (gf180mcu_fd_sc_mcu7t5v0__dffrnq_1)
     1    0.021963    0.259776    0.784899    0.785063 v _224_/Q (gf180mcu_fd_sc_mcu7t5v0__dffrnq_1)
                                                         transaction_done_o (net)
                      0.259776    0.000184    0.785247 v transaction_done_o (out)
                                              0.785247   data arrival time

                                  0.000000    0.000000   clock clk (rise edge)
                                  0.000000    0.000000   clock network delay (propagated)
                                  0.250000    0.250000   clock uncertainty
                                  0.000000    0.250000   clock reconvergence pessimism
                                 -3.200000   -2.950000   output external delay
                                             -2.950000   data required time
---------------------------------------------------------------------------------------------
                                             -2.950000   data required time
                                             -0.785247   data arrival time
---------------------------------------------------------------------------------------------
                                              3.735247   slack (MET)


Startpoint: _225_ (rising edge-triggered flip-flop clocked by clk)
Endpoint: job_done_o (output port clocked by clk)
Path Group: clk
Path Type: min

Fanout         Cap        Slew       Delay        Time   Description
---------------------------------------------------------------------------------------------
                                  0.000000    0.000000   clock clk (rise edge)
                                  0.000000    0.000000   clock source latency
     7    0.030102    0.000000    0.000000    0.000000 ^ clk (in)
                                                         clk (net)
                      0.000360    0.000147    0.000147 ^ _225_/CLK (gf180mcu_fd_sc_mcu7t5v0__dffrnq_1)
     1    0.022146    0.261361    0.785999    0.786146 v _225_/Q (gf180mcu_fd_sc_mcu7t5v0__dffrnq_1)
                                                         job_done_o (net)
                      0.261361    0.000197    0.786343 v job_done_o (out)
                                              0.786343   data arrival time

                                  0.000000    0.000000   clock clk (rise edge)
                                  0.000000    0.000000   clock network delay (propagated)
                                  0.250000    0.250000   clock uncertainty
                                  0.000000    0.250000   clock reconvergence pessimism
                                 -3.200000   -2.950000   output external delay
                                             -2.950000   data required time
---------------------------------------------------------------------------------------------
                                             -2.950000   data required time
                                             -0.786343   data arrival time
---------------------------------------------------------------------------------------------
                                              3.736343   slack (MET)


Startpoint: _223_ (rising edge-triggered flip-flop clocked by clk)
Endpoint: busy_o (output port clocked by clk)
Path Group: clk
Path Type: min

Fanout         Cap        Slew       Delay        Time   Description
---------------------------------------------------------------------------------------------
                                  0.000000    0.000000   clock clk (rise edge)
                                  0.000000    0.000000   clock source latency
     7    0.030102    0.000000    0.000000    0.000000 ^ clk (in)
                                                         clk (net)
                      0.000430    0.000176    0.000176 ^ _223_/CLK (gf180mcu_fd_sc_mcu7t5v0__dffrnq_1)
     7    0.051020    0.539499    0.959626    0.959802 v _223_/Q (gf180mcu_fd_sc_mcu7t5v0__dffrnq_1)
                                                         busy_o (net)
                      0.539499    0.000174    0.959976 v busy_o (out)
                                              0.959976   data arrival time

                                  0.000000    0.000000   clock clk (rise edge)
                                  0.000000    0.000000   clock network delay (propagated)
                                  0.250000    0.250000   clock uncertainty
                                  0.000000    0.250000   clock reconvergence pessimism
                                 -3.200000   -2.950000   output external delay
                                             -2.950000   data required time
---------------------------------------------------------------------------------------------
                                             -2.950000   data required time
                                             -0.959976   data arrival time
---------------------------------------------------------------------------------------------
                                              3.909976   slack (MET)


Startpoint: _223_ (rising edge-triggered flip-flop clocked by clk)
Endpoint: dout_valid_o (output port clocked by clk)
Path Group: clk
Path Type: min

Fanout         Cap        Slew       Delay        Time   Description
---------------------------------------------------------------------------------------------
                                  0.000000    0.000000   clock clk (rise edge)
                                  0.000000    0.000000   clock source latency
     7    0.030102    0.000000    0.000000    0.000000 ^ clk (in)
                                                         clk (net)
                      0.000430    0.000176    0.000176 ^ _223_/CLK (gf180mcu_fd_sc_mcu7t5v0__dffrnq_1)
     7    0.051020    0.539499    0.959626    0.959802 v _223_/Q (gf180mcu_fd_sc_mcu7t5v0__dffrnq_1)
                                                         busy_o (net)
                      0.539499    0.000119    0.959921 v _226_/I (gf180mcu_fd_sc_mcu7t5v0__buf_1)
     1    0.020799    0.265560    0.488524    1.448445 v _226_/Z (gf180mcu_fd_sc_mcu7t5v0__buf_1)
                                                         dout_valid_o (net)
                      0.265560    0.000065    1.448510 v dout_valid_o (out)
                                              1.448510   data arrival time

                                  0.000000    0.000000   clock clk (rise edge)
                                  0.000000    0.000000   clock network delay (propagated)
                                  0.250000    0.250000   clock uncertainty
                                  0.000000    0.250000   clock reconvergence pessimism
                                 -3.200000   -2.950000   output external delay
                                             -2.950000   data required time
---------------------------------------------------------------------------------------------
                                             -2.950000   data required time
                                             -1.448510   data arrival time
---------------------------------------------------------------------------------------------
                                              4.398510   slack (MET)


Startpoint: _223_ (rising edge-triggered flip-flop clocked by clk)
Endpoint: result_ready_o (output port clocked by clk)
Path Group: clk
Path Type: min

Fanout         Cap        Slew       Delay        Time   Description
---------------------------------------------------------------------------------------------
                                  0.000000    0.000000   clock clk (rise edge)
                                  0.000000    0.000000   clock source latency
     7    0.030102    0.000000    0.000000    0.000000 ^ clk (in)
                                                         clk (net)
                      0.000430    0.000176    0.000176 ^ _223_/CLK (gf180mcu_fd_sc_mcu7t5v0__dffrnq_1)
     7    0.051020    0.539499    0.959626    0.959802 v _223_/Q (gf180mcu_fd_sc_mcu7t5v0__dffrnq_1)
                                                         busy_o (net)
                      0.539499    0.000085    0.959887 v _109_/I (gf180mcu_fd_sc_mcu7t5v0__clkinv_1)
     1    0.004491    0.211048    0.187504    1.147391 ^ _109_/ZN (gf180mcu_fd_sc_mcu7t5v0__clkinv_1)
                                                         _011_ (net)
                      0.211048    0.000000    1.147392 ^ _114_/A1 (gf180mcu_fd_sc_mcu7t5v0__nor2_1)
     4    0.014530    0.255004    0.205596    1.352988 v _114_/ZN (gf180mcu_fd_sc_mcu7t5v0__nor2_1)
                                                         _002_ (net)
                      0.255004    0.000043    1.353030 v _117_/A2 (gf180mcu_fd_sc_mcu7t5v0__and2_1)
     1    0.020790    0.260041    0.420536    1.773566 v _117_/Z (gf180mcu_fd_sc_mcu7t5v0__and2_1)
                                                         result_ready_o (net)
                      0.260041    0.000065    1.773631 v result_ready_o (out)
                                              1.773631   data arrival time

                                  0.000000    0.000000   clock clk (rise edge)
                                  0.000000    0.000000   clock network delay (propagated)
                                  0.250000    0.250000   clock uncertainty
                                  0.000000    0.250000   clock reconvergence pessimism
                                 -3.200000   -2.950000   output external delay
                                             -2.950000   data required time
---------------------------------------------------------------------------------------------
                                             -2.950000   data required time
                                             -1.773631   data arrival time
---------------------------------------------------------------------------------------------
                                              4.723631   slack (MET)


Startpoint: _222_ (rising edge-triggered flip-flop clocked by clk)
Endpoint: dout_o[4] (output port clocked by clk)
Path Group: clk
Path Type: min

Fanout         Cap        Slew       Delay        Time   Description
---------------------------------------------------------------------------------------------
                                  0.000000    0.000000   clock clk (rise edge)
                                  0.000000    0.000000   clock source latency
     7    0.030102    0.000000    0.000000    0.000000 ^ clk (in)
                                                         clk (net)
                      0.000376    0.000154    0.000154 ^ _222_/CLK (gf180mcu_fd_sc_mcu7t5v0__dffrnq_1)
    11    0.049490    0.508823    0.950186    0.950339 v _222_/Q (gf180mcu_fd_sc_mcu7t5v0__dffrnq_1)
                                                         byte_index[3] (net)
                      0.508823    0.000308    0.950648 v _119_/A1 (gf180mcu_fd_sc_mcu7t5v0__nand2_1)
     3    0.012394    0.336824    0.313746    1.264393 ^ _119_/ZN (gf180mcu_fd_sc_mcu7t5v0__nand2_1)
                                                         _017_ (net)
                      0.336824    0.000004    1.264398 ^ _134_/A3 (gf180mcu_fd_sc_mcu7t5v0__nor3_1)
     8    0.123663    1.987428    1.373046    2.637444 v _134_/ZN (gf180mcu_fd_sc_mcu7t5v0__nor3_1)
                                                         _032_ (net)
                      1.987428    0.000363    2.637808 v _172_/B1 (gf180mcu_fd_sc_mcu7t5v0__aoi22_1)
     1    0.004179    0.192801    0.511321    3.149128 ^ _172_/ZN (gf180mcu_fd_sc_mcu7t5v0__aoi22_1)
                                                         _066_ (net)
                      0.192801    0.000002    3.149130 ^ _180_/A1 (gf180mcu_fd_sc_mcu7t5v0__nand4_1)
     1    0.020998    0.669781    0.407644    3.556774 v _180_/ZN (gf180mcu_fd_sc_mcu7t5v0__nand4_1)
                                                         dout_o[4] (net)
                      0.669781    0.000085    3.556859 v dout_o[4] (out)
                                              3.556859   data arrival time

                                  0.000000    0.000000   clock clk (rise edge)
                                  0.000000    0.000000   clock network delay (propagated)
                                  0.250000    0.250000   clock uncertainty
                                  0.000000    0.250000   clock reconvergence pessimism
                                 -3.200000   -2.950000   output external delay
                                             -2.950000   data required time
---------------------------------------------------------------------------------------------
                                             -2.950000   data required time
                                             -3.556859   data arrival time
---------------------------------------------------------------------------------------------
                                              6.506859   slack (MET)


Startpoint: _222_ (rising edge-triggered flip-flop clocked by clk)
Endpoint: dout_o[5] (output port clocked by clk)
Path Group: clk
Path Type: min

Fanout         Cap        Slew       Delay        Time   Description
---------------------------------------------------------------------------------------------
                                  0.000000    0.000000   clock clk (rise edge)
                                  0.000000    0.000000   clock source latency
     7    0.030102    0.000000    0.000000    0.000000 ^ clk (in)
                                                         clk (net)
                      0.000376    0.000154    0.000154 ^ _222_/CLK (gf180mcu_fd_sc_mcu7t5v0__dffrnq_1)
    11    0.049490    0.508823    0.950186    0.950339 v _222_/Q (gf180mcu_fd_sc_mcu7t5v0__dffrnq_1)
                                                         byte_index[3] (net)
                      0.508823    0.000308    0.950648 v _119_/A1 (gf180mcu_fd_sc_mcu7t5v0__nand2_1)
     3    0.012394    0.336824    0.313746    1.264393 ^ _119_/ZN (gf180mcu_fd_sc_mcu7t5v0__nand2_1)
                                                         _017_ (net)
                      0.336824    0.000004    1.264398 ^ _134_/A3 (gf180mcu_fd_sc_mcu7t5v0__nor3_1)
     8    0.123663    1.987428    1.373046    2.637444 v _134_/ZN (gf180mcu_fd_sc_mcu7t5v0__nor3_1)
                                                         _032_ (net)
                      1.987428    0.000363    2.637808 v _182_/B1 (gf180mcu_fd_sc_mcu7t5v0__aoi22_1)
     1    0.004151    0.192146    0.510690    3.148498 ^ _182_/ZN (gf180mcu_fd_sc_mcu7t5v0__aoi22_1)
                                                         _075_ (net)
                      0.192146    0.000003    3.148500 ^ _189_/A2 (gf180mcu_fd_sc_mcu7t5v0__nand4_1)
     1    0.021671    0.686613    0.436264    3.584765 v _189_/ZN (gf180mcu_fd_sc_mcu7t5v0__nand4_1)
                                                         dout_o[5] (net)
                      0.686613    0.000141    3.584906 v dout_o[5] (out)
                                              3.584906   data arrival time

                                  0.000000    0.000000   clock clk (rise edge)
                                  0.000000    0.000000   clock network delay (propagated)
                                  0.250000    0.250000   clock uncertainty
                                  0.000000    0.250000   clock reconvergence pessimism
                                 -3.200000   -2.950000   output external delay
                                             -2.950000   data required time
---------------------------------------------------------------------------------------------
                                             -2.950000   data required time
                                             -3.584906   data arrival time
---------------------------------------------------------------------------------------------
                                              6.534905   slack (MET)


Startpoint: _222_ (rising edge-triggered flip-flop clocked by clk)
Endpoint: dout_o[6] (output port clocked by clk)
Path Group: clk
Path Type: min

Fanout         Cap        Slew       Delay        Time   Description
---------------------------------------------------------------------------------------------
                                  0.000000    0.000000   clock clk (rise edge)
                                  0.000000    0.000000   clock source latency
     7    0.030102    0.000000    0.000000    0.000000 ^ clk (in)
                                                         clk (net)
                      0.000376    0.000154    0.000154 ^ _222_/CLK (gf180mcu_fd_sc_mcu7t5v0__dffrnq_1)
    11    0.049490    0.508823    0.950186    0.950339 v _222_/Q (gf180mcu_fd_sc_mcu7t5v0__dffrnq_1)
                                                         byte_index[3] (net)
                      0.508823    0.000308    0.950648 v _119_/A1 (gf180mcu_fd_sc_mcu7t5v0__nand2_1)
     3    0.012394    0.336824    0.313746    1.264393 ^ _119_/ZN (gf180mcu_fd_sc_mcu7t5v0__nand2_1)
                                                         _017_ (net)
                      0.336824    0.000004    1.264398 ^ _134_/A3 (gf180mcu_fd_sc_mcu7t5v0__nor3_1)
     8    0.123663    1.987428    1.373046    2.637444 v _134_/ZN (gf180mcu_fd_sc_mcu7t5v0__nor3_1)
                                                         _032_ (net)
                      1.988028    0.019811    2.657255 v _191_/B1 (gf180mcu_fd_sc_mcu7t5v0__aoi22_1)
     1    0.004097    0.190902    0.509535    3.166790 ^ _191_/ZN (gf180mcu_fd_sc_mcu7t5v0__aoi22_1)
                                                         _083_ (net)
                      0.190902    0.000002    3.166792 ^ _198_/A2 (gf180mcu_fd_sc_mcu7t5v0__nand4_1)
     1    0.020894    0.667097    0.425046    3.591839 v _198_/ZN (gf180mcu_fd_sc_mcu7t5v0__nand4_1)
                                                         dout_o[6] (net)
                      0.667097    0.000074    3.591913 v dout_o[6] (out)
                                              3.591913   data arrival time

                                  0.000000    0.000000   clock clk (rise edge)
                                  0.000000    0.000000   clock network delay (propagated)
                                  0.250000    0.250000   clock uncertainty
                                  0.000000    0.250000   clock reconvergence pessimism
                                 -3.200000   -2.950000   output external delay
                                             -2.950000   data required time
---------------------------------------------------------------------------------------------
                                             -2.950000   data required time
                                             -3.591913   data arrival time
---------------------------------------------------------------------------------------------
                                              6.541913   slack (MET)


Startpoint: _222_ (rising edge-triggered flip-flop clocked by clk)
Endpoint: dout_o[3] (output port clocked by clk)
Path Group: clk
Path Type: min

Fanout         Cap        Slew       Delay        Time   Description
---------------------------------------------------------------------------------------------
                                  0.000000    0.000000   clock clk (rise edge)
                                  0.000000    0.000000   clock source latency
     7    0.030102    0.000000    0.000000    0.000000 ^ clk (in)
                                                         clk (net)
                      0.000376    0.000154    0.000154 ^ _222_/CLK (gf180mcu_fd_sc_mcu7t5v0__dffrnq_1)
    11    0.049490    0.508823    0.950186    0.950339 v _222_/Q (gf180mcu_fd_sc_mcu7t5v0__dffrnq_1)
                                                         byte_index[3] (net)
                      0.508823    0.000308    0.950648 v _119_/A1 (gf180mcu_fd_sc_mcu7t5v0__nand2_1)
     3    0.012394    0.336824    0.313746    1.264393 ^ _119_/ZN (gf180mcu_fd_sc_mcu7t5v0__nand2_1)
                                                         _017_ (net)
                      0.336824    0.000004    1.264398 ^ _134_/A3 (gf180mcu_fd_sc_mcu7t5v0__nor3_1)
     8    0.123663    1.987428    1.373046    2.637444 v _134_/ZN (gf180mcu_fd_sc_mcu7t5v0__nor3_1)
                                                         _032_ (net)
                      1.988025    0.019769    2.657213 v _164_/B1 (gf180mcu_fd_sc_mcu7t5v0__aoi22_1)
     1    0.004082    0.190540    0.509185    3.166398 ^ _164_/ZN (gf180mcu_fd_sc_mcu7t5v0__aoi22_1)
                                                         _059_ (net)
                      0.190540    0.000002    3.166399 ^ _171_/A2 (gf180mcu_fd_sc_mcu7t5v0__nand4_1)
     1    0.021111    0.672523    0.428111    3.594510 v _171_/ZN (gf180mcu_fd_sc_mcu7t5v0__nand4_1)
                                                         dout_o[3] (net)
                      0.672523    0.000091    3.594601 v dout_o[3] (out)
                                              3.594601   data arrival time

                                  0.000000    0.000000   clock clk (rise edge)
                                  0.000000    0.000000   clock network delay (propagated)
                                  0.250000    0.250000   clock uncertainty
                                  0.000000    0.250000   clock reconvergence pessimism
                                 -3.200000   -2.950000   output external delay
                                             -2.950000   data required time
---------------------------------------------------------------------------------------------
                                             -2.950000   data required time
                                             -3.594601   data arrival time
---------------------------------------------------------------------------------------------
                                              6.544601   slack (MET)


Startpoint: _222_ (rising edge-triggered flip-flop clocked by clk)
Endpoint: dout_o[1] (output port clocked by clk)
Path Group: clk
Path Type: min

Fanout         Cap        Slew       Delay        Time   Description
---------------------------------------------------------------------------------------------
                                  0.000000    0.000000   clock clk (rise edge)
                                  0.000000    0.000000   clock source latency
     7    0.030102    0.000000    0.000000    0.000000 ^ clk (in)
                                                         clk (net)
                      0.000376    0.000154    0.000154 ^ _222_/CLK (gf180mcu_fd_sc_mcu7t5v0__dffrnq_1)
    11    0.049490    0.508823    0.950186    0.950339 v _222_/Q (gf180mcu_fd_sc_mcu7t5v0__dffrnq_1)
                                                         byte_index[3] (net)
                      0.508823    0.000308    0.950648 v _119_/A1 (gf180mcu_fd_sc_mcu7t5v0__nand2_1)
     3    0.012394    0.336824    0.313746    1.264393 ^ _119_/ZN (gf180mcu_fd_sc_mcu7t5v0__nand2_1)
                                                         _017_ (net)
                      0.336824    0.000004    1.264398 ^ _134_/A3 (gf180mcu_fd_sc_mcu7t5v0__nor3_1)
     8    0.123663    1.987428    1.373046    2.637444 v _134_/ZN (gf180mcu_fd_sc_mcu7t5v0__nor3_1)
                                                         _032_ (net)
                      1.988027    0.019791    2.657235 v _146_/B1 (gf180mcu_fd_sc_mcu7t5v0__aoi22_1)
     1    0.004193    0.193110    0.511723    3.168958 ^ _146_/ZN (gf180mcu_fd_sc_mcu7t5v0__aoi22_1)
                                                         _043_ (net)
                      0.193110    0.000004    3.168962 ^ _153_/A2 (gf180mcu_fd_sc_mcu7t5v0__nand4_1)
     1    0.021887    0.691995    0.439431    3.608392 v _153_/ZN (gf180mcu_fd_sc_mcu7t5v0__nand4_1)
                                                         dout_o[1] (net)
                      0.691995    0.000161    3.608553 v dout_o[1] (out)
                                              3.608553   data arrival time

                                  0.000000    0.000000   clock clk (rise edge)
                                  0.000000    0.000000   clock network delay (propagated)
                                  0.250000    0.250000   clock uncertainty
                                  0.000000    0.250000   clock reconvergence pessimism
                                 -3.200000   -2.950000   output external delay
                                             -2.950000   data required time
---------------------------------------------------------------------------------------------
                                             -2.950000   data required time
                                             -3.608553   data arrival time
---------------------------------------------------------------------------------------------
                                              6.558553   slack (MET)


Startpoint: _219_ (rising edge-triggered flip-flop clocked by clk)
Endpoint: dout_o[0] (output port clocked by clk)
Path Group: clk
Path Type: min

Fanout         Cap        Slew       Delay        Time   Description
---------------------------------------------------------------------------------------------
                                  0.000000    0.000000   clock clk (rise edge)
                                  0.000000    0.000000   clock source latency
     7    0.030102    0.000000    0.000000    0.000000 ^ clk (in)
                                                         clk (net)
                      0.000324    0.000133    0.000133 ^ _219_/CLK (gf180mcu_fd_sc_mcu7t5v0__dffrnq_1)
    11    0.055320    0.563415    0.984598    0.984731 v _219_/Q (gf180mcu_fd_sc_mcu7t5v0__dffrnq_1)
                                                         byte_index[0] (net)
                      0.563418    0.000672    0.985403 v _127_/A1 (gf180mcu_fd_sc_mcu7t5v0__nand2_1)
     3    0.012613    0.350654    0.331023    1.316426 ^ _127_/ZN (gf180mcu_fd_sc_mcu7t5v0__nand2_1)
                                                         _025_ (net)
                      0.350654    0.000009    1.316435 ^ _135_/A3 (gf180mcu_fd_sc_mcu7t5v0__nor3_1)
     8    0.124422    2.032134    1.383262    2.699697 v _135_/ZN (gf180mcu_fd_sc_mcu7t5v0__nor3_1)
                                                         _033_ (net)
                      2.032718    0.019720    2.719416 v _137_/B1 (gf180mcu_fd_sc_mcu7t5v0__aoi22_1)
     1    0.004080    0.190501    0.515519    3.234935 ^ _137_/ZN (gf180mcu_fd_sc_mcu7t5v0__aoi22_1)
                                                         _035_ (net)
                      0.190501    0.000002    3.234936 ^ _144_/A2 (gf180mcu_fd_sc_mcu7t5v0__nand4_1)
     1    0.020826    0.665394    0.424034    3.658970 v _144_/ZN (gf180mcu_fd_sc_mcu7t5v0__nand4_1)
                                                         dout_o[0] (net)
                      0.665394    0.000068    3.659038 v dout_o[0] (out)
                                              3.659038   data arrival time

                                  0.000000    0.000000   clock clk (rise edge)
                                  0.000000    0.000000   clock network delay (propagated)
                                  0.250000    0.250000   clock uncertainty
                                  0.000000    0.250000   clock reconvergence pessimism
                                 -3.200000   -2.950000   output external delay
                                             -2.950000   data required time
---------------------------------------------------------------------------------------------
                                             -2.950000   data required time
                                             -3.659038   data arrival time
---------------------------------------------------------------------------------------------
                                              6.609038   slack (MET)


Startpoint: X0_q_i[7] (input port clocked by clk)
Endpoint: dout_o[7] (output port clocked by clk)
Path Group: clk
Path Type: min

Fanout         Cap        Slew       Delay        Time   Description
---------------------------------------------------------------------------------------------
                                  0.000000    0.000000   clock clk (rise edge)
                                  0.000000    0.000000   clock network delay (propagated)
                                  3.200000    3.200000 ^ input external delay
     1    0.005973    0.059804    0.015781    3.215781 ^ X0_q_i[7] (in)
                                                         X0_q_i[7] (net)
                      0.059804    0.000000    3.215781 ^ _201_/A1 (gf180mcu_fd_sc_mcu7t5v0__aoi22_1)
     1    0.004694    0.130579    0.102207    3.317989 v _201_/ZN (gf180mcu_fd_sc_mcu7t5v0__aoi22_1)
                                                         _092_ (net)
                      0.130579    0.000006    3.317995 v _206_/A1 (gf180mcu_fd_sc_mcu7t5v0__nand3_1)
     1    0.020891    0.519286    0.342905    3.660899 ^ _206_/ZN (gf180mcu_fd_sc_mcu7t5v0__nand3_1)
                                                         dout_o[7] (net)
                      0.519286    0.000074    3.660974 ^ dout_o[7] (out)
                                              3.660974   data arrival time

                                  0.000000    0.000000   clock clk (rise edge)
                                  0.000000    0.000000   clock network delay (propagated)
                                  0.250000    0.250000   clock uncertainty
                                  0.000000    0.250000   clock reconvergence pessimism
                                 -3.200000   -2.950000   output external delay
                                             -2.950000   data required time
---------------------------------------------------------------------------------------------
                                             -2.950000   data required time
                                             -3.660974   data arrival time
---------------------------------------------------------------------------------------------
                                              6.610973   slack (MET)


Startpoint: X0_i_i[2] (input port clocked by clk)
Endpoint: dout_o[2] (output port clocked by clk)
Path Group: clk
Path Type: min

Fanout         Cap        Slew       Delay        Time   Description
---------------------------------------------------------------------------------------------
                                  0.000000    0.000000   clock clk (rise edge)
                                  0.000000    0.000000   clock network delay (propagated)
                                  3.200000    3.200000 ^ input external delay
     1    0.005874    0.059401    0.015518    3.215518 ^ X0_i_i[2] (in)
                                                         X0_i_i[2] (net)
                      0.059401    0.000000    3.215518 ^ _154_/A1 (gf180mcu_fd_sc_mcu7t5v0__aoi22_1)
     1    0.004276    0.124395    0.098386    3.313904 v _154_/ZN (gf180mcu_fd_sc_mcu7t5v0__aoi22_1)
                                                         _050_ (net)
                      0.124395    0.000004    3.313907 v _162_/A1 (gf180mcu_fd_sc_mcu7t5v0__nand4_1)
     1    0.020882    0.613782    0.397689    3.711596 ^ _162_/ZN (gf180mcu_fd_sc_mcu7t5v0__nand4_1)
                                                         dout_o[2] (net)
                      0.613782    0.000073    3.711669 ^ dout_o[2] (out)
                                              3.711669   data arrival time

                                  0.000000    0.000000   clock clk (rise edge)
                                  0.000000    0.000000   clock network delay (propagated)
                                  0.250000    0.250000   clock uncertainty
                                  0.000000    0.250000   clock reconvergence pessimism
                                 -3.200000   -2.950000   output external delay
                                             -2.950000   data required time
---------------------------------------------------------------------------------------------
                                             -2.950000   data required time
                                             -3.711669   data arrival time
---------------------------------------------------------------------------------------------
                                              6.661669   slack (MET)



