OpenROAD 26Q2-254-g61932e897 
Features included (+) or not (-): +GPU +GUI +Python
This program is licensed under the BSD-3 license. See the LICENSE file for details.
Components of this program may be licensed under more restrictive licenses which must be honored.
[INFO ORD-0030] Using 16 thread(s).
ANT_BEFORE DIODE 11
[INFO ANT-0002] Found 1 net violations.
[INFO ANT-0001] Found 1 pin violations.
ANT_RC 1
[WARNING GRT-0300] Timing is not available, setting critical nets percentage to 0.
[INFO GRT-0012] Found 1 antenna violations.
[INFO DPL-0006] Core area: 1153018.14 um^2, Instances area: 762948.92 um^2, Utilization: 66.2%
[INFO DPL-0005] Diamond search max displacement: +/- 500 sites horizontally, +/- 100 rows vertically.
[INFO DPL-1101] Legalizing using diamond search.
Movements Summary
---------------------------------------
Total cells:                       0
Diamond Move Success:              0 (  0.00%)
Diamond Move Failure:              0
Rip-up and replace Success:        0 (  0.00% of diamond failures)
Rip-up and replace Failure:        0
Total Placement Failures:          0
---------------------------------------
[INFO GRT-0015] Inserted 1 diodes.
[INFO DPL-0006] Core area: 1153018.14 um^2, Instances area: 762948.92 um^2, Utilization: 66.2%
[INFO DPL-0005] Diamond search max displacement: +/- 892 sites horizontally, +/- 19 rows vertically.
[INFO DPL-1101] Legalizing using diamond search.
Movements Summary
---------------------------------------
Total cells:                   11606
Diamond Move Success:          11606 (100.00%)
Diamond Move Failure:              0
Rip-up and replace Success:        0 (  0.00% of diamond failures)
Rip-up and replace Failure:        0
Total Placement Failures:          0
---------------------------------------
Placement Analysis
---------------------------------
total displacement          0.0 u
average displacement        0.0 u
max displacement            0.0 u
original HPWL          779047.2 u
legalized HPWL         779047.2 u
delta HPWL                    0 %

[INFO DRT-0149] Reading tech and libs.
[WARNING DRT-0349] LEF58_ENCLOSURE with no CUTCLASS is not supported. Skipping for layer Via1
[WARNING DRT-0349] LEF58_ENCLOSURE with no CUTCLASS is not supported. Skipping for layer Via1
[WARNING DRT-0349] LEF58_ENCLOSURE with no CUTCLASS is not supported. Skipping for layer Via2
[WARNING DRT-0349] LEF58_ENCLOSURE with no CUTCLASS is not supported. Skipping for layer Via2
[WARNING DRT-0349] LEF58_ENCLOSURE with no CUTCLASS is not supported. Skipping for layer Via3
[WARNING DRT-0349] LEF58_ENCLOSURE with no CUTCLASS is not supported. Skipping for layer Via3
[WARNING DRT-0349] LEF58_ENCLOSURE with no CUTCLASS is not supported. Skipping for layer Via4
[WARNING DRT-0349] LEF58_ENCLOSURE with no CUTCLASS is not supported. Skipping for layer Via4

Units:                2000
Number of layers:     11
Number of macros:     230
Number of vias:       88
Number of viarulegen: 16

[INFO DRT-0150] Reading design.
[WARNING DRT-0120] Large net rst_n_r0 has 371 pins which may impact routing performance. Consider optimization.
[WARNING DRT-0120] Large net rst_n_r1 has 279 pins which may impact routing performance. Consider optimization.
[WARNING DRT-0120] Large net rst_n_r3 has 235 pins which may impact routing performance. Consider optimization.
[WARNING DRT-0120] Large net rst_n_r4 has 245 pins which may impact routing performance. Consider optimization.
[WARNING DRT-0120] Large net rst_n_r5 has 105 pins which may impact routing performance. Consider optimization.
[WARNING DRT-0120] Large net rst_n_r8 has 125 pins which may impact routing performance. Consider optimization.

Design:                   butterfold_top
Die area:                 ( 0 0 ) ( 2185320 2217600 )
Number of track patterns: 10
Number of DEF vias:       0
Number of components:     16450
Number of terminals:      23
Number of snets:          2
Number of nets:           11531

[INFO DRT-0167] List of default vias:
  Layer Via2
    default via: Via2_VH
  Layer Via3
    default via: Via3_HV
  Layer Via4
    default via: Via4_VH
[INFO DRT-0162] Library cell analysis.
[INFO DRT-0163] Instance analysis.
[INFO DRT-0164] Number of unique instances = 187.
[INFO DRT-0168] Init region query.
[INFO DRT-0024]   Complete Poly2.
[INFO DRT-0024]   Complete CON.
[INFO DRT-0024]   Complete Metal1.
[INFO DRT-0024]   Complete Via1.
[INFO DRT-0024]   Complete Metal2.
[INFO DRT-0024]   Complete Via2.
[INFO DRT-0024]   Complete Metal3.
[INFO DRT-0024]   Complete Via3.
[INFO DRT-0024]   Complete Metal4.
[INFO DRT-0024]   Complete Via4.
[INFO DRT-0024]   Complete Metal5.
[INFO DRT-0033] Poly2 shape region query size = 0.
[INFO DRT-0033] CON shape region query size = 0.
[INFO DRT-0033] Metal1 shape region query size = 308441.
[INFO DRT-0033] Via1 shape region query size = 3633.
[INFO DRT-0033] Metal2 shape region query size = 2667.
[INFO DRT-0033] Via2 shape region query size = 3633.
[INFO DRT-0033] Metal3 shape region query size = 3080.
[INFO DRT-0033] Via3 shape region query size = 5133.
[INFO DRT-0033] Metal4 shape region query size = 1435.
[INFO DRT-0033] Via4 shape region query size = 1134.
[INFO DRT-0033] Metal5 shape region query size = 154.
[INFO DRT-0165] Start pin access.
[INFO DRT-0076]   Complete 1000 pins.
[INFO DRT-0078]   Complete 1491 pins.
[INFO DRT-0079]   Complete 100 unique inst patterns.
[INFO DRT-0081]   Complete 181 unique inst patterns.
[INFO DRT-0082]   Complete 10000 groups.
[INFO DRT-0084]   Complete 11606 groups.
#scanned instances     = 16450
#unique  instances     = 187
#stdCellGenAp          = 6627
#stdCellValidPlanarAp  = 0
#stdCellValidViaAp     = 4968
#stdCellPinNoAp        = 0
#stdCellPinCnt         = 42351
#instTermValidViaApCnt = 0
#macroGenAp            = 1120
#macroValidPlanarAp    = 1120
#macroValidViaAp       = 344
#macroNoAp             = 0
[INFO DRT-0166] Complete pin access.
[INFO DRT-0267] cpu time = 00:00:32, elapsed time = 00:00:02, memory = 471.64 (MB), peak = 469.30 (MB)
[INFO DRT-0156] guideIn read 100000 guides.

[INFO DRT-0157] Number of guides:     116546

[INFO DRT-0169] Post process guides.
[INFO DRT-0176] GCELLGRID X 0 DO 130 STEP 16800 ;
[INFO DRT-0177] GCELLGRID Y 0 DO 132 STEP 16800 ;
[INFO DRT-0026]   Complete 100000 origin guides.
[INFO DRT-0028]   Complete Poly2.
[INFO DRT-0028]   Complete CON.
[INFO DRT-0028]   Complete Metal1.
[INFO DRT-0028]   Complete Via1.
[INFO DRT-0028]   Complete Metal2.
[INFO DRT-0028]   Complete Via2.
[INFO DRT-0028]   Complete Metal3.
[INFO DRT-0028]   Complete Via3.
[INFO DRT-0028]   Complete Metal4.
[INFO DRT-0028]   Complete Via4.
[INFO DRT-0028]   Complete Metal5.
[INFO DRT-0178] Init guide query.
[INFO DRT-0035]   Complete Poly2 (guide).
[INFO DRT-0035]   Complete CON (guide).
[INFO DRT-0035]   Complete Metal1 (guide).
[INFO DRT-0035]   Complete Via1 (guide).
[INFO DRT-0035]   Complete Metal2 (guide).
[INFO DRT-0035]   Complete Via2 (guide).
[INFO DRT-0035]   Complete Metal3 (guide).
[INFO DRT-0035]   Complete Via3 (guide).
[INFO DRT-0035]   Complete Metal4 (guide).
[INFO DRT-0035]   Complete Via4 (guide).
[INFO DRT-0035]   Complete Metal5 (guide).
[INFO DRT-0036] Poly2 guide region query size = 0.
[INFO DRT-0036] CON guide region query size = 0.
[INFO DRT-0036] Metal1 guide region query size = 39055.
[INFO DRT-0036] Via1 guide region query size = 0.
[INFO DRT-0036] Metal2 guide region query size = 37597.
[INFO DRT-0036] Via2 guide region query size = 0.
[INFO DRT-0036] Metal3 guide region query size = 19712.
[INFO DRT-0036] Via3 guide region query size = 0.
[INFO DRT-0036] Metal4 guide region query size = 778.
[INFO DRT-0036] Via4 guide region query size = 0.
[INFO DRT-0036] Metal5 guide region query size = 272.
[INFO DRT-0179] Init gr pin query.
[INFO DRT-0267] cpu time = 00:00:02, elapsed time = 00:00:00, memory = 500.11 (MB), peak = 497.66 (MB)
[INFO DRT-0245] skipped writing guide updates to database.
[INFO DRT-0181] Start track assignment.
[INFO DRT-0184] Done with 38375 vertical wires in 3 frboxes and 59039 horizontal wires in 3 frboxes.
[INFO DRT-0186] Done with 8556 vertical wires in 3 frboxes and 6289 horizontal wires in 3 frboxes.
[INFO DRT-0182] Complete track assignment.
[INFO DRT-0267] cpu time = 00:00:07, elapsed time = 00:00:02, memory = 740.18 (MB), peak = 737.77 (MB)
[INFO DRT-0187] Start routing data preparation.
[INFO DRT-0267] cpu time = 00:00:00, elapsed time = 00:00:00, memory = 748.72 (MB), peak = 746.36 (MB)
[INFO DRT-0194] Start detail routing.
[INFO DRT-0195] Start 0th optimization iteration.
    Completing 10% with 0 violations.
    elapsed time = 00:00:00, memory = 854.73 (MB).
    Completing 20% with 0 violations.
    elapsed time = 00:00:01, memory = 919.92 (MB).
    Completing 30% with 2 violations.
    elapsed time = 00:00:01, memory = 956.01 (MB).
    Completing 40% with 2 violations.
    elapsed time = 00:00:02, memory = 994.54 (MB).
    Completing 50% with 2 violations.
    elapsed time = 00:00:02, memory = 1004.43 (MB).
    Completing 60% with 3 violations.
    elapsed time = 00:00:03, memory = 1007.37 (MB).
    Completing 70% with 3 violations.
    elapsed time = 00:00:03, memory = 1010.13 (MB).
    Completing 80% with 4 violations.
    elapsed time = 00:00:04, memory = 1016.15 (MB).
    Completing 90% with 4 violations.
    elapsed time = 00:00:05, memory = 1021.36 (MB).
    Completing 100% with 4 violations.
    elapsed time = 00:00:05, memory = 1022.07 (MB).
[INFO DRT-0199]   Number of violations = 8.
Viol/Layer      Metal2 Metal3
Recheck              3      1
Short                1      3
[INFO DRT-0267] cpu time = 00:01:22, elapsed time = 00:00:06, memory = 1277.80 (MB), peak = 1274.72 (MB)
Total wire length = 945494 um.
Total wire length on LAYER Metal1 = 0 um.
Total wire length on LAYER Metal2 = 413976 um.
Total wire length on LAYER Metal3 = 421000 um.
Total wire length on LAYER Metal4 = 48530 um.
Total wire length on LAYER Metal5 = 61987 um.
Total number of vias = 89891.
Up-via summary (total 89891):

----------------
  Poly2        0
 Metal1    43029
 Metal2    44288
 Metal3     2060
 Metal4      514
----------------
       89891


[INFO DRT-0195] Start 1st optimization iteration.
    Completing 10% with 8 violations.
    elapsed time = 00:00:00, memory = 1277.80 (MB).
    Completing 20% with 8 violations.
    elapsed time = 00:00:00, memory = 1280.04 (MB).
    Completing 30% with 8 violations.
    elapsed time = 00:00:01, memory = 1280.04 (MB).
    Completing 40% with 8 violations.
    elapsed time = 00:00:02, memory = 1280.70 (MB).
    Completing 50% with 8 violations.
    elapsed time = 00:00:02, memory = 1281.23 (MB).
    Completing 60% with 8 violations.
    elapsed time = 00:00:03, memory = 1046.74 (MB).
    Completing 70% with 8 violations.
    elapsed time = 00:00:03, memory = 1050.52 (MB).
    Completing 80% with 3 violations.
    elapsed time = 00:00:04, memory = 1050.57 (MB).
    Completing 90% with 3 violations.
    elapsed time = 00:00:05, memory = 1050.57 (MB).
    Completing 100% with 0 violations.
    elapsed time = 00:00:05, memory = 1051.21 (MB).
[INFO DRT-0199]   Number of violations = 0.
[INFO DRT-0267] cpu time = 00:01:20, elapsed time = 00:00:06, memory = 1288.01 (MB), peak = 1285.12 (MB)
Total wire length = 945492 um.
Total wire length on LAYER Metal1 = 0 um.
Total wire length on LAYER Metal2 = 413976 um.
Total wire length on LAYER Metal3 = 421000 um.
Total wire length on LAYER Metal4 = 48529 um.
Total wire length on LAYER Metal5 = 61987 um.
Total number of vias = 89887.
Up-via summary (total 89887):

----------------
  Poly2        0
 Metal1    43029
 Metal2    44285
 Metal3     2059
 Metal4      514
----------------
       89887


[INFO DRT-0198] Complete detail routing.
Total wire length = 945492 um.
Total wire length on LAYER Metal1 = 0 um.
Total wire length on LAYER Metal2 = 413976 um.
Total wire length on LAYER Metal3 = 421000 um.
Total wire length on LAYER Metal4 = 48529 um.
Total wire length on LAYER Metal5 = 61987 um.
Total number of vias = 89887.
Up-via summary (total 89887):

----------------
  Poly2        0
 Metal1    43029
 Metal2    44285
 Metal3     2059
 Metal4      514
----------------
       89887


[INFO DRT-0267] cpu time = 00:02:43, elapsed time = 00:00:12, memory = 1288.07 (MB), peak = 1285.31 (MB)

[INFO DRT-0180] Post processing.
ANT_AFTER DIODE 12
[INFO ANT-0002] Found 0 net violations.
[INFO ANT-0001] Found 0 pin violations.
ANT_RC2 0
[INFO ANT-0002] Found 0 net violations.
[INFO ANT-0001] Found 0 pin violations.
ANT_DONE
