OpenROAD 26Q2-254-g61932e897 
Features included (+) or not (-): +GPU +GUI +Python
This program is licensed under the BSD-3 license. See the LICENSE file for details.
Components of this program may be licensed under more restrictive licenses which must be honored.
SWAP rst_root gf180mcu_fd_sc_mcu9t5v0__clkbuf_16
SWAP rst_reg0 gf180mcu_fd_sc_mcu9t5v0__clkbuf_16
SWAP rst_reg1 gf180mcu_fd_sc_mcu9t5v0__clkbuf_16
SWAP rst_reg3 gf180mcu_fd_sc_mcu9t5v0__clkbuf_16
SWAP rst_reg4 gf180mcu_fd_sc_mcu9t5v0__clkbuf_16
SWAP _12569_ gf180mcu_fd_sc_mcu9t5v0__oai32_2
SWAP _15762_ gf180mcu_fd_sc_mcu9t5v0__oai21_2
[INFO DPL-0006] Core area: 1153018.14 um^2, Instances area: 763265.03 um^2, Utilization: 66.2%
[INFO DPL-0005] Diamond search max displacement: +/- 3571 sites horizontally, +/- 79 rows vertically.
[INFO DPL-1101] Legalizing using diamond search.
Movements Summary
---------------------------------------
Total cells:                   11606
Diamond Move Success:          11606 (100.00%)
Diamond Move Failure:              0
Rip-up and replace Success:        0 (  0.00% of diamond failures)
Rip-up and replace Failure:        0
Total Placement Failures:          0
---------------------------------------
Placement Analysis
---------------------------------
total displacement      27591.2 u
average displacement        1.7 u
max displacement          532.0 u
original HPWL          779047.2 u
legalized HPWL         816907.8 u
delta HPWL                    5 %

[INFO ORD-0030] Using 16 thread(s).
[WARNING GRT-0300] Timing is not available, setting critical nets percentage to 0.
[INFO GRT-0020] Min routing layer: Metal2
[INFO GRT-0021] Max routing layer: Metal5
[INFO GRT-0022] Global adjustment: 0%
[INFO GRT-0023] Grid origin: (0, 0)
[INFO GRT-0088] Layer Metal1  Track-Pitch = 0.5600  line-2-Via Pitch: 0.4750
[INFO GRT-0088] Layer Metal2  Track-Pitch = 0.5600  line-2-Via Pitch: 0.5600
[INFO GRT-0088] Layer Metal3  Track-Pitch = 0.5600  line-2-Via Pitch: 0.5600
[INFO GRT-0088] Layer Metal4  Track-Pitch = 0.5600  line-2-Via Pitch: 0.5600
[INFO GRT-0088] Layer Metal5  Track-Pitch = 0.9000  line-2-Via Pitch: 0.8200
[INFO GRT-0003] Macros: 2
[INFO GRT-0004] Blockages: 4
[INFO GRT-0019] Found 0 clock nets.
[INFO GRT-0001] Minimum degree: 2
[INFO GRT-0002] Maximum degree: 371

[INFO GRT-0053] Routing resources analysis:
          Routing      Original      Derated      Resource
Layer     Direction    Resources     Resources    Reduction (%)
---------------------------------------------------------------
Metal1     Horizontal          0             0          0.00%
Metal2     Vertical       188662        125898          33.27%
Metal3     Horizontal     191396        127501          33.38%
Metal4     Vertical       249552        166497          33.28%
Metal5     Horizontal     155058        104490          32.61%
---------------------------------------------------------------

[INFO GRT-0197] Via related to pin nodes: 81494
[INFO GRT-0198] Via related Steiner nodes: 2704
[INFO GRT-0199] Via filling finished.
[INFO GRT-0111] Final number of vias: 105683
[INFO GRT-0112] Final usage 3D: 433863

[INFO GRT-0096] Final congestion report:
Layer         Resource        Demand        Usage (%)    Max H / Max V / Total Overflow
---------------------------------------------------------------------------------------
Metal1               0             0            0.00%             0 /  0 /  0
Metal2          125898         51159           40.64%             0 /  0 /  0
Metal3          127501         52066           40.84%             0 /  0 /  0
Metal4          166497          6339            3.81%             0 /  0 /  0
Metal5          104490          7250            6.94%             0 /  0 /  0
---------------------------------------------------------------------------------------
Total           524386        116814           22.28%             0 /  0 /  0

[INFO GRT-0018] Total wirelength: 1334289 um
[INFO GRT-0014] Routed nets: 11531
[INFO GRT-0303] Global routing runtime = 00:00:01
[INFO GRT-0006] Repairing antennas, iteration 1.
[INFO GRT-0012] Found 8 antenna violations.
[INFO GRT-0302] Inserted 13 jumpers for 8 nets.
[INFO GRT-0012] Found 0 antenna violations.
[INFO DPL-0006] Core area: 1153018.14 um^2, Instances area: 763265.03 um^2, Utilization: 66.2%
[INFO DPL-0005] Diamond search max displacement: +/- 892 sites horizontally, +/- 19 rows vertically.
[INFO DPL-1101] Legalizing using diamond search.
Movements Summary
---------------------------------------
Total cells:                   11606
Diamond Move Success:          11606 (100.00%)
Diamond Move Failure:              0
Rip-up and replace Success:        0 (  0.00% of diamond failures)
Rip-up and replace Failure:        0
Total Placement Failures:          0
---------------------------------------
Placement Analysis
---------------------------------
total displacement          0.0 u
average displacement        0.0 u
max displacement            0.0 u
original HPWL          816907.8 u
legalized HPWL         816907.8 u
delta HPWL                    0 %

[INFO DRT-0149] Reading tech and libs.
[WARNING DRT-0349] LEF58_ENCLOSURE with no CUTCLASS is not supported. Skipping for layer Via1
[WARNING DRT-0349] LEF58_ENCLOSURE with no CUTCLASS is not supported. Skipping for layer Via1
[WARNING DRT-0349] LEF58_ENCLOSURE with no CUTCLASS is not supported. Skipping for layer Via2
[WARNING DRT-0349] LEF58_ENCLOSURE with no CUTCLASS is not supported. Skipping for layer Via2
[WARNING DRT-0349] LEF58_ENCLOSURE with no CUTCLASS is not supported. Skipping for layer Via3
[WARNING DRT-0349] LEF58_ENCLOSURE with no CUTCLASS is not supported. Skipping for layer Via3
[WARNING DRT-0349] LEF58_ENCLOSURE with no CUTCLASS is not supported. Skipping for layer Via4
[WARNING DRT-0349] LEF58_ENCLOSURE with no CUTCLASS is not supported. Skipping for layer Via4

Units:                2000
Number of layers:     11
Number of macros:     230
Number of vias:       88
Number of viarulegen: 16

[INFO DRT-0150] Reading design.
[WARNING DRT-0120] Large net rst_n_r0 has 371 pins which may impact routing performance. Consider optimization.
[WARNING DRT-0120] Large net rst_n_r1 has 279 pins which may impact routing performance. Consider optimization.
[WARNING DRT-0120] Large net rst_n_r3 has 235 pins which may impact routing performance. Consider optimization.
[WARNING DRT-0120] Large net rst_n_r4 has 245 pins which may impact routing performance. Consider optimization.
[WARNING DRT-0120] Large net rst_n_r5 has 105 pins which may impact routing performance. Consider optimization.
[WARNING DRT-0120] Large net rst_n_r8 has 125 pins which may impact routing performance. Consider optimization.

Design:                   butterfold_top
Die area:                 ( 0 0 ) ( 2185320 2217600 )
Number of track patterns: 10
Number of DEF vias:       0
Number of components:     16450
Number of terminals:      23
Number of snets:          2
Number of nets:           11531

[INFO DRT-0167] List of default vias:
  Layer Via2
    default via: Via2_VH
  Layer Via3
    default via: Via3_HV
  Layer Via4
    default via: Via4_VH
[INFO DRT-0162] Library cell analysis.
[INFO DRT-0163] Instance analysis.
[INFO DRT-0164] Number of unique instances = 190.
[INFO DRT-0168] Init region query.
[INFO DRT-0024]   Complete Poly2.
[INFO DRT-0024]   Complete CON.
[INFO DRT-0024]   Complete Metal1.
[INFO DRT-0024]   Complete Via1.
[INFO DRT-0024]   Complete Metal2.
[INFO DRT-0024]   Complete Via2.
[INFO DRT-0024]   Complete Metal3.
[INFO DRT-0024]   Complete Via3.
[INFO DRT-0024]   Complete Metal4.
[INFO DRT-0024]   Complete Via4.
[INFO DRT-0024]   Complete Metal5.
[INFO DRT-0033] Poly2 shape region query size = 0.
[INFO DRT-0033] CON shape region query size = 0.
[INFO DRT-0033] Metal1 shape region query size = 308583.
[INFO DRT-0033] Via1 shape region query size = 3633.
[INFO DRT-0033] Metal2 shape region query size = 2667.
[INFO DRT-0033] Via2 shape region query size = 3633.
[INFO DRT-0033] Metal3 shape region query size = 3080.
[INFO DRT-0033] Via3 shape region query size = 5133.
[INFO DRT-0033] Metal4 shape region query size = 1435.
[INFO DRT-0033] Via4 shape region query size = 1134.
[INFO DRT-0033] Metal5 shape region query size = 154.
[INFO DRT-0165] Start pin access.
[INFO DRT-0076]   Complete 1000 pins.
[INFO DRT-0078]   Complete 1515 pins.
[INFO DRT-0079]   Complete 100 unique inst patterns.
[INFO DRT-0081]   Complete 184 unique inst patterns.
[INFO DRT-0082]   Complete 10000 groups.
[INFO DRT-0084]   Complete 11606 groups.
#scanned instances     = 16450
#unique  instances     = 190
#stdCellGenAp          = 6739
#stdCellValidPlanarAp  = 0
#stdCellValidViaAp     = 5041
#stdCellPinNoAp        = 0
#stdCellPinCnt         = 42351
#instTermValidViaApCnt = 0
#macroGenAp            = 1120
#macroValidPlanarAp    = 1120
#macroValidViaAp       = 344
#macroNoAp             = 0
[INFO DRT-0166] Complete pin access.
[INFO DRT-0267] cpu time = 00:00:35, elapsed time = 00:00:02, memory = 455.79 (MB), peak = 460.39 (MB)
[INFO DRT-0156] guideIn read 100000 guides.

[INFO DRT-0157] Number of guides:     118054

[INFO DRT-0169] Post process guides.
[INFO DRT-0176] GCELLGRID X 0 DO 130 STEP 16800 ;
[INFO DRT-0177] GCELLGRID Y 0 DO 132 STEP 16800 ;
[INFO DRT-0026]   Complete 100000 origin guides.
[INFO DRT-0028]   Complete Poly2.
[INFO DRT-0028]   Complete CON.
[INFO DRT-0028]   Complete Metal1.
[INFO DRT-0028]   Complete Via1.
[INFO DRT-0028]   Complete Metal2.
[INFO DRT-0028]   Complete Via2.
[INFO DRT-0028]   Complete Metal3.
[INFO DRT-0028]   Complete Via3.
[INFO DRT-0028]   Complete Metal4.
[INFO DRT-0028]   Complete Via4.
[INFO DRT-0028]   Complete Metal5.
[INFO DRT-0178] Init guide query.
[INFO DRT-0035]   Complete Poly2 (guide).
[INFO DRT-0035]   Complete CON (guide).
[INFO DRT-0035]   Complete Metal1 (guide).
[INFO DRT-0035]   Complete Via1 (guide).
[INFO DRT-0035]   Complete Metal2 (guide).
[INFO DRT-0035]   Complete Via2 (guide).
[INFO DRT-0035]   Complete Metal3 (guide).
[INFO DRT-0035]   Complete Via3 (guide).
[INFO DRT-0035]   Complete Metal4 (guide).
[INFO DRT-0035]   Complete Via4 (guide).
[INFO DRT-0035]   Complete Metal5 (guide).
[INFO DRT-0036] Poly2 guide region query size = 0.
[INFO DRT-0036] CON guide region query size = 0.
[INFO DRT-0036] Metal1 guide region query size = 39249.
[INFO DRT-0036] Via1 guide region query size = 0.
[INFO DRT-0036] Metal2 guide region query size = 38078.
[INFO DRT-0036] Via2 guide region query size = 0.
[INFO DRT-0036] Metal3 guide region query size = 20020.
[INFO DRT-0036] Via3 guide region query size = 0.
[INFO DRT-0036] Metal4 guide region query size = 888.
[INFO DRT-0036] Via4 guide region query size = 0.
[INFO DRT-0036] Metal5 guide region query size = 306.
[INFO DRT-0179] Init gr pin query.
[INFO DRT-0267] cpu time = 00:00:01, elapsed time = 00:00:00, memory = 487.91 (MB), peak = 486.18 (MB)
[INFO DRT-0245] skipped writing guide updates to database.
[INFO DRT-0181] Start track assignment.
[INFO DRT-0184] Done with 38966 vertical wires in 3 frboxes and 59575 horizontal wires in 3 frboxes.
[INFO DRT-0186] Done with 8802 vertical wires in 3 frboxes and 6378 horizontal wires in 3 frboxes.
[INFO DRT-0182] Complete track assignment.
[INFO DRT-0267] cpu time = 00:00:06, elapsed time = 00:00:02, memory = 647.29 (MB), peak = 645.06 (MB)
[INFO DRT-0187] Start routing data preparation.
[INFO DRT-0267] cpu time = 00:00:00, elapsed time = 00:00:00, memory = 665.75 (MB), peak = 663.45 (MB)
[INFO DRT-0194] Start detail routing.
[INFO DRT-0195] Start 0th optimization iteration.
    Completing 10% with 0 violations.
    elapsed time = 00:00:01, memory = 776.41 (MB).
    Completing 20% with 0 violations.
    elapsed time = 00:00:02, memory = 854.49 (MB).
    Completing 30% with 553 violations.
    elapsed time = 00:00:04, memory = 896.40 (MB).
    Completing 40% with 553 violations.
    elapsed time = 00:00:05, memory = 906.43 (MB).
    Completing 50% with 553 violations.
    elapsed time = 00:00:06, memory = 931.98 (MB).
    Completing 60% with 1056 violations.
    elapsed time = 00:00:07, memory = 941.05 (MB).
    Completing 70% with 1056 violations.
    elapsed time = 00:00:08, memory = 947.79 (MB).
    Completing 80% with 1551 violations.
    elapsed time = 00:00:10, memory = 966.91 (MB).
    Completing 90% with 1551 violations.
    elapsed time = 00:00:10, memory = 973.56 (MB).
    Completing 100% with 2007 violations.
    elapsed time = 00:00:12, memory = 1005.41 (MB).
[INFO DRT-0199]   Number of violations = 2942.
Viol/Layer      Metal1 Metal2 Metal3 Metal4
Metal Spacing        0    157      7      0
Recheck              5    729    200      1
Short                0   1641    199      3
[INFO DRT-0267] cpu time = 00:02:51, elapsed time = 00:00:13, memory = 1273.53 (MB), peak = 1271.09 (MB)
Total wire length = 992001 um.
Total wire length on LAYER Metal1 = 0 um.
Total wire length on LAYER Metal2 = 440405 um.
Total wire length on LAYER Metal3 = 436919 um.
Total wire length on LAYER Metal4 = 54016 um.
Total wire length on LAYER Metal5 = 60660 um.
Total number of vias = 90428.
Up-via summary (total 90428):

----------------
  Poly2        0
 Metal1    43000
 Metal2    45338
 Metal3     1503
 Metal4      587
----------------
       90428


[INFO DRT-0195] Start 1st optimization iteration.
    Completing 10% with 2942 violations.
    elapsed time = 00:00:00, memory = 1277.09 (MB).
    Completing 20% with 2942 violations.
    elapsed time = 00:00:01, memory = 1280.32 (MB).
    Completing 30% with 2408 violations.
    elapsed time = 00:00:03, memory = 1283.61 (MB).
    Completing 40% with 2408 violations.
    elapsed time = 00:00:04, memory = 1284.93 (MB).
    Completing 50% with 2408 violations.
    elapsed time = 00:00:05, memory = 1285.80 (MB).
    Completing 60% with 1804 violations.
    elapsed time = 00:00:06, memory = 1285.80 (MB).
    Completing 70% with 1804 violations.
    elapsed time = 00:00:07, memory = 1285.81 (MB).
    Completing 80% with 1405 violations.
    elapsed time = 00:00:09, memory = 1291.37 (MB).
    Completing 90% with 1405 violations.
    elapsed time = 00:00:10, memory = 1291.38 (MB).
    Completing 100% with 789 violations.
    elapsed time = 00:00:12, memory = 1303.81 (MB).
[INFO DRT-0199]   Number of violations = 789.
Viol/Layer      Metal2 Metal3 Metal4
Metal Spacing      164      5      2
Short              570     47      1
[INFO DRT-0267] cpu time = 00:02:42, elapsed time = 00:00:12, memory = 1306.81 (MB), peak = 1304.43 (MB)
Total wire length = 988137 um.
Total wire length on LAYER Metal1 = 0 um.
Total wire length on LAYER Metal2 = 437376 um.
Total wire length on LAYER Metal3 = 435474 um.
Total wire length on LAYER Metal4 = 54594 um.
Total wire length on LAYER Metal5 = 60691 um.
Total number of vias = 90209.
Up-via summary (total 90209):

----------------
  Poly2        0
 Metal1    43024
 Metal2    44984
 Metal3     1620
 Metal4      581
----------------
       90209


[INFO DRT-0195] Start 2nd optimization iteration.
    Completing 10% with 789 violations.
    elapsed time = 00:00:00, memory = 1306.81 (MB).
    Completing 20% with 789 violations.
    elapsed time = 00:00:01, memory = 1306.81 (MB).
    Completing 30% with 753 violations.
    elapsed time = 00:00:02, memory = 1307.83 (MB).
    Completing 40% with 753 violations.
    elapsed time = 00:00:03, memory = 1307.83 (MB).
    Completing 50% with 753 violations.
    elapsed time = 00:00:04, memory = 1307.84 (MB).
    Completing 60% with 734 violations.
    elapsed time = 00:00:04, memory = 1307.84 (MB).
    Completing 70% with 734 violations.
    elapsed time = 00:00:06, memory = 1309.29 (MB).
    Completing 80% with 674 violations.
    elapsed time = 00:00:07, memory = 1309.34 (MB).
    Completing 90% with 674 violations.
    elapsed time = 00:00:08, memory = 1315.39 (MB).
    Completing 100% with 617 violations.
    elapsed time = 00:00:10, memory = 1320.42 (MB).
[INFO DRT-0199]   Number of violations = 617.
Viol/Layer      Metal2 Metal3
Metal Spacing      115      3
Short              463     36
[INFO DRT-0267] cpu time = 00:02:04, elapsed time = 00:00:10, memory = 1323.42 (MB), peak = 1320.76 (MB)
Total wire length = 987429 um.
Total wire length on LAYER Metal1 = 0 um.
Total wire length on LAYER Metal2 = 436581 um.
Total wire length on LAYER Metal3 = 435389 um.
Total wire length on LAYER Metal4 = 54794 um.
Total wire length on LAYER Metal5 = 60662 um.
Total number of vias = 89994.
Up-via summary (total 89994):

----------------
  Poly2        0
 Metal1    43028
 Metal2    44705
 Metal3     1678
 Metal4      583
----------------
       89994


[INFO DRT-0195] Start 3rd optimization iteration.
    Completing 10% with 617 violations.
    elapsed time = 00:00:00, memory = 1323.42 (MB).
    Completing 20% with 617 violations.
    elapsed time = 00:00:00, memory = 1323.42 (MB).
    Completing 30% with 457 violations.
    elapsed time = 00:00:00, memory = 1323.42 (MB).
    Completing 40% with 457 violations.
    elapsed time = 00:00:01, memory = 1323.42 (MB).
    Completing 50% with 457 violations.
    elapsed time = 00:00:01, memory = 1323.42 (MB).
    Completing 60% with 320 violations.
    elapsed time = 00:00:01, memory = 1323.42 (MB).
    Completing 70% with 320 violations.
    elapsed time = 00:00:02, memory = 1323.42 (MB).
    Completing 80% with 181 violations.
    elapsed time = 00:00:03, memory = 1323.42 (MB).
    Completing 90% with 181 violations.
    elapsed time = 00:00:03, memory = 1323.42 (MB).
    Completing 100% with 1 violations.
    elapsed time = 00:00:04, memory = 1329.80 (MB).
[INFO DRT-0199]   Number of violations = 1.
Viol/Layer      Metal2
Short                1
[INFO DRT-0267] cpu time = 00:00:51, elapsed time = 00:00:04, memory = 1329.80 (MB), peak = 1327.12 (MB)
Total wire length = 987134 um.
Total wire length on LAYER Metal1 = 0 um.
Total wire length on LAYER Metal2 = 428005 um.
Total wire length on LAYER Metal3 = 435733 um.
Total wire length on LAYER Metal4 = 62682 um.
Total wire length on LAYER Metal5 = 60713 um.
Total number of vias = 90799.
Up-via summary (total 90799):

----------------
  Poly2        0
 Metal1    43023
 Metal2    44892
 Metal3     2299
 Metal4      585
----------------
       90799


[INFO DRT-0195] Start 4th guides tiles iteration.
    Completing 50% with 1 violations.
    elapsed time = 00:00:00, memory = 1329.80 (MB).
    Completing 100% with 0 violations.
    elapsed time = 00:00:00, memory = 1329.80 (MB).
[INFO DRT-0199]   Number of violations = 0.
[INFO DRT-0267] cpu time = 00:00:04, elapsed time = 00:00:00, memory = 1329.80 (MB), peak = 1327.12 (MB)
Total wire length = 987134 um.
Total wire length on LAYER Metal1 = 0 um.
Total wire length on LAYER Metal2 = 427986 um.
Total wire length on LAYER Metal3 = 435734 um.
Total wire length on LAYER Metal4 = 62698 um.
Total wire length on LAYER Metal5 = 60713 um.
Total number of vias = 90801.
Up-via summary (total 90801):

----------------
  Poly2        0
 Metal1    43023
 Metal2    44892
 Metal3     2301
 Metal4      585
----------------
       90801


[INFO DRT-0198] Complete detail routing.
Total wire length = 987134 um.
Total wire length on LAYER Metal1 = 0 um.
Total wire length on LAYER Metal2 = 427986 um.
Total wire length on LAYER Metal3 = 435734 um.
Total wire length on LAYER Metal4 = 62698 um.
Total wire length on LAYER Metal5 = 60713 um.
Total number of vias = 90801.
Up-via summary (total 90801):

----------------
  Poly2        0
 Metal1    43023
 Metal2    44892
 Metal3     2301
 Metal4      585
----------------
       90801


[INFO DRT-0267] cpu time = 00:08:35, elapsed time = 00:00:42, memory = 1329.87 (MB), peak = 1327.12 (MB)

[INFO DRT-0180] Post processing.
[INFO ANT-0002] Found 2 net violations.
[INFO ANT-0001] Found 2 pin violations.
ANT 2
[WARNING GRT-0300] Timing is not available, setting critical nets percentage to 0.
[INFO GRT-0020] Min routing layer: Metal2
[INFO GRT-0021] Max routing layer: Metal5
[INFO GRT-0022] Global adjustment: 0%
[INFO GRT-0023] Grid origin: (0, 0)
[INFO GRT-0088] Layer Metal1  Track-Pitch = 0.5600  line-2-Via Pitch: 0.4750
[INFO GRT-0088] Layer Metal2  Track-Pitch = 0.5600  line-2-Via Pitch: 0.5600
[INFO GRT-0088] Layer Metal3  Track-Pitch = 0.5600  line-2-Via Pitch: 0.5600
[INFO GRT-0088] Layer Metal4  Track-Pitch = 0.5600  line-2-Via Pitch: 0.5600
[INFO GRT-0088] Layer Metal5  Track-Pitch = 0.9000  line-2-Via Pitch: 0.8200
[INFO GRT-0003] Macros: 2
[INFO GRT-0004] Blockages: 4
[INFO GRT-0019] Found 0 clock nets.
[INFO GRT-0001] Minimum degree: 2147483647
[INFO GRT-0002] Maximum degree: 1
[INFO GRT-0006] Repairing antennas, iteration 1.
[INFO GRT-0012] Found 2 antenna violations.
[INFO DPL-0006] Core area: 1153018.14 um^2, Instances area: 763276.32 um^2, Utilization: 66.2%
[INFO DPL-0005] Diamond search max displacement: +/- 500 sites horizontally, +/- 100 rows vertically.
[INFO DPL-1101] Legalizing using diamond search.
Movements Summary
---------------------------------------
Total cells:                       1
Diamond Move Success:              1 (100.00%)
Diamond Move Failure:              0
Rip-up and replace Success:        0 (  0.00% of diamond failures)
Rip-up and replace Failure:        0
Total Placement Failures:          0
---------------------------------------
[INFO GRT-0015] Inserted 2 diodes.
[INFO GRT-0009] rerouting 2 nets.
[INFO GRT-0001] Minimum degree: 11
[INFO GRT-0002] Maximum degree: 11
[INFO DPL-0006] Core area: 1153018.14 um^2, Instances area: 763276.32 um^2, Utilization: 66.2%
[INFO DPL-0005] Diamond search max displacement: +/- 892 sites horizontally, +/- 19 rows vertically.
[INFO DPL-1101] Legalizing using diamond search.
Movements Summary
---------------------------------------
Total cells:                   11608
Diamond Move Success:          11608 (100.00%)
Diamond Move Failure:              0
Rip-up and replace Success:        0 (  0.00% of diamond failures)
Rip-up and replace Failure:        0
Total Placement Failures:          0
---------------------------------------
Placement Analysis
---------------------------------
total displacement          0.0 u
average displacement        0.0 u
max displacement            0.0 u
original HPWL          816907.8 u
legalized HPWL         816907.8 u
delta HPWL                    0 %

[WARNING DRT-0120] Large net rst_n_r0 has 371 pins which may impact routing performance. Consider optimization.
[WARNING DRT-0120] Large net rst_n_r1 has 279 pins which may impact routing performance. Consider optimization.
[WARNING DRT-0120] Large net rst_n_r3 has 235 pins which may impact routing performance. Consider optimization.
[WARNING DRT-0120] Large net rst_n_r4 has 245 pins which may impact routing performance. Consider optimization.
[WARNING DRT-0120] Large net rst_n_r5 has 105 pins which may impact routing performance. Consider optimization.
[WARNING DRT-0120] Large net rst_n_r8 has 125 pins which may impact routing performance. Consider optimization.
[INFO DRT-0024]   Complete Poly2.
[INFO DRT-0024]   Complete CON.
[INFO DRT-0024]   Complete Metal1.
[INFO DRT-0024]   Complete Via1.
[INFO DRT-0024]   Complete Metal2.
[INFO DRT-0024]   Complete Via2.
[INFO DRT-0024]   Complete Metal3.
[INFO DRT-0024]   Complete Via3.
[INFO DRT-0024]   Complete Metal4.
[INFO DRT-0024]   Complete Via4.
[INFO DRT-0024]   Complete Metal5.
[INFO DRT-0165] Start pin access.
[INFO DRT-0076]   Complete 1000 pins.
[INFO DRT-0078]   Complete 1515 pins.
[INFO DRT-0079]   Complete 100 unique inst patterns.
[INFO DRT-0081]   Complete 184 unique inst patterns.
[INFO DRT-0082]   Complete 10000 groups.
[INFO DRT-0084]   Complete 11608 groups.
#scanned instances     = 16452
#unique  instances     = 190
#stdCellGenAp          = 6739
#stdCellValidPlanarAp  = 0
#stdCellValidViaAp     = 5041
#stdCellPinNoAp        = 0
#stdCellPinCnt         = 42351
#instTermValidViaApCnt = 0
#macroGenAp            = 1120
#macroValidPlanarAp    = 1120
#macroValidViaAp       = 344
#macroNoAp             = 0
[INFO DRT-0166] Complete pin access.
[INFO DRT-0267] cpu time = 00:00:38, elapsed time = 00:00:03, memory = 1258.67 (MB), peak = 1327.31 (MB)
[INFO DRT-0156] guideIn read 100000 guides.

[INFO DRT-0157] Number of guides:     118048

[INFO DRT-0169] Post process guides.
[INFO DRT-0176] GCELLGRID X 0 DO 130 STEP 16800 ;
[INFO DRT-0177] GCELLGRID Y 0 DO 132 STEP 16800 ;
[INFO DRT-0026]   Complete 100000 origin guides.
[INFO DRT-0028]   Complete Poly2.
[INFO DRT-0028]   Complete CON.
[INFO DRT-0028]   Complete Metal1.
[INFO DRT-0028]   Complete Via1.
[INFO DRT-0028]   Complete Metal2.
[INFO DRT-0028]   Complete Via2.
[INFO DRT-0028]   Complete Metal3.
[INFO DRT-0028]   Complete Via3.
[INFO DRT-0028]   Complete Metal4.
[INFO DRT-0028]   Complete Via4.
[INFO DRT-0028]   Complete Metal5.
[INFO DRT-0178] Init guide query.
[INFO DRT-0035]   Complete Poly2 (guide).
[INFO DRT-0035]   Complete CON (guide).
[INFO DRT-0035]   Complete Metal1 (guide).
[INFO DRT-0035]   Complete Via1 (guide).
[INFO DRT-0035]   Complete Metal2 (guide).
[INFO DRT-0035]   Complete Via2 (guide).
[INFO DRT-0035]   Complete Metal3 (guide).
[INFO DRT-0035]   Complete Via3 (guide).
[INFO DRT-0035]   Complete Metal4 (guide).
[INFO DRT-0035]   Complete Via4 (guide).
[INFO DRT-0035]   Complete Metal5 (guide).
[INFO DRT-0036] Poly2 guide region query size = 0.
[INFO DRT-0036] CON guide region query size = 0.
[INFO DRT-0036] Metal1 guide region query size = 39251.
[INFO DRT-0036] Via1 guide region query size = 0.
[INFO DRT-0036] Metal2 guide region query size = 38078.
[INFO DRT-0036] Via2 guide region query size = 0.
[INFO DRT-0036] Metal3 guide region query size = 20020.
[INFO DRT-0036] Via3 guide region query size = 0.
[INFO DRT-0036] Metal4 guide region query size = 885.
[INFO DRT-0036] Via4 guide region query size = 0.
[INFO DRT-0036] Metal5 guide region query size = 305.
[INFO DRT-0179] Init gr pin query.
[INFO DRT-0267] cpu time = 00:00:01, elapsed time = 00:00:00, memory = 1258.67 (MB), peak = 1327.31 (MB)
[INFO DRT-0245] skipped writing guide updates to database.
[INFO DRT-0181] Start track assignment.
[INFO DRT-0184] Done with 38963 vertical wires in 3 frboxes and 59576 horizontal wires in 3 frboxes.
[INFO DRT-0186] Done with 8785 vertical wires in 3 frboxes and 6382 horizontal wires in 3 frboxes.
[INFO DRT-0182] Complete track assignment.
[INFO DRT-0267] cpu time = 00:00:06, elapsed time = 00:00:02, memory = 1336.00 (MB), peak = 1333.61 (MB)
[INFO DRT-0187] Start routing data preparation.
[INFO DRT-0267] cpu time = 00:00:00, elapsed time = 00:00:00, memory = 1336.00 (MB), peak = 1333.61 (MB)
[INFO DRT-0194] Start detail routing.
[INFO DRT-0195] Start 0th optimization iteration.
    Completing 10% with 0 violations.
    elapsed time = 00:00:00, memory = 1336.05 (MB).
    Completing 20% with 0 violations.
    elapsed time = 00:00:01, memory = 1336.05 (MB).
    Completing 30% with 7 violations.
    elapsed time = 00:00:01, memory = 1334.41 (MB).
    Completing 40% with 7 violations.
    elapsed time = 00:00:02, memory = 1334.59 (MB).
    Completing 50% with 7 violations.
    elapsed time = 00:00:02, memory = 1336.10 (MB).
    Completing 60% with 21 violations.
    elapsed time = 00:00:03, memory = 1336.11 (MB).
    Completing 70% with 21 violations.
    elapsed time = 00:00:03, memory = 1336.11 (MB).
    Completing 80% with 26 violations.
    elapsed time = 00:00:04, memory = 1336.11 (MB).
    Completing 90% with 26 violations.
    elapsed time = 00:00:05, memory = 1336.11 (MB).
    Completing 100% with 38 violations.
    elapsed time = 00:00:05, memory = 1336.11 (MB).
[INFO DRT-0199]   Number of violations = 45.
Viol/Layer      Metal2 Metal3
Metal Spacing        4      0
Recheck              4      3
Short               19     15
[INFO DRT-0267] cpu time = 00:01:25, elapsed time = 00:00:06, memory = 1378.14 (MB), peak = 1375.74 (MB)
Total wire length = 987181 um.
Total wire length on LAYER Metal1 = 0 um.
Total wire length on LAYER Metal2 = 428240 um.
Total wire length on LAYER Metal3 = 435944 um.
Total wire length on LAYER Metal4 = 62462 um.
Total wire length on LAYER Metal5 = 60533 um.
Total number of vias = 90814.
Up-via summary (total 90814):

----------------
  Poly2        0
 Metal1    43025
 Metal2    44905
 Metal3     2301
 Metal4      583
----------------
       90814


[INFO DRT-0195] Start 1st optimization iteration.
    Completing 10% with 45 violations.
    elapsed time = 00:00:00, memory = 1378.14 (MB).
    Completing 20% with 45 violations.
    elapsed time = 00:00:00, memory = 1382.16 (MB).
    Completing 30% with 38 violations.
    elapsed time = 00:00:01, memory = 1382.16 (MB).
    Completing 40% with 38 violations.
    elapsed time = 00:00:02, memory = 1382.16 (MB).
    Completing 50% with 38 violations.
    elapsed time = 00:00:02, memory = 1382.16 (MB).
    Completing 60% with 35 violations.
    elapsed time = 00:00:03, memory = 1320.77 (MB).
    Completing 70% with 35 violations.
    elapsed time = 00:00:03, memory = 1321.94 (MB).
    Completing 80% with 19 violations.
    elapsed time = 00:00:04, memory = 1321.94 (MB).
    Completing 90% with 19 violations.
    elapsed time = 00:00:05, memory = 1322.64 (MB).
    Completing 100% with 16 violations.
    elapsed time = 00:00:05, memory = 1322.64 (MB).
[INFO DRT-0199]   Number of violations = 16.
Viol/Layer      Metal2 Metal3
Metal Spacing        4      1
Short                5      6
[INFO DRT-0267] cpu time = 00:01:23, elapsed time = 00:00:06, memory = 1370.55 (MB), peak = 1379.70 (MB)
Total wire length = 987179 um.
Total wire length on LAYER Metal1 = 0 um.
Total wire length on LAYER Metal2 = 428242 um.
Total wire length on LAYER Metal3 = 435938 um.
Total wire length on LAYER Metal4 = 62464 um.
Total wire length on LAYER Metal5 = 60533 um.
Total number of vias = 90814.
Up-via summary (total 90814):

----------------
  Poly2        0
 Metal1    43025
 Metal2    44906
 Metal3     2300
 Metal4      583
----------------
       90814


[INFO DRT-0195] Start 2nd optimization iteration.
    Completing 10% with 16 violations.
    elapsed time = 00:00:00, memory = 1370.55 (MB).
    Completing 20% with 16 violations.
    elapsed time = 00:00:00, memory = 1370.55 (MB).
    Completing 30% with 15 violations.
    elapsed time = 00:00:00, memory = 1370.55 (MB).
    Completing 40% with 15 violations.
    elapsed time = 00:00:00, memory = 1370.55 (MB).
    Completing 50% with 15 violations.
    elapsed time = 00:00:00, memory = 1370.55 (MB).
    Completing 60% with 15 violations.
    elapsed time = 00:00:00, memory = 1370.55 (MB).
    Completing 70% with 15 violations.
    elapsed time = 00:00:00, memory = 1370.55 (MB).
    Completing 80% with 7 violations.
    elapsed time = 00:00:00, memory = 1370.55 (MB).
    Completing 90% with 7 violations.
    elapsed time = 00:00:00, memory = 1370.55 (MB).
    Completing 100% with 4 violations.
    elapsed time = 00:00:00, memory = 1370.55 (MB).
[INFO DRT-0199]   Number of violations = 4.
Viol/Layer      Metal2 Metal3
Metal Spacing        2      0
Short                1      1
[INFO DRT-0267] cpu time = 00:00:06, elapsed time = 00:00:01, memory = 1322.64 (MB), peak = 1379.70 (MB)
Total wire length = 987179 um.
Total wire length on LAYER Metal1 = 0 um.
Total wire length on LAYER Metal2 = 428244 um.
Total wire length on LAYER Metal3 = 435938 um.
Total wire length on LAYER Metal4 = 62463 um.
Total wire length on LAYER Metal5 = 60533 um.
Total number of vias = 90818.
Up-via summary (total 90818):

----------------
  Poly2        0
 Metal1    43025
 Metal2    44911
 Metal3     2299
 Metal4      583
----------------
       90818


[INFO DRT-0195] Start 3rd guides tiles iteration.
    Completing 20% with 4 violations.
    elapsed time = 00:00:00, memory = 1322.64 (MB).
    Completing 50% with 4 violations.
    elapsed time = 00:00:02, memory = 1324.92 (MB).
    Completing 70% with 1 violations.
    elapsed time = 00:00:02, memory = 1324.92 (MB).
    Completing 100% with 0 violations.
    elapsed time = 00:00:02, memory = 1324.92 (MB).
[INFO DRT-0199]   Number of violations = 0.
[INFO DRT-0267] cpu time = 00:00:06, elapsed time = 00:00:02, memory = 1372.81 (MB), peak = 1379.70 (MB)
Total wire length = 987154 um.
Total wire length on LAYER Metal1 = 0 um.
Total wire length on LAYER Metal2 = 428070 um.
Total wire length on LAYER Metal3 = 435591 um.
Total wire length on LAYER Metal4 = 62605 um.
Total wire length on LAYER Metal5 = 60886 um.
Total number of vias = 90823.
Up-via summary (total 90823):

----------------
  Poly2        0
 Metal1    43025
 Metal2    44903
 Metal3     2306
 Metal4      589
----------------
       90823


[INFO DRT-0198] Complete detail routing.
Total wire length = 987154 um.
Total wire length on LAYER Metal1 = 0 um.
Total wire length on LAYER Metal2 = 428070 um.
Total wire length on LAYER Metal3 = 435591 um.
Total wire length on LAYER Metal4 = 62605 um.
Total wire length on LAYER Metal5 = 60886 um.
Total number of vias = 90823.
Up-via summary (total 90823):

----------------
  Poly2        0
 Metal1    43025
 Metal2    44903
 Metal3     2306
 Metal4      589
----------------
       90823


[INFO DRT-0267] cpu time = 00:03:02, elapsed time = 00:00:16, memory = 1372.81 (MB), peak = 1379.70 (MB)

[INFO DRT-0180] Post processing.
[INFO ANT-0002] Found 0 net violations.
[INFO ANT-0001] Found 0 pin violations.
ANT2 0
ELEC_FIX_DONE
