Net rst_n_r0
 Pin capacitance: 3.13
 Wire capacitance: 0.97
 Total capacitance: 4.10
 Number of drivers: 1
 Number of loads: 370
 Number of pins: 371

Driver pins
 rst_reg0/Z output (gf180mcu_fd_sc_mcu9t5v0__clkbuf_16) (205, 194)

Load pins
 _18643_/RN input (gf180mcu_fd_sc_mcu9t5v0__dffrnq_1) 0.01 (374, 354)
 _18644_/RN input (gf180mcu_fd_sc_mcu9t5v0__dffrnq_1) 0.01 (374, 344)
 _18899_/RN input (gf180mcu_fd_sc_mcu9t5v0__dffrnq_1) 0.01 (218, 334)
 _18900_/RN input (gf180mcu_fd_sc_mcu9t5v0__dffrnq_1) 0.01 (220, 331)
 _18901_/RN input (gf180mcu_fd_sc_mcu9t5v0__dffrnq_1) 0.01 (228, 301)
 _18902_/RN input (gf180mcu_fd_sc_mcu9t5v0__dffrnq_1) 0.01 (210, 314)
 _18903_/RN input (gf180mcu_fd_sc_mcu9t5v0__dffrnq_1) 0.01 (239, 294)
 _18904_/RN input (gf180mcu_fd_sc_mcu9t5v0__dffrnq_1) 0.01 (219, 291)
 _18905_/RN input (gf180mcu_fd_sc_mcu9t5v0__dffrnq_1) 0.01 (224, 240)
 _18906_/RN input (gf180mcu_fd_sc_mcu9t5v0__dffrnq_1) 0.01 (218, 254)
 _18911_/RN input (gf180mcu_fd_sc_mcu9t5v0__dffrnq_1) 0.01 (316, 240)
 _18912_/RN input (gf180mcu_fd_sc_mcu9t5v0__dffrnq_1) 0.01 (312, 190)
 _18913_/RN input (gf180mcu_fd_sc_mcu9t5v0__dffrnq_1) 0.01 (311, 180)
 _18914_/RN input (gf180mcu_fd_sc_mcu9t5v0__dffrnq_1) 0.01 (299, 170)
 _18915_/RN input (gf180mcu_fd_sc_mcu9t5v0__dffrnq_1) 0.01 (313, 160)
 _18916_/RN input (gf180mcu_fd_sc_mcu9t5v0__dffrnq_1) 0.01 (306, 150)
 _18917_/RN input (gf180mcu_fd_sc_mcu9t5v0__dffrnq_1) 0.01 (324, 133)
 _18918_/RN input (gf180mcu_fd_sc_mcu9t5v0__dffrnq_1) 0.01 (323, 123)
 _18919_/RN input (gf180mcu_fd_sc_mcu9t5v0__dffrnq_1) 0.01 (309, 140)
 _18920_/RN input (gf180mcu_fd_sc_mcu9t5v0__dffrnq_1) 0.01 (290, 133)
 _18921_/RN input (gf180mcu_fd_sc_mcu9t5v0__dffrnq_1) 0.01 (287, 123)
 _18922_/RN input (gf180mcu_fd_sc_mcu9t5v0__dffrnq_1) 0.01 (276, 129)
 _19115_/RN input (gf180mcu_fd_sc_mcu9t5v0__dffrnq_1) 0.01 (252, 344)
 _19116_/RN input (gf180mcu_fd_sc_mcu9t5v0__dffrnq_1) 0.01 (253, 324)
 _19117_/RN input (gf180mcu_fd_sc_mcu9t5v0__dffrnq_1) 0.01 (258, 321)
 _19118_/RN input (gf180mcu_fd_sc_mcu9t5v0__dffrnq_1) 0.01 (278, 304)
 _19119_/RN input (gf180mcu_fd_sc_mcu9t5v0__dffrnq_1) 0.01 (267, 291)
 _19120_/RN input (gf180mcu_fd_sc_mcu9t5v0__dffrnq_1) 0.01 (267, 271)
 _19121_/RN input (gf180mcu_fd_sc_mcu9t5v0__dffrnq_1) 0.01 (275, 250)
 _19122_/RN input (gf180mcu_fd_sc_mcu9t5v0__dffrnq_1) 0.01 (257, 254)
 _19124_/RN input (gf180mcu_fd_sc_mcu9t5v0__dffrnq_1) 0.01 (317, 375)
 _19126_/RN input (gf180mcu_fd_sc_mcu9t5v0__dffrnq_1) 0.01 (346, 351)
 _19127_/RN input (gf180mcu_fd_sc_mcu9t5v0__dffrnq_1) 0.01 (335, 324)
 _19128_/RN input (gf180mcu_fd_sc_mcu9t5v0__dffrnq_1) 0.01 (345, 240)
 _19129_/RN input (gf180mcu_fd_sc_mcu9t5v0__dffrnq_1) 0.01 (337, 210)
 _19130_/RN input (gf180mcu_fd_sc_mcu9t5v0__dffrnq_1) 0.01 (338, 190)
 _19131_/RN input (gf180mcu_fd_sc_mcu9t5v0__dffrnq_1) 0.01 (342, 160)
 _19132_/RN input (gf180mcu_fd_sc_mcu9t5v0__dffrnq_1) 0.01 (356, 143)
 _19133_/RN input (gf180mcu_fd_sc_mcu9t5v0__dffrnq_1) 0.01 (355, 119)
 _19134_/RN input (gf180mcu_fd_sc_mcu9t5v0__dffrnq_1) 0.01 (351, 99)
 _19135_/RN input (gf180mcu_fd_sc_mcu9t5v0__dffrnq_1) 0.01 (335, 92)
 _19136_/RN input (gf180mcu_fd_sc_mcu9t5v0__dffrnq_1) 0.01 (332, 102)
 _19137_/RN input (gf180mcu_fd_sc_mcu9t5v0__dffrnq_1) 0.01 (316, 99)
 _19138_/RN input (gf180mcu_fd_sc_mcu9t5v0__dffrnq_1) 0.01 (304, 79)
 _19139_/RN input (gf180mcu_fd_sc_mcu9t5v0__dffrnq_1) 0.01 (296, 102)
 _19148_/RN input (gf180mcu_fd_sc_mcu9t5v0__dffrnq_1) 0.01 (283, 364)
 _19149_/RN input (gf180mcu_fd_sc_mcu9t5v0__dffrnq_1) 0.01 (296, 213)
 _19150_/RN input (gf180mcu_fd_sc_mcu9t5v0__dffrnq_1) 0.01 (308, 250)
 _19151_/RN input (gf180mcu_fd_sc_mcu9t5v0__dffrnq_1) 0.01 (311, 321)
 _19152_/RN input (gf180mcu_fd_sc_mcu9t5v0__dffrnq_1) 0.01 (311, 311)
 _19153_/RN input (gf180mcu_fd_sc_mcu9t5v0__dffrnq_1) 0.01 (317, 294)
 _19154_/RN input (gf180mcu_fd_sc_mcu9t5v0__dffrnq_1) 0.01 (316, 271)
 _19155_/RN input (gf180mcu_fd_sc_mcu9t5v0__dffrnq_1) 0.01 (296, 233)
 _19156_/RN input (gf180mcu_fd_sc_mcu9t5v0__dffrnq_1) 0.01 (285, 203)
 _19159_/RN input (gf180mcu_fd_sc_mcu9t5v0__dffrnq_1) 0.01 (381, 361)
 _19160_/RN input (gf180mcu_fd_sc_mcu9t5v0__dffrnq_1) 0.01 (362, 364)
 _19161_/RN input (gf180mcu_fd_sc_mcu9t5v0__dffrnq_1) 0.01 (381, 321)
 _19162_/RN input (gf180mcu_fd_sc_mcu9t5v0__dffrnq_1) 0.01 (374, 233)
 _19163_/RN input (gf180mcu_fd_sc_mcu9t5v0__dffrnq_1) 0.01 (367, 213)
 _19164_/RN input (gf180mcu_fd_sc_mcu9t5v0__dffrnq_1) 0.01 (374, 193)
 _19302_/RN input (gf180mcu_fd_sc_mcu9t5v0__dffrnq_1) 0.01 (100, 173)
 _19303_/RN input (gf180mcu_fd_sc_mcu9t5v0__dffrnq_1) 0.01 (113, 180)
 _19304_/RN input (gf180mcu_fd_sc_mcu9t5v0__dffrnq_1) 0.01 (186, 160)
 _19305_/RN input (gf180mcu_fd_sc_mcu9t5v0__dffrnq_1) 0.01 (178, 143)
 _19306_/RN input (gf180mcu_fd_sc_mcu9t5v0__dffrnq_1) 0.01 (176, 123)
 _19307_/RN input (gf180mcu_fd_sc_mcu9t5v0__dffrnq_1) 0.01 (169, 112)
 _19308_/RN input (gf180mcu_fd_sc_mcu9t5v0__dffrnq_1) 0.01 (175, 102)
 _19309_/RN input (gf180mcu_fd_sc_mcu9t5v0__dffrnq_1) 0.01 (167, 82)
 _19310_/RN input (gf180mcu_fd_sc_mcu9t5v0__dffrnq_1) 0.01 (174, 62)
 _19311_/RN input (gf180mcu_fd_sc_mcu9t5v0__dffrnq_1) 0.01 (180, 59)
 _19312_/RN input (gf180mcu_fd_sc_mcu9t5v0__dffrnq_1) 0.01 (172, 32)
 _19313_/RN input (gf180mcu_fd_sc_mcu9t5v0__dffrnq_1) 0.01 (178, 42)
 _19314_/RN input (gf180mcu_fd_sc_mcu9t5v0__dffrnq_1) 0.01 (187, 29)
 _19315_/RN input (gf180mcu_fd_sc_mcu9t5v0__dffrnq_1) 0.01 (186, 39)
 _19324_/RN input (gf180mcu_fd_sc_mcu9t5v0__dffrnq_1) 0.01 (55, 203)
 _19325_/RN input (gf180mcu_fd_sc_mcu9t5v0__dffrnq_1) 0.01 (22, 210)
 _19326_/RN input (gf180mcu_fd_sc_mcu9t5v0__dffrnq_1) 0.01 (22, 180)
 _19327_/RN input (gf180mcu_fd_sc_mcu9t5v0__dffrnq_1) 0.01 (31, 250)
 _19328_/RN input (gf180mcu_fd_sc_mcu9t5v0__dffrnq_1) 0.01 (22, 281)
 _19329_/RN input (gf180mcu_fd_sc_mcu9t5v0__dffrnq_1) 0.01 (24, 351)
 _19330_/RN input (gf180mcu_fd_sc_mcu9t5v0__dffrnq_1) 0.01 (28, 331)
 _19331_/RN input (gf180mcu_fd_sc_mcu9t5v0__dffrnq_1) 0.01 (55, 354)
 _19332_/RN input (gf180mcu_fd_sc_mcu9t5v0__dffrnq_1) 0.01 (139, 375)
 _19333_/RN input (gf180mcu_fd_sc_mcu9t5v0__dffrnq_1) 0.01 (94, 354)
 _19334_/RN input (gf180mcu_fd_sc_mcu9t5v0__dffrnq_1) 0.01 (107, 341)
 _19335_/RN input (gf180mcu_fd_sc_mcu9t5v0__dffrnq_1) 0.01 (139, 324)
 _19336_/RN input (gf180mcu_fd_sc_mcu9t5v0__dffrnq_1) 0.01 (115, 311)
 _19337_/RN input (gf180mcu_fd_sc_mcu9t5v0__dffrnq_1) 0.01 (125, 304)
 _19338_/RN input (gf180mcu_fd_sc_mcu9t5v0__dffrnq_1) 0.01 (109, 291)
 _19339_/RN input (gf180mcu_fd_sc_mcu9t5v0__dffrnq_1) 0.01 (107, 271)
 _19340_/RN input (gf180mcu_fd_sc_mcu9t5v0__dffrnq_1) 0.01 (123, 233)
 _19341_/RN input (gf180mcu_fd_sc_mcu9t5v0__dffrnq_1) 0.01 (139, 203)
 _19342_/RN input (gf180mcu_fd_sc_mcu9t5v0__dffrnq_1) 0.01 (52, 233)
 _19343_/RN input (gf180mcu_fd_sc_mcu9t5v0__dffrnq_1) 0.01 (22, 190)
 _19344_/RN input (gf180mcu_fd_sc_mcu9t5v0__dffrnq_1) 0.01 (22, 220)
 _19345_/RN input (gf180mcu_fd_sc_mcu9t5v0__dffrnq_1) 0.01 (22, 230)
 _19346_/RN input (gf180mcu_fd_sc_mcu9t5v0__dffrnq_1) 0.01 (41, 281)
 _19347_/RN input (gf180mcu_fd_sc_mcu9t5v0__dffrnq_1) 0.01 (22, 291)
 _19348_/RN input (gf180mcu_fd_sc_mcu9t5v0__dffrnq_1) 0.01 (22, 321)
 _19349_/RN input (gf180mcu_fd_sc_mcu9t5v0__dffrnq_1) 0.01 (41, 361)
 _19350_/RN input (gf180mcu_fd_sc_mcu9t5v0__dffrnq_1) 0.01 (120, 351)
 _19351_/RN input (gf180mcu_fd_sc_mcu9t5v0__dffrnq_1) 0.01 (66, 341)
 _19352_/RN input (gf180mcu_fd_sc_mcu9t5v0__dffrnq_1) 0.01 (69, 331)
 _19353_/RN input (gf180mcu_fd_sc_mcu9t5v0__dffrnq_1) 0.01 (96, 314)
 _19354_/RN input (gf180mcu_fd_sc_mcu9t5v0__dffrnq_1) 0.01 (61, 304)
 _19355_/RN input (gf180mcu_fd_sc_mcu9t5v0__dffrnq_1) 0.01 (82, 284)
 _19356_/RN input (gf180mcu_fd_sc_mcu9t5v0__dffrnq_1) 0.01 (54, 264)
 _19357_/RN input (gf180mcu_fd_sc_mcu9t5v0__dffrnq_1) 0.01 (61, 254)
 _19358_/RN input (gf180mcu_fd_sc_mcu9t5v0__dffrnq_1) 0.01 (73, 240)
 _19359_/RN input (gf180mcu_fd_sc_mcu9t5v0__dffrnq_1) 0.01 (76, 210)
 _19360_/RN input (gf180mcu_fd_sc_mcu9t5v0__dffrnq_1) 0.01 (50, 183)
 _19361_/RN input (gf180mcu_fd_sc_mcu9t5v0__dffrnq_1) 0.01 (22, 160)
 _19362_/RN input (gf180mcu_fd_sc_mcu9t5v0__dffrnq_1) 0.01 (22, 140)
 _19363_/RN input (gf180mcu_fd_sc_mcu9t5v0__dffrnq_1) 0.01 (22, 119)
 _19364_/RN input (gf180mcu_fd_sc_mcu9t5v0__dffrnq_1) 0.01 (22, 99)
 _19365_/RN input (gf180mcu_fd_sc_mcu9t5v0__dffrnq_1) 0.01 (22, 79)
 _19366_/RN input (gf180mcu_fd_sc_mcu9t5v0__dffrnq_1) 0.01 (63, 119)
 _19367_/RN input (gf180mcu_fd_sc_mcu9t5v0__dffrnq_1) 0.01 (74, 89)
 _19368_/RN input (gf180mcu_fd_sc_mcu9t5v0__dffrnq_1) 0.01 (93, 102)
 _19369_/RN input (gf180mcu_fd_sc_mcu9t5v0__dffrnq_1) 0.01 (71, 140)
 _19370_/RN input (gf180mcu_fd_sc_mcu9t5v0__dffrnq_1) 0.01 (73, 180)
 _19371_/RN input (gf180mcu_fd_sc_mcu9t5v0__dffrnq_1) 0.01 (141, 170)
 _19372_/RN input (gf180mcu_fd_sc_mcu9t5v0__dffrnq_1) 0.01 (152, 150)
 _19373_/RN input (gf180mcu_fd_sc_mcu9t5v0__dffrnq_1) 0.01 (153, 129)
 _19374_/RN input (gf180mcu_fd_sc_mcu9t5v0__dffrnq_1) 0.01 (131, 112)
 _19375_/RN input (gf180mcu_fd_sc_mcu9t5v0__dffrnq_1) 0.01 (121, 102)
 _19376_/RN input (gf180mcu_fd_sc_mcu9t5v0__dffrnq_1) 0.01 (133, 82)
 _19377_/RN input (gf180mcu_fd_sc_mcu9t5v0__dffrnq_1) 0.01 (113, 79)
 _19378_/RN input (gf180mcu_fd_sc_mcu9t5v0__dffrnq_1) 0.01 (54, 163)
 _19379_/RN input (gf180mcu_fd_sc_mcu9t5v0__dffrnq_1) 0.01 (22, 170)
 _19380_/RN input (gf180mcu_fd_sc_mcu9t5v0__dffrnq_1) 0.01 (22, 129)
 _19381_/RN input (gf180mcu_fd_sc_mcu9t5v0__dffrnq_1) 0.01 (61, 133)
 _19382_/RN input (gf180mcu_fd_sc_mcu9t5v0__dffrnq_1) 0.01 (22, 89)
 _19383_/RN input (gf180mcu_fd_sc_mcu9t5v0__dffrnq_1) 0.01 (39, 69)
 _19384_/RN input (gf180mcu_fd_sc_mcu9t5v0__dffrnq_1) 0.01 (54, 92)
 _19385_/RN input (gf180mcu_fd_sc_mcu9t5v0__dffrnq_1) 0.01 (61, 82)
 _19386_/RN input (gf180mcu_fd_sc_mcu9t5v0__dffrnq_1) 0.01 (102, 89)
 _19387_/RN input (gf180mcu_fd_sc_mcu9t5v0__dffrnq_1) 0.01 (99, 163)
 _19388_/RN input (gf180mcu_fd_sc_mcu9t5v0__dffrnq_1) 0.01 (113, 170)
 _19389_/RN input (gf180mcu_fd_sc_mcu9t5v0__dffrnq_1) 0.01 (184, 150)
 _19390_/RN input (gf180mcu_fd_sc_mcu9t5v0__dffrnq_1) 0.01 (188, 140)
 _19391_/RN input (gf180mcu_fd_sc_mcu9t5v0__dffrnq_1) 0.01 (188, 119)
 _19392_/RN input (gf180mcu_fd_sc_mcu9t5v0__dffrnq_1) 0.01 (130, 123)
 _19393_/RN input (gf180mcu_fd_sc_mcu9t5v0__dffrnq_1) 0.01 (115, 99)
 _19394_/RN input (gf180mcu_fd_sc_mcu9t5v0__dffrnq_1) 0.01 (185, 89)
 _19395_/RN input (gf180mcu_fd_sc_mcu9t5v0__dffrnq_1) 0.01 (195, 79)
 _19396_/RN input (gf180mcu_fd_sc_mcu9t5v0__dffrnq_1) 0.01 (100, 344)
 _19397_/RN input (gf180mcu_fd_sc_mcu9t5v0__dffrnq_1) 0.01 (109, 331)
 _19398_/RN input (gf180mcu_fd_sc_mcu9t5v0__dffrnq_1) 0.01 (138, 334)
 _19399_/RN input (gf180mcu_fd_sc_mcu9t5v0__dffrnq_1) 0.01 (116, 321)
 _19400_/RN input (gf180mcu_fd_sc_mcu9t5v0__dffrnq_1) 0.01 (120, 301)
 _19401_/RN input (gf180mcu_fd_sc_mcu9t5v0__dffrnq_1) 0.01 (110, 281)
 _19402_/RN input (gf180mcu_fd_sc_mcu9t5v0__dffrnq_1) 0.01 (110, 260)
 _19403_/RN input (gf180mcu_fd_sc_mcu9t5v0__dffrnq_1) 0.01 (120, 230)
 _19404_/RN input (gf180mcu_fd_sc_mcu9t5v0__dffrnq_1) 0.01 (154, 220)
 _19405_/RN input (gf180mcu_fd_sc_mcu9t5v0__dffrnq_1) 0.01 (144, 210)
 _19406_/RN input (gf180mcu_fd_sc_mcu9t5v0__dffrnq_1) 0.01 (151, 190)
 _19407_/RN input (gf180mcu_fd_sc_mcu9t5v0__dffrnq_1) 0.01 (153, 180)
 _19408_/RN input (gf180mcu_fd_sc_mcu9t5v0__dffrnq_1) 0.01 (177, 173)
 _19409_/RN input (gf180mcu_fd_sc_mcu9t5v0__dffrnq_1) 0.01 (181, 180)
 _19410_/RN input (gf180mcu_fd_sc_mcu9t5v0__dffrnq_1) 0.01 (60, 334)
 _19411_/RN input (gf180mcu_fd_sc_mcu9t5v0__dffrnq_1) 0.01 (61, 324)
 _19412_/RN input (gf180mcu_fd_sc_mcu9t5v0__dffrnq_1) 0.01 (66, 311)
 _19413_/RN input (gf180mcu_fd_sc_mcu9t5v0__dffrnq_1) 0.01 (62, 301)
 _19414_/RN input (gf180mcu_fd_sc_mcu9t5v0__dffrnq_1) 0.01 (76, 281)
 _19415_/RN input (gf180mcu_fd_sc_mcu9t5v0__dffrnq_1) 0.01 (58, 274)
 _19416_/RN input (gf180mcu_fd_sc_mcu9t5v0__dffrnq_1) 0.01 (68, 260)
 _19417_/RN input (gf180mcu_fd_sc_mcu9t5v0__dffrnq_1) 0.01 (72, 230)
 _19418_/RN input (gf180mcu_fd_sc_mcu9t5v0__dffrnq_1) 0.01 (92, 223)
 _19419_/RN input (gf180mcu_fd_sc_mcu9t5v0__dffrnq_1) 0.01 (80, 220)
 _19420_/RN input (gf180mcu_fd_sc_mcu9t5v0__dffrnq_1) 0.01 (82, 203)
 _19421_/RN input (gf180mcu_fd_sc_mcu9t5v0__dffrnq_1) 0.01 (110, 200)
 _19422_/RN input (gf180mcu_fd_sc_mcu9t5v0__dffrnq_1) 0.01 (71, 200)
 _19423_/RN input (gf180mcu_fd_sc_mcu9t5v0__dffrnq_1) 0.01 (82, 193)
 _19424_/RN input (gf180mcu_fd_sc_mcu9t5v0__dffrnq_1) 0.01 (75, 160)
 _19425_/RN input (gf180mcu_fd_sc_mcu9t5v0__dffrnq_1) 0.01 (75, 170)
 _19426_/RN input (gf180mcu_fd_sc_mcu9t5v0__dffrnq_1) 0.01 (139, 173)
 _19427_/RN input (gf180mcu_fd_sc_mcu9t5v0__dffrnq_1) 0.01 (152, 160)
 _19428_/RN input (gf180mcu_fd_sc_mcu9t5v0__dffrnq_1) 0.01 (150, 140)
 _19429_/RN input (gf180mcu_fd_sc_mcu9t5v0__dffrnq_1) 0.01 (143, 119)
 _19430_/RN input (gf180mcu_fd_sc_mcu9t5v0__dffrnq_1) 0.01 (132, 92)
 _19431_/RN input (gf180mcu_fd_sc_mcu9t5v0__dffrnq_1) 0.01 (131, 72)
 _19432_/RN input (gf180mcu_fd_sc_mcu9t5v0__dffrnq_1) 0.01 (112, 69)
 _19433_/RN input (gf180mcu_fd_sc_mcu9t5v0__dffrnq_1) 0.01 (111, 59)
 _19434_/RN input (gf180mcu_fd_sc_mcu9t5v0__dffrnq_1) 0.01 (111, 39)
 _19435_/RN input (gf180mcu_fd_sc_mcu9t5v0__dffrnq_1) 0.01 (111, 49)
 _19436_/RN input (gf180mcu_fd_sc_mcu9t5v0__dffrnq_1) 0.01 (110, 29)
 _19437_/RN input (gf180mcu_fd_sc_mcu9t5v0__dffrnq_1) 0.01 (139, 32)
 _19440_/RN input (gf180mcu_fd_sc_mcu9t5v0__dffrnq_1) 0.01 (219, 371)
 _19442_/RN input (gf180mcu_fd_sc_mcu9t5v0__dffrnq_1) 0.01 (198, 371)
 _19448_/RN input (gf180mcu_fd_sc_mcu9t5v0__dffrnq_1) 0.01 (187, 361)
 _19449_/RN input (gf180mcu_fd_sc_mcu9t5v0__dffrnq_1) 0.01 (237, 351)
 _19450_/RN input (gf180mcu_fd_sc_mcu9t5v0__dffrnq_1) 0.01 (213, 344)
 _19451_/RN input (gf180mcu_fd_sc_mcu9t5v0__dffrnq_1) 0.01 (198, 331)
 _19452_/RN input (gf180mcu_fd_sc_mcu9t5v0__dffrnq_1) 0.01 (214, 304)
 _19453_/RN input (gf180mcu_fd_sc_mcu9t5v0__dffrnq_1) 0.01 (255, 264)
 _19454_/RN input (gf180mcu_fd_sc_mcu9t5v0__dffrnq_1) 0.01 (267, 230)
 _19455_/RN input (gf180mcu_fd_sc_mcu9t5v0__dffrnq_1) 0.01 (258, 220)
 _19456_/RN input (gf180mcu_fd_sc_mcu9t5v0__dffrnq_1) 0.01 (250, 213)
 _19457_/RN input (gf180mcu_fd_sc_mcu9t5v0__dffrnq_1) 0.01 (239, 375)
 _19458_/RN input (gf180mcu_fd_sc_mcu9t5v0__dffrnq_1) 0.01 (308, 361)
 _19459_/RN input (gf180mcu_fd_sc_mcu9t5v0__dffrnq_1) 0.01 (255, 354)
 _19460_/RN input (gf180mcu_fd_sc_mcu9t5v0__dffrnq_1) 0.01 (316, 331)
 _19461_/RN input (gf180mcu_fd_sc_mcu9t5v0__dffrnq_1) 0.01 (229, 260)
 _19462_/RN input (gf180mcu_fd_sc_mcu9t5v0__dffrnq_1) 0.01 (244, 223)
 _19463_/RN input (gf180mcu_fd_sc_mcu9t5v0__dffrnq_1) 0.01 (251, 193)
 _19464_/RN input (gf180mcu_fd_sc_mcu9t5v0__dffrnq_1) 0.01 (270, 180)
 _19465_/RN input (gf180mcu_fd_sc_mcu9t5v0__dffrnq_1) 0.01 (288, 163)
 _19466_/RN input (gf180mcu_fd_sc_mcu9t5v0__dffrnq_1) 0.01 (257, 133)
 _19467_/RN input (gf180mcu_fd_sc_mcu9t5v0__dffrnq_1) 0.01 (257, 112)
 _19468_/RN input (gf180mcu_fd_sc_mcu9t5v0__dffrnq_1) 0.01 (261, 109)
 _19469_/RN input (gf180mcu_fd_sc_mcu9t5v0__dffrnq_1) 0.01 (218, 92)
 _19470_/RN input (gf180mcu_fd_sc_mcu9t5v0__dffrnq_1) 0.01 (245, 92)
 _19471_/RN input (gf180mcu_fd_sc_mcu9t5v0__dffrnq_1) 0.01 (291, 72)
 _19472_/RN input (gf180mcu_fd_sc_mcu9t5v0__dffrnq_1) 0.01 (280, 92)
 _19473_/RN input (gf180mcu_fd_sc_mcu9t5v0__dffrnq_1) 0.01 (276, 99)
 _19523_/RN input (gf180mcu_fd_sc_mcu9t5v0__dffrnq_1) 0.01 (287, 375)
 _19530_/RN input (gf180mcu_fd_sc_mcu9t5v0__dffrnq_1) 0.01 (369, 375)
 _19531_/RN input (gf180mcu_fd_sc_mcu9t5v0__dffrnq_1) 0.01 (298, 351)
 _19533_/RN input (gf180mcu_fd_sc_mcu9t5v0__dffrnq_1) 0.01 (316, 301)
 _19534_/RN input (gf180mcu_fd_sc_mcu9t5v0__dffrnq_1) 0.01 (356, 284)
 _19535_/RN input (gf180mcu_fd_sc_mcu9t5v0__dffrnq_1) 0.01 (309, 260)
 _19536_/RN input (gf180mcu_fd_sc_mcu9t5v0__dffrnq_1) 0.01 (346, 250)
 _19537_/RN input (gf180mcu_fd_sc_mcu9t5v0__dffrnq_1) 0.01 (296, 223)
 _19538_/RN input (gf180mcu_fd_sc_mcu9t5v0__dffrnq_1) 0.01 (286, 183)
 _19539_/RN input (gf180mcu_fd_sc_mcu9t5v0__dffrnq_1) 0.01 (276, 190)
 _19542_/RN input (gf180mcu_fd_sc_mcu9t5v0__dffrnq_1) 0.01 (365, 314)
 _19543_/RN input (gf180mcu_fd_sc_mcu9t5v0__dffrnq_1) 0.01 (374, 223)
 _19544_/RN input (gf180mcu_fd_sc_mcu9t5v0__dffrnq_1) 0.01 (373, 173)
 _19551_/RN input (gf180mcu_fd_sc_mcu9t5v0__dffrnq_1) 0.01 (368, 52)
 _19552_/RN input (gf180mcu_fd_sc_mcu9t5v0__dffrnq_1) 0.01 (335, 42)
 _19553_/RN input (gf180mcu_fd_sc_mcu9t5v0__dffrnq_1) 0.01 (355, 39)
 _19554_/RN input (gf180mcu_fd_sc_mcu9t5v0__dffrnq_1) 0.01 (316, 49)
 _19555_/RN input (gf180mcu_fd_sc_mcu9t5v0__dffrnq_1) 0.01 (316, 39)
 _19558_/RN input (gf180mcu_fd_sc_mcu9t5v0__dffrnq_1) 0.01 (55, 213)
 _19559_/RN input (gf180mcu_fd_sc_mcu9t5v0__dffrnq_1) 0.01 (41, 230)
 _19560_/RN input (gf180mcu_fd_sc_mcu9t5v0__dffrnq_1) 0.01 (29, 200)
 _19561_/RN input (gf180mcu_fd_sc_mcu9t5v0__dffrnq_1) 0.01 (36, 260)
 _19562_/RN input (gf180mcu_fd_sc_mcu9t5v0__dffrnq_1) 0.01 (41, 291)
 _19563_/RN input (gf180mcu_fd_sc_mcu9t5v0__dffrnq_1) 0.01 (27, 341)
 _19564_/RN input (gf180mcu_fd_sc_mcu9t5v0__dffrnq_1) 0.01 (34, 311)
 _19565_/RN input (gf180mcu_fd_sc_mcu9t5v0__dffrnq_1) 0.01 (62, 371)
 _19567_/RN input (gf180mcu_fd_sc_mcu9t5v0__dffrnq_1) 0.01 (120, 361)
 _19568_/RN input (gf180mcu_fd_sc_mcu9t5v0__dffrnq_1) 0.01 (136, 354)
 _19569_/RN input (gf180mcu_fd_sc_mcu9t5v0__dffrnq_1) 0.01 (166, 334)
 _19570_/RN input (gf180mcu_fd_sc_mcu9t5v0__dffrnq_1) 0.01 (167, 314)
 _19571_/RN input (gf180mcu_fd_sc_mcu9t5v0__dffrnq_1) 0.01 (166, 304)
 _19572_/RN input (gf180mcu_fd_sc_mcu9t5v0__dffrnq_1) 0.01 (139, 294)
 _19573_/RN input (gf180mcu_fd_sc_mcu9t5v0__dffrnq_1) 0.01 (131, 274)
 _19574_/RN input (gf180mcu_fd_sc_mcu9t5v0__dffrnq_1) 0.01 (141, 240)
 _19575_/RN input (gf180mcu_fd_sc_mcu9t5v0__dffrnq_1) 0.01 (167, 233)
 _19576_/RN input (gf180mcu_fd_sc_mcu9t5v0__dffrnq_1) 0.01 (178, 223)
 _19577_/RN input (gf180mcu_fd_sc_mcu9t5v0__dffrnq_1) 0.01 (191, 210)
 _19578_/RN input (gf180mcu_fd_sc_mcu9t5v0__dffrnq_1) 0.01 (206, 183)
 _19579_/RN input (gf180mcu_fd_sc_mcu9t5v0__dffrnq_1) 0.01 (222, 190)
 _19580_/RN input (gf180mcu_fd_sc_mcu9t5v0__dffrnq_1) 0.01 (204, 163)
 _19581_/RN input (gf180mcu_fd_sc_mcu9t5v0__dffrnq_1) 0.01 (48, 223)
 _19582_/RN input (gf180mcu_fd_sc_mcu9t5v0__dffrnq_1) 0.01 (41, 210)
 _19583_/RN input (gf180mcu_fd_sc_mcu9t5v0__dffrnq_1) 0.01 (43, 244)
 _19584_/RN input (gf180mcu_fd_sc_mcu9t5v0__dffrnq_1) 0.01 (30, 240)
 _19585_/RN input (gf180mcu_fd_sc_mcu9t5v0__dffrnq_1) 0.01 (29, 271)
 _19586_/RN input (gf180mcu_fd_sc_mcu9t5v0__dffrnq_1) 0.01 (32, 301)
 _19587_/RN input (gf180mcu_fd_sc_mcu9t5v0__dffrnq_1) 0.01 (41, 321)
 _19588_/RN input (gf180mcu_fd_sc_mcu9t5v0__dffrnq_1) 0.01 (57, 364)
 _19589_/RN input (gf180mcu_fd_sc_mcu9t5v0__dffrnq_1) 0.01 (139, 364)
 _19590_/RN input (gf180mcu_fd_sc_mcu9t5v0__dffrnq_1) 0.01 (80, 361)
 _19591_/RN input (gf180mcu_fd_sc_mcu9t5v0__dffrnq_1) 0.01 (89, 334)
 _19592_/RN input (gf180mcu_fd_sc_mcu9t5v0__dffrnq_1) 0.01 (159, 331)
 _19593_/RN input (gf180mcu_fd_sc_mcu9t5v0__dffrnq_1) 0.01 (97, 304)
 _19594_/RN input (gf180mcu_fd_sc_mcu9t5v0__dffrnq_1) 0.01 (154, 301)
 _19595_/RN input (gf180mcu_fd_sc_mcu9t5v0__dffrnq_1) 0.01 (152, 291)
 _19596_/RN input (gf180mcu_fd_sc_mcu9t5v0__dffrnq_1) 0.01 (98, 264)
 _19597_/RN input (gf180mcu_fd_sc_mcu9t5v0__dffrnq_1) 0.01 (102, 250)
 _19598_/RN input (gf180mcu_fd_sc_mcu9t5v0__dffrnq_1) 0.01 (107, 240)
 _19599_/RN input (gf180mcu_fd_sc_mcu9t5v0__dffrnq_1) 0.01 (190, 230)
 _19600_/RN input (gf180mcu_fd_sc_mcu9t5v0__dffrnq_1) 0.01 (198, 220)
 _19601_/RN input (gf180mcu_fd_sc_mcu9t5v0__dffrnq_1) 0.01 (211, 203)
 _19602_/RN input (gf180mcu_fd_sc_mcu9t5v0__dffrnq_1) 0.01 (127, 183)
 _19603_/RN input (gf180mcu_fd_sc_mcu9t5v0__dffrnq_1) 0.01 (207, 173)
 _19604_/RN input (gf180mcu_fd_sc_mcu9t5v0__dffrnq_1) 0.01 (48, 173)
 _19605_/RN input (gf180mcu_fd_sc_mcu9t5v0__dffrnq_1) 0.01 (41, 180)
 _19606_/RN input (gf180mcu_fd_sc_mcu9t5v0__dffrnq_1) 0.01 (41, 140)
 _19607_/RN input (gf180mcu_fd_sc_mcu9t5v0__dffrnq_1) 0.01 (41, 129)
 _19608_/RN input (gf180mcu_fd_sc_mcu9t5v0__dffrnq_1) 0.01 (41, 119)
 _19609_/RN input (gf180mcu_fd_sc_mcu9t5v0__dffrnq_1) 0.01 (41, 89)
 _19610_/RN input (gf180mcu_fd_sc_mcu9t5v0__dffrnq_1) 0.01 (61, 112)
 _19611_/RN input (gf180mcu_fd_sc_mcu9t5v0__dffrnq_1) 0.01 (82, 82)
 _19612_/RN input (gf180mcu_fd_sc_mcu9t5v0__dffrnq_1) 0.01 (97, 112)
 _19613_/RN input (gf180mcu_fd_sc_mcu9t5v0__dffrnq_1) 0.01 (89, 133)
 _19614_/RN input (gf180mcu_fd_sc_mcu9t5v0__dffrnq_1) 0.01 (93, 143)
 _19615_/RN input (gf180mcu_fd_sc_mcu9t5v0__dffrnq_1) 0.01 (231, 170)
 _19616_/RN input (gf180mcu_fd_sc_mcu9t5v0__dffrnq_1) 0.01 (229, 150)
 _19617_/RN input (gf180mcu_fd_sc_mcu9t5v0__dffrnq_1) 0.01 (227, 129)
 _19618_/RN input (gf180mcu_fd_sc_mcu9t5v0__dffrnq_1) 0.01 (218, 112)
 _19619_/RN input (gf180mcu_fd_sc_mcu9t5v0__dffrnq_1) 0.01 (159, 99)
 _19620_/RN input (gf180mcu_fd_sc_mcu9t5v0__dffrnq_1) 0.01 (159, 79)
 _19621_/RN input (gf180mcu_fd_sc_mcu9t5v0__dffrnq_1) 0.01 (165, 72)
 _19622_/RN input (gf180mcu_fd_sc_mcu9t5v0__dffrnq_1) 0.01 (152, 59)
 _19623_/RN input (gf180mcu_fd_sc_mcu9t5v0__dffrnq_1) 0.01 (160, 52)
 _19624_/RN input (gf180mcu_fd_sc_mcu9t5v0__dffrnq_1) 0.01 (155, 39)
 _19625_/RN input (gf180mcu_fd_sc_mcu9t5v0__dffrnq_1) 0.01 (218, 32)
 _19626_/RN input (gf180mcu_fd_sc_mcu9t5v0__dffrnq_1) 0.01 (159, 29)
 _19627_/RN input (gf180mcu_fd_sc_mcu9t5v0__dffrnq_1) 0.01 (41, 170)
 _19628_/RN input (gf180mcu_fd_sc_mcu9t5v0__dffrnq_1) 0.01 (41, 160)
 _19629_/RN input (gf180mcu_fd_sc_mcu9t5v0__dffrnq_1) 0.01 (36, 150)
 _19630_/RN input (gf180mcu_fd_sc_mcu9t5v0__dffrnq_1) 0.01 (62, 129)
 _19631_/RN input (gf180mcu_fd_sc_mcu9t5v0__dffrnq_1) 0.01 (34, 109)
 _19632_/RN input (gf180mcu_fd_sc_mcu9t5v0__dffrnq_1) 0.01 (41, 79)
 _19633_/RN input (gf180mcu_fd_sc_mcu9t5v0__dffrnq_1) 0.01 (61, 102)
 _19634_/RN input (gf180mcu_fd_sc_mcu9t5v0__dffrnq_1) 0.01 (79, 79)
 _19635_/RN input (gf180mcu_fd_sc_mcu9t5v0__dffrnq_1) 0.01 (99, 92)
 _19636_/RN input (gf180mcu_fd_sc_mcu9t5v0__dffrnq_1) 0.01 (102, 140)
 _19637_/RN input (gf180mcu_fd_sc_mcu9t5v0__dffrnq_1) 0.01 (120, 150)
 _19638_/RN input (gf180mcu_fd_sc_mcu9t5v0__dffrnq_1) 0.01 (219, 160)
 _19639_/RN input (gf180mcu_fd_sc_mcu9t5v0__dffrnq_1) 0.01 (218, 143)
 _19640_/RN input (gf180mcu_fd_sc_mcu9t5v0__dffrnq_1) 0.01 (230, 119)
 _19641_/RN input (gf180mcu_fd_sc_mcu9t5v0__dffrnq_1) 0.01 (215, 123)
 _19642_/RN input (gf180mcu_fd_sc_mcu9t5v0__dffrnq_1) 0.01 (218, 102)
 _19643_/RN input (gf180mcu_fd_sc_mcu9t5v0__dffrnq_1) 0.01 (224, 79)
 _19644_/RN input (gf180mcu_fd_sc_mcu9t5v0__dffrnq_1) 0.01 (230, 69)
 _19645_/RN input (gf180mcu_fd_sc_mcu9t5v0__dffrnq_1) 0.01 (230, 59)
 _19646_/RN input (gf180mcu_fd_sc_mcu9t5v0__dffrnq_1) 0.01 (227, 49)
 _19647_/RN input (gf180mcu_fd_sc_mcu9t5v0__dffrnq_1) 0.01 (234, 39)
 _19648_/RN input (gf180mcu_fd_sc_mcu9t5v0__dffrnq_1) 0.01 (243, 32)
 _19649_/RN input (gf180mcu_fd_sc_mcu9t5v0__dffrnq_1) 0.01 (237, 29)
 _19694_/RN input (gf180mcu_fd_sc_mcu9t5v0__dffrnq_1) 0.01 (374, 274)
 _19695_/RN input (gf180mcu_fd_sc_mcu9t5v0__dffrnq_1) 0.01 (323, 264)
 _19696_/RN input (gf180mcu_fd_sc_mcu9t5v0__dffrnq_1) 0.01 (363, 254)
 _19697_/RN input (gf180mcu_fd_sc_mcu9t5v0__dffrnq_1) 0.01 (311, 210)
 _19698_/RN input (gf180mcu_fd_sc_mcu9t5v0__dffrnq_1) 0.01 (369, 183)
 _19699_/RN input (gf180mcu_fd_sc_mcu9t5v0__dffrnq_1) 0.01 (296, 193)
 _19713_/RN input (gf180mcu_fd_sc_mcu9t5v0__dffrnq_1) 0.01 (355, 29)
 _19714_/RN input (gf180mcu_fd_sc_mcu9t5v0__dffrnq_1) 0.01 (330, 52)
 _19715_/RN input (gf180mcu_fd_sc_mcu9t5v0__dffrnq_1) 0.01 (335, 32)
 _19723_/RN input (gf180mcu_fd_sc_mcu9t5v0__dffrnq_1) 0.01 (196, 341)
 _19724_/RN input (gf180mcu_fd_sc_mcu9t5v0__dffrnq_1) 0.01 (195, 321)
 _19725_/RN input (gf180mcu_fd_sc_mcu9t5v0__dffrnq_1) 0.01 (198, 301)
 _19726_/RN input (gf180mcu_fd_sc_mcu9t5v0__dffrnq_1) 0.01 (198, 291)
 _19727_/RN input (gf180mcu_fd_sc_mcu9t5v0__dffrnq_1) 0.01 (198, 271)
 _19728_/RN input (gf180mcu_fd_sc_mcu9t5v0__dffrnq_1) 0.01 (206, 264)
 _19729_/RN input (gf180mcu_fd_sc_mcu9t5v0__dffrnq_1) 0.01 (213, 244)
 _19730_/RN input (gf180mcu_fd_sc_mcu9t5v0__dffrnq_1) 0.01 (230, 230)
 _19731_/RN input (gf180mcu_fd_sc_mcu9t5v0__dffrnq_1) 0.01 (232, 220)
 _19732_/RN input (gf180mcu_fd_sc_mcu9t5v0__dffrnq_1) 0.01 (249, 173)
 _19733_/RN input (gf180mcu_fd_sc_mcu9t5v0__dffrnq_1) 0.01 (257, 183)
 _19734_/RN input (gf180mcu_fd_sc_mcu9t5v0__dffrnq_1) 0.01 (271, 170)
 _19735_/RN input (gf180mcu_fd_sc_mcu9t5v0__dffrnq_1) 0.01 (269, 150)
 _19736_/RN input (gf180mcu_fd_sc_mcu9t5v0__dffrnq_1) 0.01 (208, 274)
 _19737_/RN input (gf180mcu_fd_sc_mcu9t5v0__dffrnq_1) 0.01 (276, 160)
 _19738_/RN input (gf180mcu_fd_sc_mcu9t5v0__dffrnq_1) 0.01 (251, 163)
 _19739_/RN input (gf180mcu_fd_sc_mcu9t5v0__dffrnq_1) 0.01 (257, 153)
 _19740_/RN input (gf180mcu_fd_sc_mcu9t5v0__dffrnq_1) 0.01 (266, 140)
 _19741_/RN input (gf180mcu_fd_sc_mcu9t5v0__dffrnq_1) 0.01 (257, 123)
 _19742_/RN input (gf180mcu_fd_sc_mcu9t5v0__dffrnq_1) 0.01 (257, 102)
 _19743_/RN input (gf180mcu_fd_sc_mcu9t5v0__dffrnq_1) 0.01 (267, 79)
 _19744_/RN input (gf180mcu_fd_sc_mcu9t5v0__dffrnq_1) 0.01 (275, 69)
 _19745_/RN input (gf180mcu_fd_sc_mcu9t5v0__dffrnq_1) 0.01 (278, 62)
 _19746_/RN input (gf180mcu_fd_sc_mcu9t5v0__dffrnq_1) 0.01 (281, 52)
 _19747_/RN input (gf180mcu_fd_sc_mcu9t5v0__dffrnq_1) 0.01 (286, 32)
 _19748_/RN input (gf180mcu_fd_sc_mcu9t5v0__dffrnq_1) 0.01 (286, 42)
 _19749_/RN input (gf180mcu_fd_sc_mcu9t5v0__dffrnq_1) 0.01 (276, 29)
 _19795_/RN input (gf180mcu_fd_sc_mcu9t5v0__dffrnq_1) 0.01 (351, 260)
 _19796_/RN input (gf180mcu_fd_sc_mcu9t5v0__dffrnq_1) 0.01 (374, 244)
 _19797_/RN input (gf180mcu_fd_sc_mcu9t5v0__dffrnq_1) 0.01 (316, 220)
 _19814_/RN input (gf180mcu_fd_sc_mcu9t5v0__dffrnq_1) 0.01 (316, 29)
 _19815_/RN input (gf180mcu_fd_sc_mcu9t5v0__dffrnq_1) 0.01 (355, 49)
 _20036_/RN input (gf180mcu_fd_sc_mcu9t5v0__dffrnq_1) 0.01 (160, 274)
 _20037_/RN input (gf180mcu_fd_sc_mcu9t5v0__dffrnq_1) 0.01 (155, 260)
 _20038_/RN input (gf180mcu_fd_sc_mcu9t5v0__dffrnq_1) 0.01 (145, 250)
 _20039_/RN input (gf180mcu_fd_sc_mcu9t5v0__dffrnq_1) 0.01 (45, 72)

