Net rst_n_r7
 Pin capacitance: 0.33
 Wire capacitance: 0.17
 Total capacitance: 0.50
 Number of drivers: 1
 Number of loads: 39
 Number of pins: 40

Driver pins
 rst_reg7/Z output (gf180mcu_fd_sc_mcu9t5v0__clkbuf_8) (507, 900)

Load pins
 _19879_/RN input (gf180mcu_fd_sc_mcu9t5v0__dffrnq_1) 0.01 (511, 754)
 _19880_/RN input (gf180mcu_fd_sc_mcu9t5v0__dffrnq_1) 0.01 (509, 775)
 _19881_/RN input (gf180mcu_fd_sc_mcu9t5v0__dffrnq_1) 0.01 (509, 764)
 _19885_/RN input (gf180mcu_fd_sc_mcu9t5v0__dffrnq_1) 0.01 (509, 926)
 _19904_/RN input (gf180mcu_fd_sc_mcu9t5v0__dffrnq_1) 0.01 (788, 1080)
 _19913_/RN input (gf180mcu_fd_sc_mcu9t5v0__dffrnq_1) 0.01 (515, 976)
 _19914_/RN input (gf180mcu_fd_sc_mcu9t5v0__dffrnq_1) 0.01 (509, 1027)
 _19915_/RN input (gf180mcu_fd_sc_mcu9t5v0__dffrnq_1) 0.01 (453, 1080)
 _19916_/RN input (gf180mcu_fd_sc_mcu9t5v0__dffrnq_1) 0.01 (509, 1057)
 _19917_/RN input (gf180mcu_fd_sc_mcu9t5v0__dffrnq_1) 0.01 (374, 1080)
 _19922_/RN input (gf180mcu_fd_sc_mcu9t5v0__dffrnq_1) 0.01 (335, 1080)
 _19923_/RN input (gf180mcu_fd_sc_mcu9t5v0__dffrnq_1) 0.01 (414, 1080)
 _19924_/RN input (gf180mcu_fd_sc_mcu9t5v0__dffrnq_1) 0.01 (516, 1067)
 _19925_/RN input (gf180mcu_fd_sc_mcu9t5v0__dffrnq_1) 0.01 (552, 1080)
 _19926_/RN input (gf180mcu_fd_sc_mcu9t5v0__dffrnq_1) 0.01 (492, 1080)
 _19927_/RN input (gf180mcu_fd_sc_mcu9t5v0__dffrnq_1) 0.01 (531, 1080)
 _19928_/RN input (gf180mcu_fd_sc_mcu9t5v0__dffrnq_1) 0.01 (670, 1080)
 _19929_/RN input (gf180mcu_fd_sc_mcu9t5v0__dffrnq_1) 0.01 (709, 1080)
 _19930_/RN input (gf180mcu_fd_sc_mcu9t5v0__dffrnq_1) 0.01 (748, 1080)
 _19931_/RN input (gf180mcu_fd_sc_mcu9t5v0__dffrnq_1) 0.01 (592, 1080)
 _19932_/RN input (gf180mcu_fd_sc_mcu9t5v0__dffrnq_1) 0.01 (631, 1080)
 _19958_/RN input (gf180mcu_fd_sc_mcu9t5v0__dffrnq_1) 0.01 (509, 795)
 _19959_/RN input (gf180mcu_fd_sc_mcu9t5v0__dffrnq_1) 0.01 (509, 865)
 _19960_/RN input (gf180mcu_fd_sc_mcu9t5v0__dffrnq_1) 0.01 (509, 845)
 _19964_/RN input (gf180mcu_fd_sc_mcu9t5v0__dffrnq_1) 0.01 (509, 906)
 _19966_/RN input (gf180mcu_fd_sc_mcu9t5v0__dffrnq_1) 0.01 (512, 805)
 _19967_/RN input (gf180mcu_fd_sc_mcu9t5v0__dffrnq_1) 0.01 (514, 936)
 _19968_/RN input (gf180mcu_fd_sc_mcu9t5v0__dffrnq_1) 0.01 (514, 835)
 _19972_/RN input (gf180mcu_fd_sc_mcu9t5v0__dffrnq_1) 0.01 (513, 916)
 _19982_/RN input (gf180mcu_fd_sc_mcu9t5v0__dffrnq_1) 0.01 (509, 815)
 _19983_/RN input (gf180mcu_fd_sc_mcu9t5v0__dffrnq_1) 0.01 (515, 875)
 _19984_/RN input (gf180mcu_fd_sc_mcu9t5v0__dffrnq_1) 0.01 (514, 825)
 _19988_/RN input (gf180mcu_fd_sc_mcu9t5v0__dffrnq_1) 0.01 (509, 885)
 _19999_/RN input (gf180mcu_fd_sc_mcu9t5v0__dffrnq_1) 0.01 (514, 996)
 _20003_/RN input (gf180mcu_fd_sc_mcu9t5v0__dffrnq_1) 0.01 (509, 986)
 _20028_/RN input (gf180mcu_fd_sc_mcu9t5v0__dffrnq_1) 0.01 (509, 956)
 _20031_/RN input (gf180mcu_fd_sc_mcu9t5v0__dffrnq_1) 0.01 (509, 946)
 _20042_/RN input (gf180mcu_fd_sc_mcu9t5v0__dffrnq_1) 0.01 (509, 896)
 _20073_/RN input (gf180mcu_fd_sc_mcu9t5v0__dffrnq_1) 0.01 (514, 966)

