OpenROAD 26Q2-254-g61932e897 
Features included (+) or not (-): +GPU +GUI +Python
This program is licensed under the BSD-3 license. See the LICENSE file for details.
Components of this program may be licensed under more restrictive licenses which must be honored.
[INFO RCX-0431] Defined process_corner CURRENT_CORNER with ext_model_index 0
[INFO RCX-0029] Defined extraction corner CURRENT_CORNER
[INFO RCX-0435] Reading extraction model file /foss/pdks/gf180mcuD/libs.tech/librelane/rules.openrcx.gf180mcuD.max ...
[INFO RCX-0436] RC segment generation butterfold_top (max_merge_res 50.0) ...
[INFO RCX-0040] Final 51916 rc segments
[INFO RCX-0439] Coupling Cap extraction butterfold_top ...
[INFO RCX-0440] Coupling threshhold is 0.1000 fF, coupling capacitance less than 0.1000 fF will be grounded.
[INFO RCX-0442] 47% of 90681 wires extracted
[INFO RCX-0442] 100% of 90681 wires extracted
[INFO RCX-0045] Extract 11531 nets, 63447 rsegs, 63447 caps, 144876 ccs
[INFO RCX-0443] 11531 nets finished
Clock core_clk
   1.97 source latency _18836_/CLK ^
  -2.10 target latency _19134_/CLK ^
   0.00 CRPR
--------------
  -0.12 setup skew

wns max 0.000000
tns max 0.000000
SETUP_VIO 0
SLEW 0 CAP 0
VIEW_DONE max_ss
