Startpoint: _18565_ (rising edge-triggered flip-flop clocked by core_clk)
Endpoint: _19097_ (rising edge-triggered flip-flop clocked by core_clk)
Path Group: core_clk
Path Type: max

  Delay    Time   Description
---------------------------------------------------------
   0.00    0.00   clock core_clk (rise edge)
   2.74    2.74   clock network delay (propagated)
   0.00    2.74 ^ _18565_/CLK (gf180mcu_fd_sc_mcu9t5v0__dffrnq_1)
   1.87    4.62 v _18565_/Q (gf180mcu_fd_sc_mcu9t5v0__dffrnq_1)
   0.77    5.38 ^ _09390_/ZN (gf180mcu_fd_sc_mcu9t5v0__nor2_4)
   0.85    6.23 ^ max_cap217/Z (gf180mcu_fd_sc_mcu9t5v0__clkbuf_8)
   0.58    6.81 v _09394_/ZN (gf180mcu_fd_sc_mcu9t5v0__nand2_4)
   1.86    8.67 ^ clone332/ZN (gf180mcu_fd_sc_mcu9t5v0__inv_1)
   4.02   12.69 v _11083_/ZN (gf180mcu_fd_sc_mcu9t5v0__nand2_1)
   4.72   17.41 ^ _11085_/ZN (gf180mcu_fd_sc_mcu9t5v0__nand2_1)
   0.98   18.39 ^ load_slew137/Z (gf180mcu_fd_sc_mcu9t5v0__clkbuf_8)
   0.72   19.11 ^ max_cap135/Z (gf180mcu_fd_sc_mcu9t5v0__clkbuf_8)
   0.36   19.47 v _11426_/ZN (gf180mcu_fd_sc_mcu9t5v0__nand2_1)
   0.61   20.08 ^ _11429_/ZN (gf180mcu_fd_sc_mcu9t5v0__oai211_1)
   0.48   20.57 v _11431_/ZN (gf180mcu_fd_sc_mcu9t5v0__oai21_1)
   6.83   27.39 ^ _11434_/ZN (gf180mcu_fd_sc_mcu9t5v0__aoi211_1)
   0.67   28.06 v _11435_/ZN (gf180mcu_fd_sc_mcu9t5v0__oai221_1)
   0.75   28.81 ^ _11437_/ZN (gf180mcu_fd_sc_mcu9t5v0__nand2_1)
   0.00   28.81 ^ _19097_/D (gf180mcu_fd_sc_mcu9t5v0__dffrnq_1)
          28.81   data arrival time

  26.04   26.04   clock core_clk (rise edge)
   2.73   28.77   clock network delay (propagated)
   0.00   28.77   clock reconvergence pessimism
          28.77 ^ _19097_/CLK (gf180mcu_fd_sc_mcu9t5v0__dffrnq_1)
  -0.44   28.33   library setup time
          28.33   data required time
---------------------------------------------------------
          28.33   data required time
         -28.81   data arrival time
---------------------------------------------------------
          -0.48   slack (VIOLATED)


Startpoint: _19019_ (rising edge-triggered flip-flop clocked by core_clk)
Endpoint: u_transform_scheduler_core.u_fft_scratch_sram.u_hi.u_sram
          (rising edge-triggered flip-flop clocked by core_clk)
Path Group: core_clk
Path Type: max

  Delay    Time   Description
---------------------------------------------------------
   0.00    0.00   clock core_clk (rise edge)
   2.76    2.76   clock network delay (propagated)
   0.00    2.76 ^ _19019_/CLK (gf180mcu_fd_sc_mcu9t5v0__dffrnq_1)
   2.00    4.76 ^ _19019_/Q (gf180mcu_fd_sc_mcu9t5v0__dffrnq_1)
   0.75    5.51 v _09094_/ZN (gf180mcu_fd_sc_mcu9t5v0__clkinv_1)
   2.58    8.09 ^ _09415_/ZN (gf180mcu_fd_sc_mcu9t5v0__nand2_1)
   0.77    8.86 v _09416_/ZN (gf180mcu_fd_sc_mcu9t5v0__aoi211_4)
   0.56    9.42 ^ _09417_/ZN (gf180mcu_fd_sc_mcu9t5v0__clkinv_2)
   0.85   10.26 ^ _09454_/Z (gf180mcu_fd_sc_mcu9t5v0__and4_4)
   0.47   10.73 v _09456_/ZN (gf180mcu_fd_sc_mcu9t5v0__nand2_4)
   0.77   11.50 ^ _09461_/ZN (gf180mcu_fd_sc_mcu9t5v0__nand2_4)
   0.52   12.02 v _09462_/ZN (gf180mcu_fd_sc_mcu9t5v0__clkinv_8)
   0.55   12.57 v load_slew111/Z (gf180mcu_fd_sc_mcu9t5v0__clkbuf_20)
   0.54   13.11 ^ _09472_/ZN (gf180mcu_fd_sc_mcu9t5v0__oai21_4)
   0.58   13.70 ^ teco5_buf_09472/Z (gf180mcu_fd_sc_mcu9t5v0__clkbuf_16)
   0.44   14.14 ^ max_cap106/Z (gf180mcu_fd_sc_mcu9t5v0__clkbuf_20)
   0.32   14.46 v _09512_/ZN (gf180mcu_fd_sc_mcu9t5v0__nand2_4)
   0.87   15.33 ^ _09513_/ZN (gf180mcu_fd_sc_mcu9t5v0__oai221_4)
   0.46   15.79 ^ _09514_/Z (gf180mcu_fd_sc_mcu9t5v0__or2_4)
   0.25   16.04 v _09519_/ZN (gf180mcu_fd_sc_mcu9t5v0__oai31_4)
   0.66   16.71 v rebuffer265/Z (gf180mcu_fd_sc_mcu9t5v0__clkbuf_8)
   1.18   17.89 ^ _09541_/ZN (gf180mcu_fd_sc_mcu9t5v0__aoi21_4)
   0.59   18.48 v _09700_/ZN (gf180mcu_fd_sc_mcu9t5v0__nor2_4)
   1.13   19.61 ^ _09711_/ZN (gf180mcu_fd_sc_mcu9t5v0__nand2_4)
   1.04   20.65 v _09848_/ZN (gf180mcu_fd_sc_mcu9t5v0__aoi21_4)
   1.77   22.42 ^ _10661_/ZN (gf180mcu_fd_sc_mcu9t5v0__nor2_4)
   0.99   23.40 v _10796_/ZN (gf180mcu_fd_sc_mcu9t5v0__aoi22_1)
   5.33   28.73 ^ _10810_/ZN (gf180mcu_fd_sc_mcu9t5v0__aoi22_1)
   0.14   28.87 ^ u_transform_scheduler_core.u_fft_scratch_sram.u_hi.g_pin_drive[7].u_addr_driver/Z (gf180mcu_fd_sc_mcu9t5v0__buf_16)
   0.00   28.87 ^ u_transform_scheduler_core.u_fft_scratch_sram.u_hi.u_sram/A[7] (gf180mcu_fd_ip_sram__sram256x8m8wm1)
          28.87   data arrival time

  26.04   26.04   clock core_clk (rise edge)
   3.16   29.20   clock network delay (propagated)
   0.00   29.20   clock reconvergence pessimism
          29.20 ^ u_transform_scheduler_core.u_fft_scratch_sram.u_hi.u_sram/CLK (gf180mcu_fd_ip_sram__sram256x8m8wm1)
  -0.80   28.39   library setup time
          28.39   data required time
---------------------------------------------------------
          28.39   data required time
         -28.87   data arrival time
---------------------------------------------------------
          -0.48   slack (VIOLATED)


Startpoint: _19019_ (rising edge-triggered flip-flop clocked by core_clk)
Endpoint: u_transform_scheduler_core.u_fft_scratch_sram.u_lo.u_sram
          (rising edge-triggered flip-flop clocked by core_clk)
Path Group: core_clk
Path Type: max

  Delay    Time   Description
---------------------------------------------------------
   0.00    0.00   clock core_clk (rise edge)
   2.76    2.76   clock network delay (propagated)
   0.00    2.76 ^ _19019_/CLK (gf180mcu_fd_sc_mcu9t5v0__dffrnq_1)
   2.00    4.76 ^ _19019_/Q (gf180mcu_fd_sc_mcu9t5v0__dffrnq_1)
   0.75    5.51 v _09094_/ZN (gf180mcu_fd_sc_mcu9t5v0__clkinv_1)
   2.58    8.09 ^ _09415_/ZN (gf180mcu_fd_sc_mcu9t5v0__nand2_1)
   0.77    8.86 v _09416_/ZN (gf180mcu_fd_sc_mcu9t5v0__aoi211_4)
   0.56    9.42 ^ _09417_/ZN (gf180mcu_fd_sc_mcu9t5v0__clkinv_2)
   0.85   10.26 ^ _09454_/Z (gf180mcu_fd_sc_mcu9t5v0__and4_4)
   0.47   10.73 v _09456_/ZN (gf180mcu_fd_sc_mcu9t5v0__nand2_4)
   0.77   11.50 ^ _09461_/ZN (gf180mcu_fd_sc_mcu9t5v0__nand2_4)
   0.52   12.02 v _09462_/ZN (gf180mcu_fd_sc_mcu9t5v0__clkinv_8)
   0.55   12.57 v load_slew111/Z (gf180mcu_fd_sc_mcu9t5v0__clkbuf_20)
   0.54   13.11 ^ _09472_/ZN (gf180mcu_fd_sc_mcu9t5v0__oai21_4)
   0.58   13.70 ^ teco5_buf_09472/Z (gf180mcu_fd_sc_mcu9t5v0__clkbuf_16)
   0.44   14.14 ^ max_cap106/Z (gf180mcu_fd_sc_mcu9t5v0__clkbuf_20)
   0.32   14.46 v _09512_/ZN (gf180mcu_fd_sc_mcu9t5v0__nand2_4)
   0.87   15.33 ^ _09513_/ZN (gf180mcu_fd_sc_mcu9t5v0__oai221_4)
   0.46   15.79 ^ _09514_/Z (gf180mcu_fd_sc_mcu9t5v0__or2_4)
   0.25   16.04 v _09519_/ZN (gf180mcu_fd_sc_mcu9t5v0__oai31_4)
   0.66   16.71 v rebuffer265/Z (gf180mcu_fd_sc_mcu9t5v0__clkbuf_8)
   1.18   17.89 ^ _09541_/ZN (gf180mcu_fd_sc_mcu9t5v0__aoi21_4)
   0.59   18.48 v _09700_/ZN (gf180mcu_fd_sc_mcu9t5v0__nor2_4)
   1.13   19.61 ^ _09711_/ZN (gf180mcu_fd_sc_mcu9t5v0__nand2_4)
   1.04   20.65 v _09848_/ZN (gf180mcu_fd_sc_mcu9t5v0__aoi21_4)
   1.77   22.42 ^ _10661_/ZN (gf180mcu_fd_sc_mcu9t5v0__nor2_4)
   0.99   23.40 v _10796_/ZN (gf180mcu_fd_sc_mcu9t5v0__aoi22_1)
   5.33   28.73 ^ _10810_/ZN (gf180mcu_fd_sc_mcu9t5v0__aoi22_1)
   0.15   28.88 ^ u_transform_scheduler_core.u_fft_scratch_sram.u_lo.g_pin_drive[7].u_addr_driver/Z (gf180mcu_fd_sc_mcu9t5v0__buf_16)
   0.00   28.88 ^ u_transform_scheduler_core.u_fft_scratch_sram.u_lo.u_sram/A[7] (gf180mcu_fd_ip_sram__sram256x8m8wm1)
          28.88   data arrival time

  26.04   26.04   clock core_clk (rise edge)
   3.18   29.23   clock network delay (propagated)
   0.00   29.23   clock reconvergence pessimism
          29.23 ^ u_transform_scheduler_core.u_fft_scratch_sram.u_lo.u_sram/CLK (gf180mcu_fd_ip_sram__sram256x8m8wm1)
  -0.80   28.42   library setup time
          28.42   data required time
---------------------------------------------------------
          28.42   data required time
         -28.88   data arrival time
---------------------------------------------------------
          -0.46   slack (VIOLATED)


Startpoint: _19019_ (rising edge-triggered flip-flop clocked by core_clk)
Endpoint: _18399_ (rising edge-triggered flip-flop clocked by core_clk)
Path Group: core_clk
Path Type: max

  Delay    Time   Description
---------------------------------------------------------
   0.00    0.00   clock core_clk (rise edge)
   2.76    2.76   clock network delay (propagated)
   0.00    2.76 ^ _19019_/CLK (gf180mcu_fd_sc_mcu9t5v0__dffrnq_1)
   2.00    4.76 ^ _19019_/Q (gf180mcu_fd_sc_mcu9t5v0__dffrnq_1)
   0.75    5.51 v _09094_/ZN (gf180mcu_fd_sc_mcu9t5v0__clkinv_1)
   2.58    8.09 ^ _09415_/ZN (gf180mcu_fd_sc_mcu9t5v0__nand2_1)
   0.77    8.86 v _09416_/ZN (gf180mcu_fd_sc_mcu9t5v0__aoi211_4)
   0.56    9.42 ^ _09417_/ZN (gf180mcu_fd_sc_mcu9t5v0__clkinv_2)
   0.85   10.26 ^ _09454_/Z (gf180mcu_fd_sc_mcu9t5v0__and4_4)
   0.47   10.73 v _09456_/ZN (gf180mcu_fd_sc_mcu9t5v0__nand2_4)
   0.77   11.50 ^ _09461_/ZN (gf180mcu_fd_sc_mcu9t5v0__nand2_4)
   0.52   12.02 v _09462_/ZN (gf180mcu_fd_sc_mcu9t5v0__clkinv_8)
   0.55   12.57 v load_slew111/Z (gf180mcu_fd_sc_mcu9t5v0__clkbuf_20)
   0.54   13.11 ^ _09472_/ZN (gf180mcu_fd_sc_mcu9t5v0__oai21_4)
   0.58   13.70 ^ teco5_buf_09472/Z (gf180mcu_fd_sc_mcu9t5v0__clkbuf_16)
   0.44   14.14 ^ max_cap106/Z (gf180mcu_fd_sc_mcu9t5v0__clkbuf_20)
   0.32   14.46 v _09512_/ZN (gf180mcu_fd_sc_mcu9t5v0__nand2_4)
   0.87   15.33 ^ _09513_/ZN (gf180mcu_fd_sc_mcu9t5v0__oai221_4)
   0.46   15.79 ^ _09514_/Z (gf180mcu_fd_sc_mcu9t5v0__or2_4)
   0.25   16.04 v _09519_/ZN (gf180mcu_fd_sc_mcu9t5v0__oai31_4)
   0.66   16.71 v rebuffer265/Z (gf180mcu_fd_sc_mcu9t5v0__clkbuf_8)
   1.18   17.89 ^ _09541_/ZN (gf180mcu_fd_sc_mcu9t5v0__aoi21_4)
   0.57   18.46 v clone234/ZN (gf180mcu_fd_sc_mcu9t5v0__oai31_4)
   1.40   19.87 ^ _15942_/ZN (gf180mcu_fd_sc_mcu9t5v0__nor2_4)
   3.23   23.10 v _16234_/ZN (gf180mcu_fd_sc_mcu9t5v0__nand2_1)
   2.24   25.34 ^ _16236_/ZN (gf180mcu_fd_sc_mcu9t5v0__oai31_4)
   0.88   26.23 ^ max_cap59/Z (gf180mcu_fd_sc_mcu9t5v0__clkbuf_8)
   0.55   26.77 ^ max_cap58/Z (gf180mcu_fd_sc_mcu9t5v0__clkbuf_8)
   0.70   27.48 ^ fanout251/Z (gf180mcu_fd_sc_mcu9t5v0__clkbuf_2)
   0.83   28.31 ^ load_slew297/Z (gf180mcu_fd_sc_mcu9t5v0__clkbuf_4)
   0.83   29.14 v _16804_/Z (gf180mcu_fd_sc_mcu9t5v0__mux2_1)
   0.00   29.14 v _18399_/D (gf180mcu_fd_sc_mcu9t5v0__dffq_1)
          29.14   data arrival time

  26.04   26.04   clock core_clk (rise edge)
   2.94   28.98   clock network delay (propagated)
   0.00   28.98   clock reconvergence pessimism
          28.98 ^ _18399_/CLK (gf180mcu_fd_sc_mcu9t5v0__dffq_1)
  -0.18   28.80   library setup time
          28.80   data required time
---------------------------------------------------------
          28.80   data required time
         -29.14   data arrival time
---------------------------------------------------------
          -0.33   slack (VIOLATED)


Startpoint: _19019_ (rising edge-triggered flip-flop clocked by core_clk)
Endpoint: _18208_ (rising edge-triggered flip-flop clocked by core_clk)
Path Group: core_clk
Path Type: max

  Delay    Time   Description
---------------------------------------------------------
   0.00    0.00   clock core_clk (rise edge)
   2.76    2.76   clock network delay (propagated)
   0.00    2.76 ^ _19019_/CLK (gf180mcu_fd_sc_mcu9t5v0__dffrnq_1)
   2.00    4.76 ^ _19019_/Q (gf180mcu_fd_sc_mcu9t5v0__dffrnq_1)
   0.75    5.51 v _09094_/ZN (gf180mcu_fd_sc_mcu9t5v0__clkinv_1)
   2.58    8.09 ^ _09415_/ZN (gf180mcu_fd_sc_mcu9t5v0__nand2_1)
   0.77    8.86 v _09416_/ZN (gf180mcu_fd_sc_mcu9t5v0__aoi211_4)
   0.56    9.42 ^ _09417_/ZN (gf180mcu_fd_sc_mcu9t5v0__clkinv_2)
   0.85   10.26 ^ _09454_/Z (gf180mcu_fd_sc_mcu9t5v0__and4_4)
   0.47   10.73 v _09456_/ZN (gf180mcu_fd_sc_mcu9t5v0__nand2_4)
   0.77   11.50 ^ _09461_/ZN (gf180mcu_fd_sc_mcu9t5v0__nand2_4)
   0.52   12.02 v _09462_/ZN (gf180mcu_fd_sc_mcu9t5v0__clkinv_8)
   0.55   12.57 v load_slew111/Z (gf180mcu_fd_sc_mcu9t5v0__clkbuf_20)
   0.54   13.11 ^ _09472_/ZN (gf180mcu_fd_sc_mcu9t5v0__oai21_4)
   0.58   13.70 ^ teco5_buf_09472/Z (gf180mcu_fd_sc_mcu9t5v0__clkbuf_16)
   0.44   14.14 ^ max_cap106/Z (gf180mcu_fd_sc_mcu9t5v0__clkbuf_20)
   0.32   14.46 v _09512_/ZN (gf180mcu_fd_sc_mcu9t5v0__nand2_4)
   0.87   15.33 ^ _09513_/ZN (gf180mcu_fd_sc_mcu9t5v0__oai221_4)
   0.46   15.79 ^ _09514_/Z (gf180mcu_fd_sc_mcu9t5v0__or2_4)
   0.25   16.04 v _09519_/ZN (gf180mcu_fd_sc_mcu9t5v0__oai31_4)
   0.66   16.71 v rebuffer265/Z (gf180mcu_fd_sc_mcu9t5v0__clkbuf_8)
   1.18   17.89 ^ _09541_/ZN (gf180mcu_fd_sc_mcu9t5v0__aoi21_4)
   0.57   18.46 v clone234/ZN (gf180mcu_fd_sc_mcu9t5v0__oai31_4)
   1.40   19.87 ^ _15942_/ZN (gf180mcu_fd_sc_mcu9t5v0__nor2_4)
   3.23   23.10 v _16234_/ZN (gf180mcu_fd_sc_mcu9t5v0__nand2_1)
   2.24   25.34 ^ _16236_/ZN (gf180mcu_fd_sc_mcu9t5v0__oai31_4)
   0.88   26.23 ^ max_cap59/Z (gf180mcu_fd_sc_mcu9t5v0__clkbuf_8)
   0.55   26.77 ^ max_cap58/Z (gf180mcu_fd_sc_mcu9t5v0__clkbuf_8)
   0.70   27.48 ^ fanout251/Z (gf180mcu_fd_sc_mcu9t5v0__clkbuf_2)
   0.83   28.31 ^ load_slew297/Z (gf180mcu_fd_sc_mcu9t5v0__clkbuf_4)
   0.85   29.16 v _16264_/Z (gf180mcu_fd_sc_mcu9t5v0__mux2_1)
   0.00   29.16 v _18208_/D (gf180mcu_fd_sc_mcu9t5v0__dffq_1)
          29.16   data arrival time

  26.04   26.04   clock core_clk (rise edge)
   2.99   29.03   clock network delay (propagated)
   0.00   29.03   clock reconvergence pessimism
          29.03 ^ _18208_/CLK (gf180mcu_fd_sc_mcu9t5v0__dffq_1)
  -0.18   28.85   library setup time
          28.85   data required time
---------------------------------------------------------
          28.85   data required time
         -29.16   data arrival time
---------------------------------------------------------
          -0.30   slack (VIOLATED)


Startpoint: _19019_ (rising edge-triggered flip-flop clocked by core_clk)
Endpoint: _18404_ (rising edge-triggered flip-flop clocked by core_clk)
Path Group: core_clk
Path Type: max

  Delay    Time   Description
---------------------------------------------------------
   0.00    0.00   clock core_clk (rise edge)
   2.76    2.76   clock network delay (propagated)
   0.00    2.76 ^ _19019_/CLK (gf180mcu_fd_sc_mcu9t5v0__dffrnq_1)
   2.00    4.76 ^ _19019_/Q (gf180mcu_fd_sc_mcu9t5v0__dffrnq_1)
   0.75    5.51 v _09094_/ZN (gf180mcu_fd_sc_mcu9t5v0__clkinv_1)
   2.58    8.09 ^ _09415_/ZN (gf180mcu_fd_sc_mcu9t5v0__nand2_1)
   0.77    8.86 v _09416_/ZN (gf180mcu_fd_sc_mcu9t5v0__aoi211_4)
   0.56    9.42 ^ _09417_/ZN (gf180mcu_fd_sc_mcu9t5v0__clkinv_2)
   0.85   10.26 ^ _09454_/Z (gf180mcu_fd_sc_mcu9t5v0__and4_4)
   0.47   10.73 v _09456_/ZN (gf180mcu_fd_sc_mcu9t5v0__nand2_4)
   0.77   11.50 ^ _09461_/ZN (gf180mcu_fd_sc_mcu9t5v0__nand2_4)
   0.52   12.02 v _09462_/ZN (gf180mcu_fd_sc_mcu9t5v0__clkinv_8)
   0.55   12.57 v load_slew111/Z (gf180mcu_fd_sc_mcu9t5v0__clkbuf_20)
   0.54   13.11 ^ _09472_/ZN (gf180mcu_fd_sc_mcu9t5v0__oai21_4)
   0.58   13.70 ^ teco5_buf_09472/Z (gf180mcu_fd_sc_mcu9t5v0__clkbuf_16)
   0.44   14.14 ^ max_cap106/Z (gf180mcu_fd_sc_mcu9t5v0__clkbuf_20)
   0.32   14.46 v _09512_/ZN (gf180mcu_fd_sc_mcu9t5v0__nand2_4)
   0.87   15.33 ^ _09513_/ZN (gf180mcu_fd_sc_mcu9t5v0__oai221_4)
   0.46   15.79 ^ _09514_/Z (gf180mcu_fd_sc_mcu9t5v0__or2_4)
   0.25   16.04 v _09519_/ZN (gf180mcu_fd_sc_mcu9t5v0__oai31_4)
   0.66   16.71 v rebuffer265/Z (gf180mcu_fd_sc_mcu9t5v0__clkbuf_8)
   1.18   17.89 ^ _09541_/ZN (gf180mcu_fd_sc_mcu9t5v0__aoi21_4)
   0.57   18.46 v clone234/ZN (gf180mcu_fd_sc_mcu9t5v0__oai31_4)
   1.40   19.87 ^ _15942_/ZN (gf180mcu_fd_sc_mcu9t5v0__nor2_4)
   3.23   23.10 v _16234_/ZN (gf180mcu_fd_sc_mcu9t5v0__nand2_1)
   2.24   25.34 ^ _16236_/ZN (gf180mcu_fd_sc_mcu9t5v0__oai31_4)
   0.88   26.23 ^ max_cap59/Z (gf180mcu_fd_sc_mcu9t5v0__clkbuf_8)
   0.55   26.77 ^ max_cap58/Z (gf180mcu_fd_sc_mcu9t5v0__clkbuf_8)
   0.70   27.48 ^ fanout251/Z (gf180mcu_fd_sc_mcu9t5v0__clkbuf_2)
   0.83   28.31 ^ load_slew297/Z (gf180mcu_fd_sc_mcu9t5v0__clkbuf_4)
   0.84   29.15 v _16818_/Z (gf180mcu_fd_sc_mcu9t5v0__mux2_1)
   0.00   29.15 v _18404_/D (gf180mcu_fd_sc_mcu9t5v0__dffq_1)
          29.15   data arrival time

  26.04   26.04   clock core_clk (rise edge)
   2.99   29.03   clock network delay (propagated)
   0.00   29.03   clock reconvergence pessimism
          29.03 ^ _18404_/CLK (gf180mcu_fd_sc_mcu9t5v0__dffq_1)
  -0.17   28.85   library setup time
          28.85   data required time
---------------------------------------------------------
          28.85   data required time
         -29.15   data arrival time
---------------------------------------------------------
          -0.30   slack (VIOLATED)


