Startpoint: din[7] (input port clocked by core_clk)
Endpoint: _20813_ (rising edge-triggered flip-flop clocked by core_clk)
Path Group: core_clk
Path Type: min

  Delay    Time   Description
---------------------------------------------------------
   0.00    0.00   clock core_clk (rise edge)
   0.00    0.00   clock network delay (propagated)
   0.00    0.00 v input external delay
   0.00    0.00 v din[7] (in)
   0.82    0.82 v _09558_/Z (gf180mcu_fd_sc_mcu9t5v0__clkbuf_1)
   0.58    1.40 ^ _16479_/ZN (gf180mcu_fd_sc_mcu9t5v0__nand2_1)
   0.24    1.64 v _18977_/ZN (gf180mcu_fd_sc_mcu9t5v0__oai21_1)
   0.00    1.64 v _20813_/D (gf180mcu_fd_sc_mcu9t5v0__dffq_2)
           1.64   data arrival time

   0.00    0.00   clock core_clk (rise edge)
   2.05    2.05   clock network delay (propagated)
   0.00    2.05   clock reconvergence pessimism
           2.05 ^ _20813_/CLK (gf180mcu_fd_sc_mcu9t5v0__dffq_2)
   0.24    2.29   library hold time
           2.29   data required time
---------------------------------------------------------
           2.29   data required time
          -1.64   data arrival time
---------------------------------------------------------
          -0.65   slack (VIOLATED)


Startpoint: din[7] (input port clocked by core_clk)
Endpoint: _19690_ (rising edge-triggered flip-flop clocked by core_clk)
Path Group: core_clk
Path Type: min

  Delay    Time   Description
---------------------------------------------------------
   0.00    0.00   clock core_clk (rise edge)
   0.00    0.00   clock network delay (propagated)
   0.00    0.00 ^ input external delay
   0.00    0.00 ^ din[7] (in)
   0.82    0.82 ^ _09558_/Z (gf180mcu_fd_sc_mcu9t5v0__clkbuf_1)
   0.56    1.38 ^ _18495_/Z (gf180mcu_fd_sc_mcu9t5v0__mux2_1)
   0.00    1.38 ^ _19690_/D (gf180mcu_fd_sc_mcu9t5v0__dffrnq_2)
           1.38   data arrival time

   0.00    0.00   clock core_clk (rise edge)
   2.08    2.08   clock network delay (propagated)
   0.00    2.08   clock reconvergence pessimism
           2.08 ^ _19690_/CLK (gf180mcu_fd_sc_mcu9t5v0__dffrnq_2)
  -0.10    1.99   library hold time
           1.99   data required time
---------------------------------------------------------
           1.99   data required time
          -1.38   data arrival time
---------------------------------------------------------
          -0.61   slack (VIOLATED)


Startpoint: din[7] (input port clocked by core_clk)
Endpoint: _19806_ (rising edge-triggered flip-flop clocked by core_clk)
Path Group: core_clk
Path Type: min

  Delay    Time   Description
---------------------------------------------------------
   0.00    0.00   clock core_clk (rise edge)
   0.00    0.00   clock network delay (propagated)
   0.00    0.00 ^ input external delay
   0.00    0.00 ^ din[7] (in)
   0.82    0.82 ^ _09558_/Z (gf180mcu_fd_sc_mcu9t5v0__clkbuf_1)
   0.56    1.38 ^ _18588_/Z (gf180mcu_fd_sc_mcu9t5v0__mux2_1)
   0.00    1.38 ^ _19806_/D (gf180mcu_fd_sc_mcu9t5v0__dffrnq_2)
           1.38   data arrival time

   0.00    0.00   clock core_clk (rise edge)
   2.06    2.06   clock network delay (propagated)
   0.00    2.06   clock reconvergence pessimism
           2.06 ^ _19806_/CLK (gf180mcu_fd_sc_mcu9t5v0__dffrnq_2)
  -0.10    1.96   library hold time
           1.96   data required time
---------------------------------------------------------
           1.96   data required time
          -1.38   data arrival time
---------------------------------------------------------
          -0.59   slack (VIOLATED)


Startpoint: din[7] (input port clocked by core_clk)
Endpoint: _20901_ (rising edge-triggered flip-flop clocked by core_clk)
Path Group: core_clk
Path Type: min

  Delay    Time   Description
---------------------------------------------------------
   0.00    0.00   clock core_clk (rise edge)
   0.00    0.00   clock network delay (propagated)
   0.00    0.00 ^ input external delay
   0.00    0.00 ^ din[7] (in)
   0.82    0.82 ^ _09558_/Z (gf180mcu_fd_sc_mcu9t5v0__clkbuf_1)
   0.56    1.38 ^ _19010_/Z (gf180mcu_fd_sc_mcu9t5v0__mux2_1)
   0.00    1.38 ^ _20901_/D (gf180mcu_fd_sc_mcu9t5v0__dffrnq_2)
           1.38   data arrival time

   0.00    0.00   clock core_clk (rise edge)
   2.01    2.01   clock network delay (propagated)
   0.00    2.01   clock reconvergence pessimism
           2.01 ^ _20901_/CLK (gf180mcu_fd_sc_mcu9t5v0__dffrnq_2)
  -0.10    1.91   library hold time
           1.91   data required time
---------------------------------------------------------
           1.91   data required time
          -1.38   data arrival time
---------------------------------------------------------
          -0.53   slack (VIOLATED)


Startpoint: din[7] (input port clocked by core_clk)
Endpoint: _19534_ (rising edge-triggered flip-flop clocked by core_clk)
Path Group: core_clk
Path Type: min

  Delay    Time   Description
---------------------------------------------------------
   0.00    0.00   clock core_clk (rise edge)
   0.00    0.00   clock network delay (propagated)
   0.00    0.00 ^ input external delay
   0.00    0.00 ^ din[7] (in)
   0.25    0.25 v _09544_/ZN (gf180mcu_fd_sc_mcu9t5v0__nor3_1)
   0.60    0.84 v _09545_/Z (gf180mcu_fd_sc_mcu9t5v0__and2_1)
   0.81    1.66 ^ _09546_/ZN (gf180mcu_fd_sc_mcu9t5v0__nand3_1)
   0.22    1.88 v _19091_/ZN (gf180mcu_fd_sc_mcu9t5v0__oai31_1)
   0.00    1.88 v _19534_/D (gf180mcu_fd_sc_mcu9t5v0__dffrnq_2)
           1.88   data arrival time

   0.00    0.00   clock core_clk (rise edge)
   2.08    2.08   clock network delay (propagated)
   0.00    2.08   clock reconvergence pessimism
           2.08 ^ _19534_/CLK (gf180mcu_fd_sc_mcu9t5v0__dffrnq_2)
   0.12    2.20   library hold time
           2.20   data required time
---------------------------------------------------------
           2.20   data required time
          -1.88   data arrival time
---------------------------------------------------------
          -0.32   slack (VIOLATED)


Startpoint: din[7] (input port clocked by core_clk)
Endpoint: _20959_ (rising edge-triggered flip-flop clocked by core_clk)
Path Group: core_clk
Path Type: min

  Delay    Time   Description
---------------------------------------------------------
   0.00    0.00   clock core_clk (rise edge)
   0.00    0.00   clock network delay (propagated)
   0.00    0.00 ^ input external delay
   0.00    0.00 ^ din[7] (in)
   0.25    0.25 v _09544_/ZN (gf180mcu_fd_sc_mcu9t5v0__nor3_1)
   0.45    0.70 ^ _09549_/ZN (gf180mcu_fd_sc_mcu9t5v0__nand2_1)
   0.54    1.24 v _09550_/ZN (gf180mcu_fd_sc_mcu9t5v0__nor3_1)
   0.41    1.65 ^ _18354_/ZN (gf180mcu_fd_sc_mcu9t5v0__nand2_1)
   0.22    1.87 v _19093_/ZN (gf180mcu_fd_sc_mcu9t5v0__oai21_1)
   0.00    1.87 v _20959_/D (gf180mcu_fd_sc_mcu9t5v0__dffrnq_2)
           1.87   data arrival time

   0.00    0.00   clock core_clk (rise edge)
   2.01    2.01   clock network delay (propagated)
   0.00    2.01   clock reconvergence pessimism
           2.01 ^ _20959_/CLK (gf180mcu_fd_sc_mcu9t5v0__dffrnq_2)
   0.13    2.13   library hold time
           2.13   data required time
---------------------------------------------------------
           2.13   data required time
          -1.87   data arrival time
---------------------------------------------------------
          -0.26   slack (VIOLATED)


Startpoint: din[7] (input port clocked by core_clk)
Endpoint: _19545_ (rising edge-triggered flip-flop clocked by core_clk)
Path Group: core_clk
Path Type: min

  Delay    Time   Description
---------------------------------------------------------
   0.00    0.00   clock core_clk (rise edge)
   0.00    0.00   clock network delay (propagated)
   0.00    0.00 ^ input external delay
   0.00    0.00 ^ din[7] (in)
   0.25    0.25 v _09544_/ZN (gf180mcu_fd_sc_mcu9t5v0__nor3_1)
   0.45    0.70 ^ _09549_/ZN (gf180mcu_fd_sc_mcu9t5v0__nand2_1)
   0.54    1.24 v _09550_/ZN (gf180mcu_fd_sc_mcu9t5v0__nor3_1)
   0.41    1.65 ^ _18354_/ZN (gf180mcu_fd_sc_mcu9t5v0__nand2_1)
   0.27    1.92 v _18357_/ZN (gf180mcu_fd_sc_mcu9t5v0__oai31_1)
   0.00    1.92 v _19545_/D (gf180mcu_fd_sc_mcu9t5v0__dffrnq_2)
           1.92   data arrival time

   0.00    0.00   clock core_clk (rise edge)
   2.01    2.01   clock network delay (propagated)
   0.00    2.01   clock reconvergence pessimism
           2.01 ^ _19545_/CLK (gf180mcu_fd_sc_mcu9t5v0__dffrnq_2)
   0.12    2.13   library hold time
           2.13   data required time
---------------------------------------------------------
           2.13   data required time
          -1.92   data arrival time
---------------------------------------------------------
          -0.21   slack (VIOLATED)


Startpoint: din[7] (input port clocked by core_clk)
Endpoint: _20977_ (rising edge-triggered flip-flop clocked by core_clk)
Path Group: core_clk
Path Type: min

  Delay    Time   Description
---------------------------------------------------------
   0.00    0.00   clock core_clk (rise edge)
   0.00    0.00   clock network delay (propagated)
   0.00    0.00 ^ input external delay
   0.00    0.00 ^ din[7] (in)
   0.25    0.25 v _09544_/ZN (gf180mcu_fd_sc_mcu9t5v0__nor3_1)
   0.60    0.84 v _09545_/Z (gf180mcu_fd_sc_mcu9t5v0__and2_1)
   0.40    1.24 ^ _09562_/ZN (gf180mcu_fd_sc_mcu9t5v0__nand2_1)
   0.37    1.62 v _11089_/ZN (gf180mcu_fd_sc_mcu9t5v0__nor2_1)
   0.23    1.85 ^ _18706_/ZN (gf180mcu_fd_sc_mcu9t5v0__clkinv_1)
   0.19    2.04 v _18708_/ZN (gf180mcu_fd_sc_mcu9t5v0__oai31_1)
   0.00    2.04 v _20977_/D (gf180mcu_fd_sc_mcu9t5v0__dffrnq_2)
           2.04   data arrival time

   0.00    0.00   clock core_clk (rise edge)
   2.01    2.01   clock network delay (propagated)
   0.00    2.01   clock reconvergence pessimism
           2.01 ^ _20977_/CLK (gf180mcu_fd_sc_mcu9t5v0__dffrnq_2)
   0.12    2.13   library hold time
           2.13   data required time
---------------------------------------------------------
           2.13   data required time
          -2.04   data arrival time
---------------------------------------------------------
          -0.09   slack (VIOLATED)


