Startpoint: _20049_ (rising edge-triggered flip-flop clocked by core_clk)
Endpoint: u_transform_scheduler_core.u_fft_scratch_sram.u_hi.u_sram
          (rising edge-triggered flip-flop clocked by core_clk)
Path Group: core_clk
Path Type: max

  Delay    Time   Description
---------------------------------------------------------
   0.00    0.00   clock core_clk (rise edge)
   0.00    0.00   clock source latency
   0.00    0.00 ^ clk (in)
   0.28    0.28 ^ clkbuf_regs_0_core_clk/Z (gf180mcu_fd_sc_mcu9t5v0__clkbuf_16)
   0.34    0.61 ^ clkbuf_0_clk_regs/Z (gf180mcu_fd_sc_mcu9t5v0__clkbuf_16)
   0.41    1.02 ^ clkbuf_2_1_0_clk_regs/Z (gf180mcu_fd_sc_mcu9t5v0__clkbuf_8)
   0.49    1.52 ^ clkbuf_3_3__f_clk_regs/Z (gf180mcu_fd_sc_mcu9t5v0__clkbuf_16)
   0.50    2.01 ^ clkbuf_leaf_18_clk_regs/Z (gf180mcu_fd_sc_mcu9t5v0__clkbuf_8)
   0.00    2.01 ^ _20049_/CLK (gf180mcu_fd_sc_mcu9t5v0__dffrnq_2)
   1.51    3.52 ^ _20049_/Q (gf180mcu_fd_sc_mcu9t5v0__dffrnq_2)
   0.69    4.21 ^ _09607_/ZN (gf180mcu_fd_sc_mcu9t5v0__xnor2_1)
   0.54    4.76 ^ _09608_/Z (gf180mcu_fd_sc_mcu9t5v0__and2_2)
   0.21    4.96 v _09615_/ZN (gf180mcu_fd_sc_mcu9t5v0__oai31_4)
   0.84    5.80 ^ _09616_/Z (gf180mcu_fd_sc_mcu9t5v0__mux2_2)
   0.33    6.12 v _09617_/ZN (gf180mcu_fd_sc_mcu9t5v0__oai31_4)
   0.73    6.85 ^ _09638_/ZN (gf180mcu_fd_sc_mcu9t5v0__aoi211_4)
   0.64    7.50 ^ _09639_/Z (gf180mcu_fd_sc_mcu9t5v0__and3_4)
   0.19    7.69 v _09640_/ZN (gf180mcu_fd_sc_mcu9t5v0__oai21_4)
   0.48    8.17 v rebuffer669/Z (gf180mcu_fd_sc_mcu9t5v0__clkbuf_8)
   0.43    8.59 ^ _09660_/ZN (gf180mcu_fd_sc_mcu9t5v0__aoi21_2)
   0.28    8.87 v _09662_/ZN (gf180mcu_fd_sc_mcu9t5v0__oai21_2)
   0.59    9.46 ^ _09673_/ZN (gf180mcu_fd_sc_mcu9t5v0__nand4_2)
   0.30    9.76 v _09690_/ZN (gf180mcu_fd_sc_mcu9t5v0__oai31_4)
   0.87   10.63 ^ _09720_/ZN (gf180mcu_fd_sc_mcu9t5v0__aoi211_4)
   0.41   11.04 ^ place469/Z (gf180mcu_fd_sc_mcu9t5v0__buf_8)
   0.26   11.30 v _09721_/ZN (gf180mcu_fd_sc_mcu9t5v0__nor2_2)
   0.40   11.71 v place462/Z (gf180mcu_fd_sc_mcu9t5v0__buf_8)
   0.35   12.06 ^ _09741_/ZN (gf180mcu_fd_sc_mcu9t5v0__nand2_2)
   0.38   12.44 v _09941_/ZN (gf180mcu_fd_sc_mcu9t5v0__nor3_1)
   0.73   13.17 ^ _09942_/ZN (gf180mcu_fd_sc_mcu9t5v0__aoi211_2)
   0.30   13.47 v _09945_/ZN (gf180mcu_fd_sc_mcu9t5v0__oai31_2)
   0.79   14.26 ^ _09953_/ZN (gf180mcu_fd_sc_mcu9t5v0__aoi221_1)
   0.61   14.87 v _09954_/ZN (gf180mcu_fd_sc_mcu9t5v0__clkinv_1)
   0.54   15.41 v place344/Z (gf180mcu_fd_sc_mcu9t5v0__buf_8)
   0.00   15.41 v u_transform_scheduler_core.u_fft_scratch_sram.u_hi.u_sram/A[4] (gf180mcu_fd_ip_sram__sram256x8m8wm1)
          15.41   data arrival time

  16.28   16.28   clock core_clk (rise edge)
   0.00   16.28   clock source latency
   0.00   16.28 ^ clk (in)
   0.28   16.55 ^ delaybuf_0_core_clk/Z (gf180mcu_fd_sc_mcu9t5v0__clkbuf_16)
   0.31   16.86 ^ delaybuf_1_core_clk/Z (gf180mcu_fd_sc_mcu9t5v0__clkbuf_16)
   0.30   17.16 ^ delaybuf_2_core_clk/Z (gf180mcu_fd_sc_mcu9t5v0__clkbuf_16)
   0.30   17.47 ^ delaybuf_3_core_clk/Z (gf180mcu_fd_sc_mcu9t5v0__clkbuf_16)
   0.34   17.81 ^ clkbuf_0_clk/Z (gf180mcu_fd_sc_mcu9t5v0__clkbuf_16)
   0.50   18.31 ^ clkbuf_1_1__f_clk/Z (gf180mcu_fd_sc_mcu9t5v0__clkbuf_16)
   0.00   18.31 ^ u_transform_scheduler_core.u_fft_scratch_sram.u_hi.u_sram/CLK (gf180mcu_fd_ip_sram__sram256x8m8wm1)
   0.00   18.31   clock reconvergence pessimism
  -1.07   17.24   library setup time
          17.24   data required time
---------------------------------------------------------
          17.24   data required time
         -15.41   data arrival time
---------------------------------------------------------
           1.82   slack (MET)


Startpoint: _20049_ (rising edge-triggered flip-flop clocked by core_clk)
Endpoint: u_transform_scheduler_core.u_fft_scratch_sram.u_lo.u_sram
          (rising edge-triggered flip-flop clocked by core_clk)
Path Group: core_clk
Path Type: max

  Delay    Time   Description
---------------------------------------------------------
   0.00    0.00   clock core_clk (rise edge)
   0.00    0.00   clock source latency
   0.00    0.00 ^ clk (in)
   0.28    0.28 ^ clkbuf_regs_0_core_clk/Z (gf180mcu_fd_sc_mcu9t5v0__clkbuf_16)
   0.34    0.61 ^ clkbuf_0_clk_regs/Z (gf180mcu_fd_sc_mcu9t5v0__clkbuf_16)
   0.41    1.02 ^ clkbuf_2_1_0_clk_regs/Z (gf180mcu_fd_sc_mcu9t5v0__clkbuf_8)
   0.49    1.52 ^ clkbuf_3_3__f_clk_regs/Z (gf180mcu_fd_sc_mcu9t5v0__clkbuf_16)
   0.50    2.01 ^ clkbuf_leaf_18_clk_regs/Z (gf180mcu_fd_sc_mcu9t5v0__clkbuf_8)
   0.00    2.01 ^ _20049_/CLK (gf180mcu_fd_sc_mcu9t5v0__dffrnq_2)
   1.51    3.52 ^ _20049_/Q (gf180mcu_fd_sc_mcu9t5v0__dffrnq_2)
   0.69    4.21 ^ _09607_/ZN (gf180mcu_fd_sc_mcu9t5v0__xnor2_1)
   0.54    4.76 ^ _09608_/Z (gf180mcu_fd_sc_mcu9t5v0__and2_2)
   0.21    4.96 v _09615_/ZN (gf180mcu_fd_sc_mcu9t5v0__oai31_4)
   0.84    5.80 ^ _09616_/Z (gf180mcu_fd_sc_mcu9t5v0__mux2_2)
   0.33    6.12 v _09617_/ZN (gf180mcu_fd_sc_mcu9t5v0__oai31_4)
   0.73    6.85 ^ _09638_/ZN (gf180mcu_fd_sc_mcu9t5v0__aoi211_4)
   0.64    7.50 ^ _09639_/Z (gf180mcu_fd_sc_mcu9t5v0__and3_4)
   0.19    7.69 v _09640_/ZN (gf180mcu_fd_sc_mcu9t5v0__oai21_4)
   0.48    8.17 v rebuffer669/Z (gf180mcu_fd_sc_mcu9t5v0__clkbuf_8)
   0.43    8.59 ^ _09660_/ZN (gf180mcu_fd_sc_mcu9t5v0__aoi21_2)
   0.28    8.87 v _09662_/ZN (gf180mcu_fd_sc_mcu9t5v0__oai21_2)
   0.59    9.46 ^ _09673_/ZN (gf180mcu_fd_sc_mcu9t5v0__nand4_2)
   0.30    9.76 v _09690_/ZN (gf180mcu_fd_sc_mcu9t5v0__oai31_4)
   0.87   10.63 ^ _09720_/ZN (gf180mcu_fd_sc_mcu9t5v0__aoi211_4)
   0.41   11.04 ^ place469/Z (gf180mcu_fd_sc_mcu9t5v0__buf_8)
   0.26   11.30 v _09721_/ZN (gf180mcu_fd_sc_mcu9t5v0__nor2_2)
   0.40   11.71 v place462/Z (gf180mcu_fd_sc_mcu9t5v0__buf_8)
   0.35   12.06 ^ _09741_/ZN (gf180mcu_fd_sc_mcu9t5v0__nand2_2)
   0.38   12.44 v _09941_/ZN (gf180mcu_fd_sc_mcu9t5v0__nor3_1)
   0.73   13.17 ^ _09942_/ZN (gf180mcu_fd_sc_mcu9t5v0__aoi211_2)
   0.30   13.47 v _09945_/ZN (gf180mcu_fd_sc_mcu9t5v0__oai31_2)
   0.79   14.26 ^ _09953_/ZN (gf180mcu_fd_sc_mcu9t5v0__aoi221_1)
   0.61   14.87 v _09954_/ZN (gf180mcu_fd_sc_mcu9t5v0__clkinv_1)
   0.54   15.41 v place344/Z (gf180mcu_fd_sc_mcu9t5v0__buf_8)
   0.00   15.41 v u_transform_scheduler_core.u_fft_scratch_sram.u_lo.u_sram/A[4] (gf180mcu_fd_ip_sram__sram256x8m8wm1)
          15.41   data arrival time

  16.28   16.28   clock core_clk (rise edge)
   0.00   16.28   clock source latency
   0.00   16.28 ^ clk (in)
   0.28   16.55 ^ delaybuf_0_core_clk/Z (gf180mcu_fd_sc_mcu9t5v0__clkbuf_16)
   0.31   16.86 ^ delaybuf_1_core_clk/Z (gf180mcu_fd_sc_mcu9t5v0__clkbuf_16)
   0.30   17.16 ^ delaybuf_2_core_clk/Z (gf180mcu_fd_sc_mcu9t5v0__clkbuf_16)
   0.30   17.47 ^ delaybuf_3_core_clk/Z (gf180mcu_fd_sc_mcu9t5v0__clkbuf_16)
   0.34   17.81 ^ clkbuf_0_clk/Z (gf180mcu_fd_sc_mcu9t5v0__clkbuf_16)
   0.50   18.31 ^ clkbuf_1_0__f_clk/Z (gf180mcu_fd_sc_mcu9t5v0__clkbuf_16)
   0.00   18.31 ^ u_transform_scheduler_core.u_fft_scratch_sram.u_lo.u_sram/CLK (gf180mcu_fd_ip_sram__sram256x8m8wm1)
   0.00   18.31   clock reconvergence pessimism
  -1.07   17.24   library setup time
          17.24   data required time
---------------------------------------------------------
          17.24   data required time
         -15.41   data arrival time
---------------------------------------------------------
           1.82   slack (MET)


Startpoint: _20049_ (rising edge-triggered flip-flop clocked by core_clk)
Endpoint: u_transform_scheduler_core.u_fft_scratch_sram.u_hi.u_sram
          (rising edge-triggered flip-flop clocked by core_clk)
Path Group: core_clk
Path Type: max

  Delay    Time   Description
---------------------------------------------------------
   0.00    0.00   clock core_clk (rise edge)
   0.00    0.00   clock source latency
   0.00    0.00 ^ clk (in)
   0.28    0.28 ^ clkbuf_regs_0_core_clk/Z (gf180mcu_fd_sc_mcu9t5v0__clkbuf_16)
   0.34    0.61 ^ clkbuf_0_clk_regs/Z (gf180mcu_fd_sc_mcu9t5v0__clkbuf_16)
   0.41    1.02 ^ clkbuf_2_1_0_clk_regs/Z (gf180mcu_fd_sc_mcu9t5v0__clkbuf_8)
   0.49    1.52 ^ clkbuf_3_3__f_clk_regs/Z (gf180mcu_fd_sc_mcu9t5v0__clkbuf_16)
   0.50    2.01 ^ clkbuf_leaf_18_clk_regs/Z (gf180mcu_fd_sc_mcu9t5v0__clkbuf_8)
   0.00    2.01 ^ _20049_/CLK (gf180mcu_fd_sc_mcu9t5v0__dffrnq_2)
   1.51    3.52 ^ _20049_/Q (gf180mcu_fd_sc_mcu9t5v0__dffrnq_2)
   0.69    4.21 ^ _09607_/ZN (gf180mcu_fd_sc_mcu9t5v0__xnor2_1)
   0.54    4.76 ^ _09608_/Z (gf180mcu_fd_sc_mcu9t5v0__and2_2)
   0.21    4.96 v _09615_/ZN (gf180mcu_fd_sc_mcu9t5v0__oai31_4)
   0.84    5.80 ^ _09616_/Z (gf180mcu_fd_sc_mcu9t5v0__mux2_2)
   0.33    6.12 v _09617_/ZN (gf180mcu_fd_sc_mcu9t5v0__oai31_4)
   0.73    6.85 ^ _09638_/ZN (gf180mcu_fd_sc_mcu9t5v0__aoi211_4)
   0.64    7.50 ^ _09639_/Z (gf180mcu_fd_sc_mcu9t5v0__and3_4)
   0.19    7.69 v _09640_/ZN (gf180mcu_fd_sc_mcu9t5v0__oai21_4)
   0.48    8.17 v rebuffer669/Z (gf180mcu_fd_sc_mcu9t5v0__clkbuf_8)
   0.43    8.59 ^ _09660_/ZN (gf180mcu_fd_sc_mcu9t5v0__aoi21_2)
   0.28    8.87 v _09662_/ZN (gf180mcu_fd_sc_mcu9t5v0__oai21_2)
   0.59    9.46 ^ _09673_/ZN (gf180mcu_fd_sc_mcu9t5v0__nand4_2)
   0.30    9.76 v _09690_/ZN (gf180mcu_fd_sc_mcu9t5v0__oai31_4)
   0.87   10.63 ^ _09720_/ZN (gf180mcu_fd_sc_mcu9t5v0__aoi211_4)
   0.41   11.04 ^ place469/Z (gf180mcu_fd_sc_mcu9t5v0__buf_8)
   0.26   11.30 v _09721_/ZN (gf180mcu_fd_sc_mcu9t5v0__nor2_2)
   0.40   11.71 v place462/Z (gf180mcu_fd_sc_mcu9t5v0__buf_8)
   0.35   12.06 ^ _09741_/ZN (gf180mcu_fd_sc_mcu9t5v0__nand2_2)
   0.38   12.44 ^ place449/Z (gf180mcu_fd_sc_mcu9t5v0__buf_8)
   0.22   12.66 v _09921_/ZN (gf180mcu_fd_sc_mcu9t5v0__oai31_2)
   0.46   13.13 ^ _09922_/ZN (gf180mcu_fd_sc_mcu9t5v0__oai211_1)
   0.25   13.37 v _09923_/ZN (gf180mcu_fd_sc_mcu9t5v0__nand2_1)
   0.78   14.15 ^ _09932_/ZN (gf180mcu_fd_sc_mcu9t5v0__aoi221_1)
   0.61   14.76 v _09933_/ZN (gf180mcu_fd_sc_mcu9t5v0__clkinv_1)
   0.54   15.31 v place308/Z (gf180mcu_fd_sc_mcu9t5v0__buf_8)
   0.00   15.31 v u_transform_scheduler_core.u_fft_scratch_sram.u_hi.u_sram/A[5] (gf180mcu_fd_ip_sram__sram256x8m8wm1)
          15.31   data arrival time

  16.28   16.28   clock core_clk (rise edge)
   0.00   16.28   clock source latency
   0.00   16.28 ^ clk (in)
   0.28   16.55 ^ delaybuf_0_core_clk/Z (gf180mcu_fd_sc_mcu9t5v0__clkbuf_16)
   0.31   16.86 ^ delaybuf_1_core_clk/Z (gf180mcu_fd_sc_mcu9t5v0__clkbuf_16)
   0.30   17.16 ^ delaybuf_2_core_clk/Z (gf180mcu_fd_sc_mcu9t5v0__clkbuf_16)
   0.30   17.47 ^ delaybuf_3_core_clk/Z (gf180mcu_fd_sc_mcu9t5v0__clkbuf_16)
   0.34   17.81 ^ clkbuf_0_clk/Z (gf180mcu_fd_sc_mcu9t5v0__clkbuf_16)
   0.50   18.31 ^ clkbuf_1_1__f_clk/Z (gf180mcu_fd_sc_mcu9t5v0__clkbuf_16)
   0.00   18.31 ^ u_transform_scheduler_core.u_fft_scratch_sram.u_hi.u_sram/CLK (gf180mcu_fd_ip_sram__sram256x8m8wm1)
   0.00   18.31   clock reconvergence pessimism
  -1.07   17.24   library setup time
          17.24   data required time
---------------------------------------------------------
          17.24   data required time
         -15.31   data arrival time
---------------------------------------------------------
           1.93   slack (MET)


Startpoint: _20049_ (rising edge-triggered flip-flop clocked by core_clk)
Endpoint: u_transform_scheduler_core.u_fft_scratch_sram.u_lo.u_sram
          (rising edge-triggered flip-flop clocked by core_clk)
Path Group: core_clk
Path Type: max

  Delay    Time   Description
---------------------------------------------------------
   0.00    0.00   clock core_clk (rise edge)
   0.00    0.00   clock source latency
   0.00    0.00 ^ clk (in)
   0.28    0.28 ^ clkbuf_regs_0_core_clk/Z (gf180mcu_fd_sc_mcu9t5v0__clkbuf_16)
   0.34    0.61 ^ clkbuf_0_clk_regs/Z (gf180mcu_fd_sc_mcu9t5v0__clkbuf_16)
   0.41    1.02 ^ clkbuf_2_1_0_clk_regs/Z (gf180mcu_fd_sc_mcu9t5v0__clkbuf_8)
   0.49    1.52 ^ clkbuf_3_3__f_clk_regs/Z (gf180mcu_fd_sc_mcu9t5v0__clkbuf_16)
   0.50    2.01 ^ clkbuf_leaf_18_clk_regs/Z (gf180mcu_fd_sc_mcu9t5v0__clkbuf_8)
   0.00    2.01 ^ _20049_/CLK (gf180mcu_fd_sc_mcu9t5v0__dffrnq_2)
   1.51    3.52 ^ _20049_/Q (gf180mcu_fd_sc_mcu9t5v0__dffrnq_2)
   0.69    4.21 ^ _09607_/ZN (gf180mcu_fd_sc_mcu9t5v0__xnor2_1)
   0.54    4.76 ^ _09608_/Z (gf180mcu_fd_sc_mcu9t5v0__and2_2)
   0.21    4.96 v _09615_/ZN (gf180mcu_fd_sc_mcu9t5v0__oai31_4)
   0.84    5.80 ^ _09616_/Z (gf180mcu_fd_sc_mcu9t5v0__mux2_2)
   0.33    6.12 v _09617_/ZN (gf180mcu_fd_sc_mcu9t5v0__oai31_4)
   0.73    6.85 ^ _09638_/ZN (gf180mcu_fd_sc_mcu9t5v0__aoi211_4)
   0.64    7.50 ^ _09639_/Z (gf180mcu_fd_sc_mcu9t5v0__and3_4)
   0.19    7.69 v _09640_/ZN (gf180mcu_fd_sc_mcu9t5v0__oai21_4)
   0.48    8.17 v rebuffer669/Z (gf180mcu_fd_sc_mcu9t5v0__clkbuf_8)
   0.43    8.59 ^ _09660_/ZN (gf180mcu_fd_sc_mcu9t5v0__aoi21_2)
   0.28    8.87 v _09662_/ZN (gf180mcu_fd_sc_mcu9t5v0__oai21_2)
   0.59    9.46 ^ _09673_/ZN (gf180mcu_fd_sc_mcu9t5v0__nand4_2)
   0.30    9.76 v _09690_/ZN (gf180mcu_fd_sc_mcu9t5v0__oai31_4)
   0.87   10.63 ^ _09720_/ZN (gf180mcu_fd_sc_mcu9t5v0__aoi211_4)
   0.41   11.04 ^ place469/Z (gf180mcu_fd_sc_mcu9t5v0__buf_8)
   0.26   11.30 v _09721_/ZN (gf180mcu_fd_sc_mcu9t5v0__nor2_2)
   0.40   11.71 v place462/Z (gf180mcu_fd_sc_mcu9t5v0__buf_8)
   0.35   12.06 ^ _09741_/ZN (gf180mcu_fd_sc_mcu9t5v0__nand2_2)
   0.38   12.44 ^ place449/Z (gf180mcu_fd_sc_mcu9t5v0__buf_8)
   0.22   12.66 v _09921_/ZN (gf180mcu_fd_sc_mcu9t5v0__oai31_2)
   0.46   13.13 ^ _09922_/ZN (gf180mcu_fd_sc_mcu9t5v0__oai211_1)
   0.25   13.37 v _09923_/ZN (gf180mcu_fd_sc_mcu9t5v0__nand2_1)
   0.78   14.15 ^ _09932_/ZN (gf180mcu_fd_sc_mcu9t5v0__aoi221_1)
   0.61   14.76 v _09933_/ZN (gf180mcu_fd_sc_mcu9t5v0__clkinv_1)
   0.54   15.31 v place308/Z (gf180mcu_fd_sc_mcu9t5v0__buf_8)
   0.00   15.31 v u_transform_scheduler_core.u_fft_scratch_sram.u_lo.u_sram/A[5] (gf180mcu_fd_ip_sram__sram256x8m8wm1)
          15.31   data arrival time

  16.28   16.28   clock core_clk (rise edge)
   0.00   16.28   clock source latency
   0.00   16.28 ^ clk (in)
   0.28   16.55 ^ delaybuf_0_core_clk/Z (gf180mcu_fd_sc_mcu9t5v0__clkbuf_16)
   0.31   16.86 ^ delaybuf_1_core_clk/Z (gf180mcu_fd_sc_mcu9t5v0__clkbuf_16)
   0.30   17.16 ^ delaybuf_2_core_clk/Z (gf180mcu_fd_sc_mcu9t5v0__clkbuf_16)
   0.30   17.47 ^ delaybuf_3_core_clk/Z (gf180mcu_fd_sc_mcu9t5v0__clkbuf_16)
   0.34   17.81 ^ clkbuf_0_clk/Z (gf180mcu_fd_sc_mcu9t5v0__clkbuf_16)
   0.50   18.31 ^ clkbuf_1_0__f_clk/Z (gf180mcu_fd_sc_mcu9t5v0__clkbuf_16)
   0.00   18.31 ^ u_transform_scheduler_core.u_fft_scratch_sram.u_lo.u_sram/CLK (gf180mcu_fd_ip_sram__sram256x8m8wm1)
   0.00   18.31   clock reconvergence pessimism
  -1.07   17.24   library setup time
          17.24   data required time
---------------------------------------------------------
          17.24   data required time
         -15.31   data arrival time
---------------------------------------------------------
           1.93   slack (MET)


Startpoint: _20048_ (rising edge-triggered flip-flop clocked by core_clk)
Endpoint: u_transform_scheduler_core.u_fft_scratch_sram.u_hi.u_sram
          (rising edge-triggered flip-flop clocked by core_clk)
Path Group: core_clk
Path Type: max

  Delay    Time   Description
---------------------------------------------------------
   0.00    0.00   clock core_clk (rise edge)
   0.00    0.00   clock source latency
   0.00    0.00 ^ clk (in)
   0.28    0.28 ^ clkbuf_regs_0_core_clk/Z (gf180mcu_fd_sc_mcu9t5v0__clkbuf_16)
   0.34    0.61 ^ clkbuf_0_clk_regs/Z (gf180mcu_fd_sc_mcu9t5v0__clkbuf_16)
   0.41    1.02 ^ clkbuf_2_1_0_clk_regs/Z (gf180mcu_fd_sc_mcu9t5v0__clkbuf_8)
   0.49    1.52 ^ clkbuf_3_3__f_clk_regs/Z (gf180mcu_fd_sc_mcu9t5v0__clkbuf_16)
   0.50    2.01 ^ clkbuf_leaf_18_clk_regs/Z (gf180mcu_fd_sc_mcu9t5v0__clkbuf_8)
   0.00    2.01 ^ _20048_/CLK (gf180mcu_fd_sc_mcu9t5v0__dffrnq_2)
   1.21    3.23 v _20048_/Q (gf180mcu_fd_sc_mcu9t5v0__dffrnq_2)
   0.66    3.89 v _09607_/ZN (gf180mcu_fd_sc_mcu9t5v0__xnor2_1)
   0.56    4.45 v _09608_/Z (gf180mcu_fd_sc_mcu9t5v0__and2_2)
   0.45    4.90 ^ _09615_/ZN (gf180mcu_fd_sc_mcu9t5v0__oai31_4)
   0.83    5.73 v _09616_/Z (gf180mcu_fd_sc_mcu9t5v0__mux2_2)
   0.77    6.50 ^ _09617_/ZN (gf180mcu_fd_sc_mcu9t5v0__oai31_4)
   0.29    6.79 v _09638_/ZN (gf180mcu_fd_sc_mcu9t5v0__aoi211_4)
   0.53    7.32 ^ _09677_/ZN (gf180mcu_fd_sc_mcu9t5v0__nand3_2)
   0.26    7.58 v _09679_/ZN (gf180mcu_fd_sc_mcu9t5v0__aoi21_2)
   0.48    8.06 v place488/Z (gf180mcu_fd_sc_mcu9t5v0__clkbuf_8)
   0.64    8.70 ^ _09685_/ZN (gf180mcu_fd_sc_mcu9t5v0__oai31_4)
   0.24    8.93 v _09688_/ZN (gf180mcu_fd_sc_mcu9t5v0__aoi21_2)
   0.71    9.64 v _09689_/Z (gf180mcu_fd_sc_mcu9t5v0__or2_2)
   0.68   10.32 ^ _09690_/ZN (gf180mcu_fd_sc_mcu9t5v0__oai31_4)
   0.47   10.79 v _09720_/ZN (gf180mcu_fd_sc_mcu9t5v0__aoi211_4)
   0.51   11.30 v place469/Z (gf180mcu_fd_sc_mcu9t5v0__buf_8)
   0.55   11.85 ^ _09756_/ZN (gf180mcu_fd_sc_mcu9t5v0__nor3_4)
   0.50   12.35 ^ place460/Z (gf180mcu_fd_sc_mcu9t5v0__buf_8)
   0.23   12.58 v _09787_/ZN (gf180mcu_fd_sc_mcu9t5v0__nand3_1)
   0.78   13.36 v _09804_/Z (gf180mcu_fd_sc_mcu9t5v0__and4_1)
   0.58   13.93 ^ _09807_/ZN (gf180mcu_fd_sc_mcu9t5v0__oai31_2)
   0.28   14.22 v _09900_/ZN (gf180mcu_fd_sc_mcu9t5v0__aoi221_1)
   0.68   14.89 ^ _09901_/ZN (gf180mcu_fd_sc_mcu9t5v0__clkinv_1)
   0.42   15.32 ^ place375/Z (gf180mcu_fd_sc_mcu9t5v0__buf_8)
   0.00   15.32 ^ u_transform_scheduler_core.u_fft_scratch_sram.u_hi.u_sram/A[6] (gf180mcu_fd_ip_sram__sram256x8m8wm1)
          15.32   data arrival time

  16.28   16.28   clock core_clk (rise edge)
   0.00   16.28   clock source latency
   0.00   16.28 ^ clk (in)
   0.28   16.55 ^ delaybuf_0_core_clk/Z (gf180mcu_fd_sc_mcu9t5v0__clkbuf_16)
   0.31   16.86 ^ delaybuf_1_core_clk/Z (gf180mcu_fd_sc_mcu9t5v0__clkbuf_16)
   0.30   17.16 ^ delaybuf_2_core_clk/Z (gf180mcu_fd_sc_mcu9t5v0__clkbuf_16)
   0.30   17.47 ^ delaybuf_3_core_clk/Z (gf180mcu_fd_sc_mcu9t5v0__clkbuf_16)
   0.34   17.81 ^ clkbuf_0_clk/Z (gf180mcu_fd_sc_mcu9t5v0__clkbuf_16)
   0.50   18.31 ^ clkbuf_1_1__f_clk/Z (gf180mcu_fd_sc_mcu9t5v0__clkbuf_16)
   0.00   18.31 ^ u_transform_scheduler_core.u_fft_scratch_sram.u_hi.u_sram/CLK (gf180mcu_fd_ip_sram__sram256x8m8wm1)
   0.00   18.31   clock reconvergence pessimism
  -0.81   17.50   library setup time
          17.50   data required time
---------------------------------------------------------
          17.50   data required time
         -15.32   data arrival time
---------------------------------------------------------
           2.19   slack (MET)


Startpoint: _20048_ (rising edge-triggered flip-flop clocked by core_clk)
Endpoint: u_transform_scheduler_core.u_fft_scratch_sram.u_lo.u_sram
          (rising edge-triggered flip-flop clocked by core_clk)
Path Group: core_clk
Path Type: max

  Delay    Time   Description
---------------------------------------------------------
   0.00    0.00   clock core_clk (rise edge)
   0.00    0.00   clock source latency
   0.00    0.00 ^ clk (in)
   0.28    0.28 ^ clkbuf_regs_0_core_clk/Z (gf180mcu_fd_sc_mcu9t5v0__clkbuf_16)
   0.34    0.61 ^ clkbuf_0_clk_regs/Z (gf180mcu_fd_sc_mcu9t5v0__clkbuf_16)
   0.41    1.02 ^ clkbuf_2_1_0_clk_regs/Z (gf180mcu_fd_sc_mcu9t5v0__clkbuf_8)
   0.49    1.52 ^ clkbuf_3_3__f_clk_regs/Z (gf180mcu_fd_sc_mcu9t5v0__clkbuf_16)
   0.50    2.01 ^ clkbuf_leaf_18_clk_regs/Z (gf180mcu_fd_sc_mcu9t5v0__clkbuf_8)
   0.00    2.01 ^ _20048_/CLK (gf180mcu_fd_sc_mcu9t5v0__dffrnq_2)
   1.21    3.23 v _20048_/Q (gf180mcu_fd_sc_mcu9t5v0__dffrnq_2)
   0.66    3.89 v _09607_/ZN (gf180mcu_fd_sc_mcu9t5v0__xnor2_1)
   0.56    4.45 v _09608_/Z (gf180mcu_fd_sc_mcu9t5v0__and2_2)
   0.45    4.90 ^ _09615_/ZN (gf180mcu_fd_sc_mcu9t5v0__oai31_4)
   0.83    5.73 v _09616_/Z (gf180mcu_fd_sc_mcu9t5v0__mux2_2)
   0.77    6.50 ^ _09617_/ZN (gf180mcu_fd_sc_mcu9t5v0__oai31_4)
   0.29    6.79 v _09638_/ZN (gf180mcu_fd_sc_mcu9t5v0__aoi211_4)
   0.53    7.32 ^ _09677_/ZN (gf180mcu_fd_sc_mcu9t5v0__nand3_2)
   0.26    7.58 v _09679_/ZN (gf180mcu_fd_sc_mcu9t5v0__aoi21_2)
   0.48    8.06 v place488/Z (gf180mcu_fd_sc_mcu9t5v0__clkbuf_8)
   0.64    8.70 ^ _09685_/ZN (gf180mcu_fd_sc_mcu9t5v0__oai31_4)
   0.24    8.93 v _09688_/ZN (gf180mcu_fd_sc_mcu9t5v0__aoi21_2)
   0.71    9.64 v _09689_/Z (gf180mcu_fd_sc_mcu9t5v0__or2_2)
   0.68   10.32 ^ _09690_/ZN (gf180mcu_fd_sc_mcu9t5v0__oai31_4)
   0.47   10.79 v _09720_/ZN (gf180mcu_fd_sc_mcu9t5v0__aoi211_4)
   0.51   11.30 v place469/Z (gf180mcu_fd_sc_mcu9t5v0__buf_8)
   0.55   11.85 ^ _09756_/ZN (gf180mcu_fd_sc_mcu9t5v0__nor3_4)
   0.50   12.35 ^ place460/Z (gf180mcu_fd_sc_mcu9t5v0__buf_8)
   0.23   12.58 v _09787_/ZN (gf180mcu_fd_sc_mcu9t5v0__nand3_1)
   0.78   13.36 v _09804_/Z (gf180mcu_fd_sc_mcu9t5v0__and4_1)
   0.58   13.93 ^ _09807_/ZN (gf180mcu_fd_sc_mcu9t5v0__oai31_2)
   0.28   14.22 v _09900_/ZN (gf180mcu_fd_sc_mcu9t5v0__aoi221_1)
   0.68   14.89 ^ _09901_/ZN (gf180mcu_fd_sc_mcu9t5v0__clkinv_1)
   0.42   15.32 ^ place375/Z (gf180mcu_fd_sc_mcu9t5v0__buf_8)
   0.00   15.32 ^ u_transform_scheduler_core.u_fft_scratch_sram.u_lo.u_sram/A[6] (gf180mcu_fd_ip_sram__sram256x8m8wm1)
          15.32   data arrival time

  16.28   16.28   clock core_clk (rise edge)
   0.00   16.28   clock source latency
   0.00   16.28 ^ clk (in)
   0.28   16.55 ^ delaybuf_0_core_clk/Z (gf180mcu_fd_sc_mcu9t5v0__clkbuf_16)
   0.31   16.86 ^ delaybuf_1_core_clk/Z (gf180mcu_fd_sc_mcu9t5v0__clkbuf_16)
   0.30   17.16 ^ delaybuf_2_core_clk/Z (gf180mcu_fd_sc_mcu9t5v0__clkbuf_16)
   0.30   17.47 ^ delaybuf_3_core_clk/Z (gf180mcu_fd_sc_mcu9t5v0__clkbuf_16)
   0.34   17.81 ^ clkbuf_0_clk/Z (gf180mcu_fd_sc_mcu9t5v0__clkbuf_16)
   0.50   18.31 ^ clkbuf_1_0__f_clk/Z (gf180mcu_fd_sc_mcu9t5v0__clkbuf_16)
   0.00   18.31 ^ u_transform_scheduler_core.u_fft_scratch_sram.u_lo.u_sram/CLK (gf180mcu_fd_ip_sram__sram256x8m8wm1)
   0.00   18.31   clock reconvergence pessimism
  -0.81   17.50   library setup time
          17.50   data required time
---------------------------------------------------------
          17.50   data required time
         -15.32   data arrival time
---------------------------------------------------------
           2.19   slack (MET)


Startpoint: _20049_ (rising edge-triggered flip-flop clocked by core_clk)
Endpoint: u_transform_scheduler_core.u_fft_scratch_sram.u_hi.u_sram
          (rising edge-triggered flip-flop clocked by core_clk)
Path Group: core_clk
Path Type: max

  Delay    Time   Description
---------------------------------------------------------
   0.00    0.00   clock core_clk (rise edge)
   0.00    0.00   clock source latency
   0.00    0.00 ^ clk (in)
   0.28    0.28 ^ clkbuf_regs_0_core_clk/Z (gf180mcu_fd_sc_mcu9t5v0__clkbuf_16)
   0.34    0.61 ^ clkbuf_0_clk_regs/Z (gf180mcu_fd_sc_mcu9t5v0__clkbuf_16)
   0.41    1.02 ^ clkbuf_2_1_0_clk_regs/Z (gf180mcu_fd_sc_mcu9t5v0__clkbuf_8)
   0.49    1.52 ^ clkbuf_3_3__f_clk_regs/Z (gf180mcu_fd_sc_mcu9t5v0__clkbuf_16)
   0.50    2.01 ^ clkbuf_leaf_18_clk_regs/Z (gf180mcu_fd_sc_mcu9t5v0__clkbuf_8)
   0.00    2.01 ^ _20049_/CLK (gf180mcu_fd_sc_mcu9t5v0__dffrnq_2)
   1.51    3.52 ^ _20049_/Q (gf180mcu_fd_sc_mcu9t5v0__dffrnq_2)
   0.69    4.21 ^ _09607_/ZN (gf180mcu_fd_sc_mcu9t5v0__xnor2_1)
   0.54    4.76 ^ _09608_/Z (gf180mcu_fd_sc_mcu9t5v0__and2_2)
   0.21    4.96 v _09615_/ZN (gf180mcu_fd_sc_mcu9t5v0__oai31_4)
   0.84    5.80 ^ _09616_/Z (gf180mcu_fd_sc_mcu9t5v0__mux2_2)
   0.33    6.12 v _09617_/ZN (gf180mcu_fd_sc_mcu9t5v0__oai31_4)
   0.73    6.85 ^ _09638_/ZN (gf180mcu_fd_sc_mcu9t5v0__aoi211_4)
   0.64    7.50 ^ _09639_/Z (gf180mcu_fd_sc_mcu9t5v0__and3_4)
   0.19    7.69 v _09640_/ZN (gf180mcu_fd_sc_mcu9t5v0__oai21_4)
   0.48    8.17 v rebuffer669/Z (gf180mcu_fd_sc_mcu9t5v0__clkbuf_8)
   0.43    8.59 ^ _09660_/ZN (gf180mcu_fd_sc_mcu9t5v0__aoi21_2)
   0.28    8.87 v _09662_/ZN (gf180mcu_fd_sc_mcu9t5v0__oai21_2)
   0.59    9.46 ^ _09673_/ZN (gf180mcu_fd_sc_mcu9t5v0__nand4_2)
   0.30    9.76 v _09690_/ZN (gf180mcu_fd_sc_mcu9t5v0__oai31_4)
   0.87   10.63 ^ _09720_/ZN (gf180mcu_fd_sc_mcu9t5v0__aoi211_4)
   0.41   11.04 ^ place469/Z (gf180mcu_fd_sc_mcu9t5v0__buf_8)
   0.25   11.29 v _09756_/ZN (gf180mcu_fd_sc_mcu9t5v0__nor3_4)
   0.47   11.77 v place460/Z (gf180mcu_fd_sc_mcu9t5v0__buf_8)
   0.89   12.66 ^ _09977_/ZN (gf180mcu_fd_sc_mcu9t5v0__aoi221_1)
   0.37   13.02 v _09979_/ZN (gf180mcu_fd_sc_mcu9t5v0__oai22_1)
   0.79   13.82 ^ _09988_/ZN (gf180mcu_fd_sc_mcu9t5v0__aoi221_1)
   0.61   14.43 v _09989_/ZN (gf180mcu_fd_sc_mcu9t5v0__clkinv_1)
   0.54   14.97 v place374/Z (gf180mcu_fd_sc_mcu9t5v0__buf_8)
   0.00   14.97 v u_transform_scheduler_core.u_fft_scratch_sram.u_hi.u_sram/A[2] (gf180mcu_fd_ip_sram__sram256x8m8wm1)
          14.97   data arrival time

  16.28   16.28   clock core_clk (rise edge)
   0.00   16.28   clock source latency
   0.00   16.28 ^ clk (in)
   0.28   16.55 ^ delaybuf_0_core_clk/Z (gf180mcu_fd_sc_mcu9t5v0__clkbuf_16)
   0.31   16.86 ^ delaybuf_1_core_clk/Z (gf180mcu_fd_sc_mcu9t5v0__clkbuf_16)
   0.30   17.16 ^ delaybuf_2_core_clk/Z (gf180mcu_fd_sc_mcu9t5v0__clkbuf_16)
   0.30   17.47 ^ delaybuf_3_core_clk/Z (gf180mcu_fd_sc_mcu9t5v0__clkbuf_16)
   0.34   17.81 ^ clkbuf_0_clk/Z (gf180mcu_fd_sc_mcu9t5v0__clkbuf_16)
   0.50   18.31 ^ clkbuf_1_1__f_clk/Z (gf180mcu_fd_sc_mcu9t5v0__clkbuf_16)
   0.00   18.31 ^ u_transform_scheduler_core.u_fft_scratch_sram.u_hi.u_sram/CLK (gf180mcu_fd_ip_sram__sram256x8m8wm1)
   0.00   18.31   clock reconvergence pessimism
  -1.07   17.24   library setup time
          17.24   data required time
---------------------------------------------------------
          17.24   data required time
         -14.97   data arrival time
---------------------------------------------------------
           2.27   slack (MET)


Startpoint: _20049_ (rising edge-triggered flip-flop clocked by core_clk)
Endpoint: u_transform_scheduler_core.u_fft_scratch_sram.u_lo.u_sram
          (rising edge-triggered flip-flop clocked by core_clk)
Path Group: core_clk
Path Type: max

  Delay    Time   Description
---------------------------------------------------------
   0.00    0.00   clock core_clk (rise edge)
   0.00    0.00   clock source latency
   0.00    0.00 ^ clk (in)
   0.28    0.28 ^ clkbuf_regs_0_core_clk/Z (gf180mcu_fd_sc_mcu9t5v0__clkbuf_16)
   0.34    0.61 ^ clkbuf_0_clk_regs/Z (gf180mcu_fd_sc_mcu9t5v0__clkbuf_16)
   0.41    1.02 ^ clkbuf_2_1_0_clk_regs/Z (gf180mcu_fd_sc_mcu9t5v0__clkbuf_8)
   0.49    1.52 ^ clkbuf_3_3__f_clk_regs/Z (gf180mcu_fd_sc_mcu9t5v0__clkbuf_16)
   0.50    2.01 ^ clkbuf_leaf_18_clk_regs/Z (gf180mcu_fd_sc_mcu9t5v0__clkbuf_8)
   0.00    2.01 ^ _20049_/CLK (gf180mcu_fd_sc_mcu9t5v0__dffrnq_2)
   1.51    3.52 ^ _20049_/Q (gf180mcu_fd_sc_mcu9t5v0__dffrnq_2)
   0.69    4.21 ^ _09607_/ZN (gf180mcu_fd_sc_mcu9t5v0__xnor2_1)
   0.54    4.76 ^ _09608_/Z (gf180mcu_fd_sc_mcu9t5v0__and2_2)
   0.21    4.96 v _09615_/ZN (gf180mcu_fd_sc_mcu9t5v0__oai31_4)
   0.84    5.80 ^ _09616_/Z (gf180mcu_fd_sc_mcu9t5v0__mux2_2)
   0.33    6.12 v _09617_/ZN (gf180mcu_fd_sc_mcu9t5v0__oai31_4)
   0.73    6.85 ^ _09638_/ZN (gf180mcu_fd_sc_mcu9t5v0__aoi211_4)
   0.64    7.50 ^ _09639_/Z (gf180mcu_fd_sc_mcu9t5v0__and3_4)
   0.19    7.69 v _09640_/ZN (gf180mcu_fd_sc_mcu9t5v0__oai21_4)
   0.48    8.17 v rebuffer669/Z (gf180mcu_fd_sc_mcu9t5v0__clkbuf_8)
   0.43    8.59 ^ _09660_/ZN (gf180mcu_fd_sc_mcu9t5v0__aoi21_2)
   0.28    8.87 v _09662_/ZN (gf180mcu_fd_sc_mcu9t5v0__oai21_2)
   0.59    9.46 ^ _09673_/ZN (gf180mcu_fd_sc_mcu9t5v0__nand4_2)
   0.30    9.76 v _09690_/ZN (gf180mcu_fd_sc_mcu9t5v0__oai31_4)
   0.87   10.63 ^ _09720_/ZN (gf180mcu_fd_sc_mcu9t5v0__aoi211_4)
   0.41   11.04 ^ place469/Z (gf180mcu_fd_sc_mcu9t5v0__buf_8)
   0.25   11.29 v _09756_/ZN (gf180mcu_fd_sc_mcu9t5v0__nor3_4)
   0.47   11.77 v place460/Z (gf180mcu_fd_sc_mcu9t5v0__buf_8)
   0.89   12.66 ^ _09977_/ZN (gf180mcu_fd_sc_mcu9t5v0__aoi221_1)
   0.37   13.02 v _09979_/ZN (gf180mcu_fd_sc_mcu9t5v0__oai22_1)
   0.79   13.82 ^ _09988_/ZN (gf180mcu_fd_sc_mcu9t5v0__aoi221_1)
   0.61   14.43 v _09989_/ZN (gf180mcu_fd_sc_mcu9t5v0__clkinv_1)
   0.54   14.97 v place374/Z (gf180mcu_fd_sc_mcu9t5v0__buf_8)
   0.00   14.97 v u_transform_scheduler_core.u_fft_scratch_sram.u_lo.u_sram/A[2] (gf180mcu_fd_ip_sram__sram256x8m8wm1)
          14.97   data arrival time

  16.28   16.28   clock core_clk (rise edge)
   0.00   16.28   clock source latency
   0.00   16.28 ^ clk (in)
   0.28   16.55 ^ delaybuf_0_core_clk/Z (gf180mcu_fd_sc_mcu9t5v0__clkbuf_16)
   0.31   16.86 ^ delaybuf_1_core_clk/Z (gf180mcu_fd_sc_mcu9t5v0__clkbuf_16)
   0.30   17.16 ^ delaybuf_2_core_clk/Z (gf180mcu_fd_sc_mcu9t5v0__clkbuf_16)
   0.30   17.47 ^ delaybuf_3_core_clk/Z (gf180mcu_fd_sc_mcu9t5v0__clkbuf_16)
   0.34   17.81 ^ clkbuf_0_clk/Z (gf180mcu_fd_sc_mcu9t5v0__clkbuf_16)
   0.50   18.31 ^ clkbuf_1_0__f_clk/Z (gf180mcu_fd_sc_mcu9t5v0__clkbuf_16)
   0.00   18.31 ^ u_transform_scheduler_core.u_fft_scratch_sram.u_lo.u_sram/CLK (gf180mcu_fd_ip_sram__sram256x8m8wm1)
   0.00   18.31   clock reconvergence pessimism
  -1.07   17.24   library setup time
          17.24   data required time
---------------------------------------------------------
          17.24   data required time
         -14.97   data arrival time
---------------------------------------------------------
           2.27   slack (MET)


Startpoint: _20048_ (rising edge-triggered flip-flop clocked by core_clk)
Endpoint: u_transform_scheduler_core.u_fft_scratch_sram.u_hi.u_sram
          (rising edge-triggered flip-flop clocked by core_clk)
Path Group: core_clk
Path Type: max

  Delay    Time   Description
---------------------------------------------------------
   0.00    0.00   clock core_clk (rise edge)
   0.00    0.00   clock source latency
   0.00    0.00 ^ clk (in)
   0.28    0.28 ^ clkbuf_regs_0_core_clk/Z (gf180mcu_fd_sc_mcu9t5v0__clkbuf_16)
   0.34    0.61 ^ clkbuf_0_clk_regs/Z (gf180mcu_fd_sc_mcu9t5v0__clkbuf_16)
   0.41    1.02 ^ clkbuf_2_1_0_clk_regs/Z (gf180mcu_fd_sc_mcu9t5v0__clkbuf_8)
   0.49    1.52 ^ clkbuf_3_3__f_clk_regs/Z (gf180mcu_fd_sc_mcu9t5v0__clkbuf_16)
   0.50    2.01 ^ clkbuf_leaf_18_clk_regs/Z (gf180mcu_fd_sc_mcu9t5v0__clkbuf_8)
   0.00    2.01 ^ _20048_/CLK (gf180mcu_fd_sc_mcu9t5v0__dffrnq_2)
   1.21    3.23 v _20048_/Q (gf180mcu_fd_sc_mcu9t5v0__dffrnq_2)
   0.66    3.89 v _09607_/ZN (gf180mcu_fd_sc_mcu9t5v0__xnor2_1)
   0.56    4.45 v _09608_/Z (gf180mcu_fd_sc_mcu9t5v0__and2_2)
   0.45    4.90 ^ _09615_/ZN (gf180mcu_fd_sc_mcu9t5v0__oai31_4)
   0.83    5.73 v _09616_/Z (gf180mcu_fd_sc_mcu9t5v0__mux2_2)
   0.77    6.50 ^ _09617_/ZN (gf180mcu_fd_sc_mcu9t5v0__oai31_4)
   0.29    6.79 v _09638_/ZN (gf180mcu_fd_sc_mcu9t5v0__aoi211_4)
   0.53    7.32 ^ _09677_/ZN (gf180mcu_fd_sc_mcu9t5v0__nand3_2)
   0.26    7.58 v _09679_/ZN (gf180mcu_fd_sc_mcu9t5v0__aoi21_2)
   0.48    8.06 v place488/Z (gf180mcu_fd_sc_mcu9t5v0__clkbuf_8)
   0.64    8.70 ^ _09685_/ZN (gf180mcu_fd_sc_mcu9t5v0__oai31_4)
   0.24    8.93 v _09688_/ZN (gf180mcu_fd_sc_mcu9t5v0__aoi21_2)
   0.71    9.64 v _09689_/Z (gf180mcu_fd_sc_mcu9t5v0__or2_2)
   0.68   10.32 ^ _09690_/ZN (gf180mcu_fd_sc_mcu9t5v0__oai31_4)
   0.47   10.79 v _09720_/ZN (gf180mcu_fd_sc_mcu9t5v0__aoi211_4)
   0.51   11.30 v place469/Z (gf180mcu_fd_sc_mcu9t5v0__buf_8)
   0.55   11.85 ^ _09756_/ZN (gf180mcu_fd_sc_mcu9t5v0__nor3_4)
   0.50   12.35 ^ place460/Z (gf180mcu_fd_sc_mcu9t5v0__buf_8)
   0.27   12.62 v _09959_/ZN (gf180mcu_fd_sc_mcu9t5v0__nand3_1)
   0.53   13.14 ^ _09960_/ZN (gf180mcu_fd_sc_mcu9t5v0__oai211_1)
   0.40   13.54 v _09961_/ZN (gf180mcu_fd_sc_mcu9t5v0__oai211_1)
   0.40   13.93 ^ _09962_/ZN (gf180mcu_fd_sc_mcu9t5v0__nand2_1)
   0.21   14.15 v _09973_/ZN (gf180mcu_fd_sc_mcu9t5v0__aoi22_1)
   0.65   14.80 ^ _09974_/ZN (gf180mcu_fd_sc_mcu9t5v0__nand2_1)
   0.42   15.22 ^ place343/Z (gf180mcu_fd_sc_mcu9t5v0__buf_8)
   0.00   15.22 ^ u_transform_scheduler_core.u_fft_scratch_sram.u_hi.u_sram/A[3] (gf180mcu_fd_ip_sram__sram256x8m8wm1)
          15.22   data arrival time

  16.28   16.28   clock core_clk (rise edge)
   0.00   16.28   clock source latency
   0.00   16.28 ^ clk (in)
   0.28   16.55 ^ delaybuf_0_core_clk/Z (gf180mcu_fd_sc_mcu9t5v0__clkbuf_16)
   0.31   16.86 ^ delaybuf_1_core_clk/Z (gf180mcu_fd_sc_mcu9t5v0__clkbuf_16)
   0.30   17.16 ^ delaybuf_2_core_clk/Z (gf180mcu_fd_sc_mcu9t5v0__clkbuf_16)
   0.30   17.47 ^ delaybuf_3_core_clk/Z (gf180mcu_fd_sc_mcu9t5v0__clkbuf_16)
   0.34   17.81 ^ clkbuf_0_clk/Z (gf180mcu_fd_sc_mcu9t5v0__clkbuf_16)
   0.50   18.31 ^ clkbuf_1_1__f_clk/Z (gf180mcu_fd_sc_mcu9t5v0__clkbuf_16)
   0.00   18.31 ^ u_transform_scheduler_core.u_fft_scratch_sram.u_hi.u_sram/CLK (gf180mcu_fd_ip_sram__sram256x8m8wm1)
   0.00   18.31   clock reconvergence pessimism
  -0.81   17.50   library setup time
          17.50   data required time
---------------------------------------------------------
          17.50   data required time
         -15.22   data arrival time
---------------------------------------------------------
           2.28   slack (MET)


Startpoint: _20048_ (rising edge-triggered flip-flop clocked by core_clk)
Endpoint: u_transform_scheduler_core.u_fft_scratch_sram.u_lo.u_sram
          (rising edge-triggered flip-flop clocked by core_clk)
Path Group: core_clk
Path Type: max

  Delay    Time   Description
---------------------------------------------------------
   0.00    0.00   clock core_clk (rise edge)
   0.00    0.00   clock source latency
   0.00    0.00 ^ clk (in)
   0.28    0.28 ^ clkbuf_regs_0_core_clk/Z (gf180mcu_fd_sc_mcu9t5v0__clkbuf_16)
   0.34    0.61 ^ clkbuf_0_clk_regs/Z (gf180mcu_fd_sc_mcu9t5v0__clkbuf_16)
   0.41    1.02 ^ clkbuf_2_1_0_clk_regs/Z (gf180mcu_fd_sc_mcu9t5v0__clkbuf_8)
   0.49    1.52 ^ clkbuf_3_3__f_clk_regs/Z (gf180mcu_fd_sc_mcu9t5v0__clkbuf_16)
   0.50    2.01 ^ clkbuf_leaf_18_clk_regs/Z (gf180mcu_fd_sc_mcu9t5v0__clkbuf_8)
   0.00    2.01 ^ _20048_/CLK (gf180mcu_fd_sc_mcu9t5v0__dffrnq_2)
   1.21    3.23 v _20048_/Q (gf180mcu_fd_sc_mcu9t5v0__dffrnq_2)
   0.66    3.89 v _09607_/ZN (gf180mcu_fd_sc_mcu9t5v0__xnor2_1)
   0.56    4.45 v _09608_/Z (gf180mcu_fd_sc_mcu9t5v0__and2_2)
   0.45    4.90 ^ _09615_/ZN (gf180mcu_fd_sc_mcu9t5v0__oai31_4)
   0.83    5.73 v _09616_/Z (gf180mcu_fd_sc_mcu9t5v0__mux2_2)
   0.77    6.50 ^ _09617_/ZN (gf180mcu_fd_sc_mcu9t5v0__oai31_4)
   0.29    6.79 v _09638_/ZN (gf180mcu_fd_sc_mcu9t5v0__aoi211_4)
   0.53    7.32 ^ _09677_/ZN (gf180mcu_fd_sc_mcu9t5v0__nand3_2)
   0.26    7.58 v _09679_/ZN (gf180mcu_fd_sc_mcu9t5v0__aoi21_2)
   0.48    8.06 v place488/Z (gf180mcu_fd_sc_mcu9t5v0__clkbuf_8)
   0.64    8.70 ^ _09685_/ZN (gf180mcu_fd_sc_mcu9t5v0__oai31_4)
   0.24    8.93 v _09688_/ZN (gf180mcu_fd_sc_mcu9t5v0__aoi21_2)
   0.71    9.64 v _09689_/Z (gf180mcu_fd_sc_mcu9t5v0__or2_2)
   0.68   10.32 ^ _09690_/ZN (gf180mcu_fd_sc_mcu9t5v0__oai31_4)
   0.47   10.79 v _09720_/ZN (gf180mcu_fd_sc_mcu9t5v0__aoi211_4)
   0.51   11.30 v place469/Z (gf180mcu_fd_sc_mcu9t5v0__buf_8)
   0.55   11.85 ^ _09756_/ZN (gf180mcu_fd_sc_mcu9t5v0__nor3_4)
   0.50   12.35 ^ place460/Z (gf180mcu_fd_sc_mcu9t5v0__buf_8)
   0.27   12.62 v _09959_/ZN (gf180mcu_fd_sc_mcu9t5v0__nand3_1)
   0.53   13.14 ^ _09960_/ZN (gf180mcu_fd_sc_mcu9t5v0__oai211_1)
   0.40   13.54 v _09961_/ZN (gf180mcu_fd_sc_mcu9t5v0__oai211_1)
   0.40   13.93 ^ _09962_/ZN (gf180mcu_fd_sc_mcu9t5v0__nand2_1)
   0.21   14.15 v _09973_/ZN (gf180mcu_fd_sc_mcu9t5v0__aoi22_1)
   0.65   14.80 ^ _09974_/ZN (gf180mcu_fd_sc_mcu9t5v0__nand2_1)
   0.42   15.22 ^ place343/Z (gf180mcu_fd_sc_mcu9t5v0__buf_8)
   0.00   15.22 ^ u_transform_scheduler_core.u_fft_scratch_sram.u_lo.u_sram/A[3] (gf180mcu_fd_ip_sram__sram256x8m8wm1)
          15.22   data arrival time

  16.28   16.28   clock core_clk (rise edge)
   0.00   16.28   clock source latency
   0.00   16.28 ^ clk (in)
   0.28   16.55 ^ delaybuf_0_core_clk/Z (gf180mcu_fd_sc_mcu9t5v0__clkbuf_16)
   0.31   16.86 ^ delaybuf_1_core_clk/Z (gf180mcu_fd_sc_mcu9t5v0__clkbuf_16)
   0.30   17.16 ^ delaybuf_2_core_clk/Z (gf180mcu_fd_sc_mcu9t5v0__clkbuf_16)
   0.30   17.47 ^ delaybuf_3_core_clk/Z (gf180mcu_fd_sc_mcu9t5v0__clkbuf_16)
   0.34   17.81 ^ clkbuf_0_clk/Z (gf180mcu_fd_sc_mcu9t5v0__clkbuf_16)
   0.50   18.31 ^ clkbuf_1_0__f_clk/Z (gf180mcu_fd_sc_mcu9t5v0__clkbuf_16)
   0.00   18.31 ^ u_transform_scheduler_core.u_fft_scratch_sram.u_lo.u_sram/CLK (gf180mcu_fd_ip_sram__sram256x8m8wm1)
   0.00   18.31   clock reconvergence pessimism
  -0.81   17.50   library setup time
          17.50   data required time
---------------------------------------------------------
          17.50   data required time
         -15.22   data arrival time
---------------------------------------------------------
           2.28   slack (MET)


Startpoint: _20049_ (rising edge-triggered flip-flop clocked by core_clk)
Endpoint: u_transform_scheduler_core.u_fft_scratch_sram.u_hi.u_sram
          (rising edge-triggered flip-flop clocked by core_clk)
Path Group: core_clk
Path Type: max

  Delay    Time   Description
---------------------------------------------------------
   0.00    0.00   clock core_clk (rise edge)
   0.00    0.00   clock source latency
   0.00    0.00 ^ clk (in)
   0.28    0.28 ^ clkbuf_regs_0_core_clk/Z (gf180mcu_fd_sc_mcu9t5v0__clkbuf_16)
   0.34    0.61 ^ clkbuf_0_clk_regs/Z (gf180mcu_fd_sc_mcu9t5v0__clkbuf_16)
   0.41    1.02 ^ clkbuf_2_1_0_clk_regs/Z (gf180mcu_fd_sc_mcu9t5v0__clkbuf_8)
   0.49    1.52 ^ clkbuf_3_3__f_clk_regs/Z (gf180mcu_fd_sc_mcu9t5v0__clkbuf_16)
   0.50    2.01 ^ clkbuf_leaf_18_clk_regs/Z (gf180mcu_fd_sc_mcu9t5v0__clkbuf_8)
   0.00    2.01 ^ _20049_/CLK (gf180mcu_fd_sc_mcu9t5v0__dffrnq_2)
   1.51    3.52 ^ _20049_/Q (gf180mcu_fd_sc_mcu9t5v0__dffrnq_2)
   0.69    4.21 ^ _09607_/ZN (gf180mcu_fd_sc_mcu9t5v0__xnor2_1)
   0.54    4.76 ^ _09608_/Z (gf180mcu_fd_sc_mcu9t5v0__and2_2)
   0.21    4.96 v _09615_/ZN (gf180mcu_fd_sc_mcu9t5v0__oai31_4)
   0.84    5.80 ^ _09616_/Z (gf180mcu_fd_sc_mcu9t5v0__mux2_2)
   0.33    6.12 v _09617_/ZN (gf180mcu_fd_sc_mcu9t5v0__oai31_4)
   0.73    6.85 ^ _09638_/ZN (gf180mcu_fd_sc_mcu9t5v0__aoi211_4)
   0.64    7.50 ^ _09639_/Z (gf180mcu_fd_sc_mcu9t5v0__and3_4)
   0.19    7.69 v _09640_/ZN (gf180mcu_fd_sc_mcu9t5v0__oai21_4)
   0.48    8.17 v rebuffer669/Z (gf180mcu_fd_sc_mcu9t5v0__clkbuf_8)
   0.43    8.59 ^ _09660_/ZN (gf180mcu_fd_sc_mcu9t5v0__aoi21_2)
   0.28    8.87 v _09662_/ZN (gf180mcu_fd_sc_mcu9t5v0__oai21_2)
   0.59    9.46 ^ _09673_/ZN (gf180mcu_fd_sc_mcu9t5v0__nand4_2)
   0.30    9.76 v _09690_/ZN (gf180mcu_fd_sc_mcu9t5v0__oai31_4)
   0.87   10.63 ^ _09720_/ZN (gf180mcu_fd_sc_mcu9t5v0__aoi211_4)
   0.41   11.04 ^ place469/Z (gf180mcu_fd_sc_mcu9t5v0__buf_8)
   0.25   11.29 v _09756_/ZN (gf180mcu_fd_sc_mcu9t5v0__nor3_4)
   0.47   11.77 v place460/Z (gf180mcu_fd_sc_mcu9t5v0__buf_8)
   0.35   12.12 ^ _18394_/ZN (gf180mcu_fd_sc_mcu9t5v0__nand3_1)
   0.22   12.33 v _18396_/ZN (gf180mcu_fd_sc_mcu9t5v0__nand2_1)
   0.42   12.75 ^ _18397_/ZN (gf180mcu_fd_sc_mcu9t5v0__oai211_1)
   0.25   13.00 v _18398_/ZN (gf180mcu_fd_sc_mcu9t5v0__nand2_1)
   0.78   13.78 ^ _18437_/ZN (gf180mcu_fd_sc_mcu9t5v0__aoi221_1)
   0.61   14.39 v _18438_/ZN (gf180mcu_fd_sc_mcu9t5v0__clkinv_1)
   0.54   14.93 v place311/Z (gf180mcu_fd_sc_mcu9t5v0__buf_8)
   0.00   14.93 v u_transform_scheduler_core.u_fft_scratch_sram.u_hi.u_sram/A[7] (gf180mcu_fd_ip_sram__sram256x8m8wm1)
          14.93   data arrival time

  16.28   16.28   clock core_clk (rise edge)
   0.00   16.28   clock source latency
   0.00   16.28 ^ clk (in)
   0.28   16.55 ^ delaybuf_0_core_clk/Z (gf180mcu_fd_sc_mcu9t5v0__clkbuf_16)
   0.31   16.86 ^ delaybuf_1_core_clk/Z (gf180mcu_fd_sc_mcu9t5v0__clkbuf_16)
   0.30   17.16 ^ delaybuf_2_core_clk/Z (gf180mcu_fd_sc_mcu9t5v0__clkbuf_16)
   0.30   17.47 ^ delaybuf_3_core_clk/Z (gf180mcu_fd_sc_mcu9t5v0__clkbuf_16)
   0.34   17.81 ^ clkbuf_0_clk/Z (gf180mcu_fd_sc_mcu9t5v0__clkbuf_16)
   0.50   18.31 ^ clkbuf_1_1__f_clk/Z (gf180mcu_fd_sc_mcu9t5v0__clkbuf_16)
   0.00   18.31 ^ u_transform_scheduler_core.u_fft_scratch_sram.u_hi.u_sram/CLK (gf180mcu_fd_ip_sram__sram256x8m8wm1)
   0.00   18.31   clock reconvergence pessimism
  -1.07   17.24   library setup time
          17.24   data required time
---------------------------------------------------------
          17.24   data required time
         -14.93   data arrival time
---------------------------------------------------------
           2.31   slack (MET)


Startpoint: _20049_ (rising edge-triggered flip-flop clocked by core_clk)
Endpoint: u_transform_scheduler_core.u_fft_scratch_sram.u_lo.u_sram
          (rising edge-triggered flip-flop clocked by core_clk)
Path Group: core_clk
Path Type: max

  Delay    Time   Description
---------------------------------------------------------
   0.00    0.00   clock core_clk (rise edge)
   0.00    0.00   clock source latency
   0.00    0.00 ^ clk (in)
   0.28    0.28 ^ clkbuf_regs_0_core_clk/Z (gf180mcu_fd_sc_mcu9t5v0__clkbuf_16)
   0.34    0.61 ^ clkbuf_0_clk_regs/Z (gf180mcu_fd_sc_mcu9t5v0__clkbuf_16)
   0.41    1.02 ^ clkbuf_2_1_0_clk_regs/Z (gf180mcu_fd_sc_mcu9t5v0__clkbuf_8)
   0.49    1.52 ^ clkbuf_3_3__f_clk_regs/Z (gf180mcu_fd_sc_mcu9t5v0__clkbuf_16)
   0.50    2.01 ^ clkbuf_leaf_18_clk_regs/Z (gf180mcu_fd_sc_mcu9t5v0__clkbuf_8)
   0.00    2.01 ^ _20049_/CLK (gf180mcu_fd_sc_mcu9t5v0__dffrnq_2)
   1.51    3.52 ^ _20049_/Q (gf180mcu_fd_sc_mcu9t5v0__dffrnq_2)
   0.69    4.21 ^ _09607_/ZN (gf180mcu_fd_sc_mcu9t5v0__xnor2_1)
   0.54    4.76 ^ _09608_/Z (gf180mcu_fd_sc_mcu9t5v0__and2_2)
   0.21    4.96 v _09615_/ZN (gf180mcu_fd_sc_mcu9t5v0__oai31_4)
   0.84    5.80 ^ _09616_/Z (gf180mcu_fd_sc_mcu9t5v0__mux2_2)
   0.33    6.12 v _09617_/ZN (gf180mcu_fd_sc_mcu9t5v0__oai31_4)
   0.73    6.85 ^ _09638_/ZN (gf180mcu_fd_sc_mcu9t5v0__aoi211_4)
   0.64    7.50 ^ _09639_/Z (gf180mcu_fd_sc_mcu9t5v0__and3_4)
   0.19    7.69 v _09640_/ZN (gf180mcu_fd_sc_mcu9t5v0__oai21_4)
   0.48    8.17 v rebuffer669/Z (gf180mcu_fd_sc_mcu9t5v0__clkbuf_8)
   0.43    8.59 ^ _09660_/ZN (gf180mcu_fd_sc_mcu9t5v0__aoi21_2)
   0.28    8.87 v _09662_/ZN (gf180mcu_fd_sc_mcu9t5v0__oai21_2)
   0.59    9.46 ^ _09673_/ZN (gf180mcu_fd_sc_mcu9t5v0__nand4_2)
   0.30    9.76 v _09690_/ZN (gf180mcu_fd_sc_mcu9t5v0__oai31_4)
   0.87   10.63 ^ _09720_/ZN (gf180mcu_fd_sc_mcu9t5v0__aoi211_4)
   0.41   11.04 ^ place469/Z (gf180mcu_fd_sc_mcu9t5v0__buf_8)
   0.25   11.29 v _09756_/ZN (gf180mcu_fd_sc_mcu9t5v0__nor3_4)
   0.47   11.77 v place460/Z (gf180mcu_fd_sc_mcu9t5v0__buf_8)
   0.35   12.12 ^ _18394_/ZN (gf180mcu_fd_sc_mcu9t5v0__nand3_1)
   0.22   12.33 v _18396_/ZN (gf180mcu_fd_sc_mcu9t5v0__nand2_1)
   0.42   12.75 ^ _18397_/ZN (gf180mcu_fd_sc_mcu9t5v0__oai211_1)
   0.25   13.00 v _18398_/ZN (gf180mcu_fd_sc_mcu9t5v0__nand2_1)
   0.78   13.78 ^ _18437_/ZN (gf180mcu_fd_sc_mcu9t5v0__aoi221_1)
   0.61   14.39 v _18438_/ZN (gf180mcu_fd_sc_mcu9t5v0__clkinv_1)
   0.54   14.93 v place311/Z (gf180mcu_fd_sc_mcu9t5v0__buf_8)
   0.00   14.93 v u_transform_scheduler_core.u_fft_scratch_sram.u_lo.u_sram/A[7] (gf180mcu_fd_ip_sram__sram256x8m8wm1)
          14.93   data arrival time

  16.28   16.28   clock core_clk (rise edge)
   0.00   16.28   clock source latency
   0.00   16.28 ^ clk (in)
   0.28   16.55 ^ delaybuf_0_core_clk/Z (gf180mcu_fd_sc_mcu9t5v0__clkbuf_16)
   0.31   16.86 ^ delaybuf_1_core_clk/Z (gf180mcu_fd_sc_mcu9t5v0__clkbuf_16)
   0.30   17.16 ^ delaybuf_2_core_clk/Z (gf180mcu_fd_sc_mcu9t5v0__clkbuf_16)
   0.30   17.47 ^ delaybuf_3_core_clk/Z (gf180mcu_fd_sc_mcu9t5v0__clkbuf_16)
   0.34   17.81 ^ clkbuf_0_clk/Z (gf180mcu_fd_sc_mcu9t5v0__clkbuf_16)
   0.50   18.31 ^ clkbuf_1_0__f_clk/Z (gf180mcu_fd_sc_mcu9t5v0__clkbuf_16)
   0.00   18.31 ^ u_transform_scheduler_core.u_fft_scratch_sram.u_lo.u_sram/CLK (gf180mcu_fd_ip_sram__sram256x8m8wm1)
   0.00   18.31   clock reconvergence pessimism
  -1.07   17.24   library setup time
          17.24   data required time
---------------------------------------------------------
          17.24   data required time
         -14.93   data arrival time
---------------------------------------------------------
           2.31   slack (MET)


Startpoint: _20048_ (rising edge-triggered flip-flop clocked by core_clk)
Endpoint: u_transform_scheduler_core.u_fft_scratch_sram.u_hi.u_sram
          (rising edge-triggered flip-flop clocked by core_clk)
Path Group: core_clk
Path Type: max

  Delay    Time   Description
---------------------------------------------------------
   0.00    0.00   clock core_clk (rise edge)
   0.00    0.00   clock source latency
   0.00    0.00 ^ clk (in)
   0.28    0.28 ^ clkbuf_regs_0_core_clk/Z (gf180mcu_fd_sc_mcu9t5v0__clkbuf_16)
   0.34    0.61 ^ clkbuf_0_clk_regs/Z (gf180mcu_fd_sc_mcu9t5v0__clkbuf_16)
   0.41    1.02 ^ clkbuf_2_1_0_clk_regs/Z (gf180mcu_fd_sc_mcu9t5v0__clkbuf_8)
   0.49    1.52 ^ clkbuf_3_3__f_clk_regs/Z (gf180mcu_fd_sc_mcu9t5v0__clkbuf_16)
   0.50    2.01 ^ clkbuf_leaf_18_clk_regs/Z (gf180mcu_fd_sc_mcu9t5v0__clkbuf_8)
   0.00    2.01 ^ _20048_/CLK (gf180mcu_fd_sc_mcu9t5v0__dffrnq_2)
   1.21    3.23 v _20048_/Q (gf180mcu_fd_sc_mcu9t5v0__dffrnq_2)
   0.66    3.89 v _09607_/ZN (gf180mcu_fd_sc_mcu9t5v0__xnor2_1)
   0.56    4.45 v _09608_/Z (gf180mcu_fd_sc_mcu9t5v0__and2_2)
   0.45    4.90 ^ _09615_/ZN (gf180mcu_fd_sc_mcu9t5v0__oai31_4)
   0.83    5.73 v _09616_/Z (gf180mcu_fd_sc_mcu9t5v0__mux2_2)
   0.77    6.50 ^ _09617_/ZN (gf180mcu_fd_sc_mcu9t5v0__oai31_4)
   0.29    6.79 v _09638_/ZN (gf180mcu_fd_sc_mcu9t5v0__aoi211_4)
   0.53    7.32 ^ _09677_/ZN (gf180mcu_fd_sc_mcu9t5v0__nand3_2)
   0.26    7.58 v _09679_/ZN (gf180mcu_fd_sc_mcu9t5v0__aoi21_2)
   0.48    8.06 v place488/Z (gf180mcu_fd_sc_mcu9t5v0__clkbuf_8)
   0.64    8.70 ^ _09685_/ZN (gf180mcu_fd_sc_mcu9t5v0__oai31_4)
   0.24    8.93 v _09688_/ZN (gf180mcu_fd_sc_mcu9t5v0__aoi21_2)
   0.71    9.64 v _09689_/Z (gf180mcu_fd_sc_mcu9t5v0__or2_2)
   0.68   10.32 ^ _09690_/ZN (gf180mcu_fd_sc_mcu9t5v0__oai31_4)
   0.47   10.79 v _09720_/ZN (gf180mcu_fd_sc_mcu9t5v0__aoi211_4)
   0.51   11.30 v place469/Z (gf180mcu_fd_sc_mcu9t5v0__buf_8)
   0.55   11.85 ^ _09756_/ZN (gf180mcu_fd_sc_mcu9t5v0__nor3_4)
   0.50   12.35 ^ place460/Z (gf180mcu_fd_sc_mcu9t5v0__buf_8)
   0.38   12.72 v _10002_/ZN (gf180mcu_fd_sc_mcu9t5v0__aoi221_1)
   0.78   13.50 ^ _10005_/ZN (gf180mcu_fd_sc_mcu9t5v0__oai31_1)
   0.39   13.90 v _10006_/ZN (gf180mcu_fd_sc_mcu9t5v0__aoi22_1)
   0.75   14.65 ^ _10007_/ZN (gf180mcu_fd_sc_mcu9t5v0__oai21_1)
   0.45   15.10 ^ place373/Z (gf180mcu_fd_sc_mcu9t5v0__buf_8)
   0.00   15.10 ^ u_transform_scheduler_core.u_fft_scratch_sram.u_hi.u_sram/A[1] (gf180mcu_fd_ip_sram__sram256x8m8wm1)
          15.10   data arrival time

  16.28   16.28   clock core_clk (rise edge)
   0.00   16.28   clock source latency
   0.00   16.28 ^ clk (in)
   0.28   16.55 ^ delaybuf_0_core_clk/Z (gf180mcu_fd_sc_mcu9t5v0__clkbuf_16)
   0.31   16.86 ^ delaybuf_1_core_clk/Z (gf180mcu_fd_sc_mcu9t5v0__clkbuf_16)
   0.30   17.16 ^ delaybuf_2_core_clk/Z (gf180mcu_fd_sc_mcu9t5v0__clkbuf_16)
   0.30   17.47 ^ delaybuf_3_core_clk/Z (gf180mcu_fd_sc_mcu9t5v0__clkbuf_16)
   0.34   17.81 ^ clkbuf_0_clk/Z (gf180mcu_fd_sc_mcu9t5v0__clkbuf_16)
   0.50   18.31 ^ clkbuf_1_1__f_clk/Z (gf180mcu_fd_sc_mcu9t5v0__clkbuf_16)
   0.00   18.31 ^ u_transform_scheduler_core.u_fft_scratch_sram.u_hi.u_sram/CLK (gf180mcu_fd_ip_sram__sram256x8m8wm1)
   0.00   18.31   clock reconvergence pessimism
  -0.81   17.50   library setup time
          17.50   data required time
---------------------------------------------------------
          17.50   data required time
         -15.10   data arrival time
---------------------------------------------------------
           2.40   slack (MET)


Startpoint: _20048_ (rising edge-triggered flip-flop clocked by core_clk)
Endpoint: u_transform_scheduler_core.u_fft_scratch_sram.u_lo.u_sram
          (rising edge-triggered flip-flop clocked by core_clk)
Path Group: core_clk
Path Type: max

  Delay    Time   Description
---------------------------------------------------------
   0.00    0.00   clock core_clk (rise edge)
   0.00    0.00   clock source latency
   0.00    0.00 ^ clk (in)
   0.28    0.28 ^ clkbuf_regs_0_core_clk/Z (gf180mcu_fd_sc_mcu9t5v0__clkbuf_16)
   0.34    0.61 ^ clkbuf_0_clk_regs/Z (gf180mcu_fd_sc_mcu9t5v0__clkbuf_16)
   0.41    1.02 ^ clkbuf_2_1_0_clk_regs/Z (gf180mcu_fd_sc_mcu9t5v0__clkbuf_8)
   0.49    1.52 ^ clkbuf_3_3__f_clk_regs/Z (gf180mcu_fd_sc_mcu9t5v0__clkbuf_16)
   0.50    2.01 ^ clkbuf_leaf_18_clk_regs/Z (gf180mcu_fd_sc_mcu9t5v0__clkbuf_8)
   0.00    2.01 ^ _20048_/CLK (gf180mcu_fd_sc_mcu9t5v0__dffrnq_2)
   1.21    3.23 v _20048_/Q (gf180mcu_fd_sc_mcu9t5v0__dffrnq_2)
   0.66    3.89 v _09607_/ZN (gf180mcu_fd_sc_mcu9t5v0__xnor2_1)
   0.56    4.45 v _09608_/Z (gf180mcu_fd_sc_mcu9t5v0__and2_2)
   0.45    4.90 ^ _09615_/ZN (gf180mcu_fd_sc_mcu9t5v0__oai31_4)
   0.83    5.73 v _09616_/Z (gf180mcu_fd_sc_mcu9t5v0__mux2_2)
   0.77    6.50 ^ _09617_/ZN (gf180mcu_fd_sc_mcu9t5v0__oai31_4)
   0.29    6.79 v _09638_/ZN (gf180mcu_fd_sc_mcu9t5v0__aoi211_4)
   0.53    7.32 ^ _09677_/ZN (gf180mcu_fd_sc_mcu9t5v0__nand3_2)
   0.26    7.58 v _09679_/ZN (gf180mcu_fd_sc_mcu9t5v0__aoi21_2)
   0.48    8.06 v place488/Z (gf180mcu_fd_sc_mcu9t5v0__clkbuf_8)
   0.64    8.70 ^ _09685_/ZN (gf180mcu_fd_sc_mcu9t5v0__oai31_4)
   0.24    8.93 v _09688_/ZN (gf180mcu_fd_sc_mcu9t5v0__aoi21_2)
   0.71    9.64 v _09689_/Z (gf180mcu_fd_sc_mcu9t5v0__or2_2)
   0.68   10.32 ^ _09690_/ZN (gf180mcu_fd_sc_mcu9t5v0__oai31_4)
   0.47   10.79 v _09720_/ZN (gf180mcu_fd_sc_mcu9t5v0__aoi211_4)
   0.51   11.30 v place469/Z (gf180mcu_fd_sc_mcu9t5v0__buf_8)
   0.55   11.85 ^ _09756_/ZN (gf180mcu_fd_sc_mcu9t5v0__nor3_4)
   0.50   12.35 ^ place460/Z (gf180mcu_fd_sc_mcu9t5v0__buf_8)
   0.38   12.72 v _10002_/ZN (gf180mcu_fd_sc_mcu9t5v0__aoi221_1)
   0.78   13.50 ^ _10005_/ZN (gf180mcu_fd_sc_mcu9t5v0__oai31_1)
   0.39   13.90 v _10006_/ZN (gf180mcu_fd_sc_mcu9t5v0__aoi22_1)
   0.75   14.65 ^ _10007_/ZN (gf180mcu_fd_sc_mcu9t5v0__oai21_1)
   0.45   15.10 ^ place373/Z (gf180mcu_fd_sc_mcu9t5v0__buf_8)
   0.00   15.10 ^ u_transform_scheduler_core.u_fft_scratch_sram.u_lo.u_sram/A[1] (gf180mcu_fd_ip_sram__sram256x8m8wm1)
          15.10   data arrival time

  16.28   16.28   clock core_clk (rise edge)
   0.00   16.28   clock source latency
   0.00   16.28 ^ clk (in)
   0.28   16.55 ^ delaybuf_0_core_clk/Z (gf180mcu_fd_sc_mcu9t5v0__clkbuf_16)
   0.31   16.86 ^ delaybuf_1_core_clk/Z (gf180mcu_fd_sc_mcu9t5v0__clkbuf_16)
   0.30   17.16 ^ delaybuf_2_core_clk/Z (gf180mcu_fd_sc_mcu9t5v0__clkbuf_16)
   0.30   17.47 ^ delaybuf_3_core_clk/Z (gf180mcu_fd_sc_mcu9t5v0__clkbuf_16)
   0.34   17.81 ^ clkbuf_0_clk/Z (gf180mcu_fd_sc_mcu9t5v0__clkbuf_16)
   0.50   18.31 ^ clkbuf_1_0__f_clk/Z (gf180mcu_fd_sc_mcu9t5v0__clkbuf_16)
   0.00   18.31 ^ u_transform_scheduler_core.u_fft_scratch_sram.u_lo.u_sram/CLK (gf180mcu_fd_ip_sram__sram256x8m8wm1)
   0.00   18.31   clock reconvergence pessimism
  -0.81   17.50   library setup time
          17.50   data required time
---------------------------------------------------------
          17.50   data required time
         -15.10   data arrival time
---------------------------------------------------------
           2.40   slack (MET)


Startpoint: din[6] (input port clocked by core_clk)
Endpoint: u_transform_scheduler_core.u_fft_scratch_sram.u_hi.u_sram
          (rising edge-triggered flip-flop clocked by core_clk)
Path Group: core_clk
Path Type: max

  Delay    Time   Description
---------------------------------------------------------
   0.00    0.00   clock core_clk (rise edge)
   0.00    0.00   clock network delay (propagated)
   0.00    0.00 v input external delay
   0.00    0.00 v din[6] (in)
   2.92    2.92 v hold710/Z (gf180mcu_fd_sc_mcu9t5v0__dlyc_1)
   0.60    3.52 v _09545_/Z (gf180mcu_fd_sc_mcu9t5v0__and2_1)
   0.40    3.92 ^ _09562_/ZN (gf180mcu_fd_sc_mcu9t5v0__nand2_1)
   0.56    4.48 v _09567_/ZN (gf180mcu_fd_sc_mcu9t5v0__nor3_1)
   0.47    4.95 v place569/Z (gf180mcu_fd_sc_mcu9t5v0__buf_8)
   0.31    5.26 ^ _09568_/ZN (gf180mcu_fd_sc_mcu9t5v0__nand2_1)
   0.19    5.45 v _09569_/ZN (gf180mcu_fd_sc_mcu9t5v0__nand2_1)
   0.50    5.95 ^ _09570_/ZN (gf180mcu_fd_sc_mcu9t5v0__oai211_1)
   0.34    6.29 v _09571_/ZN (gf180mcu_fd_sc_mcu9t5v0__nand2_1)
   0.32    6.62 ^ _09572_/ZN (gf180mcu_fd_sc_mcu9t5v0__clkinv_1)
   0.29    6.91 v _09573_/ZN (gf180mcu_fd_sc_mcu9t5v0__nor2_1)
   1.39    8.29 ^ _09574_/ZN (gf180mcu_fd_sc_mcu9t5v0__oai21_1)
   0.43    8.72 ^ place481/Z (gf180mcu_fd_sc_mcu9t5v0__buf_8)
   0.22    8.94 v _09811_/ZN (gf180mcu_fd_sc_mcu9t5v0__oai211_1)
   0.76    9.70 v _09812_/Z (gf180mcu_fd_sc_mcu9t5v0__and2_1)
   0.23    9.94 ^ _09813_/ZN (gf180mcu_fd_sc_mcu9t5v0__clkinv_1)
   0.57   10.51 v _09814_/ZN (gf180mcu_fd_sc_mcu9t5v0__nand2_1)
   1.96   12.47 ^ _09833_/ZN (gf180mcu_fd_sc_mcu9t5v0__nor3_1)
   0.36   12.83 v _10012_/ZN (gf180mcu_fd_sc_mcu9t5v0__clkinv_1)
   0.71   13.54 ^ _10013_/ZN (gf180mcu_fd_sc_mcu9t5v0__oai21_1)
   0.45   13.99 ^ place372/Z (gf180mcu_fd_sc_mcu9t5v0__buf_8)
   0.00   13.99 ^ u_transform_scheduler_core.u_fft_scratch_sram.u_hi.u_sram/A[0] (gf180mcu_fd_ip_sram__sram256x8m8wm1)
          13.99   data arrival time

  16.28   16.28   clock core_clk (rise edge)
   0.00   16.28   clock source latency
   0.00   16.28 ^ clk (in)
   0.28   16.55 ^ delaybuf_0_core_clk/Z (gf180mcu_fd_sc_mcu9t5v0__clkbuf_16)
   0.31   16.86 ^ delaybuf_1_core_clk/Z (gf180mcu_fd_sc_mcu9t5v0__clkbuf_16)
   0.30   17.16 ^ delaybuf_2_core_clk/Z (gf180mcu_fd_sc_mcu9t5v0__clkbuf_16)
   0.30   17.47 ^ delaybuf_3_core_clk/Z (gf180mcu_fd_sc_mcu9t5v0__clkbuf_16)
   0.34   17.81 ^ clkbuf_0_clk/Z (gf180mcu_fd_sc_mcu9t5v0__clkbuf_16)
   0.50   18.31 ^ clkbuf_1_1__f_clk/Z (gf180mcu_fd_sc_mcu9t5v0__clkbuf_16)
   0.00   18.31 ^ u_transform_scheduler_core.u_fft_scratch_sram.u_hi.u_sram/CLK (gf180mcu_fd_ip_sram__sram256x8m8wm1)
   0.00   18.31   clock reconvergence pessimism
  -0.81   17.50   library setup time
          17.50   data required time
---------------------------------------------------------
          17.50   data required time
         -13.99   data arrival time
---------------------------------------------------------
           3.51   slack (MET)


Startpoint: din[6] (input port clocked by core_clk)
Endpoint: u_transform_scheduler_core.u_fft_scratch_sram.u_lo.u_sram
          (rising edge-triggered flip-flop clocked by core_clk)
Path Group: core_clk
Path Type: max

  Delay    Time   Description
---------------------------------------------------------
   0.00    0.00   clock core_clk (rise edge)
   0.00    0.00   clock network delay (propagated)
   0.00    0.00 v input external delay
   0.00    0.00 v din[6] (in)
   2.92    2.92 v hold710/Z (gf180mcu_fd_sc_mcu9t5v0__dlyc_1)
   0.60    3.52 v _09545_/Z (gf180mcu_fd_sc_mcu9t5v0__and2_1)
   0.40    3.92 ^ _09562_/ZN (gf180mcu_fd_sc_mcu9t5v0__nand2_1)
   0.56    4.48 v _09567_/ZN (gf180mcu_fd_sc_mcu9t5v0__nor3_1)
   0.47    4.95 v place569/Z (gf180mcu_fd_sc_mcu9t5v0__buf_8)
   0.31    5.26 ^ _09568_/ZN (gf180mcu_fd_sc_mcu9t5v0__nand2_1)
   0.19    5.45 v _09569_/ZN (gf180mcu_fd_sc_mcu9t5v0__nand2_1)
   0.50    5.95 ^ _09570_/ZN (gf180mcu_fd_sc_mcu9t5v0__oai211_1)
   0.34    6.29 v _09571_/ZN (gf180mcu_fd_sc_mcu9t5v0__nand2_1)
   0.32    6.62 ^ _09572_/ZN (gf180mcu_fd_sc_mcu9t5v0__clkinv_1)
   0.29    6.91 v _09573_/ZN (gf180mcu_fd_sc_mcu9t5v0__nor2_1)
   1.39    8.29 ^ _09574_/ZN (gf180mcu_fd_sc_mcu9t5v0__oai21_1)
   0.43    8.72 ^ place481/Z (gf180mcu_fd_sc_mcu9t5v0__buf_8)
   0.22    8.94 v _09811_/ZN (gf180mcu_fd_sc_mcu9t5v0__oai211_1)
   0.76    9.70 v _09812_/Z (gf180mcu_fd_sc_mcu9t5v0__and2_1)
   0.23    9.94 ^ _09813_/ZN (gf180mcu_fd_sc_mcu9t5v0__clkinv_1)
   0.57   10.51 v _09814_/ZN (gf180mcu_fd_sc_mcu9t5v0__nand2_1)
   1.96   12.47 ^ _09833_/ZN (gf180mcu_fd_sc_mcu9t5v0__nor3_1)
   0.36   12.83 v _10012_/ZN (gf180mcu_fd_sc_mcu9t5v0__clkinv_1)
   0.71   13.54 ^ _10013_/ZN (gf180mcu_fd_sc_mcu9t5v0__oai21_1)
   0.45   13.99 ^ place372/Z (gf180mcu_fd_sc_mcu9t5v0__buf_8)
   0.00   13.99 ^ u_transform_scheduler_core.u_fft_scratch_sram.u_lo.u_sram/A[0] (gf180mcu_fd_ip_sram__sram256x8m8wm1)
          13.99   data arrival time

  16.28   16.28   clock core_clk (rise edge)
   0.00   16.28   clock source latency
   0.00   16.28 ^ clk (in)
   0.28   16.55 ^ delaybuf_0_core_clk/Z (gf180mcu_fd_sc_mcu9t5v0__clkbuf_16)
   0.31   16.86 ^ delaybuf_1_core_clk/Z (gf180mcu_fd_sc_mcu9t5v0__clkbuf_16)
   0.30   17.16 ^ delaybuf_2_core_clk/Z (gf180mcu_fd_sc_mcu9t5v0__clkbuf_16)
   0.30   17.47 ^ delaybuf_3_core_clk/Z (gf180mcu_fd_sc_mcu9t5v0__clkbuf_16)
   0.34   17.81 ^ clkbuf_0_clk/Z (gf180mcu_fd_sc_mcu9t5v0__clkbuf_16)
   0.50   18.31 ^ clkbuf_1_0__f_clk/Z (gf180mcu_fd_sc_mcu9t5v0__clkbuf_16)
   0.00   18.31 ^ u_transform_scheduler_core.u_fft_scratch_sram.u_lo.u_sram/CLK (gf180mcu_fd_ip_sram__sram256x8m8wm1)
   0.00   18.31   clock reconvergence pessimism
  -0.81   17.50   library setup time
          17.50   data required time
---------------------------------------------------------
          17.50   data required time
         -13.99   data arrival time
---------------------------------------------------------
           3.51   slack (MET)


