Clock: core_clk
Sources: clk 
Generated: no
Virtual: yes
Propagated: no
Period: 26.041668

===========================================================================
report_clock_properties
============================================================================
Clock                   Period          Waveform
----------------------------------------------------
core_clk             26.041668    0.000000 13.020834

===========================================================================
report_clock_latency
============================================================================
Clock core_clk
rise -> rise
    min     max
0.000000 0.000000 source latency
1.236031         network latency u_transform_scheduler_core.u_fft_scratch_sram.u_lo.u_sram/CLK
        1.571333 network latency _18338_/CLK
---------------
1.236031 1.571333 latency
        0.335302 skew

fall -> fall
    min     max
0.000000 0.000000 source latency
1.211658         network latency u_transform_scheduler_core.u_fft_scratch_sram.u_lo.u_sram/CLK
        1.588202 network latency _18338_/CLK
---------------
1.211658 1.588202 latency
        0.376544 skew



===========================================================================
report_clock_min_period
============================================================================
core_clk period_min = 20.04 fmax = 49.90
