/foss/pdks/gf180mcuD/libs.tech/klayout/tech/lvs/run_lvs.py:413: DeprecationWarning: datetime.datetime.utcnow() is deprecated and scheduled for removal in a future version. Use timezone-aware objects to represent datetimes in UTC: datetime.datetime.now(datetime.UTC).
  now_str = datetime.utcnow().strftime("lvs_run_%Y_%m_%d_%H_%M_%S")
22-Aug-2026 04:27:27 | INFO    | Your Klayout version is: KLayout 0.30.8
22-Aug-2026 04:27:27 | INFO    | Running Global Foundries 180nm MCU /foss/pdks/gf180mcuD/libs.tech/klayout/tech/lvs/gf180mcu.lvs checks on design /headless/aravindustries-repos/butterfold/butterfold_proto/physical/results/final_signoff/butterfold_top.gds on cell butterfold_top
2026-08-22 04:27:30 +0200: Memory Usage (663196K) : Starting running GF180MCU Klayout LVS runset on /headless/aravindustries-repos/butterfold/butterfold_proto/physical/results/final_signoff/butterfold_top.gds
2026-08-22 04:27:30 +0200: Memory Usage (663196K) : Ruby Version for klayout: 3.2.3
2026-08-22 04:27:30 +0200: Memory Usage (677508K) : Loading database to memory is complete.
2026-08-22 04:27:30 +0200: Memory Usage (677508K) : GF180MCU Klayout LVS runset output at: /headless/aravindustries-repos/butterfold/butterfold_proto/physical/results/final_signoff/klayout_lvs/butterfold_top.lvsdb
2026-08-22 04:27:30 +0200: Memory Usage (677508K) : Evaluate switches.
2026-08-22 04:27:30 +0200: Memory Usage (677508K) : Substrate name used: gf180mcu_gnd
2026-08-22 04:27:30 +0200: Memory Usage (677508K) : schematic translate: false
2026-08-22 04:27:30 +0200: Memory Usage (677508K) : Extracted netlist with net names: true
2026-08-22 04:27:30 +0200: Memory Usage (677508K) : Extracted netlist with comments in details: false
2026-08-22 04:27:31 +0200: Memory Usage (677508K) : LVS extracted netlist at: /headless/aravindustries-repos/butterfold/butterfold_proto/physical/results/final_signoff/klayout_lvs/butterfold_top.cir
2026-08-22 04:27:31 +0200: Memory Usage (677508K) : LVS device_scaling option: false
2026-08-22 04:27:31 +0200: Memory Usage (677508K) : Selected SIMPLIFY option: false
2026-08-22 04:27:31 +0200: Memory Usage (677508K) : Selected NET_ONLY option: false
2026-08-22 04:27:31 +0200: Memory Usage (677508K) : Selected TOP_LVL_PINS option: false
2026-08-22 04:27:31 +0200: Memory Usage (677508K) : Selected COMBINE option: false
2026-08-22 04:27:31 +0200: Memory Usage (677508K) : Selected PURGE option: false
2026-08-22 04:27:31 +0200: Memory Usage (677508K) : Selected PURGE_NETS option: false
2026-08-22 04:27:31 +0200: Memory Usage (677508K) : Selected IMPLICIT_CONNECT option: false
2026-08-22 04:27:31 +0200: Memory Usage (677508K) : Selected CONSIDER_DN_DW_FEATURES option: false
2026-08-22 04:27:31 +0200: Memory Usage (677508K) : Verbose mode: false
2026-08-22 04:27:31 +0200: Memory Usage (677508K) : deep  mode is enabled.
2026-08-22 04:27:31 +0200: Memory Usage (677508K) : METAL_TOP Selected is 11K
2026-08-22 04:27:31 +0200: Memory Usage (677508K) : METAL_STACK Selected is 5LM
2026-08-22 04:27:31 +0200: Memory Usage (677508K) : POLY_RES Selected is 1k
2026-08-22 04:27:31 +0200: Memory Usage (677508K) : MIM Option selected: B
2026-08-22 04:27:31 +0200: Memory Usage (677508K) : MIM CAP selected: 2
2026-08-22 04:27:31 +0200: Memory Usage (677508K) : Input schematic file: /headless/aravindustries-repos/butterfold/butterfold_proto/physical/results/final_signoff/butterfold_top.cdl
2026-08-22 04:27:32 +0200: Memory Usage (718988K) : Read in polygons from layers.
2026-08-22 04:27:33 +0200: Memory Usage (728288K) : comp has 126178 polygons
2026-08-22 04:27:33 +0200: Memory Usage (728288K) : dnwell has 0 polygons
2026-08-22 04:27:33 +0200: Memory Usage (728288K) : nwell has 55034 polygons
2026-08-22 04:27:33 +0200: Memory Usage (728288K) : lvpwell has 48770 polygons
2026-08-22 04:27:33 +0200: Memory Usage (728288K) : dualgate has 53400 polygons
2026-08-22 04:27:33 +0200: Memory Usage (728288K) : poly2 has 185349 polygons
2026-08-22 04:27:33 +0200: Memory Usage (728288K) : nplus has 55016 polygons
2026-08-22 04:27:34 +0200: Memory Usage (728288K) : pplus has 60526 polygons
2026-08-22 04:27:34 +0200: Memory Usage (728288K) : sab has 0 polygons
2026-08-22 04:27:34 +0200: Memory Usage (728288K) : esd has 0 polygons
2026-08-22 04:27:34 +0200: Memory Usage (728288K) : resistor has 0 polygons
2026-08-22 04:27:34 +0200: Memory Usage (728288K) : fhres has 0 polygons
2026-08-22 04:27:34 +0200: Memory Usage (728288K) : fusetop has 0 polygons
2026-08-22 04:27:34 +0200: Memory Usage (728288K) : fusewindow_d has 0 polygons
2026-08-22 04:27:34 +0200: Memory Usage (728288K) : polyfuse has 0 polygons
2026-08-22 04:27:34 +0200: Memory Usage (728288K) : mvsd has 0 polygons
2026-08-22 04:27:34 +0200: Memory Usage (728288K) : mvpsd has 0 polygons
2026-08-22 04:27:34 +0200: Memory Usage (728288K) : nat has 0 polygons
2026-08-22 04:27:34 +0200: Memory Usage (728288K) : comp_dummy has 0 polygons
2026-08-22 04:27:34 +0200: Memory Usage (728288K) : poly2_dummy has 0 polygons
2026-08-22 04:27:34 +0200: Memory Usage (728288K) : schottky_diode has 0 polygons
2026-08-22 04:27:34 +0200: Memory Usage (728288K) : zener has 0 polygons
2026-08-22 04:27:34 +0200: Memory Usage (728288K) : res_mk has 0 polygons
2026-08-22 04:27:34 +0200: Memory Usage (728288K) : opc_drc has 0 polygons
2026-08-22 04:27:34 +0200: Memory Usage (728288K) : ndmy has 0 polygons
2026-08-22 04:27:34 +0200: Memory Usage (728288K) : pmndmy has 0 polygons
2026-08-22 04:27:35 +0200: Memory Usage (728288K) : v5_xtor has 53402 polygons
2026-08-22 04:27:35 +0200: Memory Usage (728288K) : cap_mk has 0 polygons
2026-08-22 04:27:35 +0200: Memory Usage (728288K) : mos_cap_mk has 0 polygons
2026-08-22 04:27:35 +0200: Memory Usage (728288K) : ind_mk has 0 polygons
2026-08-22 04:27:35 +0200: Memory Usage (728288K) : diode_mk has 14 polygons
2026-08-22 04:27:35 +0200: Memory Usage (728288K) : drc_bjt has 0 polygons
2026-08-22 04:27:35 +0200: Memory Usage (728288K) : lvs_bjt has 0 polygons
2026-08-22 04:27:35 +0200: Memory Usage (728288K) : mim_l_mk has 0 polygons
2026-08-22 04:27:35 +0200: Memory Usage (728288K) : latchup_mk has 0 polygons
2026-08-22 04:27:35 +0200: Memory Usage (728288K) : guard_ring_mk has 0 polygons
2026-08-22 04:27:35 +0200: Memory Usage (728288K) : otp_mk has 0 polygons
2026-08-22 04:27:35 +0200: Memory Usage (728288K) : mtpmark has 0 polygons
2026-08-22 04:27:35 +0200: Memory Usage (728288K) : neo_ee_mk has 0 polygons
2026-08-22 04:27:35 +0200: Memory Usage (728288K) : sramcore has 5300 polygons
2026-08-22 04:27:35 +0200: Memory Usage (728288K) : lvs_rf has 0 polygons
2026-08-22 04:27:35 +0200: Memory Usage (728288K) : lvs_drain has 0 polygons
2026-08-22 04:27:36 +0200: Memory Usage (728288K) : ind_mk has 0 polygons
2026-08-22 04:27:36 +0200: Memory Usage (728288K) : hvpolyrs has 0 polygons
2026-08-22 04:27:36 +0200: Memory Usage (728288K) : lvs_io has 0 polygons
2026-08-22 04:27:36 +0200: Memory Usage (728288K) : probe_mk has 0 polygons
2026-08-22 04:27:36 +0200: Memory Usage (728288K) : esd_mk has 0 polygons
2026-08-22 04:27:36 +0200: Memory Usage (728288K) : lvs_source has 0 polygons
2026-08-22 04:27:36 +0200: Memory Usage (728288K) : well_diode_mk has 0 polygons
2026-08-22 04:27:36 +0200: Memory Usage (728288K) : ldmos_xtor has 0 polygons
2026-08-22 04:27:36 +0200: Memory Usage (728288K) : plfuse has 0 polygons
2026-08-22 04:27:36 +0200: Memory Usage (728288K) : efuse_mk has 0 polygons
2026-08-22 04:27:36 +0200: Memory Usage (728288K) : mcell_feol_mk has 0 polygons
2026-08-22 04:27:36 +0200: Memory Usage (728288K) : ymtp_mk has 0 polygons
2026-08-22 04:27:36 +0200: Memory Usage (728288K) : dev_wf_mk has 0 polygons
Warning: Comp labels are ignored, as comp is not defined as a valid conductive layer
2026-08-22 04:27:36 +0200: Memory Usage (728288K) : comp_label has 0 polygons
2026-08-22 04:27:36 +0200: Memory Usage (728288K) : poly2_label has 0 polygons
2026-08-22 04:27:36 +0200: Memory Usage (728288K) : mdiode has 0 polygons
2026-08-22 04:27:36 +0200: Memory Usage (728288K) : contact has 826008 polygons
2026-08-22 04:27:36 +0200: Memory Usage (728288K) : metal1_drawn has 415983 polygons
2026-08-22 04:27:37 +0200: Memory Usage (728288K) : metal1_dummy has 0 polygons
2026-08-22 04:27:37 +0200: Memory Usage (728288K) : metal1_label has 130717 polygons
2026-08-22 04:27:37 +0200: Memory Usage (728288K) : metal1_slot has 0 polygons
2026-08-22 04:27:37 +0200: Memory Usage (728288K) : metal1_blk has 0 polygons
2026-08-22 04:27:37 +0200: Memory Usage (728288K) : metal1_res has 0 polygons
2026-08-22 04:27:37 +0200: Memory Usage (728288K) : via1 has 102165 polygons
2026-08-22 04:27:37 +0200: Memory Usage (728288K) : metal2_drawn has 197707 polygons
2026-08-22 04:27:37 +0200: Memory Usage (728288K) : metal2_dummy has 0 polygons
2026-08-22 04:27:37 +0200: Memory Usage (730424K) : metal2_label has 1737 polygons
2026-08-22 04:27:37 +0200: Memory Usage (730424K) : metal2_slot has 0 polygons
2026-08-22 04:27:38 +0200: Memory Usage (730424K) : metal2_blk has 0 polygons
2026-08-22 04:27:38 +0200: Memory Usage (730424K) : metal2_res has 0 polygons
2026-08-22 04:27:38 +0200: Memory Usage (730424K) : via2 has 88112 polygons
2026-08-22 04:27:38 +0200: Memory Usage (730424K) : metal3_drawn has 98688 polygons
2026-08-22 04:27:38 +0200: Memory Usage (730424K) : metal3_dummy has 0 polygons
2026-08-22 04:27:38 +0200: Memory Usage (730424K) : metal3_label has 3716 polygons
2026-08-22 04:27:38 +0200: Memory Usage (730424K) : metal3_slot has 0 polygons
2026-08-22 04:27:38 +0200: Memory Usage (730424K) : metal3_blk has 0 polygons
2026-08-22 04:27:38 +0200: Memory Usage (730424K) : metal3_res has 0 polygons
2026-08-22 04:27:38 +0200: Memory Usage (730424K) : via3 has 7115 polygons
2026-08-22 04:27:39 +0200: Memory Usage (730424K) : metal4_drawn has 5333 polygons
2026-08-22 04:27:39 +0200: Memory Usage (730424K) : metal4_dummy has 0 polygons
2026-08-22 04:27:39 +0200: Memory Usage (730424K) : metal4_label has 2 polygons
2026-08-22 04:27:39 +0200: Memory Usage (730424K) : metal4_slot has 0 polygons
2026-08-22 04:27:39 +0200: Memory Usage (730424K) : metal4_blk has 0 polygons
2026-08-22 04:27:39 +0200: Memory Usage (730424K) : metal4_res has 0 polygons
2026-08-22 04:27:39 +0200: Memory Usage (730424K) : via4 has 1629 polygons
2026-08-22 04:27:39 +0200: Memory Usage (730424K) : metal5_drawn has 923 polygons
2026-08-22 04:27:39 +0200: Memory Usage (730424K) : metal5_dummy has 0 polygons
2026-08-22 04:27:39 +0200: Memory Usage (730424K) : metal5_label has 2 polygons
2026-08-22 04:27:39 +0200: Memory Usage (730424K) : metal5_slot has 0 polygons
2026-08-22 04:27:39 +0200: Memory Usage (730424K) : metal5_blk has 0 polygons
2026-08-22 04:27:40 +0200: Memory Usage (730424K) : metal5_res has 0 polygons
2026-08-22 04:27:40 +0200: Memory Usage (730424K) : pad has 0 polygons
2026-08-22 04:27:40 +0200: Memory Usage (730424K) : ubmpperi has 0 polygons
2026-08-22 04:27:40 +0200: Memory Usage (730424K) : ubmparray has 0 polygons
2026-08-22 04:27:40 +0200: Memory Usage (730424K) : ubmeplate has 0 polygons
2026-08-22 04:27:40 +0200: Memory Usage (730424K) : pr_bndry has 54083 polygons
2026-08-22 04:27:40 +0200: Memory Usage (730424K) : border has 0 polygons
2026-08-22 04:27:40 +0200: Memory Usage (730424K) : isosub has 0 polygons
2026-08-22 04:27:40 +0200: Memory Usage (730424K) : Total no. of polygons in the design is 2576909
2026-08-22 04:27:40 +0200: Memory Usage (730424K) : Starting GF180MCU LVS runset
2026-08-22 04:27:40 +0200: Memory Usage (730424K) : Starting base layers derivations
2026-08-22 04:41:41 +0200: Memory Usage (891540K) : Starting MOSFET DERIVATIONS
2026-08-22 04:41:52 +0200: Memory Usage (891540K) : Starting PMOS layers DERIVATIONS
2026-08-22 04:43:12 +0200: Memory Usage (891540K) : Starting NMOS layers DERIVATIONS
2026-08-22 05:15:01 +0200: Memory Usage (891540K) : Starting BJT DERIVATIONS
2026-08-22 05:15:02 +0200: Memory Usage (891540K) : Starting vnpn layers DERIVATIONS
2026-08-22 05:17:35 +0200: Memory Usage (903452K) : Starting vpnp layers DERIVATIONS
2026-08-22 05:19:43 +0200: Memory Usage (904220K) : Starting DIODE DERIVATIONS
2026-08-22 05:32:51 +0200: Memory Usage (927300K) : Starting RESISTOR DERIVATIONS
2026-08-22 05:59:54 +0200: Memory Usage (932864K) : Starting MIMCAP DERIVATIONS
2026-08-22 06:00:00 +0200: Memory Usage (932864K) : Starting MOSCAP DERIVATIONS
2026-08-22 06:00:45 +0200: Memory Usage (932864K) : Starting MOS SAB DERIVATIONS
2026-08-22 06:01:07 +0200: Memory Usage (932864K) : Starting PMOS SAB DERIVATIONS
2026-08-22 06:01:25 +0200: Memory Usage (932864K) : Starting NMOS SAB DERIVATIONS
2026-08-22 06:01:46 +0200: Memory Usage (932864K) : Starting NMOS EFUSE DERIVATIONS
2026-08-22 06:01:52 +0200: Memory Usage (932864K) : Starting GF180 LVS connectivity setup
2026-08-22 06:01:52 +0200: Memory Usage (932864K) : Starting GF180 LVS connectivity setup (Inter-layer)
2026-08-22 06:01:53 +0200: Memory Usage (932864K) : Starting GF180 LVS connectivity setup (Global)
2026-08-22 06:01:53 +0200: Memory Usage (932864K) : Starting LVS MOSFET CONNECTIONS
2026-08-22 06:01:53 +0200: Memory Usage (932864K) : Starting LVS BJT CONNECTIONS
2026-08-22 06:01:54 +0200: Memory Usage (932864K) : Starting LVS DIODE CONNECTIONS
2026-08-22 06:01:54 +0200: Memory Usage (932864K) : Starting LVS MIMCAP CONNECTIONS
2026-08-22 06:01:55 +0200: Memory Usage (932864K) : Starting LVS RESISTOR CONNECTIONS
2026-08-22 06:01:55 +0200: Memory Usage (932864K) : Starting LVS EFUSE CONNECTIONS
2026-08-22 06:01:55 +0200: Memory Usage (932864K) : Starting GF180 LVS DEVICES EXTRACTION
2026-08-22 06:01:56 +0200: Memory Usage (932864K) : Starting MOSFET EXTRACTION
2026-08-22 06:01:56 +0200: Memory Usage (932864K) : Starting PMOS EXTRACTION
2026-08-22 06:01:57 +0200: Memory Usage (932864K) : Extracting 3.3V PMOS transistor outside DNWEL
2026-08-22 06:02:06 +0200: Memory Usage (932864K) : Extracting 5V PMOS transistor outside DNWELL
2026-08-22 06:02:21 +0200: Memory Usage (932864K) : Extracting 6V PMOS transistor outside DNWELL
2026-08-22 06:02:35 +0200: Memory Usage (932864K) : Extracting 3.3V PMOS transistor inside DNWELL as regular 3.3V PMOS transistor
2026-08-22 06:02:36 +0200: Memory Usage (932864K) : Extracting 5V PMOS transistor inside DNWELL as regular 5V PMOS transistor
2026-08-22 06:02:38 +0200: Memory Usage (932864K) : Extracting 6V PMOS transistor inside DNWELL as regular, no dw device
2026-08-22 06:02:39 +0200: Memory Usage (932864K) : Extracting LDPMOS transistor
2026-08-22 06:02:41 +0200: Memory Usage (932864K) : Starting NMOS EXTRACTION
2026-08-22 06:02:41 +0200: Memory Usage (932864K) : 3.3V NMOS transistor outside DNWELL
2026-08-22 06:02:45 +0200: Memory Usage (932864K) : 5V NMOS transistor outside DNWELL
2026-08-22 06:02:58 +0200: Memory Usage (932864K) : 6V NMOS transistor outside DNWELL
2026-08-22 06:03:20 +0200: Memory Usage (940328K) : 3.3V NMOS transistor inside DNWELL as regular, non dw device
2026-08-22 06:03:41 +0200: Memory Usage (940328K) : 5V NMOS transistor inside DNWELL as regular, non dw device
2026-08-22 06:04:00 +0200: Memory Usage (940328K) : 6V NMOS transistor inside DNWELL, as regular, non dw device
2026-08-22 06:04:16 +0200: Memory Usage (940328K) : Native Vt NMOS transistor
2026-08-22 06:04:36 +0200: Memory Usage (940328K) : Extracting LDNMOS transistor
2026-08-22 06:04:38 +0200: Memory Usage (940328K) : Starting BJT EXTRACTION
2026-08-22 06:04:38 +0200: Memory Usage (940328K) : Starting vnpn BJT EXTRACTION
2026-08-22 06:04:38 +0200: Memory Usage (940328K) : Extracting npn_10p00x10p00 BJT
2026-08-22 06:04:44 +0200: Memory Usage (940328K) : Extracting npn_05p00x05p00 BJT
2026-08-22 06:04:49 +0200: Memory Usage (940328K) : Extracting npn_00p54x16p00 BJT
2026-08-22 06:04:54 +0200: Memory Usage (940328K) : Extracting npn_00p54x08p00 BJT
2026-08-22 06:04:58 +0200: Memory Usage (940328K) : Extracting npn_00p54x04p00 BJT
2026-08-22 06:05:02 +0200: Memory Usage (940328K) : Extracting npn_00p54x02p00 BJT
2026-08-22 06:05:04 +0200: Memory Usage (940328K) : Starting vpnp BJT EXTRACTION
2026-08-22 06:05:04 +0200: Memory Usage (940328K) : Extracting pnp_10p00x10p00 BJT
2026-08-22 06:05:06 +0200: Memory Usage (940328K) : Extracting pnp_05p00x05p00 BJT
2026-08-22 06:05:09 +0200: Memory Usage (940328K) : Extracting pnp_10p00x00p42 BJT
2026-08-22 06:05:11 +0200: Memory Usage (940328K) : Extracting pnp_05p00x00p42 BJT
2026-08-22 06:05:14 +0200: Memory Usage (940328K) : Starting DIODE EXTRACTION
2026-08-22 06:05:14 +0200: Memory Usage (940328K) : Extracting diode_nd2ps_03v3 diode
2026-08-22 06:05:31 +0200: Memory Usage (958680K) : Extracting diode_nd2ps_03v3_dn diode as diode_nd2ps_03v3
2026-08-22 06:05:45 +0200: Memory Usage (960968K) : Extracting diode_nd2ps_06v0 diode
2026-08-22 06:06:02 +0200: Memory Usage (960968K) : Extracting diode_nd2ps_06v0_dn diode as diode_nd2ps_06v0
2026-08-22 06:06:20 +0200: Memory Usage (965236K) : Extracting diode_pd2nw_03v3 diode
2026-08-22 06:06:21 +0200: Memory Usage (965236K) : Extracting diode_pd2nw_03v3_dn diode as diode_pd2nw_03v3
2026-08-22 06:06:23 +0200: Memory Usage (965236K) : Extracting diode_pd2nw_06v0 diode
2026-08-22 06:06:38 +0200: Memory Usage (965236K) : Extracting diode_pd2nw_06v0_dn diode as diode_pd2nw_06v0
2026-08-22 06:06:41 +0200: Memory Usage (965236K) : Extracting diode_nw2ps_03v3 diode
2026-08-22 06:06:42 +0200: Memory Usage (965236K) : Extracting diode_nw2ps_06v0 diode
2026-08-22 06:06:44 +0200: Memory Usage (965236K) : Extracting diode_pw2dw_03v3 diode
2026-08-22 06:06:45 +0200: Memory Usage (965236K) : Extracting diode_pw2dw_06v0 diode
2026-08-22 06:06:47 +0200: Memory Usage (965236K) : Extracting diode_dw2ps_03v3 diode
2026-08-22 06:06:49 +0200: Memory Usage (965236K) : Extracting diode_dw2ps_06v0 diode
2026-08-22 06:06:50 +0200: Memory Usage (965236K) : Extracting sc_diode diode
2026-08-22 06:06:52 +0200: Memory Usage (965236K) : Starting RESISTOR EXTRACTION
2026-08-22 06:06:52 +0200: Memory Usage (965236K) : Extracting NPLUS_U device
2026-08-22 06:06:54 +0200: Memory Usage (965236K) : Extracting NPLUS_U_DW device as NPLUS_U
2026-08-22 06:06:55 +0200: Memory Usage (965236K) : Extracting PPLUS_U device
2026-08-22 06:06:54 +0200: Memory Usage (965236K) : Extracting PPLUS_U_DW device as PPLUS_U
2026-08-22 06:06:56 +0200: Memory Usage (965236K) : Extracting NPLUS_S device
2026-08-22 06:06:57 +0200: Memory Usage (965236K) : Extracting NPLUS_S_DW device NPLUS_S
2026-08-22 06:06:59 +0200: Memory Usage (965236K) : Extracting PPLUS_S device
2026-08-22 06:07:01 +0200: Memory Usage (965236K) : Extracting PPLUS_S_DW device as PPLUS_S
2026-08-22 06:07:02 +0200: Memory Usage (965236K) : Extracting NWELL device
2026-08-22 06:07:05 +0200: Memory Usage (965236K) : Extracting PWELL device
2026-08-22 06:07:09 +0200: Memory Usage (965236K) : Extracting NPOLYF_U SUB device
2026-08-22 06:07:15 +0200: Memory Usage (965236K) : Extracting NPOLYF_U LVPWELL device
2026-08-22 06:07:19 +0200: Memory Usage (965236K) : Extracting NPOLYF_U_DW device NPOLYF_U
2026-08-22 06:07:22 +0200: Memory Usage (965236K) : Extracting PPOLYF_U SUB device
2026-08-22 06:07:26 +0200: Memory Usage (965236K) : Extracting PPOLYF_U NWELL device
2026-08-22 06:07:30 +0200: Memory Usage (965236K) : Extracting PPOLYF_U_DW device as PPOLYF_U
2026-08-22 06:07:36 +0200: Memory Usage (965236K) : Extracting NPOLYF_S SUB device
2026-08-22 06:07:41 +0200: Memory Usage (965236K) : Extracting NPOLYF_S NWELL device
2026-08-22 06:07:45 +0200: Memory Usage (965236K) : Extracting NPOLYF_S_DW device as NPOLY_S
2026-08-22 06:07:49 +0200: Memory Usage (965236K) : Extracting PPOLYF_S SUB device
2026-08-22 06:07:52 +0200: Memory Usage (965236K) : Extracting PPOLYF_S NWELL device
2026-08-22 06:07:56 +0200: Memory Usage (965236K) : Extracting PPOLYF_S_DW device as PPOLYF_S
2026-08-22 06:08:01 +0200: Memory Usage (965236K) : Extracting PPOLYF_U_1K SUB device
2026-08-22 06:08:05 +0200: Memory Usage (965236K) : Extracting PPOLYF_U_1K NWELL device
2026-08-22 06:08:09 +0200: Memory Usage (965236K) : Extracting PPOLYF_U_1K_DW device as PPOLYF_U_1K
2026-08-22 06:08:14 +0200: Memory Usage (965236K) : Extracting PPOLYF_U_1K_6p0 SUB device
2026-08-22 06:08:15 +0200: Memory Usage (965236K) : Extracting PPOLYF_U_1K_6p0 NWELL device
2026-08-22 06:08:20 +0200: Memory Usage (965236K) : Extracting PPOLYF_U_DW_1K_6p0_dw device as PPOLYF_U_DW_1k_6p0
2026-08-22 06:08:25 +0200: Memory Usage (965236K) : Extracting RM1 device
2026-08-22 06:08:36 +0200: Memory Usage (965236K) : Extracting RM2 device
2026-08-22 06:09:27 +0200: Memory Usage (972488K) : Extracting RM3 device
2026-08-22 06:09:55 +0200: Memory Usage (972488K) : Extracting TM11K device
2026-08-22 06:09:56 +0200: Memory Usage (972488K) : Starting MIMCAP EXTRACTION
2026-08-22 06:09:57 +0200: Memory Usage (972488K) : Extracting cap_mim_2f0fF device
2026-08-22 06:09:58 +0200: Memory Usage (972488K) : Starting MOSCAP EXTRACTION
2026-08-22 06:09:59 +0200: Memory Usage (972488K) : Extracting cap_nmos_03v3 device
2026-08-22 06:10:09 +0200: Memory Usage (972488K) : Extracting cap_nmos_03v3_dn device as cap_nmos_03v3
2026-08-22 06:10:23 +0200: Memory Usage (972488K) : Extracting cap_pmos_03v3 device
2026-08-22 06:10:44 +0200: Memory Usage (972488K) : Extracting cap_pmos_03v3_dn device as cap_pmos_03v3
2026-08-22 06:10:46 +0200: Memory Usage (972488K) : Extracting cap_nmos_06v0 device
2026-08-22 06:11:02 +0200: Memory Usage (972488K) : Extracting cap_nmos_06v0_dn device as cap_nmos_06v0
2026-08-22 06:11:18 +0200: Memory Usage (972488K) : Extracting cap_pmos_06v0 device
2026-08-22 06:11:42 +0200: Memory Usage (972488K) : Extracting cap_pmos_06v0_dn device as cap_pmos_06v0
2026-08-22 06:12:08 +0200: Memory Usage (972488K) : Extracting cap_pmos_03v3_b device
2026-08-22 06:12:09 +0200: Memory Usage (972488K) : Extracting cap_nmos_06v0_b device
2026-08-22 06:12:31 +0200: Memory Usage (972488K) : Extracting cap_pmos_06v0_b device
2026-08-22 06:12:33 +0200: Memory Usage (972488K) : Starting MOS SAB EXTRACTION
2026-08-22 06:12:33 +0200: Memory Usage (972488K) : Starting PMOS SAB EXTRACTION
2026-08-22 06:12:33 +0200: Memory Usage (972488K) : Extracting 3.3V ESD PMOS transistor outside DNWELL device
2026-08-22 06:12:43 +0200: Memory Usage (972488K) : Extracting 5V ESD PMOS transistor outside DNWELL device
2026-08-22 06:12:52 +0200: Memory Usage (972488K) : Extracting 6V ESD PMOS transistor outside DNWELL device
2026-08-22 06:13:02 +0200: Memory Usage (972488K) : Extracting 3.3V ESD PMOS transistor inside DNWELL device, as regular, non dw device
2026-08-22 06:13:03 +0200: Memory Usage (972488K) : Extracting 5V ESD PMOS transistor inside DNWELL device as regular, non dw device
2026-08-22 06:13:05 +0200: Memory Usage (972488K) : Extracting 6V ESD PMOS transistor inside DNWELL device as regular, non dw device
2026-08-22 06:13:06 +0200: Memory Usage (972488K) : Starting NMOS SAB EXTRACTION
2026-08-22 06:13:07 +0200: Memory Usage (972488K) : Extracting 3.3V ESD NMOS transistor outside DNWELL device
2026-08-22 06:13:23 +0200: Memory Usage (972488K) : Extracting 5V ESD NMOS transistor outside DNWELL device
2026-08-22 06:13:41 +0200: Memory Usage (972488K) : Extracting 6V ESD NMOS transistor outside DNWELL device
2026-08-22 06:13:58 +0200: Memory Usage (972488K) : Extracting 3.3V ESD NMOS transistor inside DNWELL device, as regular, non dw device
2026-08-22 06:14:13 +0200: Memory Usage (972488K) : Extracting 5V ESD NMOS transistor inside DNWELL device as regular, non dw device
2026-08-22 06:14:30 +0200: Memory Usage (972488K) : Extracting 6V ESD NMOS transistor inside DNWELL device as regular, non dw device
2026-08-22 06:14:43 +0200: Memory Usage (972488K) : Starting EFUSE EXTRACTION
2026-08-22 06:14:48 +0200: Memory Usage (972488K) : Starting GF180 LVS comparison section
2026-08-22 10:59:16 +0200: Memory Usage (1194660K) : LVS Total Run time 23506.329145 seconds
2026-08-22 10:59:17 +0200: Memory Usage (1194660K) : xxxxxxxxxxxxxxxxxxxxxxxxxxxxxxxxxxxxxxxxxx
2026-08-22 10:59:18 +0200: Memory Usage (1194660K) : ERROR : Netlists don't match
2026-08-22 10:59:18 +0200: Memory Usage (1194660K) : xxxxxxxxxxxxxxxxxxxxxxxxxxxxxxxxxxxxxxxxxx
