
===========================================================================
report_checks -path_delay max (Setup)
============================================================================
======================= nom_tt_025C_5v00 Corner ===================================

Startpoint: u_sram (rising edge-triggered flip-flop clocked by clk)
Endpoint: q[2] (output port clocked by clk)
Path Group: clk
Path Type: max

Fanout         Cap        Slew       Delay        Time   Description
---------------------------------------------------------------------------------------------
                                  0.000000    0.000000   clock clk (rise edge)
                                  0.000000    0.000000   clock source latency
     4    0.066252    0.299025    0.160025    0.160025 ^ clk (in)
                                                         clk (net)
                      0.299114    0.000000    0.160025 ^ clkbuf_0_clk/I (gf180mcu_fd_sc_mcu7t5v0__clkbuf_16)
     1    0.023183    0.093217    0.269264    0.429289 ^ clkbuf_0_clk/Z (gf180mcu_fd_sc_mcu7t5v0__clkbuf_16)
                                                         clknet_0_clk (net)
                      0.093217    0.000261    0.429550 ^ clkbuf_1_0__f_clk/I (gf180mcu_fd_sc_mcu7t5v0__clkbuf_16)
     1    0.300477    0.341315    0.391215    0.820765 ^ clkbuf_1_0__f_clk/Z (gf180mcu_fd_sc_mcu7t5v0__clkbuf_16)
                                                         clknet_1_0__leaf_clk (net)
                      0.341874    0.007883    0.828648 ^ u_sram/CLK (gf180mcu_fd_ip_sram__sram64x8m8wm1)
     1    0.012574    0.176904    4.494460    5.323108 v u_sram/Q[2] (gf180mcu_fd_ip_sram__sram64x8m8wm1)
                                                         net4 (net)
                      0.176905    0.000342    5.323450 v output4/I (gf180mcu_fd_sc_mcu7t5v0__dlyb_1)
     1    0.074010    0.810809    1.503156    6.826606 v output4/Z (gf180mcu_fd_sc_mcu7t5v0__dlyb_1)
                                                         q[2] (net)
                      0.810809    0.000585    6.827191 v q[2] (out)
                                              6.827191   data arrival time

                                 50.000000   50.000000   clock clk (rise edge)
                                  0.000000   50.000000   clock network delay (propagated)
                                 -0.250000   49.749996   clock uncertainty
                                  0.000000   49.749996   clock reconvergence pessimism
                                -10.000000   39.749996   output external delay
                                             39.749996   data required time
---------------------------------------------------------------------------------------------
                                             39.749996   data required time
                                             -6.827191   data arrival time
---------------------------------------------------------------------------------------------
                                             32.922806   slack (MET)


Startpoint: u_sram (rising edge-triggered flip-flop clocked by clk)
Endpoint: q[3] (output port clocked by clk)
Path Group: clk
Path Type: max

Fanout         Cap        Slew       Delay        Time   Description
---------------------------------------------------------------------------------------------
                                  0.000000    0.000000   clock clk (rise edge)
                                  0.000000    0.000000   clock source latency
     4    0.066252    0.299025    0.160025    0.160025 ^ clk (in)
                                                         clk (net)
                      0.299114    0.000000    0.160025 ^ clkbuf_0_clk/I (gf180mcu_fd_sc_mcu7t5v0__clkbuf_16)
     1    0.023183    0.093217    0.269264    0.429289 ^ clkbuf_0_clk/Z (gf180mcu_fd_sc_mcu7t5v0__clkbuf_16)
                                                         clknet_0_clk (net)
                      0.093217    0.000261    0.429550 ^ clkbuf_1_0__f_clk/I (gf180mcu_fd_sc_mcu7t5v0__clkbuf_16)
     1    0.300477    0.341315    0.391215    0.820765 ^ clkbuf_1_0__f_clk/Z (gf180mcu_fd_sc_mcu7t5v0__clkbuf_16)
                                                         clknet_1_0__leaf_clk (net)
                      0.341874    0.007883    0.828648 ^ u_sram/CLK (gf180mcu_fd_ip_sram__sram64x8m8wm1)
     1    0.012859    0.177237    4.494732    5.323380 v u_sram/Q[3] (gf180mcu_fd_ip_sram__sram64x8m8wm1)
                                                         net5 (net)
                      0.177238    0.000366    5.323747 v output5/I (gf180mcu_fd_sc_mcu7t5v0__dlyb_1)
     1    0.073862    0.809451    1.501832    6.825579 v output5/Z (gf180mcu_fd_sc_mcu7t5v0__dlyb_1)
                                                         q[3] (net)
                      0.809457    0.001219    6.826797 v q[3] (out)
                                              6.826797   data arrival time

                                 50.000000   50.000000   clock clk (rise edge)
                                  0.000000   50.000000   clock network delay (propagated)
                                 -0.250000   49.749996   clock uncertainty
                                  0.000000   49.749996   clock reconvergence pessimism
                                -10.000000   39.749996   output external delay
                                             39.749996   data required time
---------------------------------------------------------------------------------------------
                                             39.749996   data required time
                                             -6.826797   data arrival time
---------------------------------------------------------------------------------------------
                                             32.923199   slack (MET)


Startpoint: u_sram (rising edge-triggered flip-flop clocked by clk)
Endpoint: q[0] (output port clocked by clk)
Path Group: clk
Path Type: max

Fanout         Cap        Slew       Delay        Time   Description
---------------------------------------------------------------------------------------------
                                  0.000000    0.000000   clock clk (rise edge)
                                  0.000000    0.000000   clock source latency
     4    0.066252    0.299025    0.160025    0.160025 ^ clk (in)
                                                         clk (net)
                      0.299114    0.000000    0.160025 ^ clkbuf_0_clk/I (gf180mcu_fd_sc_mcu7t5v0__clkbuf_16)
     1    0.023183    0.093217    0.269264    0.429289 ^ clkbuf_0_clk/Z (gf180mcu_fd_sc_mcu7t5v0__clkbuf_16)
                                                         clknet_0_clk (net)
                      0.093217    0.000261    0.429550 ^ clkbuf_1_0__f_clk/I (gf180mcu_fd_sc_mcu7t5v0__clkbuf_16)
     1    0.300477    0.341315    0.391215    0.820765 ^ clkbuf_1_0__f_clk/Z (gf180mcu_fd_sc_mcu7t5v0__clkbuf_16)
                                                         clknet_1_0__leaf_clk (net)
                      0.341874    0.007883    0.828648 ^ u_sram/CLK (gf180mcu_fd_ip_sram__sram64x8m8wm1)
     1    0.012777    0.177141    4.494653    5.323301 v u_sram/Q[0] (gf180mcu_fd_ip_sram__sram64x8m8wm1)
                                                         net2 (net)
                      0.177141    0.000362    5.323663 v output2/I (gf180mcu_fd_sc_mcu7t5v0__dlyb_1)
     1    0.073777    0.808704    1.501291    6.824954 v output2/Z (gf180mcu_fd_sc_mcu7t5v0__dlyb_1)
                                                         q[0] (net)
                      0.808710    0.001191    6.826146 v q[0] (out)
                                              6.826146   data arrival time

                                 50.000000   50.000000   clock clk (rise edge)
                                  0.000000   50.000000   clock network delay (propagated)
                                 -0.250000   49.749996   clock uncertainty
                                  0.000000   49.749996   clock reconvergence pessimism
                                -10.000000   39.749996   output external delay
                                             39.749996   data required time
---------------------------------------------------------------------------------------------
                                             39.749996   data required time
                                             -6.826146   data arrival time
---------------------------------------------------------------------------------------------
                                             32.923851   slack (MET)


Startpoint: u_sram (rising edge-triggered flip-flop clocked by clk)
Endpoint: q[1] (output port clocked by clk)
Path Group: clk
Path Type: max

Fanout         Cap        Slew       Delay        Time   Description
---------------------------------------------------------------------------------------------
                                  0.000000    0.000000   clock clk (rise edge)
                                  0.000000    0.000000   clock source latency
     4    0.066252    0.299025    0.160025    0.160025 ^ clk (in)
                                                         clk (net)
                      0.299114    0.000000    0.160025 ^ clkbuf_0_clk/I (gf180mcu_fd_sc_mcu7t5v0__clkbuf_16)
     1    0.023183    0.093217    0.269264    0.429289 ^ clkbuf_0_clk/Z (gf180mcu_fd_sc_mcu7t5v0__clkbuf_16)
                                                         clknet_0_clk (net)
                      0.093217    0.000261    0.429550 ^ clkbuf_1_0__f_clk/I (gf180mcu_fd_sc_mcu7t5v0__clkbuf_16)
     1    0.300477    0.341315    0.391215    0.820765 ^ clkbuf_1_0__f_clk/Z (gf180mcu_fd_sc_mcu7t5v0__clkbuf_16)
                                                         clknet_1_0__leaf_clk (net)
                      0.341874    0.007883    0.828648 ^ u_sram/CLK (gf180mcu_fd_ip_sram__sram64x8m8wm1)
     1    0.012839    0.177214    4.494713    5.323361 v u_sram/Q[1] (gf180mcu_fd_ip_sram__sram64x8m8wm1)
                                                         net3 (net)
                      0.177214    0.000361    5.323721 v output3/I (gf180mcu_fd_sc_mcu7t5v0__dlyb_1)
     1    0.073694    0.808031    1.501358    6.825080 v output3/Z (gf180mcu_fd_sc_mcu7t5v0__dlyb_1)
                                                         q[1] (net)
                      0.808031    0.000518    6.825598 v q[1] (out)
                                              6.825598   data arrival time

                                 50.000000   50.000000   clock clk (rise edge)
                                  0.000000   50.000000   clock network delay (propagated)
                                 -0.250000   49.749996   clock uncertainty
                                  0.000000   49.749996   clock reconvergence pessimism
                                -10.000000   39.749996   output external delay
                                             39.749996   data required time
---------------------------------------------------------------------------------------------
                                             39.749996   data required time
                                             -6.825598   data arrival time
---------------------------------------------------------------------------------------------
                                             32.924397   slack (MET)


Startpoint: rst (input port clocked by clk)
Endpoint: _38_ (rising edge-triggered flip-flop clocked by clk)
Path Group: clk
Path Type: max

Fanout         Cap        Slew       Delay        Time   Description
---------------------------------------------------------------------------------------------
                                  0.000000    0.000000   clock clk (rise edge)
                                  0.000000    0.000000   clock network delay (propagated)
                                 10.000000   10.000000 v input external delay
     2    0.005119    0.076587    0.031267   10.031268 v rst (in)
                                                         rst (net)
                      0.076587    0.000000   10.031268 v input1/I (gf180mcu_fd_sc_mcu7t5v0__dlyb_1)
     4    0.117011    1.186706    1.720283   11.751551 v input1/Z (gf180mcu_fd_sc_mcu7t5v0__dlyb_1)
                                                         net1 (net)
                      1.188475    0.026064   11.777615 v _30_/A1 (gf180mcu_fd_sc_mcu7t5v0__nor3_1)
     1    0.005340    0.548146    0.564620   12.342236 ^ _30_/ZN (gf180mcu_fd_sc_mcu7t5v0__nor3_1)
                                                         _00_ (net)
                      0.548146    0.000114   12.342349 ^ _38_/D (gf180mcu_fd_sc_mcu7t5v0__dffq_1)
                                             12.342349   data arrival time

                                 50.000000   50.000000   clock clk (rise edge)
                                  0.000000   50.000000   clock source latency
     4    0.066252    0.299025    0.161489   50.161488 ^ clk (in)
                                                         clk (net)
                      0.299201    0.000000   50.161488 ^ clkbuf_regs_0_clk/I (gf180mcu_fd_sc_mcu7t5v0__clkbuf_16)
     1    0.023446    0.093450    0.269498   50.430984 ^ clkbuf_regs_0_clk/Z (gf180mcu_fd_sc_mcu7t5v0__clkbuf_16)
                                                         clk_regs (net)
                      0.093450    0.000281   50.431267 ^ clkbuf_0_clk_regs/I (gf180mcu_fd_sc_mcu7t5v0__clkbuf_16)
     2    0.046823    0.112343    0.240977   50.672241 ^ clkbuf_0_clk_regs/Z (gf180mcu_fd_sc_mcu7t5v0__clkbuf_16)
                                                         clknet_0_clk_regs (net)
                      0.112343    0.000348   50.672592 ^ clkbuf_1_0__f_clk_regs/I (gf180mcu_fd_sc_mcu7t5v0__clkbuf_16)
     2    0.007649    0.076834    0.215426   50.888016 ^ clkbuf_1_0__f_clk_regs/Z (gf180mcu_fd_sc_mcu7t5v0__clkbuf_16)
                                                         clknet_1_0__leaf_clk_regs (net)
                      0.076834    0.000036   50.888054 ^ _38_/CLK (gf180mcu_fd_sc_mcu7t5v0__dffq_1)
                                 -0.250000   50.638050   clock uncertainty
                                  0.000000   50.638050   clock reconvergence pessimism
                                 -0.263090   50.374962   library setup time
                                             50.374962   data required time
---------------------------------------------------------------------------------------------
                                             50.374962   data required time
                                            -12.342349   data arrival time
---------------------------------------------------------------------------------------------
                                             38.032616   slack (MET)


Startpoint: rst (input port clocked by clk)
Endpoint: _39_ (rising edge-triggered flip-flop clocked by clk)
Path Group: clk
Path Type: max

Fanout         Cap        Slew       Delay        Time   Description
---------------------------------------------------------------------------------------------
                                  0.000000    0.000000   clock clk (rise edge)
                                  0.000000    0.000000   clock network delay (propagated)
                                 10.000000   10.000000 v input external delay
     2    0.005119    0.076587    0.031267   10.031268 v rst (in)
                                                         rst (net)
                      0.076587    0.000000   10.031268 v input1/I (gf180mcu_fd_sc_mcu7t5v0__dlyb_1)
     4    0.117011    1.186706    1.720283   11.751551 v input1/Z (gf180mcu_fd_sc_mcu7t5v0__dlyb_1)
                                                         net1 (net)
                      1.188450    0.025875   11.777426 v _32_/A1 (gf180mcu_fd_sc_mcu7t5v0__nor2_1)
     1    0.010112    0.544414    0.564743   12.342169 ^ _32_/ZN (gf180mcu_fd_sc_mcu7t5v0__nor2_1)
                                                         _01_ (net)
                      0.544414    0.000285   12.342454 ^ _39_/D (gf180mcu_fd_sc_mcu7t5v0__dffq_1)
                                             12.342454   data arrival time

                                 50.000000   50.000000   clock clk (rise edge)
                                  0.000000   50.000000   clock source latency
     4    0.066252    0.299025    0.161489   50.161488 ^ clk (in)
                                                         clk (net)
                      0.299201    0.000000   50.161488 ^ clkbuf_regs_0_clk/I (gf180mcu_fd_sc_mcu7t5v0__clkbuf_16)
     1    0.023446    0.093450    0.269498   50.430984 ^ clkbuf_regs_0_clk/Z (gf180mcu_fd_sc_mcu7t5v0__clkbuf_16)
                                                         clk_regs (net)
                      0.093450    0.000281   50.431267 ^ clkbuf_0_clk_regs/I (gf180mcu_fd_sc_mcu7t5v0__clkbuf_16)
     2    0.046823    0.112343    0.240977   50.672241 ^ clkbuf_0_clk_regs/Z (gf180mcu_fd_sc_mcu7t5v0__clkbuf_16)
                                                         clknet_0_clk_regs (net)
                      0.112343    0.000632   50.672874 ^ clkbuf_1_1__f_clk_regs/I (gf180mcu_fd_sc_mcu7t5v0__clkbuf_16)
     2    0.011588    0.080588    0.218705   50.891579 ^ clkbuf_1_1__f_clk_regs/Z (gf180mcu_fd_sc_mcu7t5v0__clkbuf_16)
                                                         clknet_1_1__leaf_clk_regs (net)
                      0.080589    0.000245   50.891827 ^ _39_/CLK (gf180mcu_fd_sc_mcu7t5v0__dffq_1)
                                 -0.250000   50.641823   clock uncertainty
                                  0.000000   50.641823   clock reconvergence pessimism
                                 -0.261949   50.379875   library setup time
                                             50.379875   data required time
---------------------------------------------------------------------------------------------
                                             50.379875   data required time
                                            -12.342454   data arrival time
---------------------------------------------------------------------------------------------
                                             38.037422   slack (MET)


Startpoint: rst (input port clocked by clk)
Endpoint: _36_ (rising edge-triggered flip-flop clocked by clk)
Path Group: clk
Path Type: max

Fanout         Cap        Slew       Delay        Time   Description
---------------------------------------------------------------------------------------------
                                  0.000000    0.000000   clock clk (rise edge)
                                  0.000000    0.000000   clock network delay (propagated)
                                 10.000000   10.000000 ^ input external delay
     2    0.005119    0.131590    0.050559   10.050559 ^ rst (in)
                                                         rst (net)
                      0.131590    0.000000   10.050559 ^ input1/I (gf180mcu_fd_sc_mcu7t5v0__dlyb_1)
     4    0.117011    1.918396    1.908496   11.959055 ^ input1/Z (gf180mcu_fd_sc_mcu7t5v0__dlyb_1)
                                                         net1 (net)
                      1.919508    0.025970   11.985024 ^ _33_/A2 (gf180mcu_fd_sc_mcu7t5v0__nor2_1)
     1    0.005412    0.534193    0.200082   12.185106 v _33_/ZN (gf180mcu_fd_sc_mcu7t5v0__nor2_1)
                                                         _02_ (net)
                      0.534193    0.000123   12.185229 v _36_/D (gf180mcu_fd_sc_mcu7t5v0__dffq_1)
                                             12.185229   data arrival time

                                 50.000000   50.000000   clock clk (rise edge)
                                  0.000000   50.000000   clock source latency
     4    0.066252    0.299025    0.161489   50.161488 ^ clk (in)
                                                         clk (net)
                      0.299201    0.000000   50.161488 ^ clkbuf_regs_0_clk/I (gf180mcu_fd_sc_mcu7t5v0__clkbuf_16)
     1    0.023446    0.093450    0.269498   50.430984 ^ clkbuf_regs_0_clk/Z (gf180mcu_fd_sc_mcu7t5v0__clkbuf_16)
                                                         clk_regs (net)
                      0.093450    0.000281   50.431267 ^ clkbuf_0_clk_regs/I (gf180mcu_fd_sc_mcu7t5v0__clkbuf_16)
     2    0.046823    0.112343    0.240977   50.672241 ^ clkbuf_0_clk_regs/Z (gf180mcu_fd_sc_mcu7t5v0__clkbuf_16)
                                                         clknet_0_clk_regs (net)
                      0.112343    0.000632   50.672874 ^ clkbuf_1_1__f_clk_regs/I (gf180mcu_fd_sc_mcu7t5v0__clkbuf_16)
     2    0.011588    0.080588    0.218705   50.891579 ^ clkbuf_1_1__f_clk_regs/Z (gf180mcu_fd_sc_mcu7t5v0__clkbuf_16)
                                                         clknet_1_1__leaf_clk_regs (net)
                      0.080589    0.000298   50.891880 ^ _36_/CLK (gf180mcu_fd_sc_mcu7t5v0__dffq_1)
                                 -0.250000   50.641876   clock uncertainty
                                  0.000000   50.641876   clock reconvergence pessimism
                                 -0.377622   50.264256   library setup time
                                             50.264256   data required time
---------------------------------------------------------------------------------------------
                                             50.264256   data required time
                                            -12.185229   data arrival time
---------------------------------------------------------------------------------------------
                                             38.079029   slack (MET)


Startpoint: rst (input port clocked by clk)
Endpoint: _37_ (rising edge-triggered flip-flop clocked by clk)
Path Group: clk
Path Type: max

Fanout         Cap        Slew       Delay        Time   Description
---------------------------------------------------------------------------------------------
                                  0.000000    0.000000   clock clk (rise edge)
                                  0.000000    0.000000   clock network delay (propagated)
                                 10.000000   10.000000 v input external delay
     2    0.005119    0.076587    0.031267   10.031268 v rst (in)
                                                         rst (net)
                      0.076587    0.000000   10.031268 v input1/I (gf180mcu_fd_sc_mcu7t5v0__dlyb_1)
     4    0.117011    1.186706    1.720283   11.751551 v input1/Z (gf180mcu_fd_sc_mcu7t5v0__dlyb_1)
                                                         net1 (net)
                      1.188463    0.025977   11.777528 v _35_/A1 (gf180mcu_fd_sc_mcu7t5v0__nor2_1)
     1    0.007194    0.471278    0.503618   12.281145 ^ _35_/ZN (gf180mcu_fd_sc_mcu7t5v0__nor2_1)
                                                         _03_ (net)
                      0.471278    0.000192   12.281337 ^ _37_/D (gf180mcu_fd_sc_mcu7t5v0__dffq_1)
                                             12.281337   data arrival time

                                 50.000000   50.000000   clock clk (rise edge)
                                  0.000000   50.000000   clock source latency
     4    0.066252    0.299025    0.161489   50.161488 ^ clk (in)
                                                         clk (net)
                      0.299201    0.000000   50.161488 ^ clkbuf_regs_0_clk/I (gf180mcu_fd_sc_mcu7t5v0__clkbuf_16)
     1    0.023446    0.093450    0.269498   50.430984 ^ clkbuf_regs_0_clk/Z (gf180mcu_fd_sc_mcu7t5v0__clkbuf_16)
                                                         clk_regs (net)
                      0.093450    0.000281   50.431267 ^ clkbuf_0_clk_regs/I (gf180mcu_fd_sc_mcu7t5v0__clkbuf_16)
     2    0.046823    0.112343    0.240977   50.672241 ^ clkbuf_0_clk_regs/Z (gf180mcu_fd_sc_mcu7t5v0__clkbuf_16)
                                                         clknet_0_clk_regs (net)
                      0.112343    0.000348   50.672592 ^ clkbuf_1_0__f_clk_regs/I (gf180mcu_fd_sc_mcu7t5v0__clkbuf_16)
     2    0.007649    0.076834    0.215426   50.888016 ^ clkbuf_1_0__f_clk_regs/Z (gf180mcu_fd_sc_mcu7t5v0__clkbuf_16)
                                                         clknet_1_0__leaf_clk_regs (net)
                      0.076834    0.000043   50.888062 ^ _37_/CLK (gf180mcu_fd_sc_mcu7t5v0__dffq_1)
                                 -0.250000   50.638058   clock uncertainty
                                  0.000000   50.638058   clock reconvergence pessimism
                                 -0.257440   50.380619   library setup time
                                             50.380619   data required time
---------------------------------------------------------------------------------------------
                                             50.380619   data required time
                                            -12.281337   data arrival time
---------------------------------------------------------------------------------------------
                                             38.099281   slack (MET)


Startpoint: _36_ (rising edge-triggered flip-flop clocked by clk)
Endpoint: u_sram (rising edge-triggered flip-flop clocked by clk)
Path Group: clk
Path Type: max

Fanout         Cap        Slew       Delay        Time   Description
---------------------------------------------------------------------------------------------
                                  0.000000    0.000000   clock clk (rise edge)
                                  0.000000    0.000000   clock source latency
     4    0.066252    0.299025    0.161487    0.161487 ^ clk (in)
                                                         clk (net)
                      0.299201    0.000000    0.161487 ^ clkbuf_regs_0_clk/I (gf180mcu_fd_sc_mcu7t5v0__clkbuf_16)
     1    0.023446    0.093450    0.269499    0.430986 ^ clkbuf_regs_0_clk/Z (gf180mcu_fd_sc_mcu7t5v0__clkbuf_16)
                                                         clk_regs (net)
                      0.093450    0.000281    0.431267 ^ clkbuf_0_clk_regs/I (gf180mcu_fd_sc_mcu7t5v0__clkbuf_16)
     2    0.046823    0.112343    0.240978    0.672245 ^ clkbuf_0_clk_regs/Z (gf180mcu_fd_sc_mcu7t5v0__clkbuf_16)
                                                         clknet_0_clk_regs (net)
                      0.112343    0.000631    0.672876 ^ clkbuf_1_1__f_clk_regs/I (gf180mcu_fd_sc_mcu7t5v0__clkbuf_16)
     2    0.011588    0.080588    0.218705    0.891581 ^ clkbuf_1_1__f_clk_regs/Z (gf180mcu_fd_sc_mcu7t5v0__clkbuf_16)
                                                         clknet_1_1__leaf_clk_regs (net)
                      0.080589    0.000301    0.891882 ^ _36_/CLK (gf180mcu_fd_sc_mcu7t5v0__dffq_1)
     5    0.036772    0.389408    0.852255    1.744137 v _36_/Q (gf180mcu_fd_sc_mcu7t5v0__dffq_1)
                                                         cnt[0] (net)
                      0.389410    0.000616    1.744753 v hold29/I (gf180mcu_fd_sc_mcu7t5v0__dlyc_1)
     1    0.041766    0.538657    2.063658    3.808411 v hold29/Z (gf180mcu_fd_sc_mcu7t5v0__dlyc_1)
                                                         net28 (net)
                      0.538664    0.001264    3.809675 v u_sram/A[0] (gf180mcu_fd_ip_sram__sram64x8m8wm1)
                                              3.809675   data arrival time

                                 50.000000   50.000000   clock clk (rise edge)
                                  0.000000   50.000000   clock source latency
     4    0.066252    0.299025    0.160025   50.160023 ^ clk (in)
                                                         clk (net)
                      0.299114    0.000000   50.160023 ^ clkbuf_0_clk/I (gf180mcu_fd_sc_mcu7t5v0__clkbuf_16)
     1    0.023183    0.093217    0.269264   50.429287 ^ clkbuf_0_clk/Z (gf180mcu_fd_sc_mcu7t5v0__clkbuf_16)
                                                         clknet_0_clk (net)
                      0.093217    0.000259   50.429546 ^ clkbuf_1_0__f_clk/I (gf180mcu_fd_sc_mcu7t5v0__clkbuf_16)
     1    0.300477    0.341315    0.391218   50.820763 ^ clkbuf_1_0__f_clk/Z (gf180mcu_fd_sc_mcu7t5v0__clkbuf_16)
                                                         clknet_1_0__leaf_clk (net)
                      0.341874    0.007883   50.828648 ^ u_sram/CLK (gf180mcu_fd_ip_sram__sram64x8m8wm1)
                                 -0.250000   50.578648   clock uncertainty
                                  0.000000   50.578648   clock reconvergence pessimism
                                 -0.773584   49.805065   library setup time
                                             49.805065   data required time
---------------------------------------------------------------------------------------------
                                             49.805065   data required time
                                             -3.809675   data arrival time
---------------------------------------------------------------------------------------------
                                             45.995392   slack (MET)


Startpoint: _37_ (rising edge-triggered flip-flop clocked by clk)
Endpoint: u_sram (rising edge-triggered flip-flop clocked by clk)
Path Group: clk
Path Type: max

Fanout         Cap        Slew       Delay        Time   Description
---------------------------------------------------------------------------------------------
                                  0.000000    0.000000   clock clk (rise edge)
                                  0.000000    0.000000   clock source latency
     4    0.066252    0.299025    0.161487    0.161487 ^ clk (in)
                                                         clk (net)
                      0.299201    0.000000    0.161487 ^ clkbuf_regs_0_clk/I (gf180mcu_fd_sc_mcu7t5v0__clkbuf_16)
     1    0.023446    0.093450    0.269499    0.430986 ^ clkbuf_regs_0_clk/Z (gf180mcu_fd_sc_mcu7t5v0__clkbuf_16)
                                                         clk_regs (net)
                      0.093450    0.000281    0.431267 ^ clkbuf_0_clk_regs/I (gf180mcu_fd_sc_mcu7t5v0__clkbuf_16)
     2    0.046823    0.112343    0.240978    0.672245 ^ clkbuf_0_clk_regs/Z (gf180mcu_fd_sc_mcu7t5v0__clkbuf_16)
                                                         clknet_0_clk_regs (net)
                      0.112343    0.000347    0.672592 ^ clkbuf_1_0__f_clk_regs/I (gf180mcu_fd_sc_mcu7t5v0__clkbuf_16)
     2    0.007649    0.076834    0.215427    0.888019 ^ clkbuf_1_0__f_clk_regs/Z (gf180mcu_fd_sc_mcu7t5v0__clkbuf_16)
                                                         clknet_1_0__leaf_clk_regs (net)
                      0.076834    0.000042    0.888061 ^ _37_/CLK (gf180mcu_fd_sc_mcu7t5v0__dffq_1)
     4    0.026412    0.298016    0.788625    1.676686 v _37_/Q (gf180mcu_fd_sc_mcu7t5v0__dffq_1)
                                                         cnt[1] (net)
                      0.298018    0.000462    1.677148 v hold28/I (gf180mcu_fd_sc_mcu7t5v0__dlyc_1)
     1    0.039570    0.520180    2.016090    3.693238 v hold28/Z (gf180mcu_fd_sc_mcu7t5v0__dlyc_1)
                                                         net27 (net)
                      0.520182    0.001209    3.694446 v u_sram/A[1] (gf180mcu_fd_ip_sram__sram64x8m8wm1)
                                              3.694446   data arrival time

                                 50.000000   50.000000   clock clk (rise edge)
                                  0.000000   50.000000   clock source latency
     4    0.066252    0.299025    0.160025   50.160023 ^ clk (in)
                                                         clk (net)
                      0.299114    0.000000   50.160023 ^ clkbuf_0_clk/I (gf180mcu_fd_sc_mcu7t5v0__clkbuf_16)
     1    0.023183    0.093217    0.269264   50.429287 ^ clkbuf_0_clk/Z (gf180mcu_fd_sc_mcu7t5v0__clkbuf_16)
                                                         clknet_0_clk (net)
                      0.093217    0.000259   50.429546 ^ clkbuf_1_0__f_clk/I (gf180mcu_fd_sc_mcu7t5v0__clkbuf_16)
     1    0.300477    0.341315    0.391218   50.820763 ^ clkbuf_1_0__f_clk/Z (gf180mcu_fd_sc_mcu7t5v0__clkbuf_16)
                                                         clknet_1_0__leaf_clk (net)
                      0.341874    0.007883   50.828648 ^ u_sram/CLK (gf180mcu_fd_ip_sram__sram64x8m8wm1)
                                 -0.250000   50.578648   clock uncertainty
                                  0.000000   50.578648   clock reconvergence pessimism
                                 -0.770250   49.808395   library setup time
                                             49.808395   data required time
---------------------------------------------------------------------------------------------
                                             49.808395   data required time
                                             -3.694446   data arrival time
---------------------------------------------------------------------------------------------
                                             46.113953   slack (MET)


Startpoint: _38_ (rising edge-triggered flip-flop clocked by clk)
Endpoint: u_sram (rising edge-triggered flip-flop clocked by clk)
Path Group: clk
Path Type: max

Fanout         Cap        Slew       Delay        Time   Description
---------------------------------------------------------------------------------------------
                                  0.000000    0.000000   clock clk (rise edge)
                                  0.000000    0.000000   clock source latency
     4    0.066252    0.299025    0.161487    0.161487 ^ clk (in)
                                                         clk (net)
                      0.299201    0.000000    0.161487 ^ clkbuf_regs_0_clk/I (gf180mcu_fd_sc_mcu7t5v0__clkbuf_16)
     1    0.023446    0.093450    0.269499    0.430986 ^ clkbuf_regs_0_clk/Z (gf180mcu_fd_sc_mcu7t5v0__clkbuf_16)
                                                         clk_regs (net)
                      0.093450    0.000281    0.431267 ^ clkbuf_0_clk_regs/I (gf180mcu_fd_sc_mcu7t5v0__clkbuf_16)
     2    0.046823    0.112343    0.240978    0.672245 ^ clkbuf_0_clk_regs/Z (gf180mcu_fd_sc_mcu7t5v0__clkbuf_16)
                                                         clknet_0_clk_regs (net)
                      0.112343    0.000347    0.672592 ^ clkbuf_1_0__f_clk_regs/I (gf180mcu_fd_sc_mcu7t5v0__clkbuf_16)
     2    0.007649    0.076834    0.215427    0.888019 ^ clkbuf_1_0__f_clk_regs/Z (gf180mcu_fd_sc_mcu7t5v0__clkbuf_16)
                                                         clknet_1_0__leaf_clk_regs (net)
                      0.076834    0.000036    0.888055 ^ _38_/CLK (gf180mcu_fd_sc_mcu7t5v0__dffq_1)
     3    0.017305    0.218672    0.731949    1.620003 v _38_/Q (gf180mcu_fd_sc_mcu7t5v0__dffq_1)
                                                         cnt[2] (net)
                      0.218673    0.000319    1.620322 v hold27/I (gf180mcu_fd_sc_mcu7t5v0__dlyc_1)
     1    0.041230    0.534435    1.999218    3.619540 v hold27/Z (gf180mcu_fd_sc_mcu7t5v0__dlyc_1)
                                                         net26 (net)
                      0.534442    0.001230    3.620770 v u_sram/A[2] (gf180mcu_fd_ip_sram__sram64x8m8wm1)
                                              3.620770   data arrival time

                                 50.000000   50.000000   clock clk (rise edge)
                                  0.000000   50.000000   clock source latency
     4    0.066252    0.299025    0.160025   50.160023 ^ clk (in)
                                                         clk (net)
                      0.299114    0.000000   50.160023 ^ clkbuf_0_clk/I (gf180mcu_fd_sc_mcu7t5v0__clkbuf_16)
     1    0.023183    0.093217    0.269264   50.429287 ^ clkbuf_0_clk/Z (gf180mcu_fd_sc_mcu7t5v0__clkbuf_16)
                                                         clknet_0_clk (net)
                      0.093217    0.000259   50.429546 ^ clkbuf_1_0__f_clk/I (gf180mcu_fd_sc_mcu7t5v0__clkbuf_16)
     1    0.300477    0.341315    0.391218   50.820763 ^ clkbuf_1_0__f_clk/Z (gf180mcu_fd_sc_mcu7t5v0__clkbuf_16)
                                                         clknet_1_0__leaf_clk (net)
                      0.341874    0.007883   50.828648 ^ u_sram/CLK (gf180mcu_fd_ip_sram__sram64x8m8wm1)
                                 -0.250000   50.578648   clock uncertainty
                                  0.000000   50.578648   clock reconvergence pessimism
                                 -0.772822   49.805824   library setup time
                                             49.805824   data required time
---------------------------------------------------------------------------------------------
                                             49.805824   data required time
                                             -3.620770   data arrival time
---------------------------------------------------------------------------------------------
                                             46.185055   slack (MET)


Startpoint: _39_ (rising edge-triggered flip-flop clocked by clk)
Endpoint: u_sram (rising edge-triggered flip-flop clocked by clk)
Path Group: clk
Path Type: max

Fanout         Cap        Slew       Delay        Time   Description
---------------------------------------------------------------------------------------------
                                  0.000000    0.000000   clock clk (rise edge)
                                  0.000000    0.000000   clock source latency
     4    0.066252    0.299025    0.161487    0.161487 ^ clk (in)
                                                         clk (net)
                      0.299201    0.000000    0.161487 ^ clkbuf_regs_0_clk/I (gf180mcu_fd_sc_mcu7t5v0__clkbuf_16)
     1    0.023446    0.093450    0.269499    0.430986 ^ clkbuf_regs_0_clk/Z (gf180mcu_fd_sc_mcu7t5v0__clkbuf_16)
                                                         clk_regs (net)
                      0.093450    0.000281    0.431267 ^ clkbuf_0_clk_regs/I (gf180mcu_fd_sc_mcu7t5v0__clkbuf_16)
     2    0.046823    0.112343    0.240978    0.672245 ^ clkbuf_0_clk_regs/Z (gf180mcu_fd_sc_mcu7t5v0__clkbuf_16)
                                                         clknet_0_clk_regs (net)
                      0.112343    0.000631    0.672876 ^ clkbuf_1_1__f_clk_regs/I (gf180mcu_fd_sc_mcu7t5v0__clkbuf_16)
     2    0.011588    0.080588    0.218705    0.891581 ^ clkbuf_1_1__f_clk_regs/Z (gf180mcu_fd_sc_mcu7t5v0__clkbuf_16)
                                                         clknet_1_1__leaf_clk_regs (net)
                      0.080589    0.000247    0.891828 ^ _39_/CLK (gf180mcu_fd_sc_mcu7t5v0__dffq_1)
     2    0.013159    0.184183    0.704966    1.596794 v _39_/Q (gf180mcu_fd_sc_mcu7t5v0__dffq_1)
                                                         cnt[3] (net)
                      0.184183    0.000253    1.597046 v hold26/I (gf180mcu_fd_sc_mcu7t5v0__dlyc_1)
     1    0.036262    0.492554    1.953904    3.550950 v hold26/Z (gf180mcu_fd_sc_mcu7t5v0__dlyc_1)
                                                         net25 (net)
                      0.492554    0.000374    3.551324 v u_sram/A[3] (gf180mcu_fd_ip_sram__sram64x8m8wm1)
                                              3.551324   data arrival time

                                 50.000000   50.000000   clock clk (rise edge)
                                  0.000000   50.000000   clock source latency
     4    0.066252    0.299025    0.160025   50.160023 ^ clk (in)
                                                         clk (net)
                      0.299114    0.000000   50.160023 ^ clkbuf_0_clk/I (gf180mcu_fd_sc_mcu7t5v0__clkbuf_16)
     1    0.023183    0.093217    0.269264   50.429287 ^ clkbuf_0_clk/Z (gf180mcu_fd_sc_mcu7t5v0__clkbuf_16)
                                                         clknet_0_clk (net)
                      0.093217    0.000259   50.429546 ^ clkbuf_1_0__f_clk/I (gf180mcu_fd_sc_mcu7t5v0__clkbuf_16)
     1    0.300477    0.341315    0.391218   50.820763 ^ clkbuf_1_0__f_clk/Z (gf180mcu_fd_sc_mcu7t5v0__clkbuf_16)
                                                         clknet_1_0__leaf_clk (net)
                      0.341874    0.007883   50.828648 ^ u_sram/CLK (gf180mcu_fd_ip_sram__sram64x8m8wm1)
                                 -0.250000   50.578648   clock uncertainty
                                  0.000000   50.578648   clock reconvergence pessimism
                                 -0.765265   49.813381   library setup time
                                             49.813381   data required time
---------------------------------------------------------------------------------------------
                                             49.813381   data required time
                                             -3.551324   data arrival time
---------------------------------------------------------------------------------------------
                                             46.262058   slack (MET)



