/foss/pdks/gf180mcuD/libs.tech/klayout/tech/drc/run_drc.py:729: DeprecationWarning: datetime.datetime.utcnow() is deprecated and scheduled for removal in a future version. Use timezone-aware objects to represent datetimes in UTC: datetime.datetime.now(datetime.UTC).
  now_str = datetime.utcnow().strftime("drc_run_%Y_%m_%d_%H_%M_%S")
30-Aug-2026 06:21:25 | INFO    | Your Klayout version is: KLayout 0.30.8
30-Aug-2026 06:21:25 | INFO    | ## Generating template with for the following rule tables: ['metal2.drc', 'metal3.drc', 'metal4.drc', 'metaltop.drc']
30-Aug-2026 06:21:25 | INFO    | ## Your run dir located at: /headless/aravindustries-repos/butterfold/butterfold_proto/physical/results/d03_ach_resized/klayout_targeted
30-Aug-2026 06:21:25 | INFO    | Running Global Foundries 180nm MCU /headless/aravindustries-repos/butterfold/butterfold_proto/physical/results/d03_ach_resized/candidate/butterfold_top.gds checks on design metal2 on cell butterfold_top:
2026-08-30 06:21:27 +0200: Memory Usage (443636K) : Starting running GF180MCU Klayout DRC runset on /headless/aravindustries-repos/butterfold/butterfold_proto/physical/results/d03_ach_resized/candidate/butterfold_top.gds
2026-08-30 06:21:27 +0200: Memory Usage (443636K) : Ruby Version for klayout: 3.2.3
2026-08-30 06:21:27 +0200: Memory Usage (481648K) : Loading database to memory is complete.
2026-08-30 06:21:27 +0200: Memory Usage (481648K) : GF180MCU Klayout DRC runset output at: /headless/aravindustries-repos/butterfold/butterfold_proto/physical/results/d03_ach_resized/klayout_targeted/butterfold_top_metal2.lyrdb
2026-08-30 06:21:27 +0200: Memory Usage (481840K) : Evaluate switches.
2026-08-30 06:21:27 +0200: Memory Usage (481840K) : table_name selected  metal2
2026-08-30 06:21:27 +0200: Memory Usage (481840K) : CONNECTIVITY_RULES enabled: false
2026-08-30 06:21:27 +0200: Memory Usage (481840K) : Wedge enabled: false
2026-08-30 06:21:27 +0200: Memory Usage (481840K) : Ball enabled: false
2026-08-30 06:21:27 +0200: Memory Usage (481840K) : Gold enabled: false
2026-08-30 06:21:27 +0200: Memory Usage (481840K) : MIM Option selected: B
2026-08-30 06:21:27 +0200: Memory Usage (481840K) : Offgrid enabled:  true
2026-08-30 06:21:27 +0200: Memory Usage (481840K) : Number of threads to use 8
2026-08-30 06:21:27 +0200: Memory Usage (481840K) : Verbose mode: false
2026-08-30 06:21:27 +0200: Memory Usage (481840K) : flat  mode is enabled for metal2 table
2026-08-30 06:21:27 +0200: Memory Usage (481840K) : METAL_TOP Selected is 11K
2026-08-30 06:21:27 +0200: Memory Usage (481840K) : METAL_STACK Selected is 5LM
2026-08-30 06:21:27 +0200: Memory Usage (481840K) : FEOL enabled: true
2026-08-30 06:21:27 +0200: Memory Usage (481840K) : BEOL enabled: true
2026-08-30 06:21:27 +0200: Memory Usage (481840K) : DUMMY enabled: false
2026-08-30 06:21:27 +0200: Memory Usage (481840K) : SLOW_VIA enabled: false
2026-08-30 06:21:27 +0200: Memory Usage (481840K) : Read in polygons from layers.
2026-08-30 06:21:27 +0200: Memory Usage (502980K) : comp has 103373 polygons
2026-08-30 06:21:27 +0200: Memory Usage (502980K) : dnwell has 0 polygons
2026-08-30 06:21:28 +0200: Memory Usage (522868K) : nwell has 366 polygons
2026-08-30 06:21:28 +0200: Memory Usage (522868K) : lvpwell has 251 polygons
2026-08-30 06:21:28 +0200: Memory Usage (525156K) : dualgate has 3 polygons
2026-08-30 06:21:29 +0200: Memory Usage (526972K) : poly2 has 124735 polygons
2026-08-30 06:21:29 +0200: Memory Usage (541580K) : nplus has 1361 polygons
2026-08-30 06:21:29 +0200: Memory Usage (541580K) : pplus has 6684 polygons
2026-08-30 06:21:29 +0200: Memory Usage (541580K) : sab has 0 polygons
2026-08-30 06:21:29 +0200: Memory Usage (541580K) : esd has 0 polygons
2026-08-30 06:21:29 +0200: Memory Usage (541580K) : resistor has 0 polygons
2026-08-30 06:21:29 +0200: Memory Usage (541580K) : fhres has 0 polygons
2026-08-30 06:21:29 +0200: Memory Usage (541580K) : fusetop has 0 polygons
2026-08-30 06:21:29 +0200: Memory Usage (541580K) : fusewindow_d has 0 polygons
2026-08-30 06:21:29 +0200: Memory Usage (541580K) : polyfuse has 0 polygons
2026-08-30 06:21:29 +0200: Memory Usage (541580K) : mvsd has 0 polygons
2026-08-30 06:21:29 +0200: Memory Usage (541580K) : mvpsd has 0 polygons
2026-08-30 06:21:29 +0200: Memory Usage (541580K) : nat has 0 polygons
2026-08-30 06:21:29 +0200: Memory Usage (541580K) : comp_dummy has 0 polygons
2026-08-30 06:21:29 +0200: Memory Usage (541580K) : poly2_dummy has 0 polygons
2026-08-30 06:21:29 +0200: Memory Usage (541580K) : schottky_diode has 0 polygons
2026-08-30 06:21:29 +0200: Memory Usage (541580K) : zener has 0 polygons
2026-08-30 06:21:29 +0200: Memory Usage (541580K) : res_mk has 0 polygons
2026-08-30 06:21:29 +0200: Memory Usage (541580K) : opc_drc has 0 polygons
2026-08-30 06:21:29 +0200: Memory Usage (541580K) : v5_xtor has 3 polygons
2026-08-30 06:21:29 +0200: Memory Usage (541580K) : cap_mk has 0 polygons
2026-08-30 06:21:29 +0200: Memory Usage (541580K) : mos_cap_mk has 0 polygons
2026-08-30 06:21:29 +0200: Memory Usage (541580K) : ind_mk has 0 polygons
2026-08-30 06:21:29 +0200: Memory Usage (541580K) : diode_mk has 7 polygons
2026-08-30 06:21:29 +0200: Memory Usage (541580K) : drc_bjt has 0 polygons
2026-08-30 06:21:29 +0200: Memory Usage (541580K) : lvs_bjt has 0 polygons
2026-08-30 06:21:29 +0200: Memory Usage (541580K) : mim_l_mk has 0 polygons
2026-08-30 06:21:29 +0200: Memory Usage (541580K) : latchup_mk has 0 polygons
2026-08-30 06:21:29 +0200: Memory Usage (541580K) : guard_ring_mk has 0 polygons
2026-08-30 06:21:29 +0200: Memory Usage (541580K) : otp_mk has 0 polygons
2026-08-30 06:21:29 +0200: Memory Usage (541580K) : mtpmark has 0 polygons
2026-08-30 06:21:29 +0200: Memory Usage (541580K) : neo_ee_mk has 0 polygons
2026-08-30 06:21:30 +0200: Memory Usage (541580K) : sramcore has 4 polygons
2026-08-30 06:21:30 +0200: Memory Usage (541580K) : lvs_rf has 0 polygons
2026-08-30 06:21:30 +0200: Memory Usage (541580K) : lvs_drain has 0 polygons
2026-08-30 06:21:30 +0200: Memory Usage (541580K) : ind_mk has 0 polygons
2026-08-30 06:21:30 +0200: Memory Usage (541580K) : hvpolyrs has 0 polygons
2026-08-30 06:21:30 +0200: Memory Usage (541580K) : lvs_io has 0 polygons
2026-08-30 06:21:30 +0200: Memory Usage (541580K) : probe_mk has 0 polygons
2026-08-30 06:21:30 +0200: Memory Usage (541580K) : esd_mk has 0 polygons
2026-08-30 06:21:30 +0200: Memory Usage (541580K) : lvs_source has 0 polygons
2026-08-30 06:21:30 +0200: Memory Usage (541580K) : well_diode_mk has 0 polygons
2026-08-30 06:21:30 +0200: Memory Usage (541580K) : ldmos_xtor has 0 polygons
2026-08-30 06:21:30 +0200: Memory Usage (541580K) : plfuse has 0 polygons
2026-08-30 06:21:30 +0200: Memory Usage (541580K) : efuse_mk has 0 polygons
2026-08-30 06:21:30 +0200: Memory Usage (541580K) : mcell_feol_mk has 0 polygons
2026-08-30 06:21:30 +0200: Memory Usage (541580K) : ymtp_mk has 0 polygons
2026-08-30 06:21:30 +0200: Memory Usage (541580K) : dev_wf_mk has 0 polygons
2026-08-30 06:21:30 +0200: Memory Usage (541580K) : comp_label has 0 polygons
2026-08-30 06:21:30 +0200: Memory Usage (541580K) : poly2_label has 0 polygons
2026-08-30 06:21:30 +0200: Memory Usage (541580K) : mdiode has 0 polygons
2026-08-30 06:21:30 +0200: Memory Usage (541580K) : ndmy has 0 polygons
2026-08-30 06:21:30 +0200: Memory Usage (541580K) : pmndmy has 0 polygons
2026-08-30 06:21:32 +0200: Memory Usage (567712K) : metal1_drawn has 144727 polygons
2026-08-30 06:21:32 +0200: Memory Usage (567712K) : metal1_dummy has 0 polygons
2026-08-30 06:21:32 +0200: Memory Usage (567712K) : metal1_label has 0 polygons
2026-08-30 06:21:32 +0200: Memory Usage (567712K) : metal1_slot has 0 polygons
2026-08-30 06:21:32 +0200: Memory Usage (567712K) : metal1_blk has 0 polygons
2026-08-30 06:21:32 +0200: Memory Usage (580032K) : metal2_drawn has 47829 polygons
2026-08-30 06:21:32 +0200: Memory Usage (580032K) : metal2_dummy has 0 polygons
2026-08-30 06:21:32 +0200: Memory Usage (580032K) : metal2_label has 33 polygons
2026-08-30 06:21:32 +0200: Memory Usage (580032K) : metal2_slot has 0 polygons
2026-08-30 06:21:32 +0200: Memory Usage (580032K) : metal2_blk has 0 polygons
2026-08-30 06:21:33 +0200: Memory Usage (580032K) : metal3_drawn has 22045 polygons
2026-08-30 06:21:33 +0200: Memory Usage (580032K) : metal3_dummy has 0 polygons
2026-08-30 06:21:33 +0200: Memory Usage (580032K) : metal3_label has 0 polygons
2026-08-30 06:21:33 +0200: Memory Usage (580032K) : metal3_slot has 0 polygons
2026-08-30 06:21:33 +0200: Memory Usage (580032K) : metal3_blk has 0 polygons
2026-08-30 06:21:33 +0200: Memory Usage (580032K) : via3 has 7812 polygons
2026-08-30 06:21:33 +0200: Memory Usage (580032K) : metal4_drawn has 1548 polygons
2026-08-30 06:21:33 +0200: Memory Usage (580032K) : metal4_dummy has 0 polygons
2026-08-30 06:21:33 +0200: Memory Usage (580032K) : metal4_label has 0 polygons
2026-08-30 06:21:33 +0200: Memory Usage (580032K) : metal4_slot has 0 polygons
2026-08-30 06:21:33 +0200: Memory Usage (580032K) : metal4_blk has 0 polygons
2026-08-30 06:21:33 +0200: Memory Usage (580032K) : via4 has 1623 polygons
2026-08-30 06:21:33 +0200: Memory Usage (580032K) : metal5_drawn has 315 polygons
2026-08-30 06:21:33 +0200: Memory Usage (580032K) : metal5_dummy has 0 polygons
2026-08-30 06:21:33 +0200: Memory Usage (580032K) : metal5_label has 0 polygons
2026-08-30 06:21:33 +0200: Memory Usage (580032K) : metal5_slot has 0 polygons
2026-08-30 06:21:33 +0200: Memory Usage (580032K) : metal5_blk has 0 polygons
2026-08-30 06:21:33 +0200: Memory Usage (580032K) : pad has 0 polygons
2026-08-30 06:21:33 +0200: Memory Usage (580032K) : ubmpperi has 0 polygons
2026-08-30 06:21:33 +0200: Memory Usage (580032K) : ubmparray has 0 polygons
2026-08-30 06:21:33 +0200: Memory Usage (580032K) : ubmeplate has 0 polygons
2026-08-30 06:21:33 +0200: Memory Usage (580032K) : metal1_res has 0 polygons
2026-08-30 06:21:33 +0200: Memory Usage (580032K) : metal2_res has 0 polygons
2026-08-30 06:21:33 +0200: Memory Usage (580032K) : metal3_res has 0 polygons
2026-08-30 06:21:33 +0200: Memory Usage (580032K) : metal4_res has 0 polygons
2026-08-30 06:21:33 +0200: Memory Usage (580032K) : metal5_res has 0 polygons
2026-08-30 06:21:33 +0200: Memory Usage (580032K) : metal6_res has 0 polygons
2026-08-30 06:21:33 +0200: Memory Usage (580208K) : pr_bndry has 1 polygons
2026-08-30 06:21:33 +0200: Memory Usage (580208K) : border has 0 polygons
2026-08-30 06:21:33 +0200: Memory Usage (580208K) : Total no. of polygons in the design is 462720
2026-08-30 06:21:33 +0200: Memory Usage (580208K) : Starting deriving base layers.
2026-08-30 06:21:40 +0200: Memory Usage (728276K) : Total area of the design is 1859250.0 um^2.
2026-08-30 06:21:40 +0200: Memory Usage (728276K) : Starting GF180MCU DRC rules.
2026-08-30 06:21:40 +0200: Memory Usage (728276K) : Running all FEOL rules
2026-08-30 06:21:40 +0200: Memory Usage (728276K) : Running all BEOL rules
2026-08-30 06:21:40 +0200: Memory Usage (728276K) : Executing rule M2.1
2026-08-30 06:21:41 +0200: Memory Usage (730424K) : Executing rule M2.2a
2026-08-30 06:21:44 +0200: Memory Usage (739064K) : Executing rule M2.2b
2026-08-30 06:21:44 +0200: Memory Usage (747512K) : Executing rule M2.3
2026-08-30 06:21:44 +0200: Memory Usage (747512K) : Executing rule M3.1
2026-08-30 06:21:44 +0200: Memory Usage (747512K) : Executing rule M3.2a
2026-08-30 06:21:44 +0200: Memory Usage (747512K) : Executing rule M3.2b
2026-08-30 06:21:45 +0200: Memory Usage (747512K) : Executing rule M3.3
2026-08-30 06:21:45 +0200: Memory Usage (747512K) : Executing rule M4.1
2026-08-30 06:21:45 +0200: Memory Usage (747512K) : Executing rule M4.2a
2026-08-30 06:21:45 +0200: Memory Usage (747512K) : Executing rule M4.2b
2026-08-30 06:21:45 +0200: Memory Usage (747512K) : Executing rule M4.3
2026-08-30 06:21:45 +0200: Memory Usage (747512K) : MetalTop thickness 9k/11k section
2026-08-30 06:21:45 +0200: Memory Usage (747512K) : Executing rule MT.1
2026-08-30 06:21:45 +0200: Memory Usage (747512K) : Executing rule MT.2a
2026-08-30 06:21:45 +0200: Memory Usage (747512K) : Executing rule MT.2b
2026-08-30 06:21:45 +0200: Memory Usage (747512K) : Executing rule MT.4
2026-08-30 06:21:45 +0200: Memory Usage (747512K) : metal2 DRC Total Run time 17.83735549 seconds
30-Aug-2026 06:21:45 | INFO    | Klayout DRC run is clean. GDS has no DRC violations.
