Startpoint: _20049_ (rising edge-triggered flip-flop clocked by core_clk)
Endpoint: u_transform_scheduler_core.u_fft_scratch_sram.u_hi.u_sram
          (rising edge-triggered flip-flop clocked by core_clk)
Path Group: core_clk
Path Type: max

  Delay    Time   Description
---------------------------------------------------------
   0.00    0.00   clock core_clk (rise edge)
   0.00    0.00   clock source latency
   0.00    0.00 ^ clk (in)
   0.16    0.16 ^ clkbuf_regs_0_core_clk/Z (gf180mcu_fd_sc_mcu9t5v0__clkbuf_16)
   0.19    0.35 ^ clkbuf_0_clk_regs/Z (gf180mcu_fd_sc_mcu9t5v0__clkbuf_16)
   0.23    0.58 ^ clkbuf_2_1_0_clk_regs/Z (gf180mcu_fd_sc_mcu9t5v0__clkbuf_8)
   0.28    0.86 ^ clkbuf_3_3__f_clk_regs/Z (gf180mcu_fd_sc_mcu9t5v0__clkbuf_16)
   0.28    1.14 ^ clkbuf_leaf_18_clk_regs/Z (gf180mcu_fd_sc_mcu9t5v0__clkbuf_8)
   0.00    1.14 ^ _20049_/CLK (gf180mcu_fd_sc_mcu9t5v0__dffrnq_2)
   0.81    1.95 ^ _20049_/Q (gf180mcu_fd_sc_mcu9t5v0__dffrnq_2)
   0.37    2.33 ^ _09607_/ZN (gf180mcu_fd_sc_mcu9t5v0__xnor2_1)
   0.30    2.62 ^ _09608_/Z (gf180mcu_fd_sc_mcu9t5v0__and2_2)
   0.11    2.74 v _09615_/ZN (gf180mcu_fd_sc_mcu9t5v0__oai31_4)
   0.47    3.20 ^ _09616_/Z (gf180mcu_fd_sc_mcu9t5v0__mux2_2)
   0.18    3.38 v _09617_/ZN (gf180mcu_fd_sc_mcu9t5v0__oai31_4)
   0.39    3.77 ^ _09638_/ZN (gf180mcu_fd_sc_mcu9t5v0__aoi211_4)
   0.35    4.12 ^ _09639_/Z (gf180mcu_fd_sc_mcu9t5v0__and3_4)
   0.10    4.22 v _09640_/ZN (gf180mcu_fd_sc_mcu9t5v0__oai21_4)
   0.27    4.49 v rebuffer669/Z (gf180mcu_fd_sc_mcu9t5v0__clkbuf_8)
   0.23    4.72 ^ _09660_/ZN (gf180mcu_fd_sc_mcu9t5v0__aoi21_2)
   0.15    4.87 v _09662_/ZN (gf180mcu_fd_sc_mcu9t5v0__oai21_2)
   0.33    5.20 ^ _09673_/ZN (gf180mcu_fd_sc_mcu9t5v0__nand4_2)
   0.16    5.36 v _09690_/ZN (gf180mcu_fd_sc_mcu9t5v0__oai31_4)
   0.46    5.82 ^ _09720_/ZN (gf180mcu_fd_sc_mcu9t5v0__aoi211_4)
   0.23    6.05 ^ place469/Z (gf180mcu_fd_sc_mcu9t5v0__buf_8)
   0.15    6.20 v _09721_/ZN (gf180mcu_fd_sc_mcu9t5v0__nor2_2)
   0.23    6.43 v place462/Z (gf180mcu_fd_sc_mcu9t5v0__buf_8)
   0.20    6.63 ^ _09741_/ZN (gf180mcu_fd_sc_mcu9t5v0__nand2_2)
   0.21    6.84 v _09941_/ZN (gf180mcu_fd_sc_mcu9t5v0__nor3_1)
   0.38    7.23 ^ _09942_/ZN (gf180mcu_fd_sc_mcu9t5v0__aoi211_2)
   0.16    7.38 v _09945_/ZN (gf180mcu_fd_sc_mcu9t5v0__oai31_2)
   0.41    7.79 ^ _09953_/ZN (gf180mcu_fd_sc_mcu9t5v0__aoi221_1)
   0.34    8.13 v _09954_/ZN (gf180mcu_fd_sc_mcu9t5v0__clkinv_1)
   0.30    8.43 v place344/Z (gf180mcu_fd_sc_mcu9t5v0__buf_8)
   0.00    8.43 v u_transform_scheduler_core.u_fft_scratch_sram.u_hi.u_sram/A[4] (gf180mcu_fd_ip_sram__sram256x8m8wm1)
           8.43   data arrival time

  16.28   16.28   clock core_clk (rise edge)
   0.00   16.28   clock source latency
   0.00   16.28 ^ clk (in)
   0.16   16.43 ^ delaybuf_0_core_clk/Z (gf180mcu_fd_sc_mcu9t5v0__clkbuf_16)
   0.17   16.61 ^ delaybuf_1_core_clk/Z (gf180mcu_fd_sc_mcu9t5v0__clkbuf_16)
   0.17   16.78 ^ delaybuf_2_core_clk/Z (gf180mcu_fd_sc_mcu9t5v0__clkbuf_16)
   0.17   16.95 ^ delaybuf_3_core_clk/Z (gf180mcu_fd_sc_mcu9t5v0__clkbuf_16)
   0.19   17.14 ^ clkbuf_0_clk/Z (gf180mcu_fd_sc_mcu9t5v0__clkbuf_16)
   0.28   17.42 ^ clkbuf_1_1__f_clk/Z (gf180mcu_fd_sc_mcu9t5v0__clkbuf_16)
   0.00   17.42 ^ u_transform_scheduler_core.u_fft_scratch_sram.u_hi.u_sram/CLK (gf180mcu_fd_ip_sram__sram256x8m8wm1)
   0.00   17.42   clock reconvergence pessimism
  -0.68   16.74   library setup time
          16.74   data required time
---------------------------------------------------------
          16.74   data required time
          -8.43   data arrival time
---------------------------------------------------------
           8.30   slack (MET)


Startpoint: _20049_ (rising edge-triggered flip-flop clocked by core_clk)
Endpoint: u_transform_scheduler_core.u_fft_scratch_sram.u_lo.u_sram
          (rising edge-triggered flip-flop clocked by core_clk)
Path Group: core_clk
Path Type: max

  Delay    Time   Description
---------------------------------------------------------
   0.00    0.00   clock core_clk (rise edge)
   0.00    0.00   clock source latency
   0.00    0.00 ^ clk (in)
   0.16    0.16 ^ clkbuf_regs_0_core_clk/Z (gf180mcu_fd_sc_mcu9t5v0__clkbuf_16)
   0.19    0.35 ^ clkbuf_0_clk_regs/Z (gf180mcu_fd_sc_mcu9t5v0__clkbuf_16)
   0.23    0.58 ^ clkbuf_2_1_0_clk_regs/Z (gf180mcu_fd_sc_mcu9t5v0__clkbuf_8)
   0.28    0.86 ^ clkbuf_3_3__f_clk_regs/Z (gf180mcu_fd_sc_mcu9t5v0__clkbuf_16)
   0.28    1.14 ^ clkbuf_leaf_18_clk_regs/Z (gf180mcu_fd_sc_mcu9t5v0__clkbuf_8)
   0.00    1.14 ^ _20049_/CLK (gf180mcu_fd_sc_mcu9t5v0__dffrnq_2)
   0.81    1.95 ^ _20049_/Q (gf180mcu_fd_sc_mcu9t5v0__dffrnq_2)
   0.37    2.33 ^ _09607_/ZN (gf180mcu_fd_sc_mcu9t5v0__xnor2_1)
   0.30    2.62 ^ _09608_/Z (gf180mcu_fd_sc_mcu9t5v0__and2_2)
   0.11    2.74 v _09615_/ZN (gf180mcu_fd_sc_mcu9t5v0__oai31_4)
   0.47    3.20 ^ _09616_/Z (gf180mcu_fd_sc_mcu9t5v0__mux2_2)
   0.18    3.38 v _09617_/ZN (gf180mcu_fd_sc_mcu9t5v0__oai31_4)
   0.39    3.77 ^ _09638_/ZN (gf180mcu_fd_sc_mcu9t5v0__aoi211_4)
   0.35    4.12 ^ _09639_/Z (gf180mcu_fd_sc_mcu9t5v0__and3_4)
   0.10    4.22 v _09640_/ZN (gf180mcu_fd_sc_mcu9t5v0__oai21_4)
   0.27    4.49 v rebuffer669/Z (gf180mcu_fd_sc_mcu9t5v0__clkbuf_8)
   0.23    4.72 ^ _09660_/ZN (gf180mcu_fd_sc_mcu9t5v0__aoi21_2)
   0.15    4.87 v _09662_/ZN (gf180mcu_fd_sc_mcu9t5v0__oai21_2)
   0.33    5.20 ^ _09673_/ZN (gf180mcu_fd_sc_mcu9t5v0__nand4_2)
   0.16    5.36 v _09690_/ZN (gf180mcu_fd_sc_mcu9t5v0__oai31_4)
   0.46    5.82 ^ _09720_/ZN (gf180mcu_fd_sc_mcu9t5v0__aoi211_4)
   0.23    6.05 ^ place469/Z (gf180mcu_fd_sc_mcu9t5v0__buf_8)
   0.15    6.20 v _09721_/ZN (gf180mcu_fd_sc_mcu9t5v0__nor2_2)
   0.23    6.43 v place462/Z (gf180mcu_fd_sc_mcu9t5v0__buf_8)
   0.20    6.63 ^ _09741_/ZN (gf180mcu_fd_sc_mcu9t5v0__nand2_2)
   0.21    6.84 v _09941_/ZN (gf180mcu_fd_sc_mcu9t5v0__nor3_1)
   0.38    7.23 ^ _09942_/ZN (gf180mcu_fd_sc_mcu9t5v0__aoi211_2)
   0.16    7.38 v _09945_/ZN (gf180mcu_fd_sc_mcu9t5v0__oai31_2)
   0.41    7.79 ^ _09953_/ZN (gf180mcu_fd_sc_mcu9t5v0__aoi221_1)
   0.34    8.13 v _09954_/ZN (gf180mcu_fd_sc_mcu9t5v0__clkinv_1)
   0.30    8.43 v place344/Z (gf180mcu_fd_sc_mcu9t5v0__buf_8)
   0.00    8.43 v u_transform_scheduler_core.u_fft_scratch_sram.u_lo.u_sram/A[4] (gf180mcu_fd_ip_sram__sram256x8m8wm1)
           8.43   data arrival time

  16.28   16.28   clock core_clk (rise edge)
   0.00   16.28   clock source latency
   0.00   16.28 ^ clk (in)
   0.16   16.43 ^ delaybuf_0_core_clk/Z (gf180mcu_fd_sc_mcu9t5v0__clkbuf_16)
   0.17   16.61 ^ delaybuf_1_core_clk/Z (gf180mcu_fd_sc_mcu9t5v0__clkbuf_16)
   0.17   16.78 ^ delaybuf_2_core_clk/Z (gf180mcu_fd_sc_mcu9t5v0__clkbuf_16)
   0.17   16.95 ^ delaybuf_3_core_clk/Z (gf180mcu_fd_sc_mcu9t5v0__clkbuf_16)
   0.19   17.14 ^ clkbuf_0_clk/Z (gf180mcu_fd_sc_mcu9t5v0__clkbuf_16)
   0.28   17.42 ^ clkbuf_1_0__f_clk/Z (gf180mcu_fd_sc_mcu9t5v0__clkbuf_16)
   0.00   17.42 ^ u_transform_scheduler_core.u_fft_scratch_sram.u_lo.u_sram/CLK (gf180mcu_fd_ip_sram__sram256x8m8wm1)
   0.00   17.42   clock reconvergence pessimism
  -0.68   16.74   library setup time
          16.74   data required time
---------------------------------------------------------
          16.74   data required time
          -8.43   data arrival time
---------------------------------------------------------
           8.30   slack (MET)


Startpoint: _20049_ (rising edge-triggered flip-flop clocked by core_clk)
Endpoint: u_transform_scheduler_core.u_fft_scratch_sram.u_hi.u_sram
          (rising edge-triggered flip-flop clocked by core_clk)
Path Group: core_clk
Path Type: max

  Delay    Time   Description
---------------------------------------------------------
   0.00    0.00   clock core_clk (rise edge)
   0.00    0.00   clock source latency
   0.00    0.00 ^ clk (in)
   0.16    0.16 ^ clkbuf_regs_0_core_clk/Z (gf180mcu_fd_sc_mcu9t5v0__clkbuf_16)
   0.19    0.35 ^ clkbuf_0_clk_regs/Z (gf180mcu_fd_sc_mcu9t5v0__clkbuf_16)
   0.23    0.58 ^ clkbuf_2_1_0_clk_regs/Z (gf180mcu_fd_sc_mcu9t5v0__clkbuf_8)
   0.28    0.86 ^ clkbuf_3_3__f_clk_regs/Z (gf180mcu_fd_sc_mcu9t5v0__clkbuf_16)
   0.28    1.14 ^ clkbuf_leaf_18_clk_regs/Z (gf180mcu_fd_sc_mcu9t5v0__clkbuf_8)
   0.00    1.14 ^ _20049_/CLK (gf180mcu_fd_sc_mcu9t5v0__dffrnq_2)
   0.81    1.95 ^ _20049_/Q (gf180mcu_fd_sc_mcu9t5v0__dffrnq_2)
   0.37    2.33 ^ _09607_/ZN (gf180mcu_fd_sc_mcu9t5v0__xnor2_1)
   0.30    2.62 ^ _09608_/Z (gf180mcu_fd_sc_mcu9t5v0__and2_2)
   0.11    2.74 v _09615_/ZN (gf180mcu_fd_sc_mcu9t5v0__oai31_4)
   0.47    3.20 ^ _09616_/Z (gf180mcu_fd_sc_mcu9t5v0__mux2_2)
   0.18    3.38 v _09617_/ZN (gf180mcu_fd_sc_mcu9t5v0__oai31_4)
   0.39    3.77 ^ _09638_/ZN (gf180mcu_fd_sc_mcu9t5v0__aoi211_4)
   0.35    4.12 ^ _09639_/Z (gf180mcu_fd_sc_mcu9t5v0__and3_4)
   0.10    4.22 v _09640_/ZN (gf180mcu_fd_sc_mcu9t5v0__oai21_4)
   0.27    4.49 v rebuffer669/Z (gf180mcu_fd_sc_mcu9t5v0__clkbuf_8)
   0.23    4.72 ^ _09660_/ZN (gf180mcu_fd_sc_mcu9t5v0__aoi21_2)
   0.15    4.87 v _09662_/ZN (gf180mcu_fd_sc_mcu9t5v0__oai21_2)
   0.33    5.20 ^ _09673_/ZN (gf180mcu_fd_sc_mcu9t5v0__nand4_2)
   0.16    5.36 v _09690_/ZN (gf180mcu_fd_sc_mcu9t5v0__oai31_4)
   0.46    5.82 ^ _09720_/ZN (gf180mcu_fd_sc_mcu9t5v0__aoi211_4)
   0.23    6.05 ^ place469/Z (gf180mcu_fd_sc_mcu9t5v0__buf_8)
   0.15    6.20 v _09721_/ZN (gf180mcu_fd_sc_mcu9t5v0__nor2_2)
   0.23    6.43 v place462/Z (gf180mcu_fd_sc_mcu9t5v0__buf_8)
   0.20    6.63 ^ _09741_/ZN (gf180mcu_fd_sc_mcu9t5v0__nand2_2)
   0.21    6.84 ^ place449/Z (gf180mcu_fd_sc_mcu9t5v0__buf_8)
   0.12    6.97 v _09921_/ZN (gf180mcu_fd_sc_mcu9t5v0__oai31_2)
   0.26    7.23 ^ _09922_/ZN (gf180mcu_fd_sc_mcu9t5v0__oai211_1)
   0.14    7.36 v _09923_/ZN (gf180mcu_fd_sc_mcu9t5v0__nand2_1)
   0.40    7.77 ^ _09932_/ZN (gf180mcu_fd_sc_mcu9t5v0__aoi221_1)
   0.34    8.11 v _09933_/ZN (gf180mcu_fd_sc_mcu9t5v0__clkinv_1)
   0.30    8.41 v place308/Z (gf180mcu_fd_sc_mcu9t5v0__buf_8)
   0.00    8.41 v u_transform_scheduler_core.u_fft_scratch_sram.u_hi.u_sram/A[5] (gf180mcu_fd_ip_sram__sram256x8m8wm1)
           8.41   data arrival time

  16.28   16.28   clock core_clk (rise edge)
   0.00   16.28   clock source latency
   0.00   16.28 ^ clk (in)
   0.16   16.43 ^ delaybuf_0_core_clk/Z (gf180mcu_fd_sc_mcu9t5v0__clkbuf_16)
   0.17   16.61 ^ delaybuf_1_core_clk/Z (gf180mcu_fd_sc_mcu9t5v0__clkbuf_16)
   0.17   16.78 ^ delaybuf_2_core_clk/Z (gf180mcu_fd_sc_mcu9t5v0__clkbuf_16)
   0.17   16.95 ^ delaybuf_3_core_clk/Z (gf180mcu_fd_sc_mcu9t5v0__clkbuf_16)
   0.19   17.14 ^ clkbuf_0_clk/Z (gf180mcu_fd_sc_mcu9t5v0__clkbuf_16)
   0.28   17.42 ^ clkbuf_1_1__f_clk/Z (gf180mcu_fd_sc_mcu9t5v0__clkbuf_16)
   0.00   17.42 ^ u_transform_scheduler_core.u_fft_scratch_sram.u_hi.u_sram/CLK (gf180mcu_fd_ip_sram__sram256x8m8wm1)
   0.00   17.42   clock reconvergence pessimism
  -0.68   16.74   library setup time
          16.74   data required time
---------------------------------------------------------
          16.74   data required time
          -8.41   data arrival time
---------------------------------------------------------
           8.33   slack (MET)


Startpoint: _20049_ (rising edge-triggered flip-flop clocked by core_clk)
Endpoint: u_transform_scheduler_core.u_fft_scratch_sram.u_lo.u_sram
          (rising edge-triggered flip-flop clocked by core_clk)
Path Group: core_clk
Path Type: max

  Delay    Time   Description
---------------------------------------------------------
   0.00    0.00   clock core_clk (rise edge)
   0.00    0.00   clock source latency
   0.00    0.00 ^ clk (in)
   0.16    0.16 ^ clkbuf_regs_0_core_clk/Z (gf180mcu_fd_sc_mcu9t5v0__clkbuf_16)
   0.19    0.35 ^ clkbuf_0_clk_regs/Z (gf180mcu_fd_sc_mcu9t5v0__clkbuf_16)
   0.23    0.58 ^ clkbuf_2_1_0_clk_regs/Z (gf180mcu_fd_sc_mcu9t5v0__clkbuf_8)
   0.28    0.86 ^ clkbuf_3_3__f_clk_regs/Z (gf180mcu_fd_sc_mcu9t5v0__clkbuf_16)
   0.28    1.14 ^ clkbuf_leaf_18_clk_regs/Z (gf180mcu_fd_sc_mcu9t5v0__clkbuf_8)
   0.00    1.14 ^ _20049_/CLK (gf180mcu_fd_sc_mcu9t5v0__dffrnq_2)
   0.81    1.95 ^ _20049_/Q (gf180mcu_fd_sc_mcu9t5v0__dffrnq_2)
   0.37    2.33 ^ _09607_/ZN (gf180mcu_fd_sc_mcu9t5v0__xnor2_1)
   0.30    2.62 ^ _09608_/Z (gf180mcu_fd_sc_mcu9t5v0__and2_2)
   0.11    2.74 v _09615_/ZN (gf180mcu_fd_sc_mcu9t5v0__oai31_4)
   0.47    3.20 ^ _09616_/Z (gf180mcu_fd_sc_mcu9t5v0__mux2_2)
   0.18    3.38 v _09617_/ZN (gf180mcu_fd_sc_mcu9t5v0__oai31_4)
   0.39    3.77 ^ _09638_/ZN (gf180mcu_fd_sc_mcu9t5v0__aoi211_4)
   0.35    4.12 ^ _09639_/Z (gf180mcu_fd_sc_mcu9t5v0__and3_4)
   0.10    4.22 v _09640_/ZN (gf180mcu_fd_sc_mcu9t5v0__oai21_4)
   0.27    4.49 v rebuffer669/Z (gf180mcu_fd_sc_mcu9t5v0__clkbuf_8)
   0.23    4.72 ^ _09660_/ZN (gf180mcu_fd_sc_mcu9t5v0__aoi21_2)
   0.15    4.87 v _09662_/ZN (gf180mcu_fd_sc_mcu9t5v0__oai21_2)
   0.33    5.20 ^ _09673_/ZN (gf180mcu_fd_sc_mcu9t5v0__nand4_2)
   0.16    5.36 v _09690_/ZN (gf180mcu_fd_sc_mcu9t5v0__oai31_4)
   0.46    5.82 ^ _09720_/ZN (gf180mcu_fd_sc_mcu9t5v0__aoi211_4)
   0.23    6.05 ^ place469/Z (gf180mcu_fd_sc_mcu9t5v0__buf_8)
   0.15    6.20 v _09721_/ZN (gf180mcu_fd_sc_mcu9t5v0__nor2_2)
   0.23    6.43 v place462/Z (gf180mcu_fd_sc_mcu9t5v0__buf_8)
   0.20    6.63 ^ _09741_/ZN (gf180mcu_fd_sc_mcu9t5v0__nand2_2)
   0.21    6.84 ^ place449/Z (gf180mcu_fd_sc_mcu9t5v0__buf_8)
   0.12    6.97 v _09921_/ZN (gf180mcu_fd_sc_mcu9t5v0__oai31_2)
   0.26    7.23 ^ _09922_/ZN (gf180mcu_fd_sc_mcu9t5v0__oai211_1)
   0.14    7.36 v _09923_/ZN (gf180mcu_fd_sc_mcu9t5v0__nand2_1)
   0.40    7.77 ^ _09932_/ZN (gf180mcu_fd_sc_mcu9t5v0__aoi221_1)
   0.34    8.11 v _09933_/ZN (gf180mcu_fd_sc_mcu9t5v0__clkinv_1)
   0.30    8.41 v place308/Z (gf180mcu_fd_sc_mcu9t5v0__buf_8)
   0.00    8.41 v u_transform_scheduler_core.u_fft_scratch_sram.u_lo.u_sram/A[5] (gf180mcu_fd_ip_sram__sram256x8m8wm1)
           8.41   data arrival time

  16.28   16.28   clock core_clk (rise edge)
   0.00   16.28   clock source latency
   0.00   16.28 ^ clk (in)
   0.16   16.43 ^ delaybuf_0_core_clk/Z (gf180mcu_fd_sc_mcu9t5v0__clkbuf_16)
   0.17   16.61 ^ delaybuf_1_core_clk/Z (gf180mcu_fd_sc_mcu9t5v0__clkbuf_16)
   0.17   16.78 ^ delaybuf_2_core_clk/Z (gf180mcu_fd_sc_mcu9t5v0__clkbuf_16)
   0.17   16.95 ^ delaybuf_3_core_clk/Z (gf180mcu_fd_sc_mcu9t5v0__clkbuf_16)
   0.19   17.14 ^ clkbuf_0_clk/Z (gf180mcu_fd_sc_mcu9t5v0__clkbuf_16)
   0.28   17.42 ^ clkbuf_1_0__f_clk/Z (gf180mcu_fd_sc_mcu9t5v0__clkbuf_16)
   0.00   17.42 ^ u_transform_scheduler_core.u_fft_scratch_sram.u_lo.u_sram/CLK (gf180mcu_fd_ip_sram__sram256x8m8wm1)
   0.00   17.42   clock reconvergence pessimism
  -0.68   16.74   library setup time
          16.74   data required time
---------------------------------------------------------
          16.74   data required time
          -8.41   data arrival time
---------------------------------------------------------
           8.33   slack (MET)


Startpoint: _20049_ (rising edge-triggered flip-flop clocked by core_clk)
Endpoint: u_transform_scheduler_core.u_fft_scratch_sram.u_hi.u_sram
          (rising edge-triggered flip-flop clocked by core_clk)
Path Group: core_clk
Path Type: max

  Delay    Time   Description
---------------------------------------------------------
   0.00    0.00   clock core_clk (rise edge)
   0.00    0.00   clock source latency
   0.00    0.00 ^ clk (in)
   0.16    0.16 ^ clkbuf_regs_0_core_clk/Z (gf180mcu_fd_sc_mcu9t5v0__clkbuf_16)
   0.19    0.35 ^ clkbuf_0_clk_regs/Z (gf180mcu_fd_sc_mcu9t5v0__clkbuf_16)
   0.23    0.58 ^ clkbuf_2_1_0_clk_regs/Z (gf180mcu_fd_sc_mcu9t5v0__clkbuf_8)
   0.28    0.86 ^ clkbuf_3_3__f_clk_regs/Z (gf180mcu_fd_sc_mcu9t5v0__clkbuf_16)
   0.28    1.14 ^ clkbuf_leaf_18_clk_regs/Z (gf180mcu_fd_sc_mcu9t5v0__clkbuf_8)
   0.00    1.14 ^ _20049_/CLK (gf180mcu_fd_sc_mcu9t5v0__dffrnq_2)
   0.81    1.95 ^ _20049_/Q (gf180mcu_fd_sc_mcu9t5v0__dffrnq_2)
   0.37    2.33 ^ _09607_/ZN (gf180mcu_fd_sc_mcu9t5v0__xnor2_1)
   0.30    2.62 ^ _09608_/Z (gf180mcu_fd_sc_mcu9t5v0__and2_2)
   0.11    2.74 v _09615_/ZN (gf180mcu_fd_sc_mcu9t5v0__oai31_4)
   0.47    3.20 ^ _09616_/Z (gf180mcu_fd_sc_mcu9t5v0__mux2_2)
   0.18    3.38 v _09617_/ZN (gf180mcu_fd_sc_mcu9t5v0__oai31_4)
   0.39    3.77 ^ _09638_/ZN (gf180mcu_fd_sc_mcu9t5v0__aoi211_4)
   0.35    4.12 ^ _09639_/Z (gf180mcu_fd_sc_mcu9t5v0__and3_4)
   0.10    4.22 v _09640_/ZN (gf180mcu_fd_sc_mcu9t5v0__oai21_4)
   0.27    4.49 v rebuffer669/Z (gf180mcu_fd_sc_mcu9t5v0__clkbuf_8)
   0.23    4.72 ^ _09660_/ZN (gf180mcu_fd_sc_mcu9t5v0__aoi21_2)
   0.15    4.87 v _09662_/ZN (gf180mcu_fd_sc_mcu9t5v0__oai21_2)
   0.33    5.20 ^ _09673_/ZN (gf180mcu_fd_sc_mcu9t5v0__nand4_2)
   0.16    5.36 v _09690_/ZN (gf180mcu_fd_sc_mcu9t5v0__oai31_4)
   0.46    5.82 ^ _09720_/ZN (gf180mcu_fd_sc_mcu9t5v0__aoi211_4)
   0.23    6.05 ^ place469/Z (gf180mcu_fd_sc_mcu9t5v0__buf_8)
   0.14    6.19 v _09756_/ZN (gf180mcu_fd_sc_mcu9t5v0__nor3_4)
   0.27    6.46 v place460/Z (gf180mcu_fd_sc_mcu9t5v0__buf_8)
   0.17    6.63 ^ _09787_/ZN (gf180mcu_fd_sc_mcu9t5v0__nand3_1)
   0.48    7.11 ^ _09804_/Z (gf180mcu_fd_sc_mcu9t5v0__and4_1)
   0.14    7.25 v _09807_/ZN (gf180mcu_fd_sc_mcu9t5v0__oai31_2)
   0.31    7.56 ^ _09900_/ZN (gf180mcu_fd_sc_mcu9t5v0__aoi221_1)
   0.34    7.90 v _09901_/ZN (gf180mcu_fd_sc_mcu9t5v0__clkinv_1)
   0.30    8.20 v place375/Z (gf180mcu_fd_sc_mcu9t5v0__buf_8)
   0.00    8.20 v u_transform_scheduler_core.u_fft_scratch_sram.u_hi.u_sram/A[6] (gf180mcu_fd_ip_sram__sram256x8m8wm1)
           8.20   data arrival time

  16.28   16.28   clock core_clk (rise edge)
   0.00   16.28   clock source latency
   0.00   16.28 ^ clk (in)
   0.16   16.43 ^ delaybuf_0_core_clk/Z (gf180mcu_fd_sc_mcu9t5v0__clkbuf_16)
   0.17   16.61 ^ delaybuf_1_core_clk/Z (gf180mcu_fd_sc_mcu9t5v0__clkbuf_16)
   0.17   16.78 ^ delaybuf_2_core_clk/Z (gf180mcu_fd_sc_mcu9t5v0__clkbuf_16)
   0.17   16.95 ^ delaybuf_3_core_clk/Z (gf180mcu_fd_sc_mcu9t5v0__clkbuf_16)
   0.19   17.14 ^ clkbuf_0_clk/Z (gf180mcu_fd_sc_mcu9t5v0__clkbuf_16)
   0.28   17.42 ^ clkbuf_1_1__f_clk/Z (gf180mcu_fd_sc_mcu9t5v0__clkbuf_16)
   0.00   17.42 ^ u_transform_scheduler_core.u_fft_scratch_sram.u_hi.u_sram/CLK (gf180mcu_fd_ip_sram__sram256x8m8wm1)
   0.00   17.42   clock reconvergence pessimism
  -0.68   16.74   library setup time
          16.74   data required time
---------------------------------------------------------
          16.74   data required time
          -8.20   data arrival time
---------------------------------------------------------
           8.53   slack (MET)


Startpoint: _20049_ (rising edge-triggered flip-flop clocked by core_clk)
Endpoint: u_transform_scheduler_core.u_fft_scratch_sram.u_lo.u_sram
          (rising edge-triggered flip-flop clocked by core_clk)
Path Group: core_clk
Path Type: max

  Delay    Time   Description
---------------------------------------------------------
   0.00    0.00   clock core_clk (rise edge)
   0.00    0.00   clock source latency
   0.00    0.00 ^ clk (in)
   0.16    0.16 ^ clkbuf_regs_0_core_clk/Z (gf180mcu_fd_sc_mcu9t5v0__clkbuf_16)
   0.19    0.35 ^ clkbuf_0_clk_regs/Z (gf180mcu_fd_sc_mcu9t5v0__clkbuf_16)
   0.23    0.58 ^ clkbuf_2_1_0_clk_regs/Z (gf180mcu_fd_sc_mcu9t5v0__clkbuf_8)
   0.28    0.86 ^ clkbuf_3_3__f_clk_regs/Z (gf180mcu_fd_sc_mcu9t5v0__clkbuf_16)
   0.28    1.14 ^ clkbuf_leaf_18_clk_regs/Z (gf180mcu_fd_sc_mcu9t5v0__clkbuf_8)
   0.00    1.14 ^ _20049_/CLK (gf180mcu_fd_sc_mcu9t5v0__dffrnq_2)
   0.81    1.95 ^ _20049_/Q (gf180mcu_fd_sc_mcu9t5v0__dffrnq_2)
   0.37    2.33 ^ _09607_/ZN (gf180mcu_fd_sc_mcu9t5v0__xnor2_1)
   0.30    2.62 ^ _09608_/Z (gf180mcu_fd_sc_mcu9t5v0__and2_2)
   0.11    2.74 v _09615_/ZN (gf180mcu_fd_sc_mcu9t5v0__oai31_4)
   0.47    3.20 ^ _09616_/Z (gf180mcu_fd_sc_mcu9t5v0__mux2_2)
   0.18    3.38 v _09617_/ZN (gf180mcu_fd_sc_mcu9t5v0__oai31_4)
   0.39    3.77 ^ _09638_/ZN (gf180mcu_fd_sc_mcu9t5v0__aoi211_4)
   0.35    4.12 ^ _09639_/Z (gf180mcu_fd_sc_mcu9t5v0__and3_4)
   0.10    4.22 v _09640_/ZN (gf180mcu_fd_sc_mcu9t5v0__oai21_4)
   0.27    4.49 v rebuffer669/Z (gf180mcu_fd_sc_mcu9t5v0__clkbuf_8)
   0.23    4.72 ^ _09660_/ZN (gf180mcu_fd_sc_mcu9t5v0__aoi21_2)
   0.15    4.87 v _09662_/ZN (gf180mcu_fd_sc_mcu9t5v0__oai21_2)
   0.33    5.20 ^ _09673_/ZN (gf180mcu_fd_sc_mcu9t5v0__nand4_2)
   0.16    5.36 v _09690_/ZN (gf180mcu_fd_sc_mcu9t5v0__oai31_4)
   0.46    5.82 ^ _09720_/ZN (gf180mcu_fd_sc_mcu9t5v0__aoi211_4)
   0.23    6.05 ^ place469/Z (gf180mcu_fd_sc_mcu9t5v0__buf_8)
   0.14    6.19 v _09756_/ZN (gf180mcu_fd_sc_mcu9t5v0__nor3_4)
   0.27    6.46 v place460/Z (gf180mcu_fd_sc_mcu9t5v0__buf_8)
   0.17    6.63 ^ _09787_/ZN (gf180mcu_fd_sc_mcu9t5v0__nand3_1)
   0.48    7.11 ^ _09804_/Z (gf180mcu_fd_sc_mcu9t5v0__and4_1)
   0.14    7.25 v _09807_/ZN (gf180mcu_fd_sc_mcu9t5v0__oai31_2)
   0.31    7.56 ^ _09900_/ZN (gf180mcu_fd_sc_mcu9t5v0__aoi221_1)
   0.34    7.90 v _09901_/ZN (gf180mcu_fd_sc_mcu9t5v0__clkinv_1)
   0.30    8.20 v place375/Z (gf180mcu_fd_sc_mcu9t5v0__buf_8)
   0.00    8.20 v u_transform_scheduler_core.u_fft_scratch_sram.u_lo.u_sram/A[6] (gf180mcu_fd_ip_sram__sram256x8m8wm1)
           8.20   data arrival time

  16.28   16.28   clock core_clk (rise edge)
   0.00   16.28   clock source latency
   0.00   16.28 ^ clk (in)
   0.16   16.43 ^ delaybuf_0_core_clk/Z (gf180mcu_fd_sc_mcu9t5v0__clkbuf_16)
   0.17   16.61 ^ delaybuf_1_core_clk/Z (gf180mcu_fd_sc_mcu9t5v0__clkbuf_16)
   0.17   16.78 ^ delaybuf_2_core_clk/Z (gf180mcu_fd_sc_mcu9t5v0__clkbuf_16)
   0.17   16.95 ^ delaybuf_3_core_clk/Z (gf180mcu_fd_sc_mcu9t5v0__clkbuf_16)
   0.19   17.14 ^ clkbuf_0_clk/Z (gf180mcu_fd_sc_mcu9t5v0__clkbuf_16)
   0.28   17.42 ^ clkbuf_1_0__f_clk/Z (gf180mcu_fd_sc_mcu9t5v0__clkbuf_16)
   0.00   17.42 ^ u_transform_scheduler_core.u_fft_scratch_sram.u_lo.u_sram/CLK (gf180mcu_fd_ip_sram__sram256x8m8wm1)
   0.00   17.42   clock reconvergence pessimism
  -0.68   16.74   library setup time
          16.74   data required time
---------------------------------------------------------
          16.74   data required time
          -8.20   data arrival time
---------------------------------------------------------
           8.53   slack (MET)


Startpoint: _20049_ (rising edge-triggered flip-flop clocked by core_clk)
Endpoint: u_transform_scheduler_core.u_fft_scratch_sram.u_hi.u_sram
          (rising edge-triggered flip-flop clocked by core_clk)
Path Group: core_clk
Path Type: max

  Delay    Time   Description
---------------------------------------------------------
   0.00    0.00   clock core_clk (rise edge)
   0.00    0.00   clock source latency
   0.00    0.00 ^ clk (in)
   0.16    0.16 ^ clkbuf_regs_0_core_clk/Z (gf180mcu_fd_sc_mcu9t5v0__clkbuf_16)
   0.19    0.35 ^ clkbuf_0_clk_regs/Z (gf180mcu_fd_sc_mcu9t5v0__clkbuf_16)
   0.23    0.58 ^ clkbuf_2_1_0_clk_regs/Z (gf180mcu_fd_sc_mcu9t5v0__clkbuf_8)
   0.28    0.86 ^ clkbuf_3_3__f_clk_regs/Z (gf180mcu_fd_sc_mcu9t5v0__clkbuf_16)
   0.28    1.14 ^ clkbuf_leaf_18_clk_regs/Z (gf180mcu_fd_sc_mcu9t5v0__clkbuf_8)
   0.00    1.14 ^ _20049_/CLK (gf180mcu_fd_sc_mcu9t5v0__dffrnq_2)
   0.81    1.95 ^ _20049_/Q (gf180mcu_fd_sc_mcu9t5v0__dffrnq_2)
   0.37    2.33 ^ _09607_/ZN (gf180mcu_fd_sc_mcu9t5v0__xnor2_1)
   0.30    2.62 ^ _09608_/Z (gf180mcu_fd_sc_mcu9t5v0__and2_2)
   0.11    2.74 v _09615_/ZN (gf180mcu_fd_sc_mcu9t5v0__oai31_4)
   0.47    3.20 ^ _09616_/Z (gf180mcu_fd_sc_mcu9t5v0__mux2_2)
   0.18    3.38 v _09617_/ZN (gf180mcu_fd_sc_mcu9t5v0__oai31_4)
   0.39    3.77 ^ _09638_/ZN (gf180mcu_fd_sc_mcu9t5v0__aoi211_4)
   0.35    4.12 ^ _09639_/Z (gf180mcu_fd_sc_mcu9t5v0__and3_4)
   0.10    4.22 v _09640_/ZN (gf180mcu_fd_sc_mcu9t5v0__oai21_4)
   0.27    4.49 v rebuffer669/Z (gf180mcu_fd_sc_mcu9t5v0__clkbuf_8)
   0.23    4.72 ^ _09660_/ZN (gf180mcu_fd_sc_mcu9t5v0__aoi21_2)
   0.15    4.87 v _09662_/ZN (gf180mcu_fd_sc_mcu9t5v0__oai21_2)
   0.33    5.20 ^ _09673_/ZN (gf180mcu_fd_sc_mcu9t5v0__nand4_2)
   0.16    5.36 v _09690_/ZN (gf180mcu_fd_sc_mcu9t5v0__oai31_4)
   0.46    5.82 ^ _09720_/ZN (gf180mcu_fd_sc_mcu9t5v0__aoi211_4)
   0.23    6.05 ^ place469/Z (gf180mcu_fd_sc_mcu9t5v0__buf_8)
   0.14    6.19 v _09756_/ZN (gf180mcu_fd_sc_mcu9t5v0__nor3_4)
   0.27    6.46 v place460/Z (gf180mcu_fd_sc_mcu9t5v0__buf_8)
   0.20    6.66 ^ _18394_/ZN (gf180mcu_fd_sc_mcu9t5v0__nand3_1)
   0.12    6.78 v _18396_/ZN (gf180mcu_fd_sc_mcu9t5v0__nand2_1)
   0.23    7.01 ^ _18397_/ZN (gf180mcu_fd_sc_mcu9t5v0__oai211_1)
   0.14    7.15 v _18398_/ZN (gf180mcu_fd_sc_mcu9t5v0__nand2_1)
   0.40    7.55 ^ _18437_/ZN (gf180mcu_fd_sc_mcu9t5v0__aoi221_1)
   0.34    7.89 v _18438_/ZN (gf180mcu_fd_sc_mcu9t5v0__clkinv_1)
   0.30    8.19 v place311/Z (gf180mcu_fd_sc_mcu9t5v0__buf_8)
   0.00    8.19 v u_transform_scheduler_core.u_fft_scratch_sram.u_hi.u_sram/A[7] (gf180mcu_fd_ip_sram__sram256x8m8wm1)
           8.19   data arrival time

  16.28   16.28   clock core_clk (rise edge)
   0.00   16.28   clock source latency
   0.00   16.28 ^ clk (in)
   0.16   16.43 ^ delaybuf_0_core_clk/Z (gf180mcu_fd_sc_mcu9t5v0__clkbuf_16)
   0.17   16.61 ^ delaybuf_1_core_clk/Z (gf180mcu_fd_sc_mcu9t5v0__clkbuf_16)
   0.17   16.78 ^ delaybuf_2_core_clk/Z (gf180mcu_fd_sc_mcu9t5v0__clkbuf_16)
   0.17   16.95 ^ delaybuf_3_core_clk/Z (gf180mcu_fd_sc_mcu9t5v0__clkbuf_16)
   0.19   17.14 ^ clkbuf_0_clk/Z (gf180mcu_fd_sc_mcu9t5v0__clkbuf_16)
   0.28   17.42 ^ clkbuf_1_1__f_clk/Z (gf180mcu_fd_sc_mcu9t5v0__clkbuf_16)
   0.00   17.42 ^ u_transform_scheduler_core.u_fft_scratch_sram.u_hi.u_sram/CLK (gf180mcu_fd_ip_sram__sram256x8m8wm1)
   0.00   17.42   clock reconvergence pessimism
  -0.68   16.74   library setup time
          16.74   data required time
---------------------------------------------------------
          16.74   data required time
          -8.19   data arrival time
---------------------------------------------------------
           8.55   slack (MET)


Startpoint: _20049_ (rising edge-triggered flip-flop clocked by core_clk)
Endpoint: u_transform_scheduler_core.u_fft_scratch_sram.u_lo.u_sram
          (rising edge-triggered flip-flop clocked by core_clk)
Path Group: core_clk
Path Type: max

  Delay    Time   Description
---------------------------------------------------------
   0.00    0.00   clock core_clk (rise edge)
   0.00    0.00   clock source latency
   0.00    0.00 ^ clk (in)
   0.16    0.16 ^ clkbuf_regs_0_core_clk/Z (gf180mcu_fd_sc_mcu9t5v0__clkbuf_16)
   0.19    0.35 ^ clkbuf_0_clk_regs/Z (gf180mcu_fd_sc_mcu9t5v0__clkbuf_16)
   0.23    0.58 ^ clkbuf_2_1_0_clk_regs/Z (gf180mcu_fd_sc_mcu9t5v0__clkbuf_8)
   0.28    0.86 ^ clkbuf_3_3__f_clk_regs/Z (gf180mcu_fd_sc_mcu9t5v0__clkbuf_16)
   0.28    1.14 ^ clkbuf_leaf_18_clk_regs/Z (gf180mcu_fd_sc_mcu9t5v0__clkbuf_8)
   0.00    1.14 ^ _20049_/CLK (gf180mcu_fd_sc_mcu9t5v0__dffrnq_2)
   0.81    1.95 ^ _20049_/Q (gf180mcu_fd_sc_mcu9t5v0__dffrnq_2)
   0.37    2.33 ^ _09607_/ZN (gf180mcu_fd_sc_mcu9t5v0__xnor2_1)
   0.30    2.62 ^ _09608_/Z (gf180mcu_fd_sc_mcu9t5v0__and2_2)
   0.11    2.74 v _09615_/ZN (gf180mcu_fd_sc_mcu9t5v0__oai31_4)
   0.47    3.20 ^ _09616_/Z (gf180mcu_fd_sc_mcu9t5v0__mux2_2)
   0.18    3.38 v _09617_/ZN (gf180mcu_fd_sc_mcu9t5v0__oai31_4)
   0.39    3.77 ^ _09638_/ZN (gf180mcu_fd_sc_mcu9t5v0__aoi211_4)
   0.35    4.12 ^ _09639_/Z (gf180mcu_fd_sc_mcu9t5v0__and3_4)
   0.10    4.22 v _09640_/ZN (gf180mcu_fd_sc_mcu9t5v0__oai21_4)
   0.27    4.49 v rebuffer669/Z (gf180mcu_fd_sc_mcu9t5v0__clkbuf_8)
   0.23    4.72 ^ _09660_/ZN (gf180mcu_fd_sc_mcu9t5v0__aoi21_2)
   0.15    4.87 v _09662_/ZN (gf180mcu_fd_sc_mcu9t5v0__oai21_2)
   0.33    5.20 ^ _09673_/ZN (gf180mcu_fd_sc_mcu9t5v0__nand4_2)
   0.16    5.36 v _09690_/ZN (gf180mcu_fd_sc_mcu9t5v0__oai31_4)
   0.46    5.82 ^ _09720_/ZN (gf180mcu_fd_sc_mcu9t5v0__aoi211_4)
   0.23    6.05 ^ place469/Z (gf180mcu_fd_sc_mcu9t5v0__buf_8)
   0.14    6.19 v _09756_/ZN (gf180mcu_fd_sc_mcu9t5v0__nor3_4)
   0.27    6.46 v place460/Z (gf180mcu_fd_sc_mcu9t5v0__buf_8)
   0.20    6.66 ^ _18394_/ZN (gf180mcu_fd_sc_mcu9t5v0__nand3_1)
   0.12    6.78 v _18396_/ZN (gf180mcu_fd_sc_mcu9t5v0__nand2_1)
   0.23    7.01 ^ _18397_/ZN (gf180mcu_fd_sc_mcu9t5v0__oai211_1)
   0.14    7.15 v _18398_/ZN (gf180mcu_fd_sc_mcu9t5v0__nand2_1)
   0.40    7.55 ^ _18437_/ZN (gf180mcu_fd_sc_mcu9t5v0__aoi221_1)
   0.34    7.89 v _18438_/ZN (gf180mcu_fd_sc_mcu9t5v0__clkinv_1)
   0.30    8.19 v place311/Z (gf180mcu_fd_sc_mcu9t5v0__buf_8)
   0.00    8.19 v u_transform_scheduler_core.u_fft_scratch_sram.u_lo.u_sram/A[7] (gf180mcu_fd_ip_sram__sram256x8m8wm1)
           8.19   data arrival time

  16.28   16.28   clock core_clk (rise edge)
   0.00   16.28   clock source latency
   0.00   16.28 ^ clk (in)
   0.16   16.43 ^ delaybuf_0_core_clk/Z (gf180mcu_fd_sc_mcu9t5v0__clkbuf_16)
   0.17   16.61 ^ delaybuf_1_core_clk/Z (gf180mcu_fd_sc_mcu9t5v0__clkbuf_16)
   0.17   16.78 ^ delaybuf_2_core_clk/Z (gf180mcu_fd_sc_mcu9t5v0__clkbuf_16)
   0.17   16.95 ^ delaybuf_3_core_clk/Z (gf180mcu_fd_sc_mcu9t5v0__clkbuf_16)
   0.19   17.14 ^ clkbuf_0_clk/Z (gf180mcu_fd_sc_mcu9t5v0__clkbuf_16)
   0.28   17.42 ^ clkbuf_1_0__f_clk/Z (gf180mcu_fd_sc_mcu9t5v0__clkbuf_16)
   0.00   17.42 ^ u_transform_scheduler_core.u_fft_scratch_sram.u_lo.u_sram/CLK (gf180mcu_fd_ip_sram__sram256x8m8wm1)
   0.00   17.42   clock reconvergence pessimism
  -0.68   16.74   library setup time
          16.74   data required time
---------------------------------------------------------
          16.74   data required time
          -8.19   data arrival time
---------------------------------------------------------
           8.55   slack (MET)


Startpoint: _20049_ (rising edge-triggered flip-flop clocked by core_clk)
Endpoint: u_transform_scheduler_core.u_fft_scratch_sram.u_hi.u_sram
          (rising edge-triggered flip-flop clocked by core_clk)
Path Group: core_clk
Path Type: max

  Delay    Time   Description
---------------------------------------------------------
   0.00    0.00   clock core_clk (rise edge)
   0.00    0.00   clock source latency
   0.00    0.00 ^ clk (in)
   0.16    0.16 ^ clkbuf_regs_0_core_clk/Z (gf180mcu_fd_sc_mcu9t5v0__clkbuf_16)
   0.19    0.35 ^ clkbuf_0_clk_regs/Z (gf180mcu_fd_sc_mcu9t5v0__clkbuf_16)
   0.23    0.58 ^ clkbuf_2_1_0_clk_regs/Z (gf180mcu_fd_sc_mcu9t5v0__clkbuf_8)
   0.28    0.86 ^ clkbuf_3_3__f_clk_regs/Z (gf180mcu_fd_sc_mcu9t5v0__clkbuf_16)
   0.28    1.14 ^ clkbuf_leaf_18_clk_regs/Z (gf180mcu_fd_sc_mcu9t5v0__clkbuf_8)
   0.00    1.14 ^ _20049_/CLK (gf180mcu_fd_sc_mcu9t5v0__dffrnq_2)
   0.81    1.95 ^ _20049_/Q (gf180mcu_fd_sc_mcu9t5v0__dffrnq_2)
   0.37    2.33 ^ _09607_/ZN (gf180mcu_fd_sc_mcu9t5v0__xnor2_1)
   0.30    2.62 ^ _09608_/Z (gf180mcu_fd_sc_mcu9t5v0__and2_2)
   0.11    2.74 v _09615_/ZN (gf180mcu_fd_sc_mcu9t5v0__oai31_4)
   0.47    3.20 ^ _09616_/Z (gf180mcu_fd_sc_mcu9t5v0__mux2_2)
   0.18    3.38 v _09617_/ZN (gf180mcu_fd_sc_mcu9t5v0__oai31_4)
   0.39    3.77 ^ _09638_/ZN (gf180mcu_fd_sc_mcu9t5v0__aoi211_4)
   0.35    4.12 ^ _09639_/Z (gf180mcu_fd_sc_mcu9t5v0__and3_4)
   0.10    4.22 v _09640_/ZN (gf180mcu_fd_sc_mcu9t5v0__oai21_4)
   0.27    4.49 v rebuffer669/Z (gf180mcu_fd_sc_mcu9t5v0__clkbuf_8)
   0.23    4.72 ^ _09660_/ZN (gf180mcu_fd_sc_mcu9t5v0__aoi21_2)
   0.15    4.87 v _09662_/ZN (gf180mcu_fd_sc_mcu9t5v0__oai21_2)
   0.33    5.20 ^ _09673_/ZN (gf180mcu_fd_sc_mcu9t5v0__nand4_2)
   0.16    5.36 v _09690_/ZN (gf180mcu_fd_sc_mcu9t5v0__oai31_4)
   0.46    5.82 ^ _09720_/ZN (gf180mcu_fd_sc_mcu9t5v0__aoi211_4)
   0.23    6.05 ^ place469/Z (gf180mcu_fd_sc_mcu9t5v0__buf_8)
   0.14    6.19 v _09756_/ZN (gf180mcu_fd_sc_mcu9t5v0__nor3_4)
   0.27    6.46 v place460/Z (gf180mcu_fd_sc_mcu9t5v0__buf_8)
   0.46    6.92 ^ _09977_/ZN (gf180mcu_fd_sc_mcu9t5v0__aoi221_1)
   0.20    7.12 v _09979_/ZN (gf180mcu_fd_sc_mcu9t5v0__oai22_1)
   0.41    7.53 ^ _09988_/ZN (gf180mcu_fd_sc_mcu9t5v0__aoi221_1)
   0.34    7.87 v _09989_/ZN (gf180mcu_fd_sc_mcu9t5v0__clkinv_1)
   0.30    8.17 v place374/Z (gf180mcu_fd_sc_mcu9t5v0__buf_8)
   0.00    8.17 v u_transform_scheduler_core.u_fft_scratch_sram.u_hi.u_sram/A[2] (gf180mcu_fd_ip_sram__sram256x8m8wm1)
           8.17   data arrival time

  16.28   16.28   clock core_clk (rise edge)
   0.00   16.28   clock source latency
   0.00   16.28 ^ clk (in)
   0.16   16.43 ^ delaybuf_0_core_clk/Z (gf180mcu_fd_sc_mcu9t5v0__clkbuf_16)
   0.17   16.61 ^ delaybuf_1_core_clk/Z (gf180mcu_fd_sc_mcu9t5v0__clkbuf_16)
   0.17   16.78 ^ delaybuf_2_core_clk/Z (gf180mcu_fd_sc_mcu9t5v0__clkbuf_16)
   0.17   16.95 ^ delaybuf_3_core_clk/Z (gf180mcu_fd_sc_mcu9t5v0__clkbuf_16)
   0.19   17.14 ^ clkbuf_0_clk/Z (gf180mcu_fd_sc_mcu9t5v0__clkbuf_16)
   0.28   17.42 ^ clkbuf_1_1__f_clk/Z (gf180mcu_fd_sc_mcu9t5v0__clkbuf_16)
   0.00   17.42 ^ u_transform_scheduler_core.u_fft_scratch_sram.u_hi.u_sram/CLK (gf180mcu_fd_ip_sram__sram256x8m8wm1)
   0.00   17.42   clock reconvergence pessimism
  -0.68   16.74   library setup time
          16.74   data required time
---------------------------------------------------------
          16.74   data required time
          -8.17   data arrival time
---------------------------------------------------------
           8.56   slack (MET)


Startpoint: _20049_ (rising edge-triggered flip-flop clocked by core_clk)
Endpoint: u_transform_scheduler_core.u_fft_scratch_sram.u_lo.u_sram
          (rising edge-triggered flip-flop clocked by core_clk)
Path Group: core_clk
Path Type: max

  Delay    Time   Description
---------------------------------------------------------
   0.00    0.00   clock core_clk (rise edge)
   0.00    0.00   clock source latency
   0.00    0.00 ^ clk (in)
   0.16    0.16 ^ clkbuf_regs_0_core_clk/Z (gf180mcu_fd_sc_mcu9t5v0__clkbuf_16)
   0.19    0.35 ^ clkbuf_0_clk_regs/Z (gf180mcu_fd_sc_mcu9t5v0__clkbuf_16)
   0.23    0.58 ^ clkbuf_2_1_0_clk_regs/Z (gf180mcu_fd_sc_mcu9t5v0__clkbuf_8)
   0.28    0.86 ^ clkbuf_3_3__f_clk_regs/Z (gf180mcu_fd_sc_mcu9t5v0__clkbuf_16)
   0.28    1.14 ^ clkbuf_leaf_18_clk_regs/Z (gf180mcu_fd_sc_mcu9t5v0__clkbuf_8)
   0.00    1.14 ^ _20049_/CLK (gf180mcu_fd_sc_mcu9t5v0__dffrnq_2)
   0.81    1.95 ^ _20049_/Q (gf180mcu_fd_sc_mcu9t5v0__dffrnq_2)
   0.37    2.33 ^ _09607_/ZN (gf180mcu_fd_sc_mcu9t5v0__xnor2_1)
   0.30    2.62 ^ _09608_/Z (gf180mcu_fd_sc_mcu9t5v0__and2_2)
   0.11    2.74 v _09615_/ZN (gf180mcu_fd_sc_mcu9t5v0__oai31_4)
   0.47    3.20 ^ _09616_/Z (gf180mcu_fd_sc_mcu9t5v0__mux2_2)
   0.18    3.38 v _09617_/ZN (gf180mcu_fd_sc_mcu9t5v0__oai31_4)
   0.39    3.77 ^ _09638_/ZN (gf180mcu_fd_sc_mcu9t5v0__aoi211_4)
   0.35    4.12 ^ _09639_/Z (gf180mcu_fd_sc_mcu9t5v0__and3_4)
   0.10    4.22 v _09640_/ZN (gf180mcu_fd_sc_mcu9t5v0__oai21_4)
   0.27    4.49 v rebuffer669/Z (gf180mcu_fd_sc_mcu9t5v0__clkbuf_8)
   0.23    4.72 ^ _09660_/ZN (gf180mcu_fd_sc_mcu9t5v0__aoi21_2)
   0.15    4.87 v _09662_/ZN (gf180mcu_fd_sc_mcu9t5v0__oai21_2)
   0.33    5.20 ^ _09673_/ZN (gf180mcu_fd_sc_mcu9t5v0__nand4_2)
   0.16    5.36 v _09690_/ZN (gf180mcu_fd_sc_mcu9t5v0__oai31_4)
   0.46    5.82 ^ _09720_/ZN (gf180mcu_fd_sc_mcu9t5v0__aoi211_4)
   0.23    6.05 ^ place469/Z (gf180mcu_fd_sc_mcu9t5v0__buf_8)
   0.14    6.19 v _09756_/ZN (gf180mcu_fd_sc_mcu9t5v0__nor3_4)
   0.27    6.46 v place460/Z (gf180mcu_fd_sc_mcu9t5v0__buf_8)
   0.46    6.92 ^ _09977_/ZN (gf180mcu_fd_sc_mcu9t5v0__aoi221_1)
   0.20    7.12 v _09979_/ZN (gf180mcu_fd_sc_mcu9t5v0__oai22_1)
   0.41    7.53 ^ _09988_/ZN (gf180mcu_fd_sc_mcu9t5v0__aoi221_1)
   0.34    7.87 v _09989_/ZN (gf180mcu_fd_sc_mcu9t5v0__clkinv_1)
   0.30    8.17 v place374/Z (gf180mcu_fd_sc_mcu9t5v0__buf_8)
   0.00    8.17 v u_transform_scheduler_core.u_fft_scratch_sram.u_lo.u_sram/A[2] (gf180mcu_fd_ip_sram__sram256x8m8wm1)
           8.17   data arrival time

  16.28   16.28   clock core_clk (rise edge)
   0.00   16.28   clock source latency
   0.00   16.28 ^ clk (in)
   0.16   16.43 ^ delaybuf_0_core_clk/Z (gf180mcu_fd_sc_mcu9t5v0__clkbuf_16)
   0.17   16.61 ^ delaybuf_1_core_clk/Z (gf180mcu_fd_sc_mcu9t5v0__clkbuf_16)
   0.17   16.78 ^ delaybuf_2_core_clk/Z (gf180mcu_fd_sc_mcu9t5v0__clkbuf_16)
   0.17   16.95 ^ delaybuf_3_core_clk/Z (gf180mcu_fd_sc_mcu9t5v0__clkbuf_16)
   0.19   17.14 ^ clkbuf_0_clk/Z (gf180mcu_fd_sc_mcu9t5v0__clkbuf_16)
   0.28   17.42 ^ clkbuf_1_0__f_clk/Z (gf180mcu_fd_sc_mcu9t5v0__clkbuf_16)
   0.00   17.42 ^ u_transform_scheduler_core.u_fft_scratch_sram.u_lo.u_sram/CLK (gf180mcu_fd_ip_sram__sram256x8m8wm1)
   0.00   17.42   clock reconvergence pessimism
  -0.68   16.74   library setup time
          16.74   data required time
---------------------------------------------------------
          16.74   data required time
          -8.17   data arrival time
---------------------------------------------------------
           8.56   slack (MET)


Startpoint: _20048_ (rising edge-triggered flip-flop clocked by core_clk)
Endpoint: u_transform_scheduler_core.u_fft_scratch_sram.u_hi.u_sram
          (rising edge-triggered flip-flop clocked by core_clk)
Path Group: core_clk
Path Type: max

  Delay    Time   Description
---------------------------------------------------------
   0.00    0.00   clock core_clk (rise edge)
   0.00    0.00   clock source latency
   0.00    0.00 ^ clk (in)
   0.16    0.16 ^ clkbuf_regs_0_core_clk/Z (gf180mcu_fd_sc_mcu9t5v0__clkbuf_16)
   0.19    0.35 ^ clkbuf_0_clk_regs/Z (gf180mcu_fd_sc_mcu9t5v0__clkbuf_16)
   0.23    0.58 ^ clkbuf_2_1_0_clk_regs/Z (gf180mcu_fd_sc_mcu9t5v0__clkbuf_8)
   0.28    0.86 ^ clkbuf_3_3__f_clk_regs/Z (gf180mcu_fd_sc_mcu9t5v0__clkbuf_16)
   0.28    1.14 ^ clkbuf_leaf_18_clk_regs/Z (gf180mcu_fd_sc_mcu9t5v0__clkbuf_8)
   0.00    1.14 ^ _20048_/CLK (gf180mcu_fd_sc_mcu9t5v0__dffrnq_2)
   0.67    1.81 v _20048_/Q (gf180mcu_fd_sc_mcu9t5v0__dffrnq_2)
   0.37    2.17 v _09607_/ZN (gf180mcu_fd_sc_mcu9t5v0__xnor2_1)
   0.32    2.49 v _09608_/Z (gf180mcu_fd_sc_mcu9t5v0__and2_2)
   0.24    2.73 ^ _09615_/ZN (gf180mcu_fd_sc_mcu9t5v0__oai31_4)
   0.45    3.18 v _09616_/Z (gf180mcu_fd_sc_mcu9t5v0__mux2_2)
   0.40    3.58 ^ _09617_/ZN (gf180mcu_fd_sc_mcu9t5v0__oai31_4)
   0.15    3.73 v _09638_/ZN (gf180mcu_fd_sc_mcu9t5v0__aoi211_4)
   0.30    4.03 ^ _09677_/ZN (gf180mcu_fd_sc_mcu9t5v0__nand3_2)
   0.14    4.17 v _09679_/ZN (gf180mcu_fd_sc_mcu9t5v0__aoi21_2)
   0.27    4.44 v place488/Z (gf180mcu_fd_sc_mcu9t5v0__clkbuf_8)
   0.33    4.77 ^ _09685_/ZN (gf180mcu_fd_sc_mcu9t5v0__oai31_4)
   0.12    4.90 v _09688_/ZN (gf180mcu_fd_sc_mcu9t5v0__aoi21_2)
   0.39    5.28 v _09689_/Z (gf180mcu_fd_sc_mcu9t5v0__or2_2)
   0.36    5.64 ^ _09690_/ZN (gf180mcu_fd_sc_mcu9t5v0__oai31_4)
   0.25    5.89 v _09720_/ZN (gf180mcu_fd_sc_mcu9t5v0__aoi211_4)
   0.29    6.18 v place469/Z (gf180mcu_fd_sc_mcu9t5v0__buf_8)
   0.29    6.47 ^ _09756_/ZN (gf180mcu_fd_sc_mcu9t5v0__nor3_4)
   0.28    6.75 ^ place460/Z (gf180mcu_fd_sc_mcu9t5v0__buf_8)
   0.14    6.89 v _09959_/ZN (gf180mcu_fd_sc_mcu9t5v0__nand3_1)
   0.30    7.18 ^ _09960_/ZN (gf180mcu_fd_sc_mcu9t5v0__oai211_1)
   0.21    7.39 v _09961_/ZN (gf180mcu_fd_sc_mcu9t5v0__oai211_1)
   0.22    7.62 ^ _09962_/ZN (gf180mcu_fd_sc_mcu9t5v0__nand2_1)
   0.12    7.73 v _09973_/ZN (gf180mcu_fd_sc_mcu9t5v0__aoi22_1)
   0.37    8.10 ^ _09974_/ZN (gf180mcu_fd_sc_mcu9t5v0__nand2_1)
   0.23    8.34 ^ place343/Z (gf180mcu_fd_sc_mcu9t5v0__buf_8)
   0.00    8.34 ^ u_transform_scheduler_core.u_fft_scratch_sram.u_hi.u_sram/A[3] (gf180mcu_fd_ip_sram__sram256x8m8wm1)
           8.34   data arrival time

  16.28   16.28   clock core_clk (rise edge)
   0.00   16.28   clock source latency
   0.00   16.28 ^ clk (in)
   0.16   16.43 ^ delaybuf_0_core_clk/Z (gf180mcu_fd_sc_mcu9t5v0__clkbuf_16)
   0.17   16.61 ^ delaybuf_1_core_clk/Z (gf180mcu_fd_sc_mcu9t5v0__clkbuf_16)
   0.17   16.78 ^ delaybuf_2_core_clk/Z (gf180mcu_fd_sc_mcu9t5v0__clkbuf_16)
   0.17   16.95 ^ delaybuf_3_core_clk/Z (gf180mcu_fd_sc_mcu9t5v0__clkbuf_16)
   0.19   17.14 ^ clkbuf_0_clk/Z (gf180mcu_fd_sc_mcu9t5v0__clkbuf_16)
   0.28   17.42 ^ clkbuf_1_1__f_clk/Z (gf180mcu_fd_sc_mcu9t5v0__clkbuf_16)
   0.00   17.42 ^ u_transform_scheduler_core.u_fft_scratch_sram.u_hi.u_sram/CLK (gf180mcu_fd_ip_sram__sram256x8m8wm1)
   0.00   17.42   clock reconvergence pessimism
  -0.50   16.92   library setup time
          16.92   data required time
---------------------------------------------------------
          16.92   data required time
          -8.34   data arrival time
---------------------------------------------------------
           8.58   slack (MET)


Startpoint: _20048_ (rising edge-triggered flip-flop clocked by core_clk)
Endpoint: u_transform_scheduler_core.u_fft_scratch_sram.u_lo.u_sram
          (rising edge-triggered flip-flop clocked by core_clk)
Path Group: core_clk
Path Type: max

  Delay    Time   Description
---------------------------------------------------------
   0.00    0.00   clock core_clk (rise edge)
   0.00    0.00   clock source latency
   0.00    0.00 ^ clk (in)
   0.16    0.16 ^ clkbuf_regs_0_core_clk/Z (gf180mcu_fd_sc_mcu9t5v0__clkbuf_16)
   0.19    0.35 ^ clkbuf_0_clk_regs/Z (gf180mcu_fd_sc_mcu9t5v0__clkbuf_16)
   0.23    0.58 ^ clkbuf_2_1_0_clk_regs/Z (gf180mcu_fd_sc_mcu9t5v0__clkbuf_8)
   0.28    0.86 ^ clkbuf_3_3__f_clk_regs/Z (gf180mcu_fd_sc_mcu9t5v0__clkbuf_16)
   0.28    1.14 ^ clkbuf_leaf_18_clk_regs/Z (gf180mcu_fd_sc_mcu9t5v0__clkbuf_8)
   0.00    1.14 ^ _20048_/CLK (gf180mcu_fd_sc_mcu9t5v0__dffrnq_2)
   0.67    1.81 v _20048_/Q (gf180mcu_fd_sc_mcu9t5v0__dffrnq_2)
   0.37    2.17 v _09607_/ZN (gf180mcu_fd_sc_mcu9t5v0__xnor2_1)
   0.32    2.49 v _09608_/Z (gf180mcu_fd_sc_mcu9t5v0__and2_2)
   0.24    2.73 ^ _09615_/ZN (gf180mcu_fd_sc_mcu9t5v0__oai31_4)
   0.45    3.18 v _09616_/Z (gf180mcu_fd_sc_mcu9t5v0__mux2_2)
   0.40    3.58 ^ _09617_/ZN (gf180mcu_fd_sc_mcu9t5v0__oai31_4)
   0.15    3.73 v _09638_/ZN (gf180mcu_fd_sc_mcu9t5v0__aoi211_4)
   0.30    4.03 ^ _09677_/ZN (gf180mcu_fd_sc_mcu9t5v0__nand3_2)
   0.14    4.17 v _09679_/ZN (gf180mcu_fd_sc_mcu9t5v0__aoi21_2)
   0.27    4.44 v place488/Z (gf180mcu_fd_sc_mcu9t5v0__clkbuf_8)
   0.33    4.77 ^ _09685_/ZN (gf180mcu_fd_sc_mcu9t5v0__oai31_4)
   0.12    4.90 v _09688_/ZN (gf180mcu_fd_sc_mcu9t5v0__aoi21_2)
   0.39    5.28 v _09689_/Z (gf180mcu_fd_sc_mcu9t5v0__or2_2)
   0.36    5.64 ^ _09690_/ZN (gf180mcu_fd_sc_mcu9t5v0__oai31_4)
   0.25    5.89 v _09720_/ZN (gf180mcu_fd_sc_mcu9t5v0__aoi211_4)
   0.29    6.18 v place469/Z (gf180mcu_fd_sc_mcu9t5v0__buf_8)
   0.29    6.47 ^ _09756_/ZN (gf180mcu_fd_sc_mcu9t5v0__nor3_4)
   0.28    6.75 ^ place460/Z (gf180mcu_fd_sc_mcu9t5v0__buf_8)
   0.14    6.89 v _09959_/ZN (gf180mcu_fd_sc_mcu9t5v0__nand3_1)
   0.30    7.18 ^ _09960_/ZN (gf180mcu_fd_sc_mcu9t5v0__oai211_1)
   0.21    7.39 v _09961_/ZN (gf180mcu_fd_sc_mcu9t5v0__oai211_1)
   0.22    7.62 ^ _09962_/ZN (gf180mcu_fd_sc_mcu9t5v0__nand2_1)
   0.12    7.73 v _09973_/ZN (gf180mcu_fd_sc_mcu9t5v0__aoi22_1)
   0.37    8.10 ^ _09974_/ZN (gf180mcu_fd_sc_mcu9t5v0__nand2_1)
   0.23    8.34 ^ place343/Z (gf180mcu_fd_sc_mcu9t5v0__buf_8)
   0.00    8.34 ^ u_transform_scheduler_core.u_fft_scratch_sram.u_lo.u_sram/A[3] (gf180mcu_fd_ip_sram__sram256x8m8wm1)
           8.34   data arrival time

  16.28   16.28   clock core_clk (rise edge)
   0.00   16.28   clock source latency
   0.00   16.28 ^ clk (in)
   0.16   16.43 ^ delaybuf_0_core_clk/Z (gf180mcu_fd_sc_mcu9t5v0__clkbuf_16)
   0.17   16.61 ^ delaybuf_1_core_clk/Z (gf180mcu_fd_sc_mcu9t5v0__clkbuf_16)
   0.17   16.78 ^ delaybuf_2_core_clk/Z (gf180mcu_fd_sc_mcu9t5v0__clkbuf_16)
   0.17   16.95 ^ delaybuf_3_core_clk/Z (gf180mcu_fd_sc_mcu9t5v0__clkbuf_16)
   0.19   17.14 ^ clkbuf_0_clk/Z (gf180mcu_fd_sc_mcu9t5v0__clkbuf_16)
   0.28   17.42 ^ clkbuf_1_0__f_clk/Z (gf180mcu_fd_sc_mcu9t5v0__clkbuf_16)
   0.00   17.42 ^ u_transform_scheduler_core.u_fft_scratch_sram.u_lo.u_sram/CLK (gf180mcu_fd_ip_sram__sram256x8m8wm1)
   0.00   17.42   clock reconvergence pessimism
  -0.50   16.92   library setup time
          16.92   data required time
---------------------------------------------------------
          16.92   data required time
          -8.34   data arrival time
---------------------------------------------------------
           8.58   slack (MET)


Startpoint: _20048_ (rising edge-triggered flip-flop clocked by core_clk)
Endpoint: u_transform_scheduler_core.u_fft_scratch_sram.u_hi.u_sram
          (rising edge-triggered flip-flop clocked by core_clk)
Path Group: core_clk
Path Type: max

  Delay    Time   Description
---------------------------------------------------------
   0.00    0.00   clock core_clk (rise edge)
   0.00    0.00   clock source latency
   0.00    0.00 ^ clk (in)
   0.16    0.16 ^ clkbuf_regs_0_core_clk/Z (gf180mcu_fd_sc_mcu9t5v0__clkbuf_16)
   0.19    0.35 ^ clkbuf_0_clk_regs/Z (gf180mcu_fd_sc_mcu9t5v0__clkbuf_16)
   0.23    0.58 ^ clkbuf_2_1_0_clk_regs/Z (gf180mcu_fd_sc_mcu9t5v0__clkbuf_8)
   0.28    0.86 ^ clkbuf_3_3__f_clk_regs/Z (gf180mcu_fd_sc_mcu9t5v0__clkbuf_16)
   0.28    1.14 ^ clkbuf_leaf_18_clk_regs/Z (gf180mcu_fd_sc_mcu9t5v0__clkbuf_8)
   0.00    1.14 ^ _20048_/CLK (gf180mcu_fd_sc_mcu9t5v0__dffrnq_2)
   0.67    1.81 v _20048_/Q (gf180mcu_fd_sc_mcu9t5v0__dffrnq_2)
   0.37    2.17 v _09607_/ZN (gf180mcu_fd_sc_mcu9t5v0__xnor2_1)
   0.32    2.49 v _09608_/Z (gf180mcu_fd_sc_mcu9t5v0__and2_2)
   0.24    2.73 ^ _09615_/ZN (gf180mcu_fd_sc_mcu9t5v0__oai31_4)
   0.45    3.18 v _09616_/Z (gf180mcu_fd_sc_mcu9t5v0__mux2_2)
   0.40    3.58 ^ _09617_/ZN (gf180mcu_fd_sc_mcu9t5v0__oai31_4)
   0.15    3.73 v _09638_/ZN (gf180mcu_fd_sc_mcu9t5v0__aoi211_4)
   0.30    4.03 ^ _09677_/ZN (gf180mcu_fd_sc_mcu9t5v0__nand3_2)
   0.14    4.17 v _09679_/ZN (gf180mcu_fd_sc_mcu9t5v0__aoi21_2)
   0.27    4.44 v place488/Z (gf180mcu_fd_sc_mcu9t5v0__clkbuf_8)
   0.33    4.77 ^ _09685_/ZN (gf180mcu_fd_sc_mcu9t5v0__oai31_4)
   0.12    4.90 v _09688_/ZN (gf180mcu_fd_sc_mcu9t5v0__aoi21_2)
   0.39    5.28 v _09689_/Z (gf180mcu_fd_sc_mcu9t5v0__or2_2)
   0.36    5.64 ^ _09690_/ZN (gf180mcu_fd_sc_mcu9t5v0__oai31_4)
   0.25    5.89 v _09720_/ZN (gf180mcu_fd_sc_mcu9t5v0__aoi211_4)
   0.29    6.18 v place469/Z (gf180mcu_fd_sc_mcu9t5v0__buf_8)
   0.29    6.47 ^ _09756_/ZN (gf180mcu_fd_sc_mcu9t5v0__nor3_4)
   0.28    6.75 ^ place460/Z (gf180mcu_fd_sc_mcu9t5v0__buf_8)
   0.21    6.95 v _10002_/ZN (gf180mcu_fd_sc_mcu9t5v0__aoi221_1)
   0.41    7.36 ^ _10005_/ZN (gf180mcu_fd_sc_mcu9t5v0__oai31_1)
   0.21    7.57 v _10006_/ZN (gf180mcu_fd_sc_mcu9t5v0__aoi22_1)
   0.42    7.99 ^ _10007_/ZN (gf180mcu_fd_sc_mcu9t5v0__oai21_1)
   0.25    8.24 ^ place373/Z (gf180mcu_fd_sc_mcu9t5v0__buf_8)
   0.00    8.24 ^ u_transform_scheduler_core.u_fft_scratch_sram.u_hi.u_sram/A[1] (gf180mcu_fd_ip_sram__sram256x8m8wm1)
           8.24   data arrival time

  16.28   16.28   clock core_clk (rise edge)
   0.00   16.28   clock source latency
   0.00   16.28 ^ clk (in)
   0.16   16.43 ^ delaybuf_0_core_clk/Z (gf180mcu_fd_sc_mcu9t5v0__clkbuf_16)
   0.17   16.61 ^ delaybuf_1_core_clk/Z (gf180mcu_fd_sc_mcu9t5v0__clkbuf_16)
   0.17   16.78 ^ delaybuf_2_core_clk/Z (gf180mcu_fd_sc_mcu9t5v0__clkbuf_16)
   0.17   16.95 ^ delaybuf_3_core_clk/Z (gf180mcu_fd_sc_mcu9t5v0__clkbuf_16)
   0.19   17.14 ^ clkbuf_0_clk/Z (gf180mcu_fd_sc_mcu9t5v0__clkbuf_16)
   0.28   17.42 ^ clkbuf_1_1__f_clk/Z (gf180mcu_fd_sc_mcu9t5v0__clkbuf_16)
   0.00   17.42 ^ u_transform_scheduler_core.u_fft_scratch_sram.u_hi.u_sram/CLK (gf180mcu_fd_ip_sram__sram256x8m8wm1)
   0.00   17.42   clock reconvergence pessimism
  -0.50   16.92   library setup time
          16.92   data required time
---------------------------------------------------------
          16.92   data required time
          -8.24   data arrival time
---------------------------------------------------------
           8.68   slack (MET)


Startpoint: _20048_ (rising edge-triggered flip-flop clocked by core_clk)
Endpoint: u_transform_scheduler_core.u_fft_scratch_sram.u_lo.u_sram
          (rising edge-triggered flip-flop clocked by core_clk)
Path Group: core_clk
Path Type: max

  Delay    Time   Description
---------------------------------------------------------
   0.00    0.00   clock core_clk (rise edge)
   0.00    0.00   clock source latency
   0.00    0.00 ^ clk (in)
   0.16    0.16 ^ clkbuf_regs_0_core_clk/Z (gf180mcu_fd_sc_mcu9t5v0__clkbuf_16)
   0.19    0.35 ^ clkbuf_0_clk_regs/Z (gf180mcu_fd_sc_mcu9t5v0__clkbuf_16)
   0.23    0.58 ^ clkbuf_2_1_0_clk_regs/Z (gf180mcu_fd_sc_mcu9t5v0__clkbuf_8)
   0.28    0.86 ^ clkbuf_3_3__f_clk_regs/Z (gf180mcu_fd_sc_mcu9t5v0__clkbuf_16)
   0.28    1.14 ^ clkbuf_leaf_18_clk_regs/Z (gf180mcu_fd_sc_mcu9t5v0__clkbuf_8)
   0.00    1.14 ^ _20048_/CLK (gf180mcu_fd_sc_mcu9t5v0__dffrnq_2)
   0.67    1.81 v _20048_/Q (gf180mcu_fd_sc_mcu9t5v0__dffrnq_2)
   0.37    2.17 v _09607_/ZN (gf180mcu_fd_sc_mcu9t5v0__xnor2_1)
   0.32    2.49 v _09608_/Z (gf180mcu_fd_sc_mcu9t5v0__and2_2)
   0.24    2.73 ^ _09615_/ZN (gf180mcu_fd_sc_mcu9t5v0__oai31_4)
   0.45    3.18 v _09616_/Z (gf180mcu_fd_sc_mcu9t5v0__mux2_2)
   0.40    3.58 ^ _09617_/ZN (gf180mcu_fd_sc_mcu9t5v0__oai31_4)
   0.15    3.73 v _09638_/ZN (gf180mcu_fd_sc_mcu9t5v0__aoi211_4)
   0.30    4.03 ^ _09677_/ZN (gf180mcu_fd_sc_mcu9t5v0__nand3_2)
   0.14    4.17 v _09679_/ZN (gf180mcu_fd_sc_mcu9t5v0__aoi21_2)
   0.27    4.44 v place488/Z (gf180mcu_fd_sc_mcu9t5v0__clkbuf_8)
   0.33    4.77 ^ _09685_/ZN (gf180mcu_fd_sc_mcu9t5v0__oai31_4)
   0.12    4.90 v _09688_/ZN (gf180mcu_fd_sc_mcu9t5v0__aoi21_2)
   0.39    5.28 v _09689_/Z (gf180mcu_fd_sc_mcu9t5v0__or2_2)
   0.36    5.64 ^ _09690_/ZN (gf180mcu_fd_sc_mcu9t5v0__oai31_4)
   0.25    5.89 v _09720_/ZN (gf180mcu_fd_sc_mcu9t5v0__aoi211_4)
   0.29    6.18 v place469/Z (gf180mcu_fd_sc_mcu9t5v0__buf_8)
   0.29    6.47 ^ _09756_/ZN (gf180mcu_fd_sc_mcu9t5v0__nor3_4)
   0.28    6.75 ^ place460/Z (gf180mcu_fd_sc_mcu9t5v0__buf_8)
   0.21    6.95 v _10002_/ZN (gf180mcu_fd_sc_mcu9t5v0__aoi221_1)
   0.41    7.36 ^ _10005_/ZN (gf180mcu_fd_sc_mcu9t5v0__oai31_1)
   0.21    7.57 v _10006_/ZN (gf180mcu_fd_sc_mcu9t5v0__aoi22_1)
   0.42    7.99 ^ _10007_/ZN (gf180mcu_fd_sc_mcu9t5v0__oai21_1)
   0.25    8.24 ^ place373/Z (gf180mcu_fd_sc_mcu9t5v0__buf_8)
   0.00    8.24 ^ u_transform_scheduler_core.u_fft_scratch_sram.u_lo.u_sram/A[1] (gf180mcu_fd_ip_sram__sram256x8m8wm1)
           8.24   data arrival time

  16.28   16.28   clock core_clk (rise edge)
   0.00   16.28   clock source latency
   0.00   16.28 ^ clk (in)
   0.16   16.43 ^ delaybuf_0_core_clk/Z (gf180mcu_fd_sc_mcu9t5v0__clkbuf_16)
   0.17   16.61 ^ delaybuf_1_core_clk/Z (gf180mcu_fd_sc_mcu9t5v0__clkbuf_16)
   0.17   16.78 ^ delaybuf_2_core_clk/Z (gf180mcu_fd_sc_mcu9t5v0__clkbuf_16)
   0.17   16.95 ^ delaybuf_3_core_clk/Z (gf180mcu_fd_sc_mcu9t5v0__clkbuf_16)
   0.19   17.14 ^ clkbuf_0_clk/Z (gf180mcu_fd_sc_mcu9t5v0__clkbuf_16)
   0.28   17.42 ^ clkbuf_1_0__f_clk/Z (gf180mcu_fd_sc_mcu9t5v0__clkbuf_16)
   0.00   17.42 ^ u_transform_scheduler_core.u_fft_scratch_sram.u_lo.u_sram/CLK (gf180mcu_fd_ip_sram__sram256x8m8wm1)
   0.00   17.42   clock reconvergence pessimism
  -0.50   16.92   library setup time
          16.92   data required time
---------------------------------------------------------
          16.92   data required time
          -8.24   data arrival time
---------------------------------------------------------
           8.68   slack (MET)


Startpoint: din[6] (input port clocked by core_clk)
Endpoint: u_transform_scheduler_core.u_fft_scratch_sram.u_hi.u_sram
          (rising edge-triggered flip-flop clocked by core_clk)
Path Group: core_clk
Path Type: max

  Delay    Time   Description
---------------------------------------------------------
   0.00    0.00   clock core_clk (rise edge)
   0.00    0.00   clock network delay (propagated)
   0.00    0.00 v input external delay
   0.00    0.00 v din[6] (in)
   1.52    1.52 v hold710/Z (gf180mcu_fd_sc_mcu9t5v0__dlyc_1)
   0.33    1.85 v _09545_/Z (gf180mcu_fd_sc_mcu9t5v0__and2_1)
   0.23    2.08 ^ _09562_/ZN (gf180mcu_fd_sc_mcu9t5v0__nand2_1)
   0.32    2.40 v _09567_/ZN (gf180mcu_fd_sc_mcu9t5v0__nor3_1)
   0.27    2.67 v place569/Z (gf180mcu_fd_sc_mcu9t5v0__buf_8)
   0.18    2.85 ^ _09568_/ZN (gf180mcu_fd_sc_mcu9t5v0__nand2_1)
   0.10    2.95 v _09569_/ZN (gf180mcu_fd_sc_mcu9t5v0__nand2_1)
   0.28    3.23 ^ _09570_/ZN (gf180mcu_fd_sc_mcu9t5v0__oai211_1)
   0.19    3.42 v _09571_/ZN (gf180mcu_fd_sc_mcu9t5v0__nand2_1)
   0.18    3.60 ^ _09572_/ZN (gf180mcu_fd_sc_mcu9t5v0__clkinv_1)
   0.16    3.76 v _09573_/ZN (gf180mcu_fd_sc_mcu9t5v0__nor2_1)
   0.75    4.51 ^ _09574_/ZN (gf180mcu_fd_sc_mcu9t5v0__oai21_1)
   0.24    4.75 ^ place481/Z (gf180mcu_fd_sc_mcu9t5v0__buf_8)
   0.12    4.87 v _09811_/ZN (gf180mcu_fd_sc_mcu9t5v0__oai211_1)
   0.43    5.30 v _09812_/Z (gf180mcu_fd_sc_mcu9t5v0__and2_1)
   0.13    5.43 ^ _09813_/ZN (gf180mcu_fd_sc_mcu9t5v0__clkinv_1)
   0.32    5.75 v _09814_/ZN (gf180mcu_fd_sc_mcu9t5v0__nand2_1)
   1.04    6.78 ^ _09833_/ZN (gf180mcu_fd_sc_mcu9t5v0__nor3_1)
   0.20    6.99 v _10012_/ZN (gf180mcu_fd_sc_mcu9t5v0__clkinv_1)
   0.40    7.39 ^ _10013_/ZN (gf180mcu_fd_sc_mcu9t5v0__oai21_1)
   0.25    7.64 ^ place372/Z (gf180mcu_fd_sc_mcu9t5v0__buf_8)
   0.00    7.64 ^ u_transform_scheduler_core.u_fft_scratch_sram.u_hi.u_sram/A[0] (gf180mcu_fd_ip_sram__sram256x8m8wm1)
           7.64   data arrival time

  16.28   16.28   clock core_clk (rise edge)
   0.00   16.28   clock source latency
   0.00   16.28 ^ clk (in)
   0.16   16.43 ^ delaybuf_0_core_clk/Z (gf180mcu_fd_sc_mcu9t5v0__clkbuf_16)
   0.17   16.61 ^ delaybuf_1_core_clk/Z (gf180mcu_fd_sc_mcu9t5v0__clkbuf_16)
   0.17   16.78 ^ delaybuf_2_core_clk/Z (gf180mcu_fd_sc_mcu9t5v0__clkbuf_16)
   0.17   16.95 ^ delaybuf_3_core_clk/Z (gf180mcu_fd_sc_mcu9t5v0__clkbuf_16)
   0.19   17.14 ^ clkbuf_0_clk/Z (gf180mcu_fd_sc_mcu9t5v0__clkbuf_16)
   0.28   17.42 ^ clkbuf_1_1__f_clk/Z (gf180mcu_fd_sc_mcu9t5v0__clkbuf_16)
   0.00   17.42 ^ u_transform_scheduler_core.u_fft_scratch_sram.u_hi.u_sram/CLK (gf180mcu_fd_ip_sram__sram256x8m8wm1)
   0.00   17.42   clock reconvergence pessimism
  -0.50   16.92   library setup time
          16.92   data required time
---------------------------------------------------------
          16.92   data required time
          -7.64   data arrival time
---------------------------------------------------------
           9.29   slack (MET)


Startpoint: din[6] (input port clocked by core_clk)
Endpoint: u_transform_scheduler_core.u_fft_scratch_sram.u_lo.u_sram
          (rising edge-triggered flip-flop clocked by core_clk)
Path Group: core_clk
Path Type: max

  Delay    Time   Description
---------------------------------------------------------
   0.00    0.00   clock core_clk (rise edge)
   0.00    0.00   clock network delay (propagated)
   0.00    0.00 v input external delay
   0.00    0.00 v din[6] (in)
   1.52    1.52 v hold710/Z (gf180mcu_fd_sc_mcu9t5v0__dlyc_1)
   0.33    1.85 v _09545_/Z (gf180mcu_fd_sc_mcu9t5v0__and2_1)
   0.23    2.08 ^ _09562_/ZN (gf180mcu_fd_sc_mcu9t5v0__nand2_1)
   0.32    2.40 v _09567_/ZN (gf180mcu_fd_sc_mcu9t5v0__nor3_1)
   0.27    2.67 v place569/Z (gf180mcu_fd_sc_mcu9t5v0__buf_8)
   0.18    2.85 ^ _09568_/ZN (gf180mcu_fd_sc_mcu9t5v0__nand2_1)
   0.10    2.95 v _09569_/ZN (gf180mcu_fd_sc_mcu9t5v0__nand2_1)
   0.28    3.23 ^ _09570_/ZN (gf180mcu_fd_sc_mcu9t5v0__oai211_1)
   0.19    3.42 v _09571_/ZN (gf180mcu_fd_sc_mcu9t5v0__nand2_1)
   0.18    3.60 ^ _09572_/ZN (gf180mcu_fd_sc_mcu9t5v0__clkinv_1)
   0.16    3.76 v _09573_/ZN (gf180mcu_fd_sc_mcu9t5v0__nor2_1)
   0.75    4.51 ^ _09574_/ZN (gf180mcu_fd_sc_mcu9t5v0__oai21_1)
   0.24    4.75 ^ place481/Z (gf180mcu_fd_sc_mcu9t5v0__buf_8)
   0.12    4.87 v _09811_/ZN (gf180mcu_fd_sc_mcu9t5v0__oai211_1)
   0.43    5.30 v _09812_/Z (gf180mcu_fd_sc_mcu9t5v0__and2_1)
   0.13    5.43 ^ _09813_/ZN (gf180mcu_fd_sc_mcu9t5v0__clkinv_1)
   0.32    5.75 v _09814_/ZN (gf180mcu_fd_sc_mcu9t5v0__nand2_1)
   1.04    6.78 ^ _09833_/ZN (gf180mcu_fd_sc_mcu9t5v0__nor3_1)
   0.20    6.99 v _10012_/ZN (gf180mcu_fd_sc_mcu9t5v0__clkinv_1)
   0.40    7.39 ^ _10013_/ZN (gf180mcu_fd_sc_mcu9t5v0__oai21_1)
   0.25    7.64 ^ place372/Z (gf180mcu_fd_sc_mcu9t5v0__buf_8)
   0.00    7.64 ^ u_transform_scheduler_core.u_fft_scratch_sram.u_lo.u_sram/A[0] (gf180mcu_fd_ip_sram__sram256x8m8wm1)
           7.64   data arrival time

  16.28   16.28   clock core_clk (rise edge)
   0.00   16.28   clock source latency
   0.00   16.28 ^ clk (in)
   0.16   16.43 ^ delaybuf_0_core_clk/Z (gf180mcu_fd_sc_mcu9t5v0__clkbuf_16)
   0.17   16.61 ^ delaybuf_1_core_clk/Z (gf180mcu_fd_sc_mcu9t5v0__clkbuf_16)
   0.17   16.78 ^ delaybuf_2_core_clk/Z (gf180mcu_fd_sc_mcu9t5v0__clkbuf_16)
   0.17   16.95 ^ delaybuf_3_core_clk/Z (gf180mcu_fd_sc_mcu9t5v0__clkbuf_16)
   0.19   17.14 ^ clkbuf_0_clk/Z (gf180mcu_fd_sc_mcu9t5v0__clkbuf_16)
   0.28   17.42 ^ clkbuf_1_0__f_clk/Z (gf180mcu_fd_sc_mcu9t5v0__clkbuf_16)
   0.00   17.42 ^ u_transform_scheduler_core.u_fft_scratch_sram.u_lo.u_sram/CLK (gf180mcu_fd_ip_sram__sram256x8m8wm1)
   0.00   17.42   clock reconvergence pessimism
  -0.50   16.92   library setup time
          16.92   data required time
---------------------------------------------------------
          16.92   data required time
          -7.64   data arrival time
---------------------------------------------------------
           9.29   slack (MET)


