
===========================================================================
 report_power
============================================================================
======================= min_ff_n40C_5v50 Corner ===================================

Group                    Internal    Switching      Leakage        Total
                            Power        Power        Power        Power (Watts)
------------------------------------------------------------------------
Sequential           8.573821e-02 1.227971e-02 1.029250e-06 9.801895e-02  49.6%
Combinational        3.382216e-02 2.059650e-02 1.580998e-06 5.442025e-02  27.6%
Clock                1.977392e-02 2.530171e-02 2.011302e-06 4.507764e-02  22.8%
Macro                6.359240e-08 0.000000e+00 8.280250e-07 8.916174e-07   0.0%
Pad                  0.000000e+00 0.000000e+00 0.000000e+00 0.000000e+00   0.0%
------------------------------------------------------------------------
Total                1.393346e-01 5.817787e-02 5.449493e-06 1.975179e-01 100.0%
                            70.5%        29.5%         0.0%

