Startpoint: u_core/_20049_
            (rising edge-triggered flip-flop clocked by pad_clk_ext)
Endpoint: pad_din_ready_o (output port clocked by pad_clk_ext)
Path Group: pad_clk_ext
Path Type: max

  Delay    Time   Description
---------------------------------------------------------
   0.00    0.00   clock pad_clk_ext (rise edge)
   0.00    0.00   clock source latency
   0.00    0.00 ^ pad_clk (in)
   1.67    1.67 ^ u_pad_clk/Y (gf180mcu_fd_io__in_c)
   1.28    2.96 ^ u_clk_iso/Z (gf180mcu_fd_sc_mcu9t5v0__clkbuf_1)
   0.53    3.48 ^ clkbuf_regs_0_pad_clk_ext/Z (gf180mcu_fd_sc_mcu9t5v0__clkbuf_16)
   0.35    3.83 ^ clkbuf_0_core_clk_regs/Z (gf180mcu_fd_sc_mcu9t5v0__clkbuf_16)
   0.41    4.24 ^ clkbuf_2_1_0_core_clk_regs/Z (gf180mcu_fd_sc_mcu9t5v0__clkbuf_8)
   0.55    4.79 ^ clkbuf_3_3__f_core_clk_regs/Z (gf180mcu_fd_sc_mcu9t5v0__clkbuf_16)
   0.50    5.29 ^ clkbuf_leaf_36_core_clk_regs/Z (gf180mcu_fd_sc_mcu9t5v0__clkbuf_8)
   0.00    5.29 ^ u_core/_20049_/CLK (gf180mcu_fd_sc_mcu9t5v0__dffrnq_2)
   1.27    6.56 v u_core/_20049_/Q (gf180mcu_fd_sc_mcu9t5v0__dffrnq_2)
   0.69    7.25 v u_core/_09607_/ZN (gf180mcu_fd_sc_mcu9t5v0__xnor2_1)
   0.51    7.77 v u_core/_09608_/Z (gf180mcu_fd_sc_mcu9t5v0__and2_2)
   0.54    8.30 ^ u_core/_09615_/ZN (gf180mcu_fd_sc_mcu9t5v0__oai31_4)
   0.83    9.13 v u_core/_09616_/Z (gf180mcu_fd_sc_mcu9t5v0__mux2_2)
   0.68    9.81 ^ u_core/_09617_/ZN (gf180mcu_fd_sc_mcu9t5v0__oai31_4)
   0.34   10.15 v u_core/_09638_/ZN (gf180mcu_fd_sc_mcu9t5v0__aoi211_4)
   0.64   10.79 v u_core/_09639_/Z (gf180mcu_fd_sc_mcu9t5v0__and3_4)
   0.35   11.14 ^ u_core/_09640_/ZN (gf180mcu_fd_sc_mcu9t5v0__oai21_4)
   0.55   11.69 ^ u_core/rebuffer760/Z (gf180mcu_fd_sc_mcu9t5v0__buf_8)
   0.19   11.88 v u_core/_09666_/ZN (gf180mcu_fd_sc_mcu9t5v0__aoi21_4)
   0.46   12.34 ^ u_core/_09668_/ZN (gf180mcu_fd_sc_mcu9t5v0__oai21_2)
   0.50   12.84 v u_core/_09673_/ZN (gf180mcu_fd_sc_mcu9t5v0__nand4_2)
   0.59   13.43 ^ u_core/_09690_/ZN (gf180mcu_fd_sc_mcu9t5v0__oai31_4)
   0.44   13.88 ^ u_core/rebuffer720/Z (gf180mcu_fd_sc_mcu9t5v0__clkbuf_8)
   0.36   14.23 v u_core/_09720_/ZN (gf180mcu_fd_sc_mcu9t5v0__aoi211_4)
   0.51   14.74 v u_core/place519/Z (gf180mcu_fd_sc_mcu9t5v0__buf_8)
   1.05   15.80 ^ u_core/_10499_/ZN (gf180mcu_fd_sc_mcu9t5v0__oai211_1)
   0.40   16.20 ^ place504/Z (gf180mcu_fd_sc_mcu9t5v0__buf_8)
   5.93   22.13 ^ u_pad_din_ready/PAD (gf180mcu_fd_io__bi_t)
   0.00   22.13 ^ pad_din_ready_o (inout)
          22.13   data arrival time

  16.28   16.28   clock pad_clk_ext (rise edge)
   0.00   16.28   clock network delay (propagated)
  -0.10   16.18   clock uncertainty
   0.00   16.18   clock reconvergence pessimism
   6.00   22.18   output external delay
          22.18   data required time
---------------------------------------------------------
          22.18   data required time
         -22.13   data arrival time
---------------------------------------------------------
           0.05   slack (MET)


Startpoint: u_core/_21017_
            (rising edge-triggered flip-flop clocked by pad_clk_ext)
Endpoint: pad_dout[4] (output port clocked by pad_clk_ext)
Path Group: pad_clk_ext
Path Type: max

  Delay    Time   Description
---------------------------------------------------------
   0.00    0.00   clock pad_clk_ext (rise edge)
   0.00    0.00   clock source latency
   0.00    0.00 ^ pad_clk (in)
   1.67    1.67 ^ u_pad_clk/Y (gf180mcu_fd_io__in_c)
   1.28    2.96 ^ u_clk_iso/Z (gf180mcu_fd_sc_mcu9t5v0__clkbuf_1)
   0.53    3.48 ^ clkbuf_regs_0_pad_clk_ext/Z (gf180mcu_fd_sc_mcu9t5v0__clkbuf_16)
   0.35    3.83 ^ clkbuf_0_core_clk_regs/Z (gf180mcu_fd_sc_mcu9t5v0__clkbuf_16)
   0.41    4.24 ^ clkbuf_2_1_0_core_clk_regs/Z (gf180mcu_fd_sc_mcu9t5v0__clkbuf_8)
   0.55    4.79 ^ clkbuf_3_3__f_core_clk_regs/Z (gf180mcu_fd_sc_mcu9t5v0__clkbuf_16)
   0.50    5.29 ^ clkbuf_leaf_38_core_clk_regs/Z (gf180mcu_fd_sc_mcu9t5v0__clkbuf_8)
   0.00    5.29 ^ u_core/_21017_/CLK (gf180mcu_fd_sc_mcu9t5v0__dffrnq_4)
   1.82    7.11 ^ u_core/_21017_/Q (gf180mcu_fd_sc_mcu9t5v0__dffrnq_4)
   0.37    7.48 ^ u_core/place677/Z (gf180mcu_fd_sc_mcu9t5v0__buf_8)
   0.33    7.81 v u_core/_09614_/ZN (gf180mcu_fd_sc_mcu9t5v0__nor3_4)
   0.41    8.21 v u_core/place651/Z (gf180mcu_fd_sc_mcu9t5v0__buf_8)
   0.44    8.66 ^ u_core/_10547_/ZN (gf180mcu_fd_sc_mcu9t5v0__nand2_1)
   0.96    9.62 ^ u_core/place575/Z (gf180mcu_fd_sc_mcu9t5v0__buf_8)
   1.33   10.95 v u_core/_10651_/Z (gf180mcu_fd_sc_mcu9t5v0__mux2_1)
   0.60   11.55 ^ u_core/_10652_/ZN (gf180mcu_fd_sc_mcu9t5v0__aoi22_1)
   0.21   11.75 v u_core/_10656_/ZN (gf180mcu_fd_sc_mcu9t5v0__nand2_1)
   0.69   12.44 ^ u_core/_10657_/ZN (gf180mcu_fd_sc_mcu9t5v0__aoi211_1)
   0.27   12.71 v u_core/_10658_/ZN (gf180mcu_fd_sc_mcu9t5v0__nand3_1)
   0.89   13.60 ^ u_core/_10662_/ZN (gf180mcu_fd_sc_mcu9t5v0__aoi221_1)
   0.52   14.12 v u_core/_10670_/ZN (gf180mcu_fd_sc_mcu9t5v0__nor2_1)
   0.47   14.59 v place518/Z (gf180mcu_fd_sc_mcu9t5v0__buf_8)
   5.71   20.30 v u_pad_dout4/PAD (gf180mcu_fd_io__bi_t)
   0.00   20.30 v pad_dout[4] (inout)
          20.30   data arrival time

  16.28   16.28   clock pad_clk_ext (rise edge)
   0.00   16.28   clock network delay (propagated)
  -0.10   16.18   clock uncertainty
   0.00   16.18   clock reconvergence pessimism
   6.00   22.18   output external delay
          22.18   data required time
---------------------------------------------------------
          22.18   data required time
         -20.30   data arrival time
---------------------------------------------------------
           1.87   slack (MET)


Startpoint: u_core/_21017_
            (rising edge-triggered flip-flop clocked by pad_clk_ext)
Endpoint: pad_dout[0] (output port clocked by pad_clk_ext)
Path Group: pad_clk_ext
Path Type: max

  Delay    Time   Description
---------------------------------------------------------
   0.00    0.00   clock pad_clk_ext (rise edge)
   0.00    0.00   clock source latency
   0.00    0.00 ^ pad_clk (in)
   1.67    1.67 ^ u_pad_clk/Y (gf180mcu_fd_io__in_c)
   1.28    2.96 ^ u_clk_iso/Z (gf180mcu_fd_sc_mcu9t5v0__clkbuf_1)
   0.53    3.48 ^ clkbuf_regs_0_pad_clk_ext/Z (gf180mcu_fd_sc_mcu9t5v0__clkbuf_16)
   0.35    3.83 ^ clkbuf_0_core_clk_regs/Z (gf180mcu_fd_sc_mcu9t5v0__clkbuf_16)
   0.41    4.24 ^ clkbuf_2_1_0_core_clk_regs/Z (gf180mcu_fd_sc_mcu9t5v0__clkbuf_8)
   0.55    4.79 ^ clkbuf_3_3__f_core_clk_regs/Z (gf180mcu_fd_sc_mcu9t5v0__clkbuf_16)
   0.50    5.29 ^ clkbuf_leaf_38_core_clk_regs/Z (gf180mcu_fd_sc_mcu9t5v0__clkbuf_8)
   0.00    5.29 ^ u_core/_21017_/CLK (gf180mcu_fd_sc_mcu9t5v0__dffrnq_4)
   1.82    7.11 ^ u_core/_21017_/Q (gf180mcu_fd_sc_mcu9t5v0__dffrnq_4)
   0.37    7.48 ^ u_core/place677/Z (gf180mcu_fd_sc_mcu9t5v0__buf_8)
   0.33    7.81 v u_core/_09614_/ZN (gf180mcu_fd_sc_mcu9t5v0__nor3_4)
   0.41    8.21 v u_core/place651/Z (gf180mcu_fd_sc_mcu9t5v0__buf_8)
   0.44    8.66 ^ u_core/_10547_/ZN (gf180mcu_fd_sc_mcu9t5v0__nand2_1)
   0.96    9.62 ^ u_core/place575/Z (gf180mcu_fd_sc_mcu9t5v0__buf_8)
   1.28   10.90 v u_core/_10852_/Z (gf180mcu_fd_sc_mcu9t5v0__mux2_1)
   0.85   11.75 v u_core/_10853_/Z (gf180mcu_fd_sc_mcu9t5v0__mux2_1)
   0.49   12.24 ^ u_core/_10854_/ZN (gf180mcu_fd_sc_mcu9t5v0__aoi22_1)
   0.39   12.63 v u_core/_10855_/ZN (gf180mcu_fd_sc_mcu9t5v0__oai211_1)
   0.82   13.45 ^ u_core/_10866_/ZN (gf180mcu_fd_sc_mcu9t5v0__oai31_1)
   0.46   13.91 v u_core/_10867_/ZN (gf180mcu_fd_sc_mcu9t5v0__oai31_2)
   0.47   14.38 v place516/Z (gf180mcu_fd_sc_mcu9t5v0__buf_8)
   5.71   20.09 v u_pad_dout0/PAD (gf180mcu_fd_io__bi_t)
   0.00   20.09 v pad_dout[0] (inout)
          20.09   data arrival time

  16.28   16.28   clock pad_clk_ext (rise edge)
   0.00   16.28   clock network delay (propagated)
  -0.10   16.18   clock uncertainty
   0.00   16.18   clock reconvergence pessimism
   6.00   22.18   output external delay
          22.18   data required time
---------------------------------------------------------
          22.18   data required time
         -20.09   data arrival time
---------------------------------------------------------
           2.08   slack (MET)


Startpoint: u_core/_21017_
            (rising edge-triggered flip-flop clocked by pad_clk_ext)
Endpoint: pad_dout[6] (output port clocked by pad_clk_ext)
Path Group: pad_clk_ext
Path Type: max

  Delay    Time   Description
---------------------------------------------------------
   0.00    0.00   clock pad_clk_ext (rise edge)
   0.00    0.00   clock source latency
   0.00    0.00 ^ pad_clk (in)
   1.67    1.67 ^ u_pad_clk/Y (gf180mcu_fd_io__in_c)
   1.28    2.96 ^ u_clk_iso/Z (gf180mcu_fd_sc_mcu9t5v0__clkbuf_1)
   0.53    3.48 ^ clkbuf_regs_0_pad_clk_ext/Z (gf180mcu_fd_sc_mcu9t5v0__clkbuf_16)
   0.35    3.83 ^ clkbuf_0_core_clk_regs/Z (gf180mcu_fd_sc_mcu9t5v0__clkbuf_16)
   0.41    4.24 ^ clkbuf_2_1_0_core_clk_regs/Z (gf180mcu_fd_sc_mcu9t5v0__clkbuf_8)
   0.55    4.79 ^ clkbuf_3_3__f_core_clk_regs/Z (gf180mcu_fd_sc_mcu9t5v0__clkbuf_16)
   0.50    5.29 ^ clkbuf_leaf_38_core_clk_regs/Z (gf180mcu_fd_sc_mcu9t5v0__clkbuf_8)
   0.00    5.29 ^ u_core/_21017_/CLK (gf180mcu_fd_sc_mcu9t5v0__dffrnq_4)
   1.41    6.70 v u_core/_21017_/Q (gf180mcu_fd_sc_mcu9t5v0__dffrnq_4)
   0.41    7.11 v u_core/place677/Z (gf180mcu_fd_sc_mcu9t5v0__buf_8)
   0.75    7.86 ^ u_core/_09614_/ZN (gf180mcu_fd_sc_mcu9t5v0__nor3_4)
   0.35    8.21 ^ u_core/place651/Z (gf180mcu_fd_sc_mcu9t5v0__buf_8)
   1.58    9.79 ^ u_core/_10534_/Z (gf180mcu_fd_sc_mcu9t5v0__and2_1)
   1.32   11.11 v u_core/_10540_/Z (gf180mcu_fd_sc_mcu9t5v0__mux2_1)
   1.08   12.19 ^ u_core/_10543_/ZN (gf180mcu_fd_sc_mcu9t5v0__aoi222_1)
   0.33   12.51 v u_core/_10567_/ZN (gf180mcu_fd_sc_mcu9t5v0__nand3_1)
   0.35   12.86 ^ u_core/_10568_/ZN (gf180mcu_fd_sc_mcu9t5v0__nand2_1)
   0.19   13.05 v u_core/_10594_/ZN (gf180mcu_fd_sc_mcu9t5v0__nand2_1)
   0.37   13.42 ^ u_core/_10595_/ZN (gf180mcu_fd_sc_mcu9t5v0__nand2_1)
   0.41   13.83 v u_core/_10596_/ZN (gf180mcu_fd_sc_mcu9t5v0__oai31_2)
   0.48   14.32 v place503/Z (gf180mcu_fd_sc_mcu9t5v0__buf_8)
   5.71   20.03 v u_pad_dout6/PAD (gf180mcu_fd_io__bi_t)
   0.00   20.03 v pad_dout[6] (inout)
          20.03   data arrival time

  16.28   16.28   clock pad_clk_ext (rise edge)
   0.00   16.28   clock network delay (propagated)
  -0.10   16.18   clock uncertainty
   0.00   16.18   clock reconvergence pessimism
   6.00   22.18   output external delay
          22.18   data required time
---------------------------------------------------------
          22.18   data required time
         -20.03   data arrival time
---------------------------------------------------------
           2.15   slack (MET)


Startpoint: u_core/_21017_
            (rising edge-triggered flip-flop clocked by pad_clk_ext)
Endpoint: pad_dout[1] (output port clocked by pad_clk_ext)
Path Group: pad_clk_ext
Path Type: max

  Delay    Time   Description
---------------------------------------------------------
   0.00    0.00   clock pad_clk_ext (rise edge)
   0.00    0.00   clock source latency
   0.00    0.00 ^ pad_clk (in)
   1.67    1.67 ^ u_pad_clk/Y (gf180mcu_fd_io__in_c)
   1.28    2.96 ^ u_clk_iso/Z (gf180mcu_fd_sc_mcu9t5v0__clkbuf_1)
   0.53    3.48 ^ clkbuf_regs_0_pad_clk_ext/Z (gf180mcu_fd_sc_mcu9t5v0__clkbuf_16)
   0.35    3.83 ^ clkbuf_0_core_clk_regs/Z (gf180mcu_fd_sc_mcu9t5v0__clkbuf_16)
   0.41    4.24 ^ clkbuf_2_1_0_core_clk_regs/Z (gf180mcu_fd_sc_mcu9t5v0__clkbuf_8)
   0.55    4.79 ^ clkbuf_3_3__f_core_clk_regs/Z (gf180mcu_fd_sc_mcu9t5v0__clkbuf_16)
   0.50    5.29 ^ clkbuf_leaf_38_core_clk_regs/Z (gf180mcu_fd_sc_mcu9t5v0__clkbuf_8)
   0.00    5.29 ^ u_core/_21017_/CLK (gf180mcu_fd_sc_mcu9t5v0__dffrnq_4)
   1.82    7.11 ^ u_core/_21017_/Q (gf180mcu_fd_sc_mcu9t5v0__dffrnq_4)
   0.37    7.48 ^ u_core/place677/Z (gf180mcu_fd_sc_mcu9t5v0__buf_8)
   0.33    7.81 v u_core/_09614_/ZN (gf180mcu_fd_sc_mcu9t5v0__nor3_4)
   0.41    8.21 v u_core/place651/Z (gf180mcu_fd_sc_mcu9t5v0__buf_8)
   0.44    8.66 ^ u_core/_10547_/ZN (gf180mcu_fd_sc_mcu9t5v0__nand2_1)
   0.96    9.62 ^ u_core/place575/Z (gf180mcu_fd_sc_mcu9t5v0__buf_8)
   1.23   10.85 v u_core/_10796_/Z (gf180mcu_fd_sc_mcu9t5v0__mux2_1)
   0.83   11.68 v u_core/_10797_/Z (gf180mcu_fd_sc_mcu9t5v0__mux2_1)
   0.50   12.17 ^ u_core/_10798_/ZN (gf180mcu_fd_sc_mcu9t5v0__aoi22_1)
   0.46   12.63 v u_core/_10799_/ZN (gf180mcu_fd_sc_mcu9t5v0__oai221_1)
   0.48   13.11 ^ u_core/_10825_/ZN (gf180mcu_fd_sc_mcu9t5v0__nor3_1)
   0.50   13.61 v u_core/_10826_/ZN (gf180mcu_fd_sc_mcu9t5v0__nor2_1)
   0.46   14.07 v place502/Z (gf180mcu_fd_sc_mcu9t5v0__buf_8)
   5.71   19.78 v u_pad_dout1/PAD (gf180mcu_fd_io__bi_t)
   0.00   19.78 v pad_dout[1] (inout)
          19.78   data arrival time

  16.28   16.28   clock pad_clk_ext (rise edge)
   0.00   16.28   clock network delay (propagated)
  -0.10   16.18   clock uncertainty
   0.00   16.18   clock reconvergence pessimism
   6.00   22.18   output external delay
          22.18   data required time
---------------------------------------------------------
          22.18   data required time
         -19.78   data arrival time
---------------------------------------------------------
           2.39   slack (MET)


Startpoint: u_core/_21017_
            (rising edge-triggered flip-flop clocked by pad_clk_ext)
Endpoint: pad_dout[3] (output port clocked by pad_clk_ext)
Path Group: pad_clk_ext
Path Type: max

  Delay    Time   Description
---------------------------------------------------------
   0.00    0.00   clock pad_clk_ext (rise edge)
   0.00    0.00   clock source latency
   0.00    0.00 ^ pad_clk (in)
   1.67    1.67 ^ u_pad_clk/Y (gf180mcu_fd_io__in_c)
   1.28    2.96 ^ u_clk_iso/Z (gf180mcu_fd_sc_mcu9t5v0__clkbuf_1)
   0.53    3.48 ^ clkbuf_regs_0_pad_clk_ext/Z (gf180mcu_fd_sc_mcu9t5v0__clkbuf_16)
   0.35    3.83 ^ clkbuf_0_core_clk_regs/Z (gf180mcu_fd_sc_mcu9t5v0__clkbuf_16)
   0.41    4.24 ^ clkbuf_2_1_0_core_clk_regs/Z (gf180mcu_fd_sc_mcu9t5v0__clkbuf_8)
   0.55    4.79 ^ clkbuf_3_3__f_core_clk_regs/Z (gf180mcu_fd_sc_mcu9t5v0__clkbuf_16)
   0.50    5.29 ^ clkbuf_leaf_38_core_clk_regs/Z (gf180mcu_fd_sc_mcu9t5v0__clkbuf_8)
   0.00    5.29 ^ u_core/_21017_/CLK (gf180mcu_fd_sc_mcu9t5v0__dffrnq_4)
   1.41    6.70 v u_core/_21017_/Q (gf180mcu_fd_sc_mcu9t5v0__dffrnq_4)
   0.41    7.11 v u_core/place677/Z (gf180mcu_fd_sc_mcu9t5v0__buf_8)
   0.75    7.86 ^ u_core/_09614_/ZN (gf180mcu_fd_sc_mcu9t5v0__nor3_4)
   0.35    8.21 ^ u_core/place651/Z (gf180mcu_fd_sc_mcu9t5v0__buf_8)
   0.37    8.59 v u_core/_10547_/ZN (gf180mcu_fd_sc_mcu9t5v0__nand2_1)
   0.84    9.43 v u_core/place575/Z (gf180mcu_fd_sc_mcu9t5v0__buf_8)
   1.42   10.85 ^ u_core/_10726_/Z (gf180mcu_fd_sc_mcu9t5v0__mux2_1)
   0.41   11.25 v u_core/_10727_/ZN (gf180mcu_fd_sc_mcu9t5v0__aoi22_1)
   0.62   11.88 ^ u_core/_10728_/ZN (gf180mcu_fd_sc_mcu9t5v0__oai22_1)
   0.44   12.31 v u_core/_10729_/ZN (gf180mcu_fd_sc_mcu9t5v0__aoi221_1)
   1.05   13.37 ^ u_core/_10730_/ZN (gf180mcu_fd_sc_mcu9t5v0__aoi22_1)
   0.39   13.75 ^ place524/Z (gf180mcu_fd_sc_mcu9t5v0__buf_8)
   5.92   19.68 ^ u_pad_dout3/PAD (gf180mcu_fd_io__bi_t)
   0.00   19.68 ^ pad_dout[3] (inout)
          19.68   data arrival time

  16.28   16.28   clock pad_clk_ext (rise edge)
   0.00   16.28   clock network delay (propagated)
  -0.10   16.18   clock uncertainty
   0.00   16.18   clock reconvergence pessimism
   6.00   22.18   output external delay
          22.18   data required time
---------------------------------------------------------
          22.18   data required time
         -19.68   data arrival time
---------------------------------------------------------
           2.50   slack (MET)


Startpoint: u_core/_21017_
            (rising edge-triggered flip-flop clocked by pad_clk_ext)
Endpoint: pad_dout[2] (output port clocked by pad_clk_ext)
Path Group: pad_clk_ext
Path Type: max

  Delay    Time   Description
---------------------------------------------------------
   0.00    0.00   clock pad_clk_ext (rise edge)
   0.00    0.00   clock source latency
   0.00    0.00 ^ pad_clk (in)
   1.67    1.67 ^ u_pad_clk/Y (gf180mcu_fd_io__in_c)
   1.28    2.96 ^ u_clk_iso/Z (gf180mcu_fd_sc_mcu9t5v0__clkbuf_1)
   0.53    3.48 ^ clkbuf_regs_0_pad_clk_ext/Z (gf180mcu_fd_sc_mcu9t5v0__clkbuf_16)
   0.35    3.83 ^ clkbuf_0_core_clk_regs/Z (gf180mcu_fd_sc_mcu9t5v0__clkbuf_16)
   0.41    4.24 ^ clkbuf_2_1_0_core_clk_regs/Z (gf180mcu_fd_sc_mcu9t5v0__clkbuf_8)
   0.55    4.79 ^ clkbuf_3_3__f_core_clk_regs/Z (gf180mcu_fd_sc_mcu9t5v0__clkbuf_16)
   0.50    5.29 ^ clkbuf_leaf_38_core_clk_regs/Z (gf180mcu_fd_sc_mcu9t5v0__clkbuf_8)
   0.00    5.29 ^ u_core/_21017_/CLK (gf180mcu_fd_sc_mcu9t5v0__dffrnq_4)
   1.41    6.70 v u_core/_21017_/Q (gf180mcu_fd_sc_mcu9t5v0__dffrnq_4)
   0.41    7.11 v u_core/place677/Z (gf180mcu_fd_sc_mcu9t5v0__buf_8)
   0.75    7.86 ^ u_core/_09614_/ZN (gf180mcu_fd_sc_mcu9t5v0__nor3_4)
   0.35    8.21 ^ u_core/place651/Z (gf180mcu_fd_sc_mcu9t5v0__buf_8)
   0.37    8.59 v u_core/_10547_/ZN (gf180mcu_fd_sc_mcu9t5v0__nand2_1)
   0.84    9.43 v u_core/place575/Z (gf180mcu_fd_sc_mcu9t5v0__buf_8)
   1.49   10.92 ^ u_core/_10746_/Z (gf180mcu_fd_sc_mcu9t5v0__mux2_1)
   0.40   11.32 v u_core/_10747_/ZN (gf180mcu_fd_sc_mcu9t5v0__aoi22_1)
   0.42   11.74 ^ u_core/_10752_/ZN (gf180mcu_fd_sc_mcu9t5v0__nand3_1)
   0.20   11.94 v u_core/_10753_/ZN (gf180mcu_fd_sc_mcu9t5v0__nand2_1)
   0.95   12.89 ^ u_core/_10778_/ZN (gf180mcu_fd_sc_mcu9t5v0__aoi22_1)
   0.39   13.27 ^ place517/Z (gf180mcu_fd_sc_mcu9t5v0__buf_8)
   5.92   19.20 ^ u_pad_dout2/PAD (gf180mcu_fd_io__bi_t)
   0.00   19.20 ^ pad_dout[2] (inout)
          19.20   data arrival time

  16.28   16.28   clock pad_clk_ext (rise edge)
   0.00   16.28   clock network delay (propagated)
  -0.10   16.18   clock uncertainty
   0.00   16.18   clock reconvergence pessimism
   6.00   22.18   output external delay
          22.18   data required time
---------------------------------------------------------
          22.18   data required time
         -19.20   data arrival time
---------------------------------------------------------
           2.98   slack (MET)


Startpoint: u_core/_21017_
            (rising edge-triggered flip-flop clocked by pad_clk_ext)
Endpoint: pad_dout[5] (output port clocked by pad_clk_ext)
Path Group: pad_clk_ext
Path Type: max

  Delay    Time   Description
---------------------------------------------------------
   0.00    0.00   clock pad_clk_ext (rise edge)
   0.00    0.00   clock source latency
   0.00    0.00 ^ pad_clk (in)
   1.67    1.67 ^ u_pad_clk/Y (gf180mcu_fd_io__in_c)
   1.28    2.96 ^ u_clk_iso/Z (gf180mcu_fd_sc_mcu9t5v0__clkbuf_1)
   0.53    3.48 ^ clkbuf_regs_0_pad_clk_ext/Z (gf180mcu_fd_sc_mcu9t5v0__clkbuf_16)
   0.35    3.83 ^ clkbuf_0_core_clk_regs/Z (gf180mcu_fd_sc_mcu9t5v0__clkbuf_16)
   0.41    4.24 ^ clkbuf_2_1_0_core_clk_regs/Z (gf180mcu_fd_sc_mcu9t5v0__clkbuf_8)
   0.55    4.79 ^ clkbuf_3_3__f_core_clk_regs/Z (gf180mcu_fd_sc_mcu9t5v0__clkbuf_16)
   0.50    5.29 ^ clkbuf_leaf_38_core_clk_regs/Z (gf180mcu_fd_sc_mcu9t5v0__clkbuf_8)
   0.00    5.29 ^ u_core/_21017_/CLK (gf180mcu_fd_sc_mcu9t5v0__dffrnq_4)
   1.41    6.70 v u_core/_21017_/Q (gf180mcu_fd_sc_mcu9t5v0__dffrnq_4)
   0.41    7.11 v u_core/place677/Z (gf180mcu_fd_sc_mcu9t5v0__buf_8)
   0.75    7.86 ^ u_core/_09614_/ZN (gf180mcu_fd_sc_mcu9t5v0__nor3_4)
   0.35    8.21 ^ u_core/place651/Z (gf180mcu_fd_sc_mcu9t5v0__buf_8)
   1.58    9.79 ^ u_core/_10534_/Z (gf180mcu_fd_sc_mcu9t5v0__and2_1)
   1.09   10.88 ^ u_core/_10609_/Z (gf180mcu_fd_sc_mcu9t5v0__mux2_1)
   0.38   11.26 v u_core/_10610_/ZN (gf180mcu_fd_sc_mcu9t5v0__aoi22_1)
   0.39   11.65 ^ u_core/_10622_/ZN (gf180mcu_fd_sc_mcu9t5v0__nand4_1)
   0.20   11.85 v u_core/_10623_/ZN (gf180mcu_fd_sc_mcu9t5v0__nand2_1)
   0.95   12.80 ^ u_core/_10633_/ZN (gf180mcu_fd_sc_mcu9t5v0__aoi22_1)
   0.39   13.19 ^ place525/Z (gf180mcu_fd_sc_mcu9t5v0__buf_8)
   5.92   19.11 ^ u_pad_dout5/PAD (gf180mcu_fd_io__bi_t)
   0.00   19.11 ^ pad_dout[5] (inout)
          19.11   data arrival time

  16.28   16.28   clock pad_clk_ext (rise edge)
   0.00   16.28   clock network delay (propagated)
  -0.10   16.18   clock uncertainty
   0.00   16.18   clock reconvergence pessimism
   6.00   22.18   output external delay
          22.18   data required time
---------------------------------------------------------
          22.18   data required time
         -19.11   data arrival time
---------------------------------------------------------
           3.06   slack (MET)


Startpoint: u_core/_21017_
            (rising edge-triggered flip-flop clocked by pad_clk_ext)
Endpoint: pad_dout[7] (output port clocked by pad_clk_ext)
Path Group: pad_clk_ext
Path Type: max

  Delay    Time   Description
---------------------------------------------------------
   0.00    0.00   clock pad_clk_ext (rise edge)
   0.00    0.00   clock source latency
   0.00    0.00 ^ pad_clk (in)
   1.67    1.67 ^ u_pad_clk/Y (gf180mcu_fd_io__in_c)
   1.28    2.96 ^ u_clk_iso/Z (gf180mcu_fd_sc_mcu9t5v0__clkbuf_1)
   0.53    3.48 ^ clkbuf_regs_0_pad_clk_ext/Z (gf180mcu_fd_sc_mcu9t5v0__clkbuf_16)
   0.35    3.83 ^ clkbuf_0_core_clk_regs/Z (gf180mcu_fd_sc_mcu9t5v0__clkbuf_16)
   0.41    4.24 ^ clkbuf_2_1_0_core_clk_regs/Z (gf180mcu_fd_sc_mcu9t5v0__clkbuf_8)
   0.55    4.79 ^ clkbuf_3_3__f_core_clk_regs/Z (gf180mcu_fd_sc_mcu9t5v0__clkbuf_16)
   0.50    5.29 ^ clkbuf_leaf_38_core_clk_regs/Z (gf180mcu_fd_sc_mcu9t5v0__clkbuf_8)
   0.00    5.29 ^ u_core/_21017_/CLK (gf180mcu_fd_sc_mcu9t5v0__dffrnq_4)
   1.82    7.11 ^ u_core/_21017_/Q (gf180mcu_fd_sc_mcu9t5v0__dffrnq_4)
   0.37    7.48 ^ u_core/place677/Z (gf180mcu_fd_sc_mcu9t5v0__buf_8)
   0.33    7.81 v u_core/_09614_/ZN (gf180mcu_fd_sc_mcu9t5v0__nor3_4)
   0.41    8.21 v u_core/place651/Z (gf180mcu_fd_sc_mcu9t5v0__buf_8)
   0.44    8.66 ^ u_core/_10547_/ZN (gf180mcu_fd_sc_mcu9t5v0__nand2_1)
   0.96    9.62 ^ u_core/place575/Z (gf180mcu_fd_sc_mcu9t5v0__buf_8)
   1.19   10.81 v u_core/_10957_/Z (gf180mcu_fd_sc_mcu9t5v0__mux2_1)
   1.09   11.90 ^ u_core/_19014_/ZN (gf180mcu_fd_sc_mcu9t5v0__aoi222_1)
   0.23   12.13 v u_core/_19016_/ZN (gf180mcu_fd_sc_mcu9t5v0__nand2_1)
   0.33   12.46 ^ u_core/_19017_/ZN (gf180mcu_fd_sc_mcu9t5v0__nand2_1)
   0.42   12.88 v u_core/_19037_/ZN (gf180mcu_fd_sc_mcu9t5v0__aoi21_1)
   0.49   13.37 v place520/Z (gf180mcu_fd_sc_mcu9t5v0__buf_8)
   5.71   19.08 v u_pad_dout7/PAD (gf180mcu_fd_io__bi_t)
   0.00   19.08 v pad_dout[7] (inout)
          19.08   data arrival time

  16.28   16.28   clock pad_clk_ext (rise edge)
   0.00   16.28   clock network delay (propagated)
  -0.10   16.18   clock uncertainty
   0.00   16.18   clock reconvergence pessimism
   6.00   22.18   output external delay
          22.18   data required time
---------------------------------------------------------
          22.18   data required time
         -19.08   data arrival time
---------------------------------------------------------
           3.09   slack (MET)


Startpoint: u_core/_21021_
            (rising edge-triggered flip-flop clocked by pad_clk_ext)
Endpoint: pad_dout_valid_o (output port clocked by pad_clk_ext)
Path Group: pad_clk_ext
Path Type: max

  Delay    Time   Description
---------------------------------------------------------
   0.00    0.00   clock pad_clk_ext (rise edge)
   0.00    0.00   clock source latency
   0.00    0.00 ^ pad_clk (in)
   1.67    1.67 ^ u_pad_clk/Y (gf180mcu_fd_io__in_c)
   1.28    2.96 ^ u_clk_iso/Z (gf180mcu_fd_sc_mcu9t5v0__clkbuf_1)
   0.53    3.48 ^ clkbuf_regs_0_pad_clk_ext/Z (gf180mcu_fd_sc_mcu9t5v0__clkbuf_16)
   0.35    3.83 ^ clkbuf_0_core_clk_regs/Z (gf180mcu_fd_sc_mcu9t5v0__clkbuf_16)
   0.41    4.24 ^ clkbuf_2_1_0_core_clk_regs/Z (gf180mcu_fd_sc_mcu9t5v0__clkbuf_8)
   0.55    4.79 ^ clkbuf_3_2__f_core_clk_regs/Z (gf180mcu_fd_sc_mcu9t5v0__clkbuf_16)
   0.50    5.29 ^ clkbuf_leaf_24_core_clk_regs/Z (gf180mcu_fd_sc_mcu9t5v0__clkbuf_8)
   0.00    5.29 ^ u_core/_21021_/CLK (gf180mcu_fd_sc_mcu9t5v0__dffrnq_2)
   1.50    6.79 v u_core/_21021_/Q (gf180mcu_fd_sc_mcu9t5v0__dffrnq_2)
   1.85    8.65 ^ u_core/_10503_/ZN (gf180mcu_fd_sc_mcu9t5v0__nor3_1)
   0.42    9.07 ^ u_core/place638/Z (gf180mcu_fd_sc_mcu9t5v0__buf_8)
   0.69    9.76 v u_core/_19039_/ZN (gf180mcu_fd_sc_mcu9t5v0__nand4_1)
   0.58   10.34 v place580/Z (gf180mcu_fd_sc_mcu9t5v0__buf_8)
   5.72   16.06 v u_pad_dout_valid/PAD (gf180mcu_fd_io__bi_t)
   0.00   16.06 v pad_dout_valid_o (inout)
          16.06   data arrival time

  16.28   16.28   clock pad_clk_ext (rise edge)
   0.00   16.28   clock network delay (propagated)
  -0.10   16.18   clock uncertainty
   0.00   16.18   clock reconvergence pessimism
   6.00   22.18   output external delay
          22.18   data required time
---------------------------------------------------------
          22.18   data required time
         -16.06   data arrival time
---------------------------------------------------------
           6.12   slack (MET)


