Startpoint: u_core/_21097_
            (rising edge-triggered flip-flop clocked by pad_clk_ext)
Endpoint: pad_din_ready_o (output port clocked by pad_clk_ext)
Path Group: pad_clk_ext
Path Type: min

  Delay    Time   Description
---------------------------------------------------------
   0.00    0.00   clock pad_clk_ext (rise edge)
   0.00    0.00   clock source latency
   0.00    0.00 ^ pad_clk (in)
   1.67    1.67 ^ u_pad_clk/Y (gf180mcu_fd_io__in_c)
   1.28    2.96 ^ u_clk_iso/Z (gf180mcu_fd_sc_mcu9t5v0__clkbuf_1)
   0.53    3.48 ^ clkbuf_regs_0_pad_clk_ext/Z (gf180mcu_fd_sc_mcu9t5v0__clkbuf_16)
   0.35    3.83 ^ clkbuf_0_core_clk_regs/Z (gf180mcu_fd_sc_mcu9t5v0__clkbuf_16)
   0.41    4.24 ^ clkbuf_2_1_0_core_clk_regs/Z (gf180mcu_fd_sc_mcu9t5v0__clkbuf_8)
   0.51    4.75 ^ clkbuf_3_2__f_core_clk_regs/Z (gf180mcu_fd_sc_mcu9t5v0__clkbuf_16)
   0.49    5.24 ^ clkbuf_leaf_23_core_clk_regs/Z (gf180mcu_fd_sc_mcu9t5v0__clkbuf_8)
   0.00    5.24 ^ u_core/_21097_/CLK (gf180mcu_fd_sc_mcu9t5v0__dffrnq_2)
   1.39    6.63 ^ u_core/_21097_/Q (gf180mcu_fd_sc_mcu9t5v0__dffrnq_2)
   0.19    6.82 v u_core/_10547_/ZN (gf180mcu_fd_sc_mcu9t5v0__nor2_1)
   0.38    7.20 ^ u_core/_10549_/ZN (gf180mcu_fd_sc_mcu9t5v0__nand2_1)
   0.42    7.62 ^ u_core/_10550_/Z (gf180mcu_fd_sc_mcu9t5v0__or2_4)
   3.53   11.15 ^ u_pad_din_ready/PAD (gf180mcu_fd_io__bi_t)
   0.00   11.15 ^ pad_din_ready_o (inout)
          11.15   data arrival time

   0.00    0.00   clock pad_clk_ext (rise edge)
   0.00    0.00   clock network delay (propagated)
   0.05    0.05   clock uncertainty
   0.00    0.05   clock reconvergence pessimism
   0.00    0.05   output external delay
           0.05   data required time
---------------------------------------------------------
           0.05   data required time
         -11.15   data arrival time
---------------------------------------------------------
          11.10   slack (MET)


Startpoint: u_core/_21019_
            (rising edge-triggered flip-flop clocked by pad_clk_ext)
Endpoint: pad_dout[0] (output port clocked by pad_clk_ext)
Path Group: pad_clk_ext
Path Type: min

  Delay    Time   Description
---------------------------------------------------------
   0.00    0.00   clock pad_clk_ext (rise edge)
   0.00    0.00   clock source latency
   0.00    0.00 ^ pad_clk (in)
   1.67    1.67 ^ u_pad_clk/Y (gf180mcu_fd_io__in_c)
   1.28    2.96 ^ u_clk_iso/Z (gf180mcu_fd_sc_mcu9t5v0__clkbuf_1)
   0.53    3.48 ^ clkbuf_regs_0_pad_clk_ext/Z (gf180mcu_fd_sc_mcu9t5v0__clkbuf_16)
   0.35    3.83 ^ clkbuf_0_core_clk_regs/Z (gf180mcu_fd_sc_mcu9t5v0__clkbuf_16)
   0.41    4.24 ^ clkbuf_2_1_0_core_clk_regs/Z (gf180mcu_fd_sc_mcu9t5v0__clkbuf_8)
   0.51    4.75 ^ clkbuf_3_3__f_core_clk_regs/Z (gf180mcu_fd_sc_mcu9t5v0__clkbuf_16)
   0.50    5.25 ^ clkbuf_leaf_13_core_clk_regs/Z (gf180mcu_fd_sc_mcu9t5v0__clkbuf_8)
   0.00    5.25 ^ u_core/_21019_/CLK (gf180mcu_fd_sc_mcu9t5v0__dffrnq_2)
   1.10    6.35 v u_core/_21019_/Q (gf180mcu_fd_sc_mcu9t5v0__dffrnq_2)
   0.37    6.73 ^ u_core/_10893_/ZN (gf180mcu_fd_sc_mcu9t5v0__aoi21_1)
   0.49    7.22 v u_core/_10931_/ZN (gf180mcu_fd_sc_mcu9t5v0__oai31_1)
   0.42    7.63 v place478/Z (gf180mcu_fd_sc_mcu9t5v0__buf_8)
   3.69   11.32 v u_pad_dout0/PAD (gf180mcu_fd_io__bi_t)
   0.00   11.32 v pad_dout[0] (inout)
          11.32   data arrival time

   0.00    0.00   clock pad_clk_ext (rise edge)
   0.00    0.00   clock network delay (propagated)
   0.05    0.05   clock uncertainty
   0.00    0.05   clock reconvergence pessimism
   0.00    0.05   output external delay
           0.05   data required time
---------------------------------------------------------
           0.05   data required time
         -11.32   data arrival time
---------------------------------------------------------
          11.27   slack (MET)


Startpoint: u_core/_19964_
            (rising edge-triggered flip-flop clocked by pad_clk_ext)
Endpoint: pad_dout[6] (output port clocked by pad_clk_ext)
Path Group: pad_clk_ext
Path Type: min

  Delay    Time   Description
---------------------------------------------------------
   0.00    0.00   clock pad_clk_ext (rise edge)
   0.00    0.00   clock source latency
   0.00    0.00 ^ pad_clk (in)
   1.67    1.67 ^ u_pad_clk/Y (gf180mcu_fd_io__in_c)
   1.28    2.96 ^ u_clk_iso/Z (gf180mcu_fd_sc_mcu9t5v0__clkbuf_1)
   0.53    3.48 ^ clkbuf_regs_0_pad_clk_ext/Z (gf180mcu_fd_sc_mcu9t5v0__clkbuf_16)
   0.35    3.83 ^ clkbuf_0_core_clk_regs/Z (gf180mcu_fd_sc_mcu9t5v0__clkbuf_16)
   0.41    4.24 ^ clkbuf_2_1_0_core_clk_regs/Z (gf180mcu_fd_sc_mcu9t5v0__clkbuf_8)
   0.51    4.75 ^ clkbuf_3_3__f_core_clk_regs/Z (gf180mcu_fd_sc_mcu9t5v0__clkbuf_16)
   0.50    5.25 ^ clkbuf_leaf_18_core_clk_regs/Z (gf180mcu_fd_sc_mcu9t5v0__clkbuf_8)
   0.00    5.25 ^ u_core/_19964_/CLK (gf180mcu_fd_sc_mcu9t5v0__dffrnq_2)
   1.12    6.37 v u_core/_19964_/Q (gf180mcu_fd_sc_mcu9t5v0__dffrnq_2)
   0.43    6.80 ^ u_core/_10572_/ZN (gf180mcu_fd_sc_mcu9t5v0__aoi211_1)
   0.47    7.27 v u_core/_10657_/ZN (gf180mcu_fd_sc_mcu9t5v0__nor2_1)
   0.44    7.71 v place475/Z (gf180mcu_fd_sc_mcu9t5v0__buf_8)
   3.69   11.40 v u_pad_dout6/PAD (gf180mcu_fd_io__bi_t)
   0.00   11.40 v pad_dout[6] (inout)
          11.40   data arrival time

   0.00    0.00   clock pad_clk_ext (rise edge)
   0.00    0.00   clock network delay (propagated)
   0.05    0.05   clock uncertainty
   0.00    0.05   clock reconvergence pessimism
   0.00    0.05   output external delay
           0.05   data required time
---------------------------------------------------------
           0.05   data required time
         -11.40   data arrival time
---------------------------------------------------------
          11.35   slack (MET)


Startpoint: u_core/_21167_
            (rising edge-triggered flip-flop clocked by pad_clk_ext)
Endpoint: pad_dout[4] (output port clocked by pad_clk_ext)
Path Group: pad_clk_ext
Path Type: min

  Delay    Time   Description
---------------------------------------------------------
   0.00    0.00   clock pad_clk_ext (rise edge)
   0.00    0.00   clock source latency
   0.00    0.00 ^ pad_clk (in)
   1.67    1.67 ^ u_pad_clk/Y (gf180mcu_fd_io__in_c)
   1.28    2.96 ^ u_clk_iso/Z (gf180mcu_fd_sc_mcu9t5v0__clkbuf_1)
   0.53    3.48 ^ clkbuf_regs_0_pad_clk_ext/Z (gf180mcu_fd_sc_mcu9t5v0__clkbuf_16)
   0.35    3.83 ^ clkbuf_0_core_clk_regs/Z (gf180mcu_fd_sc_mcu9t5v0__clkbuf_16)
   0.41    4.24 ^ clkbuf_2_3_0_core_clk_regs/Z (gf180mcu_fd_sc_mcu9t5v0__clkbuf_8)
   0.53    4.78 ^ clkbuf_3_6__f_core_clk_regs/Z (gf180mcu_fd_sc_mcu9t5v0__clkbuf_16)
   0.49    5.26 ^ clkbuf_leaf_51_core_clk_regs/Z (gf180mcu_fd_sc_mcu9t5v0__clkbuf_8)
   0.00    5.26 ^ u_core/_21167_/CLK (gf180mcu_fd_sc_mcu9t5v0__dffrnq_2)
   1.47    6.73 ^ u_core/_21167_/Q (gf180mcu_fd_sc_mcu9t5v0__dffrnq_2)
   0.39    7.12 ^ u_core/place642/Z (gf180mcu_fd_sc_mcu9t5v0__buf_8)
   0.15    7.27 v u_core/_10744_/ZN (gf180mcu_fd_sc_mcu9t5v0__oai33_2)
   0.39    7.66 ^ u_core/_10745_/ZN (gf180mcu_fd_sc_mcu9t5v0__clkinv_1)
   0.34    8.00 ^ place482/Z (gf180mcu_fd_sc_mcu9t5v0__buf_8)
   3.51   11.52 ^ u_pad_dout4/PAD (gf180mcu_fd_io__bi_t)
   0.00   11.52 ^ pad_dout[4] (inout)
          11.52   data arrival time

   0.00    0.00   clock pad_clk_ext (rise edge)
   0.00    0.00   clock network delay (propagated)
   0.05    0.05   clock uncertainty
   0.00    0.05   clock reconvergence pessimism
   0.00    0.05   output external delay
           0.05   data required time
---------------------------------------------------------
           0.05   data required time
         -11.52   data arrival time
---------------------------------------------------------
          11.47   slack (MET)


Startpoint: u_core/_21101_
            (rising edge-triggered flip-flop clocked by pad_clk_ext)
Endpoint: pad_dout_valid_o (output port clocked by pad_clk_ext)
Path Group: pad_clk_ext
Path Type: min

  Delay    Time   Description
---------------------------------------------------------
   0.00    0.00   clock pad_clk_ext (rise edge)
   0.00    0.00   clock source latency
   0.00    0.00 ^ pad_clk (in)
   1.67    1.67 ^ u_pad_clk/Y (gf180mcu_fd_io__in_c)
   1.28    2.96 ^ u_clk_iso/Z (gf180mcu_fd_sc_mcu9t5v0__clkbuf_1)
   0.53    3.48 ^ clkbuf_regs_0_pad_clk_ext/Z (gf180mcu_fd_sc_mcu9t5v0__clkbuf_16)
   0.35    3.83 ^ clkbuf_0_core_clk_regs/Z (gf180mcu_fd_sc_mcu9t5v0__clkbuf_16)
   0.41    4.24 ^ clkbuf_2_1_0_core_clk_regs/Z (gf180mcu_fd_sc_mcu9t5v0__clkbuf_8)
   0.51    4.75 ^ clkbuf_3_3__f_core_clk_regs/Z (gf180mcu_fd_sc_mcu9t5v0__clkbuf_16)
   0.50    5.25 ^ clkbuf_leaf_18_core_clk_regs/Z (gf180mcu_fd_sc_mcu9t5v0__clkbuf_8)
   0.00    5.25 ^ u_core/_21101_/CLK (gf180mcu_fd_sc_mcu9t5v0__dffrnq_2)
   1.42    6.67 ^ u_core/_21101_/Q (gf180mcu_fd_sc_mcu9t5v0__dffrnq_2)
   0.29    6.96 v u_core/_18655_/ZN (gf180mcu_fd_sc_mcu9t5v0__nor3_1)
   0.75    7.71 ^ u_core/_19151_/ZN (gf180mcu_fd_sc_mcu9t5v0__nand4_1)
   0.37    8.07 ^ place563/Z (gf180mcu_fd_sc_mcu9t5v0__buf_8)
   3.51   11.59 ^ u_pad_dout_valid/PAD (gf180mcu_fd_io__bi_t)
   0.00   11.59 ^ pad_dout_valid_o (inout)
          11.59   data arrival time

   0.00    0.00   clock pad_clk_ext (rise edge)
   0.00    0.00   clock network delay (propagated)
   0.05    0.05   clock uncertainty
   0.00    0.05   clock reconvergence pessimism
   0.00    0.05   output external delay
           0.05   data required time
---------------------------------------------------------
           0.05   data required time
         -11.59   data arrival time
---------------------------------------------------------
          11.54   slack (MET)


Startpoint: u_core/_19960_
            (rising edge-triggered flip-flop clocked by pad_clk_ext)
Endpoint: pad_dout[2] (output port clocked by pad_clk_ext)
Path Group: pad_clk_ext
Path Type: min

  Delay    Time   Description
---------------------------------------------------------
   0.00    0.00   clock pad_clk_ext (rise edge)
   0.00    0.00   clock source latency
   0.00    0.00 ^ pad_clk (in)
   1.67    1.67 ^ u_pad_clk/Y (gf180mcu_fd_io__in_c)
   1.28    2.96 ^ u_clk_iso/Z (gf180mcu_fd_sc_mcu9t5v0__clkbuf_1)
   0.53    3.48 ^ clkbuf_regs_0_pad_clk_ext/Z (gf180mcu_fd_sc_mcu9t5v0__clkbuf_16)
   0.35    3.83 ^ clkbuf_0_core_clk_regs/Z (gf180mcu_fd_sc_mcu9t5v0__clkbuf_16)
   0.41    4.24 ^ clkbuf_2_1_0_core_clk_regs/Z (gf180mcu_fd_sc_mcu9t5v0__clkbuf_8)
   0.51    4.75 ^ clkbuf_3_3__f_core_clk_regs/Z (gf180mcu_fd_sc_mcu9t5v0__clkbuf_16)
   0.50    5.25 ^ clkbuf_leaf_18_core_clk_regs/Z (gf180mcu_fd_sc_mcu9t5v0__clkbuf_8)
   0.00    5.25 ^ u_core/_19960_/CLK (gf180mcu_fd_sc_mcu9t5v0__dffrnq_2)
   1.08    6.33 v u_core/_19960_/Q (gf180mcu_fd_sc_mcu9t5v0__dffrnq_2)
   0.23    6.56 ^ u_core/_10811_/ZN (gf180mcu_fd_sc_mcu9t5v0__clkinv_1)
   0.18    6.74 v u_core/_10812_/ZN (gf180mcu_fd_sc_mcu9t5v0__nand2_1)
   0.35    7.09 ^ u_core/_10813_/ZN (gf180mcu_fd_sc_mcu9t5v0__oai211_1)
   0.43    7.52 v u_core/_10849_/ZN (gf180mcu_fd_sc_mcu9t5v0__aoi21_1)
   0.44    7.96 v place480/Z (gf180mcu_fd_sc_mcu9t5v0__buf_8)
   3.69   11.65 v u_pad_dout2/PAD (gf180mcu_fd_io__bi_t)
   0.00   11.65 v pad_dout[2] (inout)
          11.65   data arrival time

   0.00    0.00   clock pad_clk_ext (rise edge)
   0.00    0.00   clock network delay (propagated)
   0.05    0.05   clock uncertainty
   0.00    0.05   clock reconvergence pessimism
   0.00    0.05   output external delay
           0.05   data required time
---------------------------------------------------------
           0.05   data required time
         -11.65   data arrival time
---------------------------------------------------------
          11.60   slack (MET)


Startpoint: u_core/_19963_
            (rising edge-triggered flip-flop clocked by pad_clk_ext)
Endpoint: pad_dout[5] (output port clocked by pad_clk_ext)
Path Group: pad_clk_ext
Path Type: min

  Delay    Time   Description
---------------------------------------------------------
   0.00    0.00   clock pad_clk_ext (rise edge)
   0.00    0.00   clock source latency
   0.00    0.00 ^ pad_clk (in)
   1.67    1.67 ^ u_pad_clk/Y (gf180mcu_fd_io__in_c)
   1.28    2.96 ^ u_clk_iso/Z (gf180mcu_fd_sc_mcu9t5v0__clkbuf_1)
   0.53    3.48 ^ clkbuf_regs_0_pad_clk_ext/Z (gf180mcu_fd_sc_mcu9t5v0__clkbuf_16)
   0.35    3.83 ^ clkbuf_0_core_clk_regs/Z (gf180mcu_fd_sc_mcu9t5v0__clkbuf_16)
   0.41    4.24 ^ clkbuf_2_1_0_core_clk_regs/Z (gf180mcu_fd_sc_mcu9t5v0__clkbuf_8)
   0.51    4.75 ^ clkbuf_3_3__f_core_clk_regs/Z (gf180mcu_fd_sc_mcu9t5v0__clkbuf_16)
   0.50    5.25 ^ clkbuf_leaf_18_core_clk_regs/Z (gf180mcu_fd_sc_mcu9t5v0__clkbuf_8)
   0.00    5.25 ^ u_core/_19963_/CLK (gf180mcu_fd_sc_mcu9t5v0__dffrnq_2)
   1.08    6.33 v u_core/_19963_/Q (gf180mcu_fd_sc_mcu9t5v0__dffrnq_2)
   0.23    6.56 ^ u_core/_10665_/ZN (gf180mcu_fd_sc_mcu9t5v0__clkinv_1)
   0.18    6.74 v u_core/_10666_/ZN (gf180mcu_fd_sc_mcu9t5v0__nand2_1)
   0.35    7.09 ^ u_core/_10667_/ZN (gf180mcu_fd_sc_mcu9t5v0__oai211_1)
   0.43    7.52 v u_core/_10703_/ZN (gf180mcu_fd_sc_mcu9t5v0__aoi21_1)
   0.44    7.96 v place474/Z (gf180mcu_fd_sc_mcu9t5v0__buf_8)
   3.69   11.65 v u_pad_dout5/PAD (gf180mcu_fd_io__bi_t)
   0.00   11.65 v pad_dout[5] (inout)
          11.65   data arrival time

   0.00    0.00   clock pad_clk_ext (rise edge)
   0.00    0.00   clock network delay (propagated)
   0.05    0.05   clock uncertainty
   0.00    0.05   clock reconvergence pessimism
   0.00    0.05   output external delay
           0.05   data required time
---------------------------------------------------------
           0.05   data required time
         -11.65   data arrival time
---------------------------------------------------------
          11.60   slack (MET)


Startpoint: u_core/_19961_
            (rising edge-triggered flip-flop clocked by pad_clk_ext)
Endpoint: pad_dout[3] (output port clocked by pad_clk_ext)
Path Group: pad_clk_ext
Path Type: min

  Delay    Time   Description
---------------------------------------------------------
   0.00    0.00   clock pad_clk_ext (rise edge)
   0.00    0.00   clock source latency
   0.00    0.00 ^ pad_clk (in)
   1.67    1.67 ^ u_pad_clk/Y (gf180mcu_fd_io__in_c)
   1.28    2.96 ^ u_clk_iso/Z (gf180mcu_fd_sc_mcu9t5v0__clkbuf_1)
   0.53    3.48 ^ clkbuf_regs_0_pad_clk_ext/Z (gf180mcu_fd_sc_mcu9t5v0__clkbuf_16)
   0.35    3.83 ^ clkbuf_0_core_clk_regs/Z (gf180mcu_fd_sc_mcu9t5v0__clkbuf_16)
   0.41    4.24 ^ clkbuf_2_1_0_core_clk_regs/Z (gf180mcu_fd_sc_mcu9t5v0__clkbuf_8)
   0.51    4.75 ^ clkbuf_3_3__f_core_clk_regs/Z (gf180mcu_fd_sc_mcu9t5v0__clkbuf_16)
   0.50    5.25 ^ clkbuf_leaf_18_core_clk_regs/Z (gf180mcu_fd_sc_mcu9t5v0__clkbuf_8)
   0.00    5.25 ^ u_core/_19961_/CLK (gf180mcu_fd_sc_mcu9t5v0__dffrnq_2)
   1.08    6.33 v u_core/_19961_/Q (gf180mcu_fd_sc_mcu9t5v0__dffrnq_2)
   0.23    6.56 ^ u_core/_10756_/ZN (gf180mcu_fd_sc_mcu9t5v0__clkinv_1)
   0.18    6.74 v u_core/_10757_/ZN (gf180mcu_fd_sc_mcu9t5v0__nand2_1)
   0.35    7.09 ^ u_core/_10758_/ZN (gf180mcu_fd_sc_mcu9t5v0__oai211_1)
   0.42    7.52 v u_core/_10802_/ZN (gf180mcu_fd_sc_mcu9t5v0__aoi22_1)
   0.45    7.97 v place481/Z (gf180mcu_fd_sc_mcu9t5v0__buf_8)
   3.69   11.65 v u_pad_dout3/PAD (gf180mcu_fd_io__bi_t)
   0.00   11.65 v pad_dout[3] (inout)
          11.65   data arrival time

   0.00    0.00   clock pad_clk_ext (rise edge)
   0.00    0.00   clock network delay (propagated)
   0.05    0.05   clock uncertainty
   0.00    0.05   clock reconvergence pessimism
   0.00    0.05   output external delay
           0.05   data required time
---------------------------------------------------------
           0.05   data required time
         -11.65   data arrival time
---------------------------------------------------------
          11.60   slack (MET)


Startpoint: u_core/_19959_
            (rising edge-triggered flip-flop clocked by pad_clk_ext)
Endpoint: pad_dout[1] (output port clocked by pad_clk_ext)
Path Group: pad_clk_ext
Path Type: min

  Delay    Time   Description
---------------------------------------------------------
   0.00    0.00   clock pad_clk_ext (rise edge)
   0.00    0.00   clock source latency
   0.00    0.00 ^ pad_clk (in)
   1.67    1.67 ^ u_pad_clk/Y (gf180mcu_fd_io__in_c)
   1.28    2.96 ^ u_clk_iso/Z (gf180mcu_fd_sc_mcu9t5v0__clkbuf_1)
   0.53    3.48 ^ clkbuf_regs_0_pad_clk_ext/Z (gf180mcu_fd_sc_mcu9t5v0__clkbuf_16)
   0.35    3.83 ^ clkbuf_0_core_clk_regs/Z (gf180mcu_fd_sc_mcu9t5v0__clkbuf_16)
   0.41    4.24 ^ clkbuf_2_1_0_core_clk_regs/Z (gf180mcu_fd_sc_mcu9t5v0__clkbuf_8)
   0.51    4.75 ^ clkbuf_3_3__f_core_clk_regs/Z (gf180mcu_fd_sc_mcu9t5v0__clkbuf_16)
   0.50    5.25 ^ clkbuf_leaf_18_core_clk_regs/Z (gf180mcu_fd_sc_mcu9t5v0__clkbuf_8)
   0.00    5.25 ^ u_core/_19959_/CLK (gf180mcu_fd_sc_mcu9t5v0__dffrnq_2)
   1.35    6.60 ^ u_core/_19959_/Q (gf180mcu_fd_sc_mcu9t5v0__dffrnq_2)
   0.20    6.80 v u_core/_10853_/ZN (gf180mcu_fd_sc_mcu9t5v0__aoi21_1)
   0.35    7.15 ^ u_core/_10857_/ZN (gf180mcu_fd_sc_mcu9t5v0__oai211_1)
   0.72    7.86 ^ u_core/_10890_/Z (gf180mcu_fd_sc_mcu9t5v0__and2_1)
   0.35    8.21 ^ place479/Z (gf180mcu_fd_sc_mcu9t5v0__buf_8)
   3.51   11.72 ^ u_pad_dout1/PAD (gf180mcu_fd_io__bi_t)
   0.00   11.72 ^ pad_dout[1] (inout)
          11.72   data arrival time

   0.00    0.00   clock pad_clk_ext (rise edge)
   0.00    0.00   clock network delay (propagated)
   0.05    0.05   clock uncertainty
   0.00    0.05   clock reconvergence pessimism
   0.00    0.05   output external delay
           0.05   data required time
---------------------------------------------------------
           0.05   data required time
         -11.72   data arrival time
---------------------------------------------------------
          11.67   slack (MET)


Startpoint: u_core/_19965_
            (rising edge-triggered flip-flop clocked by pad_clk_ext)
Endpoint: pad_dout[7] (output port clocked by pad_clk_ext)
Path Group: pad_clk_ext
Path Type: min

  Delay    Time   Description
---------------------------------------------------------
   0.00    0.00   clock pad_clk_ext (rise edge)
   0.00    0.00   clock source latency
   0.00    0.00 ^ pad_clk (in)
   1.67    1.67 ^ u_pad_clk/Y (gf180mcu_fd_io__in_c)
   1.28    2.96 ^ u_clk_iso/Z (gf180mcu_fd_sc_mcu9t5v0__clkbuf_1)
   0.53    3.48 ^ clkbuf_regs_0_pad_clk_ext/Z (gf180mcu_fd_sc_mcu9t5v0__clkbuf_16)
   0.35    3.83 ^ clkbuf_0_core_clk_regs/Z (gf180mcu_fd_sc_mcu9t5v0__clkbuf_16)
   0.41    4.24 ^ clkbuf_2_1_0_core_clk_regs/Z (gf180mcu_fd_sc_mcu9t5v0__clkbuf_8)
   0.51    4.75 ^ clkbuf_3_3__f_core_clk_regs/Z (gf180mcu_fd_sc_mcu9t5v0__clkbuf_16)
   0.50    5.25 ^ clkbuf_leaf_18_core_clk_regs/Z (gf180mcu_fd_sc_mcu9t5v0__clkbuf_8)
   0.00    5.25 ^ u_core/_19965_/CLK (gf180mcu_fd_sc_mcu9t5v0__dffrnq_2)
   1.31    6.56 ^ u_core/_19965_/Q (gf180mcu_fd_sc_mcu9t5v0__dffrnq_2)
   0.53    7.09 ^ u_core/_19147_/Z (gf180mcu_fd_sc_mcu9t5v0__mux2_1)
   0.32    7.41 v u_core/_19148_/ZN (gf180mcu_fd_sc_mcu9t5v0__oai32_1)
   0.36    7.76 v u_core/place483/Z (gf180mcu_fd_sc_mcu9t5v0__buf_8)
   0.37    8.13 ^ u_core/_19149_/ZN (gf180mcu_fd_sc_mcu9t5v0__clkinv_1)
   0.34    8.47 ^ place476/Z (gf180mcu_fd_sc_mcu9t5v0__buf_8)
   3.51   11.99 ^ u_pad_dout7/PAD (gf180mcu_fd_io__bi_t)
   0.00   11.99 ^ pad_dout[7] (inout)
          11.99   data arrival time

   0.00    0.00   clock pad_clk_ext (rise edge)
   0.00    0.00   clock network delay (propagated)
   0.05    0.05   clock uncertainty
   0.00    0.05   clock reconvergence pessimism
   0.00    0.05   output external delay
           0.05   data required time
---------------------------------------------------------
           0.05   data required time
         -11.99   data arrival time
---------------------------------------------------------
          11.94   slack (MET)


