Reading timing models for corner nom_tt_025C_5v00…
Reading timing library for the 'nom_tt_025C_5v00' corner at '/foss/pdks/gf180mcuD/libs.ref/gf180mcu_fd_sc_mcu9t5v0/lib/gf180mcu_fd_sc_mcu9t5v0__tt_025C_5v00.lib'…
Reading timing library for the 'nom_tt_025C_5v00' corner at '/foss/pdks/gf180mcuD/libs.ref/gf180mcu_fd_ip_sram/lib/gf180mcu_fd_ip_sram__sram256x8m8wm1__tt_025C_5v00.lib'…
Reading OpenROAD database at '/headless/aravindustries-repos/butterfold/butterfold_proto/physical/librelane/runs/butterfold_top_9t_dft12_metadata_isolation/21-openroad-ioplacement/butterfold_top.odb'…
Reading design constraints file at '/headless/aravindustries-repos/butterfold/butterfold_proto/physical/constraints.sdc'…
[INFO] No information on clock propagation in input SDC file-- propagating all clocks.
[INFO] Setting signal min routing layer to: Metal2 and clock min routing layer to Metal2. 
[INFO] Setting signal max routing layer to: Metal5 and clock max routing layer to Metal5. 
+ global_placement -density 0.65 -routability_driven -pad_right 0 -pad_left 0 -init_wirelength_coef 0.25
[INFO GPL-0001] ---- Initialize GPL Main Data Structures
[INFO GPL-0002] DBU: 2000
[INFO GPL-0003] SiteSize: (  0.560  5.040 ) um
[INFO GPL-0004] CoreBBox: (  6.720 20.160 ) ( 1098.720 1108.800 ) um
[INFO GPL-0036] Movable instances area:     421353.274 um^2
[INFO GPL-0037] Total instances area:       746561.491 um^2
[INFO GPL-0035] Pin density area adjust:     44349.544 um^2
[INFO GPL-0032] ---- Initialize Region: Top-level
[INFO GPL-0006] Number of instances:             16556
[INFO GPL-0007] Movable instances:               11926
[INFO GPL-0008] Fixed instances:                  4346
[INFO GPL-0009] Dummy instances:                   284
[INFO GPL-0010] Number of nets:                  11953
[INFO GPL-0011] Number of pins:                  44752
[INFO GPL-0012] Die BBox:  (  0.000  0.000 ) ( 1105.670 1132.550 ) um
[INFO GPL-0013] Core BBox: (  6.720 20.160 ) ( 1098.720 1108.800 ) um
[INFO GPL-0016] Core area:                  1188794.880 um^2
[INFO GPL-0014] Region name: top-level.
[INFO GPL-0015] Region area:                1188794.880 um^2
[INFO GPL-0017] Fixed instances area:       357473.894 um^2
[INFO GPL-0018] Movable instances area:     465702.818 um^2
[INFO GPL-0019] Utilization:                    56.020 %
[INFO GPL-0020] Standard cells area:        465702.818 um^2
[INFO GPL-0021] Large instances area:            0.000 um^2
[INFO GPL-0005] ---- Execute Conjugate Gradient Initial Placement.
[INFO GPL-0051] Source of initial instance position counters:
	Odb location = 11926	Core center = 0	Region center = 0
[InitialPlace]  Iter: 1 conjugate gradient residual: 0.00372484 HPWL: 1560826709
[InitialPlace]  Iter: 2 conjugate gradient residual: 0.00701892 HPWL: 967172896
[InitialPlace]  Iter: 3 conjugate gradient residual: 0.00895755 HPWL: 681428344
[InitialPlace]  Iter: 4 conjugate gradient residual: 0.00397238 HPWL: 578127254
[InitialPlace]  Iter: 5 conjugate gradient residual: 0.00217936 HPWL: 549276951
[InitialPlace]  Iter: 6 conjugate gradient residual: 0.00042152 HPWL: 534850602
[InitialPlace]  Iter: 7 conjugate gradient residual: 0.00008887 HPWL: 526247993
[InitialPlace]  Iter: 8 conjugate gradient residual: 0.00007563 HPWL: 516455626
[InitialPlace]  Iter: 9 conjugate gradient residual: 0.00001999 HPWL: 513222353
[InitialPlace]  Iter: 10 conjugate gradient residual: 0.00003544 HPWL: 511582193
[InitialPlace]  Iter: 11 conjugate gradient residual: 0.00002193 HPWL: 510135795
[InitialPlace]  Iter: 12 conjugate gradient residual: 0.00002203 HPWL: 509093626
[InitialPlace]  Iter: 13 conjugate gradient residual: 0.00002217 HPWL: 508579592
[InitialPlace]  Iter: 14 conjugate gradient residual: 0.00002223 HPWL: 508379278
[InitialPlace]  Iter: 15 conjugate gradient residual: 0.00002222 HPWL: 508295492
[InitialPlace]  Iter: 16 conjugate gradient residual: 0.00002243 HPWL: 508284384
[InitialPlace]  Iter: 17 conjugate gradient residual: 0.00001614 HPWL: 508271595
[InitialPlace]  Iter: 18 conjugate gradient residual: 0.00002224 HPWL: 508274881
[InitialPlace]  Iter: 19 conjugate gradient residual: 0.00001512 HPWL: 508232501
[InitialPlace]  Iter: 20 conjugate gradient residual: 0.00005732 HPWL: 508237955
[INFO GPL-0033] ---- Initialize Nesterov Region: Top-level
[INFO GPL-0023] Placement target density:       0.6500
[INFO GPL-0024] Movable insts average area:     39.049 um^2
[INFO GPL-0025] Ideal bin area:                 60.076 um^2
[INFO GPL-0026] Ideal bin count:                 19788
[INFO GPL-0027] Total bin area:             1188794.880 um^2
[INFO GPL-0028] Bin count (X, Y):         128 ,    128
[INFO GPL-0029] Bin size (W * H):       8.531 *  8.505 um
[INFO GPL-0030] Number of bins:                  16384
[INFO GPL-0007] ---- Execute Nesterov Global Placement.
[INFO GPL-0031] HPWL: Half-Perimeter Wirelength
Iteration | Overflow |     HPWL (um) |  HPWL(%) |   Penalty | Group
---------------------------------------------------------------
        0 |   0.9990 |  6.811167e+04 |   +0.00% |  1.83e-17 |      
       10 |   0.9971 |  8.299270e+04 |  +21.85% |  2.97e-17 |      
       20 |   0.9965 |  8.523124e+04 |   +2.70% |  4.84e-17 |      
       30 |   0.9963 |  8.558799e+04 |   +0.42% |  7.88e-17 |      
       40 |   0.9959 |  8.582788e+04 |   +0.28% |  1.28e-16 |      
       50 |   0.9955 |  8.602874e+04 |   +0.23% |  2.09e-16 |      
       60 |   0.9952 |  8.616734e+04 |   +0.16% |  3.41e-16 |      
       70 |   0.9951 |  8.629210e+04 |   +0.14% |  5.55e-16 |      
       80 |   0.9950 |  8.641419e+04 |   +0.14% |  9.03e-16 |      
       90 |   0.9948 |  8.659540e+04 |   +0.21% |  1.47e-15 |      
      100 |   0.9944 |  8.690029e+04 |   +0.35% |  2.40e-15 |      
      110 |   0.9937 |  8.743188e+04 |   +0.61% |  3.90e-15 |      
      120 |   0.9932 |  8.842577e+04 |   +1.14% |  6.36e-15 |      
      130 |   0.9928 |  9.029287e+04 |   +2.11% |  1.04e-14 |      
      140 |   0.9914 |  9.370937e+04 |   +3.78% |  1.69e-14 |      
      150 |   0.9903 |  9.938519e+04 |   +6.06% |  2.74e-14 |      
      160 |   0.9882 |  1.075938e+05 |   +8.26% |  4.46e-14 |      
      170 |   0.9856 |  1.182763e+05 |   +9.93% |  7.24e-14 |      
      180 |   0.9810 |  1.314369e+05 |  +11.13% |  1.18e-13 |      
      190 |   0.9743 |  1.486206e+05 |  +13.07% |  1.91e-13 |      
      200 |   0.9646 |  1.710258e+05 |  +15.08% |  3.10e-13 |      
      210 |   0.9517 |  1.983840e+05 |  +16.00% |  5.01e-13 |      
      220 |   0.9324 |  2.295715e+05 |  +15.72% |  8.11e-13 |      
      230 |   0.9083 |  2.634481e+05 |  +14.76% |  1.31e-12 |      
      240 |   0.8794 |  2.997749e+05 |  +13.79% |  2.12e-12 |      
      250 |   0.8452 |  3.378004e+05 |  +12.68% |  3.42e-12 |      
      260 |   0.8037 |  3.738931e+05 |  +10.68% |  5.53e-12 |      
      270 |   0.7638 |  4.058433e+05 |   +8.55% |  8.95e-12 |      
      280 |   0.7222 |  4.395329e+05 |   +8.30% |  1.45e-11 |      
      290 |   0.6815 |  4.753122e+05 |   +8.14% |  2.34e-11 |      
      300 |   0.6432 |  5.137340e+05 |   +8.08% |  3.78e-11 |      
      310 |   0.6038 |  5.477343e+05 |   +6.62% |  6.11e-11 |      
[INFO GPL-0038] Routability snapshot saved at iter = 313
      312 |   0.5961 |  5.544410e+05 |          |           |      
      320 |   0.5611 |  5.793895e+05 |   +5.78% |  9.88e-11 |      
      330 |   0.5256 |  5.956026e+05 |   +2.80% |  1.60e-10 |      
      340 |   0.4798 |  6.048429e+05 |   +1.55% |  2.61e-10 |      
      350 |   0.4340 |  6.011008e+05 |   -0.62% |  4.24e-10 |      
      360 |   0.3963 |  6.054593e+05 |   +0.73% |  6.90e-10 |      
      370 |   0.3583 |  6.049719e+05 |   -0.08% |  1.12e-09 |      
      380 |   0.3238 |  6.008844e+05 |   -0.68% |  1.72e-09 |      
[INFO GPL-0040] Routability iteration: 1
[WARNING GRT-0281] Net clk has a large fanout of 2007 terminals.
[WARNING GRT-0281] Net rst_n has a large fanout of 1471 terminals.
[INFO GPL-0041] Total routing overflow: 0.0525
[INFO GPL-0042] Number of overflowed tiles: 1 (0.01%)
[INFO GPL-0043] Average top 0.5% routing congestion: 0.8323
[INFO GPL-0044] Average top 1.0% routing congestion: 0.8118
[INFO GPL-0045] Average top 2.0% routing congestion: 0.7929
[INFO GPL-0046] Average top 5.0% routing congestion: 0.7672
[INFO GPL-0047] Routability iteration weighted routing congestion: 0.8220
[INFO GPL-0050] Weighted routing congestion is lower than target routing congestion(1.0100), end routability optimization.
[INFO GPL-0090] Routability finished. Target routing congestion achieved succesfully.
Iteration | Overflow |     HPWL (um) |  HPWL(%) |   Penalty | Group
---------------------------------------------------------------
      390 |   0.2953 |  5.977836e+05 |   -0.52% |  2.54e-09 |      
      400 |   0.2667 |  5.971704e+05 |   -0.10% |  3.74e-09 |      
      410 |   0.2363 |  5.954440e+05 |   -0.29% |  5.51e-09 |      
      420 |   0.2105 |  5.943462e+05 |   -0.18% |  8.12e-09 |      
      430 |   0.1856 |  5.943195e+05 |   -0.00% |  1.20e-08 |      
      440 |   0.1627 |  5.949209e+05 |   +0.10% |  1.76e-08 |      
      450 |   0.1410 |  5.956815e+05 |   +0.13% |  2.59e-08 |      
      460 |   0.1238 |  5.965866e+05 |   +0.15% |  3.82e-08 |      
      470 |   0.1073 |  5.975109e+05 |   +0.15% |  5.63e-08 |      
      475 |   0.0987 |  5.981916e+05 |          |  7.10e-08 |      
---------------------------------------------------------------
[INFO GPL-1001] Global placement finished at iteration 475
[INFO GPL-1003] Routability mode iteration count: 74
[INFO GPL-1005] Routability final weighted congestion: 0.8025
[INFO GPL-1002] Placed Cell Area            465702.8178
[INFO GPL-1003] Available Free Area         831320.9856
[INFO GPL-1004] Minimum Feasible Density        0.5700 (cell_area / free_area)
[INFO GPL-1006]   Suggested Target Densities:
[INFO GPL-1007]     - For 90% usage of free space: 0.6224
[INFO GPL-1008]     - For 80% usage of free space: 0.7002
[INFO GPL-1011] Original area (um^2): 465702.82
[INFO GPL-1012] Total routability artificial inflation: 0.00 (+0.00%)
[INFO GPL-1014] Final placement area: 465702.82 (+0.00%)
Setting global connections for newly added cells…
[INFO] Setting global connections...
.*u_lo.*u_sram matched with u_transform_scheduler_core.u_fft_scratch_sram.u_lo.u_sram
.*u_hi.*u_sram matched with u_transform_scheduler_core.u_fft_scratch_sram.u_hi.u_sram
[INFO ODB-0403] 0 connections made, 0 conflicts skipped.
Updating metrics…
Cell type report:                       Count       Area
  Macro                                     2  294424.87
  Endcap cell                             724    4086.84
  Tap cell                               4344   24521.01
  Buffer                                   32    1264.44
  Inverter                                588    6672.15
  Sequential cell                        2004  174988.80
  Multi-Input combinational cell         9302  238427.88
  Total                                 16996  744385.99
Writing OpenROAD database to '/headless/aravindustries-repos/butterfold/butterfold_proto/physical/librelane/runs/butterfold_top_9t_dft12_metadata_isolation/24-openroad-globalplacement/butterfold_top.odb'…
Writing netlist to '/headless/aravindustries-repos/butterfold/butterfold_proto/physical/librelane/runs/butterfold_top_9t_dft12_metadata_isolation/24-openroad-globalplacement/butterfold_top.nl.v'…
Writing powered netlist to '/headless/aravindustries-repos/butterfold/butterfold_proto/physical/librelane/runs/butterfold_top_9t_dft12_metadata_isolation/24-openroad-globalplacement/butterfold_top.pnl.v'…
Writing layout to '/headless/aravindustries-repos/butterfold/butterfold_proto/physical/librelane/runs/butterfold_top_9t_dft12_metadata_isolation/24-openroad-globalplacement/butterfold_top.def'…
Writing timing constraints to '/headless/aravindustries-repos/butterfold/butterfold_proto/physical/librelane/runs/butterfold_top_9t_dft12_metadata_isolation/24-openroad-globalplacement/butterfold_top.sdc'…
