Reading timing models for corner nom_tt_025C_5v00…
Reading timing library for the 'nom_tt_025C_5v00' corner at '/foss/pdks/gf180mcuD/libs.ref/gf180mcu_fd_sc_mcu7t5v0/lib/gf180mcu_fd_sc_mcu7t5v0__tt_025C_5v00.lib'…
Reading timing library for the 'nom_tt_025C_5v00' corner at '/foss/designs/macros/globalfoundries-pdk-ip-gf180mcu_fd_ip_sram/cells/gf180mcu_fd_ip_sram__sram64x8m8wm1/gf180mcu_fd_ip_sram__sram64x8m8wm1__tt_025C_1v80.lib'…
Reading technology LEF file at '/foss/pdks/gf180mcuD/libs.ref/gf180mcu_fd_sc_mcu7t5v0/techlef/gf180mcu_fd_sc_mcu7t5v0__nom.tlef'…
[INFO ODB-0388] unsupported LEF58_EOLENCLOSURE property for layer Via1 :"
  	EOLENCLOSURE 0.34 0.06 ;"
[INFO ODB-0388] unsupported LEF58_EOLENCLOSURE property for layer Via2 :" EOLENCLOSURE 0.34 0.06 ; "
[INFO ODB-0388] unsupported LEF58_EOLENCLOSURE property for layer Via3 :" EOLENCLOSURE 0.34 0.06 ; "
[INFO ODB-0388] unsupported LEF58_EOLENCLOSURE property for layer Via4 :" EOLENCLOSURE 0.34 0.06 ; "
[INFO ODB-0227] LEF file: /foss/pdks/gf180mcuD/libs.ref/gf180mcu_fd_sc_mcu7t5v0/techlef/gf180mcu_fd_sc_mcu7t5v0__nom.tlef, created 15 layers, 56 vias
Reading cell LEF file at '/foss/pdks/gf180mcuD/libs.ref/gf180mcu_fd_sc_mcu7t5v0/lef/gf180mcu_fd_sc_mcu7t5v0.lef'…
[WARNING ODB-0220] WARNING (LEFPARS-2008): NOWIREEXTENSIONATPIN statement is obsolete in version 5.6 or later.
The NOWIREEXTENSIONATPIN statement will be ignored. See file /foss/pdks/gf180mcuD/libs.ref/gf180mcu_fd_sc_mcu7t5v0/lef/gf180mcu_fd_sc_mcu7t5v0.lef at line 2.

[INFO ODB-0227] LEF file: /foss/pdks/gf180mcuD/libs.ref/gf180mcu_fd_sc_mcu7t5v0/lef/gf180mcu_fd_sc_mcu7t5v0.lef, created 229 library cells
Reading macro LEF file at '/foss/designs/macros/globalfoundries-pdk-ip-gf180mcu_fd_ip_sram/cells/gf180mcu_fd_ip_sram__sram64x8m8wm1/gf180mcu_fd_ip_sram__sram64x8m8wm1.lef'…
[INFO ODB-0227] LEF file: /foss/designs/macros/globalfoundries-pdk-ip-gf180mcu_fd_ip_sram/cells/gf180mcu_fd_ip_sram__sram64x8m8wm1/gf180mcu_fd_ip_sram__sram64x8m8wm1.lef, created 1 library cells
Reading top-level netlist at '/foss/designs/runs/RUN_2026-06-19_03-34-39/06-yosys-synthesis/counter.nl.v'…
Linking design 'counter' from netlist…
Reading design constraints file at '/usr/local/lib/python3.12/dist-packages/librelane/scripts/base.sdc'…
[INFO] Using clock clk…
[INFO] Setting output delay to: 10
[INFO] Setting input delay to: 10
[INFO] Setting load to: 0.07291
[INFO] Setting clock uncertainty to: 0.25
[INFO] Setting clock transition to: 0.1499999999999999944488848768742172978818416595458984375
[INFO] Setting timing derate to: 5%
Using site height: 3.92 and site width: 0.56…
[INFO] Using absolute sizing for the floorplan.
+ initialize_floorplan -site GF018hv5v_mcu_sc7 -die_area 0.0 0.0 3000.0 3000.0 -core_area 3.3600000000000003 3.92 2996.64 2996.08
[INFO IFP-0001] Added 763 rows of 5345 site GF018hv5v_mcu_sc7.
[INFO IFP-0100] Die BBox:  (  0.000  0.000 ) ( 3000.000 3000.000 ) um
[INFO IFP-0101] Core BBox: (  3.360  3.920 ) ( 2996.560 2994.880 ) um
[INFO IFP-0102] Core area:                      8952541.472 um^2
[INFO IFP-0103] Total instances area:            101155.480 um^2
[INFO IFP-0104] Effective utilization:                0.011
[INFO IFP-0105] Number of instances:                     33
[INFO IFP-0030] Inserted 0 tiecells using gf180mcu_fd_sc_mcu7t5v0__tiel/ZN.
[INFO IFP-0030] Inserted 0 tiecells using gf180mcu_fd_sc_mcu7t5v0__tieh/Z.
[INFO] Extracting DIE_AREA and CORE_AREA from the floorplan
[INFO] Floorplanned on a die area of 0.0 0.0 3000.0 3000.0 (µm).
[INFO] Floorplanned on a core area of 3.36 3.92 2996.56 2994.88 (µm).
Writing metric design__die__bbox: 0.0 0.0 3000.0 3000.0
Writing metric design__core__bbox: 3.36 3.92 2996.56 2994.88
Setting global connections for newly added cells…
[INFO] Setting global connections...
PDN_MACRO_CONNECTIONS missing power and ground pin names
