Clock: clk
Sources: clk 
Generated: no
Virtual: yes
Propagated: no
Period: 50.000000

===========================================================================
report_clock_properties
============================================================================
Clock                   Period          Waveform
----------------------------------------------------
clk                  50.000000    0.000000 25.000000

===========================================================================
report_clock_latency
============================================================================
Clock clk
rise -> rise
    min     max
0.000000 0.000000 source latency
0.580686         network latency _18_/CLK
        0.581582 network latency _19_/CLK
---------------
0.580686 0.581582 latency
        0.000896 skew

fall -> fall
    min     max
0.000000 0.000000 source latency
0.520991         network latency _18_/CLK
        0.521950 network latency _19_/CLK
---------------
0.520991 0.521950 latency
        0.000959 skew



===========================================================================
report_clock_min_period
============================================================================
clk period_min = 2.76 fmax = 362.70
