107. Printing statistics.

=== standalone_result_serializer ===

        +----------Local Count, excluding submodules.
        | 
      314 wires
      436 wire bits
       22 public wires
      141 public wire bits
       21 ports
      137 port bits
      311 cells
      157   $_ANDNOT_
        3   $_AND_
        4   $_DFFE_PN0P_
        3   $_DFF_PN0_
       14   $_NAND_
        2   $_NOT_
       13   $_ORNOT_
      110   $_OR_
        5   $_XOR_

   Area for cell type $_ANDNOT_ is unknown!
   Area for cell type $_AND_ is unknown!
   Area for cell type $_DFFE_PN0P_ is unknown!
   Area for cell type $_DFF_PN0_ is unknown!
   Area for cell type $_NAND_ is unknown!
   Area for cell type $_NOT_ is unknown!
   Area for cell type $_ORNOT_ is unknown!
   Area for cell type $_OR_ is unknown!
   Area for cell type $_XOR_ is unknown!

