
===========================================================================
report_checks -path_delay min (Hold)
============================================================================
======================= nom_tt_025C_5v00 Corner ===================================

Startpoint: _220_ (rising edge-triggered flip-flop clocked by clk)
Endpoint: _221_ (rising edge-triggered flip-flop clocked by clk)
Path Group: clk
Path Type: min

Fanout         Cap        Slew       Delay        Time   Description
---------------------------------------------------------------------------------------------
                                  0.000000    0.000000   clock clk (rise edge)
                                  0.000000    0.000000   clock source latency
     2    0.027936    0.000000    0.000000    0.000000 ^ clk (in)
                                                         clk (net)
                      0.001027    0.000420    0.000420 ^ clkbuf_0_clk/I (gf180mcu_fd_sc_mcu7t5v0__clkbuf_16)
     2    0.049878    0.114740    0.226256    0.226677 ^ clkbuf_0_clk/Z (gf180mcu_fd_sc_mcu7t5v0__clkbuf_16)
                                                         clknet_0_clk (net)
                      0.114744    0.001178    0.227855 ^ clkbuf_1_0__f_clk/I (gf180mcu_fd_sc_mcu7t5v0__clkbuf_16)
     4    0.019775    0.088230    0.226012    0.453867 ^ clkbuf_1_0__f_clk/Z (gf180mcu_fd_sc_mcu7t5v0__clkbuf_16)
                                                         clknet_1_0__leaf_clk (net)
                      0.088230    0.000438    0.454305 ^ _220_/CLK (gf180mcu_fd_sc_mcu7t5v0__dffrnq_1)
     4    0.021953    0.258771    0.800847    1.255152 v _220_/Q (gf180mcu_fd_sc_mcu7t5v0__dffrnq_1)
                                                         byte_index[1] (net)
                      0.258773    0.000431    1.255582 v _215_/A1 (gf180mcu_fd_sc_mcu7t5v0__nand2_1)
     1    0.005742    0.185155    0.175349    1.430932 ^ _215_/ZN (gf180mcu_fd_sc_mcu7t5v0__nand2_1)
                                                         _103_ (net)
                      0.185155    0.000070    1.431002 ^ _216_/A2 (gf180mcu_fd_sc_mcu7t5v0__aoi211_1)
     1    0.004762    0.169837    0.144525    1.575526 v _216_/ZN (gf180mcu_fd_sc_mcu7t5v0__aoi211_1)
                                                         _005_ (net)
                      0.169837    0.000098    1.575624 v _221_/D (gf180mcu_fd_sc_mcu7t5v0__dffrnq_1)
                                              1.575624   data arrival time

                                  0.000000    0.000000   clock clk (rise edge)
                                  0.000000    0.000000   clock source latency
     2    0.027936    0.000000    0.000000    0.000000 ^ clk (in)
                                                         clk (net)
                      0.001027    0.000420    0.000420 ^ clkbuf_0_clk/I (gf180mcu_fd_sc_mcu7t5v0__clkbuf_16)
     2    0.049878    0.114740    0.226256    0.226677 ^ clkbuf_0_clk/Z (gf180mcu_fd_sc_mcu7t5v0__clkbuf_16)
                                                         clknet_0_clk (net)
                      0.114743    0.001012    0.227689 ^ clkbuf_1_1__f_clk/I (gf180mcu_fd_sc_mcu7t5v0__clkbuf_16)
     4    0.020170    0.088593    0.226341    0.454030 ^ clkbuf_1_1__f_clk/Z (gf180mcu_fd_sc_mcu7t5v0__clkbuf_16)
                                                         clknet_1_1__leaf_clk (net)
                      0.088593    0.000407    0.454438 ^ _221_/CLK (gf180mcu_fd_sc_mcu7t5v0__dffrnq_1)
                                  0.250000    0.704438   clock uncertainty
                                  0.000000    0.704438   clock reconvergence pessimism
                                  0.119855    0.824292   library hold time
                                              0.824292   data required time
---------------------------------------------------------------------------------------------
                                              0.824292   data required time
                                             -1.575624   data arrival time
---------------------------------------------------------------------------------------------
                                              0.751332   slack (MET)


Startpoint: _223_ (rising edge-triggered flip-flop clocked by clk)
Endpoint: _220_ (rising edge-triggered flip-flop clocked by clk)
Path Group: clk
Path Type: min

Fanout         Cap        Slew       Delay        Time   Description
---------------------------------------------------------------------------------------------
                                  0.000000    0.000000   clock clk (rise edge)
                                  0.000000    0.000000   clock source latency
     2    0.027936    0.000000    0.000000    0.000000 ^ clk (in)
                                                         clk (net)
                      0.001027    0.000420    0.000420 ^ clkbuf_0_clk/I (gf180mcu_fd_sc_mcu7t5v0__clkbuf_16)
     2    0.049878    0.114740    0.226256    0.226677 ^ clkbuf_0_clk/Z (gf180mcu_fd_sc_mcu7t5v0__clkbuf_16)
                                                         clknet_0_clk (net)
                      0.114744    0.001178    0.227855 ^ clkbuf_1_0__f_clk/I (gf180mcu_fd_sc_mcu7t5v0__clkbuf_16)
     4    0.019775    0.088230    0.226012    0.453867 ^ clkbuf_1_0__f_clk/Z (gf180mcu_fd_sc_mcu7t5v0__clkbuf_16)
                                                         clknet_1_0__leaf_clk (net)
                      0.088230    0.000372    0.454239 ^ _223_/CLK (gf180mcu_fd_sc_mcu7t5v0__dffrnq_1)
     7    0.035505    0.378905    0.883355    1.337595 v _223_/Q (gf180mcu_fd_sc_mcu7t5v0__dffrnq_1)
                                                         net124 (net)
                      0.378907    0.000634    1.338229 v _211_/A1 (gf180mcu_fd_sc_mcu7t5v0__nand3_1)
     1    0.005182    0.234352    0.228095    1.566324 ^ _211_/ZN (gf180mcu_fd_sc_mcu7t5v0__nand3_1)
                                                         _100_ (net)
                      0.234352    0.000056    1.566380 ^ _212_/A2 (gf180mcu_fd_sc_mcu7t5v0__nand2_1)
     1    0.004356    0.138706    0.112175    1.678555 v _212_/ZN (gf180mcu_fd_sc_mcu7t5v0__nand2_1)
                                                         _004_ (net)
                      0.138706    0.000088    1.678643 v _220_/D (gf180mcu_fd_sc_mcu7t5v0__dffrnq_1)
                                              1.678643   data arrival time

                                  0.000000    0.000000   clock clk (rise edge)
                                  0.000000    0.000000   clock source latency
     2    0.027936    0.000000    0.000000    0.000000 ^ clk (in)
                                                         clk (net)
                      0.001027    0.000420    0.000420 ^ clkbuf_0_clk/I (gf180mcu_fd_sc_mcu7t5v0__clkbuf_16)
     2    0.049878    0.114740    0.226256    0.226677 ^ clkbuf_0_clk/Z (gf180mcu_fd_sc_mcu7t5v0__clkbuf_16)
                                                         clknet_0_clk (net)
                      0.114744    0.001178    0.227855 ^ clkbuf_1_0__f_clk/I (gf180mcu_fd_sc_mcu7t5v0__clkbuf_16)
     4    0.019775    0.088230    0.226012    0.453867 ^ clkbuf_1_0__f_clk/Z (gf180mcu_fd_sc_mcu7t5v0__clkbuf_16)
                                                         clknet_1_0__leaf_clk (net)
                      0.088230    0.000438    0.454305 ^ _220_/CLK (gf180mcu_fd_sc_mcu7t5v0__dffrnq_1)
                                  0.250000    0.704305   clock uncertainty
                                  0.000000    0.704305   clock reconvergence pessimism
                                  0.126246    0.830551   library hold time
                                              0.830551   data required time
---------------------------------------------------------------------------------------------
                                              0.830551   data required time
                                             -1.678643   data arrival time
---------------------------------------------------------------------------------------------
                                              0.848092   slack (MET)


Startpoint: _223_ (rising edge-triggered flip-flop clocked by clk)
Endpoint: _219_ (rising edge-triggered flip-flop clocked by clk)
Path Group: clk
Path Type: min

Fanout         Cap        Slew       Delay        Time   Description
---------------------------------------------------------------------------------------------
                                  0.000000    0.000000   clock clk (rise edge)
                                  0.000000    0.000000   clock source latency
     2    0.027936    0.000000    0.000000    0.000000 ^ clk (in)
                                                         clk (net)
                      0.001027    0.000420    0.000420 ^ clkbuf_0_clk/I (gf180mcu_fd_sc_mcu7t5v0__clkbuf_16)
     2    0.049878    0.114740    0.226256    0.226677 ^ clkbuf_0_clk/Z (gf180mcu_fd_sc_mcu7t5v0__clkbuf_16)
                                                         clknet_0_clk (net)
                      0.114744    0.001178    0.227855 ^ clkbuf_1_0__f_clk/I (gf180mcu_fd_sc_mcu7t5v0__clkbuf_16)
     4    0.019775    0.088230    0.226012    0.453867 ^ clkbuf_1_0__f_clk/Z (gf180mcu_fd_sc_mcu7t5v0__clkbuf_16)
                                                         clknet_1_0__leaf_clk (net)
                      0.088230    0.000372    0.454239 ^ _223_/CLK (gf180mcu_fd_sc_mcu7t5v0__dffrnq_1)
     7    0.035505    0.378905    0.883355    1.337595 v _223_/Q (gf180mcu_fd_sc_mcu7t5v0__dffrnq_1)
                                                         net124 (net)
                      0.378906    0.000528    1.338123 v _208_/A1 (gf180mcu_fd_sc_mcu7t5v0__nand2_1)
     1    0.006101    0.212839    0.210477    1.548600 ^ _208_/ZN (gf180mcu_fd_sc_mcu7t5v0__nand2_1)
                                                         _098_ (net)
                      0.212839    0.000125    1.548725 ^ _209_/A2 (gf180mcu_fd_sc_mcu7t5v0__aoi21_1)
     1    0.006439    0.163760    0.137052    1.685777 v _209_/ZN (gf180mcu_fd_sc_mcu7t5v0__aoi21_1)
                                                         _003_ (net)
                      0.163760    0.000156    1.685933 v _219_/D (gf180mcu_fd_sc_mcu7t5v0__dffrnq_1)
                                              1.685933   data arrival time

                                  0.000000    0.000000   clock clk (rise edge)
                                  0.000000    0.000000   clock source latency
     2    0.027936    0.000000    0.000000    0.000000 ^ clk (in)
                                                         clk (net)
                      0.001027    0.000420    0.000420 ^ clkbuf_0_clk/I (gf180mcu_fd_sc_mcu7t5v0__clkbuf_16)
     2    0.049878    0.114740    0.226256    0.226677 ^ clkbuf_0_clk/Z (gf180mcu_fd_sc_mcu7t5v0__clkbuf_16)
                                                         clknet_0_clk (net)
                      0.114743    0.001012    0.227689 ^ clkbuf_1_1__f_clk/I (gf180mcu_fd_sc_mcu7t5v0__clkbuf_16)
     4    0.020170    0.088593    0.226341    0.454030 ^ clkbuf_1_1__f_clk/Z (gf180mcu_fd_sc_mcu7t5v0__clkbuf_16)
                                                         clknet_1_1__leaf_clk (net)
                      0.088593    0.000437    0.454468 ^ _219_/CLK (gf180mcu_fd_sc_mcu7t5v0__dffrnq_1)
                                  0.250000    0.704468   clock uncertainty
                                  0.000000    0.704468   clock reconvergence pessimism
                                  0.121119    0.825586   library hold time
                                              0.825586   data required time
---------------------------------------------------------------------------------------------
                                              0.825586   data required time
                                             -1.685933   data arrival time
---------------------------------------------------------------------------------------------
                                              0.860346   slack (MET)


Startpoint: _223_ (rising edge-triggered flip-flop clocked by clk)
Endpoint: _224_ (rising edge-triggered flip-flop clocked by clk)
Path Group: clk
Path Type: min

Fanout         Cap        Slew       Delay        Time   Description
---------------------------------------------------------------------------------------------
                                  0.000000    0.000000   clock clk (rise edge)
                                  0.000000    0.000000   clock source latency
     2    0.027936    0.000000    0.000000    0.000000 ^ clk (in)
                                                         clk (net)
                      0.001027    0.000420    0.000420 ^ clkbuf_0_clk/I (gf180mcu_fd_sc_mcu7t5v0__clkbuf_16)
     2    0.049878    0.114740    0.226256    0.226677 ^ clkbuf_0_clk/Z (gf180mcu_fd_sc_mcu7t5v0__clkbuf_16)
                                                         clknet_0_clk (net)
                      0.114744    0.001178    0.227855 ^ clkbuf_1_0__f_clk/I (gf180mcu_fd_sc_mcu7t5v0__clkbuf_16)
     4    0.019775    0.088230    0.226012    0.453867 ^ clkbuf_1_0__f_clk/Z (gf180mcu_fd_sc_mcu7t5v0__clkbuf_16)
                                                         clknet_1_0__leaf_clk (net)
                      0.088230    0.000372    0.454239 ^ _223_/CLK (gf180mcu_fd_sc_mcu7t5v0__dffrnq_1)
     7    0.035505    0.378905    0.883355    1.337595 v _223_/Q (gf180mcu_fd_sc_mcu7t5v0__dffrnq_1)
                                                         net124 (net)
                      0.378907    0.000668    1.338263 v _109_/I (gf180mcu_fd_sc_mcu7t5v0__clkinv_1)
     1    0.004948    0.182441    0.166345    1.504607 ^ _109_/ZN (gf180mcu_fd_sc_mcu7t5v0__clkinv_1)
                                                         _011_ (net)
                      0.182441    0.000051    1.504658 ^ _114_/A1 (gf180mcu_fd_sc_mcu7t5v0__nor2_1)
     4    0.017574    0.281303    0.225380    1.730037 v _114_/ZN (gf180mcu_fd_sc_mcu7t5v0__nor2_1)
                                                         _002_ (net)
                      0.281303    0.000239    1.730276 v _224_/D (gf180mcu_fd_sc_mcu7t5v0__dffrnq_1)
                                              1.730276   data arrival time

                                  0.000000    0.000000   clock clk (rise edge)
                                  0.000000    0.000000   clock source latency
     2    0.027936    0.000000    0.000000    0.000000 ^ clk (in)
                                                         clk (net)
                      0.001027    0.000420    0.000420 ^ clkbuf_0_clk/I (gf180mcu_fd_sc_mcu7t5v0__clkbuf_16)
     2    0.049878    0.114740    0.226256    0.226677 ^ clkbuf_0_clk/Z (gf180mcu_fd_sc_mcu7t5v0__clkbuf_16)
                                                         clknet_0_clk (net)
                      0.114744    0.001178    0.227855 ^ clkbuf_1_0__f_clk/I (gf180mcu_fd_sc_mcu7t5v0__clkbuf_16)
     4    0.019775    0.088230    0.226012    0.453867 ^ clkbuf_1_0__f_clk/Z (gf180mcu_fd_sc_mcu7t5v0__clkbuf_16)
                                                         clknet_1_0__leaf_clk (net)
                      0.088230    0.000422    0.454289 ^ _224_/CLK (gf180mcu_fd_sc_mcu7t5v0__dffrnq_1)
                                  0.250000    0.704290   clock uncertainty
                                  0.000000    0.704290   clock reconvergence pessimism
                                  0.096594    0.800883   library hold time
                                              0.800883   data required time
---------------------------------------------------------------------------------------------
                                              0.800883   data required time
                                             -1.730276   data arrival time
---------------------------------------------------------------------------------------------
                                              0.929393   slack (MET)


Startpoint: _223_ (rising edge-triggered flip-flop clocked by clk)
Endpoint: _222_ (rising edge-triggered flip-flop clocked by clk)
Path Group: clk
Path Type: min

Fanout         Cap        Slew       Delay        Time   Description
---------------------------------------------------------------------------------------------
                                  0.000000    0.000000   clock clk (rise edge)
                                  0.000000    0.000000   clock source latency
     2    0.027936    0.000000    0.000000    0.000000 ^ clk (in)
                                                         clk (net)
                      0.001027    0.000420    0.000420 ^ clkbuf_0_clk/I (gf180mcu_fd_sc_mcu7t5v0__clkbuf_16)
     2    0.049878    0.114740    0.226256    0.226677 ^ clkbuf_0_clk/Z (gf180mcu_fd_sc_mcu7t5v0__clkbuf_16)
                                                         clknet_0_clk (net)
                      0.114744    0.001178    0.227855 ^ clkbuf_1_0__f_clk/I (gf180mcu_fd_sc_mcu7t5v0__clkbuf_16)
     4    0.019775    0.088230    0.226012    0.453867 ^ clkbuf_1_0__f_clk/Z (gf180mcu_fd_sc_mcu7t5v0__clkbuf_16)
                                                         clknet_1_0__leaf_clk (net)
                      0.088230    0.000372    0.454239 ^ _223_/CLK (gf180mcu_fd_sc_mcu7t5v0__dffrnq_1)
     7    0.035505    0.378905    0.883355    1.337595 v _223_/Q (gf180mcu_fd_sc_mcu7t5v0__dffrnq_1)
                                                         net124 (net)
                      0.378905    0.000323    1.337918 v _213_/A1 (gf180mcu_fd_sc_mcu7t5v0__aoi21_1)
     2    0.011521    0.414910    0.372647    1.710565 ^ _213_/ZN (gf180mcu_fd_sc_mcu7t5v0__aoi21_1)
                                                         _101_ (net)
                      0.414910    0.000236    1.710801 ^ _218_/A1 (gf180mcu_fd_sc_mcu7t5v0__nor2_1)
     1    0.004676    0.178789    0.133868    1.844669 v _218_/ZN (gf180mcu_fd_sc_mcu7t5v0__nor2_1)
                                                         _006_ (net)
                      0.178789    0.000059    1.844728 v _222_/D (gf180mcu_fd_sc_mcu7t5v0__dffrnq_1)
                                              1.844728   data arrival time

                                  0.000000    0.000000   clock clk (rise edge)
                                  0.000000    0.000000   clock source latency
     2    0.027936    0.000000    0.000000    0.000000 ^ clk (in)
                                                         clk (net)
                      0.001027    0.000420    0.000420 ^ clkbuf_0_clk/I (gf180mcu_fd_sc_mcu7t5v0__clkbuf_16)
     2    0.049878    0.114740    0.226256    0.226677 ^ clkbuf_0_clk/Z (gf180mcu_fd_sc_mcu7t5v0__clkbuf_16)
                                                         clknet_0_clk (net)
                      0.114743    0.001012    0.227689 ^ clkbuf_1_1__f_clk/I (gf180mcu_fd_sc_mcu7t5v0__clkbuf_16)
     4    0.020170    0.088593    0.226341    0.454030 ^ clkbuf_1_1__f_clk/Z (gf180mcu_fd_sc_mcu7t5v0__clkbuf_16)
                                                         clknet_1_1__leaf_clk (net)
                      0.088593    0.000418    0.454448 ^ _222_/CLK (gf180mcu_fd_sc_mcu7t5v0__dffrnq_1)
                                  0.250000    0.704448   clock uncertainty
                                  0.000000    0.704448   clock reconvergence pessimism
                                  0.117993    0.822441   library hold time
                                              0.822441   data required time
---------------------------------------------------------------------------------------------
                                              0.822441   data required time
                                             -1.844728   data arrival time
---------------------------------------------------------------------------------------------
                                              1.022287   slack (MET)


Startpoint: _223_ (rising edge-triggered flip-flop clocked by clk)
Endpoint: _225_ (rising edge-triggered flip-flop clocked by clk)
Path Group: clk
Path Type: min

Fanout         Cap        Slew       Delay        Time   Description
---------------------------------------------------------------------------------------------
                                  0.000000    0.000000   clock clk (rise edge)
                                  0.000000    0.000000   clock source latency
     2    0.027936    0.000000    0.000000    0.000000 ^ clk (in)
                                                         clk (net)
                      0.001027    0.000420    0.000420 ^ clkbuf_0_clk/I (gf180mcu_fd_sc_mcu7t5v0__clkbuf_16)
     2    0.049878    0.114740    0.226256    0.226677 ^ clkbuf_0_clk/Z (gf180mcu_fd_sc_mcu7t5v0__clkbuf_16)
                                                         clknet_0_clk (net)
                      0.114744    0.001178    0.227855 ^ clkbuf_1_0__f_clk/I (gf180mcu_fd_sc_mcu7t5v0__clkbuf_16)
     4    0.019775    0.088230    0.226012    0.453867 ^ clkbuf_1_0__f_clk/Z (gf180mcu_fd_sc_mcu7t5v0__clkbuf_16)
                                                         clknet_1_0__leaf_clk (net)
                      0.088230    0.000372    0.454239 ^ _223_/CLK (gf180mcu_fd_sc_mcu7t5v0__dffrnq_1)
     7    0.035505    0.378905    0.883355    1.337595 v _223_/Q (gf180mcu_fd_sc_mcu7t5v0__dffrnq_1)
                                                         net124 (net)
                      0.378907    0.000668    1.338263 v _109_/I (gf180mcu_fd_sc_mcu7t5v0__clkinv_1)
     1    0.004948    0.182441    0.166345    1.504607 ^ _109_/ZN (gf180mcu_fd_sc_mcu7t5v0__clkinv_1)
                                                         _011_ (net)
                      0.182441    0.000051    1.504658 ^ _114_/A1 (gf180mcu_fd_sc_mcu7t5v0__nor2_1)
     4    0.017574    0.281303    0.225380    1.730037 v _114_/ZN (gf180mcu_fd_sc_mcu7t5v0__nor2_1)
                                                         _002_ (net)
                      0.281303    0.000127    1.730164 v _118_/A2 (gf180mcu_fd_sc_mcu7t5v0__and2_1)
     1    0.006733    0.131808    0.330645    2.060809 v _118_/Z (gf180mcu_fd_sc_mcu7t5v0__and2_1)
                                                         _001_ (net)
                      0.131808    0.000159    2.060969 v _225_/D (gf180mcu_fd_sc_mcu7t5v0__dffrnq_1)
                                              2.060969   data arrival time

                                  0.000000    0.000000   clock clk (rise edge)
                                  0.000000    0.000000   clock source latency
     2    0.027936    0.000000    0.000000    0.000000 ^ clk (in)
                                                         clk (net)
                      0.001027    0.000420    0.000420 ^ clkbuf_0_clk/I (gf180mcu_fd_sc_mcu7t5v0__clkbuf_16)
     2    0.049878    0.114740    0.226256    0.226677 ^ clkbuf_0_clk/Z (gf180mcu_fd_sc_mcu7t5v0__clkbuf_16)
                                                         clknet_0_clk (net)
                      0.114744    0.001178    0.227855 ^ clkbuf_1_0__f_clk/I (gf180mcu_fd_sc_mcu7t5v0__clkbuf_16)
     4    0.019775    0.088230    0.226012    0.453867 ^ clkbuf_1_0__f_clk/Z (gf180mcu_fd_sc_mcu7t5v0__clkbuf_16)
                                                         clknet_1_0__leaf_clk (net)
                      0.088230    0.000435    0.454303 ^ _225_/CLK (gf180mcu_fd_sc_mcu7t5v0__dffrnq_1)
                                  0.250000    0.704303   clock uncertainty
                                  0.000000    0.704303   clock reconvergence pessimism
                                  0.127655    0.831957   library hold time
                                              0.831957   data required time
---------------------------------------------------------------------------------------------
                                              0.831957   data required time
                                             -2.060969   data arrival time
---------------------------------------------------------------------------------------------
                                              1.229011   slack (MET)


Startpoint: _223_ (rising edge-triggered flip-flop clocked by clk)
Endpoint: _223_ (rising edge-triggered flip-flop clocked by clk)
Path Group: clk
Path Type: min

Fanout         Cap        Slew       Delay        Time   Description
---------------------------------------------------------------------------------------------
                                  0.000000    0.000000   clock clk (rise edge)
                                  0.000000    0.000000   clock source latency
     2    0.027936    0.000000    0.000000    0.000000 ^ clk (in)
                                                         clk (net)
                      0.001027    0.000420    0.000420 ^ clkbuf_0_clk/I (gf180mcu_fd_sc_mcu7t5v0__clkbuf_16)
     2    0.049878    0.114740    0.226256    0.226677 ^ clkbuf_0_clk/Z (gf180mcu_fd_sc_mcu7t5v0__clkbuf_16)
                                                         clknet_0_clk (net)
                      0.114744    0.001178    0.227855 ^ clkbuf_1_0__f_clk/I (gf180mcu_fd_sc_mcu7t5v0__clkbuf_16)
     4    0.019775    0.088230    0.226012    0.453867 ^ clkbuf_1_0__f_clk/Z (gf180mcu_fd_sc_mcu7t5v0__clkbuf_16)
                                                         clknet_1_0__leaf_clk (net)
                      0.088230    0.000372    0.454239 ^ _223_/CLK (gf180mcu_fd_sc_mcu7t5v0__dffrnq_1)
     7    0.035505    0.378905    0.883355    1.337595 v _223_/Q (gf180mcu_fd_sc_mcu7t5v0__dffrnq_1)
                                                         net124 (net)
                      0.378907    0.000669    1.338264 v _115_/B (gf180mcu_fd_sc_mcu7t5v0__aoi21_1)
     5    0.026823    0.724993    0.524042    1.862306 ^ _115_/ZN (gf180mcu_fd_sc_mcu7t5v0__aoi21_1)
                                                         _016_ (net)
                      0.724993    0.000533    1.862839 ^ _116_/A2 (gf180mcu_fd_sc_mcu7t5v0__nor2_1)
     1    0.004714    0.224932    0.183132    2.045971 v _116_/ZN (gf180mcu_fd_sc_mcu7t5v0__nor2_1)
                                                         _000_ (net)
                      0.224932    0.000060    2.046031 v _223_/D (gf180mcu_fd_sc_mcu7t5v0__dffrnq_1)
                                              2.046031   data arrival time

                                  0.000000    0.000000   clock clk (rise edge)
                                  0.000000    0.000000   clock source latency
     2    0.027936    0.000000    0.000000    0.000000 ^ clk (in)
                                                         clk (net)
                      0.001027    0.000420    0.000420 ^ clkbuf_0_clk/I (gf180mcu_fd_sc_mcu7t5v0__clkbuf_16)
     2    0.049878    0.114740    0.226256    0.226677 ^ clkbuf_0_clk/Z (gf180mcu_fd_sc_mcu7t5v0__clkbuf_16)
                                                         clknet_0_clk (net)
                      0.114744    0.001178    0.227855 ^ clkbuf_1_0__f_clk/I (gf180mcu_fd_sc_mcu7t5v0__clkbuf_16)
     4    0.019775    0.088230    0.226012    0.453867 ^ clkbuf_1_0__f_clk/Z (gf180mcu_fd_sc_mcu7t5v0__clkbuf_16)
                                                         clknet_1_0__leaf_clk (net)
                      0.088230    0.000372    0.454239 ^ _223_/CLK (gf180mcu_fd_sc_mcu7t5v0__dffrnq_1)
                                  0.250000    0.704239   clock uncertainty
                                  0.000000    0.704239   clock reconvergence pessimism
                                  0.108324    0.812563   library hold time
                                              0.812563   data required time
---------------------------------------------------------------------------------------------
                                              0.812563   data required time
                                             -2.046031   data arrival time
---------------------------------------------------------------------------------------------
                                              1.233468   slack (MET)


Startpoint: rst_n (input port clocked by clk)
Endpoint: _219_ (removal check against rising-edge clock clk)
Path Group: asynchronous
Path Type: min

Fanout         Cap        Slew       Delay        Time   Description
---------------------------------------------------------------------------------------------
                                  0.000000    0.000000   clock clk (rise edge)
                                  0.000000    0.000000   clock network delay (propagated)
                                  3.200000    3.200000 ^ input external delay
     2    0.006415    0.061604    0.016964    3.216964 ^ rst_n (in)
                                                         rst_n (net)
                      0.061604    0.000000    3.216964 ^ input123/I (gf180mcu_fd_sc_mcu7t5v0__dlyb_1)
     7    0.059873    1.010422    1.380111    4.597075 ^ input123/Z (gf180mcu_fd_sc_mcu7t5v0__dlyb_1)
                                                         net123 (net)
                      1.010422    0.000382    4.597457 ^ _219_/RN (gf180mcu_fd_sc_mcu7t5v0__dffrnq_1)
                                              4.597457   data arrival time

                                  0.000000    0.000000   clock clk (rise edge)
                                  0.000000    0.000000   clock source latency
     2    0.027936    0.000000    0.000000    0.000000 ^ clk (in)
                                                         clk (net)
                      0.001027    0.000420    0.000420 ^ clkbuf_0_clk/I (gf180mcu_fd_sc_mcu7t5v0__clkbuf_16)
     2    0.049878    0.114740    0.226256    0.226677 ^ clkbuf_0_clk/Z (gf180mcu_fd_sc_mcu7t5v0__clkbuf_16)
                                                         clknet_0_clk (net)
                      0.114743    0.001012    0.227689 ^ clkbuf_1_1__f_clk/I (gf180mcu_fd_sc_mcu7t5v0__clkbuf_16)
     4    0.020170    0.088593    0.226341    0.454030 ^ clkbuf_1_1__f_clk/Z (gf180mcu_fd_sc_mcu7t5v0__clkbuf_16)
                                                         clknet_1_1__leaf_clk (net)
                      0.088593    0.000437    0.454468 ^ _219_/CLK (gf180mcu_fd_sc_mcu7t5v0__dffrnq_1)
                                  0.250000    0.704468   clock uncertainty
                                  0.000000    0.704468   clock reconvergence pessimism
                                  0.408127    1.112595   library removal time
                                              1.112595   data required time
---------------------------------------------------------------------------------------------
                                              1.112595   data required time
                                             -4.597457   data arrival time
---------------------------------------------------------------------------------------------
                                              3.484862   slack (MET)


Startpoint: rst_n (input port clocked by clk)
Endpoint: _221_ (removal check against rising-edge clock clk)
Path Group: asynchronous
Path Type: min

Fanout         Cap        Slew       Delay        Time   Description
---------------------------------------------------------------------------------------------
                                  0.000000    0.000000   clock clk (rise edge)
                                  0.000000    0.000000   clock network delay (propagated)
                                  3.200000    3.200000 ^ input external delay
     2    0.006415    0.061604    0.016964    3.216964 ^ rst_n (in)
                                                         rst_n (net)
                      0.061604    0.000000    3.216964 ^ input123/I (gf180mcu_fd_sc_mcu7t5v0__dlyb_1)
     7    0.059873    1.010422    1.380111    4.597075 ^ input123/Z (gf180mcu_fd_sc_mcu7t5v0__dlyb_1)
                                                         net123 (net)
                      1.010422    0.000570    4.597645 ^ _221_/RN (gf180mcu_fd_sc_mcu7t5v0__dffrnq_1)
                                              4.597645   data arrival time

                                  0.000000    0.000000   clock clk (rise edge)
                                  0.000000    0.000000   clock source latency
     2    0.027936    0.000000    0.000000    0.000000 ^ clk (in)
                                                         clk (net)
                      0.001027    0.000420    0.000420 ^ clkbuf_0_clk/I (gf180mcu_fd_sc_mcu7t5v0__clkbuf_16)
     2    0.049878    0.114740    0.226256    0.226677 ^ clkbuf_0_clk/Z (gf180mcu_fd_sc_mcu7t5v0__clkbuf_16)
                                                         clknet_0_clk (net)
                      0.114743    0.001012    0.227689 ^ clkbuf_1_1__f_clk/I (gf180mcu_fd_sc_mcu7t5v0__clkbuf_16)
     4    0.020170    0.088593    0.226341    0.454030 ^ clkbuf_1_1__f_clk/Z (gf180mcu_fd_sc_mcu7t5v0__clkbuf_16)
                                                         clknet_1_1__leaf_clk (net)
                      0.088593    0.000407    0.454438 ^ _221_/CLK (gf180mcu_fd_sc_mcu7t5v0__dffrnq_1)
                                  0.250000    0.704438   clock uncertainty
                                  0.000000    0.704438   clock reconvergence pessimism
                                  0.408127    1.112565   library removal time
                                              1.112565   data required time
---------------------------------------------------------------------------------------------
                                              1.112565   data required time
                                             -4.597645   data arrival time
---------------------------------------------------------------------------------------------
                                              3.485080   slack (MET)


Startpoint: rst_n (input port clocked by clk)
Endpoint: _222_ (removal check against rising-edge clock clk)
Path Group: asynchronous
Path Type: min

Fanout         Cap        Slew       Delay        Time   Description
---------------------------------------------------------------------------------------------
                                  0.000000    0.000000   clock clk (rise edge)
                                  0.000000    0.000000   clock network delay (propagated)
                                  3.200000    3.200000 ^ input external delay
     2    0.006415    0.061604    0.016964    3.216964 ^ rst_n (in)
                                                         rst_n (net)
                      0.061604    0.000000    3.216964 ^ input123/I (gf180mcu_fd_sc_mcu7t5v0__dlyb_1)
     7    0.059873    1.010422    1.380111    4.597075 ^ input123/Z (gf180mcu_fd_sc_mcu7t5v0__dlyb_1)
                                                         net123 (net)
                      1.010422    0.000898    4.597972 ^ _222_/RN (gf180mcu_fd_sc_mcu7t5v0__dffrnq_1)
                                              4.597972   data arrival time

                                  0.000000    0.000000   clock clk (rise edge)
                                  0.000000    0.000000   clock source latency
     2    0.027936    0.000000    0.000000    0.000000 ^ clk (in)
                                                         clk (net)
                      0.001027    0.000420    0.000420 ^ clkbuf_0_clk/I (gf180mcu_fd_sc_mcu7t5v0__clkbuf_16)
     2    0.049878    0.114740    0.226256    0.226677 ^ clkbuf_0_clk/Z (gf180mcu_fd_sc_mcu7t5v0__clkbuf_16)
                                                         clknet_0_clk (net)
                      0.114743    0.001012    0.227689 ^ clkbuf_1_1__f_clk/I (gf180mcu_fd_sc_mcu7t5v0__clkbuf_16)
     4    0.020170    0.088593    0.226341    0.454030 ^ clkbuf_1_1__f_clk/Z (gf180mcu_fd_sc_mcu7t5v0__clkbuf_16)
                                                         clknet_1_1__leaf_clk (net)
                      0.088593    0.000418    0.454448 ^ _222_/CLK (gf180mcu_fd_sc_mcu7t5v0__dffrnq_1)
                                  0.250000    0.704448   clock uncertainty
                                  0.000000    0.704448   clock reconvergence pessimism
                                  0.408127    1.112575   library removal time
                                              1.112575   data required time
---------------------------------------------------------------------------------------------
                                              1.112575   data required time
                                             -4.597972   data arrival time
---------------------------------------------------------------------------------------------
                                              3.485397   slack (MET)


Startpoint: rst_n (input port clocked by clk)
Endpoint: _225_ (removal check against rising-edge clock clk)
Path Group: asynchronous
Path Type: min

Fanout         Cap        Slew       Delay        Time   Description
---------------------------------------------------------------------------------------------
                                  0.000000    0.000000   clock clk (rise edge)
                                  0.000000    0.000000   clock network delay (propagated)
                                  3.200000    3.200000 ^ input external delay
     2    0.006415    0.061604    0.016964    3.216964 ^ rst_n (in)
                                                         rst_n (net)
                      0.061604    0.000000    3.216964 ^ input123/I (gf180mcu_fd_sc_mcu7t5v0__dlyb_1)
     7    0.059873    1.010422    1.380111    4.597075 ^ input123/Z (gf180mcu_fd_sc_mcu7t5v0__dlyb_1)
                                                         net123 (net)
                      1.010422    0.000954    4.598029 ^ _225_/RN (gf180mcu_fd_sc_mcu7t5v0__dffrnq_1)
                                              4.598029   data arrival time

                                  0.000000    0.000000   clock clk (rise edge)
                                  0.000000    0.000000   clock source latency
     2    0.027936    0.000000    0.000000    0.000000 ^ clk (in)
                                                         clk (net)
                      0.001027    0.000420    0.000420 ^ clkbuf_0_clk/I (gf180mcu_fd_sc_mcu7t5v0__clkbuf_16)
     2    0.049878    0.114740    0.226256    0.226677 ^ clkbuf_0_clk/Z (gf180mcu_fd_sc_mcu7t5v0__clkbuf_16)
                                                         clknet_0_clk (net)
                      0.114744    0.001178    0.227855 ^ clkbuf_1_0__f_clk/I (gf180mcu_fd_sc_mcu7t5v0__clkbuf_16)
     4    0.019775    0.088230    0.226012    0.453867 ^ clkbuf_1_0__f_clk/Z (gf180mcu_fd_sc_mcu7t5v0__clkbuf_16)
                                                         clknet_1_0__leaf_clk (net)
                      0.088230    0.000435    0.454303 ^ _225_/CLK (gf180mcu_fd_sc_mcu7t5v0__dffrnq_1)
                                  0.250000    0.704303   clock uncertainty
                                  0.000000    0.704303   clock reconvergence pessimism
                                  0.408053    1.112355   library removal time
                                              1.112355   data required time
---------------------------------------------------------------------------------------------
                                              1.112355   data required time
                                             -4.598029   data arrival time
---------------------------------------------------------------------------------------------
                                              3.485674   slack (MET)


Startpoint: rst_n (input port clocked by clk)
Endpoint: _220_ (removal check against rising-edge clock clk)
Path Group: asynchronous
Path Type: min

Fanout         Cap        Slew       Delay        Time   Description
---------------------------------------------------------------------------------------------
                                  0.000000    0.000000   clock clk (rise edge)
                                  0.000000    0.000000   clock network delay (propagated)
                                  3.200000    3.200000 ^ input external delay
     2    0.006415    0.061604    0.016964    3.216964 ^ rst_n (in)
                                                         rst_n (net)
                      0.061604    0.000000    3.216964 ^ input123/I (gf180mcu_fd_sc_mcu7t5v0__dlyb_1)
     7    0.059873    1.010422    1.380111    4.597075 ^ input123/Z (gf180mcu_fd_sc_mcu7t5v0__dlyb_1)
                                                         net123 (net)
                      1.010426    0.001117    4.598192 ^ _220_/RN (gf180mcu_fd_sc_mcu7t5v0__dffrnq_1)
                                              4.598192   data arrival time

                                  0.000000    0.000000   clock clk (rise edge)
                                  0.000000    0.000000   clock source latency
     2    0.027936    0.000000    0.000000    0.000000 ^ clk (in)
                                                         clk (net)
                      0.001027    0.000420    0.000420 ^ clkbuf_0_clk/I (gf180mcu_fd_sc_mcu7t5v0__clkbuf_16)
     2    0.049878    0.114740    0.226256    0.226677 ^ clkbuf_0_clk/Z (gf180mcu_fd_sc_mcu7t5v0__clkbuf_16)
                                                         clknet_0_clk (net)
                      0.114744    0.001178    0.227855 ^ clkbuf_1_0__f_clk/I (gf180mcu_fd_sc_mcu7t5v0__clkbuf_16)
     4    0.019775    0.088230    0.226012    0.453867 ^ clkbuf_1_0__f_clk/Z (gf180mcu_fd_sc_mcu7t5v0__clkbuf_16)
                                                         clknet_1_0__leaf_clk (net)
                      0.088230    0.000438    0.454305 ^ _220_/CLK (gf180mcu_fd_sc_mcu7t5v0__dffrnq_1)
                                  0.250000    0.704305   clock uncertainty
                                  0.000000    0.704305   clock reconvergence pessimism
                                  0.408053    1.112358   library removal time
                                              1.112358   data required time
---------------------------------------------------------------------------------------------
                                              1.112358   data required time
                                             -4.598192   data arrival time
---------------------------------------------------------------------------------------------
                                              3.485834   slack (MET)


Startpoint: rst_n (input port clocked by clk)
Endpoint: _224_ (removal check against rising-edge clock clk)
Path Group: asynchronous
Path Type: min

Fanout         Cap        Slew       Delay        Time   Description
---------------------------------------------------------------------------------------------
                                  0.000000    0.000000   clock clk (rise edge)
                                  0.000000    0.000000   clock network delay (propagated)
                                  3.200000    3.200000 ^ input external delay
     2    0.006415    0.061604    0.016964    3.216964 ^ rst_n (in)
                                                         rst_n (net)
                      0.061604    0.000000    3.216964 ^ input123/I (gf180mcu_fd_sc_mcu7t5v0__dlyb_1)
     7    0.059873    1.010422    1.380111    4.597075 ^ input123/Z (gf180mcu_fd_sc_mcu7t5v0__dlyb_1)
                                                         net123 (net)
                      1.010426    0.001122    4.598197 ^ _224_/RN (gf180mcu_fd_sc_mcu7t5v0__dffrnq_1)
                                              4.598197   data arrival time

                                  0.000000    0.000000   clock clk (rise edge)
                                  0.000000    0.000000   clock source latency
     2    0.027936    0.000000    0.000000    0.000000 ^ clk (in)
                                                         clk (net)
                      0.001027    0.000420    0.000420 ^ clkbuf_0_clk/I (gf180mcu_fd_sc_mcu7t5v0__clkbuf_16)
     2    0.049878    0.114740    0.226256    0.226677 ^ clkbuf_0_clk/Z (gf180mcu_fd_sc_mcu7t5v0__clkbuf_16)
                                                         clknet_0_clk (net)
                      0.114744    0.001178    0.227855 ^ clkbuf_1_0__f_clk/I (gf180mcu_fd_sc_mcu7t5v0__clkbuf_16)
     4    0.019775    0.088230    0.226012    0.453867 ^ clkbuf_1_0__f_clk/Z (gf180mcu_fd_sc_mcu7t5v0__clkbuf_16)
                                                         clknet_1_0__leaf_clk (net)
                      0.088230    0.000422    0.454289 ^ _224_/CLK (gf180mcu_fd_sc_mcu7t5v0__dffrnq_1)
                                  0.250000    0.704290   clock uncertainty
                                  0.000000    0.704290   clock reconvergence pessimism
                                  0.408053    1.112342   library removal time
                                              1.112342   data required time
---------------------------------------------------------------------------------------------
                                              1.112342   data required time
                                             -4.598197   data arrival time
---------------------------------------------------------------------------------------------
                                              3.485855   slack (MET)


Startpoint: rst_n (input port clocked by clk)
Endpoint: _223_ (removal check against rising-edge clock clk)
Path Group: asynchronous
Path Type: min

Fanout         Cap        Slew       Delay        Time   Description
---------------------------------------------------------------------------------------------
                                  0.000000    0.000000   clock clk (rise edge)
                                  0.000000    0.000000   clock network delay (propagated)
                                  3.200000    3.200000 ^ input external delay
     2    0.006415    0.061604    0.016964    3.216964 ^ rst_n (in)
                                                         rst_n (net)
                      0.061604    0.000000    3.216964 ^ input123/I (gf180mcu_fd_sc_mcu7t5v0__dlyb_1)
     7    0.059873    1.010422    1.380111    4.597075 ^ input123/Z (gf180mcu_fd_sc_mcu7t5v0__dlyb_1)
                                                         net123 (net)
                      1.010426    0.001090    4.598165 ^ _223_/RN (gf180mcu_fd_sc_mcu7t5v0__dffrnq_1)
                                              4.598165   data arrival time

                                  0.000000    0.000000   clock clk (rise edge)
                                  0.000000    0.000000   clock source latency
     2    0.027936    0.000000    0.000000    0.000000 ^ clk (in)
                                                         clk (net)
                      0.001027    0.000420    0.000420 ^ clkbuf_0_clk/I (gf180mcu_fd_sc_mcu7t5v0__clkbuf_16)
     2    0.049878    0.114740    0.226256    0.226677 ^ clkbuf_0_clk/Z (gf180mcu_fd_sc_mcu7t5v0__clkbuf_16)
                                                         clknet_0_clk (net)
                      0.114744    0.001178    0.227855 ^ clkbuf_1_0__f_clk/I (gf180mcu_fd_sc_mcu7t5v0__clkbuf_16)
     4    0.019775    0.088230    0.226012    0.453867 ^ clkbuf_1_0__f_clk/Z (gf180mcu_fd_sc_mcu7t5v0__clkbuf_16)
                                                         clknet_1_0__leaf_clk (net)
                      0.088230    0.000372    0.454239 ^ _223_/CLK (gf180mcu_fd_sc_mcu7t5v0__dffrnq_1)
                                  0.250000    0.704239   clock uncertainty
                                  0.000000    0.704239   clock reconvergence pessimism
                                  0.408053    1.112292   library removal time
                                              1.112292   data required time
---------------------------------------------------------------------------------------------
                                              1.112292   data required time
                                             -4.598165   data arrival time
---------------------------------------------------------------------------------------------
                                              3.485873   slack (MET)


Startpoint: _225_ (rising edge-triggered flip-flop clocked by clk)
Endpoint: job_done_o (output port clocked by clk)
Path Group: clk
Path Type: min

Fanout         Cap        Slew       Delay        Time   Description
---------------------------------------------------------------------------------------------
                                  0.000000    0.000000   clock clk (rise edge)
                                  0.000000    0.000000   clock source latency
     2    0.027936    0.000000    0.000000    0.000000 ^ clk (in)
                                                         clk (net)
                      0.001027    0.000420    0.000420 ^ clkbuf_0_clk/I (gf180mcu_fd_sc_mcu7t5v0__clkbuf_16)
     2    0.049878    0.114740    0.226256    0.226677 ^ clkbuf_0_clk/Z (gf180mcu_fd_sc_mcu7t5v0__clkbuf_16)
                                                         clknet_0_clk (net)
                      0.114744    0.001178    0.227855 ^ clkbuf_1_0__f_clk/I (gf180mcu_fd_sc_mcu7t5v0__clkbuf_16)
     4    0.019775    0.088230    0.226012    0.453867 ^ clkbuf_1_0__f_clk/Z (gf180mcu_fd_sc_mcu7t5v0__clkbuf_16)
                                                         clknet_1_0__leaf_clk (net)
                      0.088230    0.000435    0.454303 ^ _225_/CLK (gf180mcu_fd_sc_mcu7t5v0__dffrnq_1)
     1    0.008968    0.149330    0.715148    1.169450 v _225_/Q (gf180mcu_fd_sc_mcu7t5v0__dffrnq_1)
                                                         net134 (net)
                      0.149330    0.000257    1.169707 v output134/I (gf180mcu_fd_sc_mcu7t5v0__dlyb_1)
     1    0.024733    0.388986    1.160322    2.330029 v output134/Z (gf180mcu_fd_sc_mcu7t5v0__dlyb_1)
                                                         job_done_o (net)
                      0.388986    0.000740    2.330770 v job_done_o (out)
                                              2.330770   data arrival time

                                  0.000000    0.000000   clock clk (rise edge)
                                  0.000000    0.000000   clock network delay (propagated)
                                  0.250000    0.250000   clock uncertainty
                                  0.000000    0.250000   clock reconvergence pessimism
                                 -3.200000   -2.950000   output external delay
                                             -2.950000   data required time
---------------------------------------------------------------------------------------------
                                             -2.950000   data required time
                                             -2.330770   data arrival time
---------------------------------------------------------------------------------------------
                                              5.280769   slack (MET)


Startpoint: _224_ (rising edge-triggered flip-flop clocked by clk)
Endpoint: transaction_done_o (output port clocked by clk)
Path Group: clk
Path Type: min

Fanout         Cap        Slew       Delay        Time   Description
---------------------------------------------------------------------------------------------
                                  0.000000    0.000000   clock clk (rise edge)
                                  0.000000    0.000000   clock source latency
     2    0.027936    0.000000    0.000000    0.000000 ^ clk (in)
                                                         clk (net)
                      0.001027    0.000420    0.000420 ^ clkbuf_0_clk/I (gf180mcu_fd_sc_mcu7t5v0__clkbuf_16)
     2    0.049878    0.114740    0.226256    0.226677 ^ clkbuf_0_clk/Z (gf180mcu_fd_sc_mcu7t5v0__clkbuf_16)
                                                         clknet_0_clk (net)
                      0.114744    0.001178    0.227855 ^ clkbuf_1_0__f_clk/I (gf180mcu_fd_sc_mcu7t5v0__clkbuf_16)
     4    0.019775    0.088230    0.226012    0.453867 ^ clkbuf_1_0__f_clk/Z (gf180mcu_fd_sc_mcu7t5v0__clkbuf_16)
                                                         clknet_1_0__leaf_clk (net)
                      0.088230    0.000422    0.454289 ^ _224_/CLK (gf180mcu_fd_sc_mcu7t5v0__dffrnq_1)
     1    0.009331    0.152316    0.717587    1.171876 v _224_/Q (gf180mcu_fd_sc_mcu7t5v0__dffrnq_1)
                                                         net136 (net)
                      0.152316    0.000274    1.172150 v output136/I (gf180mcu_fd_sc_mcu7t5v0__dlyb_1)
     1    0.024885    0.390253    1.162518    2.334668 v output136/Z (gf180mcu_fd_sc_mcu7t5v0__dlyb_1)
                                                         transaction_done_o (net)
                      0.390253    0.000758    2.335426 v transaction_done_o (out)
                                              2.335426   data arrival time

                                  0.000000    0.000000   clock clk (rise edge)
                                  0.000000    0.000000   clock network delay (propagated)
                                  0.250000    0.250000   clock uncertainty
                                  0.000000    0.250000   clock reconvergence pessimism
                                 -3.200000   -2.950000   output external delay
                                             -2.950000   data required time
---------------------------------------------------------------------------------------------
                                             -2.950000   data required time
                                             -2.335426   data arrival time
---------------------------------------------------------------------------------------------
                                              5.285426   slack (MET)


Startpoint: _223_ (rising edge-triggered flip-flop clocked by clk)
Endpoint: busy_o (output port clocked by clk)
Path Group: clk
Path Type: min

Fanout         Cap        Slew       Delay        Time   Description
---------------------------------------------------------------------------------------------
                                  0.000000    0.000000   clock clk (rise edge)
                                  0.000000    0.000000   clock source latency
     2    0.027936    0.000000    0.000000    0.000000 ^ clk (in)
                                                         clk (net)
                      0.001027    0.000420    0.000420 ^ clkbuf_0_clk/I (gf180mcu_fd_sc_mcu7t5v0__clkbuf_16)
     2    0.049878    0.114740    0.226256    0.226677 ^ clkbuf_0_clk/Z (gf180mcu_fd_sc_mcu7t5v0__clkbuf_16)
                                                         clknet_0_clk (net)
                      0.114744    0.001178    0.227855 ^ clkbuf_1_0__f_clk/I (gf180mcu_fd_sc_mcu7t5v0__clkbuf_16)
     4    0.019775    0.088230    0.226012    0.453867 ^ clkbuf_1_0__f_clk/Z (gf180mcu_fd_sc_mcu7t5v0__clkbuf_16)
                                                         clknet_1_0__leaf_clk (net)
                      0.088230    0.000372    0.454239 ^ _223_/CLK (gf180mcu_fd_sc_mcu7t5v0__dffrnq_1)
     7    0.035505    0.378905    0.883355    1.337595 v _223_/Q (gf180mcu_fd_sc_mcu7t5v0__dffrnq_1)
                                                         net124 (net)
                      0.378905    0.000254    1.337849 v output124/I (gf180mcu_fd_sc_mcu7t5v0__dlyb_1)
     1    0.020981    0.357306    1.213980    2.551830 v output124/Z (gf180mcu_fd_sc_mcu7t5v0__dlyb_1)
                                                         busy_o (net)
                      0.357306    0.000356    2.552186 v busy_o (out)
                                              2.552186   data arrival time

                                  0.000000    0.000000   clock clk (rise edge)
                                  0.000000    0.000000   clock network delay (propagated)
                                  0.250000    0.250000   clock uncertainty
                                  0.000000    0.250000   clock reconvergence pessimism
                                 -3.200000   -2.950000   output external delay
                                             -2.950000   data required time
---------------------------------------------------------------------------------------------
                                             -2.950000   data required time
                                             -2.552186   data arrival time
---------------------------------------------------------------------------------------------
                                              5.502185   slack (MET)


Startpoint: _223_ (rising edge-triggered flip-flop clocked by clk)
Endpoint: dout_valid_o (output port clocked by clk)
Path Group: clk
Path Type: min

Fanout         Cap        Slew       Delay        Time   Description
---------------------------------------------------------------------------------------------
                                  0.000000    0.000000   clock clk (rise edge)
                                  0.000000    0.000000   clock source latency
     2    0.027936    0.000000    0.000000    0.000000 ^ clk (in)
                                                         clk (net)
                      0.001027    0.000420    0.000420 ^ clkbuf_0_clk/I (gf180mcu_fd_sc_mcu7t5v0__clkbuf_16)
     2    0.049878    0.114740    0.226256    0.226677 ^ clkbuf_0_clk/Z (gf180mcu_fd_sc_mcu7t5v0__clkbuf_16)
                                                         clknet_0_clk (net)
                      0.114744    0.001178    0.227855 ^ clkbuf_1_0__f_clk/I (gf180mcu_fd_sc_mcu7t5v0__clkbuf_16)
     4    0.019775    0.088230    0.226012    0.453867 ^ clkbuf_1_0__f_clk/Z (gf180mcu_fd_sc_mcu7t5v0__clkbuf_16)
                                                         clknet_1_0__leaf_clk (net)
                      0.088230    0.000372    0.454239 ^ _223_/CLK (gf180mcu_fd_sc_mcu7t5v0__dffrnq_1)
     7    0.035505    0.378905    0.883355    1.337595 v _223_/Q (gf180mcu_fd_sc_mcu7t5v0__dffrnq_1)
                                                         net124 (net)
                      0.378907    0.000704    1.338299 v _226_/I (gf180mcu_fd_sc_mcu7t5v0__buf_1)
     1    0.005912    0.128442    0.337501    1.675800 v _226_/Z (gf180mcu_fd_sc_mcu7t5v0__buf_1)
                                                         net133 (net)
                      0.128442    0.000131    1.675931 v output133/I (gf180mcu_fd_sc_mcu7t5v0__dlyb_1)
     1    0.021020    0.357896    1.126256    2.802187 v output133/Z (gf180mcu_fd_sc_mcu7t5v0__dlyb_1)
                                                         dout_valid_o (net)
                      0.357896    0.000360    2.802547 v dout_valid_o (out)
                                              2.802547   data arrival time

                                  0.000000    0.000000   clock clk (rise edge)
                                  0.000000    0.000000   clock network delay (propagated)
                                  0.250000    0.250000   clock uncertainty
                                  0.000000    0.250000   clock reconvergence pessimism
                                 -3.200000   -2.950000   output external delay
                                             -2.950000   data required time
---------------------------------------------------------------------------------------------
                                             -2.950000   data required time
                                             -2.802547   data arrival time
---------------------------------------------------------------------------------------------
                                              5.752547   slack (MET)


Startpoint: _223_ (rising edge-triggered flip-flop clocked by clk)
Endpoint: result_ready_o (output port clocked by clk)
Path Group: clk
Path Type: min

Fanout         Cap        Slew       Delay        Time   Description
---------------------------------------------------------------------------------------------
                                  0.000000    0.000000   clock clk (rise edge)
                                  0.000000    0.000000   clock source latency
     2    0.027936    0.000000    0.000000    0.000000 ^ clk (in)
                                                         clk (net)
                      0.001027    0.000420    0.000420 ^ clkbuf_0_clk/I (gf180mcu_fd_sc_mcu7t5v0__clkbuf_16)
     2    0.049878    0.114740    0.226256    0.226677 ^ clkbuf_0_clk/Z (gf180mcu_fd_sc_mcu7t5v0__clkbuf_16)
                                                         clknet_0_clk (net)
                      0.114744    0.001178    0.227855 ^ clkbuf_1_0__f_clk/I (gf180mcu_fd_sc_mcu7t5v0__clkbuf_16)
     4    0.019775    0.088230    0.226012    0.453867 ^ clkbuf_1_0__f_clk/Z (gf180mcu_fd_sc_mcu7t5v0__clkbuf_16)
                                                         clknet_1_0__leaf_clk (net)
                      0.088230    0.000372    0.454239 ^ _223_/CLK (gf180mcu_fd_sc_mcu7t5v0__dffrnq_1)
     7    0.035505    0.378905    0.883355    1.337595 v _223_/Q (gf180mcu_fd_sc_mcu7t5v0__dffrnq_1)
                                                         net124 (net)
                      0.378907    0.000668    1.338263 v _109_/I (gf180mcu_fd_sc_mcu7t5v0__clkinv_1)
     1    0.004948    0.182441    0.166345    1.504607 ^ _109_/ZN (gf180mcu_fd_sc_mcu7t5v0__clkinv_1)
                                                         _011_ (net)
                      0.182441    0.000051    1.504658 ^ _114_/A1 (gf180mcu_fd_sc_mcu7t5v0__nor2_1)
     4    0.017574    0.281303    0.225380    1.730037 v _114_/ZN (gf180mcu_fd_sc_mcu7t5v0__nor2_1)
                                                         _002_ (net)
                      0.281303    0.000129    1.730166 v _117_/A2 (gf180mcu_fd_sc_mcu7t5v0__and2_1)
     1    0.004856    0.116263    0.315010    2.045176 v _117_/Z (gf180mcu_fd_sc_mcu7t5v0__and2_1)
                                                         net135 (net)
                      0.116263    0.000104    2.045280 v output135/I (gf180mcu_fd_sc_mcu7t5v0__dlyb_1)
     1    0.021730    0.363779    1.128019    3.173299 v output135/Z (gf180mcu_fd_sc_mcu7t5v0__dlyb_1)
                                                         result_ready_o (net)
                      0.363779    0.000428    3.173727 v result_ready_o (out)
                                              3.173727   data arrival time

                                  0.000000    0.000000   clock clk (rise edge)
                                  0.000000    0.000000   clock network delay (propagated)
                                  0.250000    0.250000   clock uncertainty
                                  0.000000    0.250000   clock reconvergence pessimism
                                 -3.200000   -2.950000   output external delay
                                             -2.950000   data required time
---------------------------------------------------------------------------------------------
                                             -2.950000   data required time
                                             -3.173727   data arrival time
---------------------------------------------------------------------------------------------
                                              6.123726   slack (MET)


Startpoint: _220_ (rising edge-triggered flip-flop clocked by clk)
Endpoint: dout_o[4] (output port clocked by clk)
Path Group: clk
Path Type: min

Fanout         Cap        Slew       Delay        Time   Description
---------------------------------------------------------------------------------------------
                                  0.000000    0.000000   clock clk (rise edge)
                                  0.000000    0.000000   clock source latency
     2    0.027936    0.000000    0.000000    0.000000 ^ clk (in)
                                                         clk (net)
                      0.001027    0.000420    0.000420 ^ clkbuf_0_clk/I (gf180mcu_fd_sc_mcu7t5v0__clkbuf_16)
     2    0.049878    0.114740    0.226256    0.226677 ^ clkbuf_0_clk/Z (gf180mcu_fd_sc_mcu7t5v0__clkbuf_16)
                                                         clknet_0_clk (net)
                      0.114744    0.001178    0.227855 ^ clkbuf_1_0__f_clk/I (gf180mcu_fd_sc_mcu7t5v0__clkbuf_16)
     4    0.019775    0.088230    0.226012    0.453867 ^ clkbuf_1_0__f_clk/Z (gf180mcu_fd_sc_mcu7t5v0__clkbuf_16)
                                                         clknet_1_0__leaf_clk (net)
                      0.088230    0.000438    0.454305 ^ _220_/CLK (gf180mcu_fd_sc_mcu7t5v0__dffrnq_1)
     4    0.021953    0.258771    0.800847    1.255152 v _220_/Q (gf180mcu_fd_sc_mcu7t5v0__dffrnq_1)
                                                         byte_index[1] (net)
                      0.258773    0.000403    1.255554 v _131_/A2 (gf180mcu_fd_sc_mcu7t5v0__nor3_1)
     4    0.027076    1.354982    0.850287    2.105841 ^ _131_/ZN (gf180mcu_fd_sc_mcu7t5v0__nor3_1)
                                                         _029_ (net)
                      1.354982    0.000792    2.106633 ^ _173_/A2 (gf180mcu_fd_sc_mcu7t5v0__aoi22_1)
     1    0.005393    0.151816    0.089746    2.196379 v _173_/ZN (gf180mcu_fd_sc_mcu7t5v0__aoi22_1)
                                                         _067_ (net)
                      0.151816    0.000111    2.196490 v _180_/A2 (gf180mcu_fd_sc_mcu7t5v0__nand4_1)
     1    0.004690    0.227982    0.212328    2.408818 ^ _180_/ZN (gf180mcu_fd_sc_mcu7t5v0__nand4_1)
                                                         net129 (net)
                      0.227982    0.000091    2.408909 ^ output129/I (gf180mcu_fd_sc_mcu7t5v0__dlyb_1)
     1    0.024166    0.450640    1.074284    3.483193 ^ output129/Z (gf180mcu_fd_sc_mcu7t5v0__dlyb_1)
                                                         dout_o[4] (net)
                      0.450640    0.000676    3.483870 ^ dout_o[4] (out)
                                              3.483870   data arrival time

                                  0.000000    0.000000   clock clk (rise edge)
                                  0.000000    0.000000   clock network delay (propagated)
                                  0.250000    0.250000   clock uncertainty
                                  0.000000    0.250000   clock reconvergence pessimism
                                 -3.200000   -2.950000   output external delay
                                             -2.950000   data required time
---------------------------------------------------------------------------------------------
                                             -2.950000   data required time
                                             -3.483870   data arrival time
---------------------------------------------------------------------------------------------
                                              6.433870   slack (MET)


Startpoint: _220_ (rising edge-triggered flip-flop clocked by clk)
Endpoint: dout_o[5] (output port clocked by clk)
Path Group: clk
Path Type: min

Fanout         Cap        Slew       Delay        Time   Description
---------------------------------------------------------------------------------------------
                                  0.000000    0.000000   clock clk (rise edge)
                                  0.000000    0.000000   clock source latency
     2    0.027936    0.000000    0.000000    0.000000 ^ clk (in)
                                                         clk (net)
                      0.001027    0.000420    0.000420 ^ clkbuf_0_clk/I (gf180mcu_fd_sc_mcu7t5v0__clkbuf_16)
     2    0.049878    0.114740    0.226256    0.226677 ^ clkbuf_0_clk/Z (gf180mcu_fd_sc_mcu7t5v0__clkbuf_16)
                                                         clknet_0_clk (net)
                      0.114744    0.001178    0.227855 ^ clkbuf_1_0__f_clk/I (gf180mcu_fd_sc_mcu7t5v0__clkbuf_16)
     4    0.019775    0.088230    0.226012    0.453867 ^ clkbuf_1_0__f_clk/Z (gf180mcu_fd_sc_mcu7t5v0__clkbuf_16)
                                                         clknet_1_0__leaf_clk (net)
                      0.088230    0.000438    0.454305 ^ _220_/CLK (gf180mcu_fd_sc_mcu7t5v0__dffrnq_1)
     4    0.021953    0.258771    0.800847    1.255152 v _220_/Q (gf180mcu_fd_sc_mcu7t5v0__dffrnq_1)
                                                         byte_index[1] (net)
                      0.258773    0.000403    1.255554 v _131_/A2 (gf180mcu_fd_sc_mcu7t5v0__nor3_1)
     4    0.027076    1.354982    0.850287    2.105841 ^ _131_/ZN (gf180mcu_fd_sc_mcu7t5v0__nor3_1)
                                                         _029_ (net)
                      1.354982    0.000785    2.106626 ^ _182_/A2 (gf180mcu_fd_sc_mcu7t5v0__aoi22_1)
     1    0.005976    0.170255    0.100417    2.207043 v _182_/ZN (gf180mcu_fd_sc_mcu7t5v0__aoi22_1)
                                                         _075_ (net)
                      0.170255    0.000127    2.207170 v _189_/A2 (gf180mcu_fd_sc_mcu7t5v0__nand4_1)
     1    0.005856    0.250813    0.233634    2.440804 ^ _189_/ZN (gf180mcu_fd_sc_mcu7t5v0__nand4_1)
                                                         net130 (net)
                      0.250813    0.000138    2.440942 ^ output130/I (gf180mcu_fd_sc_mcu7t5v0__dlyb_1)
     1    0.024302    0.452773    1.078007    3.518950 ^ output130/Z (gf180mcu_fd_sc_mcu7t5v0__dlyb_1)
                                                         dout_o[5] (net)
                      0.452773    0.000693    3.519643 ^ dout_o[5] (out)
                                              3.519643   data arrival time

                                  0.000000    0.000000   clock clk (rise edge)
                                  0.000000    0.000000   clock network delay (propagated)
                                  0.250000    0.250000   clock uncertainty
                                  0.000000    0.250000   clock reconvergence pessimism
                                 -3.200000   -2.950000   output external delay
                                             -2.950000   data required time
---------------------------------------------------------------------------------------------
                                             -2.950000   data required time
                                             -3.519643   data arrival time
---------------------------------------------------------------------------------------------
                                              6.469643   slack (MET)


Startpoint: _220_ (rising edge-triggered flip-flop clocked by clk)
Endpoint: dout_o[7] (output port clocked by clk)
Path Group: clk
Path Type: min

Fanout         Cap        Slew       Delay        Time   Description
---------------------------------------------------------------------------------------------
                                  0.000000    0.000000   clock clk (rise edge)
                                  0.000000    0.000000   clock source latency
     2    0.027936    0.000000    0.000000    0.000000 ^ clk (in)
                                                         clk (net)
                      0.001027    0.000420    0.000420 ^ clkbuf_0_clk/I (gf180mcu_fd_sc_mcu7t5v0__clkbuf_16)
     2    0.049878    0.114740    0.226256    0.226677 ^ clkbuf_0_clk/Z (gf180mcu_fd_sc_mcu7t5v0__clkbuf_16)
                                                         clknet_0_clk (net)
                      0.114744    0.001178    0.227855 ^ clkbuf_1_0__f_clk/I (gf180mcu_fd_sc_mcu7t5v0__clkbuf_16)
     4    0.019775    0.088230    0.226012    0.453867 ^ clkbuf_1_0__f_clk/Z (gf180mcu_fd_sc_mcu7t5v0__clkbuf_16)
                                                         clknet_1_0__leaf_clk (net)
                      0.088230    0.000438    0.454305 ^ _220_/CLK (gf180mcu_fd_sc_mcu7t5v0__dffrnq_1)
     4    0.021953    0.258771    0.800847    1.255152 v _220_/Q (gf180mcu_fd_sc_mcu7t5v0__dffrnq_1)
                                                         byte_index[1] (net)
                      0.258773    0.000403    1.255554 v _131_/A2 (gf180mcu_fd_sc_mcu7t5v0__nor3_1)
     4    0.027076    1.354982    0.850287    2.105841 ^ _131_/ZN (gf180mcu_fd_sc_mcu7t5v0__nor3_1)
                                                         _029_ (net)
                      1.354982    0.000687    2.106528 ^ _203_/A2 (gf180mcu_fd_sc_mcu7t5v0__aoi22_1)
     1    0.004449    0.150571    0.072471    2.178999 v _203_/ZN (gf180mcu_fd_sc_mcu7t5v0__aoi22_1)
                                                         _094_ (net)
                      0.150571    0.000055    2.179054 v _204_/A4 (gf180mcu_fd_sc_mcu7t5v0__and4_1)
     1    0.007262    0.149673    0.379107    2.558160 v _204_/Z (gf180mcu_fd_sc_mcu7t5v0__and4_1)
                                                         _095_ (net)
                      0.149673    0.000165    2.558325 v _206_/A2 (gf180mcu_fd_sc_mcu7t5v0__nand3_1)
     1    0.005525    0.203779    0.192434    2.750759 ^ _206_/ZN (gf180mcu_fd_sc_mcu7t5v0__nand3_1)
                                                         net132 (net)
                      0.203779    0.000125    2.750885 ^ output132/I (gf180mcu_fd_sc_mcu7t5v0__dlyb_1)
     1    0.024236    0.451686    1.072318    3.823203 ^ output132/Z (gf180mcu_fd_sc_mcu7t5v0__dlyb_1)
                                                         dout_o[7] (net)
                      0.451686    0.000664    3.823867 ^ dout_o[7] (out)
                                              3.823867   data arrival time

                                  0.000000    0.000000   clock clk (rise edge)
                                  0.000000    0.000000   clock network delay (propagated)
                                  0.250000    0.250000   clock uncertainty
                                  0.000000    0.250000   clock reconvergence pessimism
                                 -3.200000   -2.950000   output external delay
                                             -2.950000   data required time
---------------------------------------------------------------------------------------------
                                             -2.950000   data required time
                                             -3.823867   data arrival time
---------------------------------------------------------------------------------------------
                                              6.773867   slack (MET)


Startpoint: _222_ (rising edge-triggered flip-flop clocked by clk)
Endpoint: dout_o[2] (output port clocked by clk)
Path Group: clk
Path Type: min

Fanout         Cap        Slew       Delay        Time   Description
---------------------------------------------------------------------------------------------
                                  0.000000    0.000000   clock clk (rise edge)
                                  0.000000    0.000000   clock source latency
     2    0.027936    0.000000    0.000000    0.000000 ^ clk (in)
                                                         clk (net)
                      0.001027    0.000420    0.000420 ^ clkbuf_0_clk/I (gf180mcu_fd_sc_mcu7t5v0__clkbuf_16)
     2    0.049878    0.114740    0.226256    0.226677 ^ clkbuf_0_clk/Z (gf180mcu_fd_sc_mcu7t5v0__clkbuf_16)
                                                         clknet_0_clk (net)
                      0.114743    0.001012    0.227689 ^ clkbuf_1_1__f_clk/I (gf180mcu_fd_sc_mcu7t5v0__clkbuf_16)
     4    0.020170    0.088593    0.226341    0.454030 ^ clkbuf_1_1__f_clk/Z (gf180mcu_fd_sc_mcu7t5v0__clkbuf_16)
                                                         clknet_1_1__leaf_clk (net)
                      0.088593    0.000418    0.454448 ^ _222_/CLK (gf180mcu_fd_sc_mcu7t5v0__dffrnq_1)
    11    0.073041    0.731244    1.105054    1.559502 v _222_/Q (gf180mcu_fd_sc_mcu7t5v0__dffrnq_1)
                                                         byte_index[3] (net)
                      0.731257    0.001716    1.561218 v _129_/A1 (gf180mcu_fd_sc_mcu7t5v0__nor3_1)
     5    0.035752    1.719083    1.144359    2.705577 ^ _129_/ZN (gf180mcu_fd_sc_mcu7t5v0__nor3_1)
                                                         _027_ (net)
                      1.719083    0.000824    2.706401 ^ _155_/A2 (gf180mcu_fd_sc_mcu7t5v0__aoi22_1)
     1    0.008077    0.196712    0.106365    2.812767 v _155_/ZN (gf180mcu_fd_sc_mcu7t5v0__aoi22_1)
                                                         _051_ (net)
                      0.196712    0.000208    2.812974 v _162_/A2 (gf180mcu_fd_sc_mcu7t5v0__nand4_1)
     1    0.006247    0.263183    0.246801    3.059775 ^ _162_/ZN (gf180mcu_fd_sc_mcu7t5v0__nand4_1)
                                                         net127 (net)
                      0.263183    0.000139    3.059914 ^ output127/I (gf180mcu_fd_sc_mcu7t5v0__dlyb_1)
     1    0.023039    0.433371    1.067819    4.127734 ^ output127/Z (gf180mcu_fd_sc_mcu7t5v0__dlyb_1)
                                                         dout_o[2] (net)
                      0.433371    0.000552    4.128286 ^ dout_o[2] (out)
                                              4.128286   data arrival time

                                  0.000000    0.000000   clock clk (rise edge)
                                  0.000000    0.000000   clock network delay (propagated)
                                  0.250000    0.250000   clock uncertainty
                                  0.000000    0.250000   clock reconvergence pessimism
                                 -3.200000   -2.950000   output external delay
                                             -2.950000   data required time
---------------------------------------------------------------------------------------------
                                             -2.950000   data required time
                                             -4.128286   data arrival time
---------------------------------------------------------------------------------------------
                                              7.078286   slack (MET)


Startpoint: _220_ (rising edge-triggered flip-flop clocked by clk)
Endpoint: dout_o[0] (output port clocked by clk)
Path Group: clk
Path Type: min

Fanout         Cap        Slew       Delay        Time   Description
---------------------------------------------------------------------------------------------
                                  0.000000    0.000000   clock clk (rise edge)
                                  0.000000    0.000000   clock source latency
     2    0.027936    0.000000    0.000000    0.000000 ^ clk (in)
                                                         clk (net)
                      0.001027    0.000420    0.000420 ^ clkbuf_0_clk/I (gf180mcu_fd_sc_mcu7t5v0__clkbuf_16)
     2    0.049878    0.114740    0.226256    0.226677 ^ clkbuf_0_clk/Z (gf180mcu_fd_sc_mcu7t5v0__clkbuf_16)
                                                         clknet_0_clk (net)
                      0.114744    0.001178    0.227855 ^ clkbuf_1_0__f_clk/I (gf180mcu_fd_sc_mcu7t5v0__clkbuf_16)
     4    0.019775    0.088230    0.226012    0.453867 ^ clkbuf_1_0__f_clk/Z (gf180mcu_fd_sc_mcu7t5v0__clkbuf_16)
                                                         clknet_1_0__leaf_clk (net)
                      0.088230    0.000438    0.454305 ^ _220_/CLK (gf180mcu_fd_sc_mcu7t5v0__dffrnq_1)
     4    0.021953    0.258771    0.800847    1.255152 v _220_/Q (gf180mcu_fd_sc_mcu7t5v0__dffrnq_1)
                                                         byte_index[1] (net)
                      0.258773    0.000403    1.255554 v _131_/A2 (gf180mcu_fd_sc_mcu7t5v0__nor3_1)
     4    0.027076    1.354982    0.850287    2.105841 ^ _131_/ZN (gf180mcu_fd_sc_mcu7t5v0__nor3_1)
                                                         _029_ (net)
                      1.354982    0.000392    2.106233 ^ max_cap150/I (gf180mcu_fd_sc_mcu7t5v0__buf_2)
     1    0.053549    0.470715    0.464330    2.570564 ^ max_cap150/Z (gf180mcu_fd_sc_mcu7t5v0__buf_2)
                                                         net150 (net)
                      0.470939    0.006082    2.576645 ^ wire149/I (gf180mcu_fd_sc_mcu7t5v0__buf_4)
     5    0.065729    0.298073    0.328580    2.905226 ^ wire149/Z (gf180mcu_fd_sc_mcu7t5v0__buf_4)
                                                         net149 (net)
                      0.298298    0.007326    2.912551 ^ _137_/A2 (gf180mcu_fd_sc_mcu7t5v0__aoi22_1)
     1    0.005838    0.157186    0.136717    3.049269 v _137_/ZN (gf180mcu_fd_sc_mcu7t5v0__aoi22_1)
                                                         _035_ (net)
                      0.157186    0.000122    3.049391 v _144_/A2 (gf180mcu_fd_sc_mcu7t5v0__nand4_1)
     1    0.006233    0.261596    0.234821    3.284212 ^ _144_/ZN (gf180mcu_fd_sc_mcu7t5v0__nand4_1)
                                                         net125 (net)
                      0.261596    0.000151    3.284363 ^ output125/I (gf180mcu_fd_sc_mcu7t5v0__dlyb_1)
     1    0.021463    0.409198    1.053360    4.337723 ^ output125/Z (gf180mcu_fd_sc_mcu7t5v0__dlyb_1)
                                                         dout_o[0] (net)
                      0.409198    0.000212    4.337935 ^ dout_o[0] (out)
                                              4.337935   data arrival time

                                  0.000000    0.000000   clock clk (rise edge)
                                  0.000000    0.000000   clock network delay (propagated)
                                  0.250000    0.250000   clock uncertainty
                                  0.000000    0.250000   clock reconvergence pessimism
                                 -3.200000   -2.950000   output external delay
                                             -2.950000   data required time
---------------------------------------------------------------------------------------------
                                             -2.950000   data required time
                                             -4.337935   data arrival time
---------------------------------------------------------------------------------------------
                                              7.287935   slack (MET)


Startpoint: _220_ (rising edge-triggered flip-flop clocked by clk)
Endpoint: dout_o[1] (output port clocked by clk)
Path Group: clk
Path Type: min

Fanout         Cap        Slew       Delay        Time   Description
---------------------------------------------------------------------------------------------
                                  0.000000    0.000000   clock clk (rise edge)
                                  0.000000    0.000000   clock source latency
     2    0.027936    0.000000    0.000000    0.000000 ^ clk (in)
                                                         clk (net)
                      0.001027    0.000420    0.000420 ^ clkbuf_0_clk/I (gf180mcu_fd_sc_mcu7t5v0__clkbuf_16)
     2    0.049878    0.114740    0.226256    0.226677 ^ clkbuf_0_clk/Z (gf180mcu_fd_sc_mcu7t5v0__clkbuf_16)
                                                         clknet_0_clk (net)
                      0.114744    0.001178    0.227855 ^ clkbuf_1_0__f_clk/I (gf180mcu_fd_sc_mcu7t5v0__clkbuf_16)
     4    0.019775    0.088230    0.226012    0.453867 ^ clkbuf_1_0__f_clk/Z (gf180mcu_fd_sc_mcu7t5v0__clkbuf_16)
                                                         clknet_1_0__leaf_clk (net)
                      0.088230    0.000438    0.454305 ^ _220_/CLK (gf180mcu_fd_sc_mcu7t5v0__dffrnq_1)
     4    0.021953    0.258771    0.800847    1.255152 v _220_/Q (gf180mcu_fd_sc_mcu7t5v0__dffrnq_1)
                                                         byte_index[1] (net)
                      0.258773    0.000403    1.255554 v _131_/A2 (gf180mcu_fd_sc_mcu7t5v0__nor3_1)
     4    0.027076    1.354982    0.850287    2.105841 ^ _131_/ZN (gf180mcu_fd_sc_mcu7t5v0__nor3_1)
                                                         _029_ (net)
                      1.354982    0.000392    2.106233 ^ max_cap150/I (gf180mcu_fd_sc_mcu7t5v0__buf_2)
     1    0.053549    0.470715    0.464330    2.570564 ^ max_cap150/Z (gf180mcu_fd_sc_mcu7t5v0__buf_2)
                                                         net150 (net)
                      0.470939    0.006082    2.576645 ^ wire149/I (gf180mcu_fd_sc_mcu7t5v0__buf_4)
     5    0.065729    0.298073    0.328580    2.905226 ^ wire149/Z (gf180mcu_fd_sc_mcu7t5v0__buf_4)
                                                         net149 (net)
                      0.298298    0.007328    2.912554 ^ _146_/A2 (gf180mcu_fd_sc_mcu7t5v0__aoi22_1)
     1    0.006986    0.176754    0.147689    3.060243 v _146_/ZN (gf180mcu_fd_sc_mcu7t5v0__aoi22_1)
                                                         _043_ (net)
                      0.176754    0.000160    3.060404 v _153_/A2 (gf180mcu_fd_sc_mcu7t5v0__nand4_1)
     1    0.005380    0.239598    0.229148    3.289551 ^ _153_/ZN (gf180mcu_fd_sc_mcu7t5v0__nand4_1)
                                                         net126 (net)
                      0.239598    0.000118    3.289669 ^ output126/I (gf180mcu_fd_sc_mcu7t5v0__dlyb_1)
     1    0.023330    0.437811    1.067917    4.357586 ^ output126/Z (gf180mcu_fd_sc_mcu7t5v0__dlyb_1)
                                                         dout_o[1] (net)
                      0.437811    0.000578    4.358165 ^ dout_o[1] (out)
                                              4.358165   data arrival time

                                  0.000000    0.000000   clock clk (rise edge)
                                  0.000000    0.000000   clock network delay (propagated)
                                  0.250000    0.250000   clock uncertainty
                                  0.000000    0.250000   clock reconvergence pessimism
                                 -3.200000   -2.950000   output external delay
                                             -2.950000   data required time
---------------------------------------------------------------------------------------------
                                             -2.950000   data required time
                                             -4.358165   data arrival time
---------------------------------------------------------------------------------------------
                                              7.308165   slack (MET)


Startpoint: _219_ (rising edge-triggered flip-flop clocked by clk)
Endpoint: dout_o[6] (output port clocked by clk)
Path Group: clk
Path Type: min

Fanout         Cap        Slew       Delay        Time   Description
---------------------------------------------------------------------------------------------
                                  0.000000    0.000000   clock clk (rise edge)
                                  0.000000    0.000000   clock source latency
     2    0.027936    0.000000    0.000000    0.000000 ^ clk (in)
                                                         clk (net)
                      0.001027    0.000420    0.000420 ^ clkbuf_0_clk/I (gf180mcu_fd_sc_mcu7t5v0__clkbuf_16)
     2    0.049878    0.114740    0.226256    0.226677 ^ clkbuf_0_clk/Z (gf180mcu_fd_sc_mcu7t5v0__clkbuf_16)
                                                         clknet_0_clk (net)
                      0.114743    0.001012    0.227689 ^ clkbuf_1_1__f_clk/I (gf180mcu_fd_sc_mcu7t5v0__clkbuf_16)
     4    0.020170    0.088593    0.226341    0.454030 ^ clkbuf_1_1__f_clk/Z (gf180mcu_fd_sc_mcu7t5v0__clkbuf_16)
                                                         clknet_1_1__leaf_clk (net)
                      0.088593    0.000437    0.454468 ^ _219_/CLK (gf180mcu_fd_sc_mcu7t5v0__dffrnq_1)
    11    0.083604    0.832500    1.166607    1.621075 v _219_/Q (gf180mcu_fd_sc_mcu7t5v0__dffrnq_1)
                                                         byte_index[0] (net)
                      0.832516    0.002084    1.623159 v _134_/A1 (gf180mcu_fd_sc_mcu7t5v0__nor3_2)
     4    0.030765    0.873320    0.706255    2.329414 ^ _134_/ZN (gf180mcu_fd_sc_mcu7t5v0__nor3_2)
                                                         _032_ (net)
                      0.873320    0.000395    2.329809 ^ max_cap143/I (gf180mcu_fd_sc_mcu7t5v0__buf_2)
     1    0.053729    0.467363    0.458264    2.788073 ^ max_cap143/Z (gf180mcu_fd_sc_mcu7t5v0__buf_2)
                                                         net143 (net)
                      0.467613    0.006116    2.794189 ^ wire142/I (gf180mcu_fd_sc_mcu7t5v0__buf_4)
     5    0.064379    0.292424    0.324886    3.119075 ^ wire142/Z (gf180mcu_fd_sc_mcu7t5v0__buf_4)
                                                         net142 (net)
                      0.292718    0.007950    3.127025 ^ _191_/B1 (gf180mcu_fd_sc_mcu7t5v0__aoi22_1)
     1    0.005944    0.157893    0.192187    3.319212 v _191_/ZN (gf180mcu_fd_sc_mcu7t5v0__aoi22_1)
                                                         _083_ (net)
                      0.157893    0.000126    3.319339 v _198_/A2 (gf180mcu_fd_sc_mcu7t5v0__nand4_1)
     1    0.005409    0.242805    0.223892    3.543231 ^ _198_/ZN (gf180mcu_fd_sc_mcu7t5v0__nand4_1)
                                                         net131 (net)
                      0.242805    0.000114    3.543345 ^ output131/I (gf180mcu_fd_sc_mcu7t5v0__dlyb_1)
     1    0.023568    0.441470    1.070430    4.613775 ^ output131/Z (gf180mcu_fd_sc_mcu7t5v0__dlyb_1)
                                                         dout_o[6] (net)
                      0.441470    0.000616    4.614391 ^ dout_o[6] (out)
                                              4.614391   data arrival time

                                  0.000000    0.000000   clock clk (rise edge)
                                  0.000000    0.000000   clock network delay (propagated)
                                  0.250000    0.250000   clock uncertainty
                                  0.000000    0.250000   clock reconvergence pessimism
                                 -3.200000   -2.950000   output external delay
                                             -2.950000   data required time
---------------------------------------------------------------------------------------------
                                             -2.950000   data required time
                                             -4.614391   data arrival time
---------------------------------------------------------------------------------------------
                                              7.564390   slack (MET)


Startpoint: _219_ (rising edge-triggered flip-flop clocked by clk)
Endpoint: dout_o[3] (output port clocked by clk)
Path Group: clk
Path Type: min

Fanout         Cap        Slew       Delay        Time   Description
---------------------------------------------------------------------------------------------
                                  0.000000    0.000000   clock clk (rise edge)
                                  0.000000    0.000000   clock source latency
     2    0.027936    0.000000    0.000000    0.000000 ^ clk (in)
                                                         clk (net)
                      0.001027    0.000420    0.000420 ^ clkbuf_0_clk/I (gf180mcu_fd_sc_mcu7t5v0__clkbuf_16)
     2    0.049878    0.114740    0.226256    0.226677 ^ clkbuf_0_clk/Z (gf180mcu_fd_sc_mcu7t5v0__clkbuf_16)
                                                         clknet_0_clk (net)
                      0.114743    0.001012    0.227689 ^ clkbuf_1_1__f_clk/I (gf180mcu_fd_sc_mcu7t5v0__clkbuf_16)
     4    0.020170    0.088593    0.226341    0.454030 ^ clkbuf_1_1__f_clk/Z (gf180mcu_fd_sc_mcu7t5v0__clkbuf_16)
                                                         clknet_1_1__leaf_clk (net)
                      0.088593    0.000437    0.454468 ^ _219_/CLK (gf180mcu_fd_sc_mcu7t5v0__dffrnq_1)
    11    0.083604    0.832500    1.166607    1.621075 v _219_/Q (gf180mcu_fd_sc_mcu7t5v0__dffrnq_1)
                                                         byte_index[0] (net)
                      0.832516    0.002084    1.623159 v _134_/A1 (gf180mcu_fd_sc_mcu7t5v0__nor3_2)
     4    0.030765    0.873320    0.706255    2.329414 ^ _134_/ZN (gf180mcu_fd_sc_mcu7t5v0__nor3_2)
                                                         _032_ (net)
                      0.873320    0.000395    2.329809 ^ max_cap143/I (gf180mcu_fd_sc_mcu7t5v0__buf_2)
     1    0.053729    0.467363    0.458264    2.788073 ^ max_cap143/Z (gf180mcu_fd_sc_mcu7t5v0__buf_2)
                                                         net143 (net)
                      0.467613    0.006116    2.794189 ^ wire142/I (gf180mcu_fd_sc_mcu7t5v0__buf_4)
     5    0.064379    0.292424    0.324886    3.119075 ^ wire142/Z (gf180mcu_fd_sc_mcu7t5v0__buf_4)
                                                         net142 (net)
                      0.292689    0.007621    3.126696 ^ _164_/B1 (gf180mcu_fd_sc_mcu7t5v0__aoi22_1)
     1    0.006374    0.168227    0.196447    3.323143 v _164_/ZN (gf180mcu_fd_sc_mcu7t5v0__aoi22_1)
                                                         _059_ (net)
                      0.168227    0.000145    3.323288 v _171_/A2 (gf180mcu_fd_sc_mcu7t5v0__nand4_1)
     1    0.007356    0.285320    0.253281    3.576569 ^ _171_/ZN (gf180mcu_fd_sc_mcu7t5v0__nand4_1)
                                                         net128 (net)
                      0.285320    0.000183    3.576752 ^ output128/I (gf180mcu_fd_sc_mcu7t5v0__dlyb_1)
     1    0.023627    0.442450    1.075593    4.652345 ^ output128/Z (gf180mcu_fd_sc_mcu7t5v0__dlyb_1)
                                                         dout_o[3] (net)
                      0.442450    0.000620    4.652965 ^ dout_o[3] (out)
                                              4.652965   data arrival time

                                  0.000000    0.000000   clock clk (rise edge)
                                  0.000000    0.000000   clock network delay (propagated)
                                  0.250000    0.250000   clock uncertainty
                                  0.000000    0.250000   clock reconvergence pessimism
                                 -3.200000   -2.950000   output external delay
                                             -2.950000   data required time
---------------------------------------------------------------------------------------------
                                             -2.950000   data required time
                                             -4.652965   data arrival time
---------------------------------------------------------------------------------------------
                                              7.602964   slack (MET)



