Reading timing models for corner nom_tt_025C_5v00…
Reading timing library for the 'nom_tt_025C_5v00' corner at '/foss/pdks/gf180mcuD/libs.ref/gf180mcu_fd_sc_mcu9t5v0/lib/gf180mcu_fd_sc_mcu9t5v0__tt_025C_5v00.lib'…
Reading timing library for the 'nom_tt_025C_5v00' corner at '/foss/pdks/gf180mcuD/libs.ref/gf180mcu_fd_ip_sram/lib/gf180mcu_fd_ip_sram__sram256x8m8wm1__tt_025C_5v00.lib'…
Reading OpenROAD database at '/headless/aravindustries-repos/butterfold/butterfold_proto/physical/librelane/runs/shrink_area_demo/37-openroad-repairdesignpostgrt/butterfold_top.odb'…
Reading design constraints file at '/headless/aravindustries-repos/butterfold/butterfold_proto/physical/constraints.sdc'…
[INFO] No information on clock propagation in input SDC file-- propagating all clocks.
+ repair_antennas gf180mcu_fd_sc_mcu9t5v0__antenna -iterations 3 -ratio_margin 10
[WARNING GRT-0281] Net rst_n has a large fanout of 1461 terminals.
[WARNING GRT-0281] Net rst_n has a large fanout of 1461 terminals.
[INFO GRT-0012] Found 13 antenna violations.
[INFO GRT-0302] Inserted 18 jumpers for 13 nets.
[INFO GRT-0012] Found 0 antenna violations.
Setting global connections for newly added cells…
[INFO] Setting global connections...
.*u_lo.*u_sram matched with u_transform_scheduler_core.u_fft_scratch_sram.u_lo.u_sram
.*u_hi.*u_sram matched with u_transform_scheduler_core.u_fft_scratch_sram.u_hi.u_sram
[INFO ODB-0403] 0 connections made, 0 conflicts skipped.
Updating metrics…
Cell type report:                       Count       Area
  Macro                                     2  294424.87
  Endcap cell                             716    4041.68
  Tap cell                               4126   23290.44
  Buffer                                   32    1264.44
  Clock buffer                            132   10499.33
  Timing Repair Buffer                    212   15255.07
  Inverter                                492    5661.73
  Clock inverter                           77    1874.07
  Sequential cell                        1993  174017.89
  Multi-Input combinational cell         8608  225140.03
  Total                                 16390  755469.56
Writing OpenROAD database to '/headless/aravindustries-repos/butterfold/butterfold_proto/physical/librelane/runs/shrink_area_demo/39-openroad-repairantennas/1-openroad-diodeinsertion/butterfold_top.odb'…
Writing layout to '/headless/aravindustries-repos/butterfold/butterfold_proto/physical/librelane/runs/shrink_area_demo/39-openroad-repairantennas/1-openroad-diodeinsertion/butterfold_top.def'…
