2026-08-28 19:34:32 +0200: Memory Usage (443932K) : Starting running GF180MCU Klayout DRC runset on /headless/aravindustries-repos/butterfold/butterfold_proto/physical/results/d03_ach_candidate/butterfold_top.gds
2026-08-28 19:34:32 +0200: Memory Usage (443932K) : Ruby Version for klayout: 3.2.3
2026-08-28 19:34:32 +0200: Memory Usage (489256K) : Loading database to memory is complete.
2026-08-28 19:34:32 +0200: Memory Usage (489256K) : GF180MCU Klayout DRC runset output at: /headless/aravindustries-repos/butterfold/butterfold_proto/physical/results/d03_ach_candidate/klayout_mslot_pgfix/butterfold_top_mslot.lyrdb
2026-08-28 19:34:32 +0200: Memory Usage (489448K) : Evaluate switches.
2026-08-28 19:34:32 +0200: Memory Usage (489448K) : table_name selected  main
2026-08-28 19:34:32 +0200: Memory Usage (489448K) : CONNECTIVITY_RULES enabled: false
2026-08-28 19:34:32 +0200: Memory Usage (489448K) : Wedge enabled: false
2026-08-28 19:34:32 +0200: Memory Usage (489448K) : Ball enabled: false
2026-08-28 19:34:32 +0200: Memory Usage (489448K) : Gold enabled: false
2026-08-28 19:34:32 +0200: Memory Usage (489448K) : MIM Option selected: B
2026-08-28 19:34:32 +0200: Memory Usage (489448K) : Offgrid enabled:  true
2026-08-28 19:34:32 +0200: Memory Usage (489448K) : Number of threads to use 4
2026-08-28 19:34:32 +0200: Memory Usage (489448K) : Verbose mode: true
2026-08-28 19:34:32 +0200: Memory Usage (489448K) : flat  mode is enabled for main table
2026-08-28 19:34:32 +0200: Memory Usage (489448K) : METAL_TOP Selected is 11K
2026-08-28 19:34:32 +0200: Memory Usage (489448K) : METAL_STACK Selected is 5LM
2026-08-28 19:34:32 +0200: Memory Usage (489448K) : FEOL enabled: true
2026-08-28 19:34:32 +0200: Memory Usage (489448K) : BEOL enabled: true
2026-08-28 19:34:32 +0200: Memory Usage (489448K) : DUMMY enabled: false
2026-08-28 19:34:32 +0200: Memory Usage (489448K) : SLOW_VIA enabled: false
2026-08-28 19:34:32 +0200: Memory Usage (489448K) : Read in polygons from layers.
"polygons" in: layers_def.drc:27
    Polygons (raw): 238122 (flat)  1068 (hierarchical)
    Elapsed: 0.000s  Memory: 478.00M
"merged" in: layers_def.drc:28
    Polygons (raw): 216638 (flat)  216638 (hierarchical)
    Elapsed: 0.700s  Memory: 514.00M
2026-08-28 19:34:33 +0200: Memory Usage (527080K) : comp has 216638 polygons
"polygons" in: layers_def.drc:27
    Polygons (raw): 0 (flat)  0 (hierarchical)
    Elapsed: 0.020s  Memory: 514.00M
"merged" in: layers_def.drc:28
    Polygons (raw): 0 (flat)  0 (hierarchical)
    Elapsed: 0.000s  Memory: 514.00M
2026-08-28 19:34:33 +0200: Memory Usage (527080K) : dnwell has 0 polygons
"polygons" in: layers_def.drc:27
    Polygons (raw): 65296 (flat)  384 (hierarchical)
    Elapsed: 0.000s  Memory: 514.00M
"merged" in: layers_def.drc:28
    Polygons (raw): 422 (flat)  422 (hierarchical)
    Elapsed: 0.280s  Memory: 529.00M
2026-08-28 19:34:33 +0200: Memory Usage (542396K) : nwell has 422 polygons
"polygons" in: layers_def.drc:27
    Polygons (raw): 59032 (flat)  127 (hierarchical)
    Elapsed: 0.000s  Memory: 529.00M
"merged" in: layers_def.drc:28
    Polygons (raw): 307 (flat)  307 (hierarchical)
    Elapsed: 0.220s  Memory: 529.00M
2026-08-28 19:34:33 +0200: Memory Usage (542572K) : lvpwell has 307 polygons
"polygons" in: layers_def.drc:27
    Polygons (raw): 63662 (flat)  247 (hierarchical)
    Elapsed: 0.010s  Memory: 529.00M
"merged" in: layers_def.drc:28
    Polygons (raw): 3 (flat)  3 (hierarchical)
    Elapsed: 0.310s  Memory: 540.00M
2026-08-28 19:34:34 +0200: Memory Usage (553660K) : dualgate has 3 polygons
"polygons" in: layers_def.drc:27
    Polygons (raw): 269897 (flat)  2122 (hierarchical)
    Elapsed: 0.000s  Memory: 540.00M
"merged" in: layers_def.drc:28
    Polygons (raw): 232293 (flat)  232293 (hierarchical)
    Elapsed: 0.990s  Memory: 541.00M
2026-08-28 19:34:35 +0200: Memory Usage (554928K) : poly2 has 232293 polygons
"polygons" in: layers_def.drc:27
    Polygons (raw): 65272 (flat)  378 (hierarchical)
    Elapsed: 0.010s  Memory: 541.00M
"merged" in: layers_def.drc:28
    Polygons (raw): 1417 (flat)  1417 (hierarchical)
    Elapsed: 0.310s  Memory: 559.00M
2026-08-28 19:34:35 +0200: Memory Usage (573216K) : nplus has 1417 polygons
"polygons" in: layers_def.drc:27
    Polygons (raw): 74126 (flat)  381 (hierarchical)
    Elapsed: 0.000s  Memory: 559.00M
"merged" in: layers_def.drc:28
    Polygons (raw): 10152 (flat)  10152 (hierarchical)
    Elapsed: 0.290s  Memory: 559.00M
2026-08-28 19:34:35 +0200: Memory Usage (573216K) : pplus has 10152 polygons
"polygons" in: layers_def.drc:27
    Polygons (raw): 0 (flat)  0 (hierarchical)
    Elapsed: 0.010s  Memory: 559.00M
"merged" in: layers_def.drc:28
    Polygons (raw): 0 (flat)  0 (hierarchical)
    Elapsed: 0.000s  Memory: 559.00M
2026-08-28 19:34:35 +0200: Memory Usage (573216K) : sab has 0 polygons
"polygons" in: layers_def.drc:27
    Polygons (raw): 0 (flat)  0 (hierarchical)
    Elapsed: 0.000s  Memory: 559.00M
"merged" in: layers_def.drc:28
    Polygons (raw): 0 (flat)  0 (hierarchical)
    Elapsed: 0.000s  Memory: 559.00M
2026-08-28 19:34:35 +0200: Memory Usage (573216K) : esd has 0 polygons
"polygons" in: layers_def.drc:27
    Polygons (raw): 0 (flat)  0 (hierarchical)
    Elapsed: 0.000s  Memory: 559.00M
"merged" in: layers_def.drc:28
    Polygons (raw): 0 (flat)  0 (hierarchical)
    Elapsed: 0.000s  Memory: 559.00M
2026-08-28 19:34:35 +0200: Memory Usage (573216K) : resistor has 0 polygons
"polygons" in: layers_def.drc:27
    Polygons (raw): 0 (flat)  0 (hierarchical)
    Elapsed: 0.000s  Memory: 559.00M
"merged" in: layers_def.drc:28
    Polygons (raw): 0 (flat)  0 (hierarchical)
    Elapsed: 0.000s  Memory: 559.00M
2026-08-28 19:34:35 +0200: Memory Usage (573216K) : fhres has 0 polygons
"polygons" in: layers_def.drc:27
    Polygons (raw): 0 (flat)  0 (hierarchical)
    Elapsed: 0.000s  Memory: 559.00M
"merged" in: layers_def.drc:28
    Polygons (raw): 0 (flat)  0 (hierarchical)
    Elapsed: 0.000s  Memory: 559.00M
2026-08-28 19:34:35 +0200: Memory Usage (573216K) : fusetop has 0 polygons
"polygons" in: layers_def.drc:27
    Polygons (raw): 0 (flat)  0 (hierarchical)
    Elapsed: 0.000s  Memory: 559.00M
"merged" in: layers_def.drc:28
    Polygons (raw): 0 (flat)  0 (hierarchical)
    Elapsed: 0.000s  Memory: 559.00M
2026-08-28 19:34:35 +0200: Memory Usage (573216K) : fusewindow_d has 0 polygons
"polygons" in: layers_def.drc:27
    Polygons (raw): 0 (flat)  0 (hierarchical)
    Elapsed: 0.000s  Memory: 559.00M
"merged" in: layers_def.drc:28
    Polygons (raw): 0 (flat)  0 (hierarchical)
    Elapsed: 0.000s  Memory: 559.00M
2026-08-28 19:34:35 +0200: Memory Usage (573216K) : polyfuse has 0 polygons
"polygons" in: layers_def.drc:27
    Polygons (raw): 0 (flat)  0 (hierarchical)
    Elapsed: 0.000s  Memory: 559.00M
"merged" in: layers_def.drc:28
    Polygons (raw): 0 (flat)  0 (hierarchical)
    Elapsed: 0.000s  Memory: 559.00M
2026-08-28 19:34:35 +0200: Memory Usage (573216K) : mvsd has 0 polygons
"polygons" in: layers_def.drc:27
    Polygons (raw): 0 (flat)  0 (hierarchical)
    Elapsed: 0.000s  Memory: 559.00M
"merged" in: layers_def.drc:28
    Polygons (raw): 0 (flat)  0 (hierarchical)
    Elapsed: 0.000s  Memory: 559.00M
2026-08-28 19:34:35 +0200: Memory Usage (573216K) : mvpsd has 0 polygons
"polygons" in: layers_def.drc:27
    Polygons (raw): 0 (flat)  0 (hierarchical)
    Elapsed: 0.000s  Memory: 559.00M
"merged" in: layers_def.drc:28
    Polygons (raw): 0 (flat)  0 (hierarchical)
    Elapsed: 0.000s  Memory: 559.00M
2026-08-28 19:34:35 +0200: Memory Usage (573216K) : nat has 0 polygons
"polygons" in: layers_def.drc:27
    Polygons (raw): 0 (flat)  0 (hierarchical)
    Elapsed: 0.000s  Memory: 559.00M
"merged" in: layers_def.drc:28
    Polygons (raw): 0 (flat)  0 (hierarchical)
    Elapsed: 0.000s  Memory: 559.00M
2026-08-28 19:34:35 +0200: Memory Usage (573216K) : comp_dummy has 0 polygons
"polygons" in: layers_def.drc:27
    Polygons (raw): 0 (flat)  0 (hierarchical)
    Elapsed: 0.000s  Memory: 559.00M
"merged" in: layers_def.drc:28
    Polygons (raw): 0 (flat)  0 (hierarchical)
    Elapsed: 0.000s  Memory: 559.00M
2026-08-28 19:34:35 +0200: Memory Usage (573216K) : poly2_dummy has 0 polygons
"polygons" in: layers_def.drc:27
    Polygons (raw): 0 (flat)  0 (hierarchical)
    Elapsed: 0.000s  Memory: 559.00M
"merged" in: layers_def.drc:28
    Polygons (raw): 0 (flat)  0 (hierarchical)
    Elapsed: 0.000s  Memory: 559.00M
2026-08-28 19:34:35 +0200: Memory Usage (573216K) : schottky_diode has 0 polygons
"polygons" in: layers_def.drc:27
    Polygons (raw): 0 (flat)  0 (hierarchical)
    Elapsed: 0.000s  Memory: 559.00M
"merged" in: layers_def.drc:28
    Polygons (raw): 0 (flat)  0 (hierarchical)
    Elapsed: 0.000s  Memory: 559.00M
2026-08-28 19:34:35 +0200: Memory Usage (573216K) : zener has 0 polygons
"polygons" in: layers_def.drc:27
    Polygons (raw): 0 (flat)  0 (hierarchical)
    Elapsed: 0.000s  Memory: 559.00M
"merged" in: layers_def.drc:28
    Polygons (raw): 0 (flat)  0 (hierarchical)
    Elapsed: 0.000s  Memory: 559.00M
2026-08-28 19:34:35 +0200: Memory Usage (573216K) : res_mk has 0 polygons
"polygons" in: layers_def.drc:27
    Polygons (raw): 0 (flat)  0 (hierarchical)
    Elapsed: 0.000s  Memory: 559.00M
"merged" in: layers_def.drc:28
    Polygons (raw): 0 (flat)  0 (hierarchical)
    Elapsed: 0.000s  Memory: 559.00M
2026-08-28 19:34:35 +0200: Memory Usage (573216K) : opc_drc has 0 polygons
"polygons" in: layers_def.drc:27
    Polygons (raw): 63664 (flat)  248 (hierarchical)
    Elapsed: 0.000s  Memory: 559.00M
"merged" in: layers_def.drc:28
    Polygons (raw): 3 (flat)  3 (hierarchical)
    Elapsed: 0.210s  Memory: 559.00M
2026-08-28 19:34:35 +0200: Memory Usage (573216K) : v5_xtor has 3 polygons
"polygons" in: layers_def.drc:27
    Polygons (raw): 0 (flat)  0 (hierarchical)
    Elapsed: 0.000s  Memory: 559.00M
"merged" in: layers_def.drc:28
    Polygons (raw): 0 (flat)  0 (hierarchical)
    Elapsed: 0.000s  Memory: 559.00M
2026-08-28 19:34:35 +0200: Memory Usage (573216K) : cap_mk has 0 polygons
"polygons" in: layers_def.drc:27
    Polygons (raw): 0 (flat)  0 (hierarchical)
    Elapsed: 0.000s  Memory: 559.00M
"merged" in: layers_def.drc:28
    Polygons (raw): 0 (flat)  0 (hierarchical)
    Elapsed: 0.000s  Memory: 559.00M
2026-08-28 19:34:35 +0200: Memory Usage (573216K) : mos_cap_mk has 0 polygons
"polygons" in: layers_def.drc:27
    Polygons (raw): 0 (flat)  0 (hierarchical)
    Elapsed: 0.000s  Memory: 559.00M
"merged" in: layers_def.drc:28
    Polygons (raw): 0 (flat)  0 (hierarchical)
    Elapsed: 0.000s  Memory: 559.00M
2026-08-28 19:34:35 +0200: Memory Usage (573216K) : ind_mk has 0 polygons
"polygons" in: layers_def.drc:27
    Polygons (raw): 26 (flat)  1 (hierarchical)
    Elapsed: 0.000s  Memory: 559.00M
"merged" in: layers_def.drc:28
    Polygons (raw): 26 (flat)  26 (hierarchical)
    Elapsed: 0.020s  Memory: 559.00M
2026-08-28 19:34:35 +0200: Memory Usage (573216K) : diode_mk has 26 polygons
"polygons" in: layers_def.drc:27
    Polygons (raw): 0 (flat)  0 (hierarchical)
    Elapsed: 0.000s  Memory: 559.00M
"merged" in: layers_def.drc:28
    Polygons (raw): 0 (flat)  0 (hierarchical)
    Elapsed: 0.000s  Memory: 559.00M
2026-08-28 19:34:35 +0200: Memory Usage (573216K) : drc_bjt has 0 polygons
"polygons" in: layers_def.drc:27
    Polygons (raw): 0 (flat)  0 (hierarchical)
    Elapsed: 0.000s  Memory: 559.00M
"merged" in: layers_def.drc:28
    Polygons (raw): 0 (flat)  0 (hierarchical)
    Elapsed: 0.000s  Memory: 559.00M
2026-08-28 19:34:35 +0200: Memory Usage (573216K) : lvs_bjt has 0 polygons
"polygons" in: layers_def.drc:27
    Polygons (raw): 0 (flat)  0 (hierarchical)
    Elapsed: 0.000s  Memory: 559.00M
"merged" in: layers_def.drc:28
    Polygons (raw): 0 (flat)  0 (hierarchical)
    Elapsed: 0.000s  Memory: 559.00M
2026-08-28 19:34:35 +0200: Memory Usage (573216K) : mim_l_mk has 0 polygons
"polygons" in: layers_def.drc:27
    Polygons (raw): 0 (flat)  0 (hierarchical)
    Elapsed: 0.000s  Memory: 559.00M
"merged" in: layers_def.drc:28
    Polygons (raw): 0 (flat)  0 (hierarchical)
    Elapsed: 0.000s  Memory: 559.00M
2026-08-28 19:34:35 +0200: Memory Usage (573216K) : latchup_mk has 0 polygons
"polygons" in: layers_def.drc:27
    Polygons (raw): 0 (flat)  0 (hierarchical)
    Elapsed: 0.000s  Memory: 559.00M
"merged" in: layers_def.drc:28
    Polygons (raw): 0 (flat)  0 (hierarchical)
    Elapsed: 0.000s  Memory: 559.00M
2026-08-28 19:34:35 +0200: Memory Usage (573216K) : guard_ring_mk has 0 polygons
"polygons" in: layers_def.drc:27
    Polygons (raw): 0 (flat)  0 (hierarchical)
    Elapsed: 0.000s  Memory: 559.00M
"merged" in: layers_def.drc:28
    Polygons (raw): 0 (flat)  0 (hierarchical)
    Elapsed: 0.000s  Memory: 559.00M
2026-08-28 19:34:35 +0200: Memory Usage (573216K) : otp_mk has 0 polygons
"polygons" in: layers_def.drc:27
    Polygons (raw): 0 (flat)  0 (hierarchical)
    Elapsed: 0.000s  Memory: 559.00M
"merged" in: layers_def.drc:28
    Polygons (raw): 0 (flat)  0 (hierarchical)
    Elapsed: 0.000s  Memory: 559.00M
2026-08-28 19:34:35 +0200: Memory Usage (573216K) : mtpmark has 0 polygons
"polygons" in: layers_def.drc:27
    Polygons (raw): 0 (flat)  0 (hierarchical)
    Elapsed: 0.000s  Memory: 559.00M
"merged" in: layers_def.drc:28
    Polygons (raw): 0 (flat)  0 (hierarchical)
    Elapsed: 0.000s  Memory: 559.00M
2026-08-28 19:34:35 +0200: Memory Usage (573216K) : neo_ee_mk has 0 polygons
"polygons" in: layers_def.drc:27
    Polygons (raw): 5300 (flat)  6 (hierarchical)
    Elapsed: 0.000s  Memory: 559.00M
"merged" in: layers_def.drc:28
    Polygons (raw): 4 (flat)  4 (hierarchical)
    Elapsed: 0.030s  Memory: 559.00M
2026-08-28 19:34:36 +0200: Memory Usage (573216K) : sramcore has 4 polygons
"polygons" in: layers_def.drc:27
    Polygons (raw): 0 (flat)  0 (hierarchical)
    Elapsed: 0.000s  Memory: 559.00M
"merged" in: layers_def.drc:28
    Polygons (raw): 0 (flat)  0 (hierarchical)
    Elapsed: 0.000s  Memory: 559.00M
2026-08-28 19:34:36 +0200: Memory Usage (573216K) : lvs_rf has 0 polygons
"polygons" in: layers_def.drc:27
    Polygons (raw): 0 (flat)  0 (hierarchical)
    Elapsed: 0.000s  Memory: 559.00M
"merged" in: layers_def.drc:28
    Polygons (raw): 0 (flat)  0 (hierarchical)
    Elapsed: 0.000s  Memory: 559.00M
2026-08-28 19:34:36 +0200: Memory Usage (573216K) : lvs_drain has 0 polygons
"polygons" in: layers_def.drc:27
    Polygons (raw): 0 (flat)  0 (hierarchical)
    Elapsed: 0.000s  Memory: 559.00M
"merged" in: layers_def.drc:28
    Polygons (raw): 0 (flat)  0 (hierarchical)
    Elapsed: 0.000s  Memory: 559.00M
2026-08-28 19:34:36 +0200: Memory Usage (573216K) : ind_mk has 0 polygons
"polygons" in: layers_def.drc:27
    Polygons (raw): 0 (flat)  0 (hierarchical)
    Elapsed: 0.000s  Memory: 559.00M
"merged" in: layers_def.drc:28
    Polygons (raw): 0 (flat)  0 (hierarchical)
    Elapsed: 0.000s  Memory: 559.00M
2026-08-28 19:34:36 +0200: Memory Usage (573216K) : hvpolyrs has 0 polygons
"polygons" in: layers_def.drc:27
    Polygons (raw): 0 (flat)  0 (hierarchical)
    Elapsed: 0.000s  Memory: 559.00M
"merged" in: layers_def.drc:28
    Polygons (raw): 0 (flat)  0 (hierarchical)
    Elapsed: 0.000s  Memory: 559.00M
2026-08-28 19:34:36 +0200: Memory Usage (573216K) : lvs_io has 0 polygons
"polygons" in: layers_def.drc:27
    Polygons (raw): 0 (flat)  0 (hierarchical)
    Elapsed: 0.000s  Memory: 559.00M
"merged" in: layers_def.drc:28
    Polygons (raw): 0 (flat)  0 (hierarchical)
    Elapsed: 0.000s  Memory: 559.00M
2026-08-28 19:34:36 +0200: Memory Usage (573216K) : probe_mk has 0 polygons
"polygons" in: layers_def.drc:27
    Polygons (raw): 0 (flat)  0 (hierarchical)
    Elapsed: 0.000s  Memory: 559.00M
"merged" in: layers_def.drc:28
    Polygons (raw): 0 (flat)  0 (hierarchical)
    Elapsed: 0.000s  Memory: 559.00M
2026-08-28 19:34:36 +0200: Memory Usage (573216K) : esd_mk has 0 polygons
"polygons" in: layers_def.drc:27
    Polygons (raw): 0 (flat)  0 (hierarchical)
    Elapsed: 0.000s  Memory: 559.00M
"merged" in: layers_def.drc:28
    Polygons (raw): 0 (flat)  0 (hierarchical)
    Elapsed: 0.000s  Memory: 559.00M
2026-08-28 19:34:36 +0200: Memory Usage (573216K) : lvs_source has 0 polygons
"polygons" in: layers_def.drc:27
    Polygons (raw): 0 (flat)  0 (hierarchical)
    Elapsed: 0.000s  Memory: 559.00M
"merged" in: layers_def.drc:28
    Polygons (raw): 0 (flat)  0 (hierarchical)
    Elapsed: 0.000s  Memory: 559.00M
2026-08-28 19:34:36 +0200: Memory Usage (573216K) : well_diode_mk has 0 polygons
"polygons" in: layers_def.drc:27
    Polygons (raw): 0 (flat)  0 (hierarchical)
    Elapsed: 0.000s  Memory: 559.00M
"merged" in: layers_def.drc:28
    Polygons (raw): 0 (flat)  0 (hierarchical)
    Elapsed: 0.000s  Memory: 559.00M
2026-08-28 19:34:36 +0200: Memory Usage (573216K) : ldmos_xtor has 0 polygons
"polygons" in: layers_def.drc:27
    Polygons (raw): 0 (flat)  0 (hierarchical)
    Elapsed: 0.000s  Memory: 559.00M
"merged" in: layers_def.drc:28
    Polygons (raw): 0 (flat)  0 (hierarchical)
    Elapsed: 0.000s  Memory: 559.00M
2026-08-28 19:34:36 +0200: Memory Usage (573216K) : plfuse has 0 polygons
"polygons" in: layers_def.drc:27
    Polygons (raw): 0 (flat)  0 (hierarchical)
    Elapsed: 0.000s  Memory: 559.00M
"merged" in: layers_def.drc:28
    Polygons (raw): 0 (flat)  0 (hierarchical)
    Elapsed: 0.000s  Memory: 559.00M
2026-08-28 19:34:36 +0200: Memory Usage (573216K) : efuse_mk has 0 polygons
"polygons" in: layers_def.drc:27
    Polygons (raw): 0 (flat)  0 (hierarchical)
    Elapsed: 0.000s  Memory: 559.00M
"merged" in: layers_def.drc:28
    Polygons (raw): 0 (flat)  0 (hierarchical)
    Elapsed: 0.000s  Memory: 559.00M
2026-08-28 19:34:36 +0200: Memory Usage (573216K) : mcell_feol_mk has 0 polygons
"polygons" in: layers_def.drc:27
    Polygons (raw): 0 (flat)  0 (hierarchical)
    Elapsed: 0.000s  Memory: 559.00M
"merged" in: layers_def.drc:28
    Polygons (raw): 0 (flat)  0 (hierarchical)
    Elapsed: 0.000s  Memory: 559.00M
2026-08-28 19:34:36 +0200: Memory Usage (573216K) : ymtp_mk has 0 polygons
"polygons" in: layers_def.drc:27
    Polygons (raw): 0 (flat)  0 (hierarchical)
    Elapsed: 0.000s  Memory: 559.00M
"merged" in: layers_def.drc:28
    Polygons (raw): 0 (flat)  0 (hierarchical)
    Elapsed: 0.000s  Memory: 559.00M
2026-08-28 19:34:36 +0200: Memory Usage (573216K) : dev_wf_mk has 0 polygons
"polygons" in: layers_def.drc:27
    Polygons (raw): 0 (flat)  0 (hierarchical)
    Elapsed: 0.000s  Memory: 559.00M
"merged" in: layers_def.drc:28
    Polygons (raw): 0 (flat)  0 (hierarchical)
    Elapsed: 0.000s  Memory: 559.00M
2026-08-28 19:34:36 +0200: Memory Usage (573216K) : comp_label has 0 polygons
"polygons" in: layers_def.drc:27
    Polygons (raw): 0 (flat)  0 (hierarchical)
    Elapsed: 0.000s  Memory: 559.00M
"merged" in: layers_def.drc:28
    Polygons (raw): 0 (flat)  0 (hierarchical)
    Elapsed: 0.000s  Memory: 559.00M
2026-08-28 19:34:36 +0200: Memory Usage (573216K) : poly2_label has 0 polygons
"polygons" in: layers_def.drc:27
    Polygons (raw): 0 (flat)  0 (hierarchical)
    Elapsed: 0.000s  Memory: 559.00M
"merged" in: layers_def.drc:28
    Polygons (raw): 0 (flat)  0 (hierarchical)
    Elapsed: 0.000s  Memory: 559.00M
2026-08-28 19:34:36 +0200: Memory Usage (573216K) : mdiode has 0 polygons
"polygons" in: layers_def.drc:27
    Polygons (raw): 0 (flat)  0 (hierarchical)
    Elapsed: 0.000s  Memory: 559.00M
"merged" in: layers_def.drc:28
    Polygons (raw): 0 (flat)  0 (hierarchical)
    Elapsed: 0.000s  Memory: 559.00M
2026-08-28 19:34:36 +0200: Memory Usage (573216K) : ndmy has 0 polygons
"polygons" in: layers_def.drc:27
    Polygons (raw): 0 (flat)  0 (hierarchical)
    Elapsed: 0.000s  Memory: 559.00M
"merged" in: layers_def.drc:28
    Polygons (raw): 0 (flat)  0 (hierarchical)
    Elapsed: 0.010s  Memory: 559.00M
2026-08-28 19:34:36 +0200: Memory Usage (573216K) : pmndmy has 0 polygons
"polygons" in: layers_def.drc:27
    Polygons (raw): 1407186 (flat)  23869 (hierarchical)
    Elapsed: 0.000s  Memory: 559.00M
"merged" in: layers_def.drc:28
    Polygons (raw): 1380000 (flat)  1380000 (hierarchical)
    Elapsed: 3.410s  Memory: 730.00M
2026-08-28 19:34:39 +0200: Memory Usage (747524K) : contact has 1380000 polygons
"polygons" in: layers_def.drc:27
    Polygons (raw): 460213 (flat)  46462 (hierarchical)
    Elapsed: 0.020s  Memory: 730.00M
"merged" in: layers_def.drc:28
    Polygons (raw): 251861 (flat)  251861 (hierarchical)
    Elapsed: 3.550s  Memory: 746.00M
2026-08-28 19:34:43 +0200: Memory Usage (764176K) : metal1_drawn has 251861 polygons
"polygons" in: layers_def.drc:27
    Polygons (raw): 0 (flat)  0 (hierarchical)
    Elapsed: 0.010s  Memory: 746.00M
"merged" in: layers_def.drc:28
    Polygons (raw): 0 (flat)  0 (hierarchical)
    Elapsed: 0.000s  Memory: 746.00M
2026-08-28 19:34:43 +0200: Memory Usage (764176K) : metal1_dummy has 0 polygons
"+" in: layers_def.drc:342
    Polygons (raw): 251861 (flat)  251861 (hierarchical)
    Elapsed: 0.000s  Memory: 746.00M
"polygons" in: layers_def.drc:27
    Polygons (raw): 0 (flat)  0 (hierarchical)
    Elapsed: 0.000s  Memory: 749.00M
"merged" in: layers_def.drc:28
    Polygons (raw): 0 (flat)  0 (hierarchical)
    Elapsed: 0.020s  Memory: 749.00M
2026-08-28 19:34:43 +0200: Memory Usage (766992K) : metal1_label has 0 polygons
"polygons" in: layers_def.drc:27
    Polygons (raw): 0 (flat)  0 (hierarchical)
    Elapsed: 0.000s  Memory: 749.00M
"merged" in: layers_def.drc:28
    Polygons (raw): 0 (flat)  0 (hierarchical)
    Elapsed: 0.000s  Memory: 749.00M
2026-08-28 19:34:43 +0200: Memory Usage (766992K) : metal1_slot has 0 polygons
"polygons" in: layers_def.drc:27
    Polygons (raw): 0 (flat)  0 (hierarchical)
    Elapsed: 0.000s  Memory: 749.00M
"merged" in: layers_def.drc:28
    Polygons (raw): 0 (flat)  0 (hierarchical)
    Elapsed: 0.000s  Memory: 749.00M
2026-08-28 19:34:43 +0200: Memory Usage (766992K) : metal1_blk has 0 polygons
"polygons" in: layers_def.drc:27
    Polygons (raw): 105572 (flat)  51697 (hierarchical)
    Elapsed: 0.010s  Memory: 749.00M
"merged" in: layers_def.drc:28
    Polygons (raw): 96410 (flat)  96410 (hierarchical)
    Elapsed: 0.230s  Memory: 761.00M
2026-08-28 19:34:43 +0200: Memory Usage (780192K) : via1 has 96410 polygons
"polygons" in: layers_def.drc:27
    Polygons (raw): 81617 (flat)  44505 (hierarchical)
    Elapsed: 0.000s  Memory: 761.00M
"merged" in: layers_def.drc:28
    Polygons (raw): 51071 (flat)  51071 (hierarchical)
    Elapsed: 0.470s  Memory: 764.00M
2026-08-28 19:34:43 +0200: Memory Usage (783184K) : metal2_drawn has 51071 polygons
"polygons" in: layers_def.drc:27
    Polygons (raw): 0 (flat)  0 (hierarchical)
    Elapsed: 0.010s  Memory: 764.00M
"merged" in: layers_def.drc:28
    Polygons (raw): 0 (flat)  0 (hierarchical)
    Elapsed: 0.000s  Memory: 764.00M
2026-08-28 19:34:43 +0200: Memory Usage (783184K) : metal2_dummy has 0 polygons
"+" in: layers_def.drc:380
    Polygons (raw): 51071 (flat)  51071 (hierarchical)
    Elapsed: 0.000s  Memory: 764.00M
"polygons" in: layers_def.drc:27
    Polygons (raw): 33 (flat)  33 (hierarchical)
    Elapsed: 0.000s  Memory: 764.00M
"merged" in: layers_def.drc:28
    Polygons (raw): 33 (flat)  33 (hierarchical)
    Elapsed: 0.020s  Memory: 764.00M
2026-08-28 19:34:43 +0200: Memory Usage (783184K) : metal2_label has 33 polygons
"polygons" in: layers_def.drc:27
    Polygons (raw): 0 (flat)  0 (hierarchical)
    Elapsed: 0.000s  Memory: 764.00M
"merged" in: layers_def.drc:28
    Polygons (raw): 0 (flat)  0 (hierarchical)
    Elapsed: 0.000s  Memory: 764.00M
2026-08-28 19:34:43 +0200: Memory Usage (783184K) : metal2_slot has 0 polygons
"polygons" in: layers_def.drc:27
    Polygons (raw): 0 (flat)  0 (hierarchical)
    Elapsed: 0.000s  Memory: 764.00M
"merged" in: layers_def.drc:28
    Polygons (raw): 0 (flat)  0 (hierarchical)
    Elapsed: 0.000s  Memory: 764.00M
2026-08-28 19:34:43 +0200: Memory Usage (783184K) : metal2_blk has 0 polygons
"polygons" in: layers_def.drc:27
    Polygons (raw): 96578 (flat)  58326 (hierarchical)
    Elapsed: 0.000s  Memory: 764.00M
"merged" in: layers_def.drc:28
    Polygons (raw): 93152 (flat)  93152 (hierarchical)
    Elapsed: 0.180s  Memory: 773.00M
2026-08-28 19:34:44 +0200: Memory Usage (791632K) : via2 has 93152 polygons
"polygons" in: layers_def.drc:27
    Polygons (raw): 44439 (flat)  26153 (hierarchical)
    Elapsed: 0.000s  Memory: 773.00M
"merged" in: layers_def.drc:28
    Polygons (raw): 25645 (flat)  25645 (hierarchical)
    Elapsed: 0.130s  Memory: 773.00M
2026-08-28 19:34:44 +0200: Memory Usage (791632K) : metal3_drawn has 25645 polygons
"polygons" in: layers_def.drc:27
    Polygons (raw): 0 (flat)  0 (hierarchical)
    Elapsed: 0.000s  Memory: 773.00M
"merged" in: layers_def.drc:28
    Polygons (raw): 0 (flat)  0 (hierarchical)
    Elapsed: 0.000s  Memory: 773.00M
2026-08-28 19:34:44 +0200: Memory Usage (791632K) : metal3_dummy has 0 polygons
"+" in: layers_def.drc:421
    Polygons (raw): 25645 (flat)  25645 (hierarchical)
    Elapsed: 0.010s  Memory: 773.00M
"polygons" in: layers_def.drc:27
    Polygons (raw): 0 (flat)  0 (hierarchical)
    Elapsed: 0.000s  Memory: 773.00M
"merged" in: layers_def.drc:28
    Polygons (raw): 0 (flat)  0 (hierarchical)
    Elapsed: 0.000s  Memory: 773.00M
2026-08-28 19:34:44 +0200: Memory Usage (791632K) : metal3_label has 0 polygons
"polygons" in: layers_def.drc:27
    Polygons (raw): 0 (flat)  0 (hierarchical)
    Elapsed: 0.000s  Memory: 773.00M
"merged" in: layers_def.drc:28
    Polygons (raw): 0 (flat)  0 (hierarchical)
    Elapsed: 0.000s  Memory: 773.00M
2026-08-28 19:34:44 +0200: Memory Usage (791632K) : metal3_slot has 0 polygons
"polygons" in: layers_def.drc:27
    Polygons (raw): 0 (flat)  0 (hierarchical)
    Elapsed: 0.000s  Memory: 773.00M
"merged" in: layers_def.drc:28
    Polygons (raw): 0 (flat)  0 (hierarchical)
    Elapsed: 0.000s  Memory: 773.00M
2026-08-28 19:34:44 +0200: Memory Usage (791632K) : metal3_blk has 0 polygons
"polygons" in: layers_def.drc:27
    Polygons (raw): 12363 (flat)  12363 (hierarchical)
    Elapsed: 0.000s  Memory: 773.00M
"merged" in: layers_def.drc:28
    Polygons (raw): 12363 (flat)  12363 (hierarchical)
    Elapsed: 0.030s  Memory: 773.00M
2026-08-28 19:34:44 +0200: Memory Usage (791632K) : via3 has 12363 polygons
"polygons" in: layers_def.drc:27
    Polygons (raw): 2332 (flat)  2332 (hierarchical)
    Elapsed: 0.000s  Memory: 773.00M
"merged" in: layers_def.drc:28
    Polygons (raw): 2332 (flat)  2332 (hierarchical)
    Elapsed: 0.020s  Memory: 773.00M
2026-08-28 19:34:44 +0200: Memory Usage (791632K) : metal4_drawn has 2332 polygons
"polygons" in: layers_def.drc:27
    Polygons (raw): 0 (flat)  0 (hierarchical)
    Elapsed: 0.000s  Memory: 773.00M
"merged" in: layers_def.drc:28
    Polygons (raw): 0 (flat)  0 (hierarchical)
    Elapsed: 0.000s  Memory: 773.00M
2026-08-28 19:34:44 +0200: Memory Usage (791632K) : metal4_dummy has 0 polygons
"+" in: layers_def.drc:456
    Polygons (raw): 2332 (flat)  2332 (hierarchical)
    Elapsed: 0.000s  Memory: 773.00M
"polygons" in: layers_def.drc:27
    Polygons (raw): 0 (flat)  0 (hierarchical)
    Elapsed: 0.000s  Memory: 773.00M
"merged" in: layers_def.drc:28
    Polygons (raw): 0 (flat)  0 (hierarchical)
    Elapsed: 0.000s  Memory: 773.00M
2026-08-28 19:34:44 +0200: Memory Usage (791632K) : metal4_label has 0 polygons
"polygons" in: layers_def.drc:27
    Polygons (raw): 0 (flat)  0 (hierarchical)
    Elapsed: 0.000s  Memory: 773.00M
"merged" in: layers_def.drc:28
    Polygons (raw): 0 (flat)  0 (hierarchical)
    Elapsed: 0.000s  Memory: 773.00M
2026-08-28 19:34:44 +0200: Memory Usage (791632K) : metal4_slot has 0 polygons
"polygons" in: layers_def.drc:27
    Polygons (raw): 0 (flat)  0 (hierarchical)
    Elapsed: 0.000s  Memory: 773.00M
"merged" in: layers_def.drc:28
    Polygons (raw): 0 (flat)  0 (hierarchical)
    Elapsed: 0.000s  Memory: 773.00M
2026-08-28 19:34:44 +0200: Memory Usage (791632K) : metal4_blk has 0 polygons
"polygons" in: layers_def.drc:27
    Polygons (raw): 2643 (flat)  2643 (hierarchical)
    Elapsed: 0.000s  Memory: 773.00M
"merged" in: layers_def.drc:28
    Polygons (raw): 2643 (flat)  2643 (hierarchical)
    Elapsed: 0.020s  Memory: 773.00M
2026-08-28 19:34:44 +0200: Memory Usage (791632K) : via4 has 2643 polygons
"polygons" in: layers_def.drc:27
    Polygons (raw): 491 (flat)  491 (hierarchical)
    Elapsed: 0.000s  Memory: 773.00M
"merged" in: layers_def.drc:28
    Polygons (raw): 491 (flat)  491 (hierarchical)
    Elapsed: 0.010s  Memory: 773.00M
2026-08-28 19:34:44 +0200: Memory Usage (791632K) : metal5_drawn has 491 polygons
"polygons" in: layers_def.drc:27
    Polygons (raw): 0 (flat)  0 (hierarchical)
    Elapsed: 0.000s  Memory: 773.00M
"merged" in: layers_def.drc:28
    Polygons (raw): 0 (flat)  0 (hierarchical)
    Elapsed: 0.000s  Memory: 773.00M
2026-08-28 19:34:44 +0200: Memory Usage (791632K) : metal5_dummy has 0 polygons
"+" in: layers_def.drc:491
    Polygons (raw): 491 (flat)  491 (hierarchical)
    Elapsed: 0.010s  Memory: 773.00M
"polygons" in: layers_def.drc:27
    Polygons (raw): 0 (flat)  0 (hierarchical)
    Elapsed: 0.000s  Memory: 773.00M
"merged" in: layers_def.drc:28
    Polygons (raw): 0 (flat)  0 (hierarchical)
    Elapsed: 0.000s  Memory: 773.00M
2026-08-28 19:34:44 +0200: Memory Usage (791632K) : metal5_label has 0 polygons
"polygons" in: layers_def.drc:27
    Polygons (raw): 0 (flat)  0 (hierarchical)
    Elapsed: 0.000s  Memory: 773.00M
"merged" in: layers_def.drc:28
    Polygons (raw): 0 (flat)  0 (hierarchical)
    Elapsed: 0.000s  Memory: 773.00M
2026-08-28 19:34:44 +0200: Memory Usage (791632K) : metal5_slot has 0 polygons
"polygons" in: layers_def.drc:27
    Polygons (raw): 0 (flat)  0 (hierarchical)
    Elapsed: 0.000s  Memory: 773.00M
"merged" in: layers_def.drc:28
    Polygons (raw): 0 (flat)  0 (hierarchical)
    Elapsed: 0.000s  Memory: 773.00M
2026-08-28 19:34:44 +0200: Memory Usage (791632K) : metal5_blk has 0 polygons
"polygons" in: layers_def.drc:27
    Polygons (raw): 0 (flat)  0 (hierarchical)
    Elapsed: 0.000s  Memory: 773.00M
"merged" in: layers_def.drc:28
    Polygons (raw): 0 (flat)  0 (hierarchical)
    Elapsed: 0.000s  Memory: 773.00M
2026-08-28 19:34:44 +0200: Memory Usage (791632K) : pad has 0 polygons
"polygons" in: layers_def.drc:27
    Polygons (raw): 0 (flat)  0 (hierarchical)
    Elapsed: 0.000s  Memory: 773.00M
"merged" in: layers_def.drc:28
    Polygons (raw): 0 (flat)  0 (hierarchical)
    Elapsed: 0.000s  Memory: 773.00M
2026-08-28 19:34:44 +0200: Memory Usage (791632K) : ubmpperi has 0 polygons
"polygons" in: layers_def.drc:27
    Polygons (raw): 0 (flat)  0 (hierarchical)
    Elapsed: 0.000s  Memory: 773.00M
"merged" in: layers_def.drc:28
    Polygons (raw): 0 (flat)  0 (hierarchical)
    Elapsed: 0.000s  Memory: 773.00M
2026-08-28 19:34:44 +0200: Memory Usage (791632K) : ubmparray has 0 polygons
"polygons" in: layers_def.drc:27
    Polygons (raw): 0 (flat)  0 (hierarchical)
    Elapsed: 0.000s  Memory: 773.00M
"merged" in: layers_def.drc:28
    Polygons (raw): 0 (flat)  0 (hierarchical)
    Elapsed: 0.000s  Memory: 773.00M
2026-08-28 19:34:44 +0200: Memory Usage (791632K) : ubmeplate has 0 polygons
"polygons" in: layers_def.drc:27
    Polygons (raw): 0 (flat)  0 (hierarchical)
    Elapsed: 0.000s  Memory: 773.00M
"merged" in: layers_def.drc:28
    Polygons (raw): 0 (flat)  0 (hierarchical)
    Elapsed: 0.000s  Memory: 773.00M
2026-08-28 19:34:44 +0200: Memory Usage (791632K) : metal1_res has 0 polygons
"polygons" in: layers_def.drc:27
    Polygons (raw): 0 (flat)  0 (hierarchical)
    Elapsed: 0.000s  Memory: 773.00M
"merged" in: layers_def.drc:28
    Polygons (raw): 0 (flat)  0 (hierarchical)
    Elapsed: 0.000s  Memory: 773.00M
2026-08-28 19:34:44 +0200: Memory Usage (791632K) : metal2_res has 0 polygons
"polygons" in: layers_def.drc:27
    Polygons (raw): 0 (flat)  0 (hierarchical)
    Elapsed: 0.000s  Memory: 773.00M
"merged" in: layers_def.drc:28
    Polygons (raw): 0 (flat)  0 (hierarchical)
    Elapsed: 0.000s  Memory: 773.00M
2026-08-28 19:34:44 +0200: Memory Usage (791632K) : metal3_res has 0 polygons
"polygons" in: layers_def.drc:27
    Polygons (raw): 0 (flat)  0 (hierarchical)
    Elapsed: 0.000s  Memory: 773.00M
"merged" in: layers_def.drc:28
    Polygons (raw): 0 (flat)  0 (hierarchical)
    Elapsed: 0.000s  Memory: 773.00M
2026-08-28 19:34:44 +0200: Memory Usage (791632K) : metal4_res has 0 polygons
"polygons" in: layers_def.drc:27
    Polygons (raw): 0 (flat)  0 (hierarchical)
    Elapsed: 0.000s  Memory: 773.00M
"merged" in: layers_def.drc:28
    Polygons (raw): 0 (flat)  0 (hierarchical)
    Elapsed: 0.000s  Memory: 773.00M
2026-08-28 19:34:44 +0200: Memory Usage (791632K) : metal5_res has 0 polygons
"polygons" in: layers_def.drc:27
    Polygons (raw): 0 (flat)  0 (hierarchical)
    Elapsed: 0.000s  Memory: 773.00M
"merged" in: layers_def.drc:28
    Polygons (raw): 0 (flat)  0 (hierarchical)
    Elapsed: 0.000s  Memory: 773.00M
2026-08-28 19:34:44 +0200: Memory Usage (791632K) : metal6_res has 0 polygons
"polygons" in: layers_def.drc:27
    Polygons (raw): 64345 (flat)  137 (hierarchical)
    Elapsed: 0.000s  Memory: 773.00M
"merged" in: layers_def.drc:28
    Polygons (raw): 1 (flat)  1 (hierarchical)
    Elapsed: 0.230s  Memory: 790.00M
2026-08-28 19:34:44 +0200: Memory Usage (809760K) : pr_bndry has 1 polygons
"polygons" in: layers_def.drc:27
    Polygons (raw): 0 (flat)  0 (hierarchical)
    Elapsed: 0.000s  Memory: 790.00M
"merged" in: layers_def.drc:28
    Polygons (raw): 0 (flat)  0 (hierarchical)
    Elapsed: 0.000s  Memory: 790.00M
2026-08-28 19:34:44 +0200: Memory Usage (809760K) : border has 0 polygons
2026-08-28 19:34:44 +0200: Memory Usage (809760K) : Total no. of polygons in the design is 2377267
2026-08-28 19:34:44 +0200: Memory Usage (809760K) : Starting deriving base layers.
"-" in: mslot_unified.drc:196
    Polygons (raw): 0 (flat)  0 (hierarchical)
    Elapsed: 0.000s  Memory: 790.00M
"&" in: mslot_unified.drc:197
    Polygons (raw): 0 (flat)  0 (hierarchical)
    Elapsed: 0.000s  Memory: 790.00M
"join" in: mslot_unified.drc:199
    Polygons (raw): 422 (flat)  422 (hierarchical)
    Elapsed: 0.000s  Memory: 790.00M
"&" in: mslot_unified.drc:201
    Polygons (raw): 107454 (flat)  107454 (hierarchical)
    Elapsed: 0.540s  Memory: 790.00M
"&" in: mslot_unified.drc:202
    Polygons (raw): 109184 (flat)  109184 (hierarchical)
    Elapsed: 0.510s  Memory: 793.00M
"&" in: mslot_unified.drc:203
    Polygons (raw): 343194 (flat)  343194 (hierarchical)
    Elapsed: 1.810s  Memory: 866.00M
"-" in: mslot_unified.drc:203
    Polygons (raw): 343194 (flat)  343194 (hierarchical)
    Elapsed: 0.020s  Memory: 866.00M
"-" in: mslot_unified.drc:205
    Polygons (raw): 98280 (flat)  98280 (hierarchical)
    Elapsed: 0.250s  Memory: 887.00M
"&" in: mslot_unified.drc:206
    Polygons (raw): 175506 (flat)  175506 (hierarchical)
    Elapsed: 0.900s  Memory: 928.00M
"interacting" in: mslot_unified.drc:207
    Polygons (raw): 98252 (flat)  98252 (hierarchical)
    Elapsed: 1.150s  Memory: 982.00M
"-" in: mslot_unified.drc:207
    Polygons (raw): 271614 (flat)  271614 (hierarchical)
    Elapsed: 0.640s  Memory: 1015.00M
"-" in: mslot_unified.drc:207
    Polygons (raw): 271614 (flat)  271614 (hierarchical)
    Elapsed: 0.030s  Memory: 1015.00M
"-" in: mslot_unified.drc:208
    Polygons (raw): 9274 (flat)  9274 (hierarchical)
    Elapsed: 0.230s  Memory: 1015.00M
"-" in: mslot_unified.drc:208
    Polygons (raw): 9274 (flat)  9274 (hierarchical)
    Elapsed: 0.000s  Memory: 1015.00M
"&" in: mslot_unified.drc:210
    Polygons (raw): 99910 (flat)  99910 (hierarchical)
    Elapsed: 0.240s  Memory: 1015.00M
"&" in: mslot_unified.drc:211
    Polygons (raw): 167688 (flat)  167688 (hierarchical)
    Elapsed: 0.710s  Memory: 1043.00M
"interacting" in: mslot_unified.drc:212
    Polygons (raw): 99884 (flat)  99884 (hierarchical)
    Elapsed: 1.010s  Memory: 1052.00M
"-" in: mslot_unified.drc:212
    Polygons (raw): 267572 (flat)  267572 (hierarchical)
    Elapsed: 0.560s  Memory: 1076.00M
"-" in: mslot_unified.drc:212
    Polygons (raw): 267572 (flat)  267572 (hierarchical)
    Elapsed: 0.030s  Memory: 1076.00M
"&" in: mslot_unified.drc:213
    Polygons (raw): 9174 (flat)  9174 (hierarchical)
    Elapsed: 0.180s  Memory: 1076.00M
"-" in: mslot_unified.drc:213
    Polygons (raw): 9174 (flat)  9174 (hierarchical)
    Elapsed: 0.000s  Memory: 1076.00M
"&" in: mslot_unified.drc:215
    Polygons (raw): 0 (flat)  0 (hierarchical)
    Elapsed: 0.000s  Memory: 1076.00M
"&" in: mslot_unified.drc:216
    Polygons (raw): 0 (flat)  0 (hierarchical)
    Elapsed: 0.000s  Memory: 1076.00M
"outside" in: mslot_unified.drc:216
    Polygons (raw): 0 (flat)  0 (hierarchical)
    Elapsed: 0.000s  Memory: 1076.00M
"&" in: mslot_unified.drc:218
    Polygons (raw): 0 (flat)  0 (hierarchical)
    Elapsed: 0.010s  Memory: 1076.00M
"&" in: mslot_unified.drc:219
    Polygons (raw): 0 (flat)  0 (hierarchical)
    Elapsed: 0.000s  Memory: 1076.00M
"&" in: mslot_unified.drc:221
    Polygons (raw): 0 (flat)  0 (hierarchical)
    Elapsed: 0.000s  Memory: 1076.00M
"interacting" in: mslot_unified.drc:221
    Polygons (raw): 0 (flat)  0 (hierarchical)
    Elapsed: 0.000s  Memory: 1076.00M
"-" in: mslot_unified.drc:221
    Polygons (raw): 0 (flat)  0 (hierarchical)
    Elapsed: 0.000s  Memory: 1076.00M
"-" in: mslot_unified.drc:221
    Polygons (raw): 0 (flat)  0 (hierarchical)
    Elapsed: 0.000s  Memory: 1076.00M
"&" in: mslot_unified.drc:222
    Polygons (raw): 0 (flat)  0 (hierarchical)
    Elapsed: 0.000s  Memory: 1076.00M
"interacting" in: mslot_unified.drc:222
    Polygons (raw): 0 (flat)  0 (hierarchical)
    Elapsed: 0.000s  Memory: 1076.00M
"-" in: mslot_unified.drc:222
    Polygons (raw): 0 (flat)  0 (hierarchical)
    Elapsed: 0.000s  Memory: 1076.00M
"-" in: mslot_unified.drc:222
    Polygons (raw): 0 (flat)  0 (hierarchical)
    Elapsed: 0.000s  Memory: 1076.00M
"&" in: mslot_unified.drc:224
    Polygons (raw): 0 (flat)  0 (hierarchical)
    Elapsed: 0.000s  Memory: 1076.00M
"-" in: mslot_unified.drc:227
    Polygons (raw): 0 (flat)  0 (hierarchical)
    Elapsed: 0.620s  Memory: 1076.00M
"&" in: mslot_unified.drc:228
    Polygons (raw): 343194 (flat)  343194 (hierarchical)
    Elapsed: 0.840s  Memory: 1028.00M
"&" in: mslot_unified.drc:230
    Polygons (raw): 175506 (flat)  175506 (hierarchical)
    Elapsed: 0.390s  Memory: 1034.00M
"&" in: mslot_unified.drc:231
    Polygons (raw): 167688 (flat)  167688 (hierarchical)
    Elapsed: 0.400s  Memory: 1041.00M
"&" in: mslot_unified.drc:233
    Polygons (raw): 175506 (flat)  175506 (hierarchical)
    Elapsed: 0.480s  Memory: 1062.00M
"&" in: mslot_unified.drc:234
    Polygons (raw): 167688 (flat)  167688 (hierarchical)
    Elapsed: 0.440s  Memory: 1077.00M
"-" in: mslot_unified.drc:236
    Polygons (raw): 0 (flat)  0 (hierarchical)
    Elapsed: 0.310s  Memory: 1077.00M
"-" in: mslot_unified.drc:237
    Polygons (raw): 0 (flat)  0 (hierarchical)
    Elapsed: 0.290s  Memory: 1077.00M
"not_interacting" in: mslot_unified.drc:240
    Polygons (raw): 0 (flat)  0 (hierarchical)
    Elapsed: 0.020s  Memory: 1077.00M
"not_interacting" in: mslot_unified.drc:240
    Polygons (raw): 0 (flat)  0 (hierarchical)
    Elapsed: 0.000s  Memory: 1077.00M
"overlapping" in: mslot_unified.drc:241
    Polygons (raw): 0 (flat)  0 (hierarchical)
    Elapsed: 0.000s  Memory: 1077.00M
"interacting" in: mslot_unified.drc:244
    Polygons (raw): 0 (flat)  0 (hierarchical)
    Elapsed: 0.000s  Memory: 1077.00M
"not_interacting" in: mslot_unified.drc:245
    Polygons (raw): 307 (flat)  307 (hierarchical)
    Elapsed: 0.000s  Memory: 1077.00M
"&" in: mslot_unified.drc:247
    Polygons (raw): 0 (flat)  0 (hierarchical)
    Elapsed: 0.000s  Memory: 1077.00M
"&" in: mslot_unified.drc:248
    Polygons (raw): 0 (flat)  0 (hierarchical)
    Elapsed: 0.000s  Memory: 1077.00M
"interacting" in: mslot_unified.drc:251
    Polygons (raw): 0 (flat)  0 (hierarchical)
    Elapsed: 0.000s  Memory: 1077.00M
"not_interacting" in: mslot_unified.drc:252
    Polygons (raw): 422 (flat)  422 (hierarchical)
    Elapsed: 0.000s  Memory: 1077.00M
"extent" in: mslot_unified.drc:410
    Polygons (raw): 0 (flat)  0 (hierarchical)
    Elapsed: 0.000s  Memory: 1077.00M
"sized" in: mslot_unified.drc:410
    Polygons (raw): 1 (flat)  1 (hierarchical)
    Elapsed: 0.000s  Memory: 1077.00M
"area" in: mslot_unified.drc:411
    Elapsed: 0.000s  Memory: 1077.00M
2026-08-28 19:34:57 +0200: Memory Usage (1103160K) : Total area of the design is 1859250.0 um^2.
2026-08-28 19:34:57 +0200: Memory Usage (1103160K) : Starting GF180MCU DRC rules.
2026-08-28 19:34:57 +0200: Memory Usage (1103160K) : Running all FEOL rules
2026-08-28 19:34:57 +0200: Memory Usage (1103160K) : Running all BEOL rules
2026-08-28 19:34:57 +0200: Memory Usage (1103160K) : Starting Metal Slotting rules derivations
"&" in: mslot_unified.drc:454
    Polygons (raw): 0 (flat)  0 (hierarchical)
    Elapsed: 0.000s  Memory: 1077.00M
"sized" in: mslot_unified.drc:454
    Polygons (raw): 0 (flat)  0 (hierarchical)
    Elapsed: 0.000s  Memory: 1077.00M
"&" in: mslot_unified.drc:455
    Polygons (raw): 0 (flat)  0 (hierarchical)
    Elapsed: 0.000s  Memory: 1077.00M
"sized" in: mslot_unified.drc:455
    Polygons (raw): 0 (flat)  0 (hierarchical)
    Elapsed: 0.000s  Memory: 1077.00M
"&" in: mslot_unified.drc:456
    Polygons (raw): 0 (flat)  0 (hierarchical)
    Elapsed: 0.000s  Memory: 1077.00M
"sized" in: mslot_unified.drc:456
    Polygons (raw): 0 (flat)  0 (hierarchical)
    Elapsed: 0.000s  Memory: 1077.00M
"&" in: mslot_unified.drc:457
    Polygons (raw): 0 (flat)  0 (hierarchical)
    Elapsed: 0.000s  Memory: 1077.00M
"sized" in: mslot_unified.drc:457
    Polygons (raw): 0 (flat)  0 (hierarchical)
    Elapsed: 0.000s  Memory: 1077.00M
"&" in: mslot_unified.drc:457
    Polygons (raw): 0 (flat)  0 (hierarchical)
    Elapsed: 0.000s  Memory: 1077.00M
"sized" in: mslot_unified.drc:457
    Polygons (raw): 0 (flat)  0 (hierarchical)
    Elapsed: 0.000s  Memory: 1077.00M
"|" in: mslot_unified.drc:457
    Polygons (raw): 0 (flat)  0 (hierarchical)
    Elapsed: 0.000s  Memory: 1077.00M
"&" in: mslot_unified.drc:457
    Polygons (raw): 0 (flat)  0 (hierarchical)
    Elapsed: 0.000s  Memory: 1077.00M
"sized" in: mslot_unified.drc:457
    Polygons (raw): 0 (flat)  0 (hierarchical)
    Elapsed: 0.000s  Memory: 1077.00M
"|" in: mslot_unified.drc:457
    Polygons (raw): 0 (flat)  0 (hierarchical)
    Elapsed: 0.000s  Memory: 1077.00M
"|" in: mslot_unified.drc:459
    Polygons (raw): 0 (flat)  0 (hierarchical)
    Elapsed: 0.000s  Memory: 1077.00M
"|" in: mslot_unified.drc:459
    Polygons (raw): 0 (flat)  0 (hierarchical)
    Elapsed: 0.000s  Memory: 1077.00M
"|" in: mslot_unified.drc:459
    Polygons (raw): 0 (flat)  0 (hierarchical)
    Elapsed: 0.000s  Memory: 1077.00M
2026-08-28 19:34:57 +0200: Memory Usage (1103160K) : Checking slots for: metal1
"-" in: mslot_unified.drc:470
    Polygons (raw): 251861 (flat)  251861 (hierarchical)
    Elapsed: 0.020s  Memory: 1077.00M
"-" in: mslot_unified.drc:470
    Polygons (raw): 251861 (flat)  251861 (hierarchical)
    Elapsed: 0.020s  Memory: 1108.00M
"sized" in: mslot_unified.drc:470
    Polygons (raw): 1380000 (flat)  1380000 (hierarchical)
    Elapsed: 2.100s  Memory: 1289.00M
"-" in: mslot_unified.drc:470
    Polygons (raw): 287676 (flat)  287676 (hierarchical)
    Elapsed: 8.610s  Memory: 1430.00M
"sized" in: mslot_unified.drc:470
    Polygons (raw): 96410 (flat)  96410 (hierarchical)
    Elapsed: 0.210s  Memory: 1377.00M
"-" in: mslot_unified.drc:470
    Polygons (raw): 288179 (flat)  288179 (hierarchical)
    Elapsed: 2.190s  Memory: 1377.00M
"rectangles" in: mslot_unified.drc:471
    Polygons (raw): 0 (flat)  0 (hierarchical)
    Elapsed: 0.050s  Memory: 1377.00M
"non_rectangles" in: mslot_unified.drc:472
    Polygons (raw): 0 (flat)  0 (hierarchical)
    Elapsed: 0.000s  Memory: 1377.00M
"output" in: mslot_unified.drc:475
    Polygons (raw): 0 (flat)  0 (hierarchical)
    Elapsed: 0.000s  Memory: 1377.00M
2026-08-28 19:35:10 +0200: Memory Usage (1410908K) : Executing rule MSLOT.1
"sized" in: mslot_unified.drc:479
    Polygons (raw): 66 (flat)  66 (hierarchical)
    Elapsed: 2.550s  Memory: 1377.00M
"sized" in: mslot_unified.drc:479
    Polygons (raw): 0 (flat)  0 (hierarchical)
    Elapsed: 0.020s  Memory: 1377.00M
"sized" in: mslot_unified.drc:479
    Polygons (raw): 0 (flat)  0 (hierarchical)
    Elapsed: 0.000s  Memory: 1377.00M
"sized" in: mslot_unified.drc:479
    Polygons (raw): 0 (flat)  0 (hierarchical)
    Elapsed: 0.000s  Memory: 1377.00M
"output" in: mslot_unified.drc:480
    Polygons (raw): 0 (flat)  0 (hierarchical)
    Elapsed: 0.000s  Memory: 1377.00M
2026-08-28 19:35:13 +0200: Memory Usage (1410908K) : Executing rule MSLOT.2
"drc" in: mslot_unified.drc:485
    Polygons (raw): 0 (flat)  0 (hierarchical)
    Elapsed: 0.000s  Memory: 1377.00M
"output" in: mslot_unified.drc:486
    Polygons (raw): 0 (flat)  0 (hierarchical)
    Elapsed: 0.000s  Memory: 1377.00M
2026-08-28 19:35:13 +0200: Memory Usage (1410908K) : Executing rule MSLOT.3
"drc" in: mslot_unified.drc:491
    Polygons (raw): 0 (flat)  0 (hierarchical)
    Elapsed: 0.000s  Memory: 1377.00M
"output" in: mslot_unified.drc:492
    Polygons (raw): 0 (flat)  0 (hierarchical)
    Elapsed: 0.000s  Memory: 1377.00M
2026-08-28 19:35:13 +0200: Memory Usage (1410908K) : Executing rule MSLOT.4
"drc" in: mslot_unified.drc:497
    Edge pairs: 0 (flat)  0 (hierarchical)
    Elapsed: 0.000s  Memory: 1377.00M
"output" in: mslot_unified.drc:498
    Edge pairs: 0 (flat)  0 (hierarchical)
    Elapsed: 0.000s  Memory: 1377.00M
2026-08-28 19:35:13 +0200: Memory Usage (1410908K) : Executing rule MSLOT.5
"drc" in: mslot_unified.drc:503
    Edge pairs: 0 (flat)  0 (hierarchical)
    Elapsed: 0.000s  Memory: 1377.00M
"output" in: mslot_unified.drc:504
    Edge pairs: 0 (flat)  0 (hierarchical)
    Elapsed: 0.000s  Memory: 1377.00M
2026-08-28 19:35:13 +0200: Memory Usage (1410908K) : Executing rule MSLOT.7
"drc" in: mslot_unified.drc:509
    Edge pairs: 0 (flat)  0 (hierarchical)
    Elapsed: 0.000s  Memory: 1377.00M
"output" in: mslot_unified.drc:510
    Edge pairs: 0 (flat)  0 (hierarchical)
    Elapsed: 0.000s  Memory: 1377.00M
2026-08-28 19:35:13 +0200: Memory Usage (1410908K) : Executing rule MSLOT.8
"drc" in: mslot_unified.drc:515
    Edge pairs: 0 (flat)  0 (hierarchical)
    Elapsed: 0.000s  Memory: 1377.00M
"output" in: mslot_unified.drc:516
    Edge pairs: 0 (flat)  0 (hierarchical)
    Elapsed: 0.000s  Memory: 1377.00M
2026-08-28 19:35:13 +0200: Memory Usage (1410908K) : Executing rule MSLOT.9
"drc" in: mslot_unified.drc:521
    Edge pairs: 0 (flat)  0 (hierarchical)
    Elapsed: 0.000s  Memory: 1377.00M
"output" in: mslot_unified.drc:522
    Edge pairs: 0 (flat)  0 (hierarchical)
    Elapsed: 0.000s  Memory: 1377.00M
2026-08-28 19:35:13 +0200: Memory Usage (1410908K) : Checking slots for: metal2
"-" in: mslot_unified.drc:470
    Polygons (raw): 51071 (flat)  51071 (hierarchical)
    Elapsed: 0.010s  Memory: 1377.00M
"-" in: mslot_unified.drc:470
    Polygons (raw): 51071 (flat)  51071 (hierarchical)
    Elapsed: 0.000s  Memory: 1377.00M
"sized" in: mslot_unified.drc:470
    Polygons (raw): 96410 (flat)  96410 (hierarchical)
    Elapsed: 0.090s  Memory: 1377.00M
"-" in: mslot_unified.drc:470
    Polygons (raw): 53296 (flat)  53296 (hierarchical)
    Elapsed: 0.730s  Memory: 1386.00M
"sized" in: mslot_unified.drc:470
    Polygons (raw): 93152 (flat)  93152 (hierarchical)
    Elapsed: 0.150s  Memory: 1386.00M
"-" in: mslot_unified.drc:470
    Polygons (raw): 53769 (flat)  53769 (hierarchical)
    Elapsed: 0.630s  Memory: 1386.00M
"rectangles" in: mslot_unified.drc:471
    Polygons (raw): 0 (flat)  0 (hierarchical)
    Elapsed: 0.020s  Memory: 1386.00M
"non_rectangles" in: mslot_unified.drc:472
    Polygons (raw): 0 (flat)  0 (hierarchical)
    Elapsed: 0.000s  Memory: 1386.00M
"output" in: mslot_unified.drc:475
    Polygons (raw): 0 (flat)  0 (hierarchical)
    Elapsed: 0.000s  Memory: 1386.00M
2026-08-28 19:35:14 +0200: Memory Usage (1420264K) : Executing rule MSLOT.1
"sized" in: mslot_unified.drc:479
    Polygons (raw): 4544 (flat)  4544 (hierarchical)
    Elapsed: 0.310s  Memory: 1386.00M
"sized" in: mslot_unified.drc:479
    Polygons (raw): 0 (flat)  0 (hierarchical)
    Elapsed: 0.020s  Memory: 1386.00M
"sized" in: mslot_unified.drc:479
    Polygons (raw): 0 (flat)  0 (hierarchical)
    Elapsed: 0.000s  Memory: 1386.00M
"sized" in: mslot_unified.drc:479
    Polygons (raw): 0 (flat)  0 (hierarchical)
    Elapsed: 0.000s  Memory: 1386.00M
"output" in: mslot_unified.drc:480
    Polygons (raw): 0 (flat)  0 (hierarchical)
    Elapsed: 0.000s  Memory: 1386.00M
2026-08-28 19:35:15 +0200: Memory Usage (1420264K) : Executing rule MSLOT.2
"drc" in: mslot_unified.drc:485
    Polygons (raw): 0 (flat)  0 (hierarchical)
    Elapsed: 0.000s  Memory: 1386.00M
"output" in: mslot_unified.drc:486
    Polygons (raw): 0 (flat)  0 (hierarchical)
    Elapsed: 0.000s  Memory: 1386.00M
2026-08-28 19:35:15 +0200: Memory Usage (1420264K) : Executing rule MSLOT.3
"drc" in: mslot_unified.drc:491
    Polygons (raw): 0 (flat)  0 (hierarchical)
    Elapsed: 0.000s  Memory: 1386.00M
"output" in: mslot_unified.drc:492
    Polygons (raw): 0 (flat)  0 (hierarchical)
    Elapsed: 0.000s  Memory: 1386.00M
2026-08-28 19:35:15 +0200: Memory Usage (1420264K) : Executing rule MSLOT.4
"drc" in: mslot_unified.drc:497
    Edge pairs: 0 (flat)  0 (hierarchical)
    Elapsed: 0.000s  Memory: 1386.00M
"output" in: mslot_unified.drc:498
    Edge pairs: 0 (flat)  0 (hierarchical)
    Elapsed: 0.000s  Memory: 1386.00M
2026-08-28 19:35:15 +0200: Memory Usage (1420264K) : Executing rule MSLOT.5
"drc" in: mslot_unified.drc:503
    Edge pairs: 0 (flat)  0 (hierarchical)
    Elapsed: 0.000s  Memory: 1386.00M
"output" in: mslot_unified.drc:504
    Edge pairs: 0 (flat)  0 (hierarchical)
    Elapsed: 0.000s  Memory: 1386.00M
2026-08-28 19:35:15 +0200: Memory Usage (1420264K) : Executing rule MSLOT.7
"drc" in: mslot_unified.drc:509
    Edge pairs: 0 (flat)  0 (hierarchical)
    Elapsed: 0.000s  Memory: 1386.00M
"output" in: mslot_unified.drc:510
    Edge pairs: 0 (flat)  0 (hierarchical)
    Elapsed: 0.000s  Memory: 1386.00M
2026-08-28 19:35:15 +0200: Memory Usage (1420264K) : Executing rule MSLOT.8
"drc" in: mslot_unified.drc:515
    Edge pairs: 0 (flat)  0 (hierarchical)
    Elapsed: 0.000s  Memory: 1386.00M
"output" in: mslot_unified.drc:516
    Edge pairs: 0 (flat)  0 (hierarchical)
    Elapsed: 0.000s  Memory: 1386.00M
2026-08-28 19:35:15 +0200: Memory Usage (1420264K) : Executing rule MSLOT.9
"drc" in: mslot_unified.drc:521
    Edge pairs: 0 (flat)  0 (hierarchical)
    Elapsed: 0.000s  Memory: 1386.00M
"output" in: mslot_unified.drc:522
    Edge pairs: 0 (flat)  0 (hierarchical)
    Elapsed: 0.000s  Memory: 1386.00M
2026-08-28 19:35:15 +0200: Memory Usage (1420264K) : Checking slots for: metal3
"-" in: mslot_unified.drc:470
    Polygons (raw): 25645 (flat)  25645 (hierarchical)
    Elapsed: 0.000s  Memory: 1386.00M
"-" in: mslot_unified.drc:470
    Polygons (raw): 25645 (flat)  25645 (hierarchical)
    Elapsed: 0.000s  Memory: 1386.00M
"sized" in: mslot_unified.drc:470
    Polygons (raw): 93152 (flat)  93152 (hierarchical)
    Elapsed: 0.090s  Memory: 1386.00M
"-" in: mslot_unified.drc:470
    Polygons (raw): 30529 (flat)  30529 (hierarchical)
    Elapsed: 0.380s  Memory: 1386.00M
"sized" in: mslot_unified.drc:470
    Polygons (raw): 12363 (flat)  12363 (hierarchical)
    Elapsed: 0.040s  Memory: 1386.00M
"-" in: mslot_unified.drc:470
    Polygons (raw): 30646 (flat)  30646 (hierarchical)
    Elapsed: 0.100s  Memory: 1386.00M
"rectangles" in: mslot_unified.drc:471
    Polygons (raw): 0 (flat)  0 (hierarchical)
    Elapsed: 0.000s  Memory: 1386.00M
"non_rectangles" in: mslot_unified.drc:472
    Polygons (raw): 0 (flat)  0 (hierarchical)
    Elapsed: 0.000s  Memory: 1386.00M
"output" in: mslot_unified.drc:475
    Polygons (raw): 0 (flat)  0 (hierarchical)
    Elapsed: 0.000s  Memory: 1386.00M
2026-08-28 19:35:15 +0200: Memory Usage (1420264K) : Executing rule MSLOT.1
"sized" in: mslot_unified.drc:479
    Polygons (raw): 1 (flat)  1 (hierarchical)
    Elapsed: 0.160s  Memory: 1386.00M
"sized" in: mslot_unified.drc:479
    Polygons (raw): 0 (flat)  0 (hierarchical)
    Elapsed: 0.000s  Memory: 1386.00M
"sized" in: mslot_unified.drc:479
    Polygons (raw): 0 (flat)  0 (hierarchical)
    Elapsed: 0.000s  Memory: 1386.00M
"sized" in: mslot_unified.drc:479
    Polygons (raw): 0 (flat)  0 (hierarchical)
    Elapsed: 0.000s  Memory: 1386.00M
"output" in: mslot_unified.drc:480
    Polygons (raw): 0 (flat)  0 (hierarchical)
    Elapsed: 0.000s  Memory: 1386.00M
2026-08-28 19:35:15 +0200: Memory Usage (1420264K) : Executing rule MSLOT.2
"drc" in: mslot_unified.drc:485
    Polygons (raw): 0 (flat)  0 (hierarchical)
    Elapsed: 0.000s  Memory: 1386.00M
"output" in: mslot_unified.drc:486
    Polygons (raw): 0 (flat)  0 (hierarchical)
    Elapsed: 0.000s  Memory: 1386.00M
2026-08-28 19:35:15 +0200: Memory Usage (1420264K) : Executing rule MSLOT.3
"drc" in: mslot_unified.drc:491
    Polygons (raw): 0 (flat)  0 (hierarchical)
    Elapsed: 0.000s  Memory: 1386.00M
"output" in: mslot_unified.drc:492
    Polygons (raw): 0 (flat)  0 (hierarchical)
    Elapsed: 0.000s  Memory: 1386.00M
2026-08-28 19:35:15 +0200: Memory Usage (1420264K) : Executing rule MSLOT.4
"drc" in: mslot_unified.drc:497
    Edge pairs: 0 (flat)  0 (hierarchical)
    Elapsed: 0.000s  Memory: 1386.00M
"output" in: mslot_unified.drc:498
    Edge pairs: 0 (flat)  0 (hierarchical)
    Elapsed: 0.000s  Memory: 1386.00M
2026-08-28 19:35:15 +0200: Memory Usage (1420264K) : Executing rule MSLOT.5
"drc" in: mslot_unified.drc:503
    Edge pairs: 0 (flat)  0 (hierarchical)
    Elapsed: 0.000s  Memory: 1386.00M
"output" in: mslot_unified.drc:504
    Edge pairs: 0 (flat)  0 (hierarchical)
    Elapsed: 0.000s  Memory: 1386.00M
2026-08-28 19:35:15 +0200: Memory Usage (1420264K) : Executing rule MSLOT.7
"drc" in: mslot_unified.drc:509
    Edge pairs: 0 (flat)  0 (hierarchical)
    Elapsed: 0.000s  Memory: 1386.00M
"output" in: mslot_unified.drc:510
    Edge pairs: 0 (flat)  0 (hierarchical)
    Elapsed: 0.000s  Memory: 1386.00M
2026-08-28 19:35:15 +0200: Memory Usage (1420264K) : Executing rule MSLOT.8
"drc" in: mslot_unified.drc:515
    Edge pairs: 0 (flat)  0 (hierarchical)
    Elapsed: 0.000s  Memory: 1386.00M
"output" in: mslot_unified.drc:516
    Edge pairs: 0 (flat)  0 (hierarchical)
    Elapsed: 0.000s  Memory: 1386.00M
2026-08-28 19:35:15 +0200: Memory Usage (1420264K) : Executing rule MSLOT.9
"drc" in: mslot_unified.drc:521
    Edge pairs: 0 (flat)  0 (hierarchical)
    Elapsed: 0.000s  Memory: 1386.00M
"output" in: mslot_unified.drc:522
    Edge pairs: 0 (flat)  0 (hierarchical)
    Elapsed: 0.000s  Memory: 1386.00M
2026-08-28 19:35:15 +0200: Memory Usage (1420264K) : Checking slots for: metal4
"-" in: mslot_unified.drc:470
    Polygons (raw): 2332 (flat)  2332 (hierarchical)
    Elapsed: 0.000s  Memory: 1386.00M
"-" in: mslot_unified.drc:470
    Polygons (raw): 2332 (flat)  2332 (hierarchical)
    Elapsed: 0.000s  Memory: 1386.00M
"sized" in: mslot_unified.drc:470
    Polygons (raw): 12363 (flat)  12363 (hierarchical)
    Elapsed: 0.010s  Memory: 1386.00M
"-" in: mslot_unified.drc:470
    Polygons (raw): 4915 (flat)  4915 (hierarchical)
    Elapsed: 0.060s  Memory: 1386.00M
"sized" in: mslot_unified.drc:470
    Polygons (raw): 2643 (flat)  2643 (hierarchical)
    Elapsed: 0.010s  Memory: 1386.00M
"-" in: mslot_unified.drc:470
    Polygons (raw): 4996 (flat)  4996 (hierarchical)
    Elapsed: 0.030s  Memory: 1386.00M
"rectangles" in: mslot_unified.drc:471
    Polygons (raw): 0 (flat)  0 (hierarchical)
    Elapsed: 0.000s  Memory: 1386.00M
"non_rectangles" in: mslot_unified.drc:472
    Polygons (raw): 0 (flat)  0 (hierarchical)
    Elapsed: 0.000s  Memory: 1386.00M
"output" in: mslot_unified.drc:475
    Polygons (raw): 0 (flat)  0 (hierarchical)
    Elapsed: 0.000s  Memory: 1386.00M
2026-08-28 19:35:16 +0200: Memory Usage (1420264K) : Executing rule MSLOT.1
"sized" in: mslot_unified.drc:479
    Polygons (raw): 1468 (flat)  1468 (hierarchical)
    Elapsed: 0.010s  Memory: 1386.00M
"sized" in: mslot_unified.drc:479
    Polygons (raw): 0 (flat)  0 (hierarchical)
    Elapsed: 0.010s  Memory: 1386.00M
"sized" in: mslot_unified.drc:479
    Polygons (raw): 0 (flat)  0 (hierarchical)
    Elapsed: 0.000s  Memory: 1386.00M
"sized" in: mslot_unified.drc:479
    Polygons (raw): 0 (flat)  0 (hierarchical)
    Elapsed: 0.000s  Memory: 1386.00M
"output" in: mslot_unified.drc:480
    Polygons (raw): 0 (flat)  0 (hierarchical)
    Elapsed: 0.000s  Memory: 1386.00M
2026-08-28 19:35:16 +0200: Memory Usage (1420264K) : Executing rule MSLOT.2
"drc" in: mslot_unified.drc:485
    Polygons (raw): 0 (flat)  0 (hierarchical)
    Elapsed: 0.000s  Memory: 1386.00M
"output" in: mslot_unified.drc:486
    Polygons (raw): 0 (flat)  0 (hierarchical)
    Elapsed: 0.000s  Memory: 1386.00M
2026-08-28 19:35:16 +0200: Memory Usage (1420264K) : Executing rule MSLOT.3
"drc" in: mslot_unified.drc:491
    Polygons (raw): 0 (flat)  0 (hierarchical)
    Elapsed: 0.000s  Memory: 1386.00M
"output" in: mslot_unified.drc:492
    Polygons (raw): 0 (flat)  0 (hierarchical)
    Elapsed: 0.000s  Memory: 1386.00M
2026-08-28 19:35:16 +0200: Memory Usage (1420264K) : Executing rule MSLOT.4
"drc" in: mslot_unified.drc:497
    Edge pairs: 0 (flat)  0 (hierarchical)
    Elapsed: 0.000s  Memory: 1386.00M
"output" in: mslot_unified.drc:498
    Edge pairs: 0 (flat)  0 (hierarchical)
    Elapsed: 0.000s  Memory: 1386.00M
2026-08-28 19:35:16 +0200: Memory Usage (1420264K) : Executing rule MSLOT.5
"drc" in: mslot_unified.drc:503
    Edge pairs: 0 (flat)  0 (hierarchical)
    Elapsed: 0.000s  Memory: 1386.00M
"output" in: mslot_unified.drc:504
    Edge pairs: 0 (flat)  0 (hierarchical)
    Elapsed: 0.000s  Memory: 1386.00M
2026-08-28 19:35:16 +0200: Memory Usage (1420264K) : Executing rule MSLOT.7
"drc" in: mslot_unified.drc:509
    Edge pairs: 0 (flat)  0 (hierarchical)
    Elapsed: 0.000s  Memory: 1386.00M
"output" in: mslot_unified.drc:510
    Edge pairs: 0 (flat)  0 (hierarchical)
    Elapsed: 0.000s  Memory: 1386.00M
2026-08-28 19:35:16 +0200: Memory Usage (1420264K) : Executing rule MSLOT.8
"drc" in: mslot_unified.drc:515
    Edge pairs: 0 (flat)  0 (hierarchical)
    Elapsed: 0.000s  Memory: 1386.00M
"output" in: mslot_unified.drc:516
    Edge pairs: 0 (flat)  0 (hierarchical)
    Elapsed: 0.000s  Memory: 1386.00M
2026-08-28 19:35:16 +0200: Memory Usage (1420264K) : Executing rule MSLOT.9
"drc" in: mslot_unified.drc:521
    Edge pairs: 0 (flat)  0 (hierarchical)
    Elapsed: 0.000s  Memory: 1386.00M
"output" in: mslot_unified.drc:522
    Edge pairs: 0 (flat)  0 (hierarchical)
    Elapsed: 0.000s  Memory: 1386.00M
2026-08-28 19:35:16 +0200: Memory Usage (1420264K) : Checking slots for: metal5
"-" in: mslot_unified.drc:470
    Polygons (raw): 491 (flat)  491 (hierarchical)
    Elapsed: 0.000s  Memory: 1386.00M
"-" in: mslot_unified.drc:470
    Polygons (raw): 491 (flat)  491 (hierarchical)
    Elapsed: 0.000s  Memory: 1386.00M
"sized" in: mslot_unified.drc:470
    Polygons (raw): 2643 (flat)  2643 (hierarchical)
    Elapsed: 0.000s  Memory: 1386.00M
"-" in: mslot_unified.drc:470
    Polygons (raw): 754 (flat)  754 (hierarchical)
    Elapsed: 0.010s  Memory: 1386.00M
"sized" in: mslot_unified.drc:470
    Polygons (raw): 0 (flat)  0 (hierarchical)
    Elapsed: 0.000s  Memory: 1386.00M
"-" in: mslot_unified.drc:470
    Polygons (raw): 754 (flat)  754 (hierarchical)
    Elapsed: 0.000s  Memory: 1386.00M
"rectangles" in: mslot_unified.drc:471
    Polygons (raw): 0 (flat)  0 (hierarchical)
    Elapsed: 0.000s  Memory: 1386.00M
"non_rectangles" in: mslot_unified.drc:472
    Polygons (raw): 0 (flat)  0 (hierarchical)
    Elapsed: 0.000s  Memory: 1386.00M
"output" in: mslot_unified.drc:475
    Polygons (raw): 0 (flat)  0 (hierarchical)
    Elapsed: 0.000s  Memory: 1386.00M
2026-08-28 19:35:16 +0200: Memory Usage (1420264K) : Executing rule MSLOT.1
"sized" in: mslot_unified.drc:479
    Polygons (raw): 0 (flat)  0 (hierarchical)
    Elapsed: 0.010s  Memory: 1386.00M
"sized" in: mslot_unified.drc:479
    Polygons (raw): 0 (flat)  0 (hierarchical)
    Elapsed: 0.000s  Memory: 1386.00M
"sized" in: mslot_unified.drc:479
    Polygons (raw): 0 (flat)  0 (hierarchical)
    Elapsed: 0.000s  Memory: 1386.00M
"sized" in: mslot_unified.drc:479
    Polygons (raw): 0 (flat)  0 (hierarchical)
    Elapsed: 0.000s  Memory: 1386.00M
"output" in: mslot_unified.drc:480
    Polygons (raw): 0 (flat)  0 (hierarchical)
    Elapsed: 0.000s  Memory: 1386.00M
2026-08-28 19:35:16 +0200: Memory Usage (1420264K) : Executing rule MSLOT.2
"drc" in: mslot_unified.drc:485
    Polygons (raw): 0 (flat)  0 (hierarchical)
    Elapsed: 0.000s  Memory: 1386.00M
"output" in: mslot_unified.drc:486
    Polygons (raw): 0 (flat)  0 (hierarchical)
    Elapsed: 0.000s  Memory: 1386.00M
2026-08-28 19:35:16 +0200: Memory Usage (1420264K) : Executing rule MSLOT.3
"drc" in: mslot_unified.drc:491
    Polygons (raw): 0 (flat)  0 (hierarchical)
    Elapsed: 0.000s  Memory: 1386.00M
"output" in: mslot_unified.drc:492
    Polygons (raw): 0 (flat)  0 (hierarchical)
    Elapsed: 0.010s  Memory: 1386.00M
2026-08-28 19:35:16 +0200: Memory Usage (1420264K) : Executing rule MSLOT.4
"drc" in: mslot_unified.drc:497
    Edge pairs: 0 (flat)  0 (hierarchical)
    Elapsed: 0.000s  Memory: 1386.00M
"output" in: mslot_unified.drc:498
    Edge pairs: 0 (flat)  0 (hierarchical)
    Elapsed: 0.000s  Memory: 1386.00M
2026-08-28 19:35:16 +0200: Memory Usage (1420264K) : Executing rule MSLOT.5
"drc" in: mslot_unified.drc:503
    Edge pairs: 0 (flat)  0 (hierarchical)
    Elapsed: 0.000s  Memory: 1386.00M
"output" in: mslot_unified.drc:504
    Edge pairs: 0 (flat)  0 (hierarchical)
    Elapsed: 0.000s  Memory: 1386.00M
2026-08-28 19:35:16 +0200: Memory Usage (1420264K) : Executing rule MSLOT.7
"drc" in: mslot_unified.drc:509
    Edge pairs: 0 (flat)  0 (hierarchical)
    Elapsed: 0.000s  Memory: 1386.00M
"output" in: mslot_unified.drc:510
    Edge pairs: 0 (flat)  0 (hierarchical)
    Elapsed: 0.000s  Memory: 1386.00M
2026-08-28 19:35:16 +0200: Memory Usage (1420264K) : Executing rule MSLOT.8
"drc" in: mslot_unified.drc:515
    Edge pairs: 0 (flat)  0 (hierarchical)
    Elapsed: 0.000s  Memory: 1386.00M
"output" in: mslot_unified.drc:516
    Edge pairs: 0 (flat)  0 (hierarchical)
    Elapsed: 0.000s  Memory: 1386.00M
2026-08-28 19:35:16 +0200: Memory Usage (1420264K) : Executing rule MSLOT.9
"drc" in: mslot_unified.drc:521
    Edge pairs: 0 (flat)  0 (hierarchical)
    Elapsed: 0.000s  Memory: 1386.00M
"output" in: mslot_unified.drc:522
    Edge pairs: 0 (flat)  0 (hierarchical)
    Elapsed: 0.000s  Memory: 1386.00M
2026-08-28 19:35:16 +0200: Memory Usage (1420264K) : main DRC Total Run time 43.883630609 seconds
Writing report database: /headless/aravindustries-repos/butterfold/butterfold_proto/physical/results/d03_ach_candidate/klayout_mslot_pgfix/butterfold_top_mslot.lyrdb ..
Total elapsed: 43.850s  Memory: 1386.00M
