Reading timing models for corner nom_tt_025C_5v00…
Reading timing library for the 'nom_tt_025C_5v00' corner at '/foss/pdks/gf180mcuD/libs.ref/gf180mcu_fd_sc_mcu7t5v0/lib/gf180mcu_fd_sc_mcu7t5v0__tt_025C_5v00.lib'…
Reading OpenROAD database at '/foss/designs/butterfold/butterfold_proto/pd_flow/standalone_result_serializer/runs/RUN_2026-08-19_05-40-06/41-odb-diodesonports/1-odb-portdiodeplacement/standalone_result_serializer.odb'…
Reading design constraints file at '/foss/designs/butterfold/butterfold_proto/pd_flow/standalone_result_serializer/standalone_result_serializer.sdc'…
[INFO] No information on clock propagation in input SDC file-- propagating all clocks.
+ detailed_placement -max_displacement  500 100 
Placement Analysis
---------------------------------
total displacement       1873.8 u
average displacement        0.2 u
max displacement           34.2 u
original HPWL           29777.9 u
legalized HPWL          31678.8 u
delta HPWL                    6 %

[INFO DPL-0020] Mirrored 231 instances
[INFO DPL-0021] HPWL before           31678.8 u
[INFO DPL-0022] HPWL after            31021.0 u
[INFO DPL-0023] HPWL delta               -2.1 %
Setting global connections for newly added cells…
[INFO] Setting global connections...
[INFO ODB-0403] 496 connections made, 0 conflicts skipped.
Updating metrics…
Cell type report:                       Count       Area
  Endcap cell                             506    2221.54
  Tap cell                               8419   36962.78
  Antenna cell                            124     544.41
  Buffer                                    1      13.17
  Clock buffer                              4     346.84
  Timing Repair Buffer                    172    5606.54
  Inverter                                  5      43.90
  Sequential cell                           7     522.46
  Multi-Input combinational cell          109    2265.45
  Total                                  9347   48527.09
Writing OpenROAD database to '/foss/designs/butterfold/butterfold_proto/pd_flow/standalone_result_serializer/runs/RUN_2026-08-19_05-40-06/41-odb-diodesonports/2-openroad-detailedplacement/standalone_result_serializer.odb'…
Writing netlist to '/foss/designs/butterfold/butterfold_proto/pd_flow/standalone_result_serializer/runs/RUN_2026-08-19_05-40-06/41-odb-diodesonports/2-openroad-detailedplacement/standalone_result_serializer.nl.v'…
Writing powered netlist to '/foss/designs/butterfold/butterfold_proto/pd_flow/standalone_result_serializer/runs/RUN_2026-08-19_05-40-06/41-odb-diodesonports/2-openroad-detailedplacement/standalone_result_serializer.pnl.v'…
Writing layout to '/foss/designs/butterfold/butterfold_proto/pd_flow/standalone_result_serializer/runs/RUN_2026-08-19_05-40-06/41-odb-diodesonports/2-openroad-detailedplacement/standalone_result_serializer.def'…
Writing timing constraints to '/foss/designs/butterfold/butterfold_proto/pd_flow/standalone_result_serializer/runs/RUN_2026-08-19_05-40-06/41-odb-diodesonports/2-openroad-detailedplacement/standalone_result_serializer.sdc'…
