
===========================================================================
Violator List
============================================================================
[setup reg-reg] _20532_/Q -> _21045_/D : -14.302245
[setup reg-reg] _21793_/Q -> u_transform_scheduler_core.u_fft_scratch_sram.u_hi.u_sram/D[6] : -13.199831
[setup reg-reg] _20532_/Q -> _21041_/D : -13.173008
[setup reg-reg] _20532_/Q -> _21042_/D : -12.947553
[setup reg-reg] _20532_/Q -> _21048_/D : -12.768020
[setup reg-reg] _20532_/Q -> _21061_/D : -12.609018
[setup reg-reg] _20532_/Q -> _21071_/D : -12.552011
[setup reg-reg] _20532_/Q -> _21044_/D : -12.513060
[setup reg-reg] _20532_/Q -> _21060_/D : -12.388370
[setup reg-reg] _20532_/Q -> _21051_/D : -12.263179
[setup reg-reg] _20532_/Q -> _21046_/D : -12.211914
[setup reg-reg] _20532_/Q -> _21090_/D : -12.198758
[setup reg-reg] _20532_/Q -> _21066_/D : -12.158040
[setup reg-reg] _21794_/Q -> u_transform_scheduler_core.u_fft_scratch_sram.u_lo.u_sram/D[5] : -12.099655
[setup reg-reg] _21794_/Q -> u_transform_scheduler_core.u_fft_scratch_sram.u_lo.u_sram/D[2] : -12.066025
[setup reg-reg] _21794_/Q -> u_transform_scheduler_core.u_fft_scratch_sram.u_lo.u_sram/D[1] : -12.035571
[setup reg-reg] _20532_/Q -> _21089_/D : -11.975939
[setup reg-reg] _20532_/Q -> _21062_/D : -11.960410
[setup reg-reg] _21794_/Q -> u_transform_scheduler_core.u_fft_scratch_sram.u_lo.u_sram/D[6] : -11.898660
[setup reg-reg] _21794_/Q -> u_transform_scheduler_core.u_fft_scratch_sram.u_lo.u_sram/D[4] : -11.872892
[setup reg-reg] _21794_/Q -> u_transform_scheduler_core.u_fft_scratch_sram.u_lo.u_sram/D[0] : -11.775153
[setup reg-reg] _20532_/Q -> _21059_/D : -11.727551
[setup reg-reg] _20532_/Q -> _21043_/D : -11.701513
[setup reg-reg] _21794_/Q -> u_transform_scheduler_core.u_fft_scratch_sram.u_lo.u_sram/D[3] : -11.625794
[setup reg-reg] _20532_/Q -> _21069_/D : -11.541776
[setup reg-reg] _20532_/Q -> _21063_/D : -11.483710
[setup reg-reg] _20532_/Q -> _21088_/D : -11.354658
[setup reg-reg] _21796_/Q -> u_transform_scheduler_core.u_fft_scratch_sram.u_lo.u_sram/D[7] : -11.333555
[setup reg-reg] _20532_/Q -> _21049_/D : -11.295644
[setup reg-reg] _21793_/Q -> u_transform_scheduler_core.u_fft_scratch_sram.u_hi.u_sram/D[4] : -10.934685
[setup reg-reg] _20532_/Q -> _21052_/D : -10.934507
[setup reg-reg] _21794_/Q -> u_transform_scheduler_core.u_fft_scratch_sram.u_hi.u_sram/D[5] : -10.888169
[setup reg-reg] _21796_/Q -> u_transform_scheduler_core.u_fft_scratch_sram.u_hi.u_sram/D[2] : -10.842363
[setup reg-reg] _22009_/Q -> _20234_/D : -10.786917
[setup reg-reg] _22009_/Q -> _20423_/D : -10.778110
[setup reg-reg] _22009_/Q -> _20238_/D : -10.772550
[setup reg-reg] _22009_/Q -> _20231_/D : -10.759202
[setup reg-reg] _22009_/Q -> _20233_/D : -10.749034
[setup reg-reg] _20532_/Q -> _21058_/D : -10.745744
[setup reg-reg] _20536_/Q -> _21070_/D : -10.732606
[setup reg-reg] _20532_/Q -> _21064_/D : -10.731636
[setup reg-reg] _22009_/Q -> _20143_/D : -10.706895
[setup reg-reg] _22009_/Q -> _20341_/D : -10.701800
[setup reg-reg] _22009_/Q -> _20150_/D : -10.684556
[setup reg-reg] _21793_/Q -> u_transform_scheduler_core.u_fft_scratch_sram.u_hi.u_sram/D[7] : -10.681700
[setup reg-reg] _20532_/Q -> _21087_/D : -10.671421
[setup reg-reg] _20532_/Q -> _21047_/D : -10.669823
[setup reg-reg] _22009_/Q -> _20258_/D : -10.567824
[setup reg-reg] _20532_/Q -> _21050_/D : -10.503925
[setup reg-reg] _20532_/Q -> _21054_/D : -10.455629
[setup reg-reg] _22009_/Q -> _20360_/D : -10.449245
[setup reg-reg] _22009_/Q -> _20359_/D : -10.441476
[setup reg-reg] _22009_/Q -> _20362_/D : -10.437162
[setup reg-reg] _22009_/Q -> _20172_/D : -10.431158
[setup reg-reg] _22009_/Q -> _20171_/D : -10.419840
[setup reg-reg] _22009_/Q -> _20363_/D : -10.401425
[setup reg-reg] _22009_/Q -> _20361_/D : -10.391553
[setup reg-reg] _22009_/Q -> _20195_/D : -10.357041
[setup reg-reg] _22009_/Q -> _20197_/D : -10.340347
[setup reg-reg] _22009_/Q -> _20198_/D : -10.339662
[setup reg-reg] _22009_/Q -> _20194_/D : -10.336525
[setup reg-reg] _22009_/Q -> _20245_/D : -10.313215
[setup reg-reg] _22009_/Q -> _20242_/D : -10.309165
[setup reg-reg] _22009_/Q -> _20139_/D : -10.306074
[setup reg-reg] _22009_/Q -> _20388_/D : -10.302653
[setup reg-reg] _22009_/Q -> _20246_/D : -10.302568
[setup reg-reg] _22009_/Q -> _20389_/D : -10.300973
[setup reg-reg] _22009_/Q -> _20387_/D : -10.294674
[setup reg-reg] _22009_/Q -> _20192_/D : -10.292563
[setup reg-reg] _22009_/Q -> _20191_/D : -10.285682
[setup reg-reg] _22009_/Q -> _20243_/D : -10.258653
[setup reg-reg] _22009_/Q -> _20386_/D : -10.235560
[setup reg-reg] _22009_/Q -> _20311_/D : -10.234473
[setup reg-reg] _22009_/Q -> _20239_/D : -10.234331
[setup reg-reg] _22009_/Q -> _20316_/D : -10.219814
[setup reg-reg] _20532_/Q -> _21055_/D : -10.178699
[setup reg-reg] _22009_/Q -> _20175_/D : -10.151570
[setup reg-reg] _20532_/Q -> _21107_/D : -10.144014
[setup reg-reg] _22009_/Q -> _20180_/D : -10.137079
[setup reg-reg] _22009_/Q -> _20181_/D : -10.118175
[setup reg-reg] _22009_/Q -> _20178_/D : -10.114015
[setup reg-reg] _22009_/Q -> _20448_/D : -10.090919
[setup reg-reg] _22009_/Q -> _20431_/D : -10.082989
[setup reg-reg] _22009_/Q -> _20179_/D : -10.082459
[setup reg-reg] _22009_/Q -> _20176_/D : -10.076239
[setup reg-reg] _22009_/Q -> _20237_/D : -10.069375
[setup reg-reg] _22009_/Q -> _20140_/D : -10.032210
[setup reg-reg] _22009_/Q -> _20317_/D : -10.013974
[setup reg-reg] _22009_/Q -> _20429_/D : -10.001411
[setup reg-reg] _22009_/Q -> _20257_/D : -9.992324
[setup reg-reg] _22009_/Q -> _20323_/D : -9.983023
[setup reg-reg] _22009_/Q -> _20325_/D : -9.978379
[setup reg-reg] _22009_/Q -> _20259_/D : -9.975700
[setup reg-reg] _22009_/Q -> _20319_/D : -9.972592
[setup reg-reg] _22009_/Q -> _20133_/D : -9.972525
[setup reg-reg] _22009_/Q -> _20450_/D : -9.970198
[setup reg-reg] _22009_/Q -> _20324_/D : -9.964787
[setup reg-reg] _22009_/Q -> _20241_/D : -9.964417
[setup reg-reg] _20532_/Q -> _21053_/D : -9.964282
[setup reg-reg] _22009_/Q -> _20428_/D : -9.948916
[setup reg-reg] _22009_/Q -> _20435_/D : -9.938830
[setup reg-reg] _20532_/Q -> _21068_/D : -9.896674
[setup reg-reg] _22009_/Q -> _20125_/D : -9.892606
[setup reg-reg] _22009_/Q -> _20434_/D : -9.871318
[setup reg-reg] _22009_/Q -> _20315_/D : -9.870068
[setup reg-reg] _22009_/Q -> _20244_/D : -9.805060
[setup reg-reg] _22009_/Q -> _20121_/D : -9.798868
[setup reg-reg] _22009_/Q -> _20240_/D : -9.783371
[setup reg-reg] _22009_/Q -> _20265_/D : -9.776741
[setup reg-reg] _22009_/Q -> _20336_/D : -9.774183
[setup reg-reg] _22009_/Q -> u_transform_scheduler_core.u_fft_scratch_sram.u_hi.u_sram/D[0] : -9.766900
[setup reg-reg] _22009_/Q -> _20338_/D : -9.752036
[setup reg-reg] _22009_/Q -> _20373_/D : -9.732307
[setup reg-reg] _22009_/Q -> _20236_/D : -9.727345
[setup reg-reg] _22009_/Q -> _20371_/D : -9.725973
[setup reg-reg] _22009_/Q -> _20374_/D : -9.719330
[setup reg-reg] _22009_/Q -> _20120_/D : -9.711741
[setup reg-reg] _22009_/Q -> _20232_/D : -9.709471
[setup reg-reg] _22009_/Q -> _20235_/D : -9.704010
[setup reg-reg] _22009_/Q -> _20422_/D : -9.696702
[setup reg-reg] _22009_/Q -> _20182_/D : -9.694333
[setup reg-reg] _22009_/Q -> _20425_/D : -9.693594
[setup reg-reg] _22009_/Q -> _20144_/D : -9.685160
[setup reg-reg] _22009_/Q -> _20119_/D : -9.678470
[setup reg-reg] _22009_/Q -> _20370_/D : -9.674349
[setup reg-reg] _22009_/Q -> _20134_/D : -9.663246
[setup reg-reg] _22009_/Q -> _20264_/D : -9.656688
[setup reg-reg] _22009_/Q -> _20185_/D : -9.656660
[setup reg-reg] _22009_/Q -> _20441_/D : -9.656255
[setup reg-reg] _22009_/Q -> _20128_/D : -9.654052
[setup reg-reg] _22009_/Q -> _20424_/D : -9.650446
[setup reg-reg] _22009_/Q -> _20145_/D : -9.637123
[setup reg-reg] _22009_/Q -> _20421_/D : -9.633187
[setup reg-reg] _22009_/Q -> _20312_/D : -9.627677
[setup reg-reg] _22009_/Q -> _20184_/D : -9.620227
[setup reg-reg] _22009_/Q -> _20419_/D : -9.618926
[setup reg-reg] _21796_/Q -> u_transform_scheduler_core.u_fft_scratch_sram.u_hi.u_sram/D[1] : -9.616688
[setup reg-reg] _22009_/Q -> _20263_/D : -9.612898
[setup reg-reg] _22009_/Q -> _20250_/D : -9.606791
[setup reg-reg] _22009_/Q -> _20187_/D : -9.600161
[setup reg-reg] _22009_/Q -> _20183_/D : -9.596328
[setup reg-reg] _22009_/Q -> _20267_/D : -9.595880
[setup reg-reg] _22009_/Q -> _20313_/D : -9.595422
[setup reg-reg] _22009_/Q -> _20293_/D : -9.594075
[setup reg-reg] _22009_/Q -> _20337_/D : -9.592658
[setup reg-reg] _22009_/Q -> _20124_/D : -9.590114
[setup reg-reg] _22009_/Q -> _20148_/D : -9.589936
[setup reg-reg] _22009_/Q -> _20123_/D : -9.583015
[setup reg-reg] _22009_/Q -> _20186_/D : -9.582536
[setup reg-reg] _22009_/Q -> _20442_/D : -9.577907
[setup reg-reg] _22009_/Q -> _20146_/D : -9.573217
[setup reg-reg] _22009_/Q -> _20122_/D : -9.570411
[setup reg-reg] _22009_/Q -> _20229_/D : -9.553709
[setup reg-reg] _22009_/Q -> _20418_/D : -9.553258
[setup reg-reg] _22009_/Q -> _20149_/D : -9.551599
[setup reg-reg] _22009_/Q -> _20314_/D : -9.551581
[setup reg-reg] _22009_/Q -> _20294_/D : -9.545606
[setup reg-reg] _22009_/Q -> _20188_/D : -9.531757
[setup reg-reg] _22009_/Q -> _20483_/D : -9.530808
[setup reg-reg] _22009_/Q -> _20147_/D : -9.530300
[setup reg-reg] _22009_/Q -> _20253_/D : -9.529081
[setup reg-reg] _22009_/Q -> _20252_/D : -9.527423
[setup reg-reg] _22009_/Q -> _20169_/D : -9.520065
[setup reg-reg] _22009_/Q -> _20167_/D : -9.515017
[setup reg-reg] _22009_/Q -> _20196_/D : -9.509382
[setup reg-reg] _22009_/Q -> _20230_/D : -9.496671
[setup reg-reg] _22009_/Q -> _20268_/D : -9.494901
[setup reg-reg] _22009_/Q -> _20334_/D : -9.494443
[setup reg-reg] _22009_/Q -> _20223_/D : -9.489952
[setup reg-reg] _22009_/Q -> _20249_/D : -9.489064
[setup reg-reg] _22009_/Q -> _20485_/D : -9.487494
[setup reg-reg] _22009_/Q -> _20168_/D : -9.486044
[setup reg-reg] _22009_/Q -> _20480_/D : -9.479149
[setup reg-reg] _22009_/Q -> _20291_/D : -9.478210
[setup reg-reg] _22009_/Q -> _20289_/D : -9.474313
[setup reg-reg] _22009_/Q -> _20482_/D : -9.471574
[setup reg-reg] _22009_/Q -> _20484_/D : -9.464455
[setup reg-reg] _22009_/Q -> _20335_/D : -9.458994
[setup reg-reg] _22009_/Q -> _20478_/D : -9.457775
[setup reg-reg] _20536_/Q -> _21056_/D : -9.456183
[setup reg-reg] _22009_/Q -> _20254_/D : -9.450617
[setup reg-reg] _22009_/Q -> _20142_/D : -9.449547
[setup reg-reg] _20532_/Q -> _21086_/D : -9.443995
[setup reg-reg] _22009_/Q -> _20136_/D : -9.435667
[setup reg-reg] _22009_/Q -> _20270_/D : -9.427737
[setup reg-reg] _22009_/Q -> _20329_/D : -9.423158
[setup reg-reg] _22009_/Q -> _20251_/D : -9.414837
[setup reg-reg] _20532_/Q -> _21073_/D : -9.406958
[setup reg-reg] _20532_/Q -> _21106_/D : -9.398573
[setup reg-reg] _22009_/Q -> _20273_/D : -9.395667
[setup reg-reg] _22009_/Q -> _20367_/D : -9.393897
[setup reg-reg] _22009_/Q -> _20255_/D : -9.388003
[setup reg-reg] _22009_/Q -> _20135_/D : -9.386597
[setup reg-reg] _22009_/Q -> _20365_/D : -9.384909
[setup reg-reg] _22009_/Q -> _20369_/D : -9.384064
[setup reg-reg] _22009_/Q -> _20328_/D : -9.380813
[setup reg-reg] _22009_/Q -> _20447_/D : -9.377832
[setup reg-reg] _22009_/Q -> _20327_/D : -9.377378
[setup reg-reg] _22009_/Q -> _20174_/D : -9.377356
[setup reg-reg] _22009_/Q -> _20331_/D : -9.374499
[setup reg-reg] _22009_/Q -> _20137_/D : -9.373348
[setup reg-reg] _22009_/Q -> _20364_/D : -9.372841
[setup reg-reg] _20536_/Q -> _21072_/D : -9.370084
[setup reg-reg] _22009_/Q -> _20138_/D : -9.369213
[setup reg-reg] _22009_/Q -> _20330_/D : -9.369145
[setup reg-reg] _22009_/Q -> _20333_/D : -9.366989
[setup reg-reg] _22009_/Q -> _20332_/D : -9.363824
[setup reg-reg] _22009_/Q -> _20463_/D : -9.362399
[setup reg-reg] _22009_/Q -> _20170_/D : -9.362140
[setup reg-reg] _22009_/Q -> _20465_/D : -9.357144
[setup reg-reg] _21794_/Q -> _20508_/D : -9.354426
[setup reg-reg] _22009_/Q -> _20269_/D : -9.351606
[setup reg-reg] _22009_/Q -> _20288_/D : -9.350060
[setup reg-reg] _22009_/Q -> _20173_/D : -9.338720
[setup reg-reg] _22009_/Q -> _20130_/D : -9.315742
[setup reg-reg] _22009_/Q -> _20141_/D : -9.313077
[setup reg-reg] _20532_/Q -> _21067_/D : -9.312931
[setup reg-reg] _22009_/Q -> _20127_/D : -9.300887
[setup reg-reg] _21793_/Q -> _20507_/D : -9.298393
[setup reg-reg] _22009_/Q -> _20224_/D : -9.274722
[setup reg-reg] _22009_/Q -> _20131_/D : -9.263108
[setup reg-reg] _22009_/Q -> _20226_/D : -9.252102
[setup reg-reg] _22009_/Q -> _20322_/D : -9.242562
[setup reg-reg] _22009_/Q -> _20384_/D : -9.224863
[setup reg-reg] _22009_/Q -> _20320_/D : -9.217843
[setup reg-reg] _22009_/Q -> _20227_/D : -9.200353
[setup reg-reg] _22009_/Q -> _20372_/D : -9.138838
[setup reg-reg] _22009_/Q -> _20177_/D : -9.118963
[setup reg-reg] _22009_/Q -> _20345_/D : -9.095029
[setup reg-reg] _22009_/Q -> _20344_/D : -9.092113
[setup reg-reg] _22009_/Q -> _20346_/D : -9.085447
[setup reg-reg] _22009_/Q -> _20402_/D : -9.078811
[setup reg-reg] _22009_/Q -> _20368_/D : -9.063534
[setup reg-reg] _22009_/Q -> _20406_/D : -9.061758
[setup reg-reg] _22009_/Q -> _20366_/D : -9.059275
[setup reg-reg] _22009_/Q -> _20347_/D : -9.056909
[setup reg-reg] _22009_/Q -> _20155_/D : -9.040708
[setup reg-reg] _22009_/Q -> u_transform_scheduler_core.u_fft_scratch_sram.u_hi.u_sram/D[3] : -9.039468
[setup reg-reg] _22009_/Q -> _20132_/D : -9.037606
[setup reg-reg] _22009_/Q -> _20469_/D : -9.027790
[setup reg-reg] _22009_/Q -> _20261_/D : -8.994818
[setup reg-reg] _22009_/Q -> _20452_/D : -8.991134
[setup reg-reg] _22009_/Q -> _20457_/D : -8.982852
[setup reg-reg] _22009_/Q -> _20256_/D : -8.975863
[setup reg-reg] _22009_/Q -> _20451_/D : -8.973433
[setup reg-reg] _22009_/Q -> _20404_/D : -8.942575
[setup reg-reg] _22009_/Q -> _20262_/D : -8.932894
[setup reg-reg] _22009_/Q -> _20214_/D : -8.929807
[setup reg-reg] _22009_/Q -> _20456_/D : -8.927611
[setup reg-reg] _22009_/Q -> _20213_/D : -8.926911
[setup reg-reg] _22009_/Q -> _20458_/D : -8.914512
[setup reg-reg] _22009_/Q -> _20400_/D : -8.908444
[setup reg-reg] _22009_/Q -> _20212_/D : -8.905236
[setup reg-reg] _22009_/Q -> _20271_/D : -8.899594
[setup reg-reg] _22009_/Q -> _20207_/D : -8.897729
[setup reg-reg] _22009_/Q -> _20401_/D : -8.894752
[setup reg-reg] _21794_/Q -> _20504_/D : -8.890176
[setup reg-reg] _22009_/Q -> _20461_/D : -8.881863
[setup reg-reg] _22009_/Q -> _20208_/D : -8.878299
[setup reg-reg] _22009_/Q -> _20211_/D : -8.877937
[setup reg-reg] _22009_/Q -> _20210_/D : -8.865758
[setup reg-reg] _22009_/Q -> _20459_/D : -8.858130
[setup reg-reg] _22009_/Q -> _20272_/D : -8.853909
[setup reg-reg] _22009_/Q -> _20287_/D : -8.845607
[setup reg-reg] _22009_/Q -> _20296_/D : -8.843500
[setup reg-reg] _22009_/Q -> _20300_/D : -8.819772
[setup reg-reg] _22009_/Q -> _20295_/D : -8.808098
[setup reg-reg] _22009_/Q -> _20290_/D : -8.807579
[setup reg-reg] _22009_/Q -> _20299_/D : -8.804989
[setup reg-reg] _22009_/Q -> _20220_/D : -8.780912
[setup reg-reg] _22009_/Q -> _20462_/D : -8.777143
[setup reg-reg] _22009_/Q -> _20248_/D : -8.767138
[setup reg-reg] _22009_/Q -> _20274_/D : -8.763706
[setup reg-reg] _22009_/Q -> _20247_/D : -8.753311
[setup reg-reg] _22009_/Q -> _20439_/D : -8.749425
[setup reg-reg] _22009_/Q -> _20514_/D : -8.744057
[setup reg-reg] _22009_/Q -> _20513_/D : -8.739743
[setup reg-reg] _22009_/Q -> _20511_/D : -8.738248
[setup reg-reg] _22009_/Q -> _20510_/D : -8.736397
[setup reg-reg] _22009_/Q -> _20444_/D : -8.736209
[setup reg-reg] _22009_/Q -> _20278_/D : -8.715862
[setup reg-reg] _22009_/Q -> _20357_/D : -8.695466
[setup reg-reg] _22009_/Q -> _20358_/D : -8.692056
[setup reg-reg] _22009_/Q -> _20275_/D : -8.686418
[setup reg-reg] _22009_/Q -> _20355_/D : -8.684911
[setup reg-reg] _21793_/Q -> _20503_/D : -8.675937
[setup reg-reg] _22009_/Q -> _20518_/D : -8.675489
[setup reg-reg] _22009_/Q -> _20354_/D : -8.663232
[setup reg-reg] _22009_/Q -> _20166_/D : -8.656901
[setup reg-reg] _22009_/Q -> _20443_/D : -8.649508
[setup reg-reg] _22009_/Q -> _20440_/D : -8.632661
[setup reg-reg] _22009_/Q -> _20467_/D : -8.598594
[setup reg-reg] _22009_/Q -> _20222_/D : -8.574962
[setup reg-reg] _22009_/Q -> _20392_/D : -8.571739
[setup reg-reg] _22009_/Q -> _20397_/D : -8.566517
[setup reg-reg] _22009_/Q -> _20200_/D : -8.540728
[setup reg-reg] _22009_/Q -> _20396_/D : -8.539012
[setup reg-reg] _22009_/Q -> _20391_/D : -8.538699
[setup reg-reg] _22009_/Q -> _20407_/D : -8.535405
[setup reg-reg] _20532_/Q -> _21065_/D : -8.534770
[setup reg-reg] _22009_/Q -> _20199_/D : -8.508479
[setup reg-reg] _22009_/Q -> _20206_/D : -8.502091
[setup reg-reg] _22009_/Q -> _20698_/D : -8.500159
[setup reg-reg] _22009_/Q -> _20209_/D : -8.499392
[setup reg-reg] _22009_/Q -> _20470_/D : -8.483010
[setup reg-reg] _22009_/Q -> _20277_/D : -8.475087
[setup reg-reg] _22009_/Q -> _20201_/D : -8.474039
[setup reg-reg] _22009_/Q -> _20426_/D : -8.470831
[setup reg-reg] _22009_/Q -> _20394_/D : -8.462497
[setup reg-reg] _22009_/Q -> _20393_/D : -8.438964
[setup reg-reg] _22009_/Q -> _20203_/D : -8.434789
[setup reg-reg] _22009_/Q -> _20413_/D : -8.429382
[setup reg-reg] _22009_/Q -> _20697_/D : -8.424891
[setup reg-reg] _22009_/Q -> _20453_/D : -8.422771
[setup reg-reg] _22009_/Q -> _20225_/D : -8.420329
[setup reg-reg] _22009_/Q -> _20152_/D : -8.419605
[setup reg-reg] _22009_/Q -> _20151_/D : -8.416720
[setup reg-reg] _22009_/Q -> _20204_/D : -8.400523
[setup reg-reg] _22009_/Q -> _20348_/D : -8.391517
[setup reg-reg] _22009_/Q -> _20716_/D : -8.391360
[setup reg-reg] _22009_/Q -> _20415_/D : -8.390170
[setup reg-reg] _22009_/Q -> _20377_/D : -8.387503
[setup reg-reg] _22009_/Q -> _20156_/D : -8.366268
[setup reg-reg] _22009_/Q -> _20702_/D : -8.359028
[setup reg-reg] _21794_/Q -> _20505_/D : -8.333718
[setup reg-reg] _22009_/Q -> _20701_/D : -8.332584
[setup reg-reg] _22009_/Q -> _20202_/D : -8.331231
[setup reg-reg] _22009_/Q -> _20488_/D : -8.329036
[setup reg-reg] _22009_/Q -> _20433_/D : -8.324986
[setup reg-reg] _22009_/Q -> _20706_/D : -8.318431
[setup reg-reg] _22009_/Q -> _20153_/D : -8.315948
[setup reg-reg] _22009_/Q -> _20705_/D : -8.304838
[setup reg-reg] _22009_/Q -> _20193_/D : -8.295029
[setup reg-reg] _22009_/Q -> _20382_/D : -8.292038
[setup reg-reg] _22009_/Q -> _20218_/D : -8.270124
[setup reg-reg] _22009_/Q -> _20190_/D : -8.267048
[setup reg-reg] _22009_/Q -> _20385_/D : -8.262259
[setup reg-reg] _22009_/Q -> _20378_/D : -8.258720
[setup reg-reg] _22009_/Q -> _20216_/D : -8.257907
[setup reg-reg] _22009_/Q -> _20379_/D : -8.257708
[setup reg-reg] _22009_/Q -> _20298_/D : -8.245429
[setup reg-reg] _22009_/Q -> _20343_/D : -8.245202
[setup reg-reg] _22009_/Q -> _20427_/D : -8.244801
[setup reg-reg] _22009_/Q -> _20154_/D : -8.242065
[setup reg-reg] _22009_/Q -> _20390_/D : -8.238633
[setup reg-reg] _22009_/Q -> _20297_/D : -8.237678
[setup reg-reg] _22009_/Q -> _20353_/D : -8.236302
[setup reg-reg] _22009_/Q -> _20351_/D : -8.222135
[setup reg-reg] _22009_/Q -> _20158_/D : -8.218035
[setup reg-reg] _22009_/Q -> _20349_/D : -8.217992
[setup reg-reg] _22009_/Q -> _20302_/D : -8.210151
[setup reg-reg] _22009_/Q -> _20455_/D : -8.209909
[setup reg-reg] _22009_/Q -> _20215_/D : -8.207671
[setup reg-reg] _22009_/Q -> _20694_/D : -8.205192
[setup reg-reg] _22009_/Q -> _20305_/D : -8.194579
[setup reg-reg] _22009_/Q -> _20696_/D : -8.192558
[setup reg-reg] _22009_/Q -> _20301_/D : -8.188245
[setup reg-reg] _22009_/Q -> _20515_/D : -8.182341
[setup reg-reg] _22009_/Q -> _20492_/D : -8.179143
[setup reg-reg] _22009_/Q -> _20219_/D : -8.156438
[setup reg-reg] _22009_/Q -> _20496_/D : -8.156445
[setup reg-reg] _22009_/Q -> _20494_/D : -8.155663
[setup reg-reg] _22009_/Q -> _20157_/D : -8.154136
[setup reg-reg] _22009_/Q -> _20399_/D : -8.153141
[setup reg-reg] _22009_/Q -> _20308_/D : -8.150994
[setup reg-reg] _22009_/Q -> _20438_/D : -8.149900
[setup reg-reg] _22009_/Q -> _20517_/D : -8.141229
[setup reg-reg] _22009_/Q -> _20516_/D : -8.140986
[setup reg-reg] _22009_/Q -> _20326_/D : -8.124772
[setup reg-reg] _22009_/Q -> _20217_/D : -8.123565
[setup reg-reg] _22009_/Q -> _20497_/D : -8.123372
[setup reg-reg] _22009_/Q -> _20704_/D : -8.120278
[setup reg-reg] _22009_/Q -> _20512_/D : -8.100852
[setup reg-reg] _22009_/Q -> _20460_/D : -8.095519
[setup reg-reg] _22009_/Q -> _20700_/D : -8.091761
[setup reg-reg] _22009_/Q -> _20692_/D : -8.082917
[setup reg-reg] _22009_/Q -> _20266_/D : -8.082505
[setup reg-reg] _22009_/Q -> _20398_/D : -8.075872
[setup reg-reg] _22009_/Q -> _20430_/D : -8.075535
[setup reg-reg] _22009_/Q -> _20436_/D : -8.074807
[setup reg-reg] _22009_/Q -> _20699_/D : -8.071780
[setup reg-reg] _22009_/Q -> _20432_/D : -8.067368
[setup reg-reg] _22009_/Q -> _20703_/D : -8.059360
[setup reg-reg] _22009_/Q -> _20487_/D : -8.047725
[setup reg-reg] _22009_/Q -> _20707_/D : -8.041759
[setup reg-reg] _22009_/Q -> _20405_/D : -8.035666
[setup reg-reg] _22009_/Q -> _20159_/D : -8.035109
[setup reg-reg] _22009_/Q -> _20403_/D : -8.029506
[setup reg-reg] _22009_/Q -> _20693_/D : -8.023414
[setup reg-reg] _22009_/Q -> _20163_/D : -8.021797
[setup reg-reg] _22009_/Q -> _20162_/D : -8.008648
[setup reg-reg] _22009_/Q -> _20695_/D : -8.004847
[setup reg-reg] _22009_/Q -> _20356_/D : -7.978422
[setup reg-reg] _22009_/Q -> _20165_/D : -7.977327
[setup reg-reg] _22009_/Q -> _20321_/D : -7.974429
[setup reg-reg] _22009_/Q -> _20306_/D : -7.968105
[setup reg-reg] _22009_/Q -> _20129_/D : -7.961440
[setup reg-reg] _22009_/Q -> _20318_/D : -7.957496
[setup reg-reg] _22009_/Q -> _20160_/D : -7.956533
[setup reg-reg] _22009_/Q -> _20126_/D : -7.953908
[setup reg-reg] _22009_/Q -> _20307_/D : -7.939487
[setup reg-reg] _22009_/Q -> _20189_/D : -7.918900
[setup reg-reg] _22009_/Q -> _20205_/D : -7.905055
[setup reg-reg] _22009_/Q -> _20310_/D : -7.889437
[setup reg-reg] _22009_/Q -> _20304_/D : -7.869542
[setup reg-reg] _22009_/Q -> _20500_/D : -7.837524
[setup reg-reg] _22009_/Q -> _20303_/D : -7.835244
[setup reg-reg] _22009_/Q -> _20309_/D : -7.817487
[setup reg-reg] _22009_/Q -> _20499_/D : -7.777519
[setup reg-reg] _22009_/Q -> _20501_/D : -7.772616
[setup reg-reg] _22009_/Q -> _20498_/D : -7.764854
[setup reg-reg] _22009_/Q -> _20352_/D : -7.674526
[setup reg-reg] _22009_/Q -> _20477_/D : -7.670003
[setup reg-reg] _22009_/Q -> _20471_/D : -7.622873
[setup reg-reg] _22009_/Q -> _20481_/D : -7.617239
[setup reg-reg] _20532_/Q -> _21085_/D : -7.602942
[setup reg-reg] _22009_/Q -> _20342_/D : -7.601742
[setup reg-reg] _22009_/Q -> _20286_/D : -7.600008
[setup reg-reg] _22009_/Q -> _20479_/D : -7.585303
[setup reg-reg] _22009_/Q -> _20495_/D : -7.557461
[setup reg-reg] _22009_/Q -> _20416_/D : -7.554153
[setup reg-reg] _22009_/Q -> _20493_/D : -7.530979
[setup reg-reg] _22009_/Q -> _20437_/D : -7.529820
[setup reg-reg] _22009_/Q -> _20376_/D : -7.516771
[setup reg-reg] _22009_/Q -> _20380_/D : -7.511606
[setup reg-reg] _22009_/Q -> _20446_/D : -7.505843
[setup reg-reg] _22009_/Q -> _20464_/D : -7.488439
[setup reg-reg] _22009_/Q -> _20260_/D : -7.478331
[setup reg-reg] _20532_/Q -> _21105_/D : -7.476828
[setup reg-reg] _22009_/Q -> _20340_/D : -7.460599
[setup reg-reg] _22009_/Q -> _20381_/D : -7.458347
[setup reg-reg] _22009_/Q -> _20339_/D : -7.450755
[setup reg-reg] _22009_/Q -> _20375_/D : -7.442989
[setup reg-reg] _21794_/Q -> _20506_/D : -7.424134
[setup reg-reg] _20532_/Q -> _21104_/D : -7.406147
[setup reg-reg] _22009_/Q -> _20466_/D : -7.391879
[setup reg-reg] _22009_/Q -> _20276_/D : -7.390835
[setup reg-reg] _22009_/Q -> _20383_/D : -7.386113
[setup reg-reg] _22009_/Q -> _20468_/D : -7.381075
[setup reg-out] _22009_/Q -> dout[6] : -7.364190
[setup reg-reg] _22009_/Q -> _20491_/D : -7.293324
[setup reg-reg] _22009_/Q -> _20581_/D : -7.278498
[setup reg-reg] _22009_/Q -> _20490_/D : -7.249472
[setup reg-reg] _22009_/Q -> _20489_/D : -7.248311
[setup reg-reg] _22009_/Q -> _20509_/D : -7.246900
[setup reg-reg] _22009_/Q -> _20476_/D : -7.244463
[setup reg-reg] _22009_/Q -> _20579_/D : -7.222177
[setup reg-reg] _22009_/Q -> _20408_/D : -7.219846
[setup reg-reg] _22009_/Q -> _20164_/D : -7.188416
[setup reg-reg] _22009_/Q -> _20562_/D : -7.152000
[setup reg-reg] _22009_/Q -> _20409_/D : -7.146401
[setup reg-reg] _22009_/Q -> _20565_/D : -7.086257
[setup reg-reg] _22009_/Q -> _20486_/D : -7.081095
[setup reg-reg] _22009_/Q -> _20410_/D : -7.076871
[setup reg-reg] _22009_/Q -> _20583_/D : -7.075574
[setup reg-reg] _22009_/Q -> _20350_/D : -7.059729
[setup reg-reg] _22009_/Q -> _20161_/D : -7.048233
[setup reg-reg] _22009_/Q -> _20228_/D : -7.034913
[setup reg-reg] _22009_/Q -> _20279_/D : -7.017168
[setup reg-reg] _22009_/Q -> _20280_/D : -6.979132
[setup reg-reg] _22009_/Q -> _20285_/D : -6.971156
[setup reg-reg] _22009_/Q -> _20445_/D : -6.948394
[setup reg-reg] _22009_/Q -> _20281_/D : -6.932045
[setup reg-reg] _22009_/Q -> _20420_/D : -6.925053
[setup reg-reg] _22009_/Q -> _20283_/D : -6.915897
[setup reg-reg] _22009_/Q -> _20284_/D : -6.897942
[setup reg-reg] _22009_/Q -> _20282_/D : -6.885674
[setup reg-reg] _22009_/Q -> _20292_/D : -6.875830
[setup reg-reg] _22009_/Q -> _20472_/D : -6.874707
[setup reg-reg] _22009_/Q -> _20475_/D : -6.862084
[setup reg-reg] _22009_/Q -> _20417_/D : -6.859370
[setup reg-reg] _22009_/Q -> _20473_/D : -6.846069
[setup reg-reg] _22009_/Q -> _20474_/D : -6.830437
[setup reg-reg] _22009_/Q -> _20221_/D : -6.805827
[setup reg-out] _20659_/Q -> dout[1] : -6.753780
[setup reg-reg] _22009_/Q -> _20449_/D : -6.747385
[setup reg-reg] _22009_/Q -> u_transform_scheduler_core.u_fft_scratch_sram.u_hi.u_sram/A[7] : -6.712476
[setup reg-reg] _22009_/Q -> u_transform_scheduler_core.u_fft_scratch_sram.u_hi.u_sram/A[1] : -6.663260
[setup reg-reg] _22009_/Q -> _20454_/D : -6.580663
[setup reg-reg] _20532_/Q -> _21082_/D : -6.568488
[setup reg-out] _20659_/Q -> dout[3] : -6.531597
[setup reg-out] _22009_/Q -> dout[4] : -6.512767
[setup reg-reg] _22009_/Q -> _22040_/D : -6.469282
[setup reg-reg] _22009_/Q -> _22081_/D : -6.419540
[setup reg-reg] _22009_/Q -> u_transform_scheduler_core.u_fft_scratch_sram.u_hi.u_sram/A[3] : -6.409153
[setup reg-reg] _22009_/Q -> u_transform_scheduler_core.u_fft_scratch_sram.u_lo.u_sram/A[7] : -6.399454
[setup reg-reg] _20532_/Q -> _21255_/D : -6.393069
[setup reg-reg] _22009_/Q -> _22082_/D : -6.357695
[setup reg-reg] _22009_/Q -> _22086_/D : -6.289138
[setup reg-reg] _22009_/Q -> _22080_/D : -6.283070
[setup reg-reg] _22009_/Q -> u_transform_scheduler_core.u_fft_scratch_sram.u_lo.u_sram/A[1] : -6.282907
[setup reg-reg] _20532_/Q -> _21084_/D : -6.279550
[setup reg-reg] _22009_/Q -> _20395_/D : -6.243706
[setup reg-reg] _22009_/Q -> _22056_/D : -6.212595
[setup reg-out] _20659_/Q -> dout[2] : -6.192700
[setup reg-reg] _22009_/Q -> _22079_/D : -6.190931
[setup reg-reg] _22009_/Q -> _22049_/D : -6.187197
[setup reg-reg] _22009_/Q -> _22084_/D : -6.170559
[setup reg-reg] _22009_/Q -> _22052_/D : -6.169863
[setup reg-reg] _22009_/Q -> u_transform_scheduler_core.u_fft_scratch_sram.u_lo.u_sram/A[3] : -6.164833
[setup reg-reg] _22009_/Q -> _20502_/D : -6.162715
[setup reg-reg] _22009_/Q -> u_transform_scheduler_core.u_fft_scratch_sram.u_hi.u_sram/A[2] : -6.114174
[setup reg-reg] _22009_/Q -> _20713_/D : -6.074572
[setup reg-reg] _22009_/Q -> _20714_/D : -6.023708
[setup reg-reg] _20532_/Q -> _21257_/D : -5.981633
[setup reg-reg] _20532_/Q -> _21252_/D : -5.970801
[setup reg-reg] _20532_/Q -> _21254_/D : -5.968229
[setup reg-reg] _22009_/Q -> _20519_/D : -5.964609
[setup reg-reg] _22009_/Q -> _20520_/D : -5.947076
[setup reg-out] _20659_/Q -> dout[0] : -5.927458
[setup reg-reg] _20532_/Q -> _21253_/D : -5.916395
[setup reg-reg] _22009_/Q -> _20712_/D : -5.884317
[setup reg-reg] _20532_/Q -> _21237_/D : -5.839105
[setup reg-reg] _22009_/Q -> u_transform_scheduler_core.u_fft_scratch_sram.u_lo.u_sram/A[2] : -5.829619
[setup reg-reg] _22009_/Q -> u_transform_scheduler_core.u_fft_scratch_sram.u_hi.u_sram/A[6] : -5.827200
[setup reg-reg] _20532_/Q -> _21243_/D : -5.806008
[setup reg-reg] _20532_/Q -> _21241_/D : -5.793286
[setup reg-reg] _22009_/Q -> _20522_/D : -5.759223
[setup reg-reg] _22009_/Q -> _20523_/D : -5.756945
[setup reg-reg] _22009_/Q -> _20521_/D : -5.755922
[setup reg-reg] _22009_/Q -> _20524_/D : -5.723724
[setup reg-reg] _22009_/Q -> u_transform_scheduler_core.u_fft_scratch_sram.u_hi.u_sram/A[5] : -5.685348
[setup reg-reg] _20536_/Q -> _21114_/D : -5.655032
[setup reg-reg] _22009_/Q -> _20414_/D : -5.608918
[setup reg-reg] _20532_/Q -> _21083_/D : -5.607476
[setup reg-reg] _22009_/Q -> u_transform_scheduler_core.u_fft_scratch_sram.u_hi.u_sram/A[4] : -5.600768
[setup reg-reg] _22009_/Q -> u_transform_scheduler_core.u_fft_scratch_sram.u_lo.u_sram/A[6] : -5.557521
[setup reg-reg] _22009_/Q -> u_transform_scheduler_core.u_fft_scratch_sram.u_hi.u_sram/GWEN : -5.555023
[setup reg-out] _22009_/Q -> dout[5] : -5.527030
[setup reg-reg] _22009_/Q -> _20412_/D : -5.480320
[setup reg-reg] _22009_/Q -> u_transform_scheduler_core.u_fft_scratch_sram.u_lo.u_sram/A[5] : -5.452268
[setup reg-reg] _22009_/Q -> _20411_/D : -5.431456
[setup reg-reg] _20532_/Q -> _21103_/D : -5.424212
[setup reg-reg] _22009_/Q -> u_transform_scheduler_core.u_fft_scratch_sram.u_lo.u_sram/A[4] : -5.407635
[setup reg-out] _20532_/Q -> din_ready_o : -5.337441
[setup reg-reg] _22009_/Q -> u_transform_scheduler_core.u_fft_scratch_sram.u_hi.u_sram/A[0] : -5.329373
[setup reg-reg] _22009_/Q -> u_transform_scheduler_core.u_fft_scratch_sram.u_lo.u_sram/GWEN : -5.276736
[setup in-reg] din[5] -> _20723_/D : -5.137629
[setup reg-reg] _20532_/Q -> _21081_/D : -5.133593
[setup reg-reg] _20532_/Q -> _21238_/D : -5.103978
[setup reg-reg] _20532_/Q -> _21256_/D : -5.061363
[setup reg-reg] _22009_/Q -> u_transform_scheduler_core.u_fft_scratch_sram.u_hi.u_sram/WEN[6] : -4.939086
[setup reg-reg] _22009_/Q -> u_transform_scheduler_core.u_fft_scratch_sram.u_hi.u_sram/WEN[5] : -4.939079
[setup reg-reg] _22009_/Q -> u_transform_scheduler_core.u_fft_scratch_sram.u_hi.u_sram/WEN[7] : -4.939065
[setup reg-reg] _22009_/Q -> u_transform_scheduler_core.u_fft_scratch_sram.u_hi.u_sram/WEN[4] : -4.938713
[setup reg-reg] _22009_/Q -> u_transform_scheduler_core.u_fft_scratch_sram.u_hi.u_sram/WEN[3] : -4.936034
[setup reg-reg] _22009_/Q -> u_transform_scheduler_core.u_fft_scratch_sram.u_hi.u_sram/WEN[1] : -4.934972
[setup reg-reg] _22009_/Q -> u_transform_scheduler_core.u_fft_scratch_sram.u_hi.u_sram/WEN[2] : -4.934975
[setup reg-reg] _20532_/Q -> _21102_/D : -4.932794
[setup reg-reg] _22009_/Q -> u_transform_scheduler_core.u_fft_scratch_sram.u_hi.u_sram/WEN[0] : -4.930431
[setup reg-reg] _20536_/Q -> _21129_/D : -4.891803
[setup in-reg] din[5] -> _20739_/D : -4.886861
[setup in-reg] din[5] -> _20740_/D : -4.857611
[setup reg-reg] _22009_/Q -> u_transform_scheduler_core.u_fft_scratch_sram.u_lo.u_sram/A[0] : -4.824194
[setup in-reg] din[5] -> _20724_/D : -4.796878
[setup in-reg] din[5] -> _20757_/D : -4.707171
[setup in-reg] din[5] -> _20738_/D : -4.701665
[setup in-reg] din[5] -> _20741_/D : -4.692339
[setup in-reg] din[5] -> _20743_/D : -4.691082
[setup reg-reg] _20532_/Q -> _21101_/D : -4.683333
[setup reg-reg] _22009_/Q -> u_transform_scheduler_core.u_fft_scratch_sram.u_lo.u_sram/WEN[1] : -4.663651
[setup reg-reg] _22009_/Q -> u_transform_scheduler_core.u_fft_scratch_sram.u_lo.u_sram/WEN[2] : -4.663654
[setup reg-reg] _22009_/Q -> u_transform_scheduler_core.u_fft_scratch_sram.u_lo.u_sram/WEN[0] : -4.663633
[setup reg-reg] _22009_/Q -> u_transform_scheduler_core.u_fft_scratch_sram.u_lo.u_sram/WEN[3] : -4.663271
[setup reg-reg] _22009_/Q -> u_transform_scheduler_core.u_fft_scratch_sram.u_lo.u_sram/WEN[4] : -4.661068
[setup reg-reg] _22009_/Q -> u_transform_scheduler_core.u_fft_scratch_sram.u_lo.u_sram/WEN[6] : -4.660329
[setup reg-reg] _22009_/Q -> u_transform_scheduler_core.u_fft_scratch_sram.u_lo.u_sram/WEN[5] : -4.660322
[setup reg-reg] _22009_/Q -> u_transform_scheduler_core.u_fft_scratch_sram.u_lo.u_sram/WEN[7] : -4.656812
[setup reg-reg] _22009_/Q -> _20691_/D : -4.654911
[setup reg-reg] _22009_/Q -> _20690_/D : -4.641557
[setup in-reg] din[5] -> _20754_/D : -4.629385
[setup in-reg] din[5] -> _20755_/D : -4.629335
[setup reg-out] _22009_/Q -> dout[7] : -4.598313
[setup in-reg] din[5] -> _20756_/D : -4.588334
[setup reg-reg] _22009_/Q -> _20708_/D : -4.577270
[setup reg-reg] _22009_/Q -> _20606_/D : -4.577181
[setup reg-reg] _22009_/Q -> _20607_/D : -4.566218
[setup reg-reg] _22009_/Q -> _20609_/D : -4.515418
[setup reg-reg] _22009_/Q -> _20610_/D : -4.514277
[setup in-reg] din[5] -> _20758_/D : -4.504937
[setup reg-reg] _20532_/Q -> _21810_/D : -4.498776
[setup reg-reg] _22009_/Q -> _20682_/D : -4.488164
[setup reg-reg] _22009_/Q -> _20684_/D : -4.487326
[setup reg-reg] _22009_/Q -> _20680_/D : -4.486086
[setup reg-reg] _20532_/Q -> _21811_/D : -4.451298
[setup reg-reg] _22009_/Q -> _20710_/D : -4.441056
[setup reg-reg] _22009_/Q -> _20709_/D : -4.431882
[setup reg-reg] _22009_/Q -> _20679_/D : -4.431492
[setup reg-reg] _20532_/Q -> _21812_/D : -4.430635
[setup reg-reg] _22009_/Q -> _20711_/D : -4.428198
[setup reg-reg] _22009_/Q -> _20603_/D : -4.427449
[setup reg-reg] _22009_/Q -> _20681_/D : -4.423221
[setup reg-reg] _22009_/Q -> _20608_/D : -4.418972
[setup reg-reg] _22009_/Q -> _20605_/D : -4.415167
[setup reg-reg] _20532_/Q -> _21809_/D : -4.390042
[setup reg-reg] _20532_/Q -> _21813_/D : -4.381455
[setup reg-reg] _20532_/Q -> _21808_/D : -4.370986
[setup reg-reg] _20532_/Q -> _20528_/D : -4.360349
[setup reg-reg] _20532_/Q -> _21842_/D : -4.271574
[setup reg-reg] _20532_/Q -> _21841_/D : -4.258915
[setup reg-reg] _22009_/Q -> _20580_/D : -4.061047
[setup reg-reg] _22009_/Q -> _20617_/D : -4.049973
[setup reg-reg] _20536_/Q -> _21113_/D : -4.032153
[setup reg-reg] _22009_/Q -> _20616_/D : -4.030934
[setup reg-reg] _22009_/Q -> _20556_/D : -4.013842
[setup reg-reg] _22009_/Q -> _20572_/D : -4.005816
[setup reg-reg] _22009_/Q -> _20571_/D : -4.004239
[setup reg-reg] _22009_/Q -> _20561_/D : -3.993524
[setup reg-reg] _22009_/Q -> _20578_/D : -3.988397
[setup reg-reg] _22009_/Q -> _20577_/D : -3.976162
[setup reg-reg] _22009_/Q -> _20585_/D : -3.969326
[setup reg-reg] _22009_/Q -> _20582_/D : -3.964306
[setup reg-reg] _22009_/Q -> _20568_/D : -3.963073
[setup reg-reg] _22009_/Q -> _20615_/D : -3.962093
[setup reg-reg] _22009_/Q -> _20574_/D : -3.956768
[setup reg-reg] _22009_/Q -> _20557_/D : -3.951122
[setup reg-reg] _22009_/Q -> _20614_/D : -3.948227
[setup reg-reg] _22009_/Q -> _20564_/D : -3.944070
[setup reg-reg] _22009_/Q -> _20560_/D : -3.927433
[setup reg-reg] _22009_/Q -> _20613_/D : -3.922576
[setup reg-reg] _22009_/Q -> _20618_/D : -3.916942
[setup reg-reg] _22009_/Q -> _20569_/D : -3.913300
[setup reg-reg] _22009_/Q -> _20592_/D : -3.897593
[setup reg-reg] _22009_/Q -> _20591_/D : -3.892328
[setup reg-reg] _22009_/Q -> _20674_/D : -3.880558
[setup reg-reg] _22009_/Q -> _20668_/D : -3.869019
[setup reg-reg] _22009_/Q -> _20589_/D : -3.864596
[setup reg-reg] _22009_/Q -> _20673_/D : -3.864439
[setup reg-reg] _22009_/Q -> _20664_/D : -3.862819
[setup in-reg] din[5] -> _20737_/D : -3.853838
[setup reg-reg] _22009_/Q -> _20667_/D : -3.852065
[setup reg-reg] _22009_/Q -> _20663_/D : -3.836473
[setup reg-reg] _22009_/Q -> _20672_/D : -3.811454
[setup reg-reg] _22009_/Q -> _20675_/D : -3.803638
[setup reg-reg] _22009_/Q -> _22063_/D : -3.781739
[setup reg-reg] _20532_/Q -> _21100_/D : -3.768751
[setup reg-reg] _22009_/Q -> _20587_/D : -3.723532
[setup reg-reg] _22009_/Q -> _20588_/D : -3.703796
[setup reg-reg] _22009_/Q -> _22058_/D : -3.696215
[setup reg-reg] _22009_/Q -> _22060_/D : -3.681304
[setup reg-reg] _21685_/Q -> _21195_/D : -3.680327
[setup reg-reg] _22009_/Q -> _20590_/D : -3.677577
[setup reg-reg] _22009_/Q -> _22059_/D : -3.671510
[setup reg-reg] _20536_/Q -> _21128_/D : -3.632934
[setup reg-reg] _22009_/Q -> _20593_/D : -3.630355
[setup reg-reg] _22009_/Q -> _22057_/D : -3.615163
[setup reg-reg] _22009_/Q -> _20686_/D : -3.598427
[setup reg-reg] _22009_/Q -> _20586_/D : -3.586323
[setup reg-reg] _22009_/Q -> _20688_/D : -3.585143
[setup reg-reg] _22009_/Q -> _20670_/D : -3.584752
[setup reg-reg] _22009_/Q -> _20685_/D : -3.584702
[setup reg-reg] _22009_/Q -> _20669_/D : -3.583860
[setup reg-reg] _22009_/Q -> _22097_/D : -3.576957
[setup reg-reg] _22009_/Q -> _20671_/D : -3.576940
[setup reg-reg] _22009_/Q -> _20677_/D : -3.565159
[setup reg-reg] _22009_/Q -> _22096_/D : -3.563447
[setup reg-reg] _22009_/Q -> _20689_/D : -3.557528
[setup reg-reg] _22009_/Q -> _22091_/D : -3.551570
[setup reg-reg] _20536_/Q -> _21127_/D : -3.541771
[setup reg-reg] _22009_/Q -> _22066_/D : -3.520057
[setup reg-reg] _20532_/Q -> _21098_/D : -3.516799
[setup reg-reg] _22009_/Q -> _22062_/D : -3.508536
[setup reg-reg] _22009_/Q -> _22089_/D : -3.504322
[setup reg-reg] _22009_/Q -> _22050_/D : -3.503267
[setup reg-reg] _22009_/Q -> _22101_/D : -3.503263
[setup reg-reg] _22009_/Q -> _22038_/D : -3.501395
[setup reg-reg] _22009_/Q -> _22053_/D : -3.487635
[setup reg-reg] _22009_/Q -> _22090_/D : -3.484097
[setup reg-reg] _22009_/Q -> _22095_/D : -3.463335
[setup reg-reg] _22009_/Q -> _22088_/D : -3.442676
[setup reg-reg] _22009_/Q -> _22092_/D : -3.441741
[setup reg-reg] _22009_/Q -> _22061_/D : -3.439229
[setup reg-reg] _22009_/Q -> _22093_/D : -3.437812
[setup reg-reg] _22009_/Q -> _22054_/D : -3.435130
[setup reg-reg] _22009_/Q -> _22094_/D : -3.434771
[setup reg-reg] _22009_/Q -> _20638_/D : -3.428095
[setup reg-reg] _22009_/Q -> _20637_/D : -3.424184
[setup reg-reg] _22009_/Q -> _20635_/D : -3.408189
[setup reg-reg] _22009_/Q -> _20599_/D : -3.358043
[setup reg-reg] _22009_/Q -> _22041_/D : -3.344219
[setup reg-reg] _22009_/Q -> _20640_/D : -3.325908
[setup reg-reg] _22009_/Q -> _20597_/D : -3.298684
[setup reg-reg] _22009_/Q -> _20639_/D : -3.288840
[setup reg-reg] _22009_/Q -> _20634_/D : -3.258475
[setup reg-reg] _22009_/Q -> _20636_/D : -3.227566
[setup reg-reg] _22009_/Q -> _20600_/D : -3.218379
[setup reg-reg] _22009_/Q -> _22043_/D : -3.204935
[setup reg-reg] _20536_/Q -> _21112_/D : -3.201461
[setup reg-reg] _22009_/Q -> _22048_/D : -3.154011
[setup reg-reg] _22009_/Q -> _20598_/D : -3.149562
[setup reg-reg] _22009_/Q -> _20595_/D : -3.147019
[setup reg-reg] _22009_/Q -> _22044_/D : -3.125450
[setup reg-reg] _22009_/Q -> _22047_/D : -3.117872
[setup reg-reg] _22009_/Q -> _20596_/D : -3.111161
[setup reg-reg] _22009_/Q -> _22069_/D : -3.108898
[setup reg-reg] _22009_/Q -> _22077_/D : -3.067481
[setup reg-reg] _22009_/Q -> _22046_/D : -3.055419
[setup reg-reg] _22009_/Q -> _22074_/D : -3.038977
[setup reg-reg] _22009_/Q -> _22073_/D : -3.028678
[setup reg-reg] _22009_/Q -> _22055_/D : -3.019135
[setup reg-reg] _22009_/Q -> _20601_/D : -3.016993
[setup reg-reg] _22009_/Q -> _22075_/D : -3.002310
[setup reg-reg] _22009_/Q -> _20625_/D : -2.999542
[setup reg-reg] _22009_/Q -> _22042_/D : -2.995378
[setup reg-reg] _20536_/Q -> _21110_/D : -2.976240
[setup reg-reg] _22009_/Q -> _22072_/D : -2.946461
[setup reg-reg] _22009_/Q -> _20666_/D : -2.924477
[setup reg-reg] _22009_/Q -> _20665_/D : -2.915215
[setup reg-reg] _22009_/Q -> _22045_/D : -2.913776
[setup reg-reg] _22009_/Q -> _20623_/D : -2.911104
[setup reg-reg] _22009_/Q -> _22051_/D : -2.826045
[setup reg-reg] _22009_/Q -> _20630_/D : -2.819416
[setup reg-reg] _22009_/Q -> _20626_/D : -2.771184
[setup reg-reg] _22009_/Q -> _20715_/D : -2.765702
[setup reg-reg] _22009_/Q -> _20624_/D : -2.764011
[setup reg-reg] _22009_/Q -> _22085_/D : -2.763414
[setup reg-reg] _22009_/Q -> _22078_/D : -2.756057
[setup reg-reg] _22009_/Q -> _20687_/D : -2.754241
[setup reg-reg] _22009_/Q -> _22083_/D : -2.752476
[setup reg-reg] _22009_/Q -> _20629_/D : -2.746500
[setup reg-reg] _22009_/Q -> _22076_/D : -2.744649
[setup reg-reg] _20536_/Q -> _21111_/D : -2.669445
[setup reg-reg] _20532_/Q -> _21124_/D : -2.606079
[setup reg-reg] _20536_/Q -> _21126_/D : -2.591126
[setup reg-reg] _20536_/Q -> _21109_/D : -2.584024
[setup reg-reg] _22009_/Q -> _20525_/D : -2.455138
[setup reg-reg] _20532_/Q -> _21080_/D : -2.271904
[setup reg-reg] _20532_/Q -> _21137_/D : -2.245180
[setup reg-reg] _20532_/Q -> _21096_/D : -2.234163
[setup reg-reg] _22009_/Q -> _22018_/D : -2.071882
[setup reg-reg] _21685_/Q -> _21193_/D : -2.017700
[setup reg-reg] _20532_/Q -> _21251_/D : -1.988486
[setup reg-reg] _20532_/Q -> _21259_/D : -1.959005
[setup reg-reg] _20806_/Q -> _21093_/D : -1.949911
[setup reg-reg] _20532_/Q -> _21095_/D : -1.917364
[setup reg-reg] _20532_/Q -> _21130_/D : -1.906855
[setup reg-reg] _20532_/Q -> _21123_/D : -1.902240
[setup reg-reg] _21685_/Q -> _21194_/D : -1.852950
[setup reg-reg] _20532_/Q -> _21138_/D : -1.826479
[setup reg-reg] _20806_/Q -> _21078_/D : -1.754298
[setup reg-reg] _20532_/Q -> _21097_/D : -1.713598
[setup reg-reg] _22009_/Q -> u_transform_scheduler_core.u_fft_scratch_sram.u_hi.u_sram/CEN : -1.616559
[setup reg-reg] _20806_/Q -> _21094_/D : -1.610122
[setup reg-reg] _20532_/Q -> _21099_/D : -1.602526
[setup reg-reg] _20806_/Q -> _21076_/D : -1.540524
[setup reg-reg] _20532_/Q -> _21140_/D : -1.521403
[setup reg-reg] _20532_/Q -> _21079_/D : -1.493937
[setup reg-reg] _20532_/Q -> _21248_/D : -1.450292
[setup reg-reg] _20532_/Q -> _21250_/D : -1.450292
[setup reg-reg] _20806_/Q -> _21077_/D : -1.392486
[setup in-reg] din[5] -> _20744_/D : -1.383164
[setup in-reg] din[5] -> _20751_/D : -1.341675
[setup in-reg] din[5] -> _20750_/D : -1.336289
[setup in-reg] din[5] -> _20748_/D : -1.324832
[setup reg-reg] _22009_/Q -> _21814_/D : -1.303217
[setup in-reg] din[5] -> _20742_/D : -1.302478
[setup reg-reg] _22009_/Q -> _20559_/D : -1.265697
[setup in-reg] din[5] -> _20745_/D : -1.240593
[setup reg-reg] _22009_/Q -> _20573_/D : -1.207592
[setup reg-reg] _22009_/Q -> _20575_/D : -1.197119
[setup reg-reg] _20532_/Q -> _21843_/D : -1.192671
[setup reg-reg] _22009_/Q -> _20584_/D : -1.171298
[setup reg-reg] _22009_/Q -> _20563_/D : -1.159240
[setup reg-reg] _20532_/Q -> _21815_/D : -1.154177
[setup reg-reg] _20532_/Q -> _21840_/D : -1.151520
[setup reg-reg] _22009_/Q -> u_transform_scheduler_core.u_fft_scratch_sram.u_lo.u_sram/CEN : -1.141569
[setup reg-reg] _22009_/Q -> _20566_/D : -1.109473
[setup in-reg] din[5] -> _20753_/D : -1.081563
[setup reg-reg] _22009_/Q -> _20567_/D : -1.075403
[setup reg-reg] _20532_/Q -> _21846_/D : -1.062993
[setup reg-reg] _20532_/Q -> _21797_/D : -1.053930
[setup reg-reg] _22009_/Q -> _20646_/D : -1.029417
[setup reg-reg] _20532_/Q -> _21554_/D : -1.024137
[setup reg-reg] _22009_/Q -> _20643_/D : -1.020005
[setup reg-reg] _20532_/Q -> _21529_/D : -1.014971
[setup reg-reg] _22009_/Q -> _20558_/D : -1.005702
[setup reg-reg] _20532_/Q -> _21845_/D : -0.989072
[setup reg-reg] _22009_/Q -> _20570_/D : -0.982638
[setup reg-reg] _22009_/Q -> _20576_/D : -0.967667
[setup reg-reg] _22009_/Q -> _20555_/D : -0.963802
[setup reg-reg] _22009_/Q -> _20645_/D : -0.941462
[setup reg-reg] _22009_/Q -> _20641_/D : -0.938442
[setup reg-reg] _22009_/Q -> _20644_/D : -0.884810
[setup reg-reg] _22009_/Q -> _20642_/D : -0.857490
[setup reg-reg] _20532_/Q -> _21531_/D : -0.837325
[setup reg-reg] _22009_/Q -> _21898_/D : -0.806086
[setup reg-reg] _20532_/Q -> _21555_/D : -0.799187
[setup reg-reg] _22009_/Q -> _21057_/D : -0.792745
[setup reg-reg] _20532_/Q -> _21532_/D : -0.784933
[setup reg-reg] _22009_/Q -> _22102_/D : -0.780428
[setup reg-reg] _20532_/Q -> _21528_/D : -0.779746
[setup reg-reg] _22009_/Q -> _21889_/D : -0.778996
[setup reg-reg] _22009_/Q -> _22064_/D : -0.727727
[setup reg-reg] _22009_/Q -> _20683_/D : -0.721428
[setup reg-reg] _22009_/Q -> _20604_/D : -0.709615
[setup reg-reg] _22009_/Q -> _22068_/D : -0.699245
[setup reg-reg] _22009_/Q -> _21890_/D : -0.686786
[setup reg-reg] _22009_/Q -> _22065_/D : -0.679762
[setup reg-reg] _22009_/Q -> _20676_/D : -0.670717
[setup reg-reg] _22009_/Q -> _20678_/D : -0.633264
[setup reg-reg] _22009_/Q -> _20736_/D : -0.617142
[setup reg-reg] _22009_/Q -> _21897_/D : -0.617142
[setup reg-reg] _22009_/Q -> _22070_/D : -0.583910
[setup reg-reg] _22009_/Q -> _22087_/D : -0.569720
[setup reg-reg] _22009_/Q -> _22100_/D : -0.559346
[setup reg-reg] _22009_/Q -> _22039_/D : -0.538492
[setup reg-reg] _22009_/Q -> _22098_/D : -0.524164
[setup reg-reg] _22009_/Q -> _22067_/D : -0.518916
[setup reg-reg] _22009_/Q -> _22099_/D : -0.518021
[setup reg-reg] _22009_/Q -> _20612_/D : -0.499814
[setup reg-reg] _22009_/Q -> _20611_/D : -0.496591
[setup reg-reg] _22009_/Q -> _20542_/D : -0.471317
[setup reg-reg] _22009_/Q -> _22071_/D : -0.437225
[setup reg-reg] _22009_/Q -> _20621_/D : -0.366928
[setup reg-reg] _22009_/Q -> _20619_/D : -0.359353
[setup reg-reg] _22009_/Q -> _20620_/D : -0.355694
[setup reg-reg] _22009_/Q -> _21894_/D : -0.351353
[setup reg-reg] _22009_/Q -> _20622_/D : -0.341569
[setup reg-reg] _22009_/Q -> _20551_/D : -0.302745
[setup reg-reg] _21685_/Q -> _21192_/D : -0.295330
[setup reg-reg] _22009_/Q -> _20594_/D : -0.284423
[setup reg-reg] _22009_/Q -> _21895_/D : -0.248910
[setup reg-reg] _22009_/Q -> _21896_/D : -0.182798
[setup reg-reg] _20532_/Q -> _21437_/D : -0.125180
[setup reg-reg] _22009_/Q -> _21988_/D : -0.122672
[setup reg-reg] _22009_/Q -> _22106_/D : -0.081783
[setup reg-reg] _20532_/Q -> _21438_/D : -0.029466
