
===========================================================================
report_checks -path_delay max (Setup)
============================================================================
======================= nom_tt_025C_5v00 Corner ===================================

Startpoint: u_sram (rising edge-triggered flip-flop clocked by clk)
Endpoint: q[0] (output port clocked by clk)
Path Group: clk
Path Type: max

Fanout         Cap        Slew       Delay        Time   Description
---------------------------------------------------------------------------------------------
                                  0.000000    0.000000   clock clk (rise edge)
                                  0.000000    0.000000   clock source latency
     5    0.308682    1.266071    0.727933    0.727933 ^ clk (in)
                                                         clk (net)
                      1.266302    0.000000    0.727933 ^ u_sram/CLK (gf180mcu_fd_ip_sram__sram64x8m8wm1)
     1    0.081026    0.698391   16.646698   17.374632 v u_sram/Q[0] (gf180mcu_fd_ip_sram__sram64x8m8wm1)
                                                         q[0] (net)
                      0.698978    0.002487   17.377119 v q[0] (out)
                                             17.377119   data arrival time

                                 50.000000   50.000000   clock clk (rise edge)
                                  0.000000   50.000000   clock network delay (propagated)
                                 -0.250000   49.749996   clock uncertainty
                                  0.000000   49.749996   clock reconvergence pessimism
                                -10.000000   39.749996   output external delay
                                             39.749996   data required time
---------------------------------------------------------------------------------------------
                                             39.749996   data required time
                                            -17.377119   data arrival time
---------------------------------------------------------------------------------------------
                                             22.372877   slack (MET)


Startpoint: u_sram (rising edge-triggered flip-flop clocked by clk)
Endpoint: q[2] (output port clocked by clk)
Path Group: clk
Path Type: max

Fanout         Cap        Slew       Delay        Time   Description
---------------------------------------------------------------------------------------------
                                  0.000000    0.000000   clock clk (rise edge)
                                  0.000000    0.000000   clock source latency
     5    0.308682    1.266071    0.727933    0.727933 ^ clk (in)
                                                         clk (net)
                      1.266302    0.000000    0.727933 ^ u_sram/CLK (gf180mcu_fd_ip_sram__sram64x8m8wm1)
     1    0.081027    0.698396   16.646702   17.374636 v u_sram/Q[2] (gf180mcu_fd_ip_sram__sram64x8m8wm1)
                                                         q[2] (net)
                      0.698982    0.002487   17.377123 v q[2] (out)
                                             17.377123   data arrival time

                                 50.000000   50.000000   clock clk (rise edge)
                                  0.000000   50.000000   clock network delay (propagated)
                                 -0.250000   49.749996   clock uncertainty
                                  0.000000   49.749996   clock reconvergence pessimism
                                -10.000000   39.749996   output external delay
                                             39.749996   data required time
---------------------------------------------------------------------------------------------
                                             39.749996   data required time
                                            -17.377123   data arrival time
---------------------------------------------------------------------------------------------
                                             22.372873   slack (MET)


Startpoint: u_sram (rising edge-triggered flip-flop clocked by clk)
Endpoint: q[1] (output port clocked by clk)
Path Group: clk
Path Type: max

Fanout         Cap        Slew       Delay        Time   Description
---------------------------------------------------------------------------------------------
                                  0.000000    0.000000   clock clk (rise edge)
                                  0.000000    0.000000   clock source latency
     5    0.308682    1.266071    0.727933    0.727933 ^ clk (in)
                                                         clk (net)
                      1.266302    0.000000    0.727933 ^ u_sram/CLK (gf180mcu_fd_ip_sram__sram64x8m8wm1)
     1    0.081007    0.698367   16.646645   17.374578 v u_sram/Q[1] (gf180mcu_fd_ip_sram__sram64x8m8wm1)
                                                         q[1] (net)
                      0.698951    0.002480   17.377058 v q[1] (out)
                                             17.377058   data arrival time

                                 50.000000   50.000000   clock clk (rise edge)
                                  0.000000   50.000000   clock network delay (propagated)
                                 -0.250000   49.749996   clock uncertainty
                                  0.000000   49.749996   clock reconvergence pessimism
                                -10.000000   39.749996   output external delay
                                             39.749996   data required time
---------------------------------------------------------------------------------------------
                                             39.749996   data required time
                                            -17.377058   data arrival time
---------------------------------------------------------------------------------------------
                                             22.372938   slack (MET)


Startpoint: u_sram (rising edge-triggered flip-flop clocked by clk)
Endpoint: q[3] (output port clocked by clk)
Path Group: clk
Path Type: max

Fanout         Cap        Slew       Delay        Time   Description
---------------------------------------------------------------------------------------------
                                  0.000000    0.000000   clock clk (rise edge)
                                  0.000000    0.000000   clock source latency
     5    0.308682    1.266071    0.727933    0.727933 ^ clk (in)
                                                         clk (net)
                      1.266302    0.000000    0.727933 ^ u_sram/CLK (gf180mcu_fd_ip_sram__sram64x8m8wm1)
     1    0.081006    0.698310   16.646645   17.374577 v u_sram/Q[3] (gf180mcu_fd_ip_sram__sram64x8m8wm1)
                                                         q[3] (net)
                      0.698895    0.002478   17.377054 v q[3] (out)
                                             17.377054   data arrival time

                                 50.000000   50.000000   clock clk (rise edge)
                                  0.000000   50.000000   clock network delay (propagated)
                                 -0.250000   49.749996   clock uncertainty
                                  0.000000   49.749996   clock reconvergence pessimism
                                -10.000000   39.749996   output external delay
                                             39.749996   data required time
---------------------------------------------------------------------------------------------
                                             39.749996   data required time
                                            -17.377054   data arrival time
---------------------------------------------------------------------------------------------
                                             22.372942   slack (MET)


Startpoint: rst (input port clocked by clk)
Endpoint: _36_ (rising edge-triggered flip-flop clocked by clk)
Path Group: clk
Path Type: max

Fanout         Cap        Slew       Delay        Time   Description
---------------------------------------------------------------------------------------------
                                  0.000000    0.000000   clock clk (rise edge)
                                  0.000000    0.000000   clock network delay (propagated)
                                 10.000000   10.000000 ^ input external delay
     4    0.074418    1.235866    0.702956   10.702956 ^ rst (in)
                                                         rst (net)
                      1.236243    0.000000   10.702956 ^ _33_/A2 (gf180mcu_fd_sc_mcu7t5v0__nor2_1)
     1    0.004359    0.387002    0.185262   10.888218 v _33_/ZN (gf180mcu_fd_sc_mcu7t5v0__nor2_1)
                                                         _02_ (net)
                      0.387002    0.000031   10.888248 v _36_/D (gf180mcu_fd_sc_mcu7t5v0__dffq_1)
                                             10.888248   data arrival time

                                 50.000000   50.000000   clock clk (rise edge)
                                  0.000000   50.000000   clock source latency
     5    0.308682    1.266071    0.725990   50.725990 ^ clk (in)
                                                         clk (net)
                      1.266218    0.000000   50.725990 ^ _36_/CLK (gf180mcu_fd_sc_mcu7t5v0__dffq_1)
                                 -0.250000   50.475986   clock uncertainty
                                  0.000000   50.475986   clock reconvergence pessimism
                                 -0.177702   50.298283   library setup time
                                             50.298283   data required time
---------------------------------------------------------------------------------------------
                                             50.298283   data required time
                                            -10.888248   data arrival time
---------------------------------------------------------------------------------------------
                                             39.410034   slack (MET)


Startpoint: rst (input port clocked by clk)
Endpoint: _38_ (rising edge-triggered flip-flop clocked by clk)
Path Group: clk
Path Type: max

Fanout         Cap        Slew       Delay        Time   Description
---------------------------------------------------------------------------------------------
                                  0.000000    0.000000   clock clk (rise edge)
                                  0.000000    0.000000   clock network delay (propagated)
                                 10.000000   10.000000 ^ input external delay
     4    0.074418    1.235866    0.702983   10.702984 ^ rst (in)
                                                         rst (net)
                      1.236245    0.000000   10.702984 ^ _30_/A1 (gf180mcu_fd_sc_mcu7t5v0__nor3_1)
     1    0.004334    0.362708    0.153524   10.856508 v _30_/ZN (gf180mcu_fd_sc_mcu7t5v0__nor3_1)
                                                         _00_ (net)
                      0.362708    0.000031   10.856539 v _38_/D (gf180mcu_fd_sc_mcu7t5v0__dffq_1)
                                             10.856539   data arrival time

                                 50.000000   50.000000   clock clk (rise edge)
                                  0.000000   50.000000   clock source latency
     5    0.308682    1.266071    0.725944   50.725941 ^ clk (in)
                                                         clk (net)
                      1.266216    0.000000   50.725941 ^ _38_/CLK (gf180mcu_fd_sc_mcu7t5v0__dffq_1)
                                 -0.250000   50.475941   clock uncertainty
                                  0.000000   50.475941   clock reconvergence pessimism
                                 -0.168941   50.306999   library setup time
                                             50.306999   data required time
---------------------------------------------------------------------------------------------
                                             50.306999   data required time
                                            -10.856539   data arrival time
---------------------------------------------------------------------------------------------
                                             39.450459   slack (MET)


Startpoint: rst (input port clocked by clk)
Endpoint: _37_ (rising edge-triggered flip-flop clocked by clk)
Path Group: clk
Path Type: max

Fanout         Cap        Slew       Delay        Time   Description
---------------------------------------------------------------------------------------------
                                  0.000000    0.000000   clock clk (rise edge)
                                  0.000000    0.000000   clock network delay (propagated)
                                 10.000000   10.000000 ^ input external delay
     4    0.074418    1.235866    0.702961   10.702962 ^ rst (in)
                                                         rst (net)
                      1.236244    0.000000   10.702962 ^ _35_/A1 (gf180mcu_fd_sc_mcu7t5v0__nor2_1)
     1    0.004786    0.340970    0.128736   10.831697 v _35_/ZN (gf180mcu_fd_sc_mcu7t5v0__nor2_1)
                                                         _03_ (net)
                      0.340970    0.000040   10.831738 v _37_/D (gf180mcu_fd_sc_mcu7t5v0__dffq_1)
                                             10.831738   data arrival time

                                 50.000000   50.000000   clock clk (rise edge)
                                  0.000000   50.000000   clock source latency
     5    0.308682    1.266071    0.725976   50.725975 ^ clk (in)
                                                         clk (net)
                      1.266217    0.000000   50.725975 ^ _37_/CLK (gf180mcu_fd_sc_mcu7t5v0__dffq_1)
                                 -0.250000   50.475975   clock uncertainty
                                  0.000000   50.475975   clock reconvergence pessimism
                                 -0.161101   50.314873   library setup time
                                             50.314873   data required time
---------------------------------------------------------------------------------------------
                                             50.314873   data required time
                                            -10.831738   data arrival time
---------------------------------------------------------------------------------------------
                                             39.483135   slack (MET)


Startpoint: rst (input port clocked by clk)
Endpoint: _39_ (rising edge-triggered flip-flop clocked by clk)
Path Group: clk
Path Type: max

Fanout         Cap        Slew       Delay        Time   Description
---------------------------------------------------------------------------------------------
                                  0.000000    0.000000   clock clk (rise edge)
                                  0.000000    0.000000   clock network delay (propagated)
                                 10.000000   10.000000 ^ input external delay
     4    0.074418    1.235866    0.702899   10.702899 ^ rst (in)
                                                         rst (net)
                      1.236240    0.000000   10.702899 ^ _32_/A1 (gf180mcu_fd_sc_mcu7t5v0__nor2_1)
     1    0.004278    0.330140    0.117774   10.820674 v _32_/ZN (gf180mcu_fd_sc_mcu7t5v0__nor2_1)
                                                         _01_ (net)
                      0.330140    0.000029   10.820703 v _39_/D (gf180mcu_fd_sc_mcu7t5v0__dffq_1)
                                             10.820703   data arrival time

                                 50.000000   50.000000   clock clk (rise edge)
                                  0.000000   50.000000   clock source latency
     5    0.308682    1.266071    0.726008   50.726006 ^ clk (in)
                                                         clk (net)
                      1.266219    0.000000   50.726006 ^ _39_/CLK (gf180mcu_fd_sc_mcu7t5v0__dffq_1)
                                 -0.250000   50.476006   clock uncertainty
                                  0.000000   50.476006   clock reconvergence pessimism
                                 -0.157195   50.318813   library setup time
                                             50.318813   data required time
---------------------------------------------------------------------------------------------
                                             50.318813   data required time
                                            -10.820703   data arrival time
---------------------------------------------------------------------------------------------
                                             39.498108   slack (MET)


Startpoint: _36_ (rising edge-triggered flip-flop clocked by clk)
Endpoint: u_sram (rising edge-triggered flip-flop clocked by clk)
Path Group: clk
Path Type: max

Fanout         Cap        Slew       Delay        Time   Description
---------------------------------------------------------------------------------------------
                                  0.000000    0.000000   clock clk (rise edge)
                                  0.000000    0.000000   clock source latency
     5    0.308682    1.266071    0.725991    0.725991 ^ clk (in)
                                                         clk (net)
                      1.266218    0.000000    0.725991 ^ _36_/CLK (gf180mcu_fd_sc_mcu7t5v0__dffq_1)
     5    0.062228    1.042255    1.410397    2.136388 ^ _36_/Q (gf180mcu_fd_sc_mcu7t5v0__dffq_1)
                                                         cnt[0] (net)
                      1.042259    0.001258    2.137646 ^ u_sram/A[0] (gf180mcu_fd_ip_sram__sram64x8m8wm1)
                                              2.137646   data arrival time

                                 50.000000   50.000000   clock clk (rise edge)
                                  0.000000   50.000000   clock source latency
     5    0.308682    1.266071    0.727933   50.727932 ^ clk (in)
                                                         clk (net)
                      1.266302    0.000000   50.727932 ^ u_sram/CLK (gf180mcu_fd_ip_sram__sram64x8m8wm1)
                                 -0.250000   50.477932   clock uncertainty
                                  0.000000   50.477932   clock reconvergence pessimism
                                 -1.959533   48.518394   library setup time
                                             48.518394   data required time
---------------------------------------------------------------------------------------------
                                             48.518394   data required time
                                             -2.137646   data arrival time
---------------------------------------------------------------------------------------------
                                             46.380749   slack (MET)


Startpoint: _37_ (rising edge-triggered flip-flop clocked by clk)
Endpoint: u_sram (rising edge-triggered flip-flop clocked by clk)
Path Group: clk
Path Type: max

Fanout         Cap        Slew       Delay        Time   Description
---------------------------------------------------------------------------------------------
                                  0.000000    0.000000   clock clk (rise edge)
                                  0.000000    0.000000   clock source latency
     5    0.308682    1.266071    0.725977    0.725977 ^ clk (in)
                                                         clk (net)
                      1.266217    0.000000    0.725977 ^ _37_/CLK (gf180mcu_fd_sc_mcu7t5v0__dffq_1)
     4    0.056343    0.948244    1.356040    2.082018 ^ _37_/Q (gf180mcu_fd_sc_mcu7t5v0__dffq_1)
                                                         cnt[1] (net)
                      0.948249    0.001212    2.083230 ^ u_sram/A[1] (gf180mcu_fd_ip_sram__sram64x8m8wm1)
                                              2.083230   data arrival time

                                 50.000000   50.000000   clock clk (rise edge)
                                  0.000000   50.000000   clock source latency
     5    0.308682    1.266071    0.727933   50.727932 ^ clk (in)
                                                         clk (net)
                      1.266302    0.000000   50.727932 ^ u_sram/CLK (gf180mcu_fd_ip_sram__sram64x8m8wm1)
                                 -0.250000   50.477932   clock uncertainty
                                  0.000000   50.477932   clock reconvergence pessimism
                                 -1.929100   48.548832   library setup time
                                             48.548832   data required time
---------------------------------------------------------------------------------------------
                                             48.548832   data required time
                                             -2.083230   data arrival time
---------------------------------------------------------------------------------------------
                                             46.465603   slack (MET)


Startpoint: _38_ (rising edge-triggered flip-flop clocked by clk)
Endpoint: u_sram (rising edge-triggered flip-flop clocked by clk)
Path Group: clk
Path Type: max

Fanout         Cap        Slew       Delay        Time   Description
---------------------------------------------------------------------------------------------
                                  0.000000    0.000000   clock clk (rise edge)
                                  0.000000    0.000000   clock source latency
     5    0.308682    1.266071    0.725944    0.725944 ^ clk (in)
                                                         clk (net)
                      1.266216    0.000000    0.725944 ^ _38_/CLK (gf180mcu_fd_sc_mcu7t5v0__dffq_1)
     3    0.047908    0.813684    1.278161    2.004104 ^ _38_/Q (gf180mcu_fd_sc_mcu7t5v0__dffq_1)
                                                         cnt[2] (net)
                      0.813689    0.001135    2.005239 ^ u_sram/A[2] (gf180mcu_fd_ip_sram__sram64x8m8wm1)
                                              2.005239   data arrival time

                                 50.000000   50.000000   clock clk (rise edge)
                                  0.000000   50.000000   clock source latency
     5    0.308682    1.266071    0.727933   50.727932 ^ clk (in)
                                                         clk (net)
                      1.266302    0.000000   50.727932 ^ u_sram/CLK (gf180mcu_fd_ip_sram__sram64x8m8wm1)
                                 -0.250000   50.477932   clock uncertainty
                                  0.000000   50.477932   clock reconvergence pessimism
                                 -1.897111   48.580822   library setup time
                                             48.580822   data required time
---------------------------------------------------------------------------------------------
                                             48.580822   data required time
                                             -2.005239   data arrival time
---------------------------------------------------------------------------------------------
                                             46.575581   slack (MET)


Startpoint: _39_ (rising edge-triggered flip-flop clocked by clk)
Endpoint: u_sram (rising edge-triggered flip-flop clocked by clk)
Path Group: clk
Path Type: max

Fanout         Cap        Slew       Delay        Time   Description
---------------------------------------------------------------------------------------------
                                  0.000000    0.000000   clock clk (rise edge)
                                  0.000000    0.000000   clock source latency
     5    0.308682    1.266071    0.726007    0.726007 ^ clk (in)
                                                         clk (net)
                      1.266219    0.000000    0.726007 ^ _39_/CLK (gf180mcu_fd_sc_mcu7t5v0__dffq_1)
     2    0.043737    0.747454    1.240180    1.966187 ^ _39_/Q (gf180mcu_fd_sc_mcu7t5v0__dffq_1)
                                                         cnt[3] (net)
                      0.747454    0.000300    1.966487 ^ u_sram/A[3] (gf180mcu_fd_ip_sram__sram64x8m8wm1)
                                              1.966487   data arrival time

                                 50.000000   50.000000   clock clk (rise edge)
                                  0.000000   50.000000   clock source latency
     5    0.308682    1.266071    0.727933   50.727932 ^ clk (in)
                                                         clk (net)
                      1.266302    0.000000   50.727932 ^ u_sram/CLK (gf180mcu_fd_ip_sram__sram64x8m8wm1)
                                 -0.250000   50.477932   clock uncertainty
                                  0.000000   50.477932   clock reconvergence pessimism
                                 -1.881410   48.596519   library setup time
                                             48.596519   data required time
---------------------------------------------------------------------------------------------
                                             48.596519   data required time
                                             -1.966487   data arrival time
---------------------------------------------------------------------------------------------
                                             46.630032   slack (MET)



