Reading timing models for corner nom_tt_025C_5v00…
Reading timing library for the 'nom_tt_025C_5v00' corner at '/foss/pdks/gf180mcuD/libs.ref/gf180mcu_fd_sc_mcu9t5v0/lib/gf180mcu_fd_sc_mcu9t5v0__tt_025C_5v00.lib'…
Reading timing library for the 'nom_tt_025C_5v00' corner at '/foss/pdks/gf180mcuD/libs.ref/gf180mcu_fd_ip_sram/lib/gf180mcu_fd_ip_sram__sram256x8m8wm1__tt_025C_5v00.lib'…
Reading OpenROAD database at '/headless/aravindustries-repos/butterfold/butterfold_proto/physical/librelane/runs/butterfold_top_24pin_38p4_9t/21-openroad-ioplacement/butterfold_top.odb'…
Reading design constraints file at '/headless/aravindustries-repos/butterfold/butterfold_proto/physical/constraints.sdc'…
[INFO] No information on clock propagation in input SDC file-- propagating all clocks.
[INFO] Setting signal min routing layer to: Metal2 and clock min routing layer to Metal2. 
[INFO] Setting signal max routing layer to: Metal5 and clock max routing layer to Metal5. 
+ global_placement -density 0.65 -routability_driven -pad_right 1 -pad_left 1 -init_wirelength_coef 0.25
[INFO GPL-0001] ---- Initialize GPL Main Data Structures
[INFO GPL-0002] DBU: 2000
[INFO GPL-0003] SiteSize: (  0.560  5.040 ) um
[INFO GPL-0004] CoreBBox: (  6.720 20.160 ) ( 1086.960 1098.720 ) um
[INFO GPL-0036] Movable instances area:     467445.888 um^2
[INFO GPL-0037] Total instances area:       792117.850 um^2
[INFO GPL-0035] Pin density area adjust:     49545.848 um^2
[INFO GPL-0032] ---- Initialize Region: Top-level
[INFO GPL-0006] Number of instances:             15462
[INFO GPL-0007] Movable instances:               10927
[INFO GPL-0008] Fixed instances:                  4251
[INFO GPL-0009] Dummy instances:                   284
[INFO GPL-0010] Number of nets:                  10955
[INFO GPL-0011] Number of pins:                  40973
[INFO GPL-0012] Die BBox:  (  0.000  0.000 ) ( 1093.710 1120.590 ) um
[INFO GPL-0013] Core BBox: (  6.720 20.160 ) ( 1086.960 1098.720 ) um
[INFO GPL-0016] Core area:                  1165103.654 um^2
[INFO GPL-0014] Region name: top-level.
[INFO GPL-0015] Region area:                1165103.654 um^2
[INFO GPL-0017] Fixed instances area:       356937.638 um^2
[INFO GPL-0018] Movable instances area:     516991.736 um^2
[INFO GPL-0019] Utilization:                    63.971 %
[INFO GPL-0020] Standard cells area:        516991.736 um^2
[INFO GPL-0021] Large instances area:            0.000 um^2
[INFO GPL-0005] ---- Execute Conjugate Gradient Initial Placement.
[INFO GPL-0051] Source of initial instance position counters:
	Odb location = 10927	Core center = 0	Region center = 0
[InitialPlace]  Iter: 1 conjugate gradient residual: 0.00544110 HPWL: 1542955737
[InitialPlace]  Iter: 2 conjugate gradient residual: 0.01212268 HPWL: 863256147
[InitialPlace]  Iter: 3 conjugate gradient residual: 0.00265938 HPWL: 658628607
[InitialPlace]  Iter: 4 conjugate gradient residual: 0.00093022 HPWL: 565023412
[InitialPlace]  Iter: 5 conjugate gradient residual: 0.00051501 HPWL: 519400182
[InitialPlace]  Iter: 6 conjugate gradient residual: 0.00040512 HPWL: 510326516
[InitialPlace]  Iter: 7 conjugate gradient residual: 0.00005992 HPWL: 504319648
[InitialPlace]  Iter: 8 conjugate gradient residual: 0.00005580 HPWL: 499271311
[InitialPlace]  Iter: 9 conjugate gradient residual: 0.00005809 HPWL: 496370752
[InitialPlace]  Iter: 10 conjugate gradient residual: 0.00005642 HPWL: 492005723
[InitialPlace]  Iter: 11 conjugate gradient residual: 0.00005281 HPWL: 489755671
[InitialPlace]  Iter: 12 conjugate gradient residual: 0.00005358 HPWL: 488483679
[InitialPlace]  Iter: 13 conjugate gradient residual: 0.00010657 HPWL: 487703805
[InitialPlace]  Iter: 14 conjugate gradient residual: 0.00005134 HPWL: 487127799
[InitialPlace]  Iter: 15 conjugate gradient residual: 0.00005269 HPWL: 486823035
[InitialPlace]  Iter: 16 conjugate gradient residual: 0.00011485 HPWL: 486610418
[InitialPlace]  Iter: 17 conjugate gradient residual: 0.00005233 HPWL: 486596924
[InitialPlace]  Iter: 18 conjugate gradient residual: 0.00006213 HPWL: 486549419
[InitialPlace]  Iter: 19 conjugate gradient residual: 0.00005939 HPWL: 486603979
[InitialPlace]  Iter: 20 conjugate gradient residual: 0.00007193 HPWL: 486555202
[INFO GPL-0033] ---- Initialize Nesterov Region: Top-level
[INFO GPL-0023] Placement target density:       0.6500
[INFO GPL-0024] Movable insts average area:     47.313 um^2
[INFO GPL-0025] Ideal bin area:                 72.790 um^2
[INFO GPL-0026] Ideal bin count:                 16006
[INFO GPL-0027] Total bin area:             1165103.654 um^2
[INFO GPL-0028] Bin count (X, Y):          64 ,     64
[INFO GPL-0029] Bin size (W * H):      16.879 * 16.852 um
[INFO GPL-0030] Number of bins:                   4096
[INFO GPL-0007] ---- Execute Nesterov Global Placement.
[INFO GPL-0031] HPWL: Half-Perimeter Wirelength
Iteration | Overflow |     HPWL (um) |  HPWL(%) |   Penalty | Group
---------------------------------------------------------------
        0 |   0.9978 |  6.653767e+04 |   +0.00% |  3.93e-17 |      
       10 |   0.9948 |  8.224813e+04 |  +23.61% |  6.38e-17 |      
       20 |   0.9934 |  8.482030e+04 |   +3.13% |  1.04e-16 |      
       30 |   0.9922 |  8.565847e+04 |   +0.99% |  1.69e-16 |      
       40 |   0.9920 |  8.616254e+04 |   +0.59% |  2.76e-16 |      
       50 |   0.9916 |  8.645983e+04 |   +0.35% |  4.49e-16 |      
       60 |   0.9912 |  8.670802e+04 |   +0.29% |  7.31e-16 |      
       70 |   0.9907 |  8.687777e+04 |   +0.20% |  1.19e-15 |      
       80 |   0.9898 |  8.701918e+04 |   +0.16% |  1.94e-15 |      
       90 |   0.9888 |  8.725474e+04 |   +0.27% |  3.16e-15 |      
      100 |   0.9885 |  8.768366e+04 |   +0.49% |  5.15e-15 |      
      110 |   0.9882 |  8.854477e+04 |   +0.98% |  8.38e-15 |      
      120 |   0.9874 |  9.037578e+04 |   +2.07% |  1.37e-14 |      
      130 |   0.9853 |  9.397239e+04 |   +3.98% |  2.22e-14 |      
      140 |   0.9849 |  1.002953e+05 |   +6.73% |  3.61e-14 |      
      150 |   0.9817 |  1.108776e+05 |  +10.55% |  5.88e-14 |      
      160 |   0.9775 |  1.255316e+05 |  +13.22% |  9.54e-14 |      
      170 |   0.9706 |  1.428729e+05 |  +13.81% |  1.55e-13 |      
      180 |   0.9592 |  1.627269e+05 |  +13.90% |  2.51e-13 |      
      190 |   0.9472 |  1.862545e+05 |  +14.46% |  4.07e-13 |      
      200 |   0.9282 |  2.147967e+05 |  +15.32% |  6.59e-13 |      
      210 |   0.9039 |  2.482471e+05 |  +15.57% |  1.07e-12 |      
      220 |   0.8734 |  2.839751e+05 |  +14.39% |  1.72e-12 |      
      230 |   0.8388 |  3.198108e+05 |  +12.62% |  2.78e-12 |      
      240 |   0.8020 |  3.544345e+05 |  +10.83% |  4.50e-12 |      
      250 |   0.7614 |  3.864021e+05 |   +9.02% |  7.28e-12 |      
      260 |   0.7200 |  4.171699e+05 |   +7.96% |  1.18e-11 |      
      270 |   0.6752 |  4.506930e+05 |   +8.04% |  1.90e-11 |      
      280 |   0.6393 |  4.855052e+05 |   +7.72% |  3.08e-11 |      
[INFO GPL-0038] Routability snapshot saved at iter = 290
      289 |   0.5955 |  5.173363e+05 |          |           |      
      290 |   0.5900 |  5.201801e+05 |   +7.14% |  4.97e-11 |      
      300 |   0.5392 |  5.432434e+05 |   +4.43% |  8.06e-11 |      
      310 |   0.4921 |  5.646496e+05 |   +3.94% |  1.31e-10 |      
      320 |   0.4349 |  5.725061e+05 |   +1.39% |  2.12e-10 |      
      330 |   0.3983 |  5.730647e+05 |   +0.10% |  3.46e-10 |      
      340 |   0.3671 |  5.748369e+05 |   +0.31% |  5.63e-10 |      
      350 |   0.3393 |  5.804803e+05 |   +0.98% |  8.80e-10 |      
      360 |   0.3001 |  5.822199e+05 |   +0.30% |  1.30e-09 |      
[INFO GPL-0040] Routability iteration: 1
[WARNING GRT-0281] Net clk has a large fanout of 2007 terminals.
[WARNING GRT-0281] Net rst_n has a large fanout of 1472 terminals.
[INFO GPL-0041] Total routing overflow: 0.1701
[INFO GPL-0042] Number of overflowed tiles: 4 (0.02%)
[INFO GPL-0043] Average top 0.5% routing congestion: 0.8792
[INFO GPL-0044] Average top 1.0% routing congestion: 0.8481
[INFO GPL-0045] Average top 2.0% routing congestion: 0.8207
[INFO GPL-0046] Average top 5.0% routing congestion: 0.7868
[INFO GPL-0047] Routability iteration weighted routing congestion: 0.8636
[INFO GPL-0050] Weighted routing congestion is lower than target routing congestion(1.0100), end routability optimization.
[INFO GPL-0090] Routability finished. Target routing congestion achieved succesfully.
Iteration | Overflow |     HPWL (um) |  HPWL(%) |   Penalty | Group
---------------------------------------------------------------
      370 |   0.2734 |  5.812123e+05 |   -0.17% |  1.91e-09 |      
      380 |   0.2395 |  5.832413e+05 |   +0.35% |  2.81e-09 |      
      390 |   0.2101 |  5.816042e+05 |   -0.28% |  4.14e-09 |      
      400 |   0.1813 |  5.801534e+05 |   -0.25% |  6.10e-09 |      
      410 |   0.1551 |  5.811630e+05 |   +0.17% |  8.98e-09 |      
      420 |   0.1312 |  5.823918e+05 |   +0.21% |  1.32e-08 |      
      430 |   0.1084 |  5.825065e+05 |   +0.02% |  1.95e-08 |      
      435 |   0.0995 |  5.825765e+05 |          |  2.46e-08 |      
---------------------------------------------------------------
[INFO GPL-1001] Global placement finished at iteration 435
[INFO GPL-1003] Routability mode iteration count: 71
[INFO GPL-1005] Routability final weighted congestion: 0.8104
[INFO GPL-1002] Placed Cell Area            516991.7358
[INFO GPL-1003] Available Free Area         808166.0160
[INFO GPL-1004] Minimum Feasible Density        0.6400 (cell_area / free_area)
[INFO GPL-1006]   Suggested Target Densities:
[INFO GPL-1007]     - For 90% usage of free space: 0.7108
[INFO GPL-1008]     - For 80% usage of free space: 0.7996
[INFO GPL-1011] Original area (um^2): 516991.74
[INFO GPL-1012] Total routability artificial inflation: 0.00 (+0.00%)
[INFO GPL-1014] Final placement area: 516991.74 (+0.00%)
Setting global connections for newly added cells…
[INFO] Setting global connections...
.*u_lo.*u_sram matched with u_transform_scheduler_core.u_fft_scratch_sram.u_lo.u_sram
.*u_hi.*u_sram matched with u_transform_scheduler_core.u_fft_scratch_sram.u_hi.u_sram
[INFO ODB-0403] 0 connections made, 0 conflicts skipped.
Updating metrics…
Cell type report:                       Count       Area
  Macro                                     2  294424.87
  Endcap cell                             720    4064.26
  Tap cell                               4249   23984.76
  Buffer                                   32    1264.44
  Inverter                                499    5667.38
  Sequential cell                        2004  174977.51
  Multi-Input combinational cell         8392  223855.83
  Total                                 15898  728239.04
Writing OpenROAD database to '/headless/aravindustries-repos/butterfold/butterfold_proto/physical/librelane/runs/butterfold_top_24pin_38p4_9t/24-openroad-globalplacement/butterfold_top.odb'…
Writing netlist to '/headless/aravindustries-repos/butterfold/butterfold_proto/physical/librelane/runs/butterfold_top_24pin_38p4_9t/24-openroad-globalplacement/butterfold_top.nl.v'…
Writing powered netlist to '/headless/aravindustries-repos/butterfold/butterfold_proto/physical/librelane/runs/butterfold_top_24pin_38p4_9t/24-openroad-globalplacement/butterfold_top.pnl.v'…
Writing layout to '/headless/aravindustries-repos/butterfold/butterfold_proto/physical/librelane/runs/butterfold_top_24pin_38p4_9t/24-openroad-globalplacement/butterfold_top.def'…
Writing timing constraints to '/headless/aravindustries-repos/butterfold/butterfold_proto/physical/librelane/runs/butterfold_top_24pin_38p4_9t/24-openroad-globalplacement/butterfold_top.sdc'…
