Reading timing models for corner nom_tt_025C_5v00…
Reading timing library for the 'nom_tt_025C_5v00' corner at '/foss/pdks/gf180mcuD/libs.ref/gf180mcu_fd_sc_mcu7t5v0/lib/gf180mcu_fd_sc_mcu7t5v0__tt_025C_5v00.lib'…
Reading timing library for the 'nom_tt_025C_5v00' corner at '/foss/designs/macros/globalfoundries-pdk-ip-gf180mcu_fd_ip_sram/cells/gf180mcu_fd_ip_sram__sram64x8m8wm1/gf180mcu_fd_ip_sram__sram64x8m8wm1__tt_025C_1v80.lib'…
Reading OpenROAD database at '/foss/designs/runs/RUN_2026-06-19_03-36-27/18-openroad-cutrows/counter.odb'…
Reading design constraints file at '/usr/local/lib/python3.12/dist-packages/librelane/scripts/base.sdc'…
[INFO] Using clock clk…
[INFO] Setting output delay to: 10
[INFO] Setting input delay to: 10
[INFO] Setting load to: 0.07291
[INFO] Setting clock uncertainty to: 0.25
[INFO] Setting clock transition to: 0.1499999999999999944488848768742172978818416595458984375
[INFO] Setting timing derate to: 5%
+ tapcell -halo_width_x 10 -halo_width_y 10 -distance 20 -tapcell_master gf180mcu_fd_sc_mcu7t5v0__filltie -endcap_master gf180mcu_fd_sc_mcu7t5v0__endcap
[INFO ODB-0303] The initial 829 rows (4024907 sites) were cut with 1 shapes for a total of 829 rows (4024907 sites).
[INFO TAP-0004] Inserted 1526 endcaps.
[INFO TAP-0005] Inserted 57553 tapcells.
Setting global connections for newly added cells…
[INFO] Setting global connections...
u_sram matched with u_sram
[INFO ODB-0403] 118422 connections made, 1 conflicts skipped, use -force to connect.
Updating metrics…
Cell type report:                       Count       Area
  Macro                                     1  100571.56
  Endcap cell                            1658    7279.28
  Tap cell                              57553  252680.69
  Tie cell                                 20     175.62
  Sequential cell                           4     254.64
  Multi-Input combinational cell            8     153.66
  Total                                 59244  361115.45
Writing OpenROAD database to '/foss/designs/runs/RUN_2026-06-19_03-36-27/19-openroad-tapendcapinsertion/counter.odb'…
Writing netlist to '/foss/designs/runs/RUN_2026-06-19_03-36-27/19-openroad-tapendcapinsertion/counter.nl.v'…
Writing powered netlist to '/foss/designs/runs/RUN_2026-06-19_03-36-27/19-openroad-tapendcapinsertion/counter.pnl.v'…
Writing layout to '/foss/designs/runs/RUN_2026-06-19_03-36-27/19-openroad-tapendcapinsertion/counter.def'…
Writing timing constraints to '/foss/designs/runs/RUN_2026-06-19_03-36-27/19-openroad-tapendcapinsertion/counter.sdc'…
