Reading timing models for corner max_ff_n40C_5v50…
Reading timing library for the 'max_ff_n40C_5v50' corner at '/foss/pdks/gf180mcuD/libs.ref/gf180mcu_fd_sc_mcu9t5v0/lib/gf180mcu_fd_sc_mcu9t5v0__ff_n40C_5v50.lib'…
Reading timing library for the 'max_ff_n40C_5v50' corner at '/foss/pdks/gf180mcuD/libs.ref/gf180mcu_fd_ip_sram/lib/gf180mcu_fd_ip_sram__sram256x8m8wm1__ff_n40C_5v50.lib'…
Reading timing models for corner max_tt_025C_5v00…
Reading timing library for the 'max_tt_025C_5v00' corner at '/foss/pdks/gf180mcuD/libs.ref/gf180mcu_fd_sc_mcu9t5v0/lib/gf180mcu_fd_sc_mcu9t5v0__tt_025C_5v00.lib'…
Reading timing library for the 'max_tt_025C_5v00' corner at '/foss/pdks/gf180mcuD/libs.ref/gf180mcu_fd_ip_sram/lib/gf180mcu_fd_ip_sram__sram256x8m8wm1__tt_025C_5v00.lib'…
Reading timing models for corner nom_ff_n40C_5v50…
Reading timing library for the 'nom_ff_n40C_5v50' corner at '/foss/pdks/gf180mcuD/libs.ref/gf180mcu_fd_sc_mcu9t5v0/lib/gf180mcu_fd_sc_mcu9t5v0__ff_n40C_5v50.lib'…
[WARNING STA-1140] /foss/pdks/gf180mcuD/libs.ref/gf180mcu_fd_sc_mcu9t5v0/lib/gf180mcu_fd_sc_mcu9t5v0__ff_n40C_5v50.lib line 17, library gf180mcu_fd_sc_mcu9t5v0__ff_n40C_5v50 already exists.
Reading timing library for the 'nom_ff_n40C_5v50' corner at '/foss/pdks/gf180mcuD/libs.ref/gf180mcu_fd_ip_sram/lib/gf180mcu_fd_ip_sram__sram256x8m8wm1__ff_n40C_5v50.lib'…
[WARNING STA-1140] /foss/pdks/gf180mcuD/libs.ref/gf180mcu_fd_ip_sram/lib/gf180mcu_fd_ip_sram__sram256x8m8wm1__ff_n40C_5v50.lib line 29, library gf180mcu_fd_ip_sram__sram256x8m8wm1__ff_n40C_5v50 already exists.
Reading timing models for corner nom_tt_025C_5v00…
Reading timing library for the 'nom_tt_025C_5v00' corner at '/foss/pdks/gf180mcuD/libs.ref/gf180mcu_fd_sc_mcu9t5v0/lib/gf180mcu_fd_sc_mcu9t5v0__tt_025C_5v00.lib'…
[WARNING STA-1140] /foss/pdks/gf180mcuD/libs.ref/gf180mcu_fd_sc_mcu9t5v0/lib/gf180mcu_fd_sc_mcu9t5v0__tt_025C_5v00.lib line 17, library gf180mcu_fd_sc_mcu9t5v0__tt_025C_5v00 already exists.
Reading timing library for the 'nom_tt_025C_5v00' corner at '/foss/pdks/gf180mcuD/libs.ref/gf180mcu_fd_ip_sram/lib/gf180mcu_fd_ip_sram__sram256x8m8wm1__tt_025C_5v00.lib'…
[WARNING STA-1140] /foss/pdks/gf180mcuD/libs.ref/gf180mcu_fd_ip_sram/lib/gf180mcu_fd_ip_sram__sram256x8m8wm1__tt_025C_5v00.lib line 29, library gf180mcu_fd_ip_sram__sram256x8m8wm1__tt_025C_5v00 already exists.
Reading timing models for corner min_ss_125C_4v50…
Reading timing library for the 'min_ss_125C_4v50' corner at '/foss/pdks/gf180mcuD/libs.ref/gf180mcu_fd_sc_mcu9t5v0/lib/gf180mcu_fd_sc_mcu9t5v0__ss_125C_4v50.lib'…
Reading timing library for the 'min_ss_125C_4v50' corner at '/foss/pdks/gf180mcuD/libs.ref/gf180mcu_fd_ip_sram/lib/gf180mcu_fd_ip_sram__sram256x8m8wm1__ss_125C_4v50.lib'…
Reading timing models for corner min_ff_n40C_5v50…
Reading timing library for the 'min_ff_n40C_5v50' corner at '/foss/pdks/gf180mcuD/libs.ref/gf180mcu_fd_sc_mcu9t5v0/lib/gf180mcu_fd_sc_mcu9t5v0__ff_n40C_5v50.lib'…
[WARNING STA-1140] /foss/pdks/gf180mcuD/libs.ref/gf180mcu_fd_sc_mcu9t5v0/lib/gf180mcu_fd_sc_mcu9t5v0__ff_n40C_5v50.lib line 17, library gf180mcu_fd_sc_mcu9t5v0__ff_n40C_5v50 already exists.
Reading timing library for the 'min_ff_n40C_5v50' corner at '/foss/pdks/gf180mcuD/libs.ref/gf180mcu_fd_ip_sram/lib/gf180mcu_fd_ip_sram__sram256x8m8wm1__ff_n40C_5v50.lib'…
[WARNING STA-1140] /foss/pdks/gf180mcuD/libs.ref/gf180mcu_fd_ip_sram/lib/gf180mcu_fd_ip_sram__sram256x8m8wm1__ff_n40C_5v50.lib line 29, library gf180mcu_fd_ip_sram__sram256x8m8wm1__ff_n40C_5v50 already exists.
Reading timing models for corner min_tt_025C_5v00…
Reading timing library for the 'min_tt_025C_5v00' corner at '/foss/pdks/gf180mcuD/libs.ref/gf180mcu_fd_sc_mcu9t5v0/lib/gf180mcu_fd_sc_mcu9t5v0__tt_025C_5v00.lib'…
[WARNING STA-1140] /foss/pdks/gf180mcuD/libs.ref/gf180mcu_fd_sc_mcu9t5v0/lib/gf180mcu_fd_sc_mcu9t5v0__tt_025C_5v00.lib line 17, library gf180mcu_fd_sc_mcu9t5v0__tt_025C_5v00 already exists.
Reading timing library for the 'min_tt_025C_5v00' corner at '/foss/pdks/gf180mcuD/libs.ref/gf180mcu_fd_ip_sram/lib/gf180mcu_fd_ip_sram__sram256x8m8wm1__tt_025C_5v00.lib'…
[WARNING STA-1140] /foss/pdks/gf180mcuD/libs.ref/gf180mcu_fd_ip_sram/lib/gf180mcu_fd_ip_sram__sram256x8m8wm1__tt_025C_5v00.lib line 29, library gf180mcu_fd_ip_sram__sram256x8m8wm1__tt_025C_5v00 already exists.
Reading timing models for corner max_ss_125C_4v50…
Reading timing library for the 'max_ss_125C_4v50' corner at '/foss/pdks/gf180mcuD/libs.ref/gf180mcu_fd_sc_mcu9t5v0/lib/gf180mcu_fd_sc_mcu9t5v0__ss_125C_4v50.lib'…
[WARNING STA-1140] /foss/pdks/gf180mcuD/libs.ref/gf180mcu_fd_sc_mcu9t5v0/lib/gf180mcu_fd_sc_mcu9t5v0__ss_125C_4v50.lib line 17, library gf180mcu_fd_sc_mcu9t5v0__ss_125C_4v50 already exists.
Reading timing library for the 'max_ss_125C_4v50' corner at '/foss/pdks/gf180mcuD/libs.ref/gf180mcu_fd_ip_sram/lib/gf180mcu_fd_ip_sram__sram256x8m8wm1__ss_125C_4v50.lib'…
[WARNING STA-1140] /foss/pdks/gf180mcuD/libs.ref/gf180mcu_fd_ip_sram/lib/gf180mcu_fd_ip_sram__sram256x8m8wm1__ss_125C_4v50.lib line 29, library gf180mcu_fd_ip_sram__sram256x8m8wm1__ss_125C_4v50 already exists.
Reading timing models for corner nom_ss_125C_4v50…
Reading timing library for the 'nom_ss_125C_4v50' corner at '/foss/pdks/gf180mcuD/libs.ref/gf180mcu_fd_sc_mcu9t5v0/lib/gf180mcu_fd_sc_mcu9t5v0__ss_125C_4v50.lib'…
[WARNING STA-1140] /foss/pdks/gf180mcuD/libs.ref/gf180mcu_fd_sc_mcu9t5v0/lib/gf180mcu_fd_sc_mcu9t5v0__ss_125C_4v50.lib line 17, library gf180mcu_fd_sc_mcu9t5v0__ss_125C_4v50 already exists.
Reading timing library for the 'nom_ss_125C_4v50' corner at '/foss/pdks/gf180mcuD/libs.ref/gf180mcu_fd_ip_sram/lib/gf180mcu_fd_ip_sram__sram256x8m8wm1__ss_125C_4v50.lib'…
[WARNING STA-1140] /foss/pdks/gf180mcuD/libs.ref/gf180mcu_fd_ip_sram/lib/gf180mcu_fd_ip_sram__sram256x8m8wm1__ss_125C_4v50.lib line 29, library gf180mcu_fd_ip_sram__sram256x8m8wm1__ss_125C_4v50 already exists.
Reading OpenROAD database at '/headless/aravindustries-repos/butterfold/butterfold_proto/physical/librelane/runs/butterfold_top_9t_dft12_metadata_isolation/31-openroad-cts/butterfold_top.odb'…
Reading design constraints file at '/headless/aravindustries-repos/butterfold/butterfold_proto/physical/constraints.sdc'…
[INFO] No information on clock propagation in input SDC file-- propagating all clocks.
+ repair_timing -verbose -setup -setup_margin 0.05000000000000000277555756156289135105907917022705078125 -max_buffer_percent 50
[INFO RSZ-0100] Repair move sequence: UnbufferMove SizeUpMove SwapPinsMove BufferMove CloneMove SplitLoadMove 
[INFO RSZ-0094] Found 1289 endpoints with setup violations.
[INFO RSZ-0099] Repairing 1289 out of 1289 (100.00%) violating endpoints...
   Iter   | Removed | Resized | Inserted | Cloned |  Pin  |   Area   |    WNS   |   TNS      |  Viol  | Worst
          | Buffers |  Gates  | Buffers  |  Gates | Swaps |          |          |            | Endpts | Endpt
--------------------------------------------------------------------------------------------------------------
        0 |       0 |       0 |        0 |      0 |     0 |    +0.0% |  -21.799 |   -14058.4 |   1289 | _19824_/D
       10 |       0 |       9 |        0 |      0 |     0 |    +0.0% |  -16.090 |   -10767.5 |   1289 | _20102_/D
       20 |       0 |      19 |        0 |      0 |     0 |    +0.0% |  -13.881 |    -9482.9 |   1289 | _19859_/D
       30 |       0 |      29 |        0 |      0 |     0 |    +0.1% |  -12.397 |    -8457.6 |   1289 | _20102_/D
       40 |       0 |      39 |        0 |      0 |     0 |    +0.1% |  -12.496 |    -8475.8 |   1289 | _19827_/D
       50 |       0 |      49 |        0 |      0 |     0 |    +0.1% |  -10.648 |    -6805.2 |   1289 | _20119_/D
       60 |       0 |      59 |        0 |      0 |     0 |    +0.2% |  -10.015 |    -6487.0 |   1289 | _19815_/D
       70 |       0 |      66 |        1 |      0 |     2 |    +0.2% |   -9.775 |    -6425.8 |   1289 | _20119_/D
       80 |       0 |      75 |        2 |      0 |     2 |    +0.3% |   -9.225 |    -5845.6 |   1289 | _19827_/D
       90 |       0 |      83 |        3 |      0 |     3 |    +0.3% |   -8.797 |    -5754.7 |   1289 | _19799_/D
      100 |       0 |      92 |        4 |      0 |     3 |    +0.3% |   -8.474 |    -5437.8 |   1289 | _20119_/D
      110 |       0 |     100 |        4 |      1 |     4 |    +0.3% |   -8.216 |    -5209.9 |   1289 | _20006_/D
      120 |       0 |     107 |        5 |      1 |     6 |    +0.4% |   -7.544 |    -4787.2 |   1289 | _19815_/D
      130 |       0 |     115 |        6 |      1 |     7 |    +0.4% |   -6.497 |    -3774.3 |   1289 | _19827_/D
      140 |       0 |     121 |        7 |      1 |    10 |    +0.5% |   -6.309 |    -3738.1 |   1289 | _19799_/D
      150 |       0 |     126 |       10 |      1 |    12 |    +0.5% |   -5.945 |    -3583.9 |   1289 | _20102_/D
      160 |       0 |     132 |       12 |      1 |    14 |    +0.6% |   -5.978 |    -3497.5 |   1289 | _20036_/D
      170 |       0 |     136 |       16 |      1 |    16 |    +0.7% |   -5.435 |    -3166.1 |   1289 | u_transform_scheduler_core.u_fft_scratch_sram.u_lo.u_sram/D[0]
      180 |       0 |     146 |       16 |      1 |    16 |    +0.7% |   -5.175 |    -2986.4 |   1289 | _19827_/D
      190 |       0 |     153 |       17 |      2 |    17 |    +0.7% |   -4.760 |    -2724.0 |   1289 | _20786_/D
      200 |       0 |     160 |       18 |      3 |    18 |    +0.8% |   -4.948 |    -2703.4 |   1289 | _19826_/D
      210 |       0 |     169 |       18 |      3 |    19 |    +0.8% |   -4.695 |    -2680.1 |   1289 | _19815_/D
      220 |       0 |     177 |       18 |      3 |    21 |    +0.8% |   -4.649 |    -2625.1 |   1289 | u_transform_scheduler_core.u_fft_scratch_sram.u_lo.u_sram/D[2]
      230 |       0 |     185 |       19 |      4 |    21 |    +0.8% |   -4.615 |    -2618.7 |   1289 | _20070_/D
      240 |       0 |     194 |       20 |      4 |    21 |    +0.9% |   -4.554 |    -2603.5 |   1289 | _20119_/D
      250 |       0 |     202 |       20 |      5 |    22 |    +0.9% |   -4.544 |    -2573.4 |   1289 | _20102_/D
      260 |       0 |     212 |       20 |      5 |    22 |    +1.0% |   -4.200 |    -2376.9 |   1289 | _19815_/D
      270 |       0 |     219 |       21 |      5 |    24 |    +1.0% |   -4.133 |    -2347.6 |   1289 | u_transform_scheduler_core.u_fft_scratch_sram.u_lo.u_sram/D[0]
      280 |       0 |     226 |       23 |      5 |    25 |    +1.0% |   -4.081 |    -2076.4 |   1289 | _19827_/D
      290 |       0 |     229 |       26 |      5 |    29 |    +1.1% |   -3.854 |    -2017.1 |   1289 | _19827_/D
      300 |       0 |     237 |       27 |      5 |    30 |    +1.1% |   -3.817 |    -2004.4 |   1289 | _19827_/D
      310 |       0 |     246 |       27 |      5 |    31 |    +1.1% |   -3.609 |    -1875.5 |   1289 | _19778_/D
      320 |       0 |     254 |       28 |      6 |    31 |    +1.2% |   -3.523 |    -1823.8 |   1289 | _19827_/D
      330 |       0 |     262 |       29 |      7 |    31 |    +1.3% |   -3.434 |    -1754.1 |   1289 | _19827_/D
      340 |       0 |     267 |       31 |      9 |    32 |    +1.3% |   -3.216 |    -1629.4 |   1289 | _19815_/D
      350 |       0 |     275 |       32 |      9 |    33 |    +1.4% |   -3.378 |    -1606.8 |   1289 | _19762_/D
      360 |       0 |     283 |       32 |      9 |    35 |    +1.4% |   -2.977 |    -1488.9 |   1289 | _19815_/D
      370 |       0 |     292 |       32 |      9 |    36 |    +1.4% |   -3.019 |    -1501.7 |   1289 | _20006_/D
      380 |       0 |     298 |       34 |     12 |    36 |    +1.5% |   -3.053 |    -1523.5 |   1289 | _19799_/D
      390 |       3 |     299 |       39 |     12 |    37 |    +1.5% |   -3.028 |    -1518.7 |   1289 | _19815_/D
      400 |       8 |     299 |       44 |     12 |    37 |    +1.5% |   -3.028 |    -1518.7 |   1289 | _19815_/D
      410 |      13 |     299 |       49 |     12 |    37 |    +1.5% |   -3.028 |    -1518.7 |   1289 | _19815_/D
      414 |       0 |     287 |       32 |      9 |    35 |    +1.4% |   -2.967 |    -1484.4 |   1289 | din_ready_o
      420 |       0 |     290 |       32 |     10 |    36 |    +1.4% |   -2.976 |    -1481.8 |   1289 | _19827_/D
      430 |       0 |     295 |       32 |     13 |    38 |    +1.5% |   -3.041 |    -1487.3 |   1289 | _20006_/D
      440 |       0 |     304 |       32 |     13 |    39 |    +1.5% |   -2.904 |    -1396.4 |   1289 | _20006_/D
      450 |       0 |     309 |       33 |     14 |    42 |    +1.5% |   -2.887 |    -1347.9 |   1289 | _20804_/D
      460 |       0 |     312 |       36 |     14 |    46 |    +1.6% |   -2.887 |    -1189.6 |   1289 | _20804_/D
      468 |       0 |     317 |       36 |     14 |    48 |    +1.6% |   -2.887 |    -1171.2 |   1289 | _20804_/D
      470 |       0 |     318 |       36 |     14 |    48 |    +1.6% |   -2.887 |    -1171.4 |   1289 | _20804_/D
      474 |       0 |     321 |       36 |     14 |    49 |    +1.6% |   -2.887 |    -1171.9 |   1289 | _20804_/D
      480 |       0 |     324 |       36 |     15 |    50 |    +1.6% |   -2.887 |    -1172.6 |   1289 | _20804_/D
      488 |       0 |     324 |       36 |     14 |    50 |    +1.6% |   -2.887 |    -1169.9 |   1289 | _20804_/D
      490 |       0 |     325 |       36 |     14 |    50 |    +1.6% |   -2.887 |    -1170.0 |   1289 | _20804_/D
      499 |       0 |     325 |       36 |     14 |    50 |    +1.6% |   -2.887 |    -1170.0 |   1289 | _20804_/D
      500 |       0 |     325 |       36 |     14 |    50 |    +1.6% |   -2.887 |    -1170.0 |   1289 | _20804_/D
      510 |       0 |     333 |       36 |     15 |    51 |    +1.7% |   -2.887 |    -1190.4 |   1289 | _20804_/D
      510 |       0 |     326 |       36 |     14 |    50 |    +1.6% |   -2.887 |    -1170.4 |   1289 | _20804_/D
      520 |       0 |     333 |       36 |     15 |    51 |    +1.6% |   -2.887 |    -1191.9 |   1289 | _20804_/D
      522 |       0 |     328 |       36 |     14 |    50 |    +1.6% |   -2.887 |    -1170.1 |   1289 | _20804_/D
      530 |       0 |     333 |       36 |     15 |    51 |    +1.7% |   -2.887 |    -1189.6 |   1289 | _20804_/D
      534 |       0 |     329 |       36 |     14 |    50 |    +1.6% |   -2.887 |    -1170.3 |   1289 | _20804_/D
      540 |       0 |     334 |       36 |     14 |    50 |    +1.6% |   -2.887 |    -1170.8 |   1289 | _20804_/D
      544 |       0 |     333 |       36 |     14 |    50 |    +1.6% |   -2.887 |    -1170.9 |   1289 | _20804_/D
      550 |       0 |     338 |       36 |     14 |    50 |    +1.7% |   -2.887 |    -1171.3 |   1289 | _20804_/D
      551 |       0 |     334 |       36 |     14 |    50 |    +1.7% |   -2.887 |    -1170.8 |   1289 | _20804_/D
      558 |       0 |     335 |       36 |     14 |    50 |    +1.7% |   -2.887 |    -1171.0 |   1289 | _20804_/D
      560 |       0 |     336 |       36 |     14 |    50 |    +1.7% |   -2.887 |    -1171.0 |   1289 | _20804_/D
      563 |       0 |     336 |       36 |     14 |    50 |    +1.7% |   -2.887 |    -1171.0 |   1289 | _20804_/D
      568 |       0 |     339 |       36 |     14 |    50 |    +1.7% |   -2.887 |    -1171.5 |   1289 | _20804_/D
      570 |       0 |     340 |       36 |     14 |    50 |    +1.7% |   -2.887 |    -1171.5 |   1289 | _20804_/D
      572 |       0 |     341 |       36 |     14 |    50 |    +1.7% |   -2.887 |    -1171.6 |   1289 | _20804_/D
      580 |       0 |     345 |       37 |     15 |    51 |    +1.7% |   -2.887 |    -1188.2 |   1289 | _20804_/D
      584 |       0 |     342 |       37 |     14 |    50 |    +1.7% |   -2.887 |    -1170.1 |   1289 | _20804_/D
      590 |       0 |     346 |       37 |     15 |    50 |    +1.7% |   -2.887 |    -1191.1 |   1289 | _20804_/D
      595 |       0 |     343 |       37 |     14 |    50 |    +1.7% |   -2.887 |    -1170.3 |   1289 | _20804_/D
      600 |       0 |     346 |       37 |     14 |    51 |    +1.7% |   -2.887 |    -1178.2 |   1289 | _20804_/D
      608 |       0 |     352 |       38 |     15 |    51 |    +1.8% |   -2.887 |    -1179.3 |   1289 | _20804_/D
      610 |       0 |     353 |       38 |     15 |    51 |    +1.8% |   -2.887 |    -1179.2 |   1289 | _20804_/D
      610 |       0 |     353 |       38 |     15 |    51 |    +1.8% |   -2.887 |    -1179.2 |   1289 | _20804_/D
      612 |       0 |     354 |       38 |     15 |    51 |    +1.8% |   -2.887 |    -1179.1 |   1289 | _20804_/D
      614 |       0 |     355 |       38 |     15 |    51 |    +1.8% |   -2.887 |    -1178.9 |   1289 | _20804_/D
      616 |       0 |     356 |       38 |     15 |    51 |    +1.8% |   -2.887 |    -1178.8 |   1289 | _20804_/D
      618 |       0 |     357 |       38 |     15 |    51 |    +1.8% |   -2.887 |    -1178.7 |   1289 | _20804_/D
      620 |       0 |     358 |       38 |     15 |    51 |    +1.8% |   -2.887 |    -1178.5 |   1289 | _20804_/D
      624 |       0 |     362 |       38 |     15 |    51 |    +1.8% |   -2.887 |    -1178.7 |   1289 | _20804_/D
      627 |       0 |     364 |       38 |     15 |    51 |    +1.8% |   -2.887 |    -1179.2 |   1289 | _20804_/D
      630 |       0 |     366 |       38 |     15 |    51 |    +1.8% |   -2.887 |    -1179.6 |   1289 | _20804_/D
      630 |       0 |     366 |       38 |     15 |    51 |    +1.8% |   -2.887 |    -1179.6 |   1289 | _20804_/D
      640 |       0 |     373 |       39 |     16 |    51 |    +1.8% |   -2.887 |    -1180.0 |   1289 | _20804_/D
      641 |       0 |     374 |       39 |     16 |    51 |    +1.8% |   -2.887 |    -1179.9 |   1289 | _20804_/D
      645 |       0 |     375 |       40 |     16 |    52 |    +1.8% |   -2.887 |    -1179.1 |   1289 | _20804_/D
      647 |       0 |     376 |       40 |     16 |    52 |    +1.8% |   -2.887 |    -1178.9 |   1289 | _20804_/D
      649 |       0 |     377 |       40 |     16 |    52 |    +1.8% |   -2.887 |    -1178.8 |   1289 | _20804_/D
      650 |       0 |     377 |       40 |     16 |    52 |    +1.8% |   -2.887 |    -1178.8 |   1289 | _20804_/D
      651 |       0 |     378 |       40 |     16 |    52 |    +1.9% |   -2.887 |    -1178.7 |   1289 | _20804_/D
      654 |       0 |     380 |       40 |     16 |    52 |    +1.9% |   -2.887 |    -1179.1 |   1289 | _20804_/D
      656 |       0 |     381 |       40 |     16 |    52 |    +1.9% |   -2.887 |    -1178.9 |   1289 | _20804_/D
      658 |       0 |     382 |       40 |     16 |    52 |    +1.9% |   -2.887 |    -1178.8 |   1289 | _20804_/D
      660 |       0 |     383 |       40 |     16 |    52 |    +1.9% |   -2.887 |    -1178.7 |   1289 | _20804_/D
      660 |       0 |     383 |       40 |     16 |    52 |    +1.9% |   -2.887 |    -1178.7 |   1289 | _20804_/D
      662 |       0 |     384 |       40 |     16 |    52 |    +1.9% |   -2.887 |    -1178.6 |   1289 | _20804_/D
      668 |       0 |     389 |       40 |     16 |    52 |    +1.9% |   -2.887 |    -1178.6 |   1289 | _20804_/D
      670 |       0 |     390 |       40 |     16 |    52 |    +1.9% |   -2.887 |    -1178.6 |   1289 | _20804_/D
      671 |       0 |     391 |       40 |     16 |    52 |    +1.9% |   -2.887 |    -1178.6 |   1289 | _20804_/D
      673 |       0 |     392 |       40 |     16 |    52 |    +1.9% |   -2.887 |    -1178.5 |   1289 | _20804_/D
      676 |       0 |     394 |       40 |     16 |    52 |    +1.9% |   -2.887 |    -1178.9 |   1289 | _20804_/D
      679 |       0 |     396 |       40 |     16 |    52 |    +1.9% |   -2.887 |    -1178.8 |   1289 | _20804_/D
      680 |       0 |     396 |       40 |     16 |    52 |    +1.9% |   -2.887 |    -1178.8 |   1289 | _20804_/D
      681 |       0 |     397 |       40 |     16 |    52 |    +1.9% |   -2.887 |    -1178.7 |   1289 | _20804_/D
      690 |       0 |     401 |       41 |     19 |    52 |    +1.9% |   -2.887 |    -1181.7 |   1289 | _20804_/D
      700 |       0 |     409 |       42 |     20 |    52 |    +2.0% |   -2.887 |    -1179.3 |   1289 | _20804_/D
      710 |       0 |     415 |       45 |     21 |    52 |    +2.0% |   -2.887 |    -1196.7 |   1289 | _20804_/D
      711 |       0 |     416 |       45 |     21 |    52 |    +2.0% |   -2.887 |    -1196.6 |   1289 | _20804_/D
      720 |       0 |     420 |       47 |     23 |    52 |    +2.1% |   -2.887 |    -1204.1 |   1289 | _20804_/D
      722 |       0 |     422 |       47 |     23 |    52 |    +2.1% |   -2.887 |    -1204.0 |   1289 | _20804_/D
      730 |       0 |     425 |       49 |     24 |    53 |    +2.2% |   -2.887 |    -1201.1 |   1289 | _20804_/D
      740 |       0 |     432 |       50 |     26 |    53 |    +2.2% |   -2.887 |    -1200.6 |   1289 | _20804_/D
      744 |       0 |     436 |       50 |     26 |    53 |    +2.2% |   -2.887 |    -1200.5 |   1289 | _20804_/D
      747 |       0 |     438 |       50 |     26 |    53 |    +2.2% |   -2.887 |    -1200.3 |   1289 | _20804_/D
      750 |       0 |     440 |       50 |     26 |    53 |    +2.2% |   -2.887 |    -1198.2 |   1289 | _20804_/D
      750 |       0 |     440 |       50 |     26 |    53 |    +2.2% |   -2.887 |    -1198.2 |   1289 | _20804_/D
      755 |       0 |     443 |       51 |     26 |    53 |    +2.2% |   -2.887 |    -1199.7 |   1289 | _20804_/D
      760 |       0 |     447 |       51 |     26 |    53 |    +2.3% |   -2.887 |    -1199.7 |   1289 | _20804_/D
      763 |       0 |     450 |       51 |     26 |    53 |    +2.3% |   -2.887 |    -1199.6 |   1289 | _20804_/D
      766 |       0 |     452 |       51 |     26 |    53 |    +2.3% |   -2.887 |    -1199.5 |   1289 | _20804_/D
      769 |       0 |     454 |       51 |     26 |    53 |    +2.3% |   -2.887 |    -1197.7 |   1289 | _20804_/D
      770 |       0 |     454 |       51 |     26 |    53 |    +2.3% |   -2.887 |    -1197.7 |   1289 | _20804_/D
      772 |       0 |     456 |       51 |     26 |    53 |    +2.3% |   -2.887 |    -1197.5 |   1289 | _20804_/D
      775 |       0 |     458 |       51 |     26 |    53 |    +2.3% |   -2.887 |    -1197.5 |   1289 | _20804_/D
      777 |       0 |     459 |       51 |     26 |    53 |    +2.3% |   -2.887 |    -1197.4 |   1289 | _20804_/D
      780 |       0 |     459 |       52 |     26 |    54 |    +2.3% |   -2.887 |    -1186.3 |   1289 | _20804_/D
      790 |       0 |     467 |       52 |     27 |    55 |    +2.3% |   -2.887 |    -1182.6 |   1289 | _20804_/D
      800 |       0 |     474 |       54 |     28 |    55 |    +2.4% |   -2.887 |    -1183.9 |   1289 | _20804_/D
      810 |       0 |     483 |       54 |     28 |    56 |    +2.4% |   -2.887 |    -1183.7 |   1289 | _20804_/D
      812 |       0 |     468 |       52 |     27 |    55 |    +2.3% |   -2.887 |    -1182.5 |   1289 | _20804_/D
      820 |       0 |     472 |       54 |     28 |    55 |    +2.4% |   -2.887 |    -1185.4 |   1289 | _20804_/D
      830 |       0 |     481 |       54 |     28 |    56 |    +2.4% |   -2.887 |    -1183.2 |   1289 | _20804_/D
      838 |       0 |     488 |       54 |     28 |    57 |    +2.4% |   -2.887 |    -1183.0 |   1289 | _20804_/D
      840 |       0 |     489 |       54 |     28 |    57 |    +2.4% |   -2.887 |    -1182.8 |   1289 | _20804_/D
      850 |       0 |     497 |       54 |     28 |    59 |    +2.4% |   -2.887 |    -1184.6 |   1289 | _20804_/D
      854 |       0 |     499 |       55 |     28 |    60 |    +2.5% |   -2.887 |    -1177.0 |   1289 | _20804_/D
      860 |       0 |     502 |       55 |     29 |    61 |    +2.5% |   -2.887 |    -1177.1 |   1289 | _20804_/D
      867 |       0 |     508 |       55 |     29 |    62 |    +2.5% |   -2.887 |    -1177.0 |   1289 | _20804_/D
      870 |       0 |     510 |       55 |     29 |    62 |    +2.5% |   -2.887 |    -1177.0 |   1289 | _20804_/D
      880 |       0 |     517 |       55 |     29 |    65 |    +2.5% |   -2.887 |    -1176.6 |   1289 | _20804_/D
      882 |       0 |     519 |       55 |     29 |    65 |    +2.5% |   -2.887 |    -1176.7 |   1289 | _20804_/D
      890 |       0 |     524 |       56 |     29 |    66 |    +2.6% |   -2.887 |    -1175.9 |   1289 | _20804_/D
      900 |       0 |     531 |       57 |     29 |    68 |    +2.6% |   -2.887 |    -1176.4 |   1289 | _20804_/D
      903 |       0 |     530 |       56 |     29 |    68 |    +2.6% |   -2.887 |    -1175.8 |   1289 | _20804_/D
      910 |       0 |     535 |       56 |     29 |    69 |    +2.6% |   -2.887 |    -1176.2 |   1289 | _20804_/D
      911 |       0 |     535 |       56 |     29 |    70 |    +2.6% |   -2.887 |    -1176.0 |   1289 | _20804_/D
      920 |       0 |     541 |       56 |     29 |    72 |    +2.6% |   -2.887 |    -1180.4 |   1289 | _20804_/D
      930 |       0 |     546 |       59 |     30 |    73 |    +2.7% |   -2.887 |    -1188.4 |   1289 | _20804_/D
      936 |       0 |     541 |       56 |     29 |    72 |    +2.6% |   -2.887 |    -1180.4 |   1289 | _20804_/D
      940 |       0 |     543 |       56 |     29 |    73 |    +2.6% |   -2.887 |    -1180.6 |   1289 | _20804_/D
      950 |       0 |     549 |       59 |     30 |    73 |    +2.7% |   -2.887 |    -1187.7 |   1289 | _20804_/D
      956 |       0 |     544 |       56 |     29 |    73 |    +2.6% |   -2.887 |    -1181.4 |   1289 | _20804_/D
      960 |       0 |     546 |       57 |     29 |    73 |    +2.7% |   -2.887 |    -1186.7 |   1289 | _20804_/D
      970 |       0 |     553 |       59 |     30 |    73 |    +2.7% |   -2.887 |    -1191.0 |   1289 | _20804_/D
      974 |       0 |     546 |       56 |     29 |    73 |    +2.6% |   -2.887 |    -1182.5 |   1289 | _20804_/D
      980 |       0 |     548 |       58 |     30 |    73 |    +2.7% |   -2.887 |    -1188.7 |   1289 | _20804_/D
      990 |       0 |     557 |       59 |     30 |    73 |    +2.7% |   -2.887 |    -1191.6 |   1289 | _20804_/D
      991 |       0 |     547 |       56 |     29 |    73 |    +2.6% |   -2.887 |    -1182.5 |   1289 | _20804_/D
     1000 |       0 |     554 |       56 |     29 |    74 |    +2.7% |   -2.887 |    -1182.6 |   1289 | _20804_/D
     1001 |       0 |     554 |       56 |     29 |    75 |    +2.7% |   -2.887 |    -1182.5 |   1289 | _20804_/D
     1010 |       0 |     559 |       57 |     30 |    76 |    +2.7% |   -2.887 |    -1190.5 |   1289 | _20804_/D
     1020 |       0 |     568 |       57 |     31 |    76 |    +2.7% |   -2.887 |    -1219.7 |   1289 | _20804_/D
     1020 |       0 |     568 |       57 |     31 |    76 |    +2.7% |   -2.887 |    -1219.7 |   1289 | _20804_/D
     1030 |       0 |     573 |       59 |     32 |    77 |    +2.8% |   -2.887 |    -1212.9 |   1289 | _20804_/D
     1033 |       0 |     574 |       59 |     32 |    78 |    +2.8% |   -2.887 |    -1212.8 |   1289 | _20804_/D
     1040 |       0 |     580 |       59 |     32 |    78 |    +2.8% |   -2.887 |    -1212.1 |   1289 | _20804_/D
     1041 |       0 |     581 |       59 |     32 |    78 |    +2.8% |   -2.887 |    -1212.1 |   1289 | _20804_/D
     1045 |       0 |     583 |       59 |     32 |    78 |    +2.8% |   -2.887 |    -1212.1 |   1289 | _20804_/D
     1047 |       0 |     584 |       59 |     32 |    78 |    +2.8% |   -2.887 |    -1212.0 |   1289 | _20804_/D
     1049 |       0 |     585 |       59 |     32 |    78 |    +2.8% |   -2.887 |    -1211.9 |   1289 | _20804_/D
     1050 |       0 |     585 |       59 |     32 |    78 |    +2.8% |   -2.887 |    -1211.9 |   1289 | _20804_/D
     1052 |       0 |     587 |       59 |     32 |    78 |    +2.8% |   -2.887 |    -1211.7 |   1289 | _20804_/D
     1054 |       0 |     588 |       59 |     32 |    78 |    +2.8% |   -2.887 |    -1211.6 |   1289 | _20804_/D
     1060 |       0 |     593 |       59 |     32 |    78 |    +2.8% |   -2.887 |    -1206.8 |   1289 | _20804_/D
     1063 |       0 |     596 |       59 |     32 |    78 |    +2.8% |   -2.887 |    -1207.0 |   1289 | _20804_/D
     1065 |       0 |     597 |       59 |     32 |    78 |    +2.8% |   -2.887 |    -1206.9 |   1289 | _20804_/D
     1067 |       0 |     598 |       59 |     32 |    78 |    +2.8% |   -2.887 |    -1206.8 |   1289 | _20804_/D
     1069 |       0 |     599 |       59 |     32 |    78 |    +2.8% |   -2.887 |    -1206.7 |   1289 | _20804_/D
     1070 |       0 |     599 |       59 |     32 |    78 |    +2.8% |   -2.887 |    -1206.7 |   1289 | _20804_/D
     1080 |       0 |     608 |       60 |     32 |    78 |    +2.9% |   -2.887 |    -1205.0 |   1289 | _20804_/D
     1081 |       0 |     609 |       60 |     32 |    78 |    +2.9% |   -2.887 |    -1204.9 |   1289 | _20804_/D
     1083 |       0 |     610 |       60 |     32 |    78 |    +2.9% |   -2.887 |    -1204.7 |   1289 | _20804_/D
     1086 |       0 |     612 |       60 |     32 |    78 |    +2.9% |   -2.887 |    -1204.6 |   1289 | _20804_/D
     1088 |       0 |     613 |       60 |     32 |    78 |    +2.9% |   -2.887 |    -1204.5 |   1289 | _20804_/D
     1090 |       0 |     614 |       60 |     32 |    78 |    +2.9% |   -2.887 |    -1204.3 |   1289 | _20804_/D
     1090 |       0 |     614 |       60 |     32 |    78 |    +2.9% |   -2.887 |    -1204.3 |   1289 | _20804_/D
     1093 |       0 |     616 |       60 |     32 |    78 |    +2.9% |   -2.887 |    -1204.3 |   1289 | _20804_/D
     1095 |       0 |     617 |       60 |     32 |    78 |    +2.9% |   -2.887 |    -1204.2 |   1289 | _20804_/D
     1100 |       0 |     621 |       60 |     32 |    78 |    +2.9% |   -2.887 |    -1203.6 |   1289 | _20804_/D
     1100 |       0 |     620 |       60 |     32 |    78 |    +2.9% |   -2.887 |    -1203.4 |   1289 | _20804_/D
     1104 |       0 |     622 |       60 |     33 |    78 |    +2.9% |   -2.887 |    -1204.4 |   1289 | _20804_/D
     1106 |       0 |     623 |       60 |     33 |    78 |    +2.9% |   -2.887 |    -1204.2 |   1289 | _20804_/D
     1108 |       0 |     624 |       60 |     33 |    78 |    +2.9% |   -2.887 |    -1204.1 |   1289 | _20804_/D
     1110 |       0 |     625 |       60 |     33 |    78 |    +2.9% |   -2.887 |    -1204.0 |   1289 | _20804_/D
     1110 |       0 |     625 |       60 |     33 |    78 |    +2.9% |   -2.887 |    -1204.0 |   1289 | _20804_/D
     1116 |       0 |     630 |       60 |     33 |    78 |    +2.9% |   -2.887 |    -1204.1 |   1289 | _20804_/D
     1118 |       0 |     631 |       60 |     33 |    78 |    +2.9% |   -2.887 |    -1204.0 |   1289 | _20804_/D
     1120 |       0 |     632 |       60 |     33 |    78 |    +2.9% |   -2.887 |    -1203.8 |   1289 | _20804_/D
     1120 |       0 |     632 |       60 |     33 |    78 |    +2.9% |   -2.887 |    -1203.8 |   1289 | _20804_/D
     1122 |       0 |     633 |       60 |     33 |    78 |    +2.9% |   -2.887 |    -1203.7 |   1289 | _20804_/D
     1124 |       0 |     634 |       60 |     33 |    78 |    +2.9% |   -2.887 |    -1203.6 |   1289 | _20804_/D
     1130 |       0 |     635 |       64 |     33 |    79 |    +3.0% |   -2.887 |    -1196.7 |   1289 | _20804_/D
     1140 |       0 |     641 |       66 |     34 |    80 |    +3.1% |   -2.887 |    -1196.0 |   1289 | _20804_/D
     1148 |       0 |     647 |       67 |     35 |    80 |    +3.1% |   -2.887 |    -1196.6 |   1289 | _20804_/D
     1150 |       0 |     648 |       67 |     35 |    80 |    +3.1% |   -2.887 |    -1196.9 |   1289 | _20804_/D
     1154 |       0 |     651 |       67 |     36 |    80 |    +3.1% |   -2.887 |    -1197.4 |   1289 | _20804_/D
     1156 |       0 |     652 |       67 |     36 |    80 |    +3.1% |   -2.887 |    -1197.3 |   1289 | _20804_/D
     1158 |       0 |     653 |       67 |     36 |    80 |    +3.1% |   -2.887 |    -1197.2 |   1289 | _20804_/D
     1160 |       0 |     654 |       67 |     36 |    80 |    +3.1% |   -2.887 |    -1197.1 |   1289 | _20804_/D
     1160 |       0 |     654 |       67 |     36 |    80 |    +3.1% |   -2.887 |    -1197.1 |   1289 | _20804_/D
     1162 |       0 |     655 |       67 |     36 |    80 |    +3.1% |   -2.887 |    -1196.9 |   1289 | _20804_/D
     1168 |       0 |     660 |       67 |     36 |    80 |    +3.1% |   -2.887 |    -1197.1 |   1289 | _20804_/D
     1170 |       0 |     661 |       67 |     36 |    80 |    +3.1% |   -2.887 |    -1197.0 |   1289 | _20804_/D
     1170 |       0 |     661 |       67 |     36 |    80 |    +3.1% |   -2.887 |    -1197.0 |   1289 | _20804_/D
     1172 |       0 |     662 |       67 |     36 |    80 |    +3.1% |   -2.887 |    -1196.8 |   1289 | _20804_/D
     1174 |       0 |     663 |       67 |     36 |    80 |    +3.1% |   -2.887 |    -1196.7 |   1289 | _20804_/D
     1176 |       0 |     664 |       67 |     36 |    80 |    +3.1% |   -2.887 |    -1196.6 |   1289 | _20804_/D
     1179 |       0 |     666 |       67 |     36 |    80 |    +3.1% |   -2.887 |    -1196.6 |   1289 | _20804_/D
     1180 |       0 |     666 |       67 |     36 |    80 |    +3.1% |   -2.887 |    -1196.6 |   1289 | _20804_/D
     1183 |       0 |     669 |       67 |     36 |    80 |    +3.1% |   -2.887 |    -1196.3 |   1289 | _20804_/D
     1185 |       0 |     670 |       67 |     36 |    80 |    +3.1% |   -2.887 |    -1196.1 |   1289 | _20804_/D
     1190 |       0 |     673 |       67 |     37 |    80 |    +3.2% |   -2.887 |    -1196.9 |   1289 | _20804_/D
     1190 |       0 |     673 |       67 |     37 |    80 |    +3.2% |   -2.887 |    -1196.9 |   1289 | _20804_/D
     1194 |       0 |     676 |       67 |     37 |    80 |    +3.2% |   -2.887 |    -1196.3 |   1289 | _20804_/D
     1197 |       0 |     678 |       67 |     37 |    80 |    +3.2% |   -2.887 |    -1193.1 |   1289 | _20804_/D
     1199 |       0 |     679 |       67 |     37 |    80 |    +3.2% |   -2.887 |    -1193.0 |   1289 | _20804_/D
     1200 |       0 |     679 |       67 |     37 |    80 |    +3.2% |   -2.887 |    -1193.0 |   1289 | _20804_/D
     1201 |       0 |     680 |       67 |     37 |    80 |    +3.2% |   -2.887 |    -1192.8 |   1289 | _20804_/D
     1204 |       0 |     682 |       67 |     37 |    80 |    +3.2% |   -2.887 |    -1192.7 |   1289 | _20804_/D
     1206 |       0 |     683 |       67 |     37 |    80 |    +3.2% |   -2.887 |    -1192.6 |   1289 | _20804_/D
     1208 |       0 |     684 |       67 |     37 |    80 |    +3.2% |   -2.887 |    -1192.5 |   1289 | _20804_/D
     1210 |       0 |     685 |       67 |     37 |    80 |    +3.2% |   -2.887 |    -1192.5 |   1289 | _20804_/D
     1214 |       0 |     689 |       67 |     37 |    80 |    +3.2% |   -2.887 |    -1192.7 |   1289 | _20804_/D
     1220 |       0 |     694 |       67 |     37 |    80 |    +3.2% |   -2.887 |    -1193.0 |   1289 | _20804_/D
     1221 |       0 |     695 |       67 |     37 |    80 |    +3.2% |   -2.887 |    -1193.0 |   1289 | _20804_/D
     1223 |       0 |     696 |       67 |     37 |    80 |    +3.2% |   -2.887 |    -1192.9 |   1289 | _20804_/D
     1225 |       0 |     697 |       67 |     37 |    80 |    +3.2% |   -2.887 |    -1192.7 |   1289 | _20804_/D
     1227 |       0 |     698 |       67 |     37 |    80 |    +3.2% |   -2.887 |    -1192.6 |   1289 | _20804_/D
     1229 |       0 |     699 |       67 |     37 |    80 |    +3.2% |   -2.887 |    -1192.5 |   1289 | _20804_/D
     1230 |       0 |     699 |       67 |     37 |    80 |    +3.2% |   -2.887 |    -1192.5 |   1289 | _20804_/D
     1231 |       0 |     700 |       67 |     37 |    80 |    +3.2% |   -2.887 |    -1192.4 |   1289 | _20804_/D
     1233 |       0 |     701 |       67 |     37 |    80 |    +3.2% |   -2.887 |    -1192.2 |   1289 | _20804_/D
     1235 |       0 |     702 |       67 |     37 |    80 |    +3.2% |   -2.887 |    -1192.1 |   1289 | _20804_/D
     1237 |       0 |     703 |       67 |     37 |    80 |    +3.2% |   -2.887 |    -1192.0 |   1289 | _20804_/D
     1240 |       0 |     705 |       67 |     37 |    80 |    +3.2% |   -2.887 |    -1191.4 |   1289 | _20804_/D
     1246 |       0 |     710 |       67 |     38 |    80 |    +3.2% |   -2.887 |    -1192.9 |   1289 | _20804_/D
     1248 |       0 |     711 |       67 |     38 |    80 |    +3.2% |   -2.887 |    -1192.8 |   1289 | _20804_/D
     1250 |       0 |     712 |       67 |     38 |    80 |    +3.2% |   -2.887 |    -1192.7 |   1289 | _20804_/D
     1250 |       0 |     712 |       67 |     38 |    80 |    +3.2% |   -2.887 |    -1192.7 |   1289 | _20804_/D
     1252 |       0 |     713 |       67 |     38 |    80 |    +3.2% |   -2.887 |    -1192.5 |   1289 | _20804_/D
     1256 |       0 |     716 |       67 |     38 |    80 |    +3.3% |   -2.887 |    -1192.1 |   1289 | _20804_/D
     1258 |       0 |     717 |       67 |     38 |    80 |    +3.3% |   -2.887 |    -1192.0 |   1289 | _20804_/D
     1260 |       0 |     718 |       67 |     38 |    80 |    +3.3% |   -2.887 |    -1191.8 |   1289 | _20804_/D
     1264 |       0 |     722 |       67 |     38 |    80 |    +3.3% |   -2.887 |    -1192.1 |   1289 | _20804_/D
     1266 |       0 |     723 |       67 |     38 |    80 |    +3.3% |   -2.887 |    -1192.0 |   1289 | _20804_/D
     1268 |       0 |     724 |       67 |     38 |    80 |    +3.3% |   -2.887 |    -1191.8 |   1289 | _20804_/D
     1270 |       0 |     725 |       67 |     38 |    80 |    +3.3% |   -2.887 |    -1191.7 |   1289 | _20804_/D
     1270 |       0 |     725 |       67 |     38 |    80 |    +3.3% |   -2.887 |    -1191.7 |   1289 | _20804_/D
     1272 |       0 |     726 |       67 |     38 |    80 |    +3.3% |   -2.887 |    -1191.6 |   1289 | _20804_/D
     1274 |       0 |     727 |       67 |     38 |    80 |    +3.3% |   -2.887 |    -1191.5 |   1289 | _20804_/D
     1280 |       0 |     731 |       68 |     38 |    80 |    +3.3% |   -2.887 |    -1191.4 |   1289 | _20804_/D
     1290 |       0 |     738 |       70 |     38 |    81 |    +3.4% |   -2.887 |    -1192.9 |   1289 | _20804_/D
     1300 |       0 |     747 |       70 |     38 |    82 |    +3.4% |   -2.887 |    -1193.2 |   1289 | _20804_/D
     1300 |       0 |     746 |       70 |     38 |    82 |    +3.4% |   -2.887 |    -1193.0 |   1289 | _20804_/D
     1307 |       0 |     750 |       71 |     38 |    82 |    +3.4% |   -2.887 |    -1193.3 |   1289 | _20804_/D
     1310 |       0 |     752 |       71 |     38 |    82 |    +3.4% |   -2.887 |    -1193.6 |   1289 | _20804_/D
     1311 |       0 |     752 |       71 |     38 |    82 |    +3.4% |   -2.887 |    -1193.6 |   1289 | _20804_/D
     1315 |       0 |     754 |       71 |     38 |    82 |    +3.4% |   -2.887 |    -1193.5 |   1289 | _20804_/D
     1320 |       0 |     757 |       71 |     38 |    83 |    +3.5% |   -2.887 |    -1194.3 |   1289 | _20804_/D
     1320 |       0 |     757 |       71 |     38 |    82 |    +3.5% |   -2.887 |    -1194.2 |   1289 | _20804_/D
     1328 |       0 |     762 |       72 |     38 |    82 |    +3.5% |   -2.887 |    -1194.9 |   1289 | _20804_/D
     1330 |       0 |     763 |       72 |     38 |    82 |    +3.5% |   -2.887 |    -1194.9 |   1289 | _20804_/D
     1332 |       0 |     764 |       72 |     38 |    82 |    +3.5% |   -2.887 |    -1194.9 |   1289 | _20804_/D
     1337 |       0 |     768 |       72 |     38 |    82 |    +3.5% |   -2.887 |    -1195.2 |   1289 | _20804_/D
     1339 |       0 |     769 |       72 |     38 |    82 |    +3.5% |   -2.887 |    -1195.1 |   1289 | _20804_/D
     1340 |       0 |     769 |       72 |     38 |    82 |    +3.5% |   -2.887 |    -1195.1 |   1289 | _20804_/D
     1341 |       0 |     770 |       72 |     38 |    82 |    +3.5% |   -2.887 |    -1195.0 |   1289 | _20804_/D
     1343 |       0 |     771 |       72 |     38 |    82 |    +3.5% |   -2.887 |    -1194.8 |   1289 | _20804_/D
     1345 |       0 |     772 |       72 |     38 |    82 |    +3.5% |   -2.887 |    -1194.7 |   1289 | _20804_/D
     1347 |       0 |     773 |       72 |     38 |    82 |    +3.5% |   -2.887 |    -1194.6 |   1289 | _20804_/D
     1350 |       0 |     775 |       72 |     38 |    82 |    +3.5% |   -2.887 |    -1194.9 |   1289 | _20804_/D
     1352 |       0 |     777 |       72 |     38 |    82 |    +3.5% |   -2.887 |    -1194.9 |   1289 | _20804_/D
     1354 |       0 |     778 |       72 |     38 |    82 |    +3.5% |   -2.887 |    -1194.8 |   1289 | _20804_/D
     1356 |       0 |     779 |       72 |     38 |    82 |    +3.5% |   -2.887 |    -1194.6 |   1289 | _20804_/D
     1358 |       0 |     780 |       72 |     38 |    82 |    +3.5% |   -2.887 |    -1194.5 |   1289 | _20804_/D
     1360 |       0 |     781 |       72 |     38 |    82 |    +3.5% |   -2.887 |    -1194.4 |   1289 | _20804_/D
     1360 |       0 |     781 |       72 |     38 |    82 |    +3.5% |   -2.887 |    -1194.4 |   1289 | _20804_/D
     1362 |       0 |     782 |       72 |     38 |    82 |    +3.5% |   -2.887 |    -1194.3 |   1289 | _20804_/D
     1364 |       0 |     783 |       72 |     38 |    82 |    +3.5% |   -2.887 |    -1194.3 |   1289 | _20804_/D
     1370 |       0 |     788 |       72 |     38 |    82 |    +3.5% |   -2.887 |    -1195.0 |   1289 | _20804_/D
     1374 |       0 |     787 |       72 |     38 |    82 |    +3.5% |   -2.887 |    -1194.9 |   1289 | _20804_/D
     1380 |       0 |     792 |       72 |     38 |    82 |    +3.6% |   -2.887 |    -1196.0 |   1289 | _20804_/D
     1381 |       0 |     787 |       72 |     38 |    82 |    +3.5% |   -2.887 |    -1194.9 |   1289 | _20804_/D
     1388 |       0 |     787 |       72 |     38 |    82 |    +3.5% |   -2.887 |    -1194.9 |   1289 | _20804_/D
     1390 |       0 |     788 |       72 |     38 |    82 |    +3.5% |   -2.887 |    -1194.7 |   1289 | _20804_/D
     1392 |       0 |     790 |       72 |     38 |    82 |    +3.5% |   -2.887 |    -1193.4 |   1289 | _20804_/D
     1396 |       0 |     793 |       72 |     38 |    82 |    +3.5% |   -2.887 |    -1193.2 |   1289 | _20804_/D
     1400 |       0 |     795 |       72 |     39 |    82 |    +3.6% |   -2.887 |    -1194.4 |   1289 | _20804_/D
     1400 |       0 |     795 |       72 |     39 |    82 |    +3.6% |   -2.887 |    -1194.4 |   1289 | _20804_/D
    1400* |       0 |     795 |       72 |     39 |    82 |    +3.6% |   -2.887 |    -1194.4 |    698 | _20804_/D
    1405* |       0 |     798 |       72 |     39 |    83 |    +3.6% |   -2.646 |    -1189.4 |    698 | _19815_/D
    1410* |       0 |     802 |       72 |     39 |    83 |    +3.6% |   -2.646 |    -1187.8 |    698 | _19815_/D
    1415* |       0 |     808 |       72 |     39 |    83 |    +3.6% |   -2.646 |    -1185.7 |    698 | _19815_/D
    1416* |       0 |     808 |       72 |     39 |    83 |    +3.6% |   -2.646 |    -1185.7 |    698 | _19815_/D
    1417* |       0 |     808 |       72 |     39 |    83 |    +3.6% |   -2.646 |    -1185.7 |    698 | _19815_/D
    1419* |       0 |     809 |       72 |     39 |    83 |    +3.6% |   -2.646 |    -1183.2 |    698 | _19815_/D
    1420* |       0 |     809 |       72 |     39 |    83 |    +3.6% |   -2.646 |    -1183.2 |    698 | _19815_/D
    1421* |       0 |     810 |       72 |     39 |    83 |    +3.6% |   -2.646 |    -1182.7 |    698 | _19815_/D
    1422* |       0 |     810 |       72 |     39 |    83 |    +3.6% |   -2.646 |    -1182.7 |    698 | _19815_/D
    1423* |       0 |     810 |       72 |     39 |    83 |    +3.6% |   -2.646 |    -1182.7 |    698 | _19815_/D
    1424* |       0 |     810 |       72 |     39 |    83 |    +3.6% |   -2.646 |    -1182.7 |    698 | _19815_/D
    1425* |       0 |     810 |       72 |     39 |    83 |    +3.6% |   -2.646 |    -1182.7 |    698 | _19815_/D
    1426* |       0 |     810 |       72 |     39 |    83 |    +3.6% |   -2.646 |    -1182.7 |    698 | _19815_/D
    1427* |       0 |     810 |       72 |     39 |    83 |    +3.6% |   -2.646 |    -1182.7 |    698 | _19815_/D
    1428* |       0 |     810 |       72 |     39 |    83 |    +3.6% |   -2.646 |    -1182.7 |    698 | _19815_/D
    1429* |       0 |     810 |       72 |     39 |    83 |    +3.6% |   -2.646 |    -1182.7 |    698 | _19815_/D
    1430* |       0 |     810 |       72 |     39 |    83 |    +3.6% |   -2.646 |    -1182.7 |    698 | _19815_/D
    1430* |       0 |     810 |       72 |     39 |    83 |    +3.6% |   -2.646 |    -1182.7 |    698 | _19815_/D
    1431* |       0 |     810 |       72 |     39 |    83 |    +3.6% |   -2.646 |    -1182.7 |    698 | _19815_/D
    1432* |       0 |     810 |       72 |     39 |    83 |    +3.6% |   -2.646 |    -1182.7 |    698 | _19815_/D
    1433* |       0 |     810 |       72 |     39 |    83 |    +3.6% |   -2.646 |    -1182.7 |    698 | _19815_/D
    1434* |       0 |     810 |       72 |     39 |    83 |    +3.6% |   -2.646 |    -1182.7 |    698 | _19815_/D
    1436* |       0 |     811 |       72 |     39 |    83 |    +3.6% |   -2.646 |    -1182.2 |    698 | _19815_/D
    1437* |       0 |     811 |       72 |     39 |    83 |    +3.6% |   -2.646 |    -1182.2 |    698 | _19815_/D
    1438* |       0 |     811 |       72 |     39 |    83 |    +3.6% |   -2.646 |    -1182.2 |    698 | _19815_/D
    1439* |       0 |     811 |       72 |     39 |    83 |    +3.6% |   -2.646 |    -1182.2 |    698 | _19815_/D
    1440* |       0 |     811 |       72 |     39 |    83 |    +3.6% |   -2.646 |    -1182.2 |    698 | _19815_/D
    1440* |       0 |     811 |       72 |     39 |    83 |    +3.6% |   -2.646 |    -1182.2 |    698 | _19815_/D
    1441* |       0 |     811 |       72 |     39 |    83 |    +3.6% |   -2.646 |    -1182.2 |    698 | _19815_/D
    1442* |       0 |     811 |       72 |     39 |    83 |    +3.6% |   -2.646 |    -1182.2 |    698 | _19815_/D
    1443* |       0 |     811 |       72 |     39 |    83 |    +3.6% |   -2.646 |    -1182.2 |    698 | _19815_/D
    1444* |       0 |     811 |       72 |     39 |    83 |    +3.6% |   -2.646 |    -1182.2 |    698 | _19815_/D
    1445* |       0 |     811 |       72 |     39 |    83 |    +3.6% |   -2.646 |    -1182.2 |    698 | _19815_/D
    1446* |       0 |     811 |       72 |     39 |    83 |    +3.6% |   -2.646 |    -1182.2 |    698 | _19815_/D
    1447* |       0 |     811 |       72 |     39 |    83 |    +3.6% |   -2.646 |    -1182.2 |    698 | _19815_/D
    1448* |       0 |     811 |       72 |     39 |    83 |    +3.6% |   -2.646 |    -1182.2 |    698 | _19815_/D
    1449* |       0 |     811 |       72 |     39 |    83 |    +3.6% |   -2.646 |    -1182.2 |    698 | _19815_/D
    1450* |       0 |     811 |       72 |     39 |    83 |    +3.6% |   -2.646 |    -1182.2 |    698 | _19815_/D
    1450* |       0 |     811 |       72 |     39 |    83 |    +3.6% |   -2.646 |    -1182.2 |    698 | _19815_/D
    1451* |       0 |     811 |       72 |     39 |    83 |    +3.6% |   -2.646 |    -1182.2 |    698 | _19815_/D
    1452* |       0 |     811 |       72 |     39 |    83 |    +3.6% |   -2.646 |    -1182.2 |    698 | _19815_/D
    1453* |       0 |     811 |       72 |     39 |    83 |    +3.6% |   -2.646 |    -1182.2 |    698 | _19815_/D
    1454* |       0 |     811 |       72 |     39 |    83 |    +3.6% |   -2.646 |    -1182.2 |    698 | _19815_/D
    1455* |       0 |     811 |       72 |     39 |    83 |    +3.6% |   -2.646 |    -1182.2 |    698 | _19815_/D
    1456* |       0 |     811 |       72 |     39 |    83 |    +3.6% |   -2.646 |    -1182.2 |    698 | _19815_/D
    1457* |       0 |     811 |       72 |     39 |    83 |    +3.6% |   -2.646 |    -1182.2 |    698 | _19815_/D
    1458* |       0 |     811 |       72 |     39 |    83 |    +3.6% |   -2.646 |    -1182.2 |    698 | _19815_/D
    1459* |       0 |     811 |       72 |     39 |    83 |    +3.6% |   -2.646 |    -1182.2 |    698 | _19815_/D
    1460* |       0 |     811 |       72 |     39 |    83 |    +3.6% |   -2.646 |    -1182.2 |    698 | _19815_/D
    1460* |       0 |     811 |       72 |     39 |    83 |    +3.6% |   -2.646 |    -1182.2 |    698 | _19815_/D
    1461* |       0 |     811 |       72 |     39 |    83 |    +3.6% |   -2.646 |    -1182.2 |    698 | _19815_/D
    1462* |       0 |     811 |       72 |     39 |    83 |    +3.6% |   -2.646 |    -1182.2 |    698 | _19815_/D
    1463* |       0 |     811 |       72 |     39 |    83 |    +3.6% |   -2.646 |    -1182.2 |    698 | _19815_/D
    1464* |       0 |     811 |       72 |     39 |    83 |    +3.6% |   -2.646 |    -1182.2 |    698 | _19815_/D
    1465* |       0 |     811 |       72 |     39 |    83 |    +3.6% |   -2.646 |    -1182.2 |    698 | _19815_/D
    1466* |       0 |     811 |       72 |     39 |    83 |    +3.6% |   -2.646 |    -1182.2 |    698 | _19815_/D
    1467* |       0 |     811 |       72 |     39 |    83 |    +3.6% |   -2.646 |    -1182.2 |    698 | _19815_/D
    1468* |       0 |     811 |       72 |     39 |    83 |    +3.6% |   -2.646 |    -1182.2 |    698 | _19815_/D
    1469* |       0 |     811 |       72 |     39 |    83 |    +3.6% |   -2.646 |    -1182.2 |    698 | _19815_/D
    1470* |       0 |     811 |       72 |     39 |    83 |    +3.6% |   -2.646 |    -1182.2 |    698 | _19815_/D
    1470* |       0 |     811 |       72 |     39 |    83 |    +3.6% |   -2.646 |    -1182.2 |    698 | _19815_/D
    1471* |       0 |     811 |       72 |     39 |    83 |    +3.6% |   -2.646 |    -1182.2 |    698 | _19815_/D
    1472* |       0 |     811 |       72 |     39 |    83 |    +3.6% |   -2.646 |    -1182.2 |    698 | _19815_/D
    1477* |       0 |     814 |       72 |     39 |    84 |    +3.6% |   -2.646 |    -1178.1 |    698 | _19815_/D
    1478* |       0 |     814 |       72 |     39 |    84 |    +3.6% |   -2.646 |    -1178.1 |    698 | _19815_/D
    1480* |       0 |     815 |       72 |     39 |    84 |    +3.6% |   -2.646 |    -1177.7 |    698 | _19815_/D
    1481* |       0 |     816 |       72 |     39 |    84 |    +3.6% |   -2.646 |    -1177.4 |    698 | _19815_/D
    1482* |       0 |     816 |       72 |     39 |    84 |    +3.6% |   -2.646 |    -1177.4 |    698 | _19815_/D
    1483* |       0 |     816 |       72 |     39 |    84 |    +3.6% |   -2.646 |    -1177.4 |    698 | _19815_/D
    1484* |       0 |     816 |       72 |     39 |    84 |    +3.6% |   -2.646 |    -1177.4 |    698 | _19815_/D
    1485* |       0 |     816 |       72 |     39 |    84 |    +3.6% |   -2.646 |    -1177.4 |    698 | _19815_/D
    1486* |       0 |     816 |       72 |     39 |    84 |    +3.6% |   -2.646 |    -1177.4 |    698 | _19815_/D
    1487* |       0 |     816 |       72 |     39 |    84 |    +3.6% |   -2.646 |    -1177.4 |    698 | _19815_/D
    1488* |       0 |     816 |       72 |     39 |    84 |    +3.6% |   -2.646 |    -1177.4 |    698 | _19815_/D
    1489* |       0 |     816 |       72 |     39 |    84 |    +3.6% |   -2.646 |    -1177.4 |    698 | _19815_/D
    1490* |       0 |     816 |       72 |     39 |    84 |    +3.6% |   -2.646 |    -1177.4 |    698 | _19815_/D
    1490* |       0 |     816 |       72 |     39 |    84 |    +3.6% |   -2.646 |    -1177.4 |    698 | _19815_/D
    1491* |       0 |     816 |       72 |     39 |    84 |    +3.6% |   -2.646 |    -1177.4 |    698 | _19815_/D
    1492* |       0 |     816 |       72 |     39 |    84 |    +3.6% |   -2.646 |    -1177.4 |    698 | _19815_/D
    1493* |       0 |     816 |       72 |     39 |    84 |    +3.6% |   -2.646 |    -1177.4 |    698 | _19815_/D
    1494* |       0 |     816 |       72 |     39 |    84 |    +3.6% |   -2.646 |    -1177.4 |    698 | _19815_/D
    1495* |       0 |     816 |       72 |     39 |    84 |    +3.6% |   -2.646 |    -1177.4 |    698 | _19815_/D
    1498* |       0 |     818 |       72 |     39 |    84 |    +3.6% |   -2.646 |    -1175.6 |    698 | _19815_/D
    1499* |       0 |     818 |       72 |     39 |    84 |    +3.6% |   -2.646 |    -1175.6 |    698 | _19815_/D
    1500* |       0 |     818 |       72 |     39 |    84 |    +3.6% |   -2.646 |    -1175.6 |    698 | _19815_/D
    1502* |       0 |     819 |       72 |     39 |    84 |    +3.6% |   -2.646 |    -1175.5 |    698 | _19815_/D
    1503* |       0 |     819 |       72 |     39 |    84 |    +3.6% |   -2.646 |    -1175.5 |    698 | _19815_/D
    1504* |       0 |     819 |       72 |     39 |    84 |    +3.6% |   -2.646 |    -1175.5 |    698 | _19815_/D
    1505* |       0 |     819 |       72 |     39 |    84 |    +3.6% |   -2.646 |    -1175.5 |    698 | _19815_/D
    1506* |       0 |     819 |       72 |     39 |    84 |    +3.6% |   -2.646 |    -1175.5 |    698 | _19815_/D
    1507* |       0 |     819 |       72 |     39 |    84 |    +3.6% |   -2.646 |    -1175.5 |    698 | _19815_/D
    1508* |       0 |     819 |       72 |     39 |    84 |    +3.6% |   -2.646 |    -1175.5 |    698 | _19815_/D
    1510* |       0 |     820 |       72 |     39 |    84 |    +3.6% |   -2.646 |    -1175.2 |    698 | _19815_/D
    1510* |       0 |     820 |       72 |     39 |    84 |    +3.6% |   -2.646 |    -1175.2 |    698 | _19815_/D
    1511* |       0 |     820 |       72 |     39 |    84 |    +3.6% |   -2.646 |    -1175.2 |    698 | _19815_/D
    1512* |       0 |     820 |       72 |     39 |    84 |    +3.6% |   -2.646 |    -1175.2 |    698 | _19815_/D
    1513* |       0 |     820 |       72 |     39 |    84 |    +3.6% |   -2.646 |    -1175.2 |    698 | _19815_/D
    1514* |       0 |     820 |       72 |     39 |    84 |    +3.6% |   -2.646 |    -1175.2 |    698 | _19815_/D
    1515* |       0 |     820 |       72 |     39 |    84 |    +3.6% |   -2.646 |    -1175.2 |    698 | _19815_/D
    1516* |       0 |     820 |       72 |     39 |    84 |    +3.6% |   -2.646 |    -1175.2 |    698 | _19815_/D
    1517* |       0 |     820 |       72 |     39 |    84 |    +3.6% |   -2.646 |    -1175.2 |    698 | _19815_/D
    1518* |       0 |     820 |       72 |     39 |    84 |    +3.6% |   -2.646 |    -1175.2 |    698 | _19815_/D
    1519* |       0 |     820 |       72 |     39 |    84 |    +3.6% |   -2.646 |    -1175.2 |    698 | _19815_/D
    1520* |       0 |     820 |       72 |     39 |    84 |    +3.6% |   -2.646 |    -1175.2 |    698 | _19815_/D
    1520* |       0 |     820 |       72 |     39 |    84 |    +3.6% |   -2.646 |    -1175.2 |    698 | _19815_/D
    1521* |       0 |     820 |       72 |     39 |    84 |    +3.6% |   -2.646 |    -1175.2 |    698 | _19815_/D
    1522* |       0 |     820 |       72 |     39 |    84 |    +3.6% |   -2.646 |    -1175.2 |    698 | _19815_/D
    1523* |       0 |     820 |       72 |     39 |    84 |    +3.6% |   -2.646 |    -1175.2 |    698 | _19815_/D
    1524* |       0 |     820 |       72 |     39 |    84 |    +3.6% |   -2.646 |    -1175.2 |    698 | _19815_/D
    1525* |       0 |     820 |       72 |     39 |    84 |    +3.6% |   -2.646 |    -1175.2 |    698 | _19815_/D
    1526* |       0 |     820 |       72 |     39 |    84 |    +3.6% |   -2.646 |    -1175.2 |    698 | _19815_/D
    1527* |       0 |     820 |       72 |     39 |    84 |    +3.6% |   -2.646 |    -1175.2 |    698 | _19815_/D
    1528* |       0 |     820 |       72 |     39 |    84 |    +3.6% |   -2.646 |    -1175.2 |    698 | _19815_/D
    1529* |       0 |     820 |       72 |     39 |    84 |    +3.6% |   -2.646 |    -1175.2 |    698 | _19815_/D
    1530* |       0 |     820 |       72 |     39 |    84 |    +3.6% |   -2.646 |    -1175.2 |    698 | _19815_/D
    1530* |       0 |     820 |       72 |     39 |    84 |    +3.6% |   -2.646 |    -1175.2 |    698 | _19815_/D
    1531* |       0 |     820 |       72 |     39 |    84 |    +3.6% |   -2.646 |    -1175.2 |    698 | _19815_/D
    1532* |       0 |     820 |       72 |     39 |    84 |    +3.6% |   -2.646 |    -1175.2 |    698 | _19815_/D
    1534* |       0 |     821 |       72 |     39 |    84 |    +3.6% |   -2.646 |    -1174.2 |    698 | _19815_/D
    1536* |       0 |     822 |       72 |     39 |    84 |    +3.6% |   -2.646 |    -1174.1 |    698 | _19815_/D
    1538* |       0 |     823 |       72 |     39 |    84 |    +3.6% |   -2.646 |    -1174.1 |    698 | _19815_/D
    1539* |       0 |     823 |       72 |     39 |    84 |    +3.6% |   -2.646 |    -1174.1 |    698 | _19815_/D
    1540* |       0 |     823 |       72 |     39 |    84 |    +3.6% |   -2.646 |    -1174.1 |    698 | _19815_/D
    1540* |       0 |     823 |       72 |     39 |    84 |    +3.6% |   -2.646 |    -1174.1 |    698 | _19815_/D
    1541* |       0 |     823 |       72 |     39 |    84 |    +3.6% |   -2.646 |    -1174.1 |    698 | _19815_/D
    1542* |       0 |     823 |       72 |     39 |    84 |    +3.6% |   -2.646 |    -1174.1 |    698 | _19815_/D
    1543* |       0 |     823 |       72 |     39 |    84 |    +3.6% |   -2.646 |    -1174.1 |    698 | _19815_/D
    1544* |       0 |     823 |       72 |     39 |    84 |    +3.6% |   -2.646 |    -1174.1 |    698 | _19815_/D
    1545* |       0 |     823 |       72 |     39 |    84 |    +3.6% |   -2.646 |    -1174.1 |    698 | _19815_/D
    1546* |       0 |     823 |       72 |     39 |    84 |    +3.6% |   -2.646 |    -1174.1 |    698 | _19815_/D
    1547* |       0 |     823 |       72 |     39 |    84 |    +3.6% |   -2.646 |    -1174.1 |    698 | _19815_/D
    1548* |       0 |     823 |       72 |     39 |    84 |    +3.6% |   -2.646 |    -1174.1 |    698 | _19815_/D
    1549* |       0 |     823 |       72 |     39 |    84 |    +3.6% |   -2.646 |    -1174.1 |    698 | _19815_/D
    1550* |       0 |     823 |       72 |     39 |    84 |    +3.6% |   -2.646 |    -1174.1 |    698 | _19815_/D
    1550* |       0 |     823 |       72 |     39 |    84 |    +3.6% |   -2.646 |    -1174.1 |    698 | _19815_/D
    1555* |       0 |     827 |       72 |     39 |    84 |    +3.6% |   -2.646 |    -1159.7 |    696 | _19815_/D
    1560* |       0 |     831 |       72 |     39 |    84 |    +3.6% |   -2.646 |    -1152.0 |    696 | _19815_/D
    1565* |       0 |     837 |       72 |     39 |    84 |    +3.6% |   -2.646 |    -1143.0 |    696 | _19815_/D
    1566* |       0 |     837 |       72 |     39 |    84 |    +3.6% |   -2.646 |    -1143.0 |    696 | _19815_/D
    1567* |       0 |     837 |       72 |     39 |    84 |    +3.6% |   -2.646 |    -1143.0 |    696 | _19815_/D
    1568* |       0 |     837 |       72 |     39 |    84 |    +3.6% |   -2.646 |    -1143.0 |    696 | _19815_/D
    1569* |       0 |     837 |       72 |     39 |    84 |    +3.6% |   -2.646 |    -1143.0 |    696 | _19815_/D
    1570* |       0 |     837 |       72 |     39 |    84 |    +3.6% |   -2.646 |    -1143.0 |    696 | _19815_/D
    1570* |       0 |     837 |       72 |     39 |    84 |    +3.6% |   -2.646 |    -1143.0 |    696 | _19815_/D
    1571* |       0 |     837 |       72 |     39 |    84 |    +3.6% |   -2.646 |    -1143.0 |    696 | _19815_/D
    1572* |       0 |     837 |       72 |     39 |    84 |    +3.6% |   -2.646 |    -1143.0 |    696 | _19815_/D
    1573* |       0 |     837 |       72 |     39 |    84 |    +3.6% |   -2.646 |    -1143.0 |    696 | _19815_/D
    1574* |       0 |     837 |       72 |     39 |    84 |    +3.6% |   -2.646 |    -1143.0 |    696 | _19815_/D
    1575* |       0 |     837 |       72 |     39 |    84 |    +3.6% |   -2.646 |    -1143.0 |    696 | _19815_/D
    1576* |       0 |     837 |       72 |     39 |    84 |    +3.6% |   -2.646 |    -1143.0 |    696 | _19815_/D
    1580* |       0 |     840 |       72 |     39 |    84 |    +3.6% |   -2.646 |    -1141.3 |    696 | _19815_/D
    1586* |       0 |     846 |       72 |     39 |    85 |    +3.7% |   -2.646 |    -1133.6 |    696 | _19815_/D
    1588* |       0 |     847 |       72 |     39 |    85 |    +3.7% |   -2.646 |    -1132.3 |    696 | _19815_/D
    1589* |       0 |     847 |       72 |     39 |    85 |    +3.7% |   -2.646 |    -1132.3 |    696 | _19815_/D
    1590* |       0 |     847 |       72 |     39 |    85 |    +3.7% |   -2.646 |    -1132.3 |    696 | _19815_/D
    1590* |       0 |     847 |       72 |     39 |    85 |    +3.7% |   -2.646 |    -1132.3 |    696 | _19815_/D
    1591* |       0 |     847 |       72 |     39 |    85 |    +3.7% |   -2.646 |    -1132.3 |    696 | _19815_/D
    1592* |       0 |     847 |       72 |     39 |    85 |    +3.7% |   -2.646 |    -1132.3 |    696 | _19815_/D
    1593* |       0 |     847 |       72 |     39 |    85 |    +3.7% |   -2.646 |    -1132.3 |    696 | _19815_/D
    1594* |       0 |     847 |       72 |     39 |    85 |    +3.7% |   -2.646 |    -1132.3 |    696 | _19815_/D
    1595* |       0 |     847 |       72 |     39 |    85 |    +3.7% |   -2.646 |    -1132.3 |    696 | _19815_/D
    1596* |       0 |     847 |       72 |     39 |    85 |    +3.7% |   -2.646 |    -1132.3 |    696 | _19815_/D
    1597* |       0 |     847 |       72 |     39 |    85 |    +3.7% |   -2.646 |    -1132.3 |    696 | _19815_/D
    1598* |       0 |     847 |       72 |     39 |    85 |    +3.7% |   -2.646 |    -1132.3 |    696 | _19815_/D
    1599* |       0 |     847 |       72 |     39 |    85 |    +3.7% |   -2.646 |    -1132.3 |    696 | _19815_/D
    1600* |       0 |     847 |       72 |     39 |    85 |    +3.7% |   -2.646 |    -1132.3 |    696 | _19815_/D
    final |       0 |     847 |       72 |     39 |    85 |    +3.7% |   -2.646 |    -1132.3 |    696 | _19815_/D
--------------------------------------------------------------------------------------------------------------
[INFO RSZ-0045] Inserted 72 buffers, 5 to split loads.
[INFO RSZ-0051] Resized 847 instances: 847 up, 0 up match, 0 down, 0 VT
[INFO RSZ-0043] Swapped pins on 85 instances.
[INFO RSZ-0049] Cloned 39 instances.
[WARNING RSZ-0062] Unable to repair all setup violations.
+ repair_timing -verbose -hold -setup_margin 0.05000000000000000277555756156289135105907917022705078125 -hold_margin 0.1000000000000000055511151231257827021181583404541015625 -max_buffer_percent 50
[INFO RSZ-0033] No hold violations found.
+ detailed_placement -max_displacement  500 100 
Placement Analysis
---------------------------------
total displacement      26946.3 u
average displacement        1.5 u
max displacement           90.8 u
original HPWL          773977.6 u
legalized HPWL         809670.2 u
delta HPWL                    5 %

[INFO DPL-0020] Mirrored 4178 instances
[INFO DPL-0021] HPWL before          809670.2 u
[INFO DPL-0022] HPWL after           799367.1 u
[INFO DPL-0023] HPWL delta               -1.3 %
Setting global connections for newly added cells…
[INFO] Setting global connections...
.*u_lo.*u_sram matched with u_transform_scheduler_core.u_fft_scratch_sram.u_lo.u_sram
.*u_hi.*u_sram matched with u_transform_scheduler_core.u_fft_scratch_sram.u_hi.u_sram
[INFO ODB-0403] 444 connections made, 0 conflicts skipped.
Updating metrics…
Cell type report:                       Count       Area
  Macro                                     2  294424.87
  Endcap cell                             724    4086.84
  Tap cell                               4344   24521.01
  Buffer                                   32    1264.44
  Clock buffer                            134   10442.88
  Timing Repair Buffer                    357   33882.91
  Inverter                                588    6785.05
  Clock inverter                           74    1800.69
  Sequential cell                        2004  175158.14
  Multi-Input combinational cell         9307  249830.38
  Total                                 17566  802197.21
Writing OpenROAD database to '/headless/aravindustries-repos/butterfold/butterfold_proto/physical/librelane/runs/butterfold_top_9t_dft12_metadata_isolation/33-openroad-resizertimingpostcts/butterfold_top.odb'…
Writing netlist to '/headless/aravindustries-repos/butterfold/butterfold_proto/physical/librelane/runs/butterfold_top_9t_dft12_metadata_isolation/33-openroad-resizertimingpostcts/butterfold_top.nl.v'…
Writing powered netlist to '/headless/aravindustries-repos/butterfold/butterfold_proto/physical/librelane/runs/butterfold_top_9t_dft12_metadata_isolation/33-openroad-resizertimingpostcts/butterfold_top.pnl.v'…
Writing layout to '/headless/aravindustries-repos/butterfold/butterfold_proto/physical/librelane/runs/butterfold_top_9t_dft12_metadata_isolation/33-openroad-resizertimingpostcts/butterfold_top.def'…
Writing timing constraints to '/headless/aravindustries-repos/butterfold/butterfold_proto/physical/librelane/runs/butterfold_top_9t_dft12_metadata_isolation/33-openroad-resizertimingpostcts/butterfold_top.sdc'…
