
===========================================================================
report_checks -unconstrained
===========================================================================
======================= nom_tt_025C_5v00 Corner ===================================

Startpoint: _19925_ (rising edge-triggered flip-flop clocked by core_clk)
Endpoint: _18320_ (rising edge-triggered flip-flop clocked by core_clk)
Path Group: core_clk
Path Type: max

Fanout         Cap        Slew       Delay        Time   Description
---------------------------------------------------------------------------------------------
                                  0.000000    0.000000   clock core_clk (rise edge)
                                  0.000000    0.000000   clock source latency
     2    0.149486    0.000000    0.000000    0.000000 ^ clk (in)
                                                         clk (net)
                      0.034402    0.014071    0.014071 ^ clkbuf_regs_0_core_clk/I (gf180mcu_fd_sc_mcu9t5v0__clkbuf_16)
     1    0.045343    0.077362    0.164056    0.178127 ^ clkbuf_regs_0_core_clk/Z (gf180mcu_fd_sc_mcu9t5v0__clkbuf_16)
                                                         clk_regs (net)
                      0.077362    0.000173    0.178300 ^ clkbuf_0_clk_regs/I (gf180mcu_fd_sc_mcu9t5v0__clkbuf_16)
     8    0.263333    0.206246    0.254967    0.433267 ^ clkbuf_0_clk_regs/Z (gf180mcu_fd_sc_mcu9t5v0__clkbuf_16)
                                                         clknet_0_clk_regs (net)
                      0.206484    0.006553    0.439820 ^ clkbuf_3_2_0_clk_regs/I (gf180mcu_fd_sc_mcu9t5v0__clkbuf_8)
    14    0.396318    0.552599    0.483624    0.923444 ^ clkbuf_3_2_0_clk_regs/Z (gf180mcu_fd_sc_mcu9t5v0__clkbuf_8)
                                                         clknet_3_2_0_clk_regs (net)
                      0.552602    0.000772    0.924216 ^ clkbuf_leaf_18_clk_regs/I (gf180mcu_fd_sc_mcu9t5v0__clkbuf_8)
    23    0.149310    0.236644    0.353635    1.277851 ^ clkbuf_leaf_18_clk_regs/Z (gf180mcu_fd_sc_mcu9t5v0__clkbuf_8)
                                                         clknet_leaf_18_clk_regs (net)
                      0.236645    0.000890    1.278741 ^ _19925_/CLK (gf180mcu_fd_sc_mcu9t5v0__dffrnq_1)
    16    0.157263    1.707719    1.578975    2.857716 ^ _19925_/Q (gf180mcu_fd_sc_mcu9t5v0__dffrnq_1)
                                                         u_transform_scheduler_core.fft128_active (net)
                      1.707728    0.002196    2.859911 ^ _09315_/A1 (gf180mcu_fd_sc_mcu9t5v0__nor2_1)
    16    0.131460    1.338539    1.072414    3.932326 v _09315_/ZN (gf180mcu_fd_sc_mcu9t5v0__nor2_1)
                                                         _04141_ (net)
                      1.338539    0.000072    3.932398 v _09317_/A1 (gf180mcu_fd_sc_mcu9t5v0__nand2_1)
     4    0.021857    0.533931    0.541390    4.473788 ^ _09317_/ZN (gf180mcu_fd_sc_mcu9t5v0__nand2_1)
                                                         _04143_ (net)
                      0.533931    0.000010    4.473798 ^ _09319_/A2 (gf180mcu_fd_sc_mcu9t5v0__or2_1)
     3    0.022537    0.289216    0.359880    4.833678 ^ _09319_/Z (gf180mcu_fd_sc_mcu9t5v0__or2_1)
                                                         _04145_ (net)
                      0.289216    0.000143    4.833820 ^ _09320_/A2 (gf180mcu_fd_sc_mcu9t5v0__nand2_1)
     2    0.022591    0.371016    0.203282    5.037102 v _09320_/ZN (gf180mcu_fd_sc_mcu9t5v0__nand2_1)
                                                         _04146_ (net)
                      0.371016    0.000464    5.037566 v _09347_/A1 (gf180mcu_fd_sc_mcu9t5v0__oai21_1)
     2    0.012979    0.381576    0.323777    5.361343 ^ _09347_/ZN (gf180mcu_fd_sc_mcu9t5v0__oai21_1)
                                                         _04171_ (net)
                      0.381576    0.000148    5.361491 ^ _09351_/A1 (gf180mcu_fd_sc_mcu9t5v0__nand3_1)
     2    0.011863    0.326040    0.200354    5.561845 v _09351_/ZN (gf180mcu_fd_sc_mcu9t5v0__nand3_1)
                                                         _04175_ (net)
                      0.326040    0.000199    5.562045 v _09389_/A3 (gf180mcu_fd_sc_mcu9t5v0__and4_1)
     2    0.066686    0.474243    0.702257    6.264302 v _09389_/Z (gf180mcu_fd_sc_mcu9t5v0__and4_1)
                                                         _04213_ (net)
                      0.474332    0.003635    6.267937 v _09395_/A2 (gf180mcu_fd_sc_mcu9t5v0__aoi21_4)
    45    0.538103    2.742783    1.687936    7.955873 ^ _09395_/ZN (gf180mcu_fd_sc_mcu9t5v0__aoi21_4)
                                                         u_transform_scheduler_core.u_mixed_radix_butterfly.multiply_product_fire (net)
                      2.742795    0.003174    7.959047 ^ max_cap96/I (gf180mcu_fd_sc_mcu9t5v0__clkbuf_20)
    47    0.503708    0.330285    0.540012    8.499060 ^ max_cap96/Z (gf180mcu_fd_sc_mcu9t5v0__clkbuf_20)
                                                         net96 (net)
                      0.330744    0.012089    8.511148 ^ _09405_/A2 (gf180mcu_fd_sc_mcu9t5v0__oai21_4)
    56    0.512860    1.317159    0.818980    9.330128 v _09405_/ZN (gf180mcu_fd_sc_mcu9t5v0__oai21_4)
                                                         _04228_ (net)
                      1.317178    0.002760    9.332889 v _09429_/A2 (gf180mcu_fd_sc_mcu9t5v0__nand2_1)
     5    0.042975    0.745790    0.754128   10.087017 ^ _09429_/ZN (gf180mcu_fd_sc_mcu9t5v0__nand2_1)
                                                         _04252_ (net)
                      0.745790    0.000250   10.087267 ^ _09436_/B1 (gf180mcu_fd_sc_mcu9t5v0__oai221_1)
     2    0.009460    0.402481    0.242991   10.330258 v _09436_/ZN (gf180mcu_fd_sc_mcu9t5v0__oai221_1)
                                                         _04259_ (net)
                      0.402481    0.000020   10.330279 v _09438_/A4 (gf180mcu_fd_sc_mcu9t5v0__or4_1)
     2    0.014791    0.297719    0.786769   11.117048 v _09438_/Z (gf180mcu_fd_sc_mcu9t5v0__or4_1)
                                                         _04261_ (net)
                      0.297719    0.000143   11.117191 v _09442_/A2 (gf180mcu_fd_sc_mcu9t5v0__oai21_1)
     2    0.045166    0.984008    0.651368   11.768559 ^ _09442_/ZN (gf180mcu_fd_sc_mcu9t5v0__oai21_1)
                                                         _04265_ (net)
                      0.984011    0.002591   11.771150 ^ _09466_/A1 (gf180mcu_fd_sc_mcu9t5v0__aoi21_1)
     3    0.020705    0.413310    0.252756   12.023906 v _09466_/ZN (gf180mcu_fd_sc_mcu9t5v0__aoi21_1)
                                                         _04288_ (net)
                      0.413310    0.000189   12.024095 v _15842_/A2 (gf180mcu_fd_sc_mcu9t5v0__oai31_1)
    16    0.095816    2.909418    1.781674   13.805768 ^ _15842_/ZN (gf180mcu_fd_sc_mcu9t5v0__oai31_1)
                                                         _02492_ (net)
                      2.909431    0.003383   13.809152 ^ _15847_/A1 (gf180mcu_fd_sc_mcu9t5v0__nor2_1)
    10    0.067851    1.238202    0.721804   14.530955 v _15847_/ZN (gf180mcu_fd_sc_mcu9t5v0__nor2_1)
                                                         _02497_ (net)
                      1.238202    0.000439   14.531394 v _15850_/A2 (gf180mcu_fd_sc_mcu9t5v0__nand2_1)
     4    0.029988    0.621143    0.632222   15.163616 ^ _15850_/ZN (gf180mcu_fd_sc_mcu9t5v0__nand2_1)
                                                         _02500_ (net)
                      0.621143    0.000096   15.163713 ^ _16240_/A2 (gf180mcu_fd_sc_mcu9t5v0__oai22_1)
     4    0.026370    0.576435    0.339423   15.503136 v _16240_/ZN (gf180mcu_fd_sc_mcu9t5v0__oai22_1)
                                                         _02762_ (net)
                      0.576435    0.000066   15.503201 v _16278_/A3 (gf180mcu_fd_sc_mcu9t5v0__nand3_1)
    10    0.141457    2.038427    1.354586   16.857786 ^ _16278_/ZN (gf180mcu_fd_sc_mcu9t5v0__nand3_1)
                                                         _02784_ (net)
                      2.038427    0.001590   16.859377 ^ max_cap42/I (gf180mcu_fd_sc_mcu9t5v0__clkbuf_8)
    11    0.125312    0.235207    0.452303   17.311680 ^ max_cap42/Z (gf180mcu_fd_sc_mcu9t5v0__clkbuf_8)
                                                         net42 (net)
                      0.235207    0.000444   17.312124 ^ _16280_/A1 (gf180mcu_fd_sc_mcu9t5v0__and2_1)
    16    0.209678    2.264911    1.511227   18.823351 ^ _16280_/Z (gf180mcu_fd_sc_mcu9t5v0__and2_1)
                                                         _02786_ (net)
                      2.264939    0.004571   18.827921 ^ load_slew22/I (gf180mcu_fd_sc_mcu9t5v0__clkbuf_8)
    17    0.211001    0.334197    0.527976   19.355898 ^ load_slew22/Z (gf180mcu_fd_sc_mcu9t5v0__clkbuf_8)
                                                         net22 (net)
                      0.335096    0.013790   19.369686 ^ _16819_/S (gf180mcu_fd_sc_mcu9t5v0__mux2_1)
     1    0.004348    0.141598    0.427466   19.797153 v _16819_/Z (gf180mcu_fd_sc_mcu9t5v0__mux2_1)
                                                         _01474_ (net)
                      0.141598    0.000011   19.797163 v _18320_/D (gf180mcu_fd_sc_mcu9t5v0__dffq_1)
                                             19.797163   data arrival time

                                 16.276043   16.276043   clock core_clk (rise edge)
                                  0.000000   16.276043   clock source latency
     2    0.149486    0.000000    0.000000   16.276043 ^ clk (in)
                                                         clk (net)
                      0.034402    0.014071   16.290113 ^ clkbuf_regs_0_core_clk/I (gf180mcu_fd_sc_mcu9t5v0__clkbuf_16)
     1    0.045343    0.077362    0.164057   16.454170 ^ clkbuf_regs_0_core_clk/Z (gf180mcu_fd_sc_mcu9t5v0__clkbuf_16)
                                                         clk_regs (net)
                      0.077362    0.000172   16.454342 ^ clkbuf_0_clk_regs/I (gf180mcu_fd_sc_mcu9t5v0__clkbuf_16)
     8    0.263333    0.206246    0.254968   16.709311 ^ clkbuf_0_clk_regs/Z (gf180mcu_fd_sc_mcu9t5v0__clkbuf_16)
                                                         clknet_0_clk_regs (net)
                      0.207219    0.011317   16.720627 ^ clkbuf_3_5_0_clk_regs/I (gf180mcu_fd_sc_mcu9t5v0__clkbuf_8)
    11    0.380304    0.532907    0.473893   17.194521 ^ clkbuf_3_5_0_clk_regs/Z (gf180mcu_fd_sc_mcu9t5v0__clkbuf_8)
                                                         clknet_3_5_0_clk_regs (net)
                      0.533008    0.004102   17.198622 ^ clkbuf_leaf_65_clk_regs/I (gf180mcu_fd_sc_mcu9t5v0__clkbuf_8)
    19    0.136361    0.220286    0.341148   17.539770 ^ clkbuf_leaf_65_clk_regs/Z (gf180mcu_fd_sc_mcu9t5v0__clkbuf_8)
                                                         clknet_leaf_65_clk_regs (net)
                      0.220286    0.000554   17.540323 ^ _18320_/CLK (gf180mcu_fd_sc_mcu9t5v0__dffq_1)
                                  0.000000   17.540323   clock reconvergence pessimism
                                 -0.122453   17.417870   library setup time
                                             17.417870   data required time
---------------------------------------------------------------------------------------------
                                             17.417870   data required time
                                            -19.797163   data arrival time
---------------------------------------------------------------------------------------------
                                             -2.379293   slack (VIOLATED)




===========================================================================
report_checks --slack_max -0.01
============================================================================
======================= nom_tt_025C_5v00 Corner ===================================

Startpoint: _19925_ (rising edge-triggered flip-flop clocked by core_clk)
Endpoint: _18320_ (rising edge-triggered flip-flop clocked by core_clk)
Path Group: core_clk
Path Type: max

Fanout         Cap        Slew       Delay        Time   Description
---------------------------------------------------------------------------------------------
                                  0.000000    0.000000   clock core_clk (rise edge)
                                  0.000000    0.000000   clock source latency
     2    0.149486    0.000000    0.000000    0.000000 ^ clk (in)
                                                         clk (net)
                      0.034402    0.014071    0.014071 ^ clkbuf_regs_0_core_clk/I (gf180mcu_fd_sc_mcu9t5v0__clkbuf_16)
     1    0.045343    0.077362    0.164056    0.178127 ^ clkbuf_regs_0_core_clk/Z (gf180mcu_fd_sc_mcu9t5v0__clkbuf_16)
                                                         clk_regs (net)
                      0.077362    0.000173    0.178300 ^ clkbuf_0_clk_regs/I (gf180mcu_fd_sc_mcu9t5v0__clkbuf_16)
     8    0.263333    0.206246    0.254967    0.433267 ^ clkbuf_0_clk_regs/Z (gf180mcu_fd_sc_mcu9t5v0__clkbuf_16)
                                                         clknet_0_clk_regs (net)
                      0.206484    0.006553    0.439820 ^ clkbuf_3_2_0_clk_regs/I (gf180mcu_fd_sc_mcu9t5v0__clkbuf_8)
    14    0.396318    0.552599    0.483624    0.923444 ^ clkbuf_3_2_0_clk_regs/Z (gf180mcu_fd_sc_mcu9t5v0__clkbuf_8)
                                                         clknet_3_2_0_clk_regs (net)
                      0.552602    0.000772    0.924216 ^ clkbuf_leaf_18_clk_regs/I (gf180mcu_fd_sc_mcu9t5v0__clkbuf_8)
    23    0.149310    0.236644    0.353635    1.277851 ^ clkbuf_leaf_18_clk_regs/Z (gf180mcu_fd_sc_mcu9t5v0__clkbuf_8)
                                                         clknet_leaf_18_clk_regs (net)
                      0.236645    0.000890    1.278741 ^ _19925_/CLK (gf180mcu_fd_sc_mcu9t5v0__dffrnq_1)
    16    0.157263    1.707719    1.578975    2.857716 ^ _19925_/Q (gf180mcu_fd_sc_mcu9t5v0__dffrnq_1)
                                                         u_transform_scheduler_core.fft128_active (net)
                      1.707728    0.002196    2.859911 ^ _09315_/A1 (gf180mcu_fd_sc_mcu9t5v0__nor2_1)
    16    0.131460    1.338539    1.072414    3.932326 v _09315_/ZN (gf180mcu_fd_sc_mcu9t5v0__nor2_1)
                                                         _04141_ (net)
                      1.338539    0.000072    3.932398 v _09317_/A1 (gf180mcu_fd_sc_mcu9t5v0__nand2_1)
     4    0.021857    0.533931    0.541390    4.473788 ^ _09317_/ZN (gf180mcu_fd_sc_mcu9t5v0__nand2_1)
                                                         _04143_ (net)
                      0.533931    0.000010    4.473798 ^ _09319_/A2 (gf180mcu_fd_sc_mcu9t5v0__or2_1)
     3    0.022537    0.289216    0.359880    4.833678 ^ _09319_/Z (gf180mcu_fd_sc_mcu9t5v0__or2_1)
                                                         _04145_ (net)
                      0.289216    0.000143    4.833820 ^ _09320_/A2 (gf180mcu_fd_sc_mcu9t5v0__nand2_1)
     2    0.022591    0.371016    0.203282    5.037102 v _09320_/ZN (gf180mcu_fd_sc_mcu9t5v0__nand2_1)
                                                         _04146_ (net)
                      0.371016    0.000464    5.037566 v _09347_/A1 (gf180mcu_fd_sc_mcu9t5v0__oai21_1)
     2    0.012979    0.381576    0.323777    5.361343 ^ _09347_/ZN (gf180mcu_fd_sc_mcu9t5v0__oai21_1)
                                                         _04171_ (net)
                      0.381576    0.000148    5.361491 ^ _09351_/A1 (gf180mcu_fd_sc_mcu9t5v0__nand3_1)
     2    0.011863    0.326040    0.200354    5.561845 v _09351_/ZN (gf180mcu_fd_sc_mcu9t5v0__nand3_1)
                                                         _04175_ (net)
                      0.326040    0.000199    5.562045 v _09389_/A3 (gf180mcu_fd_sc_mcu9t5v0__and4_1)
     2    0.066686    0.474243    0.702257    6.264302 v _09389_/Z (gf180mcu_fd_sc_mcu9t5v0__and4_1)
                                                         _04213_ (net)
                      0.474332    0.003635    6.267937 v _09395_/A2 (gf180mcu_fd_sc_mcu9t5v0__aoi21_4)
    45    0.538103    2.742783    1.687936    7.955873 ^ _09395_/ZN (gf180mcu_fd_sc_mcu9t5v0__aoi21_4)
                                                         u_transform_scheduler_core.u_mixed_radix_butterfly.multiply_product_fire (net)
                      2.742795    0.003174    7.959047 ^ max_cap96/I (gf180mcu_fd_sc_mcu9t5v0__clkbuf_20)
    47    0.503708    0.330285    0.540012    8.499060 ^ max_cap96/Z (gf180mcu_fd_sc_mcu9t5v0__clkbuf_20)
                                                         net96 (net)
                      0.330744    0.012089    8.511148 ^ _09405_/A2 (gf180mcu_fd_sc_mcu9t5v0__oai21_4)
    56    0.512860    1.317159    0.818980    9.330128 v _09405_/ZN (gf180mcu_fd_sc_mcu9t5v0__oai21_4)
                                                         _04228_ (net)
                      1.317178    0.002760    9.332889 v _09429_/A2 (gf180mcu_fd_sc_mcu9t5v0__nand2_1)
     5    0.042975    0.745790    0.754128   10.087017 ^ _09429_/ZN (gf180mcu_fd_sc_mcu9t5v0__nand2_1)
                                                         _04252_ (net)
                      0.745790    0.000250   10.087267 ^ _09436_/B1 (gf180mcu_fd_sc_mcu9t5v0__oai221_1)
     2    0.009460    0.402481    0.242991   10.330258 v _09436_/ZN (gf180mcu_fd_sc_mcu9t5v0__oai221_1)
                                                         _04259_ (net)
                      0.402481    0.000020   10.330279 v _09438_/A4 (gf180mcu_fd_sc_mcu9t5v0__or4_1)
     2    0.014791    0.297719    0.786769   11.117048 v _09438_/Z (gf180mcu_fd_sc_mcu9t5v0__or4_1)
                                                         _04261_ (net)
                      0.297719    0.000143   11.117191 v _09442_/A2 (gf180mcu_fd_sc_mcu9t5v0__oai21_1)
     2    0.045166    0.984008    0.651368   11.768559 ^ _09442_/ZN (gf180mcu_fd_sc_mcu9t5v0__oai21_1)
                                                         _04265_ (net)
                      0.984011    0.002591   11.771150 ^ _09466_/A1 (gf180mcu_fd_sc_mcu9t5v0__aoi21_1)
     3    0.020705    0.413310    0.252756   12.023906 v _09466_/ZN (gf180mcu_fd_sc_mcu9t5v0__aoi21_1)
                                                         _04288_ (net)
                      0.413310    0.000189   12.024095 v _15842_/A2 (gf180mcu_fd_sc_mcu9t5v0__oai31_1)
    16    0.095816    2.909418    1.781674   13.805768 ^ _15842_/ZN (gf180mcu_fd_sc_mcu9t5v0__oai31_1)
                                                         _02492_ (net)
                      2.909431    0.003383   13.809152 ^ _15847_/A1 (gf180mcu_fd_sc_mcu9t5v0__nor2_1)
    10    0.067851    1.238202    0.721804   14.530955 v _15847_/ZN (gf180mcu_fd_sc_mcu9t5v0__nor2_1)
                                                         _02497_ (net)
                      1.238202    0.000439   14.531394 v _15850_/A2 (gf180mcu_fd_sc_mcu9t5v0__nand2_1)
     4    0.029988    0.621143    0.632222   15.163616 ^ _15850_/ZN (gf180mcu_fd_sc_mcu9t5v0__nand2_1)
                                                         _02500_ (net)
                      0.621143    0.000096   15.163713 ^ _16240_/A2 (gf180mcu_fd_sc_mcu9t5v0__oai22_1)
     4    0.026370    0.576435    0.339423   15.503136 v _16240_/ZN (gf180mcu_fd_sc_mcu9t5v0__oai22_1)
                                                         _02762_ (net)
                      0.576435    0.000066   15.503201 v _16278_/A3 (gf180mcu_fd_sc_mcu9t5v0__nand3_1)
    10    0.141457    2.038427    1.354586   16.857786 ^ _16278_/ZN (gf180mcu_fd_sc_mcu9t5v0__nand3_1)
                                                         _02784_ (net)
                      2.038427    0.001590   16.859377 ^ max_cap42/I (gf180mcu_fd_sc_mcu9t5v0__clkbuf_8)
    11    0.125312    0.235207    0.452303   17.311680 ^ max_cap42/Z (gf180mcu_fd_sc_mcu9t5v0__clkbuf_8)
                                                         net42 (net)
                      0.235207    0.000444   17.312124 ^ _16280_/A1 (gf180mcu_fd_sc_mcu9t5v0__and2_1)
    16    0.209678    2.264911    1.511227   18.823351 ^ _16280_/Z (gf180mcu_fd_sc_mcu9t5v0__and2_1)
                                                         _02786_ (net)
                      2.264939    0.004571   18.827921 ^ load_slew22/I (gf180mcu_fd_sc_mcu9t5v0__clkbuf_8)
    17    0.211001    0.334197    0.527976   19.355898 ^ load_slew22/Z (gf180mcu_fd_sc_mcu9t5v0__clkbuf_8)
                                                         net22 (net)
                      0.335096    0.013790   19.369686 ^ _16819_/S (gf180mcu_fd_sc_mcu9t5v0__mux2_1)
     1    0.004348    0.141598    0.427466   19.797153 v _16819_/Z (gf180mcu_fd_sc_mcu9t5v0__mux2_1)
                                                         _01474_ (net)
                      0.141598    0.000011   19.797163 v _18320_/D (gf180mcu_fd_sc_mcu9t5v0__dffq_1)
                                             19.797163   data arrival time

                                 16.276043   16.276043   clock core_clk (rise edge)
                                  0.000000   16.276043   clock source latency
     2    0.149486    0.000000    0.000000   16.276043 ^ clk (in)
                                                         clk (net)
                      0.034402    0.014071   16.290113 ^ clkbuf_regs_0_core_clk/I (gf180mcu_fd_sc_mcu9t5v0__clkbuf_16)
     1    0.045343    0.077362    0.164057   16.454170 ^ clkbuf_regs_0_core_clk/Z (gf180mcu_fd_sc_mcu9t5v0__clkbuf_16)
                                                         clk_regs (net)
                      0.077362    0.000172   16.454342 ^ clkbuf_0_clk_regs/I (gf180mcu_fd_sc_mcu9t5v0__clkbuf_16)
     8    0.263333    0.206246    0.254968   16.709311 ^ clkbuf_0_clk_regs/Z (gf180mcu_fd_sc_mcu9t5v0__clkbuf_16)
                                                         clknet_0_clk_regs (net)
                      0.207219    0.011317   16.720627 ^ clkbuf_3_5_0_clk_regs/I (gf180mcu_fd_sc_mcu9t5v0__clkbuf_8)
    11    0.380304    0.532907    0.473893   17.194521 ^ clkbuf_3_5_0_clk_regs/Z (gf180mcu_fd_sc_mcu9t5v0__clkbuf_8)
                                                         clknet_3_5_0_clk_regs (net)
                      0.533008    0.004102   17.198622 ^ clkbuf_leaf_65_clk_regs/I (gf180mcu_fd_sc_mcu9t5v0__clkbuf_8)
    19    0.136361    0.220286    0.341148   17.539770 ^ clkbuf_leaf_65_clk_regs/Z (gf180mcu_fd_sc_mcu9t5v0__clkbuf_8)
                                                         clknet_leaf_65_clk_regs (net)
                      0.220286    0.000554   17.540323 ^ _18320_/CLK (gf180mcu_fd_sc_mcu9t5v0__dffq_1)
                                  0.000000   17.540323   clock reconvergence pessimism
                                 -0.122453   17.417870   library setup time
                                             17.417870   data required time
---------------------------------------------------------------------------------------------
                                             17.417870   data required time
                                            -19.797163   data arrival time
---------------------------------------------------------------------------------------------
                                             -2.379293   slack (VIOLATED)




===========================================================================
 report_check_types -max_slew -max_cap -max_fanout -violators
============================================================================
======================= nom_tt_025C_5v00 Corner ===================================



===========================================================================
report_parasitic_annotation -report_unannotated
============================================================================
Found 86 unannotated drivers.
 clkload0/ZN
 clkload1/ZN
 clkload10/ZN
 clkload11/ZN
 clkload12/Z
 clkload13/ZN
 clkload14/ZN
 clkload15/ZN
 clkload16/ZN
 clkload17/Z
 clkload18/ZN
 clkload19/Z
 clkload2/ZN
 clkload20/Z
 clkload21/ZN
 clkload22/ZN
 clkload23/ZN
 clkload24/Z
 clkload25/ZN
 clkload26/ZN
 clkload27/ZN
 clkload28/ZN
 clkload29/ZN
 clkload3/ZN
 clkload30/ZN
 clkload31/Z
 clkload32/Z
 clkload33/Z
 clkload34/ZN
 clkload35/ZN
 clkload36/ZN
 clkload37/ZN
 clkload38/ZN
 clkload39/ZN
 clkload4/ZN
 clkload40/ZN
 clkload41/ZN
 clkload42/Z
 clkload43/ZN
 clkload44/ZN
 clkload45/ZN
 clkload46/Z
 clkload47/Z
 clkload48/ZN
 clkload49/ZN
 clkload5/ZN
 clkload50/ZN
 clkload51/ZN
 clkload52/ZN
 clkload53/ZN
 clkload54/ZN
 clkload55/ZN
 clkload56/Z
 clkload57/ZN
 clkload58/Z
 clkload59/ZN
 clkload6/ZN
 clkload60/ZN
 clkload61/ZN
 clkload62/ZN
 clkload63/ZN
 clkload64/ZN
 clkload65/ZN
 clkload66/ZN
 clkload67/ZN
 clkload68/ZN
 clkload69/Z
 clkload7/ZN
 clkload70/ZN
 clkload71/ZN
 clkload72/ZN
 clkload73/ZN
 clkload74/ZN
 clkload75/ZN
 clkload76/Z
 clkload77/ZN
 clkload78/ZN
 clkload79/Z
 clkload8/Z
 clkload80/ZN
 clkload81/ZN
 clkload82/ZN
 clkload83/ZN
 clkload84/ZN
 clkload85/Z
 clkload9/ZN
Found 0 partially unannotated drivers.

===========================================================================
max slew violation count 0
Writing metric design__max_slew_violation__count__corner:nom_tt_025C_5v00: 0
max fanout violation count 0
Writing metric design__max_fanout_violation__count__corner:nom_tt_025C_5v00: 0
max cap violation count 0
Writing metric design__max_cap_violation__count__corner:nom_tt_025C_5v00: 0
============================================================================

===========================================================================
check_setup -verbose -unconstrained_endpoints -multiple_clock -no_clock -no_input_delay -loops -generated_clocks
===========================================================================
