Reading timing models for corner nom_tt_025C_5v00…
Reading timing library for the 'nom_tt_025C_5v00' corner at '/foss/pdks/gf180mcuD/libs.ref/gf180mcu_fd_sc_mcu7t5v0/lib/gf180mcu_fd_sc_mcu7t5v0__tt_025C_5v00.lib'…
Reading timing library for the 'nom_tt_025C_5v00' corner at '/foss/pdks/gf180mcuD/libs.ref/gf180mcu_fd_ip_sram/lib/gf180mcu_fd_ip_sram__sram128x8m8wm1__tt_025C_5v00.lib'…
Reading OpenROAD database at '/foss/designs/butterfold/pd_flow/runs/RUN_2026-08-06_04-36-35/19-openroad-tapendcapinsertion/butterfold_top.odb'…
Reading design constraints file at '/usr/local/lib/python3.12/dist-packages/librelane/scripts/base.sdc'…
[INFO] Using clock clk_i…
[INFO] Setting output delay to: 6
[INFO] Setting input delay to: 6
[INFO] Setting load to: 0.07291
[INFO] Setting clock uncertainty to: 0.25
[INFO] Setting clock transition to: 0.1499999999999999944488848768742172978818416595458984375
[INFO] Setting timing derate to: 5%
[INFO] Setting global connections...
u_core.u_m.* matched with u_core.u_mim_hi
u_core.u_m.* matched with u_core.u_mim_lo
u_core.u_m.* matched with u_core.u_mre_hi
u_core.u_m.* matched with u_core.u_mre_lo
[INFO ODB-0403] 0 connections made, 0 conflicts skipped.
+ pdngen 
[INFO PDN-0001] Inserting grid: stdcell_grid
[INFO PDN-0001] Inserting grid: macro - u_core.u_mim_hi
[INFO PDN-0001] Inserting grid: macro - u_core.u_mim_lo
[INFO PDN-0001] Inserting grid: macro - u_core.u_mre_hi
[INFO PDN-0001] Inserting grid: macro - u_core.u_mre_lo
[WARNING PDN-0110] No via inserted between Metal3 and Metal4 at (164.9400, 518.8800) - (165.1900, 523.8800) on VDD
[WARNING PDN-0110] No via inserted between Metal3 and Metal4 at (164.9400, 150.0000) - (165.1900, 155.0000) on VDD
Setting global connections for newly added cells…
[INFO] Setting global connections...
u_core.u_m.* matched with u_core.u_mim_hi
u_core.u_m.* matched with u_core.u_mim_lo
u_core.u_m.* matched with u_core.u_mre_hi
u_core.u_m.* matched with u_core.u_mre_lo
[INFO ODB-0403] 0 connections made, 0 conflicts skipped.
Updating metrics…
Cell type report:                       Count       Area
  Macro                                     4  464474.07
  Endcap cell                            1106    4855.78
  Tap cell                               4961   21780.77
  Tie cell                                 14     122.93
  Inverter                                202    1773.72
  Sequential cell                         170   12701.43
  Multi-Input combinational cell         4039   79900.89
  Total                                 10496  585609.59
Writing OpenROAD database to '/foss/designs/butterfold/pd_flow/runs/RUN_2026-08-06_04-36-35/21-openroad-generatepdn/butterfold_top.odb'…
Writing netlist to '/foss/designs/butterfold/pd_flow/runs/RUN_2026-08-06_04-36-35/21-openroad-generatepdn/butterfold_top.nl.v'…
Writing powered netlist to '/foss/designs/butterfold/pd_flow/runs/RUN_2026-08-06_04-36-35/21-openroad-generatepdn/butterfold_top.pnl.v'…
Writing layout to '/foss/designs/butterfold/pd_flow/runs/RUN_2026-08-06_04-36-35/21-openroad-generatepdn/butterfold_top.def'…
Writing timing constraints to '/foss/designs/butterfold/pd_flow/runs/RUN_2026-08-06_04-36-35/21-openroad-generatepdn/butterfold_top.sdc'…
[INFO PSM-0040] All shapes on net VDD are connected.
[INFO PSM-0040] All shapes on net VSS are connected.
