Clock: clk
Sources: clk 
Generated: no
Virtual: yes
Propagated: no
Period: 50.000000

===========================================================================
report_clock_properties
============================================================================
Clock                   Period          Waveform
----------------------------------------------------
clk                  50.000000    0.000000 25.000000

===========================================================================
report_clock_latency
============================================================================
Clock clk
rise -> rise
    min     max
0.000000 0.000000 source latency
1.457245         network latency u_sram/CLK
        1.599849 network latency _36_/CLK
---------------
1.457245 1.599849 latency
        0.142605 skew

fall -> fall
    min     max
0.000000 0.000000 source latency
1.313373         network latency u_sram/CLK
        1.434444 network latency _36_/CLK
---------------
1.313373 1.434444 latency
        0.121071 skew



===========================================================================
report_clock_min_period
============================================================================
clk period_min = 11.52 fmax = 86.78
