
===========================================================================
report_checks -path_delay min (Hold)
============================================================================
======================= max_ss_125C_4v50 Corner ===================================

Startpoint: _36_ (rising edge-triggered flip-flop clocked by clk)
Endpoint: _36_ (rising edge-triggered flip-flop clocked by clk)
Path Group: clk
Path Type: min

Fanout         Cap        Slew       Delay        Time   Description
---------------------------------------------------------------------------------------------
                                  0.000000    0.000000   clock clk (rise edge)
                                  0.000000    0.000000   clock source latency
     4    0.069590    0.530322    0.278947    0.278947 ^ clk (in)
                                                         clk (net)
                      0.530413    0.000000    0.278947 ^ clkbuf_regs_0_clk/I (gf180mcu_fd_sc_mcu7t5v0__clkbuf_16)
     1    0.023809    0.166633    0.488887    0.767834 ^ clkbuf_regs_0_clk/Z (gf180mcu_fd_sc_mcu7t5v0__clkbuf_16)
                                                         clk_regs (net)
                      0.166633    0.000297    0.768131 ^ clkbuf_0_clk_regs/I (gf180mcu_fd_sc_mcu7t5v0__clkbuf_16)
     2    0.047537    0.200798    0.433909    1.202041 ^ clkbuf_0_clk_regs/Z (gf180mcu_fd_sc_mcu7t5v0__clkbuf_16)
                                                         clknet_0_clk_regs (net)
                      0.200799    0.000656    1.202696 ^ clkbuf_1_1__f_clk_regs/I (gf180mcu_fd_sc_mcu7t5v0__clkbuf_16)
     2    0.013618    0.147676    0.396792    1.599488 ^ clkbuf_1_1__f_clk_regs/Z (gf180mcu_fd_sc_mcu7t5v0__clkbuf_16)
                                                         clknet_1_1__leaf_clk_regs (net)
                      0.147676    0.000361    1.599849 ^ _36_/CLK (gf180mcu_fd_sc_mcu7t5v0__dffq_1)
     5    0.036440    0.653205    1.548130    3.147979 v _36_/Q (gf180mcu_fd_sc_mcu7t5v0__dffq_1)
                                                         cnt[0] (net)
                      0.653205    0.000719    3.148697 v _33_/A1 (gf180mcu_fd_sc_mcu7t5v0__nor2_1)
     1    0.005612    0.549255    0.478664    3.627361 ^ _33_/ZN (gf180mcu_fd_sc_mcu7t5v0__nor2_1)
                                                         _02_ (net)
                      0.549255    0.000129    3.627490 ^ _36_/D (gf180mcu_fd_sc_mcu7t5v0__dffq_1)
                                              3.627490   data arrival time

                                  0.000000    0.000000   clock clk (rise edge)
                                  0.000000    0.000000   clock source latency
     4    0.069590    0.530322    0.278947    0.278947 ^ clk (in)
                                                         clk (net)
                      0.530413    0.000000    0.278947 ^ clkbuf_regs_0_clk/I (gf180mcu_fd_sc_mcu7t5v0__clkbuf_16)
     1    0.023809    0.166633    0.488887    0.767834 ^ clkbuf_regs_0_clk/Z (gf180mcu_fd_sc_mcu7t5v0__clkbuf_16)
                                                         clk_regs (net)
                      0.166633    0.000297    0.768131 ^ clkbuf_0_clk_regs/I (gf180mcu_fd_sc_mcu7t5v0__clkbuf_16)
     2    0.047537    0.200798    0.433909    1.202041 ^ clkbuf_0_clk_regs/Z (gf180mcu_fd_sc_mcu7t5v0__clkbuf_16)
                                                         clknet_0_clk_regs (net)
                      0.200799    0.000656    1.202696 ^ clkbuf_1_1__f_clk_regs/I (gf180mcu_fd_sc_mcu7t5v0__clkbuf_16)
     2    0.013618    0.147676    0.396792    1.599488 ^ clkbuf_1_1__f_clk_regs/Z (gf180mcu_fd_sc_mcu7t5v0__clkbuf_16)
                                                         clknet_1_1__leaf_clk_regs (net)
                      0.147676    0.000361    1.599849 ^ _36_/CLK (gf180mcu_fd_sc_mcu7t5v0__dffq_1)
                                  0.250000    1.849849   clock uncertainty
                                  0.000000    1.849849   clock reconvergence pessimism
                                  0.040817    1.890666   library hold time
                                              1.890666   data required time
---------------------------------------------------------------------------------------------
                                              1.890666   data required time
                                             -3.627490   data arrival time
---------------------------------------------------------------------------------------------
                                              1.736824   slack (MET)


Startpoint: _39_ (rising edge-triggered flip-flop clocked by clk)
Endpoint: _39_ (rising edge-triggered flip-flop clocked by clk)
Path Group: clk
Path Type: min

Fanout         Cap        Slew       Delay        Time   Description
---------------------------------------------------------------------------------------------
                                  0.000000    0.000000   clock clk (rise edge)
                                  0.000000    0.000000   clock source latency
     4    0.069590    0.530322    0.278947    0.278947 ^ clk (in)
                                                         clk (net)
                      0.530413    0.000000    0.278947 ^ clkbuf_regs_0_clk/I (gf180mcu_fd_sc_mcu7t5v0__clkbuf_16)
     1    0.023809    0.166633    0.488887    0.767834 ^ clkbuf_regs_0_clk/Z (gf180mcu_fd_sc_mcu7t5v0__clkbuf_16)
                                                         clk_regs (net)
                      0.166633    0.000297    0.768131 ^ clkbuf_0_clk_regs/I (gf180mcu_fd_sc_mcu7t5v0__clkbuf_16)
     2    0.047537    0.200798    0.433909    1.202041 ^ clkbuf_0_clk_regs/Z (gf180mcu_fd_sc_mcu7t5v0__clkbuf_16)
                                                         clknet_0_clk_regs (net)
                      0.200799    0.000656    1.202696 ^ clkbuf_1_1__f_clk_regs/I (gf180mcu_fd_sc_mcu7t5v0__clkbuf_16)
     2    0.013618    0.147676    0.396792    1.599488 ^ clkbuf_1_1__f_clk_regs/Z (gf180mcu_fd_sc_mcu7t5v0__clkbuf_16)
                                                         clknet_1_1__leaf_clk_regs (net)
                      0.147676    0.000303    1.599791 ^ _39_/CLK (gf180mcu_fd_sc_mcu7t5v0__dffq_1)
     2    0.012301    0.306093    1.294644    2.894434 v _39_/Q (gf180mcu_fd_sc_mcu7t5v0__dffq_1)
                                                         cnt[3] (net)
                      0.306093    0.000231    2.894665 v _31_/A1 (gf180mcu_fd_sc_mcu7t5v0__xnor2_1)
     1    0.007585    0.572630    0.544268    3.438933 ^ _31_/ZN (gf180mcu_fd_sc_mcu7t5v0__xnor2_1)
                                                         _06_ (net)
                      0.572630    0.000170    3.439103 ^ _32_/A2 (gf180mcu_fd_sc_mcu7t5v0__nor2_1)
     1    0.009419    0.405819    0.365775    3.804878 v _32_/ZN (gf180mcu_fd_sc_mcu7t5v0__nor2_1)
                                                         _01_ (net)
                      0.405819    0.000266    3.805144 v _39_/D (gf180mcu_fd_sc_mcu7t5v0__dffq_1)
                                              3.805144   data arrival time

                                  0.000000    0.000000   clock clk (rise edge)
                                  0.000000    0.000000   clock source latency
     4    0.069590    0.530322    0.278947    0.278947 ^ clk (in)
                                                         clk (net)
                      0.530413    0.000000    0.278947 ^ clkbuf_regs_0_clk/I (gf180mcu_fd_sc_mcu7t5v0__clkbuf_16)
     1    0.023809    0.166633    0.488887    0.767834 ^ clkbuf_regs_0_clk/Z (gf180mcu_fd_sc_mcu7t5v0__clkbuf_16)
                                                         clk_regs (net)
                      0.166633    0.000297    0.768131 ^ clkbuf_0_clk_regs/I (gf180mcu_fd_sc_mcu7t5v0__clkbuf_16)
     2    0.047537    0.200798    0.433909    1.202041 ^ clkbuf_0_clk_regs/Z (gf180mcu_fd_sc_mcu7t5v0__clkbuf_16)
                                                         clknet_0_clk_regs (net)
                      0.200799    0.000656    1.202696 ^ clkbuf_1_1__f_clk_regs/I (gf180mcu_fd_sc_mcu7t5v0__clkbuf_16)
     2    0.013618    0.147676    0.396792    1.599488 ^ clkbuf_1_1__f_clk_regs/Z (gf180mcu_fd_sc_mcu7t5v0__clkbuf_16)
                                                         clknet_1_1__leaf_clk_regs (net)
                      0.147676    0.000303    1.599791 ^ _39_/CLK (gf180mcu_fd_sc_mcu7t5v0__dffq_1)
                                  0.250000    1.849791   clock uncertainty
                                  0.000000    1.849791   clock reconvergence pessimism
                                  0.071234    1.921025   library hold time
                                              1.921025   data required time
---------------------------------------------------------------------------------------------
                                              1.921025   data required time
                                             -3.805144   data arrival time
---------------------------------------------------------------------------------------------
                                              1.884119   slack (MET)


Startpoint: _38_ (rising edge-triggered flip-flop clocked by clk)
Endpoint: _38_ (rising edge-triggered flip-flop clocked by clk)
Path Group: clk
Path Type: min

Fanout         Cap        Slew       Delay        Time   Description
---------------------------------------------------------------------------------------------
                                  0.000000    0.000000   clock clk (rise edge)
                                  0.000000    0.000000   clock source latency
     4    0.069590    0.530322    0.278947    0.278947 ^ clk (in)
                                                         clk (net)
                      0.530413    0.000000    0.278947 ^ clkbuf_regs_0_clk/I (gf180mcu_fd_sc_mcu7t5v0__clkbuf_16)
     1    0.023809    0.166633    0.488887    0.767834 ^ clkbuf_regs_0_clk/Z (gf180mcu_fd_sc_mcu7t5v0__clkbuf_16)
                                                         clk_regs (net)
                      0.166633    0.000297    0.768131 ^ clkbuf_0_clk_regs/I (gf180mcu_fd_sc_mcu7t5v0__clkbuf_16)
     2    0.047537    0.200798    0.433909    1.202041 ^ clkbuf_0_clk_regs/Z (gf180mcu_fd_sc_mcu7t5v0__clkbuf_16)
                                                         clknet_0_clk_regs (net)
                      0.200798    0.000358    1.202398 ^ clkbuf_1_0__f_clk_regs/I (gf180mcu_fd_sc_mcu7t5v0__clkbuf_16)
     2    0.007908    0.138203    0.388298    1.590696 ^ clkbuf_1_0__f_clk_regs/Z (gf180mcu_fd_sc_mcu7t5v0__clkbuf_16)
                                                         clknet_1_0__leaf_clk_regs (net)
                      0.138203    0.000036    1.590733 ^ _38_/CLK (gf180mcu_fd_sc_mcu7t5v0__dffq_1)
     3    0.014391    0.335109    1.316213    2.906945 v _38_/Q (gf180mcu_fd_sc_mcu7t5v0__dffq_1)
                                                         cnt[2] (net)
                      0.335109    0.000279    2.907225 v _28_/B (gf180mcu_fd_sc_mcu7t5v0__aoi21_1)
     1    0.010787    0.670126    0.519387    3.426611 ^ _28_/ZN (gf180mcu_fd_sc_mcu7t5v0__aoi21_1)
                                                         _04_ (net)
                      0.670126    0.000332    3.426944 ^ _30_/A2 (gf180mcu_fd_sc_mcu7t5v0__nor3_1)
     1    0.006299    0.426032    0.385528    3.812471 v _30_/ZN (gf180mcu_fd_sc_mcu7t5v0__nor3_1)
                                                         _00_ (net)
                      0.426032    0.000168    3.812639 v _38_/D (gf180mcu_fd_sc_mcu7t5v0__dffq_1)
                                              3.812639   data arrival time

                                  0.000000    0.000000   clock clk (rise edge)
                                  0.000000    0.000000   clock source latency
     4    0.069590    0.530322    0.278947    0.278947 ^ clk (in)
                                                         clk (net)
                      0.530413    0.000000    0.278947 ^ clkbuf_regs_0_clk/I (gf180mcu_fd_sc_mcu7t5v0__clkbuf_16)
     1    0.023809    0.166633    0.488887    0.767834 ^ clkbuf_regs_0_clk/Z (gf180mcu_fd_sc_mcu7t5v0__clkbuf_16)
                                                         clk_regs (net)
                      0.166633    0.000297    0.768131 ^ clkbuf_0_clk_regs/I (gf180mcu_fd_sc_mcu7t5v0__clkbuf_16)
     2    0.047537    0.200798    0.433909    1.202041 ^ clkbuf_0_clk_regs/Z (gf180mcu_fd_sc_mcu7t5v0__clkbuf_16)
                                                         clknet_0_clk_regs (net)
                      0.200798    0.000358    1.202398 ^ clkbuf_1_0__f_clk_regs/I (gf180mcu_fd_sc_mcu7t5v0__clkbuf_16)
     2    0.007908    0.138203    0.388298    1.590696 ^ clkbuf_1_0__f_clk_regs/Z (gf180mcu_fd_sc_mcu7t5v0__clkbuf_16)
                                                         clknet_1_0__leaf_clk_regs (net)
                      0.138203    0.000036    1.590733 ^ _38_/CLK (gf180mcu_fd_sc_mcu7t5v0__dffq_1)
                                  0.250000    1.840733   clock uncertainty
                                  0.000000    1.840733   clock reconvergence pessimism
                                  0.063607    1.904340   library hold time
                                              1.904340   data required time
---------------------------------------------------------------------------------------------
                                              1.904340   data required time
                                             -3.812639   data arrival time
---------------------------------------------------------------------------------------------
                                              1.908299   slack (MET)


Startpoint: _37_ (rising edge-triggered flip-flop clocked by clk)
Endpoint: _37_ (rising edge-triggered flip-flop clocked by clk)
Path Group: clk
Path Type: min

Fanout         Cap        Slew       Delay        Time   Description
---------------------------------------------------------------------------------------------
                                  0.000000    0.000000   clock clk (rise edge)
                                  0.000000    0.000000   clock source latency
     4    0.069590    0.530322    0.278947    0.278947 ^ clk (in)
                                                         clk (net)
                      0.530413    0.000000    0.278947 ^ clkbuf_regs_0_clk/I (gf180mcu_fd_sc_mcu7t5v0__clkbuf_16)
     1    0.023809    0.166633    0.488887    0.767834 ^ clkbuf_regs_0_clk/Z (gf180mcu_fd_sc_mcu7t5v0__clkbuf_16)
                                                         clk_regs (net)
                      0.166633    0.000297    0.768131 ^ clkbuf_0_clk_regs/I (gf180mcu_fd_sc_mcu7t5v0__clkbuf_16)
     2    0.047537    0.200798    0.433909    1.202041 ^ clkbuf_0_clk_regs/Z (gf180mcu_fd_sc_mcu7t5v0__clkbuf_16)
                                                         clknet_0_clk_regs (net)
                      0.200798    0.000358    1.202398 ^ clkbuf_1_0__f_clk_regs/I (gf180mcu_fd_sc_mcu7t5v0__clkbuf_16)
     2    0.007908    0.138203    0.388298    1.590696 ^ clkbuf_1_0__f_clk_regs/Z (gf180mcu_fd_sc_mcu7t5v0__clkbuf_16)
                                                         clknet_1_0__leaf_clk_regs (net)
                      0.138203    0.000044    1.590740 ^ _37_/CLK (gf180mcu_fd_sc_mcu7t5v0__dffq_1)
     4    0.024523    0.479764    1.425681    3.016421 v _37_/Q (gf180mcu_fd_sc_mcu7t5v0__dffq_1)
                                                         cnt[1] (net)
                      0.479764    0.000295    3.016716 v _34_/A2 (gf180mcu_fd_sc_mcu7t5v0__xnor2_1)
     1    0.008761    0.603158    0.652455    3.669170 ^ _34_/ZN (gf180mcu_fd_sc_mcu7t5v0__xnor2_1)
                                                         _07_ (net)
                      0.603158    0.000216    3.669386 ^ _35_/A2 (gf180mcu_fd_sc_mcu7t5v0__nor2_1)
     1    0.011043    0.444602    0.395739    4.065125 v _35_/ZN (gf180mcu_fd_sc_mcu7t5v0__nor2_1)
                                                         _03_ (net)
                      0.444602    0.000327    4.065452 v _37_/D (gf180mcu_fd_sc_mcu7t5v0__dffq_1)
                                              4.065452   data arrival time

                                  0.000000    0.000000   clock clk (rise edge)
                                  0.000000    0.000000   clock source latency
     4    0.069590    0.530322    0.278947    0.278947 ^ clk (in)
                                                         clk (net)
                      0.530413    0.000000    0.278947 ^ clkbuf_regs_0_clk/I (gf180mcu_fd_sc_mcu7t5v0__clkbuf_16)
     1    0.023809    0.166633    0.488887    0.767834 ^ clkbuf_regs_0_clk/Z (gf180mcu_fd_sc_mcu7t5v0__clkbuf_16)
                                                         clk_regs (net)
                      0.166633    0.000297    0.768131 ^ clkbuf_0_clk_regs/I (gf180mcu_fd_sc_mcu7t5v0__clkbuf_16)
     2    0.047537    0.200798    0.433909    1.202041 ^ clkbuf_0_clk_regs/Z (gf180mcu_fd_sc_mcu7t5v0__clkbuf_16)
                                                         clknet_0_clk_regs (net)
                      0.200798    0.000358    1.202398 ^ clkbuf_1_0__f_clk_regs/I (gf180mcu_fd_sc_mcu7t5v0__clkbuf_16)
     2    0.007908    0.138203    0.388298    1.590696 ^ clkbuf_1_0__f_clk_regs/Z (gf180mcu_fd_sc_mcu7t5v0__clkbuf_16)
                                                         clknet_1_0__leaf_clk_regs (net)
                      0.138203    0.000044    1.590740 ^ _37_/CLK (gf180mcu_fd_sc_mcu7t5v0__dffq_1)
                                  0.250000    1.840740   clock uncertainty
                                  0.000000    1.840740   clock reconvergence pessimism
                                  0.058265    1.899005   library hold time
                                              1.899005   data required time
---------------------------------------------------------------------------------------------
                                              1.899005   data required time
                                             -4.065452   data arrival time
---------------------------------------------------------------------------------------------
                                              2.166447   slack (MET)


Startpoint: _39_ (rising edge-triggered flip-flop clocked by clk)
Endpoint: u_sram (rising edge-triggered flip-flop clocked by clk)
Path Group: clk
Path Type: min

Fanout         Cap        Slew       Delay        Time   Description
---------------------------------------------------------------------------------------------
                                  0.000000    0.000000   clock clk (rise edge)
                                  0.000000    0.000000   clock source latency
     4    0.069590    0.530322    0.278947    0.278947 ^ clk (in)
                                                         clk (net)
                      0.530413    0.000000    0.278947 ^ clkbuf_regs_0_clk/I (gf180mcu_fd_sc_mcu7t5v0__clkbuf_16)
     1    0.023809    0.166633    0.488887    0.767834 ^ clkbuf_regs_0_clk/Z (gf180mcu_fd_sc_mcu7t5v0__clkbuf_16)
                                                         clk_regs (net)
                      0.166633    0.000297    0.768131 ^ clkbuf_0_clk_regs/I (gf180mcu_fd_sc_mcu7t5v0__clkbuf_16)
     2    0.047537    0.200798    0.433909    1.202041 ^ clkbuf_0_clk_regs/Z (gf180mcu_fd_sc_mcu7t5v0__clkbuf_16)
                                                         clknet_0_clk_regs (net)
                      0.200799    0.000656    1.202696 ^ clkbuf_1_1__f_clk_regs/I (gf180mcu_fd_sc_mcu7t5v0__clkbuf_16)
     2    0.013618    0.147676    0.396792    1.599488 ^ clkbuf_1_1__f_clk_regs/Z (gf180mcu_fd_sc_mcu7t5v0__clkbuf_16)
                                                         clknet_1_1__leaf_clk_regs (net)
                      0.147676    0.000303    1.599791 ^ _39_/CLK (gf180mcu_fd_sc_mcu7t5v0__dffq_1)
     2    0.012301    0.446648    1.493726    3.093517 ^ _39_/Q (gf180mcu_fd_sc_mcu7t5v0__dffq_1)
                                                         cnt[3] (net)
                      0.446648    0.000126    3.093643 ^ hold30/I (gf180mcu_fd_sc_mcu7t5v0__dlyc_1)
     1    0.003685    0.277459    3.045112    6.138755 ^ hold30/Z (gf180mcu_fd_sc_mcu7t5v0__dlyc_1)
                                                         net29 (net)
                      0.277459    0.000037    6.138793 ^ hold26/I (gf180mcu_fd_sc_mcu7t5v0__dlyc_1)
     1    0.036394    1.101433    3.558625    9.697417 ^ hold26/Z (gf180mcu_fd_sc_mcu7t5v0__dlyc_1)
                                                         net25 (net)
                      1.101433    0.000409    9.697826 ^ u_sram/A[3] (gf180mcu_fd_ip_sram__sram64x8m8wm1)
                                              9.697826   data arrival time

                                  0.000000    0.000000   clock clk (rise edge)
                                  0.000000    0.000000   clock source latency
     4    0.069590    0.530322    0.277315    0.277315 ^ clk (in)
                                                         clk (net)
                      0.530363    0.000000    0.277315 ^ clkbuf_0_clk/I (gf180mcu_fd_sc_mcu7t5v0__clkbuf_16)
     1    0.023564    0.166253    0.488514    0.765829 ^ clkbuf_0_clk/Z (gf180mcu_fd_sc_mcu7t5v0__clkbuf_16)
                                                         clknet_0_clk (net)
                      0.166253    0.000273    0.766103 ^ clkbuf_1_0__f_clk/I (gf180mcu_fd_sc_mcu7t5v0__clkbuf_16)
     1    0.285514    0.566990    0.683106    1.449209 ^ clkbuf_1_0__f_clk/Z (gf180mcu_fd_sc_mcu7t5v0__clkbuf_16)
                                                         clknet_1_0__leaf_clk (net)
                      0.567373    0.008035    1.457245 ^ u_sram/CLK (gf180mcu_fd_ip_sram__sram64x8m8wm1)
                                  0.250000    1.707245   clock uncertainty
                                  0.000000    1.707245   clock reconvergence pessimism
                                  1.215307    2.922552   library hold time
                                              2.922552   data required time
---------------------------------------------------------------------------------------------
                                              2.922552   data required time
                                             -9.697826   data arrival time
---------------------------------------------------------------------------------------------
                                              6.775274   slack (MET)


Startpoint: _38_ (rising edge-triggered flip-flop clocked by clk)
Endpoint: u_sram (rising edge-triggered flip-flop clocked by clk)
Path Group: clk
Path Type: min

Fanout         Cap        Slew       Delay        Time   Description
---------------------------------------------------------------------------------------------
                                  0.000000    0.000000   clock clk (rise edge)
                                  0.000000    0.000000   clock source latency
     4    0.069590    0.530322    0.278947    0.278947 ^ clk (in)
                                                         clk (net)
                      0.530413    0.000000    0.278947 ^ clkbuf_regs_0_clk/I (gf180mcu_fd_sc_mcu7t5v0__clkbuf_16)
     1    0.023809    0.166633    0.488887    0.767834 ^ clkbuf_regs_0_clk/Z (gf180mcu_fd_sc_mcu7t5v0__clkbuf_16)
                                                         clk_regs (net)
                      0.166633    0.000297    0.768131 ^ clkbuf_0_clk_regs/I (gf180mcu_fd_sc_mcu7t5v0__clkbuf_16)
     2    0.047537    0.200798    0.433909    1.202041 ^ clkbuf_0_clk_regs/Z (gf180mcu_fd_sc_mcu7t5v0__clkbuf_16)
                                                         clknet_0_clk_regs (net)
                      0.200798    0.000358    1.202398 ^ clkbuf_1_0__f_clk_regs/I (gf180mcu_fd_sc_mcu7t5v0__clkbuf_16)
     2    0.007908    0.138203    0.388298    1.590696 ^ clkbuf_1_0__f_clk_regs/Z (gf180mcu_fd_sc_mcu7t5v0__clkbuf_16)
                                                         clknet_1_0__leaf_clk_regs (net)
                      0.138203    0.000036    1.590733 ^ _38_/CLK (gf180mcu_fd_sc_mcu7t5v0__dffq_1)
     3    0.014391    0.335109    1.316213    2.906945 v _38_/Q (gf180mcu_fd_sc_mcu7t5v0__dffq_1)
                                                         cnt[2] (net)
                      0.335109    0.000192    2.907137 v hold31/I (gf180mcu_fd_sc_mcu7t5v0__dlyc_1)
     1    0.004365    0.374213    3.264018    6.171155 v hold31/Z (gf180mcu_fd_sc_mcu7t5v0__dlyc_1)
                                                         net30 (net)
                      0.374213    0.000087    6.171242 v hold27/I (gf180mcu_fd_sc_mcu7t5v0__dlyc_1)
     1    0.042064    0.956945    3.837498   10.008740 v hold27/Z (gf180mcu_fd_sc_mcu7t5v0__dlyc_1)
                                                         net26 (net)
                      0.956945    0.001367   10.010108 v u_sram/A[2] (gf180mcu_fd_ip_sram__sram64x8m8wm1)
                                             10.010108   data arrival time

                                  0.000000    0.000000   clock clk (rise edge)
                                  0.000000    0.000000   clock source latency
     4    0.069590    0.530322    0.277315    0.277315 ^ clk (in)
                                                         clk (net)
                      0.530363    0.000000    0.277315 ^ clkbuf_0_clk/I (gf180mcu_fd_sc_mcu7t5v0__clkbuf_16)
     1    0.023564    0.166253    0.488514    0.765829 ^ clkbuf_0_clk/Z (gf180mcu_fd_sc_mcu7t5v0__clkbuf_16)
                                                         clknet_0_clk (net)
                      0.166253    0.000273    0.766103 ^ clkbuf_1_0__f_clk/I (gf180mcu_fd_sc_mcu7t5v0__clkbuf_16)
     1    0.285514    0.566990    0.683106    1.449209 ^ clkbuf_1_0__f_clk/Z (gf180mcu_fd_sc_mcu7t5v0__clkbuf_16)
                                                         clknet_1_0__leaf_clk (net)
                      0.567373    0.008035    1.457245 ^ u_sram/CLK (gf180mcu_fd_ip_sram__sram64x8m8wm1)
                                  0.250000    1.707245   clock uncertainty
                                  0.000000    1.707245   clock reconvergence pessimism
                                  1.365670    3.072914   library hold time
                                              3.072914   data required time
---------------------------------------------------------------------------------------------
                                              3.072914   data required time
                                            -10.010108   data arrival time
---------------------------------------------------------------------------------------------
                                              6.937193   slack (MET)


Startpoint: _37_ (rising edge-triggered flip-flop clocked by clk)
Endpoint: u_sram (rising edge-triggered flip-flop clocked by clk)
Path Group: clk
Path Type: min

Fanout         Cap        Slew       Delay        Time   Description
---------------------------------------------------------------------------------------------
                                  0.000000    0.000000   clock clk (rise edge)
                                  0.000000    0.000000   clock source latency
     4    0.069590    0.530322    0.278947    0.278947 ^ clk (in)
                                                         clk (net)
                      0.530413    0.000000    0.278947 ^ clkbuf_regs_0_clk/I (gf180mcu_fd_sc_mcu7t5v0__clkbuf_16)
     1    0.023809    0.166633    0.488887    0.767834 ^ clkbuf_regs_0_clk/Z (gf180mcu_fd_sc_mcu7t5v0__clkbuf_16)
                                                         clk_regs (net)
                      0.166633    0.000297    0.768131 ^ clkbuf_0_clk_regs/I (gf180mcu_fd_sc_mcu7t5v0__clkbuf_16)
     2    0.047537    0.200798    0.433909    1.202041 ^ clkbuf_0_clk_regs/Z (gf180mcu_fd_sc_mcu7t5v0__clkbuf_16)
                                                         clknet_0_clk_regs (net)
                      0.200798    0.000358    1.202398 ^ clkbuf_1_0__f_clk_regs/I (gf180mcu_fd_sc_mcu7t5v0__clkbuf_16)
     2    0.007908    0.138203    0.388298    1.590696 ^ clkbuf_1_0__f_clk_regs/Z (gf180mcu_fd_sc_mcu7t5v0__clkbuf_16)
                                                         clknet_1_0__leaf_clk_regs (net)
                      0.138203    0.000044    1.590740 ^ _37_/CLK (gf180mcu_fd_sc_mcu7t5v0__dffq_1)
     4    0.024523    0.479764    1.425681    3.016421 v _37_/Q (gf180mcu_fd_sc_mcu7t5v0__dffq_1)
                                                         cnt[1] (net)
                      0.479764    0.000248    3.016669 v hold32/I (gf180mcu_fd_sc_mcu7t5v0__dlyc_1)
     1    0.004496    0.376559    3.318719    6.335388 v hold32/Z (gf180mcu_fd_sc_mcu7t5v0__dlyc_1)
                                                         net31 (net)
                      0.376559    0.000086    6.335474 v hold28/I (gf180mcu_fd_sc_mcu7t5v0__dlyc_1)
     1    0.044124    0.985609    3.862133   10.197607 v hold28/Z (gf180mcu_fd_sc_mcu7t5v0__dlyc_1)
                                                         net27 (net)
                      0.985613    0.001504   10.199110 v u_sram/A[1] (gf180mcu_fd_ip_sram__sram64x8m8wm1)
                                             10.199110   data arrival time

                                  0.000000    0.000000   clock clk (rise edge)
                                  0.000000    0.000000   clock source latency
     4    0.069590    0.530322    0.277315    0.277315 ^ clk (in)
                                                         clk (net)
                      0.530363    0.000000    0.277315 ^ clkbuf_0_clk/I (gf180mcu_fd_sc_mcu7t5v0__clkbuf_16)
     1    0.023564    0.166253    0.488514    0.765829 ^ clkbuf_0_clk/Z (gf180mcu_fd_sc_mcu7t5v0__clkbuf_16)
                                                         clknet_0_clk (net)
                      0.166253    0.000273    0.766103 ^ clkbuf_1_0__f_clk/I (gf180mcu_fd_sc_mcu7t5v0__clkbuf_16)
     1    0.285514    0.566990    0.683106    1.449209 ^ clkbuf_1_0__f_clk/Z (gf180mcu_fd_sc_mcu7t5v0__clkbuf_16)
                                                         clknet_1_0__leaf_clk (net)
                      0.567373    0.008035    1.457245 ^ u_sram/CLK (gf180mcu_fd_ip_sram__sram64x8m8wm1)
                                  0.250000    1.707245   clock uncertainty
                                  0.000000    1.707245   clock reconvergence pessimism
                                  1.359465    3.066710   library hold time
                                              3.066710   data required time
---------------------------------------------------------------------------------------------
                                              3.066710   data required time
                                            -10.199110   data arrival time
---------------------------------------------------------------------------------------------
                                              7.132401   slack (MET)


Startpoint: _36_ (rising edge-triggered flip-flop clocked by clk)
Endpoint: u_sram (rising edge-triggered flip-flop clocked by clk)
Path Group: clk
Path Type: min

Fanout         Cap        Slew       Delay        Time   Description
---------------------------------------------------------------------------------------------
                                  0.000000    0.000000   clock clk (rise edge)
                                  0.000000    0.000000   clock source latency
     4    0.069590    0.530322    0.278947    0.278947 ^ clk (in)
                                                         clk (net)
                      0.530413    0.000000    0.278947 ^ clkbuf_regs_0_clk/I (gf180mcu_fd_sc_mcu7t5v0__clkbuf_16)
     1    0.023809    0.166633    0.488887    0.767834 ^ clkbuf_regs_0_clk/Z (gf180mcu_fd_sc_mcu7t5v0__clkbuf_16)
                                                         clk_regs (net)
                      0.166633    0.000297    0.768131 ^ clkbuf_0_clk_regs/I (gf180mcu_fd_sc_mcu7t5v0__clkbuf_16)
     2    0.047537    0.200798    0.433909    1.202041 ^ clkbuf_0_clk_regs/Z (gf180mcu_fd_sc_mcu7t5v0__clkbuf_16)
                                                         clknet_0_clk_regs (net)
                      0.200799    0.000656    1.202696 ^ clkbuf_1_1__f_clk_regs/I (gf180mcu_fd_sc_mcu7t5v0__clkbuf_16)
     2    0.013618    0.147676    0.396792    1.599488 ^ clkbuf_1_1__f_clk_regs/Z (gf180mcu_fd_sc_mcu7t5v0__clkbuf_16)
                                                         clknet_1_1__leaf_clk_regs (net)
                      0.147676    0.000361    1.599849 ^ _36_/CLK (gf180mcu_fd_sc_mcu7t5v0__dffq_1)
     5    0.036440    0.653205    1.548130    3.147979 v _36_/Q (gf180mcu_fd_sc_mcu7t5v0__dffq_1)
                                                         cnt[0] (net)
                      0.653205    0.000564    3.148543 v hold33/I (gf180mcu_fd_sc_mcu7t5v0__dlyc_1)
     1    0.006684    0.417695    3.427474    6.576017 v hold33/Z (gf180mcu_fd_sc_mcu7t5v0__dlyc_1)
                                                         net32 (net)
                      0.417695    0.000146    6.576163 v hold29/I (gf180mcu_fd_sc_mcu7t5v0__dlyc_1)
     1    0.045358    1.002978    3.891213   10.467376 v hold29/Z (gf180mcu_fd_sc_mcu7t5v0__dlyc_1)
                                                         net28 (net)
                      1.002982    0.001500   10.468876 v u_sram/A[0] (gf180mcu_fd_ip_sram__sram64x8m8wm1)
                                             10.468876   data arrival time

                                  0.000000    0.000000   clock clk (rise edge)
                                  0.000000    0.000000   clock source latency
     4    0.069590    0.530322    0.277315    0.277315 ^ clk (in)
                                                         clk (net)
                      0.530363    0.000000    0.277315 ^ clkbuf_0_clk/I (gf180mcu_fd_sc_mcu7t5v0__clkbuf_16)
     1    0.023564    0.166253    0.488514    0.765829 ^ clkbuf_0_clk/Z (gf180mcu_fd_sc_mcu7t5v0__clkbuf_16)
                                                         clknet_0_clk (net)
                      0.166253    0.000273    0.766103 ^ clkbuf_1_0__f_clk/I (gf180mcu_fd_sc_mcu7t5v0__clkbuf_16)
     1    0.285514    0.566990    0.683106    1.449209 ^ clkbuf_1_0__f_clk/Z (gf180mcu_fd_sc_mcu7t5v0__clkbuf_16)
                                                         clknet_1_0__leaf_clk (net)
                      0.567373    0.008035    1.457245 ^ u_sram/CLK (gf180mcu_fd_ip_sram__sram64x8m8wm1)
                                  0.250000    1.707245   clock uncertainty
                                  0.000000    1.707245   clock reconvergence pessimism
                                  1.355706    3.062950   library hold time
                                              3.062950   data required time
---------------------------------------------------------------------------------------------
                                              3.062950   data required time
                                            -10.468876   data arrival time
---------------------------------------------------------------------------------------------
                                              7.405925   slack (MET)


Startpoint: u_sram (rising edge-triggered flip-flop clocked by clk)
Endpoint: q[1] (output port clocked by clk)
Path Group: clk
Path Type: min

Fanout         Cap        Slew       Delay        Time   Description
---------------------------------------------------------------------------------------------
                                  0.000000    0.000000   clock clk (rise edge)
                                  0.000000    0.000000   clock source latency
     4    0.069590    0.530322    0.277315    0.277315 ^ clk (in)
                                                         clk (net)
                      0.530363    0.000000    0.277315 ^ clkbuf_0_clk/I (gf180mcu_fd_sc_mcu7t5v0__clkbuf_16)
     1    0.023564    0.166253    0.488514    0.765829 ^ clkbuf_0_clk/Z (gf180mcu_fd_sc_mcu7t5v0__clkbuf_16)
                                                         clknet_0_clk (net)
                      0.166253    0.000273    0.766103 ^ clkbuf_1_0__f_clk/I (gf180mcu_fd_sc_mcu7t5v0__clkbuf_16)
     1    0.285514    0.566990    0.683106    1.449209 ^ clkbuf_1_0__f_clk/Z (gf180mcu_fd_sc_mcu7t5v0__clkbuf_16)
                                                         clknet_1_0__leaf_clk (net)
                      0.567373    0.008035    1.457245 ^ u_sram/CLK (gf180mcu_fd_ip_sram__sram64x8m8wm1)
     1    0.013766    0.516185   15.438877   16.896122 ^ u_sram/Q[1] (gf180mcu_fd_ip_sram__sram64x8m8wm1)
                                                         net3 (net)
                      0.516185    0.000400   16.896523 ^ output3/I (gf180mcu_fd_sc_mcu7t5v0__dlyb_1)
     1    0.073771    2.169092    2.825111   19.721632 ^ output3/Z (gf180mcu_fd_sc_mcu7t5v0__dlyb_1)
                                                         q[1] (net)
                      2.169092    0.000547   19.722179 ^ q[1] (out)
                                             19.722179   data arrival time

                                  0.000000    0.000000   clock clk (rise edge)
                                  0.000000    0.000000   clock network delay (propagated)
                                  0.250000    0.250000   clock uncertainty
                                  0.000000    0.250000   clock reconvergence pessimism
                                -10.000000   -9.750000   output external delay
                                             -9.750000   data required time
---------------------------------------------------------------------------------------------
                                             -9.750000   data required time
                                            -19.722179   data arrival time
---------------------------------------------------------------------------------------------
                                             29.472179   slack (MET)


Startpoint: u_sram (rising edge-triggered flip-flop clocked by clk)
Endpoint: q[0] (output port clocked by clk)
Path Group: clk
Path Type: min

Fanout         Cap        Slew       Delay        Time   Description
---------------------------------------------------------------------------------------------
                                  0.000000    0.000000   clock clk (rise edge)
                                  0.000000    0.000000   clock source latency
     4    0.069590    0.530322    0.277315    0.277315 ^ clk (in)
                                                         clk (net)
                      0.530363    0.000000    0.277315 ^ clkbuf_0_clk/I (gf180mcu_fd_sc_mcu7t5v0__clkbuf_16)
     1    0.023564    0.166253    0.488514    0.765829 ^ clkbuf_0_clk/Z (gf180mcu_fd_sc_mcu7t5v0__clkbuf_16)
                                                         clknet_0_clk (net)
                      0.166253    0.000273    0.766103 ^ clkbuf_1_0__f_clk/I (gf180mcu_fd_sc_mcu7t5v0__clkbuf_16)
     1    0.285514    0.566990    0.683106    1.449209 ^ clkbuf_1_0__f_clk/Z (gf180mcu_fd_sc_mcu7t5v0__clkbuf_16)
                                                         clknet_1_0__leaf_clk (net)
                      0.567373    0.008035    1.457245 ^ u_sram/CLK (gf180mcu_fd_ip_sram__sram64x8m8wm1)
     1    0.013681    0.515819   15.438545   16.895790 ^ u_sram/Q[0] (gf180mcu_fd_ip_sram__sram64x8m8wm1)
                                                         net2 (net)
                      0.515819    0.000401   16.896191 ^ output2/I (gf180mcu_fd_sc_mcu7t5v0__dlyb_1)
     1    0.073864    2.100498    2.825552   19.721743 ^ output2/Z (gf180mcu_fd_sc_mcu7t5v0__dlyb_1)
                                                         q[0] (net)
                      2.100498    0.001224   19.722967 ^ q[0] (out)
                                             19.722967   data arrival time

                                  0.000000    0.000000   clock clk (rise edge)
                                  0.000000    0.000000   clock network delay (propagated)
                                  0.250000    0.250000   clock uncertainty
                                  0.000000    0.250000   clock reconvergence pessimism
                                -10.000000   -9.750000   output external delay
                                             -9.750000   data required time
---------------------------------------------------------------------------------------------
                                             -9.750000   data required time
                                            -19.722967   data arrival time
---------------------------------------------------------------------------------------------
                                             29.472967   slack (MET)


Startpoint: u_sram (rising edge-triggered flip-flop clocked by clk)
Endpoint: q[3] (output port clocked by clk)
Path Group: clk
Path Type: min

Fanout         Cap        Slew       Delay        Time   Description
---------------------------------------------------------------------------------------------
                                  0.000000    0.000000   clock clk (rise edge)
                                  0.000000    0.000000   clock source latency
     4    0.069590    0.530322    0.277315    0.277315 ^ clk (in)
                                                         clk (net)
                      0.530363    0.000000    0.277315 ^ clkbuf_0_clk/I (gf180mcu_fd_sc_mcu7t5v0__clkbuf_16)
     1    0.023564    0.166253    0.488514    0.765829 ^ clkbuf_0_clk/Z (gf180mcu_fd_sc_mcu7t5v0__clkbuf_16)
                                                         clknet_0_clk (net)
                      0.166253    0.000273    0.766103 ^ clkbuf_1_0__f_clk/I (gf180mcu_fd_sc_mcu7t5v0__clkbuf_16)
     1    0.285514    0.566990    0.683106    1.449209 ^ clkbuf_1_0__f_clk/Z (gf180mcu_fd_sc_mcu7t5v0__clkbuf_16)
                                                         clknet_1_0__leaf_clk (net)
                      0.567373    0.008035    1.457245 ^ u_sram/CLK (gf180mcu_fd_ip_sram__sram64x8m8wm1)
     1    0.013708    0.515935   15.438650   16.895895 ^ u_sram/Q[3] (gf180mcu_fd_ip_sram__sram64x8m8wm1)
                                                         net5 (net)
                      0.515935    0.000403   16.896297 ^ output5/I (gf180mcu_fd_sc_mcu7t5v0__dlyb_1)
     1    0.073955    2.102934    2.826951   19.723249 ^ output5/Z (gf180mcu_fd_sc_mcu7t5v0__dlyb_1)
                                                         q[3] (net)
                      2.102934    0.001256   19.724504 ^ q[3] (out)
                                             19.724504   data arrival time

                                  0.000000    0.000000   clock clk (rise edge)
                                  0.000000    0.000000   clock network delay (propagated)
                                  0.250000    0.250000   clock uncertainty
                                  0.000000    0.250000   clock reconvergence pessimism
                                -10.000000   -9.750000   output external delay
                                             -9.750000   data required time
---------------------------------------------------------------------------------------------
                                             -9.750000   data required time
                                            -19.724504   data arrival time
---------------------------------------------------------------------------------------------
                                             29.474506   slack (MET)


Startpoint: u_sram (rising edge-triggered flip-flop clocked by clk)
Endpoint: q[2] (output port clocked by clk)
Path Group: clk
Path Type: min

Fanout         Cap        Slew       Delay        Time   Description
---------------------------------------------------------------------------------------------
                                  0.000000    0.000000   clock clk (rise edge)
                                  0.000000    0.000000   clock source latency
     4    0.069590    0.530322    0.277315    0.277315 ^ clk (in)
                                                         clk (net)
                      0.530363    0.000000    0.277315 ^ clkbuf_0_clk/I (gf180mcu_fd_sc_mcu7t5v0__clkbuf_16)
     1    0.023564    0.166253    0.488514    0.765829 ^ clkbuf_0_clk/Z (gf180mcu_fd_sc_mcu7t5v0__clkbuf_16)
                                                         clknet_0_clk (net)
                      0.166253    0.000273    0.766103 ^ clkbuf_1_0__f_clk/I (gf180mcu_fd_sc_mcu7t5v0__clkbuf_16)
     1    0.285514    0.566990    0.683106    1.449209 ^ clkbuf_1_0__f_clk/Z (gf180mcu_fd_sc_mcu7t5v0__clkbuf_16)
                                                         clknet_1_0__leaf_clk (net)
                      0.567373    0.008035    1.457245 ^ u_sram/CLK (gf180mcu_fd_ip_sram__sram64x8m8wm1)
     1    0.013545    0.515231   15.438012   16.895258 ^ u_sram/Q[2] (gf180mcu_fd_ip_sram__sram64x8m8wm1)
                                                         net4 (net)
                      0.515231    0.000405   16.895662 ^ output4/I (gf180mcu_fd_sc_mcu7t5v0__dlyb_1)
     1    0.074114    2.178635    2.830289   19.725952 ^ output4/Z (gf180mcu_fd_sc_mcu7t5v0__dlyb_1)
                                                         q[2] (net)
                      2.178635    0.000625   19.726576 ^ q[2] (out)
                                             19.726576   data arrival time

                                  0.000000    0.000000   clock clk (rise edge)
                                  0.000000    0.000000   clock network delay (propagated)
                                  0.250000    0.250000   clock uncertainty
                                  0.000000    0.250000   clock reconvergence pessimism
                                -10.000000   -9.750000   output external delay
                                             -9.750000   data required time
---------------------------------------------------------------------------------------------
                                             -9.750000   data required time
                                            -19.726576   data arrival time
---------------------------------------------------------------------------------------------
                                             29.476576   slack (MET)



