Reading timing models for corner nom_tt_025C_5v00…
Reading timing library for the 'nom_tt_025C_5v00' corner at '/foss/pdks/gf180mcuD/libs.ref/gf180mcu_fd_sc_mcu9t5v0/lib/gf180mcu_fd_sc_mcu9t5v0__tt_025C_5v00.lib'…
Reading timing library for the 'nom_tt_025C_5v00' corner at '/foss/pdks/gf180mcuD/libs.ref/gf180mcu_fd_ip_sram/lib/gf180mcu_fd_ip_sram__sram256x8m8wm1__tt_025C_5v00.lib'…
Reading OpenROAD database at '/headless/aravindustries-repos/butterfold/butterfold_proto/physical/librelane/runs/butterfold_top_38p4_interval10_production_9t/46-odb-reportdisconnectedpins/butterfold_top.odb'…
Reading design constraints file at '/headless/aravindustries-repos/butterfold/butterfold_proto/physical/constraints.sdc'…
[INFO] No information on clock propagation in input SDC file-- propagating all clocks.
gf180mcu_fd_sc_mcu9t5v0__fillcap_* gf180mcu_fd_sc_mcu9t5v0__fill_*
[INFO DPL-0001] Placed 27002 filler instances.
Setting global connections for newly added cells…
[INFO] Setting global connections...
.*u_lo.*u_sram matched with u_transform_scheduler_core.u_fft_scratch_sram.u_lo.u_sram
.*u_hi.*u_sram matched with u_transform_scheduler_core.u_fft_scratch_sram.u_hi.u_sram
[INFO ODB-0403] 108008 connections made, 0 conflicts skipped.
Updating metrics…
Cell type report:                       Count       Area
  Macro                                     2  294424.87
  Endcap cell                             720    4064.26
  Fill cell                             27002  368182.08
  Tap cell                               4180   23595.26
  Antenna cell                              7      39.51
  Buffer                                   32    1264.44
  Clock buffer                            135   10516.26
  Timing Repair Buffer                    221   15813.91
  Inverter                                492    5661.73
  Clock inverter                           76    1958.75
  Sequential cell                        1993  174023.54
  Multi-Input combinational cell         8610  225823.05
  Total                                 43470 1125367.66
Writing OpenROAD database to '/headless/aravindustries-repos/butterfold/butterfold_proto/physical/librelane/runs/butterfold_top_38p4_interval10_production_9t/50-openroad-fillinsertion/butterfold_top.odb'…
Writing netlist to '/headless/aravindustries-repos/butterfold/butterfold_proto/physical/librelane/runs/butterfold_top_38p4_interval10_production_9t/50-openroad-fillinsertion/butterfold_top.nl.v'…
Writing powered netlist to '/headless/aravindustries-repos/butterfold/butterfold_proto/physical/librelane/runs/butterfold_top_38p4_interval10_production_9t/50-openroad-fillinsertion/butterfold_top.pnl.v'…
Writing layout to '/headless/aravindustries-repos/butterfold/butterfold_proto/physical/librelane/runs/butterfold_top_38p4_interval10_production_9t/50-openroad-fillinsertion/butterfold_top.def'…
Writing timing constraints to '/headless/aravindustries-repos/butterfold/butterfold_proto/physical/librelane/runs/butterfold_top_38p4_interval10_production_9t/50-openroad-fillinsertion/butterfold_top.sdc'…
