
===========================================================================
report_checks -path_delay max (Setup)
============================================================================
======================= nom_tt_025C_5v00 Corner ===================================

Startpoint: result_radix_i[1] (input port clocked by clk)
Endpoint: result_ready_o (output port clocked by clk)
Path Group: clk
Path Type: max

Fanout         Cap        Slew       Delay        Time   Description
---------------------------------------------------------------------------------------------
                                  0.000000    0.000000   clock clk (rise edge)
                                  0.000000    0.000000   clock network delay (propagated)
                                  3.200000    3.200000 v input external delay
     1    0.004739    0.029930    0.007087    3.207087 v result_radix_i[1] (in)
                                                         result_radix_i[1] (net)
                      0.029930    0.000000    3.207087 v input121/I (gf180mcu_fd_sc_mcu7t5v0__dlyb_1)
     2    0.083618    0.895255    1.513317    4.720404 v input121/Z (gf180mcu_fd_sc_mcu7t5v0__dlyb_1)
                                                         net121 (net)
                      0.895918    0.013786    4.734190 v _111_/A4 (gf180mcu_fd_sc_mcu7t5v0__and4_1)
     1    0.005655    0.179483    0.576954    5.311144 v _111_/Z (gf180mcu_fd_sc_mcu7t5v0__and4_1)
                                                         _013_ (net)
                      0.179483    0.000018    5.311163 v _113_/A2 (gf180mcu_fd_sc_mcu7t5v0__oai211_1)
     4    0.019724    0.781693    0.502900    5.814063 ^ _113_/ZN (gf180mcu_fd_sc_mcu7t5v0__oai211_1)
                                                         _015_ (net)
                      0.781693    0.000057    5.814119 ^ _114_/A2 (gf180mcu_fd_sc_mcu7t5v0__nor2_1)
     4    0.015088    0.425449    0.313752    6.127872 v _114_/ZN (gf180mcu_fd_sc_mcu7t5v0__nor2_1)
                                                         _002_ (net)
                      0.425449    0.000026    6.127898 v _117_/A2 (gf180mcu_fd_sc_mcu7t5v0__and2_1)
     1    0.003931    0.119481    0.349898    6.477796 v _117_/Z (gf180mcu_fd_sc_mcu7t5v0__and2_1)
                                                         net135 (net)
                      0.119481    0.000017    6.477814 v output135/I (gf180mcu_fd_sc_mcu7t5v0__dlyb_1)
     1    0.020486    0.362942    1.119842    7.597655 v output135/Z (gf180mcu_fd_sc_mcu7t5v0__dlyb_1)
                                                         result_ready_o (net)
                      0.362942    0.000040    7.597695 v result_ready_o (out)
                                              7.597695   data arrival time

                                 16.000000   16.000000   clock clk (rise edge)
                                  0.000000   16.000000   clock network delay (propagated)
                                 -0.250000   15.750001   clock uncertainty
                                  0.000000   15.750001   clock reconvergence pessimism
                                 -3.200000   12.550000   output external delay
                                             12.550000   data required time
---------------------------------------------------------------------------------------------
                                             12.550000   data required time
                                             -7.597695   data arrival time
---------------------------------------------------------------------------------------------
                                              4.952305   slack (MET)


Startpoint: _220_ (rising edge-triggered flip-flop clocked by clk)
Endpoint: dout_o[2] (output port clocked by clk)
Path Group: clk
Path Type: max

Fanout         Cap        Slew       Delay        Time   Description
---------------------------------------------------------------------------------------------
                                  0.000000    0.000000   clock clk (rise edge)
                                  0.000000    0.000000   clock source latency
     1    0.024347    0.000000    0.000000    0.000000 ^ clk (in)
                                                         clk (net)
                      0.000306    0.000125    0.000125 ^ clkbuf_0_clk/I (gf180mcu_fd_sc_mcu7t5v0__clkbuf_16)
     2    0.046520    0.111902    0.224210    0.224335 ^ clkbuf_0_clk/Z (gf180mcu_fd_sc_mcu7t5v0__clkbuf_16)
                                                         clknet_0_clk (net)
                      0.111902    0.000140    0.224475 ^ clkbuf_1_0__f_clk/I (gf180mcu_fd_sc_mcu7t5v0__clkbuf_16)
     4    0.016737    0.085435    0.222957    0.447432 ^ clkbuf_1_0__f_clk/Z (gf180mcu_fd_sc_mcu7t5v0__clkbuf_16)
                                                         clknet_1_0__leaf_clk (net)
                      0.085435    0.000040    0.447472 ^ _220_/CLK (gf180mcu_fd_sc_mcu7t5v0__dffrnq_1)
     4    0.017568    0.370915    1.003737    1.451209 ^ _220_/Q (gf180mcu_fd_sc_mcu7t5v0__dffrnq_1)
                                                         byte_index[1] (net)
                      0.370915    0.000033    1.451242 ^ fanout173/I (gf180mcu_fd_sc_mcu7t5v0__dlya_1)
    12    0.065662    1.135651    1.007621    2.458863 ^ fanout173/Z (gf180mcu_fd_sc_mcu7t5v0__dlya_1)
                                                         net173 (net)
                      1.135651    0.000289    2.459152 ^ _106_/I (gf180mcu_fd_sc_mcu7t5v0__clkinv_1)
     5    0.039104    0.802672    0.644361    3.103513 v _106_/ZN (gf180mcu_fd_sc_mcu7t5v0__clkinv_1)
                                                         _008_ (net)
                      0.802672    0.000102    3.103615 v _134_/A2 (gf180mcu_fd_sc_mcu7t5v0__nor3_2)
     4    0.026037    0.804427    0.625769    3.729383 ^ _134_/ZN (gf180mcu_fd_sc_mcu7t5v0__nor3_2)
                                                         _032_ (net)
                      0.804427    0.000009    3.729393 ^ max_cap143/I (gf180mcu_fd_sc_mcu7t5v0__buf_2)
     1    0.050477    0.441678    0.441796    4.171189 ^ max_cap143/Z (gf180mcu_fd_sc_mcu7t5v0__buf_2)
                                                         net143 (net)
                      0.441843    0.004890    4.176079 ^ wire142/I (gf180mcu_fd_sc_mcu7t5v0__buf_4)
     5    0.061098    0.280482    0.316816    4.492895 ^ wire142/Z (gf180mcu_fd_sc_mcu7t5v0__buf_4)
                                                         net142 (net)
                      0.280567    0.005823    4.498718 ^ _160_/B1 (gf180mcu_fd_sc_mcu7t5v0__aoi22_1)
     1    0.004435    0.258464    0.198460    4.697178 v _160_/ZN (gf180mcu_fd_sc_mcu7t5v0__aoi22_1)
                                                         _056_ (net)
                      0.258464    0.000007    4.697185 v _161_/A4 (gf180mcu_fd_sc_mcu7t5v0__and4_2)
     1    0.082587    0.451768    0.674541    5.371726 v _161_/Z (gf180mcu_fd_sc_mcu7t5v0__and4_2)
                                                         _057_ (net)
                      0.453037    0.013515    5.385242 v _162_/A4 (gf180mcu_fd_sc_mcu7t5v0__nand4_1)
     1    0.003864    0.399616    0.336593    5.721834 ^ _162_/ZN (gf180mcu_fd_sc_mcu7t5v0__nand4_1)
                                                         net127 (net)
                      0.399616    0.000017    5.721851 ^ output127/I (gf180mcu_fd_sc_mcu7t5v0__dlyb_1)
     1    0.021656    0.412142    1.064670    6.786520 ^ output127/Z (gf180mcu_fd_sc_mcu7t5v0__dlyb_1)
                                                         dout_o[2] (net)
                      0.412142    0.000140    6.786661 ^ dout_o[2] (out)
                                              6.786661   data arrival time

                                 16.000000   16.000000   clock clk (rise edge)
                                  0.000000   16.000000   clock network delay (propagated)
                                 -0.250000   15.750001   clock uncertainty
                                  0.000000   15.750001   clock reconvergence pessimism
                                 -3.200000   12.550000   output external delay
                                             12.550000   data required time
---------------------------------------------------------------------------------------------
                                             12.550000   data required time
                                             -6.786661   data arrival time
---------------------------------------------------------------------------------------------
                                              5.763340   slack (MET)


Startpoint: _220_ (rising edge-triggered flip-flop clocked by clk)
Endpoint: dout_o[6] (output port clocked by clk)
Path Group: clk
Path Type: max

Fanout         Cap        Slew       Delay        Time   Description
---------------------------------------------------------------------------------------------
                                  0.000000    0.000000   clock clk (rise edge)
                                  0.000000    0.000000   clock source latency
     1    0.024347    0.000000    0.000000    0.000000 ^ clk (in)
                                                         clk (net)
                      0.000306    0.000125    0.000125 ^ clkbuf_0_clk/I (gf180mcu_fd_sc_mcu7t5v0__clkbuf_16)
     2    0.046520    0.111902    0.224210    0.224335 ^ clkbuf_0_clk/Z (gf180mcu_fd_sc_mcu7t5v0__clkbuf_16)
                                                         clknet_0_clk (net)
                      0.111902    0.000140    0.224475 ^ clkbuf_1_0__f_clk/I (gf180mcu_fd_sc_mcu7t5v0__clkbuf_16)
     4    0.016737    0.085435    0.222957    0.447432 ^ clkbuf_1_0__f_clk/Z (gf180mcu_fd_sc_mcu7t5v0__clkbuf_16)
                                                         clknet_1_0__leaf_clk (net)
                      0.085435    0.000040    0.447472 ^ _220_/CLK (gf180mcu_fd_sc_mcu7t5v0__dffrnq_1)
     4    0.017568    0.370915    1.003737    1.451209 ^ _220_/Q (gf180mcu_fd_sc_mcu7t5v0__dffrnq_1)
                                                         byte_index[1] (net)
                      0.370915    0.000033    1.451242 ^ fanout173/I (gf180mcu_fd_sc_mcu7t5v0__dlya_1)
    12    0.065662    1.135651    1.007621    2.458863 ^ fanout173/Z (gf180mcu_fd_sc_mcu7t5v0__dlya_1)
                                                         net173 (net)
                      1.135651    0.000289    2.459152 ^ _106_/I (gf180mcu_fd_sc_mcu7t5v0__clkinv_1)
     5    0.039104    0.802672    0.644361    3.103513 v _106_/ZN (gf180mcu_fd_sc_mcu7t5v0__clkinv_1)
                                                         _008_ (net)
                      0.802672    0.000142    3.103655 v _133_/A2 (gf180mcu_fd_sc_mcu7t5v0__nor4_2)
     4    0.045677    1.607145    1.056354    4.160009 ^ _133_/ZN (gf180mcu_fd_sc_mcu7t5v0__nor4_2)
                                                         _031_ (net)
                      1.607145    0.000866    4.160874 ^ wire145/I (gf180mcu_fd_sc_mcu7t5v0__buf_2)
     1    0.044443    0.403233    0.424364    4.585238 ^ wire145/Z (gf180mcu_fd_sc_mcu7t5v0__buf_2)
                                                         net145 (net)
                      0.403248    0.003753    4.588992 ^ wire144/I (gf180mcu_fd_sc_mcu7t5v0__buf_4)
     4    0.044271    0.215529    0.277279    4.866271 ^ wire144/Z (gf180mcu_fd_sc_mcu7t5v0__buf_4)
                                                         net144 (net)
                      0.215547    0.002971    4.869242 ^ _194_/B1 (gf180mcu_fd_sc_mcu7t5v0__aoi22_1)
     1    0.003395    0.230310    0.176634    5.045877 v _194_/ZN (gf180mcu_fd_sc_mcu7t5v0__aoi22_1)
                                                         _086_ (net)
                      0.230310    0.000005    5.045881 v _197_/A2 (gf180mcu_fd_sc_mcu7t5v0__and4_1)
     1    0.004652    0.147749    0.344283    5.390164 v _197_/Z (gf180mcu_fd_sc_mcu7t5v0__and4_1)
                                                         _089_ (net)
                      0.147749    0.000013    5.390178 v _198_/A4 (gf180mcu_fd_sc_mcu7t5v0__nand4_1)
     1    0.004834    0.358087    0.254840    5.645018 ^ _198_/ZN (gf180mcu_fd_sc_mcu7t5v0__nand4_1)
                                                         net131 (net)
                      0.358087    0.000034    5.645051 ^ output131/I (gf180mcu_fd_sc_mcu7t5v0__dlyb_1)
     1    0.021647    0.412078    1.063270    6.708322 ^ output131/Z (gf180mcu_fd_sc_mcu7t5v0__dlyb_1)
                                                         dout_o[6] (net)
                      0.412078    0.000146    6.708468 ^ dout_o[6] (out)
                                              6.708468   data arrival time

                                 16.000000   16.000000   clock clk (rise edge)
                                  0.000000   16.000000   clock network delay (propagated)
                                 -0.250000   15.750001   clock uncertainty
                                  0.000000   15.750001   clock reconvergence pessimism
                                 -3.200000   12.550000   output external delay
                                             12.550000   data required time
---------------------------------------------------------------------------------------------
                                             12.550000   data required time
                                             -6.708468   data arrival time
---------------------------------------------------------------------------------------------
                                              5.841533   slack (MET)


Startpoint: _220_ (rising edge-triggered flip-flop clocked by clk)
Endpoint: dout_o[3] (output port clocked by clk)
Path Group: clk
Path Type: max

Fanout         Cap        Slew       Delay        Time   Description
---------------------------------------------------------------------------------------------
                                  0.000000    0.000000   clock clk (rise edge)
                                  0.000000    0.000000   clock source latency
     1    0.024347    0.000000    0.000000    0.000000 ^ clk (in)
                                                         clk (net)
                      0.000306    0.000125    0.000125 ^ clkbuf_0_clk/I (gf180mcu_fd_sc_mcu7t5v0__clkbuf_16)
     2    0.046520    0.111902    0.224210    0.224335 ^ clkbuf_0_clk/Z (gf180mcu_fd_sc_mcu7t5v0__clkbuf_16)
                                                         clknet_0_clk (net)
                      0.111902    0.000140    0.224475 ^ clkbuf_1_0__f_clk/I (gf180mcu_fd_sc_mcu7t5v0__clkbuf_16)
     4    0.016737    0.085435    0.222957    0.447432 ^ clkbuf_1_0__f_clk/Z (gf180mcu_fd_sc_mcu7t5v0__clkbuf_16)
                                                         clknet_1_0__leaf_clk (net)
                      0.085435    0.000040    0.447472 ^ _220_/CLK (gf180mcu_fd_sc_mcu7t5v0__dffrnq_1)
     4    0.017568    0.370915    1.003737    1.451209 ^ _220_/Q (gf180mcu_fd_sc_mcu7t5v0__dffrnq_1)
                                                         byte_index[1] (net)
                      0.370915    0.000033    1.451242 ^ fanout173/I (gf180mcu_fd_sc_mcu7t5v0__dlya_1)
    12    0.065662    1.135651    1.007621    2.458863 ^ fanout173/Z (gf180mcu_fd_sc_mcu7t5v0__dlya_1)
                                                         net173 (net)
                      1.135651    0.000289    2.459152 ^ _106_/I (gf180mcu_fd_sc_mcu7t5v0__clkinv_1)
     5    0.039104    0.802672    0.644361    3.103513 v _106_/ZN (gf180mcu_fd_sc_mcu7t5v0__clkinv_1)
                                                         _008_ (net)
                      0.802672    0.000120    3.103632 v _132_/A2 (gf180mcu_fd_sc_mcu7t5v0__nor4_2)
     2    0.029356    1.166431    0.806998    3.910630 ^ _132_/ZN (gf180mcu_fd_sc_mcu7t5v0__nor4_2)
                                                         _030_ (net)
                      1.166431    0.001163    3.911793 ^ wire147/I (gf180mcu_fd_sc_mcu7t5v0__buf_2)
     1    0.044777    0.400619    0.424436    4.336229 ^ wire147/Z (gf180mcu_fd_sc_mcu7t5v0__buf_2)
                                                         net147 (net)
                      0.400656    0.003812    4.340041 ^ wire146/I (gf180mcu_fd_sc_mcu7t5v0__buf_4)
     4    0.048991    0.234086    0.287660    4.627701 ^ wire146/Z (gf180mcu_fd_sc_mcu7t5v0__buf_4)
                                                         net146 (net)
                      0.234105    0.003172    4.630872 ^ _167_/B1 (gf180mcu_fd_sc_mcu7t5v0__aoi22_1)
     1    0.003405    0.234792    0.179988    4.810861 v _167_/ZN (gf180mcu_fd_sc_mcu7t5v0__aoi22_1)
                                                         _062_ (net)
                      0.234792    0.000005    4.810865 v _170_/A2 (gf180mcu_fd_sc_mcu7t5v0__and4_1)
     1    0.006265    0.160143    0.360277    5.171143 v _170_/Z (gf180mcu_fd_sc_mcu7t5v0__and4_1)
                                                         _065_ (net)
                      0.160143    0.000049    5.171192 v _171_/A4 (gf180mcu_fd_sc_mcu7t5v0__nand4_1)
     1    0.005699    0.377320    0.270888    5.442080 ^ _171_/ZN (gf180mcu_fd_sc_mcu7t5v0__nand4_1)
                                                         net128 (net)
                      0.377320    0.000054    5.442133 ^ output128/I (gf180mcu_fd_sc_mcu7t5v0__dlyb_1)
     1    0.021620    0.411628    1.063630    6.505763 ^ output128/Z (gf180mcu_fd_sc_mcu7t5v0__dlyb_1)
                                                         dout_o[3] (net)
                      0.411628    0.000149    6.505912 ^ dout_o[3] (out)
                                              6.505912   data arrival time

                                 16.000000   16.000000   clock clk (rise edge)
                                  0.000000   16.000000   clock network delay (propagated)
                                 -0.250000   15.750001   clock uncertainty
                                  0.000000   15.750001   clock reconvergence pessimism
                                 -3.200000   12.550000   output external delay
                                             12.550000   data required time
---------------------------------------------------------------------------------------------
                                             12.550000   data required time
                                             -6.505912   data arrival time
---------------------------------------------------------------------------------------------
                                              6.044088   slack (MET)


Startpoint: _220_ (rising edge-triggered flip-flop clocked by clk)
Endpoint: dout_o[0] (output port clocked by clk)
Path Group: clk
Path Type: max

Fanout         Cap        Slew       Delay        Time   Description
---------------------------------------------------------------------------------------------
                                  0.000000    0.000000   clock clk (rise edge)
                                  0.000000    0.000000   clock source latency
     1    0.024347    0.000000    0.000000    0.000000 ^ clk (in)
                                                         clk (net)
                      0.000306    0.000125    0.000125 ^ clkbuf_0_clk/I (gf180mcu_fd_sc_mcu7t5v0__clkbuf_16)
     2    0.046520    0.111902    0.224210    0.224335 ^ clkbuf_0_clk/Z (gf180mcu_fd_sc_mcu7t5v0__clkbuf_16)
                                                         clknet_0_clk (net)
                      0.111902    0.000140    0.224475 ^ clkbuf_1_0__f_clk/I (gf180mcu_fd_sc_mcu7t5v0__clkbuf_16)
     4    0.016737    0.085435    0.222957    0.447432 ^ clkbuf_1_0__f_clk/Z (gf180mcu_fd_sc_mcu7t5v0__clkbuf_16)
                                                         clknet_1_0__leaf_clk (net)
                      0.085435    0.000040    0.447472 ^ _220_/CLK (gf180mcu_fd_sc_mcu7t5v0__dffrnq_1)
     4    0.017568    0.370915    1.003737    1.451209 ^ _220_/Q (gf180mcu_fd_sc_mcu7t5v0__dffrnq_1)
                                                         byte_index[1] (net)
                      0.370915    0.000033    1.451242 ^ fanout173/I (gf180mcu_fd_sc_mcu7t5v0__dlya_1)
    12    0.065662    1.135651    1.007621    2.458863 ^ fanout173/Z (gf180mcu_fd_sc_mcu7t5v0__dlya_1)
                                                         net173 (net)
                      1.135651    0.000289    2.459152 ^ _106_/I (gf180mcu_fd_sc_mcu7t5v0__clkinv_1)
     5    0.039104    0.802672    0.644361    3.103513 v _106_/ZN (gf180mcu_fd_sc_mcu7t5v0__clkinv_1)
                                                         _008_ (net)
                      0.802672    0.000087    3.103600 v _130_/A2 (gf180mcu_fd_sc_mcu7t5v0__nor4_2)
     2    0.029325    1.165630    0.806560    3.910160 ^ _130_/ZN (gf180mcu_fd_sc_mcu7t5v0__nor4_2)
                                                         _028_ (net)
                      1.165630    0.001089    3.911249 ^ wire152/I (gf180mcu_fd_sc_mcu7t5v0__buf_2)
     1    0.044448    0.398044    0.422955    4.334204 ^ wire152/Z (gf180mcu_fd_sc_mcu7t5v0__buf_2)
                                                         net152 (net)
                      0.398077    0.003754    4.337958 ^ wire151/I (gf180mcu_fd_sc_mcu7t5v0__buf_4)
     4    0.043749    0.213499    0.275787    4.613746 ^ wire151/Z (gf180mcu_fd_sc_mcu7t5v0__buf_4)
                                                         net151 (net)
                      0.213516    0.002874    4.616620 ^ _141_/B1 (gf180mcu_fd_sc_mcu7t5v0__aoi22_1)
     1    0.004372    0.243236    0.185822    4.802441 v _141_/ZN (gf180mcu_fd_sc_mcu7t5v0__aoi22_1)
                                                         _039_ (net)
                      0.243236    0.000023    4.802464 v _143_/A3 (gf180mcu_fd_sc_mcu7t5v0__and4_1)
     1    0.005155    0.152699    0.371392    5.173856 v _143_/Z (gf180mcu_fd_sc_mcu7t5v0__and4_1)
                                                         _041_ (net)
                      0.152699    0.000025    5.173882 v _144_/A4 (gf180mcu_fd_sc_mcu7t5v0__nand4_1)
     1    0.005264    0.366959    0.262508    5.436390 ^ _144_/ZN (gf180mcu_fd_sc_mcu7t5v0__nand4_1)
                                                         net125 (net)
                      0.366959    0.000041    5.436431 ^ output125/I (gf180mcu_fd_sc_mcu7t5v0__dlyb_1)
     1    0.020816    0.411428    1.055989    6.492420 ^ output125/Z (gf180mcu_fd_sc_mcu7t5v0__dlyb_1)
                                                         dout_o[0] (net)
                      0.411428    0.000068    6.492487 ^ dout_o[0] (out)
                                              6.492487   data arrival time

                                 16.000000   16.000000   clock clk (rise edge)
                                  0.000000   16.000000   clock network delay (propagated)
                                 -0.250000   15.750001   clock uncertainty
                                  0.000000   15.750001   clock reconvergence pessimism
                                 -3.200000   12.550000   output external delay
                                             12.550000   data required time
---------------------------------------------------------------------------------------------
                                             12.550000   data required time
                                             -6.492487   data arrival time
---------------------------------------------------------------------------------------------
                                              6.057513   slack (MET)


Startpoint: _220_ (rising edge-triggered flip-flop clocked by clk)
Endpoint: dout_o[1] (output port clocked by clk)
Path Group: clk
Path Type: max

Fanout         Cap        Slew       Delay        Time   Description
---------------------------------------------------------------------------------------------
                                  0.000000    0.000000   clock clk (rise edge)
                                  0.000000    0.000000   clock source latency
     1    0.024347    0.000000    0.000000    0.000000 ^ clk (in)
                                                         clk (net)
                      0.000306    0.000125    0.000125 ^ clkbuf_0_clk/I (gf180mcu_fd_sc_mcu7t5v0__clkbuf_16)
     2    0.046520    0.111902    0.224210    0.224335 ^ clkbuf_0_clk/Z (gf180mcu_fd_sc_mcu7t5v0__clkbuf_16)
                                                         clknet_0_clk (net)
                      0.111902    0.000140    0.224475 ^ clkbuf_1_0__f_clk/I (gf180mcu_fd_sc_mcu7t5v0__clkbuf_16)
     4    0.016737    0.085435    0.222957    0.447432 ^ clkbuf_1_0__f_clk/Z (gf180mcu_fd_sc_mcu7t5v0__clkbuf_16)
                                                         clknet_1_0__leaf_clk (net)
                      0.085435    0.000040    0.447472 ^ _220_/CLK (gf180mcu_fd_sc_mcu7t5v0__dffrnq_1)
     4    0.017568    0.370915    1.003737    1.451209 ^ _220_/Q (gf180mcu_fd_sc_mcu7t5v0__dffrnq_1)
                                                         byte_index[1] (net)
                      0.370915    0.000033    1.451242 ^ fanout173/I (gf180mcu_fd_sc_mcu7t5v0__dlya_1)
    12    0.065662    1.135651    1.007621    2.458863 ^ fanout173/Z (gf180mcu_fd_sc_mcu7t5v0__dlya_1)
                                                         net173 (net)
                      1.135651    0.000289    2.459152 ^ _106_/I (gf180mcu_fd_sc_mcu7t5v0__clkinv_1)
     5    0.039104    0.802672    0.644361    3.103513 v _106_/ZN (gf180mcu_fd_sc_mcu7t5v0__clkinv_1)
                                                         _008_ (net)
                      0.802672    0.000120    3.103632 v _132_/A2 (gf180mcu_fd_sc_mcu7t5v0__nor4_2)
     2    0.029356    1.166431    0.806998    3.910630 ^ _132_/ZN (gf180mcu_fd_sc_mcu7t5v0__nor4_2)
                                                         _030_ (net)
                      1.166431    0.001163    3.911793 ^ wire147/I (gf180mcu_fd_sc_mcu7t5v0__buf_2)
     1    0.044777    0.400619    0.424436    4.336229 ^ wire147/Z (gf180mcu_fd_sc_mcu7t5v0__buf_2)
                                                         net147 (net)
                      0.400656    0.003812    4.340041 ^ wire146/I (gf180mcu_fd_sc_mcu7t5v0__buf_4)
     4    0.048991    0.234086    0.287660    4.627701 ^ wire146/Z (gf180mcu_fd_sc_mcu7t5v0__buf_4)
                                                         net146 (net)
                      0.234104    0.003133    4.630833 ^ _149_/B1 (gf180mcu_fd_sc_mcu7t5v0__aoi22_1)
     1    0.005008    0.254997    0.195763    4.826597 v _149_/ZN (gf180mcu_fd_sc_mcu7t5v0__aoi22_1)
                                                         _046_ (net)
                      0.254997    0.000033    4.826630 v _152_/A2 (gf180mcu_fd_sc_mcu7t5v0__and4_1)
     1    0.004664    0.147867    0.351549    5.178178 v _152_/Z (gf180mcu_fd_sc_mcu7t5v0__and4_1)
                                                         _049_ (net)
                      0.147867    0.000012    5.178190 v _153_/A4 (gf180mcu_fd_sc_mcu7t5v0__nand4_1)
     1    0.003219    0.318010    0.231739    5.409930 ^ _153_/ZN (gf180mcu_fd_sc_mcu7t5v0__nand4_1)
                                                         net126 (net)
                      0.318010    0.000007    5.409936 ^ output126/I (gf180mcu_fd_sc_mcu7t5v0__dlyb_1)
     1    0.022056    0.418414    1.064970    6.474906 ^ output126/Z (gf180mcu_fd_sc_mcu7t5v0__dlyb_1)
                                                         dout_o[1] (net)
                      0.418414    0.000173    6.475079 ^ dout_o[1] (out)
                                              6.475079   data arrival time

                                 16.000000   16.000000   clock clk (rise edge)
                                  0.000000   16.000000   clock network delay (propagated)
                                 -0.250000   15.750001   clock uncertainty
                                  0.000000   15.750001   clock reconvergence pessimism
                                 -3.200000   12.550000   output external delay
                                             12.550000   data required time
---------------------------------------------------------------------------------------------
                                             12.550000   data required time
                                             -6.475079   data arrival time
---------------------------------------------------------------------------------------------
                                              6.074922   slack (MET)


Startpoint: X1_i_i[13] (input port clocked by clk)
Endpoint: dout_o[5] (output port clocked by clk)
Path Group: clk
Path Type: max

Fanout         Cap        Slew       Delay        Time   Description
---------------------------------------------------------------------------------------------
                                  0.000000    0.000000   clock clk (rise edge)
                                  0.000000    0.000000   clock network delay (propagated)
                                  3.200000    3.200000 v input external delay
     1    0.005188    0.031161    0.007767    3.207767 v X1_i_i[13] (in)
                                                         X1_i_i[13] (net)
                      0.031161    0.000000    3.207767 v input37/I (gf180mcu_fd_sc_mcu7t5v0__dlyb_1)
     1    0.009088    0.250959    0.993822    4.201589 v input37/Z (gf180mcu_fd_sc_mcu7t5v0__dlyb_1)
                                                         net37 (net)
                      0.250959    0.000131    4.201720 v _185_/B2 (gf180mcu_fd_sc_mcu7t5v0__aoi22_1)
     1    0.003797    0.429934    0.321499    4.523219 ^ _185_/ZN (gf180mcu_fd_sc_mcu7t5v0__aoi22_1)
                                                         _078_ (net)
                      0.429934    0.000012    4.523231 ^ _188_/A2 (gf180mcu_fd_sc_mcu7t5v0__and4_1)
     1    0.004982    0.204428    0.500539    5.023769 ^ _188_/Z (gf180mcu_fd_sc_mcu7t5v0__and4_1)
                                                         _081_ (net)
                      0.204428    0.000022    5.023792 ^ _189_/A4 (gf180mcu_fd_sc_mcu7t5v0__nand4_1)
     1    0.005119    0.365877    0.218397    5.242188 v _189_/ZN (gf180mcu_fd_sc_mcu7t5v0__nand4_1)
                                                         net130 (net)
                      0.365877    0.000041    5.242229 v output130/I (gf180mcu_fd_sc_mcu7t5v0__dlyb_1)
     1    0.022790    0.372464    1.222997    6.465226 v output130/Z (gf180mcu_fd_sc_mcu7t5v0__dlyb_1)
                                                         dout_o[5] (net)
                      0.372464    0.000256    6.465482 v dout_o[5] (out)
                                              6.465482   data arrival time

                                 16.000000   16.000000   clock clk (rise edge)
                                  0.000000   16.000000   clock network delay (propagated)
                                 -0.250000   15.750001   clock uncertainty
                                  0.000000   15.750001   clock reconvergence pessimism
                                 -3.200000   12.550000   output external delay
                                             12.550000   data required time
---------------------------------------------------------------------------------------------
                                             12.550000   data required time
                                             -6.465482   data arrival time
---------------------------------------------------------------------------------------------
                                              6.084518   slack (MET)


Startpoint: X1_q_i[12] (input port clocked by clk)
Endpoint: dout_o[4] (output port clocked by clk)
Path Group: clk
Path Type: max

Fanout         Cap        Slew       Delay        Time   Description
---------------------------------------------------------------------------------------------
                                  0.000000    0.000000   clock clk (rise edge)
                                  0.000000    0.000000   clock network delay (propagated)
                                  3.200000    3.200000 v input external delay
     1    0.004986    0.030606    0.007461    3.207461 v X1_q_i[12] (in)
                                                         X1_q_i[12] (net)
                      0.030606    0.000000    3.207461 v input52/I (gf180mcu_fd_sc_mcu7t5v0__dlyb_1)
     1    0.008123    0.241290    0.984246    4.191707 v input52/Z (gf180mcu_fd_sc_mcu7t5v0__dlyb_1)
                                                         net52 (net)
                      0.241290    0.000095    4.191801 v _177_/B2 (gf180mcu_fd_sc_mcu7t5v0__aoi22_1)
     1    0.005066    0.412876    0.341431    4.533233 ^ _177_/ZN (gf180mcu_fd_sc_mcu7t5v0__aoi22_1)
                                                         _071_ (net)
                      0.412876    0.000035    4.533267 ^ _179_/A3 (gf180mcu_fd_sc_mcu7t5v0__and4_1)
     1    0.006838    0.228647    0.519158    5.052426 ^ _179_/Z (gf180mcu_fd_sc_mcu7t5v0__and4_1)
                                                         _073_ (net)
                      0.228647    0.000069    5.052495 ^ _180_/A4 (gf180mcu_fd_sc_mcu7t5v0__nand4_1)
     1    0.003344    0.333432    0.191684    5.244179 v _180_/ZN (gf180mcu_fd_sc_mcu7t5v0__nand4_1)
                                                         net129 (net)
                      0.333432    0.000008    5.244187 v output129/I (gf180mcu_fd_sc_mcu7t5v0__dlyb_1)
     1    0.022619    0.371019    1.209981    6.454168 v output129/Z (gf180mcu_fd_sc_mcu7t5v0__dlyb_1)
                                                         dout_o[4] (net)
                      0.371019    0.000226    6.454395 v dout_o[4] (out)
                                              6.454395   data arrival time

                                 16.000000   16.000000   clock clk (rise edge)
                                  0.000000   16.000000   clock network delay (propagated)
                                 -0.250000   15.750001   clock uncertainty
                                  0.000000   15.750001   clock reconvergence pessimism
                                 -3.200000   12.550000   output external delay
                                             12.550000   data required time
---------------------------------------------------------------------------------------------
                                             12.550000   data required time
                                             -6.454395   data arrival time
---------------------------------------------------------------------------------------------
                                              6.095605   slack (MET)


Startpoint: X2_i_i[15] (input port clocked by clk)
Endpoint: dout_o[7] (output port clocked by clk)
Path Group: clk
Path Type: max

Fanout         Cap        Slew       Delay        Time   Description
---------------------------------------------------------------------------------------------
                                  0.000000    0.000000   clock clk (rise edge)
                                  0.000000    0.000000   clock network delay (propagated)
                                  3.200000    3.200000 v input external delay
     1    0.005349    0.031602    0.008010    3.208010 v X2_i_i[15] (in)
                                                         X2_i_i[15] (net)
                      0.031602    0.000000    3.208010 v input71/I (gf180mcu_fd_sc_mcu7t5v0__dlyb_1)
     1    0.009196    0.251897    0.994884    4.202894 v input71/Z (gf180mcu_fd_sc_mcu7t5v0__dlyb_1)
                                                         net71 (net)
                      0.251897    0.000136    4.203030 v _200_/B2 (gf180mcu_fd_sc_mcu7t5v0__aoi22_1)
     1    0.004525    0.429855    0.334045    4.537075 ^ _200_/ZN (gf180mcu_fd_sc_mcu7t5v0__aoi22_1)
                                                         _091_ (net)
                      0.429855    0.000023    4.537098 ^ _204_/A2 (gf180mcu_fd_sc_mcu7t5v0__and4_1)
     1    0.006544    0.224259    0.519614    5.056712 ^ _204_/Z (gf180mcu_fd_sc_mcu7t5v0__and4_1)
                                                         _095_ (net)
                      0.224259    0.000053    5.056766 ^ _206_/A2 (gf180mcu_fd_sc_mcu7t5v0__nand3_1)
     1    0.004611    0.248868    0.159638    5.216403 v _206_/ZN (gf180mcu_fd_sc_mcu7t5v0__nand3_1)
                                                         net132 (net)
                      0.248868    0.000029    5.216432 v output132/I (gf180mcu_fd_sc_mcu7t5v0__dlyb_1)
     1    0.022566    0.370718    1.179596    6.396029 v output132/Z (gf180mcu_fd_sc_mcu7t5v0__dlyb_1)
                                                         dout_o[7] (net)
                      0.370718    0.000221    6.396249 v dout_o[7] (out)
                                              6.396249   data arrival time

                                 16.000000   16.000000   clock clk (rise edge)
                                  0.000000   16.000000   clock network delay (propagated)
                                 -0.250000   15.750001   clock uncertainty
                                  0.000000   15.750001   clock reconvergence pessimism
                                 -3.200000   12.550000   output external delay
                                             12.550000   data required time
---------------------------------------------------------------------------------------------
                                             12.550000   data required time
                                             -6.396249   data arrival time
---------------------------------------------------------------------------------------------
                                              6.153751   slack (MET)


Startpoint: result_radix_i[0] (input port clocked by clk)
Endpoint: _225_ (rising edge-triggered flip-flop clocked by clk)
Path Group: clk
Path Type: max

Fanout         Cap        Slew       Delay        Time   Description
---------------------------------------------------------------------------------------------
                                  0.000000    0.000000   clock clk (rise edge)
                                  0.000000    0.000000   clock network delay (propagated)
                                  3.200000    3.200000 ^ input external delay
     1    0.004997    0.055822    0.013217    3.213217 ^ result_radix_i[0] (in)
                                                         result_radix_i[0] (net)
                      0.055822    0.000000    3.213217 ^ input120/I (gf180mcu_fd_sc_mcu7t5v0__dlyb_1)
     2    0.082921    1.377242    1.587006    4.800222 ^ input120/Z (gf180mcu_fd_sc_mcu7t5v0__dlyb_1)
                                                         net120 (net)
                      1.377668    0.013545    4.813768 ^ _111_/A3 (gf180mcu_fd_sc_mcu7t5v0__and4_1)
     1    0.005655    0.232921    0.562646    5.376414 ^ _111_/Z (gf180mcu_fd_sc_mcu7t5v0__and4_1)
                                                         _013_ (net)
                      0.232921    0.000018    5.376432 ^ _113_/A2 (gf180mcu_fd_sc_mcu7t5v0__oai211_1)
     4    0.019724    0.661930    0.367520    5.743952 v _113_/ZN (gf180mcu_fd_sc_mcu7t5v0__oai211_1)
                                                         _015_ (net)
                      0.661930    0.000057    5.744009 v _114_/A2 (gf180mcu_fd_sc_mcu7t5v0__nor2_1)
     4    0.015088    0.603518    0.467283    6.211292 ^ _114_/ZN (gf180mcu_fd_sc_mcu7t5v0__nor2_1)
                                                         _002_ (net)
                      0.603518    0.000028    6.211320 ^ _118_/A2 (gf180mcu_fd_sc_mcu7t5v0__and2_1)
     1    0.004510    0.156883    0.317635    6.528955 ^ _118_/Z (gf180mcu_fd_sc_mcu7t5v0__and2_1)
                                                         _001_ (net)
                      0.156883    0.000024    6.528979 ^ _225_/D (gf180mcu_fd_sc_mcu7t5v0__dffrnq_1)
                                              6.528979   data arrival time

                                 16.000000   16.000000   clock clk (rise edge)
                                  0.000000   16.000000   clock source latency
     1    0.024347    0.000000    0.000000   16.000000 ^ clk (in)
                                                         clk (net)
                      0.000306    0.000124   16.000124 ^ clkbuf_0_clk/I (gf180mcu_fd_sc_mcu7t5v0__clkbuf_16)
     2    0.046520    0.111902    0.224210   16.224335 ^ clkbuf_0_clk/Z (gf180mcu_fd_sc_mcu7t5v0__clkbuf_16)
                                                         clknet_0_clk (net)
                      0.111902    0.000140   16.224474 ^ clkbuf_1_0__f_clk/I (gf180mcu_fd_sc_mcu7t5v0__clkbuf_16)
     4    0.016737    0.085435    0.222958   16.447432 ^ clkbuf_1_0__f_clk/Z (gf180mcu_fd_sc_mcu7t5v0__clkbuf_16)
                                                         clknet_1_0__leaf_clk (net)
                      0.085435    0.000023   16.447456 ^ _225_/CLK (gf180mcu_fd_sc_mcu7t5v0__dffrnq_1)
                                 -0.250000   16.197456   clock uncertainty
                                  0.000000   16.197456   clock reconvergence pessimism
                                 -0.312902   15.884555   library setup time
                                             15.884555   data required time
---------------------------------------------------------------------------------------------
                                             15.884555   data required time
                                             -6.528979   data arrival time
---------------------------------------------------------------------------------------------
                                              9.355576   slack (MET)


Startpoint: result_radix_i[1] (input port clocked by clk)
Endpoint: _221_ (rising edge-triggered flip-flop clocked by clk)
Path Group: clk
Path Type: max

Fanout         Cap        Slew       Delay        Time   Description
---------------------------------------------------------------------------------------------
                                  0.000000    0.000000   clock clk (rise edge)
                                  0.000000    0.000000   clock network delay (propagated)
                                  3.200000    3.200000 v input external delay
     1    0.004739    0.029930    0.007087    3.207087 v result_radix_i[1] (in)
                                                         result_radix_i[1] (net)
                      0.029930    0.000000    3.207087 v input121/I (gf180mcu_fd_sc_mcu7t5v0__dlyb_1)
     2    0.083618    0.895255    1.513317    4.720404 v input121/Z (gf180mcu_fd_sc_mcu7t5v0__dlyb_1)
                                                         net121 (net)
                      0.895918    0.013786    4.734190 v _111_/A4 (gf180mcu_fd_sc_mcu7t5v0__and4_1)
     1    0.005655    0.179483    0.576954    5.311144 v _111_/Z (gf180mcu_fd_sc_mcu7t5v0__and4_1)
                                                         _013_ (net)
                      0.179483    0.000018    5.311163 v _113_/A2 (gf180mcu_fd_sc_mcu7t5v0__oai211_1)
     4    0.019724    0.781693    0.502900    5.814063 ^ _113_/ZN (gf180mcu_fd_sc_mcu7t5v0__oai211_1)
                                                         _015_ (net)
                      0.781693    0.000072    5.814135 ^ _213_/A2 (gf180mcu_fd_sc_mcu7t5v0__aoi21_1)
     2    0.009949    0.488699    0.181608    5.995743 v _213_/ZN (gf180mcu_fd_sc_mcu7t5v0__aoi21_1)
                                                         _101_ (net)
                      0.488699    0.000029    5.995772 v _216_/C (gf180mcu_fd_sc_mcu7t5v0__aoi211_1)
     1    0.003938    0.549895    0.429220    6.424992 ^ _216_/ZN (gf180mcu_fd_sc_mcu7t5v0__aoi211_1)
                                                         _005_ (net)
                      0.549895    0.000014    6.425005 ^ _221_/D (gf180mcu_fd_sc_mcu7t5v0__dffrnq_1)
                                              6.425005   data arrival time

                                 16.000000   16.000000   clock clk (rise edge)
                                  0.000000   16.000000   clock source latency
     1    0.024347    0.000000    0.000000   16.000000 ^ clk (in)
                                                         clk (net)
                      0.000306    0.000124   16.000124 ^ clkbuf_0_clk/I (gf180mcu_fd_sc_mcu7t5v0__clkbuf_16)
     2    0.046520    0.111902    0.224210   16.224335 ^ clkbuf_0_clk/Z (gf180mcu_fd_sc_mcu7t5v0__clkbuf_16)
                                                         clknet_0_clk (net)
                      0.111902    0.000131   16.224466 ^ clkbuf_1_1__f_clk/I (gf180mcu_fd_sc_mcu7t5v0__clkbuf_16)
     4    0.017557    0.086192    0.223634   16.448101 ^ clkbuf_1_1__f_clk/Z (gf180mcu_fd_sc_mcu7t5v0__clkbuf_16)
                                                         clknet_1_1__leaf_clk (net)
                      0.086192    0.000094   16.448195 ^ _221_/CLK (gf180mcu_fd_sc_mcu7t5v0__dffrnq_1)
                                 -0.250000   16.198195   clock uncertainty
                                  0.000000   16.198195   clock reconvergence pessimism
                                 -0.378730   15.819466   library setup time
                                             15.819466   data required time
---------------------------------------------------------------------------------------------
                                             15.819466   data required time
                                             -6.425005   data arrival time
---------------------------------------------------------------------------------------------
                                              9.394460   slack (MET)


Startpoint: result_radix_i[1] (input port clocked by clk)
Endpoint: _223_ (rising edge-triggered flip-flop clocked by clk)
Path Group: clk
Path Type: max

Fanout         Cap        Slew       Delay        Time   Description
---------------------------------------------------------------------------------------------
                                  0.000000    0.000000   clock clk (rise edge)
                                  0.000000    0.000000   clock network delay (propagated)
                                  3.200000    3.200000 v input external delay
     1    0.004739    0.029930    0.007087    3.207087 v result_radix_i[1] (in)
                                                         result_radix_i[1] (net)
                      0.029930    0.000000    3.207087 v input121/I (gf180mcu_fd_sc_mcu7t5v0__dlyb_1)
     2    0.083618    0.895255    1.513317    4.720404 v input121/Z (gf180mcu_fd_sc_mcu7t5v0__dlyb_1)
                                                         net121 (net)
                      0.895918    0.013786    4.734190 v _111_/A4 (gf180mcu_fd_sc_mcu7t5v0__and4_1)
     1    0.005655    0.179483    0.576954    5.311144 v _111_/Z (gf180mcu_fd_sc_mcu7t5v0__and4_1)
                                                         _013_ (net)
                      0.179483    0.000018    5.311163 v _113_/A2 (gf180mcu_fd_sc_mcu7t5v0__oai211_1)
     4    0.019724    0.781693    0.502900    5.814063 ^ _113_/ZN (gf180mcu_fd_sc_mcu7t5v0__oai211_1)
                                                         _015_ (net)
                      0.781693    0.000057    5.814119 ^ _114_/A2 (gf180mcu_fd_sc_mcu7t5v0__nor2_1)
     4    0.015088    0.425449    0.313752    6.127872 v _114_/ZN (gf180mcu_fd_sc_mcu7t5v0__nor2_1)
                                                         _002_ (net)
                      0.425449    0.000012    6.127884 v _116_/A1 (gf180mcu_fd_sc_mcu7t5v0__nor2_1)
     1    0.003368    0.284199    0.238404    6.366287 ^ _116_/ZN (gf180mcu_fd_sc_mcu7t5v0__nor2_1)
                                                         _000_ (net)
                      0.284199    0.000004    6.366292 ^ _223_/D (gf180mcu_fd_sc_mcu7t5v0__dffrnq_1)
                                              6.366292   data arrival time

                                 16.000000   16.000000   clock clk (rise edge)
                                  0.000000   16.000000   clock source latency
     1    0.024347    0.000000    0.000000   16.000000 ^ clk (in)
                                                         clk (net)
                      0.000306    0.000124   16.000124 ^ clkbuf_0_clk/I (gf180mcu_fd_sc_mcu7t5v0__clkbuf_16)
     2    0.046520    0.111902    0.224210   16.224335 ^ clkbuf_0_clk/Z (gf180mcu_fd_sc_mcu7t5v0__clkbuf_16)
                                                         clknet_0_clk (net)
                      0.111902    0.000140   16.224474 ^ clkbuf_1_0__f_clk/I (gf180mcu_fd_sc_mcu7t5v0__clkbuf_16)
     4    0.016737    0.085435    0.222958   16.447432 ^ clkbuf_1_0__f_clk/Z (gf180mcu_fd_sc_mcu7t5v0__clkbuf_16)
                                                         clknet_1_0__leaf_clk (net)
                      0.085435    0.000023   16.447456 ^ _223_/CLK (gf180mcu_fd_sc_mcu7t5v0__dffrnq_1)
                                 -0.250000   16.197456   clock uncertainty
                                  0.000000   16.197456   clock reconvergence pessimism
                                 -0.335952   15.861505   library setup time
                                             15.861505   data required time
---------------------------------------------------------------------------------------------
                                             15.861505   data required time
                                             -6.366292   data arrival time
---------------------------------------------------------------------------------------------
                                              9.495213   slack (MET)


Startpoint: result_radix_i[0] (input port clocked by clk)
Endpoint: _224_ (rising edge-triggered flip-flop clocked by clk)
Path Group: clk
Path Type: max

Fanout         Cap        Slew       Delay        Time   Description
---------------------------------------------------------------------------------------------
                                  0.000000    0.000000   clock clk (rise edge)
                                  0.000000    0.000000   clock network delay (propagated)
                                  3.200000    3.200000 ^ input external delay
     1    0.004997    0.055822    0.013217    3.213217 ^ result_radix_i[0] (in)
                                                         result_radix_i[0] (net)
                      0.055822    0.000000    3.213217 ^ input120/I (gf180mcu_fd_sc_mcu7t5v0__dlyb_1)
     2    0.082921    1.377242    1.587006    4.800222 ^ input120/Z (gf180mcu_fd_sc_mcu7t5v0__dlyb_1)
                                                         net120 (net)
                      1.377668    0.013545    4.813768 ^ _111_/A3 (gf180mcu_fd_sc_mcu7t5v0__and4_1)
     1    0.005655    0.232921    0.562646    5.376414 ^ _111_/Z (gf180mcu_fd_sc_mcu7t5v0__and4_1)
                                                         _013_ (net)
                      0.232921    0.000018    5.376432 ^ _113_/A2 (gf180mcu_fd_sc_mcu7t5v0__oai211_1)
     4    0.019724    0.661930    0.367520    5.743952 v _113_/ZN (gf180mcu_fd_sc_mcu7t5v0__oai211_1)
                                                         _015_ (net)
                      0.661930    0.000057    5.744009 v _114_/A2 (gf180mcu_fd_sc_mcu7t5v0__nor2_1)
     4    0.015088    0.603518    0.467283    6.211292 ^ _114_/ZN (gf180mcu_fd_sc_mcu7t5v0__nor2_1)
                                                         _002_ (net)
                      0.603518    0.000037    6.211329 ^ _224_/D (gf180mcu_fd_sc_mcu7t5v0__dffrnq_1)
                                              6.211329   data arrival time

                                 16.000000   16.000000   clock clk (rise edge)
                                  0.000000   16.000000   clock source latency
     1    0.024347    0.000000    0.000000   16.000000 ^ clk (in)
                                                         clk (net)
                      0.000306    0.000124   16.000124 ^ clkbuf_0_clk/I (gf180mcu_fd_sc_mcu7t5v0__clkbuf_16)
     2    0.046520    0.111902    0.224210   16.224335 ^ clkbuf_0_clk/Z (gf180mcu_fd_sc_mcu7t5v0__clkbuf_16)
                                                         clknet_0_clk (net)
                      0.111902    0.000140   16.224474 ^ clkbuf_1_0__f_clk/I (gf180mcu_fd_sc_mcu7t5v0__clkbuf_16)
     4    0.016737    0.085435    0.222958   16.447432 ^ clkbuf_1_0__f_clk/Z (gf180mcu_fd_sc_mcu7t5v0__clkbuf_16)
                                                         clknet_1_0__leaf_clk (net)
                      0.085435    0.000025   16.447456 ^ _224_/CLK (gf180mcu_fd_sc_mcu7t5v0__dffrnq_1)
                                 -0.250000   16.197458   clock uncertainty
                                  0.000000   16.197458   clock reconvergence pessimism
                                 -0.387331   15.810127   library setup time
                                             15.810127   data required time
---------------------------------------------------------------------------------------------
                                             15.810127   data required time
                                             -6.211329   data arrival time
---------------------------------------------------------------------------------------------
                                              9.598799   slack (MET)


Startpoint: result_radix_i[1] (input port clocked by clk)
Endpoint: _222_ (rising edge-triggered flip-flop clocked by clk)
Path Group: clk
Path Type: max

Fanout         Cap        Slew       Delay        Time   Description
---------------------------------------------------------------------------------------------
                                  0.000000    0.000000   clock clk (rise edge)
                                  0.000000    0.000000   clock network delay (propagated)
                                  3.200000    3.200000 v input external delay
     1    0.004739    0.029930    0.007087    3.207087 v result_radix_i[1] (in)
                                                         result_radix_i[1] (net)
                      0.029930    0.000000    3.207087 v input121/I (gf180mcu_fd_sc_mcu7t5v0__dlyb_1)
     2    0.083618    0.895255    1.513317    4.720404 v input121/Z (gf180mcu_fd_sc_mcu7t5v0__dlyb_1)
                                                         net121 (net)
                      0.895918    0.013786    4.734190 v _111_/A4 (gf180mcu_fd_sc_mcu7t5v0__and4_1)
     1    0.005655    0.179483    0.576954    5.311144 v _111_/Z (gf180mcu_fd_sc_mcu7t5v0__and4_1)
                                                         _013_ (net)
                      0.179483    0.000018    5.311163 v _113_/A2 (gf180mcu_fd_sc_mcu7t5v0__oai211_1)
     4    0.019724    0.781693    0.502900    5.814063 ^ _113_/ZN (gf180mcu_fd_sc_mcu7t5v0__oai211_1)
                                                         _015_ (net)
                      0.781693    0.000072    5.814135 ^ _213_/A2 (gf180mcu_fd_sc_mcu7t5v0__aoi21_1)
     2    0.009949    0.488699    0.181608    5.995743 v _213_/ZN (gf180mcu_fd_sc_mcu7t5v0__aoi21_1)
                                                         _101_ (net)
                      0.488699    0.000046    5.995789 v _218_/A1 (gf180mcu_fd_sc_mcu7t5v0__nor2_1)
     1    0.003792    0.276005    0.263086    6.258875 ^ _218_/ZN (gf180mcu_fd_sc_mcu7t5v0__nor2_1)
                                                         _006_ (net)
                      0.276005    0.000011    6.258886 ^ _222_/D (gf180mcu_fd_sc_mcu7t5v0__dffrnq_1)
                                              6.258886   data arrival time

                                 16.000000   16.000000   clock clk (rise edge)
                                  0.000000   16.000000   clock source latency
     1    0.024347    0.000000    0.000000   16.000000 ^ clk (in)
                                                         clk (net)
                      0.000306    0.000124   16.000124 ^ clkbuf_0_clk/I (gf180mcu_fd_sc_mcu7t5v0__clkbuf_16)
     2    0.046520    0.111902    0.224210   16.224335 ^ clkbuf_0_clk/Z (gf180mcu_fd_sc_mcu7t5v0__clkbuf_16)
                                                         clknet_0_clk (net)
                      0.111902    0.000131   16.224466 ^ clkbuf_1_1__f_clk/I (gf180mcu_fd_sc_mcu7t5v0__clkbuf_16)
     4    0.017557    0.086192    0.223634   16.448101 ^ clkbuf_1_1__f_clk/Z (gf180mcu_fd_sc_mcu7t5v0__clkbuf_16)
                                                         clknet_1_1__leaf_clk (net)
                      0.086192    0.000091   16.448191 ^ _222_/CLK (gf180mcu_fd_sc_mcu7t5v0__dffrnq_1)
                                 -0.250000   16.198193   clock uncertainty
                                  0.000000   16.198193   clock reconvergence pessimism
                                 -0.334342   15.863850   library setup time
                                             15.863850   data required time
---------------------------------------------------------------------------------------------
                                             15.863850   data required time
                                             -6.258886   data arrival time
---------------------------------------------------------------------------------------------
                                              9.604962   slack (MET)


Startpoint: result_radix_i[1] (input port clocked by clk)
Endpoint: _219_ (rising edge-triggered flip-flop clocked by clk)
Path Group: clk
Path Type: max

Fanout         Cap        Slew       Delay        Time   Description
---------------------------------------------------------------------------------------------
                                  0.000000    0.000000   clock clk (rise edge)
                                  0.000000    0.000000   clock network delay (propagated)
                                  3.200000    3.200000 v input external delay
     1    0.004739    0.029930    0.007087    3.207087 v result_radix_i[1] (in)
                                                         result_radix_i[1] (net)
                      0.029930    0.000000    3.207087 v input121/I (gf180mcu_fd_sc_mcu7t5v0__dlyb_1)
     2    0.083618    0.895255    1.513317    4.720404 v input121/Z (gf180mcu_fd_sc_mcu7t5v0__dlyb_1)
                                                         net121 (net)
                      0.895918    0.013786    4.734190 v _111_/A4 (gf180mcu_fd_sc_mcu7t5v0__and4_1)
     1    0.005655    0.179483    0.576954    5.311144 v _111_/Z (gf180mcu_fd_sc_mcu7t5v0__and4_1)
                                                         _013_ (net)
                      0.179483    0.000018    5.311163 v _113_/A2 (gf180mcu_fd_sc_mcu7t5v0__oai211_1)
     4    0.019724    0.781693    0.502900    5.814063 ^ _113_/ZN (gf180mcu_fd_sc_mcu7t5v0__oai211_1)
                                                         _015_ (net)
                      0.781693    0.000069    5.814132 ^ _208_/A2 (gf180mcu_fd_sc_mcu7t5v0__nand2_1)
     1    0.005093    0.249172    0.123813    5.937945 v _208_/ZN (gf180mcu_fd_sc_mcu7t5v0__nand2_1)
                                                         _098_ (net)
                      0.249172    0.000008    5.937953 v _209_/A2 (gf180mcu_fd_sc_mcu7t5v0__aoi21_1)
     1    0.004872    0.370102    0.257721    6.195673 ^ _209_/ZN (gf180mcu_fd_sc_mcu7t5v0__aoi21_1)
                                                         _003_ (net)
                      0.370102    0.000031    6.195704 ^ _219_/D (gf180mcu_fd_sc_mcu7t5v0__dffrnq_1)
                                              6.195704   data arrival time

                                 16.000000   16.000000   clock clk (rise edge)
                                  0.000000   16.000000   clock source latency
     1    0.024347    0.000000    0.000000   16.000000 ^ clk (in)
                                                         clk (net)
                      0.000306    0.000124   16.000124 ^ clkbuf_0_clk/I (gf180mcu_fd_sc_mcu7t5v0__clkbuf_16)
     2    0.046520    0.111902    0.224210   16.224335 ^ clkbuf_0_clk/Z (gf180mcu_fd_sc_mcu7t5v0__clkbuf_16)
                                                         clknet_0_clk (net)
                      0.111902    0.000131   16.224466 ^ clkbuf_1_1__f_clk/I (gf180mcu_fd_sc_mcu7t5v0__clkbuf_16)
     4    0.017557    0.086192    0.223634   16.448101 ^ clkbuf_1_1__f_clk/Z (gf180mcu_fd_sc_mcu7t5v0__clkbuf_16)
                                                         clknet_1_1__leaf_clk (net)
                      0.086192    0.000092   16.448193 ^ _219_/CLK (gf180mcu_fd_sc_mcu7t5v0__dffrnq_1)
                                 -0.250000   16.198193   clock uncertainty
                                  0.000000   16.198193   clock reconvergence pessimism
                                 -0.350411   15.847782   library setup time
                                             15.847782   data required time
---------------------------------------------------------------------------------------------
                                             15.847782   data required time
                                             -6.195704   data arrival time
---------------------------------------------------------------------------------------------
                                              9.652078   slack (MET)


Startpoint: _223_ (rising edge-triggered flip-flop clocked by clk)
Endpoint: dout_valid_o (output port clocked by clk)
Path Group: clk
Path Type: max

Fanout         Cap        Slew       Delay        Time   Description
---------------------------------------------------------------------------------------------
                                  0.000000    0.000000   clock clk (rise edge)
                                  0.000000    0.000000   clock source latency
     1    0.024347    0.000000    0.000000    0.000000 ^ clk (in)
                                                         clk (net)
                      0.000306    0.000125    0.000125 ^ clkbuf_0_clk/I (gf180mcu_fd_sc_mcu7t5v0__clkbuf_16)
     2    0.046520    0.111902    0.224210    0.224335 ^ clkbuf_0_clk/Z (gf180mcu_fd_sc_mcu7t5v0__clkbuf_16)
                                                         clknet_0_clk (net)
                      0.111902    0.000140    0.224475 ^ clkbuf_1_0__f_clk/I (gf180mcu_fd_sc_mcu7t5v0__clkbuf_16)
     4    0.016737    0.085435    0.222957    0.447432 ^ clkbuf_1_0__f_clk/Z (gf180mcu_fd_sc_mcu7t5v0__clkbuf_16)
                                                         clknet_1_0__leaf_clk (net)
                      0.085435    0.000023    0.447455 ^ _223_/CLK (gf180mcu_fd_sc_mcu7t5v0__dffrnq_1)
     7    0.032215    0.580799    1.141354    1.588809 ^ _223_/Q (gf180mcu_fd_sc_mcu7t5v0__dffrnq_1)
                                                         net124 (net)
                      0.580799    0.000227    1.589037 ^ _226_/I (gf180mcu_fd_sc_mcu7t5v0__buf_1)
     1    0.003736    0.131816    0.255211    1.844247 ^ _226_/Z (gf180mcu_fd_sc_mcu7t5v0__buf_1)
                                                         net133 (net)
                      0.131816    0.000013    1.844260 ^ output133/I (gf180mcu_fd_sc_mcu7t5v0__dlyb_1)
     1    0.020459    0.405655    1.029338    2.873599 ^ output133/Z (gf180mcu_fd_sc_mcu7t5v0__dlyb_1)
                                                         dout_valid_o (net)
                      0.405655    0.000037    2.873636 ^ dout_valid_o (out)
                                              2.873636   data arrival time

                                 16.000000   16.000000   clock clk (rise edge)
                                  0.000000   16.000000   clock network delay (propagated)
                                 -0.250000   15.750001   clock uncertainty
                                  0.000000   15.750001   clock reconvergence pessimism
                                 -3.200000   12.550000   output external delay
                                             12.550000   data required time
---------------------------------------------------------------------------------------------
                                             12.550000   data required time
                                             -2.873636   data arrival time
---------------------------------------------------------------------------------------------
                                              9.676365   slack (MET)


Startpoint: result_radix_i[1] (input port clocked by clk)
Endpoint: _220_ (rising edge-triggered flip-flop clocked by clk)
Path Group: clk
Path Type: max

Fanout         Cap        Slew       Delay        Time   Description
---------------------------------------------------------------------------------------------
                                  0.000000    0.000000   clock clk (rise edge)
                                  0.000000    0.000000   clock network delay (propagated)
                                  3.200000    3.200000 v input external delay
     1    0.004739    0.029930    0.007087    3.207087 v result_radix_i[1] (in)
                                                         result_radix_i[1] (net)
                      0.029930    0.000000    3.207087 v input121/I (gf180mcu_fd_sc_mcu7t5v0__dlyb_1)
     2    0.083618    0.895255    1.513317    4.720404 v input121/Z (gf180mcu_fd_sc_mcu7t5v0__dlyb_1)
                                                         net121 (net)
                      0.895918    0.013786    4.734190 v _111_/A4 (gf180mcu_fd_sc_mcu7t5v0__and4_1)
     1    0.005655    0.179483    0.576954    5.311144 v _111_/Z (gf180mcu_fd_sc_mcu7t5v0__and4_1)
                                                         _013_ (net)
                      0.179483    0.000018    5.311163 v _113_/A2 (gf180mcu_fd_sc_mcu7t5v0__oai211_1)
     4    0.019724    0.781693    0.502900    5.814063 ^ _113_/ZN (gf180mcu_fd_sc_mcu7t5v0__oai211_1)
                                                         _015_ (net)
                      0.781693    0.000051    5.814114 ^ _211_/A3 (gf180mcu_fd_sc_mcu7t5v0__nand3_1)
     1    0.004751    0.288652    0.155104    5.969218 v _211_/ZN (gf180mcu_fd_sc_mcu7t5v0__nand3_1)
                                                         _100_ (net)
                      0.288652    0.000005    5.969223 v _212_/A2 (gf180mcu_fd_sc_mcu7t5v0__nand2_1)
     1    0.003729    0.191390    0.184538    6.153761 ^ _212_/ZN (gf180mcu_fd_sc_mcu7t5v0__nand2_1)
                                                         _004_ (net)
                      0.191390    0.000011    6.153771 ^ _220_/D (gf180mcu_fd_sc_mcu7t5v0__dffrnq_1)
                                              6.153771   data arrival time

                                 16.000000   16.000000   clock clk (rise edge)
                                  0.000000   16.000000   clock source latency
     1    0.024347    0.000000    0.000000   16.000000 ^ clk (in)
                                                         clk (net)
                      0.000306    0.000124   16.000124 ^ clkbuf_0_clk/I (gf180mcu_fd_sc_mcu7t5v0__clkbuf_16)
     2    0.046520    0.111902    0.224210   16.224335 ^ clkbuf_0_clk/Z (gf180mcu_fd_sc_mcu7t5v0__clkbuf_16)
                                                         clknet_0_clk (net)
                      0.111902    0.000140   16.224474 ^ clkbuf_1_0__f_clk/I (gf180mcu_fd_sc_mcu7t5v0__clkbuf_16)
     4    0.016737    0.085435    0.222958   16.447432 ^ clkbuf_1_0__f_clk/Z (gf180mcu_fd_sc_mcu7t5v0__clkbuf_16)
                                                         clknet_1_0__leaf_clk (net)
                      0.085435    0.000041   16.447474 ^ _220_/CLK (gf180mcu_fd_sc_mcu7t5v0__dffrnq_1)
                                 -0.250000   16.197474   clock uncertainty
                                  0.000000   16.197474   clock reconvergence pessimism
                                 -0.319149   15.878325   library setup time
                                             15.878325   data required time
---------------------------------------------------------------------------------------------
                                             15.878325   data required time
                                             -6.153771   data arrival time
---------------------------------------------------------------------------------------------
                                              9.724554   slack (MET)


Startpoint: _223_ (rising edge-triggered flip-flop clocked by clk)
Endpoint: busy_o (output port clocked by clk)
Path Group: clk
Path Type: max

Fanout         Cap        Slew       Delay        Time   Description
---------------------------------------------------------------------------------------------
                                  0.000000    0.000000   clock clk (rise edge)
                                  0.000000    0.000000   clock source latency
     1    0.024347    0.000000    0.000000    0.000000 ^ clk (in)
                                                         clk (net)
                      0.000306    0.000125    0.000125 ^ clkbuf_0_clk/I (gf180mcu_fd_sc_mcu7t5v0__clkbuf_16)
     2    0.046520    0.111902    0.224210    0.224335 ^ clkbuf_0_clk/Z (gf180mcu_fd_sc_mcu7t5v0__clkbuf_16)
                                                         clknet_0_clk (net)
                      0.111902    0.000140    0.224475 ^ clkbuf_1_0__f_clk/I (gf180mcu_fd_sc_mcu7t5v0__clkbuf_16)
     4    0.016737    0.085435    0.222957    0.447432 ^ clkbuf_1_0__f_clk/Z (gf180mcu_fd_sc_mcu7t5v0__clkbuf_16)
                                                         clknet_1_0__leaf_clk (net)
                      0.085435    0.000023    0.447455 ^ _223_/CLK (gf180mcu_fd_sc_mcu7t5v0__dffrnq_1)
     7    0.032215    0.580799    1.141354    1.588809 ^ _223_/Q (gf180mcu_fd_sc_mcu7t5v0__dffrnq_1)
                                                         net124 (net)
                      0.580799    0.000047    1.588857 ^ output124/I (gf180mcu_fd_sc_mcu7t5v0__dlyb_1)
     1    0.020719    0.409670    1.061862    2.650719 ^ output124/Z (gf180mcu_fd_sc_mcu7t5v0__dlyb_1)
                                                         busy_o (net)
                      0.409670    0.000063    2.650782 ^ busy_o (out)
                                              2.650782   data arrival time

                                 16.000000   16.000000   clock clk (rise edge)
                                  0.000000   16.000000   clock network delay (propagated)
                                 -0.250000   15.750001   clock uncertainty
                                  0.000000   15.750001   clock reconvergence pessimism
                                 -3.200000   12.550000   output external delay
                                             12.550000   data required time
---------------------------------------------------------------------------------------------
                                             12.550000   data required time
                                             -2.650782   data arrival time
---------------------------------------------------------------------------------------------
                                              9.899219   slack (MET)


Startpoint: _225_ (rising edge-triggered flip-flop clocked by clk)
Endpoint: job_done_o (output port clocked by clk)
Path Group: clk
Path Type: max

Fanout         Cap        Slew       Delay        Time   Description
---------------------------------------------------------------------------------------------
                                  0.000000    0.000000   clock clk (rise edge)
                                  0.000000    0.000000   clock source latency
     1    0.024347    0.000000    0.000000    0.000000 ^ clk (in)
                                                         clk (net)
                      0.000306    0.000125    0.000125 ^ clkbuf_0_clk/I (gf180mcu_fd_sc_mcu7t5v0__clkbuf_16)
     2    0.046520    0.111902    0.224210    0.224335 ^ clkbuf_0_clk/Z (gf180mcu_fd_sc_mcu7t5v0__clkbuf_16)
                                                         clknet_0_clk (net)
                      0.111902    0.000140    0.224475 ^ clkbuf_1_0__f_clk/I (gf180mcu_fd_sc_mcu7t5v0__clkbuf_16)
     4    0.016737    0.085435    0.222957    0.447432 ^ clkbuf_1_0__f_clk/Z (gf180mcu_fd_sc_mcu7t5v0__clkbuf_16)
                                                         clknet_1_0__leaf_clk (net)
                      0.085435    0.000023    0.447456 ^ _225_/CLK (gf180mcu_fd_sc_mcu7t5v0__dffrnq_1)
     1    0.006858    0.201712    0.896107    1.343562 ^ _225_/Q (gf180mcu_fd_sc_mcu7t5v0__dffrnq_1)
                                                         net134 (net)
                      0.201712    0.000089    1.343652 ^ output134/I (gf180mcu_fd_sc_mcu7t5v0__dlyb_1)
     1    0.022355    0.422883    1.055055    2.398707 ^ output134/Z (gf180mcu_fd_sc_mcu7t5v0__dlyb_1)
                                                         job_done_o (net)
                      0.422883    0.000224    2.398932 ^ job_done_o (out)
                                              2.398932   data arrival time

                                 16.000000   16.000000   clock clk (rise edge)
                                  0.000000   16.000000   clock network delay (propagated)
                                 -0.250000   15.750001   clock uncertainty
                                  0.000000   15.750001   clock reconvergence pessimism
                                 -3.200000   12.550000   output external delay
                                             12.550000   data required time
---------------------------------------------------------------------------------------------
                                             12.550000   data required time
                                             -2.398932   data arrival time
---------------------------------------------------------------------------------------------
                                             10.151069   slack (MET)


Startpoint: _224_ (rising edge-triggered flip-flop clocked by clk)
Endpoint: transaction_done_o (output port clocked by clk)
Path Group: clk
Path Type: max

Fanout         Cap        Slew       Delay        Time   Description
---------------------------------------------------------------------------------------------
                                  0.000000    0.000000   clock clk (rise edge)
                                  0.000000    0.000000   clock source latency
     1    0.024347    0.000000    0.000000    0.000000 ^ clk (in)
                                                         clk (net)
                      0.000306    0.000125    0.000125 ^ clkbuf_0_clk/I (gf180mcu_fd_sc_mcu7t5v0__clkbuf_16)
     2    0.046520    0.111902    0.224210    0.224335 ^ clkbuf_0_clk/Z (gf180mcu_fd_sc_mcu7t5v0__clkbuf_16)
                                                         clknet_0_clk (net)
                      0.111902    0.000140    0.224475 ^ clkbuf_1_0__f_clk/I (gf180mcu_fd_sc_mcu7t5v0__clkbuf_16)
     4    0.016737    0.085435    0.222957    0.447432 ^ clkbuf_1_0__f_clk/Z (gf180mcu_fd_sc_mcu7t5v0__clkbuf_16)
                                                         clknet_1_0__leaf_clk (net)
                      0.085435    0.000025    0.447457 ^ _224_/CLK (gf180mcu_fd_sc_mcu7t5v0__dffrnq_1)
     1    0.006086    0.190517    0.887662    1.335119 ^ _224_/Q (gf180mcu_fd_sc_mcu7t5v0__dffrnq_1)
                                                         net136 (net)
                      0.190517    0.000070    1.335189 ^ output136/I (gf180mcu_fd_sc_mcu7t5v0__dlyb_1)
     1    0.022033    0.417922    1.050892    2.386082 ^ output136/Z (gf180mcu_fd_sc_mcu7t5v0__dlyb_1)
                                                         transaction_done_o (net)
                      0.417922    0.000197    2.386278 ^ transaction_done_o (out)
                                              2.386278   data arrival time

                                 16.000000   16.000000   clock clk (rise edge)
                                  0.000000   16.000000   clock network delay (propagated)
                                 -0.250000   15.750001   clock uncertainty
                                  0.000000   15.750001   clock reconvergence pessimism
                                 -3.200000   12.550000   output external delay
                                             12.550000   data required time
---------------------------------------------------------------------------------------------
                                             12.550000   data required time
                                             -2.386278   data arrival time
---------------------------------------------------------------------------------------------
                                             10.163723   slack (MET)


Startpoint: rst_n (input port clocked by clk)
Endpoint: _220_ (recovery check against rising-edge clock clk)
Path Group: asynchronous
Path Type: max

Fanout         Cap        Slew       Delay        Time   Description
---------------------------------------------------------------------------------------------
                                  0.000000    0.000000   clock clk (rise edge)
                                  0.000000    0.000000   clock network delay (propagated)
                                  3.200000    3.200000 ^ input external delay
     1    0.003609    0.050141    0.009535    3.209535 ^ rst_n (in)
                                                         rst_n (net)
                      0.050141    0.000000    3.209535 ^ input123/I (gf180mcu_fd_sc_mcu7t5v0__dlyb_1)
     7    0.056860    0.995536    1.350989    4.560524 ^ input123/Z (gf180mcu_fd_sc_mcu7t5v0__dlyb_1)
                                                         net123 (net)
                      0.995536    0.000278    4.560802 ^ _220_/RN (gf180mcu_fd_sc_mcu7t5v0__dffrnq_1)
                                              4.560802   data arrival time

                                 16.000000   16.000000   clock clk (rise edge)
                                  0.000000   16.000000   clock source latency
     1    0.024347    0.000000    0.000000   16.000000 ^ clk (in)
                                                         clk (net)
                      0.000306    0.000124   16.000124 ^ clkbuf_0_clk/I (gf180mcu_fd_sc_mcu7t5v0__clkbuf_16)
     2    0.046520    0.111902    0.224210   16.224335 ^ clkbuf_0_clk/Z (gf180mcu_fd_sc_mcu7t5v0__clkbuf_16)
                                                         clknet_0_clk (net)
                      0.111902    0.000140   16.224474 ^ clkbuf_1_0__f_clk/I (gf180mcu_fd_sc_mcu7t5v0__clkbuf_16)
     4    0.016737    0.085435    0.222958   16.447432 ^ clkbuf_1_0__f_clk/Z (gf180mcu_fd_sc_mcu7t5v0__clkbuf_16)
                                                         clknet_1_0__leaf_clk (net)
                      0.085435    0.000041   16.447474 ^ _220_/CLK (gf180mcu_fd_sc_mcu7t5v0__dffrnq_1)
                                 -0.250000   16.197474   clock uncertainty
                                  0.000000   16.197474   clock reconvergence pessimism
                                  0.055641   16.253115   library recovery time
                                             16.253115   data required time
---------------------------------------------------------------------------------------------
                                             16.253115   data required time
                                             -4.560802   data arrival time
---------------------------------------------------------------------------------------------
                                             11.692312   slack (MET)


Startpoint: rst_n (input port clocked by clk)
Endpoint: _225_ (recovery check against rising-edge clock clk)
Path Group: asynchronous
Path Type: max

Fanout         Cap        Slew       Delay        Time   Description
---------------------------------------------------------------------------------------------
                                  0.000000    0.000000   clock clk (rise edge)
                                  0.000000    0.000000   clock network delay (propagated)
                                  3.200000    3.200000 ^ input external delay
     1    0.003609    0.050141    0.009535    3.209535 ^ rst_n (in)
                                                         rst_n (net)
                      0.050141    0.000000    3.209535 ^ input123/I (gf180mcu_fd_sc_mcu7t5v0__dlyb_1)
     7    0.056860    0.995536    1.350989    4.560524 ^ input123/Z (gf180mcu_fd_sc_mcu7t5v0__dlyb_1)
                                                         net123 (net)
                      0.995536    0.000273    4.560797 ^ _225_/RN (gf180mcu_fd_sc_mcu7t5v0__dffrnq_1)
                                              4.560797   data arrival time

                                 16.000000   16.000000   clock clk (rise edge)
                                  0.000000   16.000000   clock source latency
     1    0.024347    0.000000    0.000000   16.000000 ^ clk (in)
                                                         clk (net)
                      0.000306    0.000124   16.000124 ^ clkbuf_0_clk/I (gf180mcu_fd_sc_mcu7t5v0__clkbuf_16)
     2    0.046520    0.111902    0.224210   16.224335 ^ clkbuf_0_clk/Z (gf180mcu_fd_sc_mcu7t5v0__clkbuf_16)
                                                         clknet_0_clk (net)
                      0.111902    0.000140   16.224474 ^ clkbuf_1_0__f_clk/I (gf180mcu_fd_sc_mcu7t5v0__clkbuf_16)
     4    0.016737    0.085435    0.222958   16.447432 ^ clkbuf_1_0__f_clk/Z (gf180mcu_fd_sc_mcu7t5v0__clkbuf_16)
                                                         clknet_1_0__leaf_clk (net)
                      0.085435    0.000023   16.447456 ^ _225_/CLK (gf180mcu_fd_sc_mcu7t5v0__dffrnq_1)
                                 -0.250000   16.197456   clock uncertainty
                                  0.000000   16.197456   clock reconvergence pessimism
                                  0.055641   16.253098   library recovery time
                                             16.253098   data required time
---------------------------------------------------------------------------------------------
                                             16.253098   data required time
                                             -4.560797   data arrival time
---------------------------------------------------------------------------------------------
                                             11.692301   slack (MET)


Startpoint: rst_n (input port clocked by clk)
Endpoint: _223_ (recovery check against rising-edge clock clk)
Path Group: asynchronous
Path Type: max

Fanout         Cap        Slew       Delay        Time   Description
---------------------------------------------------------------------------------------------
                                  0.000000    0.000000   clock clk (rise edge)
                                  0.000000    0.000000   clock network delay (propagated)
                                  3.200000    3.200000 ^ input external delay
     1    0.003609    0.050141    0.009535    3.209535 ^ rst_n (in)
                                                         rst_n (net)
                      0.050141    0.000000    3.209535 ^ input123/I (gf180mcu_fd_sc_mcu7t5v0__dlyb_1)
     7    0.056860    0.995536    1.350989    4.560524 ^ input123/Z (gf180mcu_fd_sc_mcu7t5v0__dlyb_1)
                                                         net123 (net)
                      0.995536    0.000252    4.560776 ^ _223_/RN (gf180mcu_fd_sc_mcu7t5v0__dffrnq_1)
                                              4.560776   data arrival time

                                 16.000000   16.000000   clock clk (rise edge)
                                  0.000000   16.000000   clock source latency
     1    0.024347    0.000000    0.000000   16.000000 ^ clk (in)
                                                         clk (net)
                      0.000306    0.000124   16.000124 ^ clkbuf_0_clk/I (gf180mcu_fd_sc_mcu7t5v0__clkbuf_16)
     2    0.046520    0.111902    0.224210   16.224335 ^ clkbuf_0_clk/Z (gf180mcu_fd_sc_mcu7t5v0__clkbuf_16)
                                                         clknet_0_clk (net)
                      0.111902    0.000140   16.224474 ^ clkbuf_1_0__f_clk/I (gf180mcu_fd_sc_mcu7t5v0__clkbuf_16)
     4    0.016737    0.085435    0.222958   16.447432 ^ clkbuf_1_0__f_clk/Z (gf180mcu_fd_sc_mcu7t5v0__clkbuf_16)
                                                         clknet_1_0__leaf_clk (net)
                      0.085435    0.000023   16.447456 ^ _223_/CLK (gf180mcu_fd_sc_mcu7t5v0__dffrnq_1)
                                 -0.250000   16.197456   clock uncertainty
                                  0.000000   16.197456   clock reconvergence pessimism
                                  0.055641   16.253098   library recovery time
                                             16.253098   data required time
---------------------------------------------------------------------------------------------
                                             16.253098   data required time
                                             -4.560776   data arrival time
---------------------------------------------------------------------------------------------
                                             11.692321   slack (MET)


Startpoint: rst_n (input port clocked by clk)
Endpoint: _224_ (recovery check against rising-edge clock clk)
Path Group: asynchronous
Path Type: max

Fanout         Cap        Slew       Delay        Time   Description
---------------------------------------------------------------------------------------------
                                  0.000000    0.000000   clock clk (rise edge)
                                  0.000000    0.000000   clock network delay (propagated)
                                  3.200000    3.200000 ^ input external delay
     1    0.003609    0.050141    0.009535    3.209535 ^ rst_n (in)
                                                         rst_n (net)
                      0.050141    0.000000    3.209535 ^ input123/I (gf180mcu_fd_sc_mcu7t5v0__dlyb_1)
     7    0.056860    0.995536    1.350989    4.560524 ^ input123/Z (gf180mcu_fd_sc_mcu7t5v0__dlyb_1)
                                                         net123 (net)
                      0.995536    0.000152    4.560677 ^ _224_/RN (gf180mcu_fd_sc_mcu7t5v0__dffrnq_1)
                                              4.560677   data arrival time

                                 16.000000   16.000000   clock clk (rise edge)
                                  0.000000   16.000000   clock source latency
     1    0.024347    0.000000    0.000000   16.000000 ^ clk (in)
                                                         clk (net)
                      0.000306    0.000124   16.000124 ^ clkbuf_0_clk/I (gf180mcu_fd_sc_mcu7t5v0__clkbuf_16)
     2    0.046520    0.111902    0.224210   16.224335 ^ clkbuf_0_clk/Z (gf180mcu_fd_sc_mcu7t5v0__clkbuf_16)
                                                         clknet_0_clk (net)
                      0.111902    0.000140   16.224474 ^ clkbuf_1_0__f_clk/I (gf180mcu_fd_sc_mcu7t5v0__clkbuf_16)
     4    0.016737    0.085435    0.222958   16.447432 ^ clkbuf_1_0__f_clk/Z (gf180mcu_fd_sc_mcu7t5v0__clkbuf_16)
                                                         clknet_1_0__leaf_clk (net)
                      0.085435    0.000025   16.447456 ^ _224_/CLK (gf180mcu_fd_sc_mcu7t5v0__dffrnq_1)
                                 -0.250000   16.197458   clock uncertainty
                                  0.000000   16.197458   clock reconvergence pessimism
                                  0.055641   16.253099   library recovery time
                                             16.253099   data required time
---------------------------------------------------------------------------------------------
                                             16.253099   data required time
                                             -4.560677   data arrival time
---------------------------------------------------------------------------------------------
                                             11.692423   slack (MET)


Startpoint: rst_n (input port clocked by clk)
Endpoint: _221_ (recovery check against rising-edge clock clk)
Path Group: asynchronous
Path Type: max

Fanout         Cap        Slew       Delay        Time   Description
---------------------------------------------------------------------------------------------
                                  0.000000    0.000000   clock clk (rise edge)
                                  0.000000    0.000000   clock network delay (propagated)
                                  3.200000    3.200000 ^ input external delay
     1    0.003609    0.050141    0.009535    3.209535 ^ rst_n (in)
                                                         rst_n (net)
                      0.050141    0.000000    3.209535 ^ input123/I (gf180mcu_fd_sc_mcu7t5v0__dlyb_1)
     7    0.056860    0.995536    1.350989    4.560524 ^ input123/Z (gf180mcu_fd_sc_mcu7t5v0__dlyb_1)
                                                         net123 (net)
                      0.995536    0.000157    4.560681 ^ _221_/RN (gf180mcu_fd_sc_mcu7t5v0__dffrnq_1)
                                              4.560681   data arrival time

                                 16.000000   16.000000   clock clk (rise edge)
                                  0.000000   16.000000   clock source latency
     1    0.024347    0.000000    0.000000   16.000000 ^ clk (in)
                                                         clk (net)
                      0.000306    0.000124   16.000124 ^ clkbuf_0_clk/I (gf180mcu_fd_sc_mcu7t5v0__clkbuf_16)
     2    0.046520    0.111902    0.224210   16.224335 ^ clkbuf_0_clk/Z (gf180mcu_fd_sc_mcu7t5v0__clkbuf_16)
                                                         clknet_0_clk (net)
                      0.111902    0.000131   16.224466 ^ clkbuf_1_1__f_clk/I (gf180mcu_fd_sc_mcu7t5v0__clkbuf_16)
     4    0.017557    0.086192    0.223634   16.448101 ^ clkbuf_1_1__f_clk/Z (gf180mcu_fd_sc_mcu7t5v0__clkbuf_16)
                                                         clknet_1_1__leaf_clk (net)
                      0.086192    0.000094   16.448195 ^ _221_/CLK (gf180mcu_fd_sc_mcu7t5v0__dffrnq_1)
                                 -0.250000   16.198195   clock uncertainty
                                  0.000000   16.198195   clock reconvergence pessimism
                                  0.055749   16.253944   library recovery time
                                             16.253944   data required time
---------------------------------------------------------------------------------------------
                                             16.253944   data required time
                                             -4.560681   data arrival time
---------------------------------------------------------------------------------------------
                                             11.693264   slack (MET)


Startpoint: rst_n (input port clocked by clk)
Endpoint: _222_ (recovery check against rising-edge clock clk)
Path Group: asynchronous
Path Type: max

Fanout         Cap        Slew       Delay        Time   Description
---------------------------------------------------------------------------------------------
                                  0.000000    0.000000   clock clk (rise edge)
                                  0.000000    0.000000   clock network delay (propagated)
                                  3.200000    3.200000 ^ input external delay
     1    0.003609    0.050141    0.009535    3.209535 ^ rst_n (in)
                                                         rst_n (net)
                      0.050141    0.000000    3.209535 ^ input123/I (gf180mcu_fd_sc_mcu7t5v0__dlyb_1)
     7    0.056860    0.995536    1.350989    4.560524 ^ input123/Z (gf180mcu_fd_sc_mcu7t5v0__dlyb_1)
                                                         net123 (net)
                      0.995536    0.000145    4.560669 ^ _222_/RN (gf180mcu_fd_sc_mcu7t5v0__dffrnq_1)
                                              4.560669   data arrival time

                                 16.000000   16.000000   clock clk (rise edge)
                                  0.000000   16.000000   clock source latency
     1    0.024347    0.000000    0.000000   16.000000 ^ clk (in)
                                                         clk (net)
                      0.000306    0.000124   16.000124 ^ clkbuf_0_clk/I (gf180mcu_fd_sc_mcu7t5v0__clkbuf_16)
     2    0.046520    0.111902    0.224210   16.224335 ^ clkbuf_0_clk/Z (gf180mcu_fd_sc_mcu7t5v0__clkbuf_16)
                                                         clknet_0_clk (net)
                      0.111902    0.000131   16.224466 ^ clkbuf_1_1__f_clk/I (gf180mcu_fd_sc_mcu7t5v0__clkbuf_16)
     4    0.017557    0.086192    0.223634   16.448101 ^ clkbuf_1_1__f_clk/Z (gf180mcu_fd_sc_mcu7t5v0__clkbuf_16)
                                                         clknet_1_1__leaf_clk (net)
                      0.086192    0.000091   16.448191 ^ _222_/CLK (gf180mcu_fd_sc_mcu7t5v0__dffrnq_1)
                                 -0.250000   16.198193   clock uncertainty
                                  0.000000   16.198193   clock reconvergence pessimism
                                  0.055749   16.253941   library recovery time
                                             16.253941   data required time
---------------------------------------------------------------------------------------------
                                             16.253941   data required time
                                             -4.560669   data arrival time
---------------------------------------------------------------------------------------------
                                             11.693272   slack (MET)


Startpoint: rst_n (input port clocked by clk)
Endpoint: _219_ (recovery check against rising-edge clock clk)
Path Group: asynchronous
Path Type: max

Fanout         Cap        Slew       Delay        Time   Description
---------------------------------------------------------------------------------------------
                                  0.000000    0.000000   clock clk (rise edge)
                                  0.000000    0.000000   clock network delay (propagated)
                                  3.200000    3.200000 ^ input external delay
     1    0.003609    0.050141    0.009535    3.209535 ^ rst_n (in)
                                                         rst_n (net)
                      0.050141    0.000000    3.209535 ^ input123/I (gf180mcu_fd_sc_mcu7t5v0__dlyb_1)
     7    0.056860    0.995536    1.350989    4.560524 ^ input123/Z (gf180mcu_fd_sc_mcu7t5v0__dlyb_1)
                                                         net123 (net)
                      0.995536    0.000045    4.560569 ^ _219_/RN (gf180mcu_fd_sc_mcu7t5v0__dffrnq_1)
                                              4.560569   data arrival time

                                 16.000000   16.000000   clock clk (rise edge)
                                  0.000000   16.000000   clock source latency
     1    0.024347    0.000000    0.000000   16.000000 ^ clk (in)
                                                         clk (net)
                      0.000306    0.000124   16.000124 ^ clkbuf_0_clk/I (gf180mcu_fd_sc_mcu7t5v0__clkbuf_16)
     2    0.046520    0.111902    0.224210   16.224335 ^ clkbuf_0_clk/Z (gf180mcu_fd_sc_mcu7t5v0__clkbuf_16)
                                                         clknet_0_clk (net)
                      0.111902    0.000131   16.224466 ^ clkbuf_1_1__f_clk/I (gf180mcu_fd_sc_mcu7t5v0__clkbuf_16)
     4    0.017557    0.086192    0.223634   16.448101 ^ clkbuf_1_1__f_clk/Z (gf180mcu_fd_sc_mcu7t5v0__clkbuf_16)
                                                         clknet_1_1__leaf_clk (net)
                      0.086192    0.000092   16.448193 ^ _219_/CLK (gf180mcu_fd_sc_mcu7t5v0__dffrnq_1)
                                 -0.250000   16.198193   clock uncertainty
                                  0.000000   16.198193   clock reconvergence pessimism
                                  0.055749   16.253942   library recovery time
                                             16.253942   data required time
---------------------------------------------------------------------------------------------
                                             16.253942   data required time
                                             -4.560569   data arrival time
---------------------------------------------------------------------------------------------
                                             11.693374   slack (MET)



