Starting…
Gating variable for step 'Verilator.Lint' set to 'False'- the step will be skipped.
Skipping step 'Verilator Lint'…
Gating variable for step 'Checker.LintTimingConstructs' set to 'False'- the step will be skipped.
Skipping step 'Lint Timing Error Checker'…
Gating variable for step 'Checker.LintErrors' set to 'False'- the step will be skipped.
Skipping step 'Lint Errors Checker'…
Gating variable for step 'Checker.LintWarnings' set to 'False'- the step will be skipped.
Skipping step 'Lint Warnings Checker'…
Running 'Yosys.JsonHeader' at 'physical/librelane/runs/butterfold_top_9t_pdn_fix_m3m4/01-yosys-jsonheader'…
Logging subprocess to [repr.filename]'physical/librelane/runs/butterfold_top_9t_pdn_fix_m3m4/01-yosys-jsonheader/yosys-jsonheader.log'[/repr.filename]…
Running 'Yosys.Synthesis' at 'physical/librelane/runs/butterfold_top_9t_pdn_fix_m3m4/02-yosys-synthesis'…
Logging subprocess to [repr.filename]'physical/librelane/runs/butterfold_top_9t_pdn_fix_m3m4/02-yosys-synthesis/yosys-synthesis.log'[/repr.filename]…
Parsing synthesis checks…
Running 'Checker.YosysUnmappedCells' at 'physical/librelane/runs/butterfold_top_9t_pdn_fix_m3m4/03-checker-yosysunmappedcells'…
Check for Unmapped Yosys instances clear.
Running 'Checker.YosysSynthChecks' at 'physical/librelane/runs/butterfold_top_9t_pdn_fix_m3m4/04-checker-yosyssynthchecks'…
697 Yosys check errors found.
Running 'Checker.NetlistAssignStatements' at 'physical/librelane/runs/butterfold_top_9t_pdn_fix_m3m4/05-checker-netlistassignstatements'…
Running 'OpenROAD.CheckSDCFiles' at 'physical/librelane/runs/butterfold_top_9t_pdn_fix_m3m4/06-openroad-checksdcfiles'…
Running 'OpenROAD.CheckMacroInstances' at 'physical/librelane/runs/butterfold_top_9t_pdn_fix_m3m4/07-openroad-checkmacroinstances'…
Logging subprocess to [repr.filename]'physical/librelane/runs/butterfold_top_9t_pdn_fix_m3m4/07-openroad-checkmacroinstances/openroad-checkmacroinstances.log'[/repr.filename]…
Running 'OpenROAD.STAPrePNR' at 'physical/librelane/runs/butterfold_top_9t_pdn_fix_m3m4/08-openroad-staprepnr'…
Starting STA for the nom_tt_025C_5v00 timing corner…
Starting STA for the nom_ss_125C_4v50 timing corner…
Starting STA for the nom_ff_n40C_5v50 timing corner…
Skipping corner min_tt_025C_5v00 for STA (identical to nom_tt_025C_5v00 at this stage)…
Logging subprocess to [repr.filename]'physical/librelane/runs/butterfold_top_9t_pdn_fix_m3m4/08-openroad-staprepnr/nom_ss_125C_4v50/sta.log'[/repr.filename]…
Skipping corner min_ss_125C_4v50 for STA (identical to nom_ss_125C_4v50 at this stage)…
Skipping corner min_ff_n40C_5v50 for STA (identical to nom_ff_n40C_5v50 at this stage)…
Skipping corner max_tt_025C_5v00 for STA (identical to nom_tt_025C_5v00 at this stage)…
Skipping corner max_ss_125C_4v50 for STA (identical to nom_ss_125C_4v50 at this stage)…
Skipping corner max_ff_n40C_5v50 for STA (identical to nom_ff_n40C_5v50 at this stage)…
Logging subprocess to [repr.filename]'physical/librelane/runs/butterfold_top_9t_pdn_fix_m3m4/08-openroad-staprepnr/nom_tt_025C_5v00/sta.log'[/repr.filename]…
Logging subprocess to [repr.filename]'physical/librelane/runs/butterfold_top_9t_pdn_fix_m3m4/08-openroad-staprepnr/nom_ff_n40C_5v50/sta.log'[/repr.filename]…
Finished STA for the nom_tt_025C_5v00 timing corner.
Finished STA for the nom_ff_n40C_5v50 timing corner.
Finished STA for the nom_ss_125C_4v50 timing corner.
Running 'OpenROAD.Floorplan' at 'physical/librelane/runs/butterfold_top_9t_pdn_fix_m3m4/09-openroad-floorplan'…
Logging subprocess to [repr.filename]'physical/librelane/runs/butterfold_top_9t_pdn_fix_m3m4/09-openroad-floorplan/openroad-floorplan.log'[/repr.filename]…
Running 'OpenROAD.DumpRCValues' at 'physical/librelane/runs/butterfold_top_9t_pdn_fix_m3m4/10-openroad-dumprcvalues'…
Logging subprocess to [repr.filename]'physical/librelane/runs/butterfold_top_9t_pdn_fix_m3m4/10-openroad-dumprcvalues/openroad-dumprcvalues.log'[/repr.filename]…
Running 'Odb.CheckMacroAntennaProperties' at 'physical/librelane/runs/butterfold_top_9t_pdn_fix_m3m4/11-odb-checkmacroantennaproperties'…
Logging subprocess to [repr.filename]'physical/librelane/runs/butterfold_top_9t_pdn_fix_m3m4/11-odb-checkmacroantennaproperties/odb-checkmacroantennaproperties.log'[/repr.filename]…
Cell 'gf180mcu_fd_ip_sram__sram256x8m8wm1' has (9) input pin(s) without antenna gate information. They might not be connected to a gate.
Running 'Odb.SetPowerConnections' at 'physical/librelane/runs/butterfold_top_9t_pdn_fix_m3m4/12-odb-setpowerconnections'…
Logging subprocess to [repr.filename]'physical/librelane/runs/butterfold_top_9t_pdn_fix_m3m4/12-odb-setpowerconnections/odb-setpowerconnections.log'[/repr.filename]…
Running 'Odb.ManualMacroPlacement' at 'physical/librelane/runs/butterfold_top_9t_pdn_fix_m3m4/13-odb-manualmacroplacement'…
Logging subprocess to [repr.filename]'physical/librelane/runs/butterfold_top_9t_pdn_fix_m3m4/13-odb-manualmacroplacement/odb-manualmacroplacement.log'[/repr.filename]…
Running 'OpenROAD.CutRows' at 'physical/librelane/runs/butterfold_top_9t_pdn_fix_m3m4/14-openroad-cutrows'…
Logging subprocess to [repr.filename]'physical/librelane/runs/butterfold_top_9t_pdn_fix_m3m4/14-openroad-cutrows/openroad-cutrows.log'[/repr.filename]…
Running 'OpenROAD.TapEndcapInsertion' at 'physical/librelane/runs/butterfold_top_9t_pdn_fix_m3m4/15-openroad-tapendcapinsertion'…
Logging subprocess to [repr.filename]'physical/librelane/runs/butterfold_top_9t_pdn_fix_m3m4/15-openroad-tapendcapinsertion/openroad-tapendcapinsertion.log'[/repr.filename]…
Running 'Odb.AddPDNObstructions' at 'physical/librelane/runs/butterfold_top_9t_pdn_fix_m3m4/16-odb-addpdnobstructions'…
'PDN_OBSTRUCTIONS' is not defined. Skipping 'Odb.AddPDNObstructions'…
Running 'OpenROAD.GeneratePDN' at 'physical/librelane/runs/butterfold_top_9t_pdn_fix_m3m4/17-openroad-generatepdn'…
'PDN_CFG' not explicitly set, setting it to /usr/local/lib/python3.12/dist-packages/librelane/scripts/openroad/common/pdn_cfg.tcl…
Logging subprocess to [repr.filename]'physical/librelane/runs/butterfold_top_9t_pdn_fix_m3m4/17-openroad-generatepdn/openroad-generatepdn.log'[/repr.filename]…
[PDN-0178] Remaining channel (6.7200, 19.8600) - (1086.9600, 715.9800) on Metal1 for nets: VDD, VSS
[PDN-0178] Remaining channel (6.7200, 715.9800) - (40.8800, 1063.1400) on Metal1 for nets: VDD, VSS
[PDN-0178] Remaining channel (6.7200, 1063.1400) - (1086.9600, 1099.0200) on Metal1 for nets: VDD, VSS
[PDN-0178] Remaining channel (493.3600, 715.9800) - (520.8000, 1063.1400) on Metal1 for nets: VDD, VSS
[PDN-0178] Remaining channel (973.2800, 715.9800) - (1086.9600, 1063.1400) on Metal1 for nets: VDD, VSS
[PDN-0179] Unable to repair all channels.
