Clock: core_clk
Sources: clk 
Generated: no
Virtual: yes
Propagated: no
Period: 20.000000

===========================================================================
report_clock_properties
============================================================================
Clock                   Period          Waveform
----------------------------------------------------
core_clk             20.000000    0.000000 10.000000

===========================================================================
report_clock_latency
============================================================================
Clock core_clk
rise -> rise
    min     max
0.000000 0.000000 source latency
1.215645         network latency u_transform_scheduler_core.u_fft_scratch_sram.u_hi.u_sram/CLK
        1.406436 network latency _19492_/CLK
---------------
1.215645 1.406436 latency
        0.190792 skew

fall -> fall
    min     max
0.000000 0.000000 source latency
1.189927         network latency u_transform_scheduler_core.u_fft_scratch_sram.u_hi.u_sram/CLK
        1.415931 network latency _19492_/CLK
---------------
1.189927 1.415931 latency
        0.226003 skew



===========================================================================
report_clock_min_period
============================================================================
core_clk period_min = 11.16 fmax = 89.62
