ECO_SRC /headless/aravindustries-repos/butterfold/butterfold_proto/physical/results/d03_ach_candidate/co6a36/butterfold_top_co6a36.odb
[INFO ODB-0388] unsupported LEF58_EOLENCLOSURE property for layer Via1 :"
  	EOLENCLOSURE 0.34 0.06 ;"
[INFO ODB-0388] unsupported LEF58_EOLENCLOSURE property for layer Via2 :" EOLENCLOSURE 0.34 0.06 ; "
[INFO ODB-0388] unsupported LEF58_EOLENCLOSURE property for layer Via3 :" EOLENCLOSURE 0.34 0.06 ; "
[INFO ODB-0388] unsupported LEF58_EOLENCLOSURE property for layer Via4 :" EOLENCLOSURE 0.34 0.06 ; "
[INFO ODB-0227] LEF file: /foss/pdks/gf180mcuD/libs.ref/gf180mcu_fd_sc_mcu9t5v0/techlef/gf180mcu_fd_sc_mcu9t5v0__nom.tlef, created 15 layers, 56 vias
[WARNING ODB-0220] WARNING (LEFPARS-2008): NOWIREEXTENSIONATPIN statement is obsolete in version 5.6 or later.
The NOWIREEXTENSIONATPIN statement will be ignored. See file /foss/pdks/gf180mcuD/libs.ref/gf180mcu_fd_sc_mcu9t5v0/lef/gf180mcu_fd_sc_mcu9t5v0.lef at line 2.

[INFO ODB-0227] LEF file: /foss/pdks/gf180mcuD/libs.ref/gf180mcu_fd_sc_mcu9t5v0/lef/gf180mcu_fd_sc_mcu9t5v0.lef, created 229 library cells
[WARNING ODB-0220] WARNING (LEFPARS-2008): NOWIREEXTENSIONATPIN statement is obsolete in version 5.6 or later.
The NOWIREEXTENSIONATPIN statement will be ignored. See file /foss/pdks/gf180mcuD/libs.ref/gf180mcu_fd_ip_sram/lef/gf180mcu_fd_ip_sram__sram256x8m8wm1.lef at line 2.

[INFO ODB-0227] LEF file: /foss/pdks/gf180mcuD/libs.ref/gf180mcu_fd_ip_sram/lef/gf180mcu_fd_ip_sram__sram256x8m8wm1.lef, created 1 library cells
[INFO ORD-0030] Using 22 thread(s).
PLACE_RC
BEFORE
wns max 0.00
tns max 0.00
REPAIR_DESIGN
Iteration |   Area    | Resized | Buffers | Nets repaired | Remaining
---------------------------------------------------------------------
        0 |     +0.0% |       0 |       0 |             0 |     11571
[WARNING ODB-1211] InsertBufferBeforeLoads: Load pin '_11366_/B2' is dont_touch. Cannot insert a buffer.
[ERROR RSZ-3006] Failed to insert buffer before loads for net _05944_
REPAIR_DESIGN_WARN RSZ-3006
REPAIR_TIMING
[INFO RSZ-0100] Repair move sequence: UnbufferMove SizeUpMove SwapPinsMove BufferMove CloneMove SplitLoadMove 
[INFO RSZ-0094] Found 970 endpoints with setup violations.
[INFO RSZ-0099] Repairing 970 out of 970 (100.00%) violating endpoints...
   Iter   | Removed | Resized | Inserted | Cloned |  Pin  |   Area   |    WNS   |   StTNS    |   EnTNS    |  Viol  |  Worst  
          | Buffers |  Gates  | Buffers  |  Gates | Swaps |          |          |            |            | Endpts | St/EnPt 
------------------------------------------------------------------------------------------------------------------------------
       0* |       0 |       0 |        0 |      0 |     0 |    +0.0% |  -43.428 |    -2878.4 |   -22786.9 |    970 | _18728_/D
    1200* |      25 |     258 |       15 |      1 |    35 |    -0.3% |   -1.560 |      -22.1 |      -23.9 |    970 | _19172_/D
    1200+ |      25 |     258 |       15 |      1 |    35 |    -0.3% |   -1.560 |      -22.1 |      -23.9 |     58 | _19172_/D
    final |      25 |     269 |       15 |      1 |    35 |    -0.4% |    0.450 |        0.0 |        0.0 |      0 | _18465_/D
------------------------------------------------------------------------------------------------------------------------------
[INFO RSZ-0059] Removed 25 buffers.
[INFO RSZ-0040] Inserted 15 buffers.
[INFO RSZ-0051] Resized 269 instances: 269 up, 0 up match, 0 down, 0 VT
[INFO RSZ-0043] Swapped pins on 35 instances.
[INFO RSZ-0049] Cloned 1 instances.
AFTER_PLACEMENT
wns max 0.00
tns max 0.00
RESET_VISIBLE
Iteration |   Area    | Resized | Buffers | Nets repaired | Remaining
---------------------------------------------------------------------
        0 |     +0.0% |       0 |       0 |             0 |     11892
[WARNING ODB-1211] InsertBufferBeforeLoads: Load pin '_11366_/B2' is dont_touch. Cannot insert a buffer.
[ERROR RSZ-3006] Failed to insert buffer before loads for net _05944_
REPAIR_DESIGN_RESET_WARN RSZ-3006
[INFO RSZ-0100] Repair move sequence: UnbufferMove SizeUpMove SwapPinsMove BufferMove CloneMove SplitLoadMove 
[INFO RSZ-0098] No setup violations found
AFTER_RESET
wns max 0.00
tns max 0.00
LEGALIZE
[INFO DPL-0006] Core area: 1790507.98 um^2, Instances area: 793862.67 um^2, Utilization: 44.3%
[INFO DPL-0005] Diamond search max displacement: +/- 142 sites horizontally, +/- 23 rows vertically.
[INFO DPL-1101] Legalizing using diamond search.
setInitialGridCells()
Movements Summary
---------------------------------------
Total cells:                     517
Diamond Move Success:            513 ( 99.23%)
Diamond Move Failure:              4
Rip-up and replace Success:        1 ( 25.00% of diamond failures)
Rip-up and replace Failure:        3
Total Placement Failures:          7
---------------------------------------
[INFO DPL-0034] Detailed placement failed on the following 7 instances:
[INFO DPL-0035]  _19752_
[INFO DPL-0035]  clkload0
[INFO DPL-0035]  _18708_
[INFO DPL-0035]  fanout381
[INFO DPL-0035]  max_cap59
[INFO DPL-0035]  rebuffer232
[INFO DPL-0035]  rebuffer575
[ERROR DPL-0036] Detailed placement failed inside DPL.
LEGALIZE_WARN DPL-0036
[INFO DPL-0006] Core area: 1790507.98 um^2, Instances area: 793862.67 um^2, Utilization: 44.3%
[INFO DPL-0005] Diamond search max displacement: +/- 500 sites horizontally, +/- 100 rows vertically.
[INFO DPL-1101] Legalizing using diamond search.
Movements Summary
---------------------------------------
Total cells:                   19192
Diamond Move Success:          19192 (100.00%)
Diamond Move Failure:              0
Rip-up and replace Success:        0 (  0.00% of diamond failures)
Rip-up and replace Failure:        0
Total Placement Failures:          0
---------------------------------------
Placement Analysis
---------------------------------
total displacement      15362.5 u
average displacement        0.8 u
max displacement           58.2 u
original HPWL          976913.8 u
legalized HPWL         977396.6 u
delta HPWL                    0 %

[WARNING DPL-0005] Overlap check failed (4).
[ERROR DPL-0033] detailed placement checks failed during check placement.
PLACE_BAD
INST 20143
REROUTE
[INFO GRT-0020] Min routing layer: Metal2
[INFO GRT-0021] Max routing layer: Metal5
[INFO GRT-0022] Global adjustment: 0%
[INFO GRT-0023] Grid origin: (0, 0)
[INFO GRT-0088] Layer Metal1  Track-Pitch = 0.5600  line-2-Via Pitch: 0.4750
[INFO GRT-0088] Layer Metal2  Track-Pitch = 0.5600  line-2-Via Pitch: 0.5600
[INFO GRT-0088] Layer Metal3  Track-Pitch = 0.5600  line-2-Via Pitch: 0.5600
[INFO GRT-0088] Layer Metal4  Track-Pitch = 0.5600  line-2-Via Pitch: 0.5600
[INFO GRT-0088] Layer Metal5  Track-Pitch = 0.9000  line-2-Via Pitch: 0.8200
[INFO GRT-0003] Macros: 2
[INFO GRT-0004] Blockages: 4
[INFO GRT-0019] Found 103 clock nets.
[WARNING GRT-0281] Net rst_n has a large fanout of 1461 terminals.
[INFO GRT-0001] Minimum degree: 2
[INFO GRT-0002] Maximum degree: 1461

[INFO GRT-0053] Routing resources analysis:
          Routing      Original      Derated      Resource
Layer     Direction    Resources     Resources    Reduction (%)
---------------------------------------------------------------
Metal1     Horizontal          0             0          0.00%
Metal2     Vertical       322362        214959          33.32%
Metal3     Horizontal     326755        217616          33.40%
Metal4     Vertical       382608        255136          33.32%
Metal5     Horizontal     237634        160213          32.58%
---------------------------------------------------------------

[INFO GRT-0197] Via related to pin nodes: 81999
[INFO GRT-0198] Via related Steiner nodes: 2810
[INFO GRT-0199] Via filling finished.
[INFO GRT-0111] Final number of vias: 105751
[INFO GRT-0112] Final usage 3D: 454515

[INFO GRT-0096] Final congestion report:
Layer         Resource        Demand        Usage (%)    Max H / Max V / Total Overflow
---------------------------------------------------------------------------------------
Metal1               0             0            0.00%             0 /  0 /  0
Metal2          214959         57537           26.77%             0 /  0 /  0
Metal3          217616         47796           21.96%             0 /  0 /  0
Metal4          255136         28913           11.33%             0 /  0 /  0
Metal5          160213          3016            1.88%             0 /  0 /  0
---------------------------------------------------------------------------------------
Total           847924        137262           16.19%             0 /  0 /  0

[INFO GRT-0018] Total wirelength: 1508463 um
[INFO GRT-0014] Routed nets: 11812
[INFO GRT-0303] Global routing runtime = 00:00:03
GRT_OK
[INFO DRT-0149] Reading tech and libs.
[WARNING DRT-0349] LEF58_ENCLOSURE with no CUTCLASS is not supported. Skipping for layer Via1
[WARNING DRT-0349] LEF58_ENCLOSURE with no CUTCLASS is not supported. Skipping for layer Via1
[WARNING DRT-0349] LEF58_ENCLOSURE with no CUTCLASS is not supported. Skipping for layer Via2
[WARNING DRT-0349] LEF58_ENCLOSURE with no CUTCLASS is not supported. Skipping for layer Via2
[WARNING DRT-0349] LEF58_ENCLOSURE with no CUTCLASS is not supported. Skipping for layer Via3
[WARNING DRT-0349] LEF58_ENCLOSURE with no CUTCLASS is not supported. Skipping for layer Via3
[WARNING DRT-0349] LEF58_ENCLOSURE with no CUTCLASS is not supported. Skipping for layer Via4
[WARNING DRT-0349] LEF58_ENCLOSURE with no CUTCLASS is not supported. Skipping for layer Via4

Units:                2000
Number of layers:     11
Number of macros:     230
Number of vias:       88
Number of viarulegen: 16

[INFO DRT-0150] Reading design.
[WARNING DRT-0120] Large net rst_n has 1461 pins which may impact routing performance. Consider optimization.

Design:                   butterfold_top
Die area:                 ( 0 0 ) ( 2220000 3350000 )
Number of track patterns: 10
Number of DEF vias:       0
Number of components:     20143
Number of terminals:      23
Number of snets:          2
Number of nets:           11812

[INFO DRT-0167] List of default vias:
  Layer Via2
    default via: Via2_VH
  Layer Via3
    default via: Via3_HV
  Layer Via4
    default via: Via4_VH
[INFO DRT-0162] Library cell analysis.
[INFO DRT-0163] Instance analysis.
[INFO DRT-0164] Number of unique instances = 195.
[INFO DRT-0168] Init region query.
[INFO DRT-0024]   Complete Poly2.
[INFO DRT-0024]   Complete CON.
[INFO DRT-0024]   Complete Metal1.
[INFO DRT-0024]   Complete Via1.
[INFO DRT-0024]   Complete Metal2.
[INFO DRT-0024]   Complete Via2.
[INFO DRT-0024]   Complete Metal3.
[INFO DRT-0024]   Complete Via3.
[INFO DRT-0024]   Complete Metal4.
[INFO DRT-0024]   Complete Via4.
[INFO DRT-0024]   Complete Metal5.
[INFO DRT-0033] Poly2 shape region query size = 0.
[INFO DRT-0033] CON shape region query size = 0.
[INFO DRT-0033] Metal1 shape region query size = 330974.
[INFO DRT-0033] Via1 shape region query size = 6732.
[INFO DRT-0033] Metal2 shape region query size = 4763.
[INFO DRT-0033] Via2 shape region query size = 6732.
[INFO DRT-0033] Metal3 shape region query size = 5128.
[INFO DRT-0033] Via3 shape region query size = 8232.
[INFO DRT-0033] Metal4 shape region query size = 2524.
[INFO DRT-0033] Via4 shape region query size = 1800.
[INFO DRT-0033] Metal5 shape region query size = 222.
[INFO DRT-0165] Start pin access.
[INFO DRT-0076]   Complete 1000 pins.
[INFO DRT-0078]   Complete 1533 pins.
[INFO DRT-0079]   Complete 100 unique inst patterns.
[INFO DRT-0081]   Complete 189 unique inst patterns.
[INFO DRT-0082]   Complete 10000 groups.
[INFO DRT-0084]   Complete 11887 groups.
#scanned instances     = 20143
#unique  instances     = 195
#stdCellGenAp          = 6524
#stdCellValidPlanarAp  = 0
#stdCellValidViaAp     = 4997
#stdCellPinNoAp        = 0
#stdCellPinCnt         = 42882
#instTermValidViaApCnt = 0
#macroGenAp            = 1120
#macroValidPlanarAp    = 1120
#macroValidViaAp       = 344
#macroNoAp             = 0
[INFO DRT-0166] Complete pin access.
[INFO DRT-0267] cpu time = 00:00:55, elapsed time = 00:00:03, memory = 492.50 (MB), peak = 491.19 (MB)
[INFO DRT-0156] guideIn read 100000 guides.

[INFO DRT-0157] Number of guides:     118523

[INFO DRT-0169] Post process guides.
[INFO DRT-0176] GCELLGRID X 0 DO 132 STEP 16800 ;
[INFO DRT-0177] GCELLGRID Y 0 DO 199 STEP 16800 ;
[INFO DRT-0026]   Complete 100000 origin guides.
[INFO DRT-0028]   Complete Poly2.
[INFO DRT-0028]   Complete CON.
[INFO DRT-0028]   Complete Metal1.
[INFO DRT-0028]   Complete Via1.
[INFO DRT-0028]   Complete Metal2.
[INFO DRT-0028]   Complete Via2.
[INFO DRT-0028]   Complete Metal3.
[INFO DRT-0028]   Complete Via3.
[INFO DRT-0028]   Complete Metal4.
[INFO DRT-0028]   Complete Via4.
[INFO DRT-0028]   Complete Metal5.
[INFO DRT-0178] Init guide query.
[INFO DRT-0035]   Complete Poly2 (guide).
[INFO DRT-0035]   Complete CON (guide).
[INFO DRT-0035]   Complete Metal1 (guide).
[INFO DRT-0035]   Complete Via1 (guide).
[INFO DRT-0035]   Complete Metal2 (guide).
[INFO DRT-0035]   Complete Via2 (guide).
[INFO DRT-0035]   Complete Metal3 (guide).
[INFO DRT-0035]   Complete Via3 (guide).
[INFO DRT-0035]   Complete Metal4 (guide).
[INFO DRT-0035]   Complete Via4 (guide).
[INFO DRT-0035]   Complete Metal5 (guide).
[INFO DRT-0036] Poly2 guide region query size = 0.
[INFO DRT-0036] CON guide region query size = 0.
[INFO DRT-0036] Metal1 guide region query size = 39906.
[INFO DRT-0036] Via1 guide region query size = 0.
[INFO DRT-0036] Metal2 guide region query size = 38311.
[INFO DRT-0036] Via2 guide region query size = 0.
[INFO DRT-0036] Metal3 guide region query size = 19644.
[INFO DRT-0036] Via3 guide region query size = 0.
[INFO DRT-0036] Metal4 guide region query size = 1017.
[INFO DRT-0036] Via4 guide region query size = 0.
[INFO DRT-0036] Metal5 guide region query size = 193.
[INFO DRT-0179] Init gr pin query.
[INFO DRT-0267] cpu time = 00:00:03, elapsed time = 00:00:01, memory = 534.45 (MB), peak = 532.16 (MB)
[INFO DRT-0245] skipped writing guide updates to database.
[INFO DRT-0181] Start track assignment.
[INFO DRT-0184] Done with 39328 vertical wires in 3 frboxes and 59743 horizontal wires in 4 frboxes.
[INFO DRT-0186] Done with 9313 vertical wires in 3 frboxes and 5887 horizontal wires in 4 frboxes.
[INFO DRT-0182] Complete track assignment.
[INFO DRT-0267] cpu time = 00:00:09, elapsed time = 00:00:03, memory = 782.84 (MB), peak = 780.00 (MB)
[INFO DRT-0187] Start routing data preparation.
[INFO DRT-0267] cpu time = 00:00:00, elapsed time = 00:00:00, memory = 806.13 (MB), peak = 803.38 (MB)
[INFO DRT-0194] Start detail routing.
[INFO DRT-0195] Start 0th optimization iteration.
    Completing 10% with 0 violations.
    elapsed time = 00:00:02, memory = 995.56 (MB).
    Completing 20% with 0 violations.
    elapsed time = 00:00:04, memory = 1052.54 (MB).
    Completing 30% with 587 violations.
    elapsed time = 00:00:05, memory = 1059.64 (MB).
    Completing 40% with 587 violations.
    elapsed time = 00:00:09, memory = 1091.63 (MB).
    Completing 50% with 587 violations.
    elapsed time = 00:00:10, memory = 1098.89 (MB).
    Completing 60% with 1114 violations.
    elapsed time = 00:00:13, memory = 1122.32 (MB).
    Completing 70% with 1114 violations.
    elapsed time = 00:00:15, memory = 1138.78 (MB).
    Completing 80% with 1585 violations.
    elapsed time = 00:00:17, memory = 1148.93 (MB).
    Completing 90% with 1585 violations.
    elapsed time = 00:00:20, memory = 1160.77 (MB).
    Completing 100% with 1996 violations.
    elapsed time = 00:00:22, memory = 1167.98 (MB).
[INFO DRT-0199]   Number of violations = 3068.
Viol/Layer      Metal1 Metal2 Metal3 Metal4
Metal Spacing        0    168      6      1
Recheck              6    860    206      0
Short                0   1667    152      2
[INFO DRT-0267] cpu time = 00:06:21, elapsed time = 00:00:24, memory = 1440.80 (MB), peak = 1437.93 (MB)
Total wire length = 1162133 um.
Total wire length on LAYER Metal1 = 0 um.
Total wire length on LAYER Metal2 = 493817 um.
Total wire length on LAYER Metal3 = 400775 um.
Total wire length on LAYER Metal4 = 242697 um.
Total wire length on LAYER Metal5 = 24842 um.
Total number of vias = 91095.
Up-via summary (total 91095):

----------------
  Poly2        0
 Metal1    43553
 Metal2    45237
 Metal3     1923
 Metal4      382
----------------
       91095


[INFO DRT-0195] Start 1st optimization iteration.
    Completing 10% with 3068 violations.
    elapsed time = 00:00:01, memory = 1444.14 (MB).
    Completing 20% with 3068 violations.
    elapsed time = 00:00:03, memory = 1465.07 (MB).
    Completing 30% with 2482 violations.
    elapsed time = 00:00:05, memory = 1479.34 (MB).
    Completing 40% with 2482 violations.
    elapsed time = 00:00:08, memory = 1496.43 (MB).
    Completing 50% with 2482 violations.
    elapsed time = 00:00:09, memory = 1498.02 (MB).
    Completing 60% with 1808 violations.
    elapsed time = 00:00:12, memory = 1498.58 (MB).
    Completing 70% with 1808 violations.
    elapsed time = 00:00:13, memory = 1502.10 (MB).
    Completing 80% with 1382 violations.
    elapsed time = 00:00:16, memory = 1509.48 (MB).
    Completing 90% with 1382 violations.
    elapsed time = 00:00:19, memory = 1518.73 (MB).
    Completing 100% with 799 violations.
    elapsed time = 00:00:21, memory = 1518.73 (MB).
[INFO DRT-0199]   Number of violations = 799.
Viol/Layer      Metal2   Via2 Metal3 Metal4
Cut Spacing          0      1      0      0
Metal Spacing      113      0      5      1
NS Metal             2      0      0      0
Short              640      0     37      0
[INFO DRT-0267] cpu time = 00:05:51, elapsed time = 00:00:22, memory = 1522.63 (MB), peak = 1519.75 (MB)
Total wire length = 1158411 um.
Total wire length on LAYER Metal1 = 0 um.
Total wire length on LAYER Metal2 = 490964 um.
Total wire length on LAYER Metal3 = 399519 um.
Total wire length on LAYER Metal4 = 243128 um.
Total wire length on LAYER Metal5 = 24799 um.
Total number of vias = 90465.
Up-via summary (total 90465):

----------------
  Poly2        0
 Metal1    43570
 Metal2    44493
 Metal3     2027
 Metal4      375
----------------
       90465


[INFO DRT-0195] Start 2nd optimization iteration.
    Completing 10% with 799 violations.
    elapsed time = 00:00:01, memory = 1524.53 (MB).
    Completing 20% with 799 violations.
    elapsed time = 00:00:02, memory = 1530.07 (MB).
    Completing 30% with 757 violations.
    elapsed time = 00:00:03, memory = 1531.89 (MB).
    Completing 40% with 757 violations.
    elapsed time = 00:00:06, memory = 1532.59 (MB).
    Completing 50% with 757 violations.
    elapsed time = 00:00:07, memory = 1532.60 (MB).
    Completing 60% with 719 violations.
    elapsed time = 00:00:08, memory = 1532.60 (MB).
    Completing 70% with 719 violations.
    elapsed time = 00:00:09, memory = 1532.60 (MB).
    Completing 80% with 681 violations.
    elapsed time = 00:00:10, memory = 1533.96 (MB).
    Completing 90% with 681 violations.
    elapsed time = 00:00:13, memory = 1534.75 (MB).
    Completing 100% with 641 violations.
    elapsed time = 00:00:15, memory = 1539.52 (MB).
[INFO DRT-0199]   Number of violations = 641.
Viol/Layer      Metal2 Metal3
Metal Spacing      121      3
Short              501     16
[INFO DRT-0267] cpu time = 00:04:06, elapsed time = 00:00:16, memory = 1542.52 (MB), peak = 1539.34 (MB)
Total wire length = 1157735 um.
Total wire length on LAYER Metal1 = 0 um.
Total wire length on LAYER Metal2 = 490385 um.
Total wire length on LAYER Metal3 = 399129 um.
Total wire length on LAYER Metal4 = 243406 um.
Total wire length on LAYER Metal5 = 24815 um.
Total number of vias = 90504.
Up-via summary (total 90504):

----------------
  Poly2        0
 Metal1    43573
 Metal2    44492
 Metal3     2062
 Metal4      377
----------------
       90504


[INFO DRT-0195] Start 3rd optimization iteration.
    Completing 10% with 641 violations.
    elapsed time = 00:00:00, memory = 1542.52 (MB).
    Completing 20% with 641 violations.
    elapsed time = 00:00:00, memory = 1542.52 (MB).
    Completing 30% with 497 violations.
    elapsed time = 00:00:01, memory = 1542.52 (MB).
    Completing 40% with 497 violations.
    elapsed time = 00:00:02, memory = 1542.52 (MB).
    Completing 50% with 497 violations.
    elapsed time = 00:00:02, memory = 1542.52 (MB).
    Completing 60% with 310 violations.
    elapsed time = 00:00:04, memory = 1543.91 (MB).
    Completing 70% with 310 violations.
    elapsed time = 00:00:05, memory = 1543.91 (MB).
    Completing 80% with 151 violations.
    elapsed time = 00:00:06, memory = 1543.91 (MB).
    Completing 90% with 151 violations.
    elapsed time = 00:00:06, memory = 1543.91 (MB).
    Completing 100% with 3 violations.
    elapsed time = 00:00:07, memory = 1543.91 (MB).
[INFO DRT-0199]   Number of violations = 3.
Viol/Layer      Metal2
Metal Spacing        3
[INFO DRT-0267] cpu time = 00:01:40, elapsed time = 00:00:08, memory = 1543.91 (MB), peak = 1540.71 (MB)
Total wire length = 1157470 um.
Total wire length on LAYER Metal1 = 0 um.
Total wire length on LAYER Metal2 = 482006 um.
Total wire length on LAYER Metal3 = 399660 um.
Total wire length on LAYER Metal4 = 250988 um.
Total wire length on LAYER Metal5 = 24815 um.
Total number of vias = 91259.
Up-via summary (total 91259):

----------------
  Poly2        0
 Metal1    43573
 Metal2    44645
 Metal3     2663
 Metal4      378
----------------
       91259


[INFO DRT-0195] Start 4th guides tiles iteration.
    Completing 50% with 3 violations.
    elapsed time = 00:00:00, memory = 1543.91 (MB).
    Completing 100% with 0 violations.
    elapsed time = 00:00:00, memory = 1543.91 (MB).
[INFO DRT-0199]   Number of violations = 0.
[INFO DRT-0267] cpu time = 00:00:02, elapsed time = 00:00:00, memory = 1543.91 (MB), peak = 1540.71 (MB)
Total wire length = 1157465 um.
Total wire length on LAYER Metal1 = 0 um.
Total wire length on LAYER Metal2 = 481978 um.
Total wire length on LAYER Metal3 = 399657 um.
Total wire length on LAYER Metal4 = 251013 um.
Total wire length on LAYER Metal5 = 24815 um.
Total number of vias = 91256.
Up-via summary (total 91256):

----------------
  Poly2        0
 Metal1    43573
 Metal2    44641
 Metal3     2664
 Metal4      378
----------------
       91256


[INFO DRT-0198] Complete detail routing.
Total wire length = 1157465 um.
Total wire length on LAYER Metal1 = 0 um.
Total wire length on LAYER Metal2 = 481978 um.
Total wire length on LAYER Metal3 = 399657 um.
Total wire length on LAYER Metal4 = 251013 um.
Total wire length on LAYER Metal5 = 24815 um.
Total number of vias = 91256.
Up-via summary (total 91256):

----------------
  Poly2        0
 Metal1    43573
 Metal2    44641
 Metal3     2664
 Metal4      378
----------------
       91256


[INFO DRT-0267] cpu time = 00:18:02, elapsed time = 00:01:11, memory = 1543.98 (MB), peak = 1540.71 (MB)

[INFO DRT-0180] Post processing.
DRT_OK
[INFO ANT-0002] Found 6 net violations.
[INFO ANT-0001] Found 6 pin violations.
[INFO GRT-0020] Min routing layer: Metal2
[INFO GRT-0021] Max routing layer: Metal5
[INFO GRT-0022] Global adjustment: 0%
[INFO GRT-0023] Grid origin: (0, 0)
[INFO GRT-0088] Layer Metal1  Track-Pitch = 0.5600  line-2-Via Pitch: 0.4750
[INFO GRT-0088] Layer Metal2  Track-Pitch = 0.5600  line-2-Via Pitch: 0.5600
[INFO GRT-0088] Layer Metal3  Track-Pitch = 0.5600  line-2-Via Pitch: 0.5600
[INFO GRT-0088] Layer Metal4  Track-Pitch = 0.5600  line-2-Via Pitch: 0.5600
[INFO GRT-0088] Layer Metal5  Track-Pitch = 0.9000  line-2-Via Pitch: 0.8200
[INFO GRT-0003] Macros: 2
[INFO GRT-0004] Blockages: 4
[INFO GRT-0019] Found 103 clock nets.
[WARNING GRT-0281] Net rst_n has a large fanout of 1461 terminals.
[INFO GRT-0001] Minimum degree: 2147483647
[INFO GRT-0002] Maximum degree: 1
[INFO GRT-0006] Repairing antennas, iteration 1.
[INFO GRT-0012] Found 8 antenna violations.
[INFO DPL-0006] Core area: 1790507.98 um^2, Instances area: 793919.11 um^2, Utilization: 44.3%
[INFO DPL-0005] Diamond search max displacement: +/- 500 sites horizontally, +/- 100 rows vertically.
[INFO DPL-1101] Legalizing using diamond search.
Movements Summary
---------------------------------------
Total cells:                       2
Diamond Move Success:              2 (100.00%)
Diamond Move Failure:              0
Rip-up and replace Success:        0 (  0.00% of diamond failures)
Rip-up and replace Failure:        0
Total Placement Failures:          0
---------------------------------------
[INFO GRT-0015] Inserted 10 diodes.
[INFO GRT-0009] rerouting 8 nets.
[INFO GRT-0001] Minimum degree: 4
[INFO GRT-0002] Maximum degree: 20
[WARNING DRT-0120] Large net rst_n has 1461 pins which may impact routing performance. Consider optimization.
[INFO DRT-0024]   Complete Poly2.
[INFO DRT-0024]   Complete CON.
[INFO DRT-0024]   Complete Metal1.
[INFO DRT-0024]   Complete Via1.
[INFO DRT-0024]   Complete Metal2.
[INFO DRT-0024]   Complete Via2.
[INFO DRT-0024]   Complete Metal3.
[INFO DRT-0024]   Complete Via3.
[INFO DRT-0024]   Complete Metal4.
[INFO DRT-0024]   Complete Via4.
[INFO DRT-0024]   Complete Metal5.
[INFO DRT-0165] Start pin access.
[INFO DRT-0076]   Complete 1000 pins.
[INFO DRT-0078]   Complete 1533 pins.
[INFO DRT-0079]   Complete 100 unique inst patterns.
[INFO DRT-0081]   Complete 189 unique inst patterns.
[INFO DRT-0082]   Complete 10000 groups.
[INFO DRT-0084]   Complete 11897 groups.
#scanned instances     = 20153
#unique  instances     = 195
#stdCellGenAp          = 6524
#stdCellValidPlanarAp  = 0
#stdCellValidViaAp     = 4997
#stdCellPinNoAp        = 0
#stdCellPinCnt         = 42882
#instTermValidViaApCnt = 0
#macroGenAp            = 1120
#macroValidPlanarAp    = 1120
#macroValidViaAp       = 344
#macroNoAp             = 0
[INFO DRT-0166] Complete pin access.
[INFO DRT-0267] cpu time = 00:00:57, elapsed time = 00:00:03, memory = 1583.56 (MB), peak = 1704.94 (MB)
[INFO DRT-0156] guideIn read 100000 guides.

[INFO DRT-0157] Number of guides:     118523

[INFO DRT-0169] Post process guides.
[INFO DRT-0176] GCELLGRID X 0 DO 132 STEP 16800 ;
[INFO DRT-0177] GCELLGRID Y 0 DO 199 STEP 16800 ;
[INFO DRT-0026]   Complete 100000 origin guides.
[INFO DRT-0028]   Complete Poly2.
[INFO DRT-0028]   Complete CON.
[INFO DRT-0028]   Complete Metal1.
[INFO DRT-0028]   Complete Via1.
[INFO DRT-0028]   Complete Metal2.
[INFO DRT-0028]   Complete Via2.
[INFO DRT-0028]   Complete Metal3.
[INFO DRT-0028]   Complete Via3.
[INFO DRT-0028]   Complete Metal4.
[INFO DRT-0028]   Complete Via4.
[INFO DRT-0028]   Complete Metal5.
[INFO DRT-0178] Init guide query.
[INFO DRT-0035]   Complete Poly2 (guide).
[INFO DRT-0035]   Complete CON (guide).
[INFO DRT-0035]   Complete Metal1 (guide).
[INFO DRT-0035]   Complete Via1 (guide).
[INFO DRT-0035]   Complete Metal2 (guide).
[INFO DRT-0035]   Complete Via2 (guide).
[INFO DRT-0035]   Complete Metal3 (guide).
[INFO DRT-0035]   Complete Via3 (guide).
[INFO DRT-0035]   Complete Metal4 (guide).
[INFO DRT-0035]   Complete Via4 (guide).
[INFO DRT-0035]   Complete Metal5 (guide).
[INFO DRT-0036] Poly2 guide region query size = 0.
[INFO DRT-0036] CON guide region query size = 0.
[INFO DRT-0036] Metal1 guide region query size = 39914.
[INFO DRT-0036] Via1 guide region query size = 0.
[INFO DRT-0036] Metal2 guide region query size = 38316.
[INFO DRT-0036] Via2 guide region query size = 0.
[INFO DRT-0036] Metal3 guide region query size = 19639.
[INFO DRT-0036] Via3 guide region query size = 0.
[INFO DRT-0036] Metal4 guide region query size = 1014.
[INFO DRT-0036] Via4 guide region query size = 0.
[INFO DRT-0036] Metal5 guide region query size = 193.
[INFO DRT-0179] Init gr pin query.
[INFO DRT-0267] cpu time = 00:00:04, elapsed time = 00:00:01, memory = 1583.56 (MB), peak = 1704.94 (MB)
[INFO DRT-0245] skipped writing guide updates to database.
[INFO DRT-0181] Start track assignment.
[INFO DRT-0184] Done with 39330 vertical wires in 3 frboxes and 59746 horizontal wires in 4 frboxes.
[INFO DRT-0186] Done with 9271 vertical wires in 3 frboxes and 5828 horizontal wires in 4 frboxes.
[INFO DRT-0182] Complete track assignment.
[INFO DRT-0267] cpu time = 00:00:09, elapsed time = 00:00:03, memory = 1632.38 (MB), peak = 1704.94 (MB)
[INFO DRT-0187] Start routing data preparation.
[INFO DRT-0267] cpu time = 00:00:00, elapsed time = 00:00:00, memory = 1632.38 (MB), peak = 1704.94 (MB)
[INFO DRT-0194] Start detail routing.
[INFO DRT-0195] Start 0th optimization iteration.
    Completing 10% with 0 violations.
    elapsed time = 00:00:01, memory = 1646.41 (MB).
    Completing 20% with 0 violations.
    elapsed time = 00:00:02, memory = 1646.41 (MB).
    Completing 30% with 40 violations.
    elapsed time = 00:00:02, memory = 1646.41 (MB).
    Completing 40% with 40 violations.
    elapsed time = 00:00:04, memory = 1647.11 (MB).
    Completing 50% with 40 violations.
    elapsed time = 00:00:04, memory = 1647.11 (MB).
    Completing 60% with 65 violations.
    elapsed time = 00:00:05, memory = 1647.11 (MB).
    Completing 70% with 65 violations.
    elapsed time = 00:00:06, memory = 1649.59 (MB).
    Completing 80% with 73 violations.
    elapsed time = 00:00:07, memory = 1649.59 (MB).
    Completing 90% with 73 violations.
    elapsed time = 00:00:08, memory = 1650.71 (MB).
    Completing 100% with 76 violations.
    elapsed time = 00:00:09, memory = 1650.71 (MB).
[INFO DRT-0199]   Number of violations = 101.
Viol/Layer      Metal2 Metal3 Metal4
Metal Spacing        1      0      0
Recheck             18      6      1
Short               67      8      0
[INFO DRT-0267] cpu time = 00:02:51, elapsed time = 00:00:09, memory = 1678.08 (MB), peak = 1704.94 (MB)
Total wire length = 1157632 um.
Total wire length on LAYER Metal1 = 0 um.
Total wire length on LAYER Metal2 = 482511 um.
Total wire length on LAYER Metal3 = 399690 um.
Total wire length on LAYER Metal4 = 250614 um.
Total wire length on LAYER Metal5 = 24815 um.
Total number of vias = 91258.
Up-via summary (total 91258):

----------------
  Poly2        0
 Metal1    43583
 Metal2    44643
 Metal3     2654
 Metal4      378
----------------
       91258


[INFO DRT-0195] Start 1st optimization iteration.
    Completing 10% with 101 violations.
    elapsed time = 00:00:01, memory = 1679.19 (MB).
    Completing 20% with 101 violations.
    elapsed time = 00:00:01, memory = 1679.19 (MB).
    Completing 30% with 84 violations.
    elapsed time = 00:00:02, memory = 1679.19 (MB).
    Completing 40% with 84 violations.
    elapsed time = 00:00:03, memory = 1681.70 (MB).
    Completing 50% with 84 violations.
    elapsed time = 00:00:04, memory = 1681.70 (MB).
    Completing 60% with 66 violations.
    elapsed time = 00:00:05, memory = 1681.70 (MB).
    Completing 70% with 66 violations.
    elapsed time = 00:00:06, memory = 1682.84 (MB).
    Completing 80% with 60 violations.
    elapsed time = 00:00:07, memory = 1683.64 (MB).
    Completing 90% with 60 violations.
    elapsed time = 00:00:08, memory = 1683.64 (MB).
    Completing 100% with 38 violations.
    elapsed time = 00:00:08, memory = 1683.64 (MB).
[INFO DRT-0199]   Number of violations = 38.
Viol/Layer      Metal2 Metal3
Metal Spacing        7      0
Short               28      3
[INFO DRT-0267] cpu time = 00:02:41, elapsed time = 00:00:09, memory = 1683.64 (MB), peak = 1704.94 (MB)
Total wire length = 1157618 um.
Total wire length on LAYER Metal1 = 0 um.
Total wire length on LAYER Metal2 = 482512 um.
Total wire length on LAYER Metal3 = 399672 um.
Total wire length on LAYER Metal4 = 250617 um.
Total wire length on LAYER Metal5 = 24815 um.
Total number of vias = 91252.
Up-via summary (total 91252):

----------------
  Poly2        0
 Metal1    43583
 Metal2    44634
 Metal3     2657
 Metal4      378
----------------
       91252


[INFO DRT-0195] Start 2nd optimization iteration.
    Completing 10% with 38 violations.
    elapsed time = 00:00:00, memory = 1683.64 (MB).
    Completing 20% with 38 violations.
    elapsed time = 00:00:00, memory = 1683.64 (MB).
    Completing 30% with 40 violations.
    elapsed time = 00:00:00, memory = 1683.64 (MB).
    Completing 40% with 40 violations.
    elapsed time = 00:00:00, memory = 1683.64 (MB).
    Completing 50% with 40 violations.
    elapsed time = 00:00:00, memory = 1683.64 (MB).
    Completing 60% with 46 violations.
    elapsed time = 00:00:00, memory = 1683.64 (MB).
    Completing 70% with 46 violations.
    elapsed time = 00:00:00, memory = 1683.64 (MB).
    Completing 80% with 47 violations.
    elapsed time = 00:00:01, memory = 1683.64 (MB).
    Completing 90% with 47 violations.
    elapsed time = 00:00:01, memory = 1683.64 (MB).
    Completing 100% with 43 violations.
    elapsed time = 00:00:01, memory = 1683.64 (MB).
[INFO DRT-0199]   Number of violations = 43.
Viol/Layer      Metal2 Metal3
Metal Spacing       11      0
Short               29      3
[INFO DRT-0267] cpu time = 00:00:11, elapsed time = 00:00:02, memory = 1683.64 (MB), peak = 1704.94 (MB)
Total wire length = 1157604 um.
Total wire length on LAYER Metal1 = 0 um.
Total wire length on LAYER Metal2 = 482506 um.
Total wire length on LAYER Metal3 = 399667 um.
Total wire length on LAYER Metal4 = 250614 um.
Total wire length on LAYER Metal5 = 24815 um.
Total number of vias = 91249.
Up-via summary (total 91249):

----------------
  Poly2        0
 Metal1    43583
 Metal2    44633
 Metal3     2655
 Metal4      378
----------------
       91249


[INFO DRT-0195] Start 3rd guides tiles iteration.
    Completing 10% with 43 violations.
    elapsed time = 00:00:00, memory = 1683.64 (MB).
    Completing 20% with 43 violations.
    elapsed time = 00:00:00, memory = 1702.77 (MB).
    Completing 30% with 43 violations.
    elapsed time = 00:00:00, memory = 1752.07 (MB).
    Completing 40% with 43 violations.
    elapsed time = 00:00:03, memory = 1683.64 (MB).
    Completing 50% with 2 violations.
    elapsed time = 00:00:03, memory = 1683.64 (MB).
    Completing 60% with 2 violations.
    elapsed time = 00:00:03, memory = 1683.64 (MB).
    Completing 70% with 2 violations.
    elapsed time = 00:00:03, memory = 1683.64 (MB).
    Completing 80% with 2 violations.
    elapsed time = 00:00:03, memory = 1683.64 (MB).
    Completing 90% with 2 violations.
    elapsed time = 00:00:04, memory = 1683.64 (MB).
    Completing 100% with 0 violations.
    elapsed time = 00:00:04, memory = 1683.64 (MB).
[INFO DRT-0199]   Number of violations = 0.
[INFO DRT-0267] cpu time = 00:00:10, elapsed time = 00:00:04, memory = 1683.64 (MB), peak = 1753.40 (MB)
Total wire length = 1157482 um.
Total wire length on LAYER Metal1 = 0 um.
Total wire length on LAYER Metal2 = 479189 um.
Total wire length on LAYER Metal3 = 399096 um.
Total wire length on LAYER Metal4 = 253849 um.
Total wire length on LAYER Metal5 = 25347 um.
Total number of vias = 91275.
Up-via summary (total 91275):

----------------
  Poly2        0
 Metal1    43582
 Metal2    44597
 Metal3     2714
 Metal4      382
----------------
       91275


[INFO DRT-0198] Complete detail routing.
Total wire length = 1157482 um.
Total wire length on LAYER Metal1 = 0 um.
Total wire length on LAYER Metal2 = 479189 um.
Total wire length on LAYER Metal3 = 399096 um.
Total wire length on LAYER Metal4 = 253849 um.
Total wire length on LAYER Metal5 = 25347 um.
Total number of vias = 91275.
Up-via summary (total 91275):

----------------
  Poly2        0
 Metal1    43582
 Metal2    44597
 Metal3     2714
 Metal4      382
----------------
       91275


[INFO DRT-0267] cpu time = 00:05:54, elapsed time = 00:00:25, memory = 1683.64 (MB), peak = 1753.40 (MB)

[INFO DRT-0180] Post processing.
[INFO ANT-0002] Found 1 net violations.
[INFO ANT-0001] Found 1 pin violations.
ANT_ITER 1 check=1
[INFO GRT-0020] Min routing layer: Metal2
[INFO GRT-0021] Max routing layer: Metal5
[INFO GRT-0022] Global adjustment: 0%
[INFO GRT-0023] Grid origin: (0, 0)
[INFO GRT-0088] Layer Metal1  Track-Pitch = 0.5600  line-2-Via Pitch: 0.4750
[INFO GRT-0088] Layer Metal2  Track-Pitch = 0.5600  line-2-Via Pitch: 0.5600
[INFO GRT-0088] Layer Metal3  Track-Pitch = 0.5600  line-2-Via Pitch: 0.5600
[INFO GRT-0088] Layer Metal4  Track-Pitch = 0.5600  line-2-Via Pitch: 0.5600
[INFO GRT-0088] Layer Metal5  Track-Pitch = 0.9000  line-2-Via Pitch: 0.8200
[INFO GRT-0003] Macros: 2
[INFO GRT-0004] Blockages: 4
[INFO GRT-0019] Found 103 clock nets.
[WARNING GRT-0281] Net rst_n has a large fanout of 1461 terminals.
[INFO GRT-0001] Minimum degree: 2147483647
[INFO GRT-0002] Maximum degree: 1
[INFO GRT-0006] Repairing antennas, iteration 1.
[INFO GRT-0012] Found 2 antenna violations.
[INFO DPL-0006] Core area: 1790507.98 um^2, Instances area: 793930.40 um^2, Utilization: 44.3%
[INFO DPL-0005] Diamond search max displacement: +/- 500 sites horizontally, +/- 100 rows vertically.
[INFO DPL-1101] Legalizing using diamond search.
Movements Summary
---------------------------------------
Total cells:                       1
Diamond Move Success:              1 (100.00%)
Diamond Move Failure:              0
Rip-up and replace Success:        0 (  0.00% of diamond failures)
Rip-up and replace Failure:        0
Total Placement Failures:          0
---------------------------------------
[INFO GRT-0015] Inserted 2 diodes.
[INFO GRT-0009] rerouting 2 nets.
[INFO GRT-0001] Minimum degree: 8
[INFO GRT-0002] Maximum degree: 12
[WARNING DRT-0120] Large net rst_n has 1461 pins which may impact routing performance. Consider optimization.
[INFO DRT-0024]   Complete Poly2.
[INFO DRT-0024]   Complete CON.
[INFO DRT-0024]   Complete Metal1.
[INFO DRT-0024]   Complete Via1.
[INFO DRT-0024]   Complete Metal2.
[INFO DRT-0024]   Complete Via2.
[INFO DRT-0024]   Complete Metal3.
[INFO DRT-0024]   Complete Via3.
[INFO DRT-0024]   Complete Metal4.
[INFO DRT-0024]   Complete Via4.
[INFO DRT-0024]   Complete Metal5.
[INFO DRT-0165] Start pin access.
[INFO DRT-0076]   Complete 1000 pins.
[INFO DRT-0078]   Complete 1533 pins.
[INFO DRT-0079]   Complete 100 unique inst patterns.
[INFO DRT-0081]   Complete 189 unique inst patterns.
[INFO DRT-0082]   Complete 10000 groups.
[INFO DRT-0084]   Complete 11899 groups.
#scanned instances     = 20155
#unique  instances     = 195
#stdCellGenAp          = 6524
#stdCellValidPlanarAp  = 0
#stdCellValidViaAp     = 4997
#stdCellPinNoAp        = 0
#stdCellPinCnt         = 42882
#instTermValidViaApCnt = 0
#macroGenAp            = 1120
#macroValidPlanarAp    = 1120
#macroValidViaAp       = 344
#macroNoAp             = 0
[INFO DRT-0166] Complete pin access.
[INFO DRT-0267] cpu time = 00:00:59, elapsed time = 00:00:04, memory = 1773.88 (MB), peak = 1890.79 (MB)
[INFO DRT-0156] guideIn read 100000 guides.

[INFO DRT-0157] Number of guides:     118536

[INFO DRT-0169] Post process guides.
[INFO DRT-0176] GCELLGRID X 0 DO 132 STEP 16800 ;
[INFO DRT-0177] GCELLGRID Y 0 DO 199 STEP 16800 ;
[INFO DRT-0026]   Complete 100000 origin guides.
[INFO DRT-0028]   Complete Poly2.
[INFO DRT-0028]   Complete CON.
[INFO DRT-0028]   Complete Metal1.
[INFO DRT-0028]   Complete Via1.
[INFO DRT-0028]   Complete Metal2.
[INFO DRT-0028]   Complete Via2.
[INFO DRT-0028]   Complete Metal3.
[INFO DRT-0028]   Complete Via3.
[INFO DRT-0028]   Complete Metal4.
[INFO DRT-0028]   Complete Via4.
[INFO DRT-0028]   Complete Metal5.
[INFO DRT-0178] Init guide query.
[INFO DRT-0035]   Complete Poly2 (guide).
[INFO DRT-0035]   Complete CON (guide).
[INFO DRT-0035]   Complete Metal1 (guide).
[INFO DRT-0035]   Complete Via1 (guide).
[INFO DRT-0035]   Complete Metal2 (guide).
[INFO DRT-0035]   Complete Via2 (guide).
[INFO DRT-0035]   Complete Metal3 (guide).
[INFO DRT-0035]   Complete Via3 (guide).
[INFO DRT-0035]   Complete Metal4 (guide).
[INFO DRT-0035]   Complete Via4 (guide).
[INFO DRT-0035]   Complete Metal5 (guide).
[INFO DRT-0036] Poly2 guide region query size = 0.
[INFO DRT-0036] CON guide region query size = 0.
[INFO DRT-0036] Metal1 guide region query size = 39916.
[INFO DRT-0036] Via1 guide region query size = 0.
[INFO DRT-0036] Metal2 guide region query size = 38319.
[INFO DRT-0036] Via2 guide region query size = 0.
[INFO DRT-0036] Metal3 guide region query size = 19643.
[INFO DRT-0036] Via3 guide region query size = 0.
[INFO DRT-0036] Metal4 guide region query size = 1016.
[INFO DRT-0036] Via4 guide region query size = 0.
[INFO DRT-0036] Metal5 guide region query size = 193.
[INFO DRT-0179] Init gr pin query.
[INFO DRT-0267] cpu time = 00:00:03, elapsed time = 00:00:01, memory = 1773.88 (MB), peak = 1890.79 (MB)
[INFO DRT-0245] skipped writing guide updates to database.
[INFO DRT-0181] Start track assignment.
[INFO DRT-0184] Done with 39335 vertical wires in 3 frboxes and 59752 horizontal wires in 4 frboxes.
[INFO DRT-0186] Done with 9288 vertical wires in 3 frboxes and 5820 horizontal wires in 4 frboxes.
[INFO DRT-0182] Complete track assignment.
[INFO DRT-0267] cpu time = 00:00:09, elapsed time = 00:00:03, memory = 1809.59 (MB), peak = 1890.79 (MB)
[INFO DRT-0187] Start routing data preparation.
[INFO DRT-0267] cpu time = 00:00:00, elapsed time = 00:00:00, memory = 1809.59 (MB), peak = 1890.79 (MB)
[INFO DRT-0194] Start detail routing.
[INFO DRT-0195] Start 0th optimization iteration.
    Completing 10% with 0 violations.
    elapsed time = 00:00:01, memory = 1818.83 (MB).
    Completing 20% with 0 violations.
    elapsed time = 00:00:01, memory = 1818.84 (MB).
    Completing 30% with 4 violations.
    elapsed time = 00:00:02, memory = 1818.84 (MB).
    Completing 40% with 4 violations.
    elapsed time = 00:00:04, memory = 1819.95 (MB).
    Completing 50% with 4 violations.
    elapsed time = 00:00:04, memory = 1819.95 (MB).
    Completing 60% with 14 violations.
    elapsed time = 00:00:05, memory = 1819.95 (MB).
    Completing 70% with 14 violations.
    elapsed time = 00:00:06, memory = 1819.95 (MB).
    Completing 80% with 16 violations.
    elapsed time = 00:00:07, memory = 1819.95 (MB).
    Completing 90% with 16 violations.
    elapsed time = 00:00:08, memory = 1819.95 (MB).
    Completing 100% with 16 violations.
    elapsed time = 00:00:09, memory = 1819.95 (MB).
[INFO DRT-0199]   Number of violations = 20.
Viol/Layer      Metal2 Metal3
Metal Spacing        1      0
Recheck              2      2
Short               14      1
[INFO DRT-0267] cpu time = 00:02:48, elapsed time = 00:00:09, memory = 1819.95 (MB), peak = 1890.79 (MB)
Total wire length = 1157581 um.
Total wire length on LAYER Metal1 = 0 um.
Total wire length on LAYER Metal2 = 479044 um.
Total wire length on LAYER Metal3 = 399113 um.
Total wire length on LAYER Metal4 = 254075 um.
Total wire length on LAYER Metal5 = 25347 um.
Total number of vias = 91289.
Up-via summary (total 91289):

----------------
  Poly2        0
 Metal1    43584
 Metal2    44605
 Metal3     2718
 Metal4      382
----------------
       91289


[INFO DRT-0195] Start 1st optimization iteration.
    Completing 10% with 20 violations.
    elapsed time = 00:00:01, memory = 1819.95 (MB).
    Completing 20% with 20 violations.
    elapsed time = 00:00:01, memory = 1819.95 (MB).
    Completing 30% with 19 violations.
    elapsed time = 00:00:02, memory = 1819.95 (MB).
    Completing 40% with 19 violations.
    elapsed time = 00:00:03, memory = 1821.21 (MB).
    Completing 50% with 19 violations.
    elapsed time = 00:00:04, memory = 1821.21 (MB).
    Completing 60% with 12 violations.
    elapsed time = 00:00:05, memory = 1821.21 (MB).
    Completing 70% with 12 violations.
    elapsed time = 00:00:06, memory = 1821.21 (MB).
    Completing 80% with 12 violations.
    elapsed time = 00:00:07, memory = 1821.21 (MB).
    Completing 90% with 12 violations.
    elapsed time = 00:00:08, memory = 1821.21 (MB).
    Completing 100% with 5 violations.
    elapsed time = 00:00:08, memory = 1821.21 (MB).
[INFO DRT-0199]   Number of violations = 5.
Viol/Layer      Metal2
Short                5
[INFO DRT-0267] cpu time = 00:02:39, elapsed time = 00:00:08, memory = 1821.21 (MB), peak = 1890.79 (MB)
Total wire length = 1157579 um.
Total wire length on LAYER Metal1 = 0 um.
Total wire length on LAYER Metal2 = 479042 um.
Total wire length on LAYER Metal3 = 399108 um.
Total wire length on LAYER Metal4 = 254080 um.
Total wire length on LAYER Metal5 = 25347 um.
Total number of vias = 91287.
Up-via summary (total 91287):

----------------
  Poly2        0
 Metal1    43584
 Metal2    44603
 Metal3     2718
 Metal4      382
----------------
       91287


[INFO DRT-0195] Start 2nd optimization iteration.
    Completing 10% with 5 violations.
    elapsed time = 00:00:00, memory = 1821.21 (MB).
    Completing 20% with 5 violations.
    elapsed time = 00:00:00, memory = 1821.21 (MB).
    Completing 30% with 5 violations.
    elapsed time = 00:00:00, memory = 1821.21 (MB).
    Completing 40% with 5 violations.
    elapsed time = 00:00:00, memory = 1821.21 (MB).
    Completing 50% with 5 violations.
    elapsed time = 00:00:00, memory = 1821.21 (MB).
    Completing 60% with 5 violations.
    elapsed time = 00:00:00, memory = 1821.21 (MB).
    Completing 70% with 5 violations.
    elapsed time = 00:00:00, memory = 1821.21 (MB).
    Completing 80% with 4 violations.
    elapsed time = 00:00:00, memory = 1821.21 (MB).
    Completing 90% with 4 violations.
    elapsed time = 00:00:00, memory = 1821.21 (MB).
    Completing 100% with 4 violations.
    elapsed time = 00:00:00, memory = 1821.21 (MB).
[INFO DRT-0199]   Number of violations = 4.
Viol/Layer      Metal2
Short                4
[INFO DRT-0267] cpu time = 00:00:06, elapsed time = 00:00:01, memory = 1821.21 (MB), peak = 1890.79 (MB)
Total wire length = 1157576 um.
Total wire length on LAYER Metal1 = 0 um.
Total wire length on LAYER Metal2 = 479046 um.
Total wire length on LAYER Metal3 = 399107 um.
Total wire length on LAYER Metal4 = 254074 um.
Total wire length on LAYER Metal5 = 25347 um.
Total number of vias = 91285.
Up-via summary (total 91285):

----------------
  Poly2        0
 Metal1    43584
 Metal2    44603
 Metal3     2716
 Metal4      382
----------------
       91285


[INFO DRT-0195] Start 3rd guides tiles iteration.
    Completing 20% with 4 violations.
    elapsed time = 00:00:00, memory = 1821.21 (MB).
    Completing 50% with 4 violations.
    elapsed time = 00:00:00, memory = 1821.21 (MB).
    Completing 70% with 0 violations.
    elapsed time = 00:00:00, memory = 1821.21 (MB).
    Completing 100% with 0 violations.
    elapsed time = 00:00:00, memory = 1821.21 (MB).
[INFO DRT-0199]   Number of violations = 0.
[INFO DRT-0267] cpu time = 00:00:03, elapsed time = 00:00:00, memory = 1821.21 (MB), peak = 1890.79 (MB)
Total wire length = 1157575 um.
Total wire length on LAYER Metal1 = 0 um.
Total wire length on LAYER Metal2 = 478737 um.
Total wire length on LAYER Metal3 = 399109 um.
Total wire length on LAYER Metal4 = 254379 um.
Total wire length on LAYER Metal5 = 25347 um.
Total number of vias = 91288.
Up-via summary (total 91288):

----------------
  Poly2        0
 Metal1    43584
 Metal2    44601
 Metal3     2721
 Metal4      382
----------------
       91288


[INFO DRT-0198] Complete detail routing.
Total wire length = 1157575 um.
Total wire length on LAYER Metal1 = 0 um.
Total wire length on LAYER Metal2 = 478737 um.
Total wire length on LAYER Metal3 = 399109 um.
Total wire length on LAYER Metal4 = 254379 um.
Total wire length on LAYER Metal5 = 25347 um.
Total number of vias = 91288.
Up-via summary (total 91288):

----------------
  Poly2        0
 Metal1    43584
 Metal2    44601
 Metal3     2721
 Metal4      382
----------------
       91288


[INFO DRT-0267] cpu time = 00:05:37, elapsed time = 00:00:20, memory = 1821.21 (MB), peak = 1890.79 (MB)

[INFO DRT-0180] Post processing.
[INFO ANT-0002] Found 1 net violations.
[INFO ANT-0001] Found 1 pin violations.
ANT_ITER 2 check=1
[INFO GRT-0020] Min routing layer: Metal2
[INFO GRT-0021] Max routing layer: Metal5
[INFO GRT-0022] Global adjustment: 0%
[INFO GRT-0023] Grid origin: (0, 0)
[INFO GRT-0088] Layer Metal1  Track-Pitch = 0.5600  line-2-Via Pitch: 0.4750
[INFO GRT-0088] Layer Metal2  Track-Pitch = 0.5600  line-2-Via Pitch: 0.5600
[INFO GRT-0088] Layer Metal3  Track-Pitch = 0.5600  line-2-Via Pitch: 0.5600
[INFO GRT-0088] Layer Metal4  Track-Pitch = 0.5600  line-2-Via Pitch: 0.5600
[INFO GRT-0088] Layer Metal5  Track-Pitch = 0.9000  line-2-Via Pitch: 0.8200
[INFO GRT-0003] Macros: 2
[INFO GRT-0004] Blockages: 4
[INFO GRT-0019] Found 103 clock nets.
[WARNING GRT-0281] Net rst_n has a large fanout of 1461 terminals.
[INFO GRT-0001] Minimum degree: 2147483647
[INFO GRT-0002] Maximum degree: 1
[INFO GRT-0006] Repairing antennas, iteration 1.
[INFO GRT-0012] Found 1 antenna violations.
[INFO DPL-0006] Core area: 1790507.98 um^2, Instances area: 793936.05 um^2, Utilization: 44.3%
[INFO DPL-0005] Diamond search max displacement: +/- 500 sites horizontally, +/- 100 rows vertically.
[INFO DPL-1101] Legalizing using diamond search.
Movements Summary
---------------------------------------
Total cells:                       1
Diamond Move Success:              1 (100.00%)
Diamond Move Failure:              0
Rip-up and replace Success:        0 (  0.00% of diamond failures)
Rip-up and replace Failure:        0
Total Placement Failures:          0
---------------------------------------
[INFO GRT-0015] Inserted 1 diodes.
[INFO GRT-0009] rerouting 1 nets.
[INFO GRT-0001] Minimum degree: 9
[INFO GRT-0002] Maximum degree: 9
[WARNING DRT-0120] Large net rst_n has 1461 pins which may impact routing performance. Consider optimization.
[INFO DRT-0024]   Complete Poly2.
[INFO DRT-0024]   Complete CON.
[INFO DRT-0024]   Complete Metal1.
[INFO DRT-0024]   Complete Via1.
[INFO DRT-0024]   Complete Metal2.
[INFO DRT-0024]   Complete Via2.
[INFO DRT-0024]   Complete Metal3.
[INFO DRT-0024]   Complete Via3.
[INFO DRT-0024]   Complete Metal4.
[INFO DRT-0024]   Complete Via4.
[INFO DRT-0024]   Complete Metal5.
[INFO DRT-0165] Start pin access.
[INFO DRT-0076]   Complete 1000 pins.
[INFO DRT-0078]   Complete 1533 pins.
[INFO DRT-0079]   Complete 100 unique inst patterns.
[INFO DRT-0081]   Complete 189 unique inst patterns.
[INFO DRT-0082]   Complete 10000 groups.
[INFO DRT-0084]   Complete 11900 groups.
#scanned instances     = 20156
#unique  instances     = 195
#stdCellGenAp          = 6524
#stdCellValidPlanarAp  = 0
#stdCellValidViaAp     = 4997
#stdCellPinNoAp        = 0
#stdCellPinCnt         = 42882
#instTermValidViaApCnt = 0
#macroGenAp            = 1120
#macroValidPlanarAp    = 1120
#macroValidViaAp       = 344
#macroNoAp             = 0
[INFO DRT-0166] Complete pin access.
[INFO DRT-0267] cpu time = 00:00:40, elapsed time = 00:00:02, memory = 1773.69 (MB), peak = 1894.92 (MB)
[INFO DRT-0156] guideIn read 100000 guides.

[INFO DRT-0157] Number of guides:     118537

[INFO DRT-0169] Post process guides.
[INFO DRT-0176] GCELLGRID X 0 DO 132 STEP 16800 ;
[INFO DRT-0177] GCELLGRID Y 0 DO 199 STEP 16800 ;
[INFO DRT-0026]   Complete 100000 origin guides.
[INFO DRT-0028]   Complete Poly2.
[INFO DRT-0028]   Complete CON.
[INFO DRT-0028]   Complete Metal1.
[INFO DRT-0028]   Complete Via1.
[INFO DRT-0028]   Complete Metal2.
[INFO DRT-0028]   Complete Via2.
[INFO DRT-0028]   Complete Metal3.
[INFO DRT-0028]   Complete Via3.
[INFO DRT-0028]   Complete Metal4.
[INFO DRT-0028]   Complete Via4.
[INFO DRT-0028]   Complete Metal5.
[INFO DRT-0178] Init guide query.
[INFO DRT-0035]   Complete Poly2 (guide).
[INFO DRT-0035]   Complete CON (guide).
[INFO DRT-0035]   Complete Metal1 (guide).
[INFO DRT-0035]   Complete Via1 (guide).
[INFO DRT-0035]   Complete Metal2 (guide).
[INFO DRT-0035]   Complete Via2 (guide).
[INFO DRT-0035]   Complete Metal3 (guide).
[INFO DRT-0035]   Complete Via3 (guide).
[INFO DRT-0035]   Complete Metal4 (guide).
[INFO DRT-0035]   Complete Via4 (guide).
[INFO DRT-0035]   Complete Metal5 (guide).
[INFO DRT-0036] Poly2 guide region query size = 0.
[INFO DRT-0036] CON guide region query size = 0.
[INFO DRT-0036] Metal1 guide region query size = 39917.
[INFO DRT-0036] Via1 guide region query size = 0.
[INFO DRT-0036] Metal2 guide region query size = 38321.
[INFO DRT-0036] Via2 guide region query size = 0.
[INFO DRT-0036] Metal3 guide region query size = 19642.
[INFO DRT-0036] Via3 guide region query size = 0.
[INFO DRT-0036] Metal4 guide region query size = 1015.
[INFO DRT-0036] Via4 guide region query size = 0.
[INFO DRT-0036] Metal5 guide region query size = 193.
[INFO DRT-0179] Init gr pin query.
[INFO DRT-0267] cpu time = 00:00:04, elapsed time = 00:00:01, memory = 1773.69 (MB), peak = 1894.92 (MB)
[INFO DRT-0245] skipped writing guide updates to database.
[INFO DRT-0181] Start track assignment.
[INFO DRT-0184] Done with 39336 vertical wires in 3 frboxes and 59752 horizontal wires in 4 frboxes.
[INFO DRT-0186] Done with 9303 vertical wires in 3 frboxes and 5857 horizontal wires in 4 frboxes.
[INFO DRT-0182] Complete track assignment.
[INFO DRT-0267] cpu time = 00:00:05, elapsed time = 00:00:01, memory = 1820.96 (MB), peak = 1894.92 (MB)
[INFO DRT-0187] Start routing data preparation.
[INFO DRT-0267] cpu time = 00:00:00, elapsed time = 00:00:00, memory = 1820.96 (MB), peak = 1894.92 (MB)
[INFO DRT-0194] Start detail routing.
[INFO DRT-0195] Start 0th optimization iteration.
    Completing 10% with 0 violations.
    elapsed time = 00:00:00, memory = 1833.04 (MB).
    Completing 20% with 0 violations.
    elapsed time = 00:00:01, memory = 1835.06 (MB).
    Completing 30% with 4 violations.
    elapsed time = 00:00:01, memory = 1835.08 (MB).
    Completing 40% with 4 violations.
    elapsed time = 00:00:02, memory = 1836.33 (MB).
    Completing 50% with 4 violations.
    elapsed time = 00:00:02, memory = 1837.39 (MB).
    Completing 60% with 5 violations.
    elapsed time = 00:00:03, memory = 1845.70 (MB).
    Completing 70% with 5 violations.
    elapsed time = 00:00:04, memory = 1845.70 (MB).
    Completing 80% with 5 violations.
    elapsed time = 00:00:04, memory = 1845.70 (MB).
    Completing 90% with 5 violations.
    elapsed time = 00:00:05, memory = 1845.70 (MB).
    Completing 100% with 5 violations.
    elapsed time = 00:00:05, memory = 1845.70 (MB).
[INFO DRT-0199]   Number of violations = 8.
Viol/Layer      Metal2
Recheck              3
Short                5
[INFO DRT-0267] cpu time = 00:01:46, elapsed time = 00:00:06, memory = 1845.72 (MB), peak = 1894.92 (MB)
Total wire length = 1157579 um.
Total wire length on LAYER Metal1 = 0 um.
Total wire length on LAYER Metal2 = 478809 um.
Total wire length on LAYER Metal3 = 399117 um.
Total wire length on LAYER Metal4 = 254304 um.
Total wire length on LAYER Metal5 = 25347 um.
Total number of vias = 91295.
Up-via summary (total 91295):

----------------
  Poly2        0
 Metal1    43585
 Metal2    44609
 Metal3     2719
 Metal4      382
----------------
       91295


[INFO DRT-0195] Start 1st optimization iteration.
    Completing 10% with 8 violations.
    elapsed time = 00:00:00, memory = 1845.98 (MB).
    Completing 20% with 8 violations.
    elapsed time = 00:00:01, memory = 1846.93 (MB).
    Completing 30% with 7 violations.
    elapsed time = 00:00:01, memory = 1846.93 (MB).
    Completing 40% with 7 violations.
    elapsed time = 00:00:02, memory = 1846.93 (MB).
    Completing 50% with 7 violations.
    elapsed time = 00:00:02, memory = 1846.93 (MB).
    Completing 60% with 5 violations.
    elapsed time = 00:00:03, memory = 1846.93 (MB).
    Completing 70% with 5 violations.
    elapsed time = 00:00:03, memory = 1846.93 (MB).
    Completing 80% with 3 violations.
    elapsed time = 00:00:04, memory = 1847.32 (MB).
    Completing 90% with 3 violations.
    elapsed time = 00:00:05, memory = 1847.98 (MB).
    Completing 100% with 0 violations.
    elapsed time = 00:00:05, memory = 1847.98 (MB).
[INFO DRT-0199]   Number of violations = 0.
[INFO DRT-0267] cpu time = 00:01:47, elapsed time = 00:00:06, memory = 1847.99 (MB), peak = 1894.92 (MB)
Total wire length = 1157578 um.
Total wire length on LAYER Metal1 = 0 um.
Total wire length on LAYER Metal2 = 478814 um.
Total wire length on LAYER Metal3 = 399111 um.
Total wire length on LAYER Metal4 = 254304 um.
Total wire length on LAYER Metal5 = 25347 um.
Total number of vias = 91292.
Up-via summary (total 91292):

----------------
  Poly2        0
 Metal1    43585
 Metal2    44606
 Metal3     2719
 Metal4      382
----------------
       91292


[INFO DRT-0198] Complete detail routing.
Total wire length = 1157578 um.
Total wire length on LAYER Metal1 = 0 um.
Total wire length on LAYER Metal2 = 478814 um.
Total wire length on LAYER Metal3 = 399111 um.
Total wire length on LAYER Metal4 = 254304 um.
Total wire length on LAYER Metal5 = 25347 um.
Total number of vias = 91292.
Up-via summary (total 91292):

----------------
  Poly2        0
 Metal1    43585
 Metal2    44606
 Metal3     2719
 Metal4      382
----------------
       91292


[INFO DRT-0267] cpu time = 00:03:34, elapsed time = 00:00:12, memory = 1847.99 (MB), peak = 1894.92 (MB)

[INFO DRT-0180] Post processing.
[INFO ANT-0002] Found 1 net violations.
[INFO ANT-0001] Found 1 pin violations.
ANT_ITER 3 check=1
EXTRACT
[INFO RCX-0435] Reading extraction model file /foss/pdks/gf180mcuD/libs.tech/librelane/rules.openrcx.gf180mcuD.max ...
[INFO RCX-0434] Defined process_corner MinMax0 with ext_model_index 0 (using extRulesFile defaults)
[INFO RCX-0436] RC segment generation butterfold_top (max_merge_res 50.0) ...
[INFO RCX-0040] Final 54541 rc segments
[INFO RCX-0439] Coupling Cap extraction butterfold_top ...
[INFO RCX-0440] Coupling threshhold is 0.1000 fF, coupling capacitance less than 0.1000 fF will be grounded.
[INFO RCX-0442] 16% of 92976 wires extracted
[INFO RCX-0442] 47% of 92976 wires extracted
[INFO RCX-0442] 100% of 92976 wires extracted
[INFO RCX-0045] Extract 11812 nets, 66353 rsegs, 66353 caps, 147092 ccs
[INFO RCX-0443] 11812 nets finished
SETUP_WNS
wns max -7.44
SETUP_TNS
tns max -1960.65
HOLD_WNS
wns min 0.00
HOLD_TNS
tns min 0.00
SLEW 2928 CAP 450 FANOUT 350
AOI221_2 MX 1 R180 9 R0 4 MY 0
CELL _11280_ gf180mcu_fd_sc_mcu9t5v0__aoi221_2 R180
CELL _11106_ gf180mcu_fd_sc_mcu9t5v0__aoi221_2 R180
CELL _11366_ gf180mcu_fd_sc_mcu9t5v0__aoi221_2 R180
CELL _11339_ gf180mcu_fd_sc_mcu9t5v0__aoi221_2 R180
CELL _11136_ gf180mcu_fd_sc_mcu9t5v0__aoi221_2 R180
CELL _11474_ gf180mcu_fd_sc_mcu9t5v0__aoi221_2 R180
CELL _11394_ gf180mcu_fd_sc_mcu9t5v0__aoi221_2 R180
CELL _11408_ gf180mcu_fd_sc_mcu9t5v0__aoi221_2 R180
CELL _11241_ gf180mcu_fd_sc_mcu9t5v0__aoi221_2 R180
CO6A36_SETUP3_DONE
