OpenROAD 26Q2-254-g61932e897 
Features included (+) or not (-): +GPU +GUI +Python
This program is licensed under the BSD-3 license. See the LICENSE file for details.
Components of this program may be licensed under more restrictive licenses which must be honored.
ECO_SRC /headless/aravindustries-repos/butterfold/butterfold_proto/physical/results/d03_ach_candidate/co6a36/setup_eco10/butterfold_top_co6a36_teco6.odb
[INFO ODB-0388] unsupported LEF58_EOLENCLOSURE property for layer Via1 :"
  	EOLENCLOSURE 0.34 0.06 ;"
[INFO ODB-0388] unsupported LEF58_EOLENCLOSURE property for layer Via2 :" EOLENCLOSURE 0.34 0.06 ; "
[INFO ODB-0388] unsupported LEF58_EOLENCLOSURE property for layer Via3 :" EOLENCLOSURE 0.34 0.06 ; "
[INFO ODB-0388] unsupported LEF58_EOLENCLOSURE property for layer Via4 :" EOLENCLOSURE 0.34 0.06 ; "
[INFO ODB-0227] LEF file: /foss/pdks/gf180mcuD/libs.ref/gf180mcu_fd_sc_mcu9t5v0/techlef/gf180mcu_fd_sc_mcu9t5v0__nom.tlef, created 15 layers, 56 vias
[WARNING ODB-0220] WARNING (LEFPARS-2008): NOWIREEXTENSIONATPIN statement is obsolete in version 5.6 or later.
The NOWIREEXTENSIONATPIN statement will be ignored. See file /foss/pdks/gf180mcuD/libs.ref/gf180mcu_fd_sc_mcu9t5v0/lef/gf180mcu_fd_sc_mcu9t5v0.lef at line 2.

[INFO ODB-0227] LEF file: /foss/pdks/gf180mcuD/libs.ref/gf180mcu_fd_sc_mcu9t5v0/lef/gf180mcu_fd_sc_mcu9t5v0.lef, created 229 library cells
[WARNING ODB-0220] WARNING (LEFPARS-2008): NOWIREEXTENSIONATPIN statement is obsolete in version 5.6 or later.
The NOWIREEXTENSIONATPIN statement will be ignored. See file /foss/pdks/gf180mcuD/libs.ref/gf180mcu_fd_ip_sram/lef/gf180mcu_fd_ip_sram__sram256x8m8wm1.lef at line 2.

[INFO ODB-0227] LEF file: /foss/pdks/gf180mcuD/libs.ref/gf180mcu_fd_ip_sram/lef/gf180mcu_fd_ip_sram__sram256x8m8wm1.lef, created 1 library cells
[INFO ORD-0030] Using 22 thread(s).
SWAP _20010_ gf180mcu_fd_sc_mcu9t5v0__dffrnq_1 -> gf180mcu_fd_sc_mcu9t5v0__dffrnq_4
SWAP _09481_ gf180mcu_fd_sc_mcu9t5v0__nand2_1 -> gf180mcu_fd_sc_mcu9t5v0__nand2_4
SWAP _09482_ gf180mcu_fd_sc_mcu9t5v0__oai22_1 -> gf180mcu_fd_sc_mcu9t5v0__oai22_4
SWAP _09483_ gf180mcu_fd_sc_mcu9t5v0__nor2_1 -> gf180mcu_fd_sc_mcu9t5v0__nor2_4
SWAP _09496_ gf180mcu_fd_sc_mcu9t5v0__oai21_1 -> gf180mcu_fd_sc_mcu9t5v0__oai21_4
SWAP _09497_ gf180mcu_fd_sc_mcu9t5v0__aoi21_1 -> gf180mcu_fd_sc_mcu9t5v0__aoi21_4
SWAP load_slew207 gf180mcu_fd_sc_mcu9t5v0__clkbuf_8 -> gf180mcu_fd_sc_mcu9t5v0__clkbuf_16
SWAP _15982_ gf180mcu_fd_sc_mcu9t5v0__nand3_1 -> gf180mcu_fd_sc_mcu9t5v0__nand3_4
SWAP _15975_ gf180mcu_fd_sc_mcu9t5v0__nand3_1 -> gf180mcu_fd_sc_mcu9t5v0__nand3_4
SWAP _15964_ gf180mcu_fd_sc_mcu9t5v0__mux2_1 -> gf180mcu_fd_sc_mcu9t5v0__mux2_4
SWAP _09391_ gf180mcu_fd_sc_mcu9t5v0__or2_2 -> gf180mcu_fd_sc_mcu9t5v0__or2_4
SWAP _11574_ gf180mcu_fd_sc_mcu9t5v0__oai31_2 -> gf180mcu_fd_sc_mcu9t5v0__oai31_4
SWAP _11961_ gf180mcu_fd_sc_mcu9t5v0__oai31_1 -> gf180mcu_fd_sc_mcu9t5v0__oai31_4
SWAP clone319 gf180mcu_fd_sc_mcu9t5v0__oai211_1 -> gf180mcu_fd_sc_mcu9t5v0__oai211_4
SWAP fanout301 gf180mcu_fd_sc_mcu9t5v0__clkbuf_4 -> gf180mcu_fd_sc_mcu9t5v0__clkbuf_8
SWAP _11808_ gf180mcu_fd_sc_mcu9t5v0__aoi21_1 -> gf180mcu_fd_sc_mcu9t5v0__aoi21_4
SWAP _11565_ gf180mcu_fd_sc_mcu9t5v0__oai21_1 -> gf180mcu_fd_sc_mcu9t5v0__oai21_4
SWAP _11568_ gf180mcu_fd_sc_mcu9t5v0__nor2_1 -> gf180mcu_fd_sc_mcu9t5v0__nor2_4
SWAP _11959_ gf180mcu_fd_sc_mcu9t5v0__and3_1 -> gf180mcu_fd_sc_mcu9t5v0__and3_4
SWAP _11962_ gf180mcu_fd_sc_mcu9t5v0__nand2_1 -> gf180mcu_fd_sc_mcu9t5v0__nand2_4
SWAP _11967_ gf180mcu_fd_sc_mcu9t5v0__aoi22_1 -> gf180mcu_fd_sc_mcu9t5v0__aoi22_4
SWAP _11850_ gf180mcu_fd_sc_mcu9t5v0__aoi21_1 -> gf180mcu_fd_sc_mcu9t5v0__aoi21_4
SWAP _11884_ gf180mcu_fd_sc_mcu9t5v0__aoi21_1 -> gf180mcu_fd_sc_mcu9t5v0__aoi21_4
SWAP _11909_ gf180mcu_fd_sc_mcu9t5v0__oai21_1 -> gf180mcu_fd_sc_mcu9t5v0__oai21_4
SWAP _16986_ gf180mcu_fd_sc_mcu9t5v0__mux2_1 -> gf180mcu_fd_sc_mcu9t5v0__mux2_4
SWAP _18501_ gf180mcu_fd_sc_mcu9t5v0__dffq_1 -> gf180mcu_fd_sc_mcu9t5v0__dffq_4
SWAP _18491_ gf180mcu_fd_sc_mcu9t5v0__dffq_1 -> gf180mcu_fd_sc_mcu9t5v0__dffq_4
SWAP _18307_ gf180mcu_fd_sc_mcu9t5v0__dffq_1 -> gf180mcu_fd_sc_mcu9t5v0__dffq_4
SWAP _18304_ gf180mcu_fd_sc_mcu9t5v0__dffq_1 -> gf180mcu_fd_sc_mcu9t5v0__dffq_4
SWAP _18497_ gf180mcu_fd_sc_mcu9t5v0__dffq_1 -> gf180mcu_fd_sc_mcu9t5v0__dffq_4
SWAP _18500_ gf180mcu_fd_sc_mcu9t5v0__dffq_1 -> gf180mcu_fd_sc_mcu9t5v0__dffq_4
SWAP _18302_ gf180mcu_fd_sc_mcu9t5v0__dffq_1 -> gf180mcu_fd_sc_mcu9t5v0__dffq_4
SWAP _18301_ gf180mcu_fd_sc_mcu9t5v0__dffq_1 -> gf180mcu_fd_sc_mcu9t5v0__dffq_4
SWAP _18484_ gf180mcu_fd_sc_mcu9t5v0__dffq_1 -> gf180mcu_fd_sc_mcu9t5v0__dffq_4
SWAP _18496_ gf180mcu_fd_sc_mcu9t5v0__dffq_1 -> gf180mcu_fd_sc_mcu9t5v0__dffq_4
INSERTED teco7_buf_09481 after _09481_/ZN
INSERTED teco7_buf_09497 after _09497_/ZN
TECO7_SWAPPED 35 BUF 2
[INFO DPL-0006] Core area: 1790507.98 um^2, Instances area: 796543.95 um^2, Utilization: 44.5%
[INFO DPL-0005] Diamond search max displacement: +/- 714 sites horizontally, +/- 23 rows vertically.
[INFO DPL-1101] Legalizing using diamond search.
Movements Summary
---------------------------------------
Total cells:                   19014
Diamond Move Success:          19014 (100.00%)
Diamond Move Failure:              0
Rip-up and replace Success:        0 (  0.00% of diamond failures)
Rip-up and replace Failure:        0
Total Placement Failures:          0
---------------------------------------
Placement Analysis
---------------------------------
total displacement       3509.0 u
average displacement        0.2 u
max displacement           43.7 u
original HPWL          966597.3 u
legalized HPWL         967290.5 u
delta HPWL                    0 %

[INFO DPL-0006] Core area: 1790507.98 um^2, Instances area: 796543.95 um^2, Utilization: 44.5%
[INFO DPL-0005] Diamond search max displacement: +/- 142 sites horizontally, +/- 7 rows vertically.
[INFO DPL-1101] Legalizing using diamond search.
setInitialGridCells()
Movements Summary
---------------------------------------
Total cells:                       6
Diamond Move Success:              6 (100.00%)
Diamond Move Failure:              0
Rip-up and replace Success:        0 (  0.00% of diamond failures)
Rip-up and replace Failure:        0
Total Placement Failures:          0
---------------------------------------
Placement Analysis
---------------------------------
total displacement          6.7 u
average displacement        0.0 u
max displacement            6.7 u
original HPWL          967307.3 u
legalized HPWL         967288.1 u
delta HPWL                    0 %

[WARNING DPL-0005] Overlap check failed (5).
 TAP_TAPCELL_ROW_135_4708 (gf180mcu_fd_sc_mcu9t5v0__filltie) overlaps PHY_EDGE_ROW_136_2_Right_867 (gf180mcu_fd_sc_mcu9t5v0__endcap)
 TAP_TAPCELL_ROW_142_2_8019 (gf180mcu_fd_sc_mcu9t5v0__filltie) overlaps PHY_EDGE_ROW_142_2_Right_873 (gf180mcu_fd_sc_mcu9t5v0__endcap)
 TAP_TAPCELL_ROW_154_2_8061 (gf180mcu_fd_sc_mcu9t5v0__filltie) overlaps PHY_EDGE_ROW_154_2_Right_885 (gf180mcu_fd_sc_mcu9t5v0__endcap)
 TAP_TAPCELL_ROW_160_2_8082 (gf180mcu_fd_sc_mcu9t5v0__filltie) overlaps PHY_EDGE_ROW_160_2_Right_891 (gf180mcu_fd_sc_mcu9t5v0__endcap)
 TAP_TAPCELL_ROW_206_2_8243 (gf180mcu_fd_sc_mcu9t5v0__filltie) overlaps PHY_EDGE_ROW_204_2_Right_935 (gf180mcu_fd_sc_mcu9t5v0__endcap)
[ERROR DPL-0033] detailed placement checks failed during check placement.
PLACE_BAD DPL-0033
REROUTE_FULL_SIGNAL
[INFO GRT-0020] Min routing layer: Metal2
[INFO GRT-0021] Max routing layer: Metal5
[INFO GRT-0022] Global adjustment: 0%
[INFO GRT-0023] Grid origin: (0, 0)
[INFO GRT-0088] Layer Metal1  Track-Pitch = 0.5600  line-2-Via Pitch: 0.4750
[INFO GRT-0088] Layer Metal2  Track-Pitch = 0.5600  line-2-Via Pitch: 0.5600
[INFO GRT-0088] Layer Metal3  Track-Pitch = 0.5600  line-2-Via Pitch: 0.5600
[INFO GRT-0088] Layer Metal4  Track-Pitch = 0.5600  line-2-Via Pitch: 0.5600
[INFO GRT-0088] Layer Metal5  Track-Pitch = 0.9000  line-2-Via Pitch: 0.8200
[INFO GRT-0003] Macros: 2
[INFO GRT-0004] Blockages: 4
[INFO GRT-0019] Found 105 clock nets.
[WARNING GRT-0281] Net rst_n has a large fanout of 1461 terminals.
[INFO GRT-0001] Minimum degree: 2
[INFO GRT-0002] Maximum degree: 1461

[INFO GRT-0053] Routing resources analysis:
          Routing      Original      Derated      Resource
Layer     Direction    Resources     Resources    Reduction (%)
---------------------------------------------------------------
Metal1     Horizontal          0             0          0.00%
Metal2     Vertical       322362        214959          33.32%
Metal3     Horizontal     326755        217616          33.40%
Metal4     Vertical       382608        255136          33.32%
Metal5     Horizontal     237634        160213          32.58%
---------------------------------------------------------------

[INFO GRT-0197] Via related to pin nodes: 81507
[INFO GRT-0198] Via related Steiner nodes: 2891
[INFO GRT-0199] Via filling finished.
[INFO GRT-0111] Final number of vias: 105182
[INFO GRT-0112] Final usage 3D: 453008

[INFO GRT-0096] Final congestion report:
Layer         Resource        Demand        Usage (%)    Max H / Max V / Total Overflow
---------------------------------------------------------------------------------------
Metal1               0             0            0.00%             0 /  0 /  0
Metal2          214959         56766           26.41%             0 /  0 /  0
Metal3          217616         48287           22.19%             0 /  0 /  0
Metal4          255136         29538           11.58%             0 /  0 /  0
Metal5          160213          2871            1.79%             0 /  0 /  0
---------------------------------------------------------------------------------------
Total           847924        137462           16.21%             0 /  0 /  0

[INFO GRT-0018] Total wirelength: 1509362 um
[INFO GRT-0014] Routed nets: 11623
[INFO GRT-0303] Global routing runtime = 00:00:01
GRT_OK
[INFO DRT-0149] Reading tech and libs.
[WARNING DRT-0349] LEF58_ENCLOSURE with no CUTCLASS is not supported. Skipping for layer Via1
[WARNING DRT-0349] LEF58_ENCLOSURE with no CUTCLASS is not supported. Skipping for layer Via1
[WARNING DRT-0349] LEF58_ENCLOSURE with no CUTCLASS is not supported. Skipping for layer Via2
[WARNING DRT-0349] LEF58_ENCLOSURE with no CUTCLASS is not supported. Skipping for layer Via2
[WARNING DRT-0349] LEF58_ENCLOSURE with no CUTCLASS is not supported. Skipping for layer Via3
[WARNING DRT-0349] LEF58_ENCLOSURE with no CUTCLASS is not supported. Skipping for layer Via3
[WARNING DRT-0349] LEF58_ENCLOSURE with no CUTCLASS is not supported. Skipping for layer Via4
[WARNING DRT-0349] LEF58_ENCLOSURE with no CUTCLASS is not supported. Skipping for layer Via4

Units:                2000
Number of layers:     11
Number of macros:     230
Number of vias:       88
Number of viarulegen: 16

[INFO DRT-0150] Reading design.
[WARNING DRT-0120] Large net rst_n has 1461 pins which may impact routing performance. Consider optimization.

Design:                   butterfold_top
Die area:                 ( 0 0 ) ( 2220000 3350000 )
Number of track patterns: 10
Number of DEF vias:       0
Number of components:     19965
Number of terminals:      23
Number of snets:          2
Number of nets:           11623

[INFO DRT-0167] List of default vias:
  Layer Via2
    default via: Via2_VH
  Layer Via3
    default via: Via3_HV
  Layer Via4
    default via: Via4_VH
[INFO DRT-0162] Library cell analysis.
[INFO DRT-0163] Instance analysis.
[INFO DRT-0164] Number of unique instances = 211.
[INFO DRT-0168] Init region query.
[INFO DRT-0024]   Complete Poly2.
[INFO DRT-0024]   Complete CON.
[INFO DRT-0024]   Complete Metal1.
[INFO DRT-0024]   Complete Via1.
[INFO DRT-0024]   Complete Metal2.
[INFO DRT-0024]   Complete Via2.
[INFO DRT-0024]   Complete Metal3.
[INFO DRT-0024]   Complete Via3.
[INFO DRT-0024]   Complete Metal4.
[INFO DRT-0024]   Complete Via4.
[INFO DRT-0024]   Complete Metal5.
[INFO DRT-0033] Poly2 shape region query size = 0.
[INFO DRT-0033] CON shape region query size = 0.
[INFO DRT-0033] Metal1 shape region query size = 330381.
[INFO DRT-0033] Via1 shape region query size = 6732.
[INFO DRT-0033] Metal2 shape region query size = 4763.
[INFO DRT-0033] Via2 shape region query size = 6732.
[INFO DRT-0033] Metal3 shape region query size = 5128.
[INFO DRT-0033] Via3 shape region query size = 8232.
[INFO DRT-0033] Metal4 shape region query size = 2524.
[INFO DRT-0033] Via4 shape region query size = 1800.
[INFO DRT-0033] Metal5 shape region query size = 222.
[INFO DRT-0165] Start pin access.
[INFO DRT-0076]   Complete 1000 pins.
[INFO DRT-0078]   Complete 1665 pins.
[INFO DRT-0079]   Complete 100 unique inst patterns.
[INFO DRT-0079]   Complete 200 unique inst patterns.
[INFO DRT-0081]   Complete 205 unique inst patterns.
[INFO DRT-0082]   Complete 10000 groups.
[INFO DRT-0084]   Complete 11709 groups.
#scanned instances     = 19965
#unique  instances     = 211
#stdCellGenAp          = 7598
#stdCellValidPlanarAp  = 0
#stdCellValidViaAp     = 5642
#stdCellPinNoAp        = 0
#stdCellPinCnt         = 42540
#instTermValidViaApCnt = 0
#macroGenAp            = 1120
#macroValidPlanarAp    = 1120
#macroValidViaAp       = 344
#macroNoAp             = 0
[INFO DRT-0166] Complete pin access.
[INFO DRT-0267] cpu time = 00:00:48, elapsed time = 00:00:02, memory = 459.85 (MB), peak = 460.01 (MB)
[INFO DRT-0156] guideIn read 100000 guides.

[INFO DRT-0157] Number of guides:     118043

[INFO DRT-0169] Post process guides.
[INFO DRT-0176] GCELLGRID X 0 DO 132 STEP 16800 ;
[INFO DRT-0177] GCELLGRID Y 0 DO 199 STEP 16800 ;
[INFO DRT-0026]   Complete 100000 origin guides.
[INFO DRT-0028]   Complete Poly2.
[INFO DRT-0028]   Complete CON.
[INFO DRT-0028]   Complete Metal1.
[INFO DRT-0028]   Complete Via1.
[INFO DRT-0028]   Complete Metal2.
[INFO DRT-0028]   Complete Via2.
[INFO DRT-0028]   Complete Metal3.
[INFO DRT-0028]   Complete Via3.
[INFO DRT-0028]   Complete Metal4.
[INFO DRT-0028]   Complete Via4.
[INFO DRT-0028]   Complete Metal5.
[INFO DRT-0178] Init guide query.
[INFO DRT-0035]   Complete Poly2 (guide).
[INFO DRT-0035]   Complete CON (guide).
[INFO DRT-0035]   Complete Metal1 (guide).
[INFO DRT-0035]   Complete Via1 (guide).
[INFO DRT-0035]   Complete Metal2 (guide).
[INFO DRT-0035]   Complete Via2 (guide).
[INFO DRT-0035]   Complete Metal3 (guide).
[INFO DRT-0035]   Complete Via3 (guide).
[INFO DRT-0035]   Complete Metal4 (guide).
[INFO DRT-0035]   Complete Via4 (guide).
[INFO DRT-0035]   Complete Metal5 (guide).
[INFO DRT-0036] Poly2 guide region query size = 0.
[INFO DRT-0036] CON guide region query size = 0.
[INFO DRT-0036] Metal1 guide region query size = 39628.
[INFO DRT-0036] Via1 guide region query size = 0.
[INFO DRT-0036] Metal2 guide region query size = 38067.
[INFO DRT-0036] Via2 guide region query size = 0.
[INFO DRT-0036] Metal3 guide region query size = 19503.
[INFO DRT-0036] Via3 guide region query size = 0.
[INFO DRT-0036] Metal4 guide region query size = 1075.
[INFO DRT-0036] Via4 guide region query size = 0.
[INFO DRT-0036] Metal5 guide region query size = 226.
[INFO DRT-0179] Init gr pin query.
[INFO DRT-0267] cpu time = 00:00:04, elapsed time = 00:00:01, memory = 501.18 (MB), peak = 498.85 (MB)
[INFO DRT-0245] skipped writing guide updates to database.
[INFO DRT-0181] Start track assignment.
[INFO DRT-0184] Done with 39142 vertical wires in 3 frboxes and 59357 horizontal wires in 4 frboxes.
[INFO DRT-0186] Done with 9365 vertical wires in 3 frboxes and 5849 horizontal wires in 4 frboxes.
[INFO DRT-0182] Complete track assignment.
[INFO DRT-0267] cpu time = 00:00:06, elapsed time = 00:00:02, memory = 736.93 (MB), peak = 734.66 (MB)
[INFO DRT-0187] Start routing data preparation.
[INFO DRT-0267] cpu time = 00:00:00, elapsed time = 00:00:00, memory = 736.99 (MB), peak = 734.66 (MB)
[INFO DRT-0194] Start detail routing.
[INFO DRT-0195] Start 0th optimization iteration.
    Completing 10% with 0 violations.
    elapsed time = 00:00:01, memory = 933.06 (MB).
    Completing 20% with 0 violations.
    elapsed time = 00:00:02, memory = 1005.12 (MB).
    Completing 30% with 523 violations.
    elapsed time = 00:00:03, memory = 1037.42 (MB).
    Completing 40% with 523 violations.
    elapsed time = 00:00:04, memory = 1084.11 (MB).
    Completing 50% with 523 violations.
    elapsed time = 00:00:05, memory = 1086.84 (MB).
    Completing 60% with 1001 violations.
    elapsed time = 00:00:07, memory = 1098.54 (MB).
    Completing 70% with 1001 violations.
    elapsed time = 00:00:08, memory = 1123.07 (MB).
    Completing 80% with 1472 violations.
    elapsed time = 00:00:09, memory = 1127.56 (MB).
    Completing 90% with 1472 violations.
    elapsed time = 00:00:11, memory = 1139.82 (MB).
    Completing 100% with 1893 violations.
    elapsed time = 00:00:12, memory = 1142.11 (MB).
[INFO DRT-0199]   Number of violations = 2911.
Viol/Layer      Metal1 Metal2 Metal3 Metal4
Metal Spacing        0    160      7      0
Recheck              4    825    188      1
Short                0   1539    186      1
[INFO DRT-0267] cpu time = 00:03:34, elapsed time = 00:00:13, memory = 1414.07 (MB), peak = 1411.51 (MB)
Total wire length = 1162878 um.
Total wire length on LAYER Metal1 = 0 um.
Total wire length on LAYER Metal2 = 486869 um.
Total wire length on LAYER Metal3 = 404418 um.
Total wire length on LAYER Metal4 = 248120 um.
Total wire length on LAYER Metal5 = 23469 um.
Total number of vias = 90492.
Up-via summary (total 90492):

----------------
  Poly2        0
 Metal1    43250
 Metal2    44767
 Metal3     2045
 Metal4      430
----------------
       90492


[INFO DRT-0195] Start 1st optimization iteration.
    Completing 10% with 2911 violations.
    elapsed time = 00:00:01, memory = 1427.71 (MB).
    Completing 20% with 2911 violations.
    elapsed time = 00:00:01, memory = 1433.96 (MB).
    Completing 30% with 2452 violations.
    elapsed time = 00:00:03, memory = 1424.62 (MB).
    Completing 40% with 2452 violations.
    elapsed time = 00:00:04, memory = 1442.30 (MB).
    Completing 50% with 2452 violations.
    elapsed time = 00:00:05, memory = 1444.83 (MB).
    Completing 60% with 1895 violations.
    elapsed time = 00:00:07, memory = 1457.73 (MB).
    Completing 70% with 1895 violations.
    elapsed time = 00:00:07, memory = 1461.42 (MB).
    Completing 80% with 1464 violations.
    elapsed time = 00:00:09, memory = 1467.73 (MB).
    Completing 90% with 1464 violations.
    elapsed time = 00:00:10, memory = 1467.74 (MB).
    Completing 100% with 867 violations.
    elapsed time = 00:00:11, memory = 1472.70 (MB).
[INFO DRT-0199]   Number of violations = 867.
Viol/Layer      Metal1 Metal2 Metal3 Metal4
Metal Spacing        2    177      3      0
NS Metal             0      2      0      0
Short                0    649     33      1
[INFO DRT-0267] cpu time = 00:03:26, elapsed time = 00:00:12, memory = 1475.70 (MB), peak = 1473.23 (MB)
Total wire length = 1159247 um.
Total wire length on LAYER Metal1 = 0 um.
Total wire length on LAYER Metal2 = 484423 um.
Total wire length on LAYER Metal3 = 403186 um.
Total wire length on LAYER Metal4 = 248225 um.
Total wire length on LAYER Metal5 = 23411 um.
Total number of vias = 90052.
Up-via summary (total 90052):

----------------
  Poly2        0
 Metal1    43299
 Metal2    44235
 Metal3     2096
 Metal4      422
----------------
       90052


[INFO DRT-0195] Start 2nd optimization iteration.
    Completing 10% with 867 violations.
    elapsed time = 00:00:00, memory = 1475.70 (MB).
    Completing 20% with 867 violations.
    elapsed time = 00:00:01, memory = 1477.18 (MB).
    Completing 30% with 838 violations.
    elapsed time = 00:00:02, memory = 1477.19 (MB).
    Completing 40% with 838 violations.
    elapsed time = 00:00:03, memory = 1481.22 (MB).
    Completing 50% with 838 violations.
    elapsed time = 00:00:04, memory = 1484.47 (MB).
    Completing 60% with 805 violations.
    elapsed time = 00:00:05, memory = 1484.47 (MB).
    Completing 70% with 805 violations.
    elapsed time = 00:00:05, memory = 1484.47 (MB).
    Completing 80% with 747 violations.
    elapsed time = 00:00:07, memory = 1489.52 (MB).
    Completing 90% with 747 violations.
    elapsed time = 00:00:08, memory = 1493.44 (MB).
    Completing 100% with 656 violations.
    elapsed time = 00:00:09, memory = 1497.76 (MB).
[INFO DRT-0199]   Number of violations = 656.
Viol/Layer      Metal2 Metal3 Metal4
Metal Spacing      147      0      0
Short              473     35      1
[INFO DRT-0267] cpu time = 00:02:36, elapsed time = 00:00:10, memory = 1500.76 (MB), peak = 1497.98 (MB)
Total wire length = 1158284 um.
Total wire length on LAYER Metal1 = 0 um.
Total wire length on LAYER Metal2 = 483784 um.
Total wire length on LAYER Metal3 = 402851 um.
Total wire length on LAYER Metal4 = 248270 um.
Total wire length on LAYER Metal5 = 23377 um.
Total number of vias = 89755.
Up-via summary (total 89755):

----------------
  Poly2        0
 Metal1    43308
 Metal2    43965
 Metal3     2058
 Metal4      424
----------------
       89755


[INFO DRT-0195] Start 3rd optimization iteration.
    Completing 10% with 656 violations.
    elapsed time = 00:00:00, memory = 1500.76 (MB).
    Completing 20% with 656 violations.
    elapsed time = 00:00:00, memory = 1500.76 (MB).
    Completing 30% with 430 violations.
    elapsed time = 00:00:01, memory = 1500.76 (MB).
    Completing 40% with 430 violations.
    elapsed time = 00:00:01, memory = 1500.76 (MB).
    Completing 50% with 430 violations.
    elapsed time = 00:00:01, memory = 1500.76 (MB).
    Completing 60% with 267 violations.
    elapsed time = 00:00:03, memory = 1505.88 (MB).
    Completing 70% with 267 violations.
    elapsed time = 00:00:03, memory = 1505.88 (MB).
    Completing 80% with 128 violations.
    elapsed time = 00:00:04, memory = 1505.89 (MB).
    Completing 90% with 128 violations.
    elapsed time = 00:00:04, memory = 1505.89 (MB).
    Completing 100% with 15 violations.
    elapsed time = 00:00:05, memory = 1505.89 (MB).
[INFO DRT-0199]   Number of violations = 15.
Viol/Layer      Metal2
Metal Spacing       11
Short                4
[INFO DRT-0267] cpu time = 00:01:10, elapsed time = 00:00:06, memory = 1505.89 (MB), peak = 1503.31 (MB)
Total wire length = 1157888 um.
Total wire length on LAYER Metal1 = 0 um.
Total wire length on LAYER Metal2 = 474291 um.
Total wire length on LAYER Metal3 = 403085 um.
Total wire length on LAYER Metal4 = 256922 um.
Total wire length on LAYER Metal5 = 23589 um.
Total number of vias = 90631.
Up-via summary (total 90631):

----------------
  Poly2        0
 Metal1    43312
 Metal2    44128
 Metal3     2749
 Metal4      442
----------------
       90631


[INFO DRT-0195] Start 4th guides tiles iteration.
    Completing 20% with 15 violations.
    elapsed time = 00:00:00, memory = 1505.89 (MB).
    Completing 50% with 15 violations.
    elapsed time = 00:00:00, memory = 1505.89 (MB).
    Completing 70% with 0 violations.
    elapsed time = 00:00:00, memory = 1505.89 (MB).
    Completing 100% with 0 violations.
    elapsed time = 00:00:00, memory = 1505.89 (MB).
[INFO DRT-0199]   Number of violations = 0.
[INFO DRT-0267] cpu time = 00:00:06, elapsed time = 00:00:00, memory = 1505.89 (MB), peak = 1503.31 (MB)
Total wire length = 1157894 um.
Total wire length on LAYER Metal1 = 0 um.
Total wire length on LAYER Metal2 = 474285 um.
Total wire length on LAYER Metal3 = 403086 um.
Total wire length on LAYER Metal4 = 256926 um.
Total wire length on LAYER Metal5 = 23596 um.
Total number of vias = 90639.
Up-via summary (total 90639):

----------------
  Poly2        0
 Metal1    43312
 Metal2    44130
 Metal3     2754
 Metal4      443
----------------
       90639


[INFO DRT-0198] Complete detail routing.
Total wire length = 1157894 um.
Total wire length on LAYER Metal1 = 0 um.
Total wire length on LAYER Metal2 = 474285 um.
Total wire length on LAYER Metal3 = 403086 um.
Total wire length on LAYER Metal4 = 256926 um.
Total wire length on LAYER Metal5 = 23596 um.
Total number of vias = 90639.
Up-via summary (total 90639):

----------------
  Poly2        0
 Metal1    43312
 Metal2    44130
 Metal3     2754
 Metal4      443
----------------
       90639


[INFO DRT-0267] cpu time = 00:10:55, elapsed time = 00:00:42, memory = 1505.95 (MB), peak = 1503.50 (MB)

[INFO DRT-0180] Post processing.
DRT_OK
EXTRACT
[INFO RCX-0435] Reading extraction model file /foss/pdks/gf180mcuD/libs.tech/librelane/rules.openrcx.gf180mcuD.max ...
[INFO RCX-0434] Defined process_corner MinMax0 with ext_model_index 0 (using extRulesFile defaults)
[INFO RCX-0436] RC segment generation butterfold_top (max_merge_res 50.0) ...
[INFO RCX-0040] Final 54486 rc segments
[INFO RCX-0439] Coupling Cap extraction butterfold_top ...
[INFO RCX-0440] Coupling threshhold is 0.1000 fF, coupling capacitance less than 0.1000 fF will be grounded.
[INFO RCX-0442] 16% of 91931 wires extracted
[INFO RCX-0442] 47% of 91931 wires extracted
[INFO RCX-0442] 100% of 91931 wires extracted
[INFO RCX-0045] Extract 11623 nets, 66109 rsegs, 66109 caps, 145569 ccs
[INFO RCX-0443] 11623 nets finished
SETUP_WNS
wns max -1.13
SETUP_TNS
tns max -42.50
HOLD_WNS_MAXCORNER
wns min 0.00
HOLD_TNS_MAXCORNER
tns min 0.00
SLEW 5868
CAP 551
AOI221_2 MX 0 R180 9 R0 2 MY 0
TECO7_DONE
