Clock: clk
Sources: clk 
Generated: no
Virtual: yes
Propagated: no
Period: 50.000000

===========================================================================
report_clock_properties
============================================================================
Clock                   Period          Waveform
----------------------------------------------------
clk                  50.000000    0.000000 25.000000

===========================================================================
report_clock_latency
============================================================================
Clock clk
rise -> rise
    min     max
0.000000 0.000000 source latency
0.788232         network latency u_sram/CLK
        0.857677 network latency _36_/CLK
---------------
0.788232 0.857677 latency
        0.069446 skew

fall -> fall
    min     max
0.000000 0.000000 source latency
0.718149         network latency u_sram/CLK
        0.774307 network latency _36_/CLK
---------------
0.718149 0.774307 latency
        0.056158 skew



===========================================================================
report_clock_min_period
============================================================================
clk period_min = 6.94 fmax = 144.19
