
===========================================================================
report_checks -path_delay max (Setup)
============================================================================
======================= nom_tt_025C_5v00 Corner ===================================

Startpoint: u_sram (rising edge-triggered flip-flop clocked by clk)
Endpoint: q[3] (output port clocked by clk)
Path Group: clk
Path Type: max

Fanout         Cap        Slew       Delay        Time   Description
---------------------------------------------------------------------------------------------
                                  0.000000    0.000000   clock clk (rise edge)
                                  0.000000    0.000000   clock source latency
     2    0.057201    0.263153    0.138730    0.138730 ^ clk (in)
                                                         clk (net)
                      0.263164    0.000000    0.138730 ^ clkbuf_0_clk/I (gf180mcu_fd_sc_mcu7t5v0__clkbuf_16)
     1    0.023288    0.092878    0.261405    0.400136 ^ clkbuf_0_clk/Z (gf180mcu_fd_sc_mcu7t5v0__clkbuf_16)
                                                         clknet_0_clk (net)
                      0.092878    0.000081    0.400217 ^ clkbuf_1_0__f_clk/I (gf180mcu_fd_sc_mcu7t5v0__clkbuf_16)
     1    0.283892    0.327139    0.384376    0.784592 ^ clkbuf_1_0__f_clk/Z (gf180mcu_fd_sc_mcu7t5v0__clkbuf_16)
                                                         clknet_1_0__leaf_clk (net)
                      0.327276    0.003639    0.788232 ^ u_sram/CLK (gf180mcu_fd_ip_sram__sram64x8m8wm1)
     1    0.010846    0.502626   16.275600   17.063831 v u_sram/Q[3] (gf180mcu_fd_ip_sram__sram64x8m8wm1)
                                                         net5 (net)
                      0.502626    0.000222   17.064054 v output5/I (gf180mcu_fd_sc_mcu7t5v0__dlyb_1)
     1    0.073522    0.833014    1.617464   18.681517 v output5/Z (gf180mcu_fd_sc_mcu7t5v0__dlyb_1)
                                                         q[3] (net)
                      0.833014    0.000187   18.681704 v q[3] (out)
                                             18.681704   data arrival time

                                 50.000000   50.000000   clock clk (rise edge)
                                  0.000000   50.000000   clock network delay (propagated)
                                 -0.250000   49.749996   clock uncertainty
                                  0.000000   49.749996   clock reconvergence pessimism
                                -10.000000   39.749996   output external delay
                                             39.749996   data required time
---------------------------------------------------------------------------------------------
                                             39.749996   data required time
                                            -18.681704   data arrival time
---------------------------------------------------------------------------------------------
                                             21.068293   slack (MET)


Startpoint: u_sram (rising edge-triggered flip-flop clocked by clk)
Endpoint: q[0] (output port clocked by clk)
Path Group: clk
Path Type: max

Fanout         Cap        Slew       Delay        Time   Description
---------------------------------------------------------------------------------------------
                                  0.000000    0.000000   clock clk (rise edge)
                                  0.000000    0.000000   clock source latency
     2    0.057201    0.263153    0.138730    0.138730 ^ clk (in)
                                                         clk (net)
                      0.263164    0.000000    0.138730 ^ clkbuf_0_clk/I (gf180mcu_fd_sc_mcu7t5v0__clkbuf_16)
     1    0.023288    0.092878    0.261405    0.400136 ^ clkbuf_0_clk/Z (gf180mcu_fd_sc_mcu7t5v0__clkbuf_16)
                                                         clknet_0_clk (net)
                      0.092878    0.000081    0.400217 ^ clkbuf_1_0__f_clk/I (gf180mcu_fd_sc_mcu7t5v0__clkbuf_16)
     1    0.283892    0.327139    0.384376    0.784592 ^ clkbuf_1_0__f_clk/Z (gf180mcu_fd_sc_mcu7t5v0__clkbuf_16)
                                                         clknet_1_0__leaf_clk (net)
                      0.327276    0.003639    0.788232 ^ u_sram/CLK (gf180mcu_fd_ip_sram__sram64x8m8wm1)
     1    0.010812    0.502536   16.275478   17.063709 v u_sram/Q[0] (gf180mcu_fd_ip_sram__sram64x8m8wm1)
                                                         net2 (net)
                      0.502536    0.000220   17.063929 v output2/I (gf180mcu_fd_sc_mcu7t5v0__dlyb_1)
     1    0.073468    0.832533    1.617098   18.681026 v output2/Z (gf180mcu_fd_sc_mcu7t5v0__dlyb_1)
                                                         q[0] (net)
                      0.832533    0.000167   18.681194 v q[0] (out)
                                             18.681194   data arrival time

                                 50.000000   50.000000   clock clk (rise edge)
                                  0.000000   50.000000   clock network delay (propagated)
                                 -0.250000   49.749996   clock uncertainty
                                  0.000000   49.749996   clock reconvergence pessimism
                                -10.000000   39.749996   output external delay
                                             39.749996   data required time
---------------------------------------------------------------------------------------------
                                             39.749996   data required time
                                            -18.681194   data arrival time
---------------------------------------------------------------------------------------------
                                             21.068802   slack (MET)


Startpoint: u_sram (rising edge-triggered flip-flop clocked by clk)
Endpoint: q[1] (output port clocked by clk)
Path Group: clk
Path Type: max

Fanout         Cap        Slew       Delay        Time   Description
---------------------------------------------------------------------------------------------
                                  0.000000    0.000000   clock clk (rise edge)
                                  0.000000    0.000000   clock source latency
     2    0.057201    0.263153    0.138730    0.138730 ^ clk (in)
                                                         clk (net)
                      0.263164    0.000000    0.138730 ^ clkbuf_0_clk/I (gf180mcu_fd_sc_mcu7t5v0__clkbuf_16)
     1    0.023288    0.092878    0.261405    0.400136 ^ clkbuf_0_clk/Z (gf180mcu_fd_sc_mcu7t5v0__clkbuf_16)
                                                         clknet_0_clk (net)
                      0.092878    0.000081    0.400217 ^ clkbuf_1_0__f_clk/I (gf180mcu_fd_sc_mcu7t5v0__clkbuf_16)
     1    0.283892    0.327139    0.384376    0.784592 ^ clkbuf_1_0__f_clk/Z (gf180mcu_fd_sc_mcu7t5v0__clkbuf_16)
                                                         clknet_1_0__leaf_clk (net)
                      0.327276    0.003639    0.788232 ^ u_sram/CLK (gf180mcu_fd_ip_sram__sram64x8m8wm1)
     1    0.010764    0.502404   16.275301   17.063534 v u_sram/Q[1] (gf180mcu_fd_ip_sram__sram64x8m8wm1)
                                                         net3 (net)
                      0.502404    0.000217   17.063749 v output3/I (gf180mcu_fd_sc_mcu7t5v0__dlyb_1)
     1    0.073442    0.832292    1.616883   18.680634 v output3/Z (gf180mcu_fd_sc_mcu7t5v0__dlyb_1)
                                                         q[1] (net)
                      0.832292    0.000158   18.680790 v q[1] (out)
                                             18.680790   data arrival time

                                 50.000000   50.000000   clock clk (rise edge)
                                  0.000000   50.000000   clock network delay (propagated)
                                 -0.250000   49.749996   clock uncertainty
                                  0.000000   49.749996   clock reconvergence pessimism
                                -10.000000   39.749996   output external delay
                                             39.749996   data required time
---------------------------------------------------------------------------------------------
                                             39.749996   data required time
                                            -18.680790   data arrival time
---------------------------------------------------------------------------------------------
                                             21.069206   slack (MET)


Startpoint: u_sram (rising edge-triggered flip-flop clocked by clk)
Endpoint: q[2] (output port clocked by clk)
Path Group: clk
Path Type: max

Fanout         Cap        Slew       Delay        Time   Description
---------------------------------------------------------------------------------------------
                                  0.000000    0.000000   clock clk (rise edge)
                                  0.000000    0.000000   clock source latency
     2    0.057201    0.263153    0.138730    0.138730 ^ clk (in)
                                                         clk (net)
                      0.263164    0.000000    0.138730 ^ clkbuf_0_clk/I (gf180mcu_fd_sc_mcu7t5v0__clkbuf_16)
     1    0.023288    0.092878    0.261405    0.400136 ^ clkbuf_0_clk/Z (gf180mcu_fd_sc_mcu7t5v0__clkbuf_16)
                                                         clknet_0_clk (net)
                      0.092878    0.000081    0.400217 ^ clkbuf_1_0__f_clk/I (gf180mcu_fd_sc_mcu7t5v0__clkbuf_16)
     1    0.283892    0.327139    0.384376    0.784592 ^ clkbuf_1_0__f_clk/Z (gf180mcu_fd_sc_mcu7t5v0__clkbuf_16)
                                                         clknet_1_0__leaf_clk (net)
                      0.327276    0.003639    0.788232 ^ u_sram/CLK (gf180mcu_fd_ip_sram__sram64x8m8wm1)
     1    0.010380    0.501369   16.273897   17.062128 v u_sram/Q[2] (gf180mcu_fd_ip_sram__sram64x8m8wm1)
                                                         net4 (net)
                      0.501369    0.000201   17.062328 v output4/I (gf180mcu_fd_sc_mcu7t5v0__dlyb_1)
     1    0.073699    0.834602    1.618114   18.680443 v output4/Z (gf180mcu_fd_sc_mcu7t5v0__dlyb_1)
                                                         q[2] (net)
                      0.834602    0.000233   18.680676 v q[2] (out)
                                             18.680676   data arrival time

                                 50.000000   50.000000   clock clk (rise edge)
                                  0.000000   50.000000   clock network delay (propagated)
                                 -0.250000   49.749996   clock uncertainty
                                  0.000000   49.749996   clock reconvergence pessimism
                                -10.000000   39.749996   output external delay
                                             39.749996   data required time
---------------------------------------------------------------------------------------------
                                             39.749996   data required time
                                            -18.680676   data arrival time
---------------------------------------------------------------------------------------------
                                             21.069321   slack (MET)


Startpoint: rst (input port clocked by clk)
Endpoint: _38_ (rising edge-triggered flip-flop clocked by clk)
Path Group: clk
Path Type: max

Fanout         Cap        Slew       Delay        Time   Description
---------------------------------------------------------------------------------------------
                                  0.000000    0.000000   clock clk (rise edge)
                                  0.000000    0.000000   clock network delay (propagated)
                                 10.000000   10.000000 v input external delay
     1    0.003564    0.063027    0.021916   10.021916 v rst (in)
                                                         rst (net)
                      0.063027    0.000000   10.021916 v input1/I (gf180mcu_fd_sc_mcu7t5v0__dlyb_1)
     4    0.073889    0.806787    1.461637   11.483553 v input1/Z (gf180mcu_fd_sc_mcu7t5v0__dlyb_1)
                                                         net1 (net)
                      0.807348    0.011967   11.495521 v _30_/A1 (gf180mcu_fd_sc_mcu7t5v0__nor3_1)
     1    0.004169    0.454358    0.429503   11.925023 ^ _30_/ZN (gf180mcu_fd_sc_mcu7t5v0__nor3_1)
                                                         _00_ (net)
                      0.454358    0.000027   11.925050 ^ _38_/D (gf180mcu_fd_sc_mcu7t5v0__dffq_1)
                                             11.925050   data arrival time

                                 50.000000   50.000000   clock clk (rise edge)
                                  0.000000   50.000000   clock source latency
     2    0.057201    0.263153    0.139366   50.139366 ^ clk (in)
                                                         clk (net)
                      0.263179    0.000000   50.139366 ^ clkbuf_regs_0_clk/I (gf180mcu_fd_sc_mcu7t5v0__clkbuf_16)
     1    0.023314    0.092902    0.261430   50.400795 ^ clkbuf_regs_0_clk/Z (gf180mcu_fd_sc_mcu7t5v0__clkbuf_16)
                                                         clk_regs (net)
                      0.092902    0.000082   50.400875 ^ clkbuf_0_clk_regs/I (gf180mcu_fd_sc_mcu7t5v0__clkbuf_16)
     2    0.046143    0.111782    0.240551   50.641426 ^ clkbuf_0_clk_regs/Z (gf180mcu_fd_sc_mcu7t5v0__clkbuf_16)
                                                         clknet_0_clk_regs (net)
                      0.111782    0.000028   50.641457 ^ clkbuf_1_0__f_clk_regs/I (gf180mcu_fd_sc_mcu7t5v0__clkbuf_16)
     2    0.007645    0.076828    0.215312   50.856766 ^ clkbuf_1_0__f_clk_regs/Z (gf180mcu_fd_sc_mcu7t5v0__clkbuf_16)
                                                         clknet_1_0__leaf_clk_regs (net)
                      0.076828    0.000014   50.856781 ^ _38_/CLK (gf180mcu_fd_sc_mcu7t5v0__dffq_1)
                                 -0.250000   50.606781   clock uncertainty
                                  0.000000   50.606781   clock reconvergence pessimism
                                 -0.256198   50.350582   library setup time
                                             50.350582   data required time
---------------------------------------------------------------------------------------------
                                             50.350582   data required time
                                            -11.925050   data arrival time
---------------------------------------------------------------------------------------------
                                             38.425533   slack (MET)


Startpoint: rst (input port clocked by clk)
Endpoint: _39_ (rising edge-triggered flip-flop clocked by clk)
Path Group: clk
Path Type: max

Fanout         Cap        Slew       Delay        Time   Description
---------------------------------------------------------------------------------------------
                                  0.000000    0.000000   clock clk (rise edge)
                                  0.000000    0.000000   clock network delay (propagated)
                                 10.000000   10.000000 v input external delay
     1    0.003564    0.063027    0.021916   10.021916 v rst (in)
                                                         rst (net)
                      0.063027    0.000000   10.021916 v input1/I (gf180mcu_fd_sc_mcu7t5v0__dlyb_1)
     4    0.073889    0.806787    1.461637   11.483553 v input1/Z (gf180mcu_fd_sc_mcu7t5v0__dlyb_1)
                                                         net1 (net)
                      0.807341    0.011891   11.495444 v _32_/A1 (gf180mcu_fd_sc_mcu7t5v0__nor2_1)
     1    0.004707    0.351740    0.362277   11.857721 ^ _32_/ZN (gf180mcu_fd_sc_mcu7t5v0__nor2_1)
                                                         _01_ (net)
                      0.351740    0.000037   11.857759 ^ _39_/D (gf180mcu_fd_sc_mcu7t5v0__dffq_1)
                                             11.857759   data arrival time

                                 50.000000   50.000000   clock clk (rise edge)
                                  0.000000   50.000000   clock source latency
     2    0.057201    0.263153    0.139366   50.139366 ^ clk (in)
                                                         clk (net)
                      0.263179    0.000000   50.139366 ^ clkbuf_regs_0_clk/I (gf180mcu_fd_sc_mcu7t5v0__clkbuf_16)
     1    0.023314    0.092902    0.261430   50.400795 ^ clkbuf_regs_0_clk/Z (gf180mcu_fd_sc_mcu7t5v0__clkbuf_16)
                                                         clk_regs (net)
                      0.092902    0.000082   50.400875 ^ clkbuf_0_clk_regs/I (gf180mcu_fd_sc_mcu7t5v0__clkbuf_16)
     2    0.046143    0.111782    0.240551   50.641426 ^ clkbuf_0_clk_regs/Z (gf180mcu_fd_sc_mcu7t5v0__clkbuf_16)
                                                         clknet_0_clk_regs (net)
                      0.111782    0.000092   50.641518 ^ clkbuf_1_1__f_clk_regs/I (gf180mcu_fd_sc_mcu7t5v0__clkbuf_16)
     2    0.008580    0.077731    0.216094   50.857613 ^ clkbuf_1_1__f_clk_regs/Z (gf180mcu_fd_sc_mcu7t5v0__clkbuf_16)
                                                         clknet_1_1__leaf_clk_regs (net)
                      0.077731    0.000053   50.857666 ^ _39_/CLK (gf180mcu_fd_sc_mcu7t5v0__dffq_1)
                                 -0.250000   50.607666   clock uncertainty
                                  0.000000   50.607666   clock reconvergence pessimism
                                 -0.248466   50.359200   library setup time
                                             50.359200   data required time
---------------------------------------------------------------------------------------------
                                             50.359200   data required time
                                            -11.857759   data arrival time
---------------------------------------------------------------------------------------------
                                             38.501442   slack (MET)


Startpoint: rst (input port clocked by clk)
Endpoint: _37_ (rising edge-triggered flip-flop clocked by clk)
Path Group: clk
Path Type: max

Fanout         Cap        Slew       Delay        Time   Description
---------------------------------------------------------------------------------------------
                                  0.000000    0.000000   clock clk (rise edge)
                                  0.000000    0.000000   clock network delay (propagated)
                                 10.000000   10.000000 v input external delay
     1    0.003564    0.063027    0.021916   10.021916 v rst (in)
                                                         rst (net)
                      0.063027    0.000000   10.021916 v input1/I (gf180mcu_fd_sc_mcu7t5v0__dlyb_1)
     4    0.073889    0.806787    1.461637   11.483553 v input1/Z (gf180mcu_fd_sc_mcu7t5v0__dlyb_1)
                                                         net1 (net)
                      0.807346    0.011946   11.495499 v _35_/A1 (gf180mcu_fd_sc_mcu7t5v0__nor2_1)
     1    0.004292    0.340487    0.353208   11.848707 ^ _35_/ZN (gf180mcu_fd_sc_mcu7t5v0__nor2_1)
                                                         _03_ (net)
                      0.340487    0.000029   11.848737 ^ _37_/D (gf180mcu_fd_sc_mcu7t5v0__dffq_1)
                                             11.848737   data arrival time

                                 50.000000   50.000000   clock clk (rise edge)
                                  0.000000   50.000000   clock source latency
     2    0.057201    0.263153    0.139366   50.139366 ^ clk (in)
                                                         clk (net)
                      0.263179    0.000000   50.139366 ^ clkbuf_regs_0_clk/I (gf180mcu_fd_sc_mcu7t5v0__clkbuf_16)
     1    0.023314    0.092902    0.261430   50.400795 ^ clkbuf_regs_0_clk/Z (gf180mcu_fd_sc_mcu7t5v0__clkbuf_16)
                                                         clk_regs (net)
                      0.092902    0.000082   50.400875 ^ clkbuf_0_clk_regs/I (gf180mcu_fd_sc_mcu7t5v0__clkbuf_16)
     2    0.046143    0.111782    0.240551   50.641426 ^ clkbuf_0_clk_regs/Z (gf180mcu_fd_sc_mcu7t5v0__clkbuf_16)
                                                         clknet_0_clk_regs (net)
                      0.111782    0.000028   50.641457 ^ clkbuf_1_0__f_clk_regs/I (gf180mcu_fd_sc_mcu7t5v0__clkbuf_16)
     2    0.007645    0.076828    0.215312   50.856766 ^ clkbuf_1_0__f_clk_regs/Z (gf180mcu_fd_sc_mcu7t5v0__clkbuf_16)
                                                         clknet_1_0__leaf_clk_regs (net)
                      0.076828    0.000018   50.856785 ^ _37_/CLK (gf180mcu_fd_sc_mcu7t5v0__dffq_1)
                                 -0.250000   50.606785   clock uncertainty
                                  0.000000   50.606785   clock reconvergence pessimism
                                 -0.247829   50.358955   library setup time
                                             50.358955   data required time
---------------------------------------------------------------------------------------------
                                             50.358955   data required time
                                            -11.848737   data arrival time
---------------------------------------------------------------------------------------------
                                             38.510216   slack (MET)


Startpoint: rst (input port clocked by clk)
Endpoint: _36_ (rising edge-triggered flip-flop clocked by clk)
Path Group: clk
Path Type: max

Fanout         Cap        Slew       Delay        Time   Description
---------------------------------------------------------------------------------------------
                                  0.000000    0.000000   clock clk (rise edge)
                                  0.000000    0.000000   clock network delay (propagated)
                                 10.000000   10.000000 ^ input external delay
     1    0.003564    0.108492    0.035603   10.035603 ^ rst (in)
                                                         rst (net)
                      0.108492    0.000000   10.035603 ^ input1/I (gf180mcu_fd_sc_mcu7t5v0__dlyb_1)
     4    0.073889    1.231601    1.512149   11.547751 ^ input1/Z (gf180mcu_fd_sc_mcu7t5v0__dlyb_1)
                                                         net1 (net)
                      1.231972    0.011946   11.559697 ^ _33_/A2 (gf180mcu_fd_sc_mcu7t5v0__nor2_1)
     1    0.004069    0.380877    0.179902   11.739600 v _33_/ZN (gf180mcu_fd_sc_mcu7t5v0__nor2_1)
                                                         _02_ (net)
                      0.380877    0.000025   11.739625 v _36_/D (gf180mcu_fd_sc_mcu7t5v0__dffq_1)
                                             11.739625   data arrival time

                                 50.000000   50.000000   clock clk (rise edge)
                                  0.000000   50.000000   clock source latency
     2    0.057201    0.263153    0.139366   50.139366 ^ clk (in)
                                                         clk (net)
                      0.263179    0.000000   50.139366 ^ clkbuf_regs_0_clk/I (gf180mcu_fd_sc_mcu7t5v0__clkbuf_16)
     1    0.023314    0.092902    0.261430   50.400795 ^ clkbuf_regs_0_clk/Z (gf180mcu_fd_sc_mcu7t5v0__clkbuf_16)
                                                         clk_regs (net)
                      0.092902    0.000082   50.400875 ^ clkbuf_0_clk_regs/I (gf180mcu_fd_sc_mcu7t5v0__clkbuf_16)
     2    0.046143    0.111782    0.240551   50.641426 ^ clkbuf_0_clk_regs/Z (gf180mcu_fd_sc_mcu7t5v0__clkbuf_16)
                                                         clknet_0_clk_regs (net)
                      0.111782    0.000092   50.641518 ^ clkbuf_1_1__f_clk_regs/I (gf180mcu_fd_sc_mcu7t5v0__clkbuf_16)
     2    0.008580    0.077731    0.216094   50.857613 ^ clkbuf_1_1__f_clk_regs/Z (gf180mcu_fd_sc_mcu7t5v0__clkbuf_16)
                                                         clknet_1_1__leaf_clk_regs (net)
                      0.077731    0.000064   50.857677 ^ _36_/CLK (gf180mcu_fd_sc_mcu7t5v0__dffq_1)
                                 -0.250000   50.607677   clock uncertainty
                                  0.000000   50.607677   clock reconvergence pessimism
                                 -0.320816   50.286858   library setup time
                                             50.286858   data required time
---------------------------------------------------------------------------------------------
                                             50.286858   data required time
                                            -11.739625   data arrival time
---------------------------------------------------------------------------------------------
                                             38.547237   slack (MET)


Startpoint: _36_ (rising edge-triggered flip-flop clocked by clk)
Endpoint: u_sram (rising edge-triggered flip-flop clocked by clk)
Path Group: clk
Path Type: max

Fanout         Cap        Slew       Delay        Time   Description
---------------------------------------------------------------------------------------------
                                  0.000000    0.000000   clock clk (rise edge)
                                  0.000000    0.000000   clock source latency
     2    0.057201    0.263153    0.139364    0.139364 ^ clk (in)
                                                         clk (net)
                      0.263179    0.000000    0.139364 ^ clkbuf_regs_0_clk/I (gf180mcu_fd_sc_mcu7t5v0__clkbuf_16)
     1    0.023314    0.092902    0.261431    0.400795 ^ clkbuf_regs_0_clk/Z (gf180mcu_fd_sc_mcu7t5v0__clkbuf_16)
                                                         clk_regs (net)
                      0.092902    0.000084    0.400879 ^ clkbuf_0_clk_regs/I (gf180mcu_fd_sc_mcu7t5v0__clkbuf_16)
     2    0.046143    0.111782    0.240547    0.641427 ^ clkbuf_0_clk_regs/Z (gf180mcu_fd_sc_mcu7t5v0__clkbuf_16)
                                                         clknet_0_clk_regs (net)
                      0.111782    0.000095    0.641521 ^ clkbuf_1_1__f_clk_regs/I (gf180mcu_fd_sc_mcu7t5v0__clkbuf_16)
     2    0.008580    0.077731    0.216092    0.857613 ^ clkbuf_1_1__f_clk_regs/Z (gf180mcu_fd_sc_mcu7t5v0__clkbuf_16)
                                                         clknet_1_1__leaf_clk_regs (net)
                      0.077731    0.000064    0.857677 ^ _36_/CLK (gf180mcu_fd_sc_mcu7t5v0__dffq_1)
     5    0.026420    0.308285    0.789136    1.646813 v _36_/Q (gf180mcu_fd_sc_mcu7t5v0__dffq_1)
                                                         cnt[0] (net)
                      0.308285    0.000056    1.646869 v hold33/I (gf180mcu_fd_sc_mcu7t5v0__dlyc_1)
     1    0.004767    0.208744    1.727101    3.373970 v hold33/Z (gf180mcu_fd_sc_mcu7t5v0__dlyc_1)
                                                         net32 (net)
                      0.208744    0.000032    3.374001 v hold29/I (gf180mcu_fd_sc_mcu7t5v0__dlyc_1)
     1    0.037788    0.505815    1.973026    5.347027 v hold29/Z (gf180mcu_fd_sc_mcu7t5v0__dlyc_1)
                                                         net28 (net)
                      0.505815    0.000518    5.347545 v u_sram/A[0] (gf180mcu_fd_ip_sram__sram64x8m8wm1)
                                              5.347545   data arrival time

                                 50.000000   50.000000   clock clk (rise edge)
                                  0.000000   50.000000   clock source latency
     2    0.057201    0.263153    0.138730   50.138729 ^ clk (in)
                                                         clk (net)
                      0.263164    0.000000   50.138729 ^ clkbuf_0_clk/I (gf180mcu_fd_sc_mcu7t5v0__clkbuf_16)
     1    0.023288    0.092878    0.261405   50.400135 ^ clkbuf_0_clk/Z (gf180mcu_fd_sc_mcu7t5v0__clkbuf_16)
                                                         clknet_0_clk (net)
                      0.092878    0.000082   50.400215 ^ clkbuf_1_0__f_clk/I (gf180mcu_fd_sc_mcu7t5v0__clkbuf_16)
     1    0.283892    0.327139    0.384375   50.784592 ^ clkbuf_1_0__f_clk/Z (gf180mcu_fd_sc_mcu7t5v0__clkbuf_16)
                                                         clknet_1_0__leaf_clk (net)
                      0.327276    0.003638   50.788227 ^ u_sram/CLK (gf180mcu_fd_ip_sram__sram64x8m8wm1)
                                 -0.250000   50.538227   clock uncertainty
                                  0.000000   50.538227   clock reconvergence pessimism
                                 -2.126127   48.412102   library setup time
                                             48.412102   data required time
---------------------------------------------------------------------------------------------
                                             48.412102   data required time
                                             -5.347545   data arrival time
---------------------------------------------------------------------------------------------
                                             43.064556   slack (MET)


Startpoint: _37_ (rising edge-triggered flip-flop clocked by clk)
Endpoint: u_sram (rising edge-triggered flip-flop clocked by clk)
Path Group: clk
Path Type: max

Fanout         Cap        Slew       Delay        Time   Description
---------------------------------------------------------------------------------------------
                                  0.000000    0.000000   clock clk (rise edge)
                                  0.000000    0.000000   clock source latency
     2    0.057201    0.263153    0.139364    0.139364 ^ clk (in)
                                                         clk (net)
                      0.263179    0.000000    0.139364 ^ clkbuf_regs_0_clk/I (gf180mcu_fd_sc_mcu7t5v0__clkbuf_16)
     1    0.023314    0.092902    0.261431    0.400795 ^ clkbuf_regs_0_clk/Z (gf180mcu_fd_sc_mcu7t5v0__clkbuf_16)
                                                         clk_regs (net)
                      0.092902    0.000084    0.400879 ^ clkbuf_0_clk_regs/I (gf180mcu_fd_sc_mcu7t5v0__clkbuf_16)
     2    0.046143    0.111782    0.240547    0.641427 ^ clkbuf_0_clk_regs/Z (gf180mcu_fd_sc_mcu7t5v0__clkbuf_16)
                                                         clknet_0_clk_regs (net)
                      0.111782    0.000032    0.641458 ^ clkbuf_1_0__f_clk_regs/I (gf180mcu_fd_sc_mcu7t5v0__clkbuf_16)
     2    0.007645    0.076828    0.215311    0.856769 ^ clkbuf_1_0__f_clk_regs/Z (gf180mcu_fd_sc_mcu7t5v0__clkbuf_16)
                                                         clknet_1_0__leaf_clk_regs (net)
                      0.076828    0.000018    0.856787 ^ _37_/CLK (gf180mcu_fd_sc_mcu7t5v0__dffq_1)
     4    0.020280    0.252446    0.751595    1.608382 v _37_/Q (gf180mcu_fd_sc_mcu7t5v0__dffq_1)
                                                         cnt[1] (net)
                      0.252446    0.000050    1.608431 v hold32/I (gf180mcu_fd_sc_mcu7t5v0__dlyc_1)
     1    0.003355    0.194329    1.690705    3.299136 v hold32/Z (gf180mcu_fd_sc_mcu7t5v0__dlyc_1)
                                                         net31 (net)
                      0.194329    0.000009    3.299145 v hold28/I (gf180mcu_fd_sc_mcu7t5v0__dlyc_1)
     1    0.038166    0.509025    1.970447    5.269592 v hold28/Z (gf180mcu_fd_sc_mcu7t5v0__dlyc_1)
                                                         net27 (net)
                      0.509025    0.000575    5.270167 v u_sram/A[1] (gf180mcu_fd_ip_sram__sram64x8m8wm1)
                                              5.270167   data arrival time

                                 50.000000   50.000000   clock clk (rise edge)
                                  0.000000   50.000000   clock source latency
     2    0.057201    0.263153    0.138730   50.138729 ^ clk (in)
                                                         clk (net)
                      0.263164    0.000000   50.138729 ^ clkbuf_0_clk/I (gf180mcu_fd_sc_mcu7t5v0__clkbuf_16)
     1    0.023288    0.092878    0.261405   50.400135 ^ clkbuf_0_clk/Z (gf180mcu_fd_sc_mcu7t5v0__clkbuf_16)
                                                         clknet_0_clk (net)
                      0.092878    0.000082   50.400215 ^ clkbuf_1_0__f_clk/I (gf180mcu_fd_sc_mcu7t5v0__clkbuf_16)
     1    0.283892    0.327139    0.384375   50.784592 ^ clkbuf_1_0__f_clk/Z (gf180mcu_fd_sc_mcu7t5v0__clkbuf_16)
                                                         clknet_1_0__leaf_clk (net)
                      0.327276    0.003638   50.788227 ^ u_sram/CLK (gf180mcu_fd_ip_sram__sram64x8m8wm1)
                                 -0.250000   50.538227   clock uncertainty
                                  0.000000   50.538227   clock reconvergence pessimism
                                 -2.126984   48.411243   library setup time
                                             48.411243   data required time
---------------------------------------------------------------------------------------------
                                             48.411243   data required time
                                             -5.270167   data arrival time
---------------------------------------------------------------------------------------------
                                             43.141075   slack (MET)


Startpoint: _38_ (rising edge-triggered flip-flop clocked by clk)
Endpoint: u_sram (rising edge-triggered flip-flop clocked by clk)
Path Group: clk
Path Type: max

Fanout         Cap        Slew       Delay        Time   Description
---------------------------------------------------------------------------------------------
                                  0.000000    0.000000   clock clk (rise edge)
                                  0.000000    0.000000   clock source latency
     2    0.057201    0.263153    0.139364    0.139364 ^ clk (in)
                                                         clk (net)
                      0.263179    0.000000    0.139364 ^ clkbuf_regs_0_clk/I (gf180mcu_fd_sc_mcu7t5v0__clkbuf_16)
     1    0.023314    0.092902    0.261431    0.400795 ^ clkbuf_regs_0_clk/Z (gf180mcu_fd_sc_mcu7t5v0__clkbuf_16)
                                                         clk_regs (net)
                      0.092902    0.000084    0.400879 ^ clkbuf_0_clk_regs/I (gf180mcu_fd_sc_mcu7t5v0__clkbuf_16)
     2    0.046143    0.111782    0.240547    0.641427 ^ clkbuf_0_clk_regs/Z (gf180mcu_fd_sc_mcu7t5v0__clkbuf_16)
                                                         clknet_0_clk_regs (net)
                      0.111782    0.000032    0.641458 ^ clkbuf_1_0__f_clk_regs/I (gf180mcu_fd_sc_mcu7t5v0__clkbuf_16)
     2    0.007645    0.076828    0.215311    0.856769 ^ clkbuf_1_0__f_clk_regs/Z (gf180mcu_fd_sc_mcu7t5v0__clkbuf_16)
                                                         clknet_1_0__leaf_clk_regs (net)
                      0.076828    0.000014    0.856783 ^ _38_/CLK (gf180mcu_fd_sc_mcu7t5v0__dffq_1)
     3    0.011289    0.173415    0.691785    1.548568 v _38_/Q (gf180mcu_fd_sc_mcu7t5v0__dffq_1)
                                                         cnt[2] (net)
                      0.173415    0.000017    1.548585 v hold31/I (gf180mcu_fd_sc_mcu7t5v0__dlyc_1)
     1    0.003785    0.199277    1.667766    3.216351 v hold31/Z (gf180mcu_fd_sc_mcu7t5v0__dlyc_1)
                                                         net30 (net)
                      0.199277    0.000015    3.216366 v hold27/I (gf180mcu_fd_sc_mcu7t5v0__dlyc_1)
     1    0.037767    0.505681    1.969544    5.185910 v hold27/Z (gf180mcu_fd_sc_mcu7t5v0__dlyc_1)
                                                         net26 (net)
                      0.505681    0.000514    5.186423 v u_sram/A[2] (gf180mcu_fd_ip_sram__sram64x8m8wm1)
                                              5.186423   data arrival time

                                 50.000000   50.000000   clock clk (rise edge)
                                  0.000000   50.000000   clock source latency
     2    0.057201    0.263153    0.138730   50.138729 ^ clk (in)
                                                         clk (net)
                      0.263164    0.000000   50.138729 ^ clkbuf_0_clk/I (gf180mcu_fd_sc_mcu7t5v0__clkbuf_16)
     1    0.023288    0.092878    0.261405   50.400135 ^ clkbuf_0_clk/Z (gf180mcu_fd_sc_mcu7t5v0__clkbuf_16)
                                                         clknet_0_clk (net)
                      0.092878    0.000082   50.400215 ^ clkbuf_1_0__f_clk/I (gf180mcu_fd_sc_mcu7t5v0__clkbuf_16)
     1    0.283892    0.327139    0.384375   50.784592 ^ clkbuf_1_0__f_clk/Z (gf180mcu_fd_sc_mcu7t5v0__clkbuf_16)
                                                         clknet_1_0__leaf_clk (net)
                      0.327276    0.003638   50.788227 ^ u_sram/CLK (gf180mcu_fd_ip_sram__sram64x8m8wm1)
                                 -0.250000   50.538227   clock uncertainty
                                  0.000000   50.538227   clock reconvergence pessimism
                                 -2.126091   48.412136   library setup time
                                             48.412136   data required time
---------------------------------------------------------------------------------------------
                                             48.412136   data required time
                                             -5.186423   data arrival time
---------------------------------------------------------------------------------------------
                                             43.225716   slack (MET)


Startpoint: _39_ (rising edge-triggered flip-flop clocked by clk)
Endpoint: u_sram (rising edge-triggered flip-flop clocked by clk)
Path Group: clk
Path Type: max

Fanout         Cap        Slew       Delay        Time   Description
---------------------------------------------------------------------------------------------
                                  0.000000    0.000000   clock clk (rise edge)
                                  0.000000    0.000000   clock source latency
     2    0.057201    0.263153    0.139364    0.139364 ^ clk (in)
                                                         clk (net)
                      0.263179    0.000000    0.139364 ^ clkbuf_regs_0_clk/I (gf180mcu_fd_sc_mcu7t5v0__clkbuf_16)
     1    0.023314    0.092902    0.261431    0.400795 ^ clkbuf_regs_0_clk/Z (gf180mcu_fd_sc_mcu7t5v0__clkbuf_16)
                                                         clk_regs (net)
                      0.092902    0.000084    0.400879 ^ clkbuf_0_clk_regs/I (gf180mcu_fd_sc_mcu7t5v0__clkbuf_16)
     2    0.046143    0.111782    0.240547    0.641427 ^ clkbuf_0_clk_regs/Z (gf180mcu_fd_sc_mcu7t5v0__clkbuf_16)
                                                         clknet_0_clk_regs (net)
                      0.111782    0.000095    0.641521 ^ clkbuf_1_1__f_clk_regs/I (gf180mcu_fd_sc_mcu7t5v0__clkbuf_16)
     2    0.008580    0.077731    0.216092    0.857613 ^ clkbuf_1_1__f_clk_regs/Z (gf180mcu_fd_sc_mcu7t5v0__clkbuf_16)
                                                         clknet_1_1__leaf_clk_regs (net)
                      0.077731    0.000056    0.857669 ^ _39_/CLK (gf180mcu_fd_sc_mcu7t5v0__dffq_1)
     2    0.011094    0.171706    0.690655    1.548324 v _39_/Q (gf180mcu_fd_sc_mcu7t5v0__dffq_1)
                                                         cnt[3] (net)
                      0.171706    0.000040    1.548365 v hold30/I (gf180mcu_fd_sc_mcu7t5v0__dlyc_1)
     1    0.003348    0.194139    1.662064    3.210429 v hold30/Z (gf180mcu_fd_sc_mcu7t5v0__dlyc_1)
                                                         net29 (net)
                      0.194139    0.000007    3.210436 v hold26/I (gf180mcu_fd_sc_mcu7t5v0__dlyc_1)
     1    0.036056    0.490431    1.955974    5.166409 v hold26/Z (gf180mcu_fd_sc_mcu7t5v0__dlyc_1)
                                                         net25 (net)
                      0.490431    0.000213    5.166622 v u_sram/A[3] (gf180mcu_fd_ip_sram__sram64x8m8wm1)
                                              5.166622   data arrival time

                                 50.000000   50.000000   clock clk (rise edge)
                                  0.000000   50.000000   clock source latency
     2    0.057201    0.263153    0.138730   50.138729 ^ clk (in)
                                                         clk (net)
                      0.263164    0.000000   50.138729 ^ clkbuf_0_clk/I (gf180mcu_fd_sc_mcu7t5v0__clkbuf_16)
     1    0.023288    0.092878    0.261405   50.400135 ^ clkbuf_0_clk/Z (gf180mcu_fd_sc_mcu7t5v0__clkbuf_16)
                                                         clknet_0_clk (net)
                      0.092878    0.000082   50.400215 ^ clkbuf_1_0__f_clk/I (gf180mcu_fd_sc_mcu7t5v0__clkbuf_16)
     1    0.283892    0.327139    0.384375   50.784592 ^ clkbuf_1_0__f_clk/Z (gf180mcu_fd_sc_mcu7t5v0__clkbuf_16)
                                                         clknet_1_0__leaf_clk (net)
                      0.327276    0.003638   50.788227 ^ u_sram/CLK (gf180mcu_fd_ip_sram__sram64x8m8wm1)
                                 -0.250000   50.538227   clock uncertainty
                                  0.000000   50.538227   clock reconvergence pessimism
                                 -2.122016   48.416214   library setup time
                                             48.416214   data required time
---------------------------------------------------------------------------------------------
                                             48.416214   data required time
                                             -5.166622   data arrival time
---------------------------------------------------------------------------------------------
                                             43.249592   slack (MET)



