
===========================================================================
report_checks -unconstrained
===========================================================================
======================= max_ff_n40C_5v50 Corner ===================================

Startpoint: rst_n (input port clocked by clk)
Endpoint: _225_ (recovery check against rising-edge clock clk)
Path Group: asynchronous
Path Type: max

Fanout         Cap        Slew       Delay        Time   Description
---------------------------------------------------------------------------------------------
                                  0.000000    0.000000   clock clk (rise edge)
                                  0.000000    0.000000   clock network delay (propagated)
                                  3.200000    3.200000 ^ input external delay
     2    0.006913    0.041202    0.012261    3.212261 ^ rst_n (in)
                                                         rst_n (net)
                      0.041202    0.000000    3.212261 ^ input123/I (gf180mcu_fd_sc_mcu7t5v0__dlyb_1)
     7    0.067600    0.751829    0.908869    4.121130 ^ input123/Z (gf180mcu_fd_sc_mcu7t5v0__dlyb_1)
                                                         net123 (net)
                      0.751835    0.001263    4.122393 ^ _225_/RN (gf180mcu_fd_sc_mcu7t5v0__dffrnq_1)
                                              4.122393   data arrival time

                                 16.000000   16.000000   clock clk (rise edge)
                                  0.000000   16.000000   clock source latency
     2    0.030320    0.000000    0.000000   16.000000 ^ clk (in)
                                                         clk (net)
                      0.000629    0.000258   16.000257 ^ clkbuf_0_clk/I (gf180mcu_fd_sc_mcu7t5v0__clkbuf_16)
     2    0.050305    0.074342    0.146631   16.146889 ^ clkbuf_0_clk/Z (gf180mcu_fd_sc_mcu7t5v0__clkbuf_16)
                                                         clknet_0_clk (net)
                      0.074344    0.000702   16.147591 ^ clkbuf_1_0__f_clk/I (gf180mcu_fd_sc_mcu7t5v0__clkbuf_16)
     4    0.021072    0.057021    0.145738   16.293327 ^ clkbuf_1_0__f_clk/Z (gf180mcu_fd_sc_mcu7t5v0__clkbuf_16)
                                                         clknet_1_0__leaf_clk (net)
                      0.057021    0.000352   16.293680 ^ _225_/CLK (gf180mcu_fd_sc_mcu7t5v0__dffrnq_1)
                                 -0.250000   16.043680   clock uncertainty
                                  0.000000   16.043680   clock reconvergence pessimism
                                 -0.040952   16.002729   library recovery time
                                             16.002729   data required time
---------------------------------------------------------------------------------------------
                                             16.002729   data required time
                                             -4.122393   data arrival time
---------------------------------------------------------------------------------------------
                                             11.880335   slack (MET)


Startpoint: result_radix_i[0] (input port clocked by clk)
Endpoint: result_ready_o (output port clocked by clk)
Path Group: clk
Path Type: max

Fanout         Cap        Slew       Delay        Time   Description
---------------------------------------------------------------------------------------------
                                  0.000000    0.000000   clock clk (rise edge)
                                  0.000000    0.000000   clock network delay (propagated)
                                  3.200000    3.200000 ^ input external delay
     2    0.009940    0.049283    0.017468    3.217468 ^ result_radix_i[0] (in)
                                                         result_radix_i[0] (net)
                      0.049283    0.000000    3.217468 ^ input120/I (gf180mcu_fd_sc_mcu7t5v0__dlyb_1)
     2    0.190558    2.048277    1.668959    4.886427 ^ input120/Z (gf180mcu_fd_sc_mcu7t5v0__dlyb_1)
                                                         net120 (net)
                      2.050415    0.037621    4.924048 ^ _111_/A3 (gf180mcu_fd_sc_mcu7t5v0__and4_1)
     1    0.006102    0.180591    0.383237    5.307284 ^ _111_/Z (gf180mcu_fd_sc_mcu7t5v0__and4_1)
                                                         _013_ (net)
                      0.180591    0.000119    5.307404 ^ _113_/A2 (gf180mcu_fd_sc_mcu7t5v0__oai211_1)
     4    0.023063    0.482464    0.257575    5.564979 v _113_/ZN (gf180mcu_fd_sc_mcu7t5v0__oai211_1)
                                                         _015_ (net)
                      0.482464    0.000199    5.565178 v _114_/A2 (gf180mcu_fd_sc_mcu7t5v0__nor2_1)
     4    0.019207    0.440085    0.347668    5.912846 ^ _114_/ZN (gf180mcu_fd_sc_mcu7t5v0__nor2_1)
                                                         _002_ (net)
                      0.440085    0.000187    5.913033 ^ _117_/A2 (gf180mcu_fd_sc_mcu7t5v0__and2_1)
     1    0.005559    0.109742    0.208068    6.121101 ^ _117_/Z (gf180mcu_fd_sc_mcu7t5v0__and2_1)
                                                         net135 (net)
                      0.109742    0.000113    6.121214 ^ output135/I (gf180mcu_fd_sc_mcu7t5v0__dlyb_1)
     1    0.021192    0.264216    0.630022    6.751236 ^ output135/Z (gf180mcu_fd_sc_mcu7t5v0__dlyb_1)
                                                         result_ready_o (net)
                      0.264216    0.000368    6.751604 ^ result_ready_o (out)
                                              6.751604   data arrival time

                                 16.000000   16.000000   clock clk (rise edge)
                                  0.000000   16.000000   clock network delay (propagated)
                                 -0.250000   15.750001   clock uncertainty
                                  0.000000   15.750001   clock reconvergence pessimism
                                 -3.200000   12.550000   output external delay
                                             12.550000   data required time
---------------------------------------------------------------------------------------------
                                             12.550000   data required time
                                             -6.751604   data arrival time
---------------------------------------------------------------------------------------------
                                              5.798397   slack (MET)




===========================================================================
report_checks --slack_max -0.01
============================================================================
======================= max_ff_n40C_5v50 Corner ===================================

No paths found.


===========================================================================
 report_check_types -max_slew -max_cap -max_fanout -violators
============================================================================
======================= max_ff_n40C_5v50 Corner ===================================



===========================================================================
report_parasitic_annotation -report_unannotated
============================================================================
Found 1 unannotated drivers.
 clkload0/Z
Found 0 partially unannotated drivers.

===========================================================================
max slew violation count 0
max fanout violation count 0
max cap violation count 0
============================================================================

===========================================================================
check_setup -verbose -unconstrained_endpoints -multiple_clock -no_clock -no_input_delay -loops -generated_clocks
===========================================================================
