/foss/pdks/gf180mcuD/libs.tech/klayout/tech/drc/run_drc.py:729: DeprecationWarning: datetime.datetime.utcnow() is deprecated and scheduled for removal in a future version. Use timezone-aware objects to represent datetimes in UTC: datetime.datetime.now(datetime.UTC).
  now_str = datetime.utcnow().strftime("drc_run_%Y_%m_%d_%H_%M_%S")
23-Aug-2026 08:19:51 | INFO    | Your Klayout version is: KLayout 0.30.8
23-Aug-2026 08:19:51 | INFO    | Running Global Foundries 180nm MCU /headless/aravindustries-repos/butterfold/butterfold_proto/physical/results/final_signoff/butterfold_top.pre_dummy.gds checks on design density on cell butterfold_top:
2026-08-23 08:19:53 +0200: Memory Usage (443444K) : Starting running GF180MCU Klayout DRC runset on /headless/aravindustries-repos/butterfold/butterfold_proto/physical/results/final_signoff/butterfold_top.pre_dummy.gds
2026-08-23 08:19:53 +0200: Memory Usage (443444K) : Ruby Version for klayout: 3.2.3
2026-08-23 08:19:53 +0200: Memory Usage (459972K) : Loading database to memory is complete.
2026-08-23 08:19:53 +0200: Memory Usage (459972K) : GF180MCU Klayout density DRC runset output at: /headless/aravindustries-repos/butterfold/butterfold_proto/physical/results/final_signoff/klayout_drc_prefill_density/butterfold_top_density.lyrdb
2026-08-23 08:19:53 +0200: Memory Usage (460180K) : Evaluate switches.
2026-08-23 08:19:53 +0200: Memory Usage (460180K) : Number of threads to use 8
2026-08-23 08:19:53 +0200: Memory Usage (460180K) : Verbose mode: true
"extent" in: density.drc:90
    Polygons (raw): 0 (flat)  0 (hierarchical)
    Elapsed: 0.000s  Memory: 449.00M
"sized" in: density.drc:90
    Polygons (raw): 1 (flat)  1 (hierarchical)
    Elapsed: 0.000s  Memory: 449.00M
2026-08-23 08:19:53 +0200: Memory Usage (460596K) : flat  mode is enabled.
2026-08-23 08:19:53 +0200: Memory Usage (460596K) : METAL_TOP Selected is 11K
2026-08-23 08:19:53 +0200: Memory Usage (460596K) : METAL_STACK Selected is 5LM
2026-08-23 08:19:53 +0200: Memory Usage (460596K) : Read in polygons from layers.
"polygons" in: density.drc:127
    Polygons (raw): 126098 (flat)  1048 (hierarchical)
    Elapsed: 0.000s  Memory: 449.00M
"merged" in: density.drc:128
    Polygons (raw): 104614 (flat)  104614 (hierarchical)
    Elapsed: 0.480s  Memory: 468.00M
2026-08-23 08:19:53 +0200: Memory Usage (479588K) : comp_drawn has 104614 polygons
"polygons" in: density.drc:127
    Polygons (raw): 0 (flat)  0 (hierarchical)
    Elapsed: 0.010s  Memory: 468.00M
"merged" in: density.drc:128
    Polygons (raw): 0 (flat)  0 (hierarchical)
    Elapsed: 0.000s  Memory: 468.00M
2026-08-23 08:19:53 +0200: Memory Usage (479588K) : comp_dummy has 0 polygons
"+" in: density.drc:141
    Polygons (raw): 104614 (flat)  104614 (hierarchical)
    Elapsed: 0.000s  Memory: 468.00M
"polygons" in: density.drc:127
    Polygons (raw): 53400 (flat)  242 (hierarchical)
    Elapsed: 0.000s  Memory: 468.00M
"merged" in: density.drc:128
    Polygons (raw): 3 (flat)  3 (hierarchical)
    Elapsed: 0.260s  Memory: 495.00M
2026-08-23 08:19:54 +0200: Memory Usage (507396K) : dualgate has 3 polygons
"polygons" in: density.drc:127
    Polygons (raw): 163305 (flat)  2064 (hierarchical)
    Elapsed: 0.000s  Memory: 495.00M
"merged" in: density.drc:128
    Polygons (raw): 125701 (flat)  125701 (hierarchical)
    Elapsed: 0.740s  Memory: 497.00M
2026-08-23 08:19:54 +0200: Memory Usage (509044K) : poly2_drawn has 125701 polygons
"polygons" in: density.drc:127
    Polygons (raw): 0 (flat)  0 (hierarchical)
    Elapsed: 0.010s  Memory: 497.00M
"merged" in: density.drc:128
    Polygons (raw): 0 (flat)  0 (hierarchical)
    Elapsed: 0.000s  Memory: 497.00M
2026-08-23 08:19:54 +0200: Memory Usage (509044K) : poly2_dummy has 0 polygons
"+" in: density.drc:158
    Polygons (raw): 125701 (flat)  125701 (hierarchical)
    Elapsed: 0.000s  Memory: 497.00M
"polygons" in: density.drc:127
    Polygons (raw): 826008 (flat)  23896 (hierarchical)
    Elapsed: 0.000s  Memory: 497.00M
"merged" in: density.drc:128
    Polygons (raw): 798822 (flat)  798822 (hierarchical)
    Elapsed: 2.290s  Memory: 620.00M
2026-08-23 08:19:57 +0200: Memory Usage (635876K) : contact has 798822 polygons
"polygons" in: density.drc:127
    Polygons (raw): 334638 (flat)  2914 (hierarchical)
    Elapsed: 0.010s  Memory: 620.00M
"merged" in: density.drc:128
    Polygons (raw): 145935 (flat)  145935 (hierarchical)
    Elapsed: 3.000s  Memory: 648.00M
2026-08-23 08:20:00 +0200: Memory Usage (664424K) : metal1_drawn has 145935 polygons
"polygons" in: density.drc:127
    Polygons (raw): 0 (flat)  0 (hierarchical)
    Elapsed: 0.010s  Memory: 648.00M
"merged" in: density.drc:128
    Polygons (raw): 0 (flat)  0 (hierarchical)
    Elapsed: 0.000s  Memory: 648.00M
2026-08-23 08:20:00 +0200: Memory Usage (664424K) : metal1_dummy has 0 polygons
"+" in: density.drc:175
    Polygons (raw): 145935 (flat)  145935 (hierarchical)
    Elapsed: 0.000s  Memory: 648.00M
"polygons" in: density.drc:127
    Polygons (raw): 0 (flat)  0 (hierarchical)
    Elapsed: 0.000s  Memory: 648.00M
"merged" in: density.drc:128
    Polygons (raw): 0 (flat)  0 (hierarchical)
    Elapsed: 0.020s  Memory: 648.00M
2026-08-23 08:20:00 +0200: Memory Usage (664424K) : metal1_label has 0 polygons
"polygons" in: density.drc:127
    Polygons (raw): 0 (flat)  0 (hierarchical)
    Elapsed: 0.000s  Memory: 648.00M
"merged" in: density.drc:128
    Polygons (raw): 0 (flat)  0 (hierarchical)
    Elapsed: 0.000s  Memory: 648.00M
2026-08-23 08:20:00 +0200: Memory Usage (664424K) : metal1_slot has 0 polygons
"polygons" in: density.drc:127
    Polygons (raw): 0 (flat)  0 (hierarchical)
    Elapsed: 0.000s  Memory: 648.00M
"merged" in: density.drc:128
    Polygons (raw): 0 (flat)  0 (hierarchical)
    Elapsed: 0.000s  Memory: 648.00M
2026-08-23 08:20:00 +0200: Memory Usage (664424K) : metal1_blk has 0 polygons
"polygons" in: density.drc:127
    Polygons (raw): 102165 (flat)  1578 (hierarchical)
    Elapsed: 0.000s  Memory: 648.00M
"merged" in: density.drc:128
    Polygons (raw): 93003 (flat)  93003 (hierarchical)
    Elapsed: 0.370s  Memory: 650.00M
2026-08-23 08:20:01 +0200: Memory Usage (665832K) : via1 has 93003 polygons
"polygons" in: density.drc:127
    Polygons (raw): 196339 (flat)  69915 (hierarchical)
    Elapsed: 0.000s  Memory: 650.00M
"merged" in: density.drc:128
    Polygons (raw): 46963 (flat)  46963 (hierarchical)
    Elapsed: 1.190s  Memory: 646.00M
2026-08-23 08:20:02 +0200: Memory Usage (662152K) : metal2_drawn has 46963 polygons
"polygons" in: density.drc:127
    Polygons (raw): 0 (flat)  0 (hierarchical)
    Elapsed: 0.010s  Memory: 646.00M
"merged" in: density.drc:128
    Polygons (raw): 0 (flat)  0 (hierarchical)
    Elapsed: 0.000s  Memory: 646.00M
2026-08-23 08:20:02 +0200: Memory Usage (662152K) : metal2_dummy has 0 polygons
"+" in: density.drc:207
    Polygons (raw): 46963 (flat)  46963 (hierarchical)
    Elapsed: 0.000s  Memory: 646.00M
"polygons" in: density.drc:127
    Polygons (raw): 9 (flat)  9 (hierarchical)
    Elapsed: 0.000s  Memory: 646.00M
"merged" in: density.drc:128
    Polygons (raw): 9 (flat)  9 (hierarchical)
    Elapsed: 0.040s  Memory: 646.00M
2026-08-23 08:20:02 +0200: Memory Usage (662152K) : metal2_label has 9 polygons
"polygons" in: density.drc:127
    Polygons (raw): 0 (flat)  0 (hierarchical)
    Elapsed: 0.000s  Memory: 646.00M
"merged" in: density.drc:128
    Polygons (raw): 0 (flat)  0 (hierarchical)
    Elapsed: 0.000s  Memory: 646.00M
2026-08-23 08:20:02 +0200: Memory Usage (662152K) : metal2_slot has 0 polygons
"polygons" in: density.drc:127
    Polygons (raw): 0 (flat)  0 (hierarchical)
    Elapsed: 0.000s  Memory: 646.00M
"merged" in: density.drc:128
    Polygons (raw): 0 (flat)  0 (hierarchical)
    Elapsed: 0.000s  Memory: 646.00M
2026-08-23 08:20:02 +0200: Memory Usage (662152K) : metal2_blk has 0 polygons
"polygons" in: density.drc:127
    Polygons (raw): 88112 (flat)  2364 (hierarchical)
    Elapsed: 0.000s  Memory: 646.00M
"merged" in: density.drc:128
    Polygons (raw): 84686 (flat)  84686 (hierarchical)
    Elapsed: 0.270s  Memory: 660.00M
2026-08-23 08:20:02 +0200: Memory Usage (676584K) : via2 has 84686 polygons
"polygons" in: density.drc:127
    Polygons (raw): 98672 (flat)  32141 (hierarchical)
    Elapsed: 0.000s  Memory: 660.00M
"merged" in: density.drc:128
    Polygons (raw): 20799 (flat)  20799 (hierarchical)
    Elapsed: 0.330s  Memory: 687.00M
2026-08-23 08:20:03 +0200: Memory Usage (703512K) : metal3_drawn has 20799 polygons
"polygons" in: density.drc:127
    Polygons (raw): 0 (flat)  0 (hierarchical)
    Elapsed: 0.010s  Memory: 687.00M
"merged" in: density.drc:128
    Polygons (raw): 0 (flat)  0 (hierarchical)
    Elapsed: 0.000s  Memory: 687.00M
2026-08-23 08:20:03 +0200: Memory Usage (703512K) : metal3_dummy has 0 polygons
"+" in: density.drc:241
    Polygons (raw): 20799 (flat)  20799 (hierarchical)
    Elapsed: 0.000s  Memory: 687.00M
"polygons" in: density.drc:127
    Polygons (raw): 12 (flat)  12 (hierarchical)
    Elapsed: 0.000s  Memory: 687.00M
"merged" in: density.drc:128
    Polygons (raw): 12 (flat)  12 (hierarchical)
    Elapsed: 0.030s  Memory: 687.00M
2026-08-23 08:20:03 +0200: Memory Usage (703512K) : metal3_label has 12 polygons
"polygons" in: density.drc:127
    Polygons (raw): 0 (flat)  0 (hierarchical)
    Elapsed: 0.000s  Memory: 687.00M
"merged" in: density.drc:128
    Polygons (raw): 0 (flat)  0 (hierarchical)
    Elapsed: 0.000s  Memory: 687.00M
2026-08-23 08:20:03 +0200: Memory Usage (703512K) : metal3_slot has 0 polygons
"polygons" in: density.drc:127
    Polygons (raw): 0 (flat)  0 (hierarchical)
    Elapsed: 0.000s  Memory: 687.00M
"merged" in: density.drc:128
    Polygons (raw): 0 (flat)  0 (hierarchical)
    Elapsed: 0.000s  Memory: 687.00M
2026-08-23 08:20:03 +0200: Memory Usage (703512K) : metal3_blk has 0 polygons
"polygons" in: density.drc:127
    Polygons (raw): 7115 (flat)  919 (hierarchical)
    Elapsed: 0.000s  Memory: 687.00M
"merged" in: density.drc:128
    Polygons (raw): 7115 (flat)  7115 (hierarchical)
    Elapsed: 0.050s  Memory: 687.00M
2026-08-23 08:20:03 +0200: Memory Usage (703512K) : via3 has 7115 polygons
"polygons" in: density.drc:127
    Polygons (raw): 5333 (flat)  1517 (hierarchical)
    Elapsed: 0.000s  Memory: 687.00M
"merged" in: density.drc:128
    Polygons (raw): 1134 (flat)  1134 (hierarchical)
    Elapsed: 0.070s  Memory: 687.00M
2026-08-23 08:20:03 +0200: Memory Usage (703512K) : metal4_drawn has 1134 polygons
"polygons" in: density.drc:127
    Polygons (raw): 0 (flat)  0 (hierarchical)
    Elapsed: 0.000s  Memory: 687.00M
"merged" in: density.drc:128
    Polygons (raw): 0 (flat)  0 (hierarchical)
    Elapsed: 0.000s  Memory: 687.00M
2026-08-23 08:20:03 +0200: Memory Usage (703512K) : metal4_dummy has 0 polygons
"+" in: density.drc:276
    Polygons (raw): 1134 (flat)  1134 (hierarchical)
    Elapsed: 0.000s  Memory: 687.00M
"polygons" in: density.drc:127
    Polygons (raw): 18 (flat)  18 (hierarchical)
    Elapsed: 0.000s  Memory: 687.00M
"merged" in: density.drc:128
    Polygons (raw): 18 (flat)  18 (hierarchical)
    Elapsed: 0.030s  Memory: 687.00M
2026-08-23 08:20:03 +0200: Memory Usage (703512K) : metal4_label has 18 polygons
"polygons" in: density.drc:127
    Polygons (raw): 0 (flat)  0 (hierarchical)
    Elapsed: 0.000s  Memory: 687.00M
"merged" in: density.drc:128
    Polygons (raw): 0 (flat)  0 (hierarchical)
    Elapsed: 0.000s  Memory: 687.00M
2026-08-23 08:20:03 +0200: Memory Usage (703512K) : metal4_slot has 0 polygons
"polygons" in: density.drc:127
    Polygons (raw): 0 (flat)  0 (hierarchical)
    Elapsed: 0.000s  Memory: 687.00M
"merged" in: density.drc:128
    Polygons (raw): 0 (flat)  0 (hierarchical)
    Elapsed: 0.000s  Memory: 687.00M
2026-08-23 08:20:03 +0200: Memory Usage (703512K) : metal4_blk has 0 polygons
"polygons" in: density.drc:127
    Polygons (raw): 1629 (flat)  10 (hierarchical)
    Elapsed: 0.000s  Memory: 687.00M
"merged" in: density.drc:128
    Polygons (raw): 1449 (flat)  1449 (hierarchical)
    Elapsed: 0.040s  Memory: 687.00M
2026-08-23 08:20:03 +0200: Memory Usage (703512K) : via4 has 1449 polygons
"polygons" in: density.drc:127
    Polygons (raw): 923 (flat)  304 (hierarchical)
    Elapsed: 0.000s  Memory: 687.00M
"merged" in: density.drc:128
    Polygons (raw): 243 (flat)  243 (hierarchical)
    Elapsed: 0.030s  Memory: 687.00M
2026-08-23 08:20:03 +0200: Memory Usage (703512K) : metal5_drawn has 243 polygons
"polygons" in: density.drc:127
    Polygons (raw): 0 (flat)  0 (hierarchical)
    Elapsed: 0.000s  Memory: 687.00M
"merged" in: density.drc:128
    Polygons (raw): 0 (flat)  0 (hierarchical)
    Elapsed: 0.000s  Memory: 687.00M
2026-08-23 08:20:03 +0200: Memory Usage (703512K) : metal5_dummy has 0 polygons
"+" in: density.drc:311
    Polygons (raw): 243 (flat)  243 (hierarchical)
    Elapsed: 0.010s  Memory: 687.00M
"polygons" in: density.drc:127
    Polygons (raw): 14 (flat)  14 (hierarchical)
    Elapsed: 0.000s  Memory: 687.00M
"merged" in: density.drc:128
    Polygons (raw): 14 (flat)  14 (hierarchical)
    Elapsed: 0.030s  Memory: 687.00M
2026-08-23 08:20:03 +0200: Memory Usage (703512K) : metal5_label has 14 polygons
"polygons" in: density.drc:127
    Polygons (raw): 0 (flat)  0 (hierarchical)
    Elapsed: 0.000s  Memory: 687.00M
"merged" in: density.drc:128
    Polygons (raw): 0 (flat)  0 (hierarchical)
    Elapsed: 0.000s  Memory: 687.00M
2026-08-23 08:20:03 +0200: Memory Usage (703512K) : metal5_slot has 0 polygons
"polygons" in: density.drc:127
    Polygons (raw): 0 (flat)  0 (hierarchical)
    Elapsed: 0.000s  Memory: 687.00M
"merged" in: density.drc:128
    Polygons (raw): 0 (flat)  0 (hierarchical)
    Elapsed: 0.010s  Memory: 687.00M
2026-08-23 08:20:03 +0200: Memory Usage (703512K) : metal5_blk has 0 polygons
2026-08-23 08:20:03 +0200: Memory Usage (703512K) : Starting GF180MCU DENSITY layer derivations.
2026-08-23 08:20:03 +0200: Memory Usage (703512K) : Starting GF180MCU DENSITY DRC rules.
2026-08-23 08:20:03 +0200: Memory Usage (703512K) : Executing rule DCF.1b
"area" in: density.drc:409
    Elapsed: 0.400s  Memory: 691.00M
"area" in: density.drc:409
    Elapsed: 0.020s  Memory: 691.00M
2026-08-23 08:20:04 +0200: Memory Usage (708264K) : COMP ratio: 36.1800938981014 %
2026-08-23 08:20:04 +0200: Memory Usage (708264K) : Executing rule DCF.1d
2026-08-23 08:20:04 +0200: Memory Usage (708264K) : Executing rule PL.8
"area" in: density.drc:428
    Elapsed: 0.570s  Memory: 704.00M
"area" in: density.drc:428
    Elapsed: 0.010s  Memory: 704.00M
2026-08-23 08:20:04 +0200: Memory Usage (721464K) : Poly2 ratio: 27.536281230145526 %
2026-08-23 08:20:04 +0200: Memory Usage (721464K) : Executing rule M1.4
"area" in: density.drc:441
    Elapsed: 1.620s  Memory: 715.00M
"area" in: density.drc:441
    Elapsed: 0.010s  Memory: 715.00M
2026-08-23 08:20:06 +0200: Memory Usage (733004K) : Metal1 ratio: 33.289930276719396 %
2026-08-23 08:20:06 +0200: Memory Usage (733004K) : Executing rule M2.4
"area" in: density.drc:455
    Elapsed: 0.280s  Memory: 724.00M
"area" in: density.drc:455
    Elapsed: 0.000s  Memory: 724.00M
2026-08-23 08:20:06 +0200: Memory Usage (741804K) : Metal2 ratio: 19.029711292688166 %
2026-08-23 08:20:06 +0200: Memory Usage (741804K) : [ERROR] M2.4 : Metal2 coverage over the entire die shall be >30%
"output" in: density.drc:459
    Polygons (raw): 1 (flat)  1 (hierarchical)
    Elapsed: 0.000s  Memory: 724.00M
2026-08-23 08:20:06 +0200: Memory Usage (741804K) : Executing rule M3.4
"area" in: density.drc:470
    Elapsed: 0.050s  Memory: 724.00M
"area" in: density.drc:470
    Elapsed: 0.000s  Memory: 724.00M
2026-08-23 08:20:06 +0200: Memory Usage (741804K) : Metal3 ratio: 24.247018627863593 %
2026-08-23 08:20:06 +0200: Memory Usage (741804K) : [ERROR] M3.4 : metal3 coverage over the entire die shall be >30%
"output" in: density.drc:474
    Polygons (raw): 1 (flat)  1 (hierarchical)
    Elapsed: 0.000s  Memory: 724.00M
2026-08-23 08:20:06 +0200: Memory Usage (741804K) : Executing rule M4.4
"area" in: density.drc:486
    Elapsed: 0.000s  Memory: 724.00M
"area" in: density.drc:486
    Elapsed: 0.000s  Memory: 724.00M
2026-08-23 08:20:06 +0200: Memory Usage (741804K) : Metal4 ratio: 3.4028755232527645 %
2026-08-23 08:20:06 +0200: Memory Usage (741804K) : [ERROR] M4.4 : metal4 coverage over the entire die shall be >30%
"output" in: density.drc:490
    Polygons (raw): 1 (flat)  1 (hierarchical)
    Elapsed: 0.000s  Memory: 724.00M
2026-08-23 08:20:06 +0200: Memory Usage (741804K) : Executing rule M5.4
"area" in: density.drc:502
    Elapsed: 0.000s  Memory: 724.00M
"area" in: density.drc:502
    Elapsed: 0.000s  Memory: 724.00M
2026-08-23 08:20:06 +0200: Memory Usage (741804K) : Metal5 ratio: 3.8966063537550792 %
2026-08-23 08:20:06 +0200: Memory Usage (741804K) : [ERROR] M5.4 : metal5 coverage over the entire die shall be >30%
"output" in: density.drc:506
    Polygons (raw): 1 (flat)  1 (hierarchical)
    Elapsed: 0.010s  Memory: 724.00M
2026-08-23 08:20:06 +0200: Memory Usage (741804K) : Executing rule MT.3
"area" in: density.drc:532
    Elapsed: 0.000s  Memory: 724.00M
"area" in: density.drc:532
    Elapsed: 0.000s  Memory: 724.00M
2026-08-23 08:20:06 +0200: Memory Usage (741804K) : MetalTop ratio: 3.8966063537550792 %
2026-08-23 08:20:06 +0200: Memory Usage (741804K) : [ERROR] MT.3 : MetalTop coverage over the entire die shall be >30%
"output" in: density.drc:536
    Polygons (raw): 1 (flat)  1 (hierarchical)
    Elapsed: 0.000s  Memory: 724.00M
2026-08-23 08:20:06 +0200: Memory Usage (741804K) : DRC Total Run time 13.703515 seconds
Writing report database: /headless/aravindustries-repos/butterfold/butterfold_proto/physical/results/final_signoff/klayout_drc_prefill_density/butterfold_top_density.lyrdb ..
Total elapsed: 12.640s  Memory: 724.00M
23-Aug-2026 08:20:07 | INFO    | ## Completed running density checks only.
