2026-08-23 08:24:39 +0200: Memory Usage (567776K) : Checking slots for: metal1
2026-08-23 08:24:49 +0200: Memory Usage (1106544K) : Executing rule MSLOT.1
2026-08-23 08:25:16 +0200: Memory Usage (1324072K) : Executing rule MSLOT.2
2026-08-23 08:25:16 +0200: Memory Usage (1324424K) : Executing rule MSLOT.3
2026-08-23 08:25:16 +0200: Memory Usage (1324424K) : Executing rule MSLOT.4
2026-08-23 08:25:16 +0200: Memory Usage (1324616K) : Executing rule MSLOT.5
2026-08-23 08:25:16 +0200: Memory Usage (1324616K) : Executing rule MSLOT.7
2026-08-23 08:25:17 +0200: Memory Usage (1324616K) : Executing rule MSLOT.8
2026-08-23 08:25:17 +0200: Memory Usage (1324616K) : Executing rule MSLOT.9
2026-08-23 08:25:17 +0200: Memory Usage (1290448K) : Checking slots for: metal2
2026-08-23 08:25:20 +0200: Memory Usage (1364268K) : Executing rule MSLOT.1
2026-08-23 08:25:21 +0200: Memory Usage (1364620K) : Executing rule MSLOT.2
2026-08-23 08:25:21 +0200: Memory Usage (1364620K) : Executing rule MSLOT.3
2026-08-23 08:25:21 +0200: Memory Usage (1364620K) : Executing rule MSLOT.4
2026-08-23 08:25:21 +0200: Memory Usage (1364620K) : Executing rule MSLOT.5
2026-08-23 08:25:21 +0200: Memory Usage (1364620K) : Executing rule MSLOT.7
2026-08-23 08:25:21 +0200: Memory Usage (1365324K) : Executing rule MSLOT.8
2026-08-23 08:25:22 +0200: Memory Usage (1365324K) : Executing rule MSLOT.9
2026-08-23 08:25:22 +0200: Memory Usage (1365500K) : Checking slots for: metal3
2026-08-23 08:25:23 +0200: Memory Usage (1393660K) : Executing rule MSLOT.1
2026-08-23 08:25:24 +0200: Memory Usage (1393660K) : Executing rule MSLOT.2
2026-08-23 08:25:24 +0200: Memory Usage (1393660K) : Executing rule MSLOT.3
2026-08-23 08:25:24 +0200: Memory Usage (1393660K) : Executing rule MSLOT.4
2026-08-23 08:25:24 +0200: Memory Usage (1393660K) : Executing rule MSLOT.5
2026-08-23 08:25:24 +0200: Memory Usage (1393660K) : Executing rule MSLOT.7
2026-08-23 08:25:24 +0200: Memory Usage (1393660K) : Executing rule MSLOT.8
2026-08-23 08:25:24 +0200: Memory Usage (1393836K) : Executing rule MSLOT.9
2026-08-23 08:25:25 +0200: Memory Usage (1393836K) : Checking slots for: metal4
2026-08-23 08:25:25 +0200: Memory Usage (1393836K) : Executing rule MSLOT.1
2026-08-23 08:25:26 +0200: Memory Usage (1393836K) : Executing rule MSLOT.2
2026-08-23 08:25:26 +0200: Memory Usage (1393836K) : Executing rule MSLOT.3
2026-08-23 08:25:26 +0200: Memory Usage (1393836K) : Executing rule MSLOT.4
2026-08-23 08:25:26 +0200: Memory Usage (1394012K) : Executing rule MSLOT.5
2026-08-23 08:25:26 +0200: Memory Usage (1394012K) : Executing rule MSLOT.7
2026-08-23 08:25:26 +0200: Memory Usage (1394188K) : Executing rule MSLOT.8
2026-08-23 08:25:26 +0200: Memory Usage (1394188K) : Executing rule MSLOT.9
2026-08-23 08:25:26 +0200: Memory Usage (1394188K) : Checking slots for: metal5
2026-08-23 08:25:27 +0200: Memory Usage (1394188K) : Executing rule MSLOT.1
2026-08-23 08:25:27 +0200: Memory Usage (1394188K) : Executing rule MSLOT.2
2026-08-23 08:25:27 +0200: Memory Usage (1394364K) : Executing rule MSLOT.3
2026-08-23 08:25:27 +0200: Memory Usage (1394364K) : Executing rule MSLOT.4
2026-08-23 08:25:27 +0200: Memory Usage (1394364K) : Executing rule MSLOT.5
2026-08-23 08:25:27 +0200: Memory Usage (1394364K) : Executing rule MSLOT.7
2026-08-23 08:25:27 +0200: Memory Usage (1394364K) : Executing rule MSLOT.8
2026-08-23 08:25:27 +0200: Memory Usage (1394540K) : Executing rule MSLOT.9
2026-08-23 08:25:27 +0200: Memory Usage (1394540K) : main DRC Total Run time 61.584421389 seconds
Writing report database: /headless/aravindustries-repos/butterfold/butterfold_proto/physical/results/final_signoff/klayout_drc_mslot_unified/butterfold_top_mslot.lyrdb ..
n_items=0 (lyrdb items empty)
