
===========================================================================
report_checks -path_delay max (Setup)
============================================================================
======================= min_ff_n40C_5v50 Corner ===================================

Startpoint: result_radix_i[0] (input port clocked by clk)
Endpoint: result_ready_o (output port clocked by clk)
Path Group: clk
Path Type: max

Fanout         Cap        Slew       Delay        Time   Description
---------------------------------------------------------------------------------------------
                                  0.000000    0.000000   clock clk (rise edge)
                                  0.000000    0.000000   clock network delay (propagated)
                                  3.200000    3.200000 ^ input external delay
     2    0.008560    0.045679    0.015130    3.215130 ^ result_radix_i[0] (in)
                                                         result_radix_i[0] (net)
                      0.045679    0.000000    3.215130 ^ input120/I (gf180mcu_fd_sc_mcu7t5v0__dlyb_1)
     2    0.151876    1.640165    1.431117    4.646246 ^ input120/Z (gf180mcu_fd_sc_mcu7t5v0__dlyb_1)
                                                         net120 (net)
                      1.641133    0.022634    4.668881 ^ _111_/A3 (gf180mcu_fd_sc_mcu7t5v0__and4_1)
     1    0.006707    0.177165    0.382174    5.051055 ^ _111_/Z (gf180mcu_fd_sc_mcu7t5v0__and4_1)
                                                         _013_ (net)
                      0.177165    0.000179    5.051234 ^ _113_/A2 (gf180mcu_fd_sc_mcu7t5v0__oai211_1)
     4    0.024529    0.472502    0.267417    5.318651 v _113_/ZN (gf180mcu_fd_sc_mcu7t5v0__oai211_1)
                                                         _015_ (net)
                      0.472502    0.000576    5.319227 v _114_/A2 (gf180mcu_fd_sc_mcu7t5v0__nor2_1)
     4    0.017937    0.418849    0.332641    5.651868 ^ _114_/ZN (gf180mcu_fd_sc_mcu7t5v0__nor2_1)
                                                         _002_ (net)
                      0.418849    0.000163    5.652030 ^ _117_/A2 (gf180mcu_fd_sc_mcu7t5v0__and2_1)
     1    0.004922    0.103279    0.202955    5.854986 ^ _117_/Z (gf180mcu_fd_sc_mcu7t5v0__and2_1)
                                                         net135 (net)
                      0.103279    0.000095    5.855081 ^ output135/I (gf180mcu_fd_sc_mcu7t5v0__dlyb_1)
     1    0.051033    0.575863    0.814475    6.669556 ^ output135/Z (gf180mcu_fd_sc_mcu7t5v0__dlyb_1)
                                                         result_ready_o (net)
                      0.575867    0.000841    6.670397 ^ result_ready_o (out)
                                              6.670397   data arrival time

                                 16.000000   16.000000   clock clk (rise edge)
                                  0.000000   16.000000   clock network delay (propagated)
                                 -0.250000   15.750001   clock uncertainty
                                  0.000000   15.750001   clock reconvergence pessimism
                                 -3.200000   12.550000   output external delay
                                             12.550000   data required time
---------------------------------------------------------------------------------------------
                                             12.550000   data required time
                                             -6.670397   data arrival time
---------------------------------------------------------------------------------------------
                                              5.879604   slack (MET)


Startpoint: X2_i_i[10] (input port clocked by clk)
Endpoint: dout_o[2] (output port clocked by clk)
Path Group: clk
Path Type: max

Fanout         Cap        Slew       Delay        Time   Description
---------------------------------------------------------------------------------------------
                                  0.000000    0.000000   clock clk (rise edge)
                                  0.000000    0.000000   clock network delay (propagated)
                                  3.200000    3.200000 v input external delay
     2    0.012282    0.030536    0.011548    3.211548 v X2_i_i[10] (in)
                                                         X2_i_i[10] (net)
                      0.030537    0.000000    3.211548 v input66/I (gf180mcu_fd_sc_mcu7t5v0__dlyb_1)
     1    0.009171    0.155646    0.597394    3.808942 v input66/Z (gf180mcu_fd_sc_mcu7t5v0__dlyb_1)
                                                         net66 (net)
                      0.155646    0.000221    3.809163 v _157_/B2 (gf180mcu_fd_sc_mcu7t5v0__aoi22_1)
     1    0.005013    0.253414    0.209094    4.018258 ^ _157_/ZN (gf180mcu_fd_sc_mcu7t5v0__aoi22_1)
                                                         _053_ (net)
                      0.253414    0.000104    4.018362 ^ _161_/A1 (gf180mcu_fd_sc_mcu7t5v0__and4_1)
     4    0.092931    1.021031    0.853714    4.872076 ^ _161_/Z (gf180mcu_fd_sc_mcu7t5v0__and4_1)
                                                         _057_ (net)
                      1.021773    0.015533    4.887609 ^ _162_/A4 (gf180mcu_fd_sc_mcu7t5v0__nand4_1)
     1    0.006407    0.329654    0.098487    4.986095 v _162_/ZN (gf180mcu_fd_sc_mcu7t5v0__nand4_1)
                                                         net127 (net)
                      0.329654    0.000143    4.986238 v output127/I (gf180mcu_fd_sc_mcu7t5v0__dlyb_1)
     1    0.052433    0.402551    0.909691    5.895929 v output127/Z (gf180mcu_fd_sc_mcu7t5v0__dlyb_1)
                                                         dout_o[2] (net)
                      0.402552    0.000534    5.896463 v dout_o[2] (out)
                                              5.896463   data arrival time

                                 16.000000   16.000000   clock clk (rise edge)
                                  0.000000   16.000000   clock network delay (propagated)
                                 -0.250000   15.750001   clock uncertainty
                                  0.000000   15.750001   clock reconvergence pessimism
                                 -3.200000   12.550000   output external delay
                                             12.550000   data required time
---------------------------------------------------------------------------------------------
                                             12.550000   data required time
                                             -5.896463   data arrival time
---------------------------------------------------------------------------------------------
                                              6.653537   slack (MET)


Startpoint: X2_i_i[15] (input port clocked by clk)
Endpoint: dout_o[7] (output port clocked by clk)
Path Group: clk
Path Type: max

Fanout         Cap        Slew       Delay        Time   Description
---------------------------------------------------------------------------------------------
                                  0.000000    0.000000   clock clk (rise edge)
                                  0.000000    0.000000   clock network delay (propagated)
                                  3.200000    3.200000 v input external delay
     2    0.013159    0.032014    0.012511    3.212511 v X2_i_i[15] (in)
                                                         X2_i_i[15] (net)
                      0.032015    0.000000    3.212511 v input71/I (gf180mcu_fd_sc_mcu7t5v0__dlyb_1)
     1    0.018379    0.208300    0.649792    3.862303 v input71/Z (gf180mcu_fd_sc_mcu7t5v0__dlyb_1)
                                                         net71 (net)
                      0.208300    0.000803    3.863106 v _200_/B2 (gf180mcu_fd_sc_mcu7t5v0__aoi22_1)
     1    0.009238    0.359822    0.262249    4.125355 ^ _200_/ZN (gf180mcu_fd_sc_mcu7t5v0__aoi22_1)
                                                         _091_ (net)
                      0.359822    0.000303    4.125658 ^ _204_/A2 (gf180mcu_fd_sc_mcu7t5v0__and4_1)
     1    0.011218    0.187029    0.358638    4.484296 ^ _204_/Z (gf180mcu_fd_sc_mcu7t5v0__and4_1)
                                                         _095_ (net)
                      0.187029    0.000392    4.484688 ^ _206_/A2 (gf180mcu_fd_sc_mcu7t5v0__nand3_1)
     1    0.009651    0.211393    0.139024    4.623712 v _206_/ZN (gf180mcu_fd_sc_mcu7t5v0__nand3_1)
                                                         net132 (net)
                      0.211393    0.000329    4.624041 v output132/I (gf180mcu_fd_sc_mcu7t5v0__dlyb_1)
     1    0.058442    0.437655    0.891274    5.515315 v output132/Z (gf180mcu_fd_sc_mcu7t5v0__dlyb_1)
                                                         dout_o[7] (net)
                      0.437684    0.002035    5.517349 v dout_o[7] (out)
                                              5.517349   data arrival time

                                 16.000000   16.000000   clock clk (rise edge)
                                  0.000000   16.000000   clock network delay (propagated)
                                 -0.250000   15.750001   clock uncertainty
                                  0.000000   15.750001   clock reconvergence pessimism
                                 -3.200000   12.550000   output external delay
                                             12.550000   data required time
---------------------------------------------------------------------------------------------
                                             12.550000   data required time
                                             -5.517349   data arrival time
---------------------------------------------------------------------------------------------
                                              7.032651   slack (MET)


Startpoint: X1_i_i[13] (input port clocked by clk)
Endpoint: dout_o[5] (output port clocked by clk)
Path Group: clk
Path Type: max

Fanout         Cap        Slew       Delay        Time   Description
---------------------------------------------------------------------------------------------
                                  0.000000    0.000000   clock clk (rise edge)
                                  0.000000    0.000000   clock network delay (propagated)
                                  3.200000    3.200000 v input external delay
     2    0.015877    0.036678    0.015350    3.215350 v X1_i_i[13] (in)
                                                         X1_i_i[13] (net)
                      0.036680    0.000000    3.215350 v input37/I (gf180mcu_fd_sc_mcu7t5v0__dlyb_1)
     1    0.020616    0.221762    0.662081    3.877431 v input37/Z (gf180mcu_fd_sc_mcu7t5v0__dlyb_1)
                                                         net37 (net)
                      0.221762    0.000862    3.878293 v _185_/B2 (gf180mcu_fd_sc_mcu7t5v0__aoi22_1)
     1    0.005222    0.358045    0.222884    4.101177 ^ _185_/ZN (gf180mcu_fd_sc_mcu7t5v0__aoi22_1)
                                                         _078_ (net)
                      0.358045    0.000109    4.101286 ^ _188_/A2 (gf180mcu_fd_sc_mcu7t5v0__and4_1)
     1    0.008001    0.156172    0.336498    4.437784 ^ _188_/Z (gf180mcu_fd_sc_mcu7t5v0__and4_1)
                                                         _081_ (net)
                      0.156172    0.000181    4.437965 ^ _189_/A4 (gf180mcu_fd_sc_mcu7t5v0__nand4_1)
     1    0.008304    0.267046    0.159714    4.597680 v _189_/ZN (gf180mcu_fd_sc_mcu7t5v0__nand4_1)
                                                         net130 (net)
                      0.267046    0.000207    4.597887 v output130/I (gf180mcu_fd_sc_mcu7t5v0__dlyb_1)
     1    0.057758    0.433735    0.909038    5.506925 v output130/Z (gf180mcu_fd_sc_mcu7t5v0__dlyb_1)
                                                         dout_o[5] (net)
                      0.433752    0.001553    5.508478 v dout_o[5] (out)
                                              5.508478   data arrival time

                                 16.000000   16.000000   clock clk (rise edge)
                                  0.000000   16.000000   clock network delay (propagated)
                                 -0.250000   15.750001   clock uncertainty
                                  0.000000   15.750001   clock reconvergence pessimism
                                 -3.200000   12.550000   output external delay
                                             12.550000   data required time
---------------------------------------------------------------------------------------------
                                             12.550000   data required time
                                             -5.508478   data arrival time
---------------------------------------------------------------------------------------------
                                              7.041522   slack (MET)


Startpoint: X1_i_i[8] (input port clocked by clk)
Endpoint: dout_o[0] (output port clocked by clk)
Path Group: clk
Path Type: max

Fanout         Cap        Slew       Delay        Time   Description
---------------------------------------------------------------------------------------------
                                  0.000000    0.000000   clock clk (rise edge)
                                  0.000000    0.000000   clock network delay (propagated)
                                  3.200000    3.200000 v input external delay
     2    0.010144    0.026812    0.009381    3.209381 v X1_i_i[8] (in)
                                                         X1_i_i[8] (net)
                      0.026813    0.000000    3.209381 v input47/I (gf180mcu_fd_sc_mcu7t5v0__dlyb_1)
     1    0.012062    0.171977    0.613041    3.822422 v input47/Z (gf180mcu_fd_sc_mcu7t5v0__dlyb_1)
                                                         net47 (net)
                      0.171977    0.000339    3.822761 v _139_/B2 (gf180mcu_fd_sc_mcu7t5v0__aoi22_1)
     1    0.009538    0.334565    0.259482    4.082243 ^ _139_/ZN (gf180mcu_fd_sc_mcu7t5v0__aoi22_1)
                                                         _037_ (net)
                      0.334565    0.000256    4.082500 ^ _143_/A1 (gf180mcu_fd_sc_mcu7t5v0__and4_1)
     1    0.008117    0.157281    0.337129    4.419628 ^ _143_/Z (gf180mcu_fd_sc_mcu7t5v0__and4_1)
                                                         _041_ (net)
                      0.157281    0.000254    4.419882 ^ _144_/A4 (gf180mcu_fd_sc_mcu7t5v0__nand4_1)
     1    0.009307    0.297860    0.168652    4.588534 v _144_/ZN (gf180mcu_fd_sc_mcu7t5v0__nand4_1)
                                                         net125 (net)
                      0.297860    0.000242    4.588777 v output125/I (gf180mcu_fd_sc_mcu7t5v0__dlyb_1)
     1    0.051519    0.397144    0.894195    5.482972 v output125/Z (gf180mcu_fd_sc_mcu7t5v0__dlyb_1)
                                                         dout_o[0] (net)
                      0.397144    0.000389    5.483361 v dout_o[0] (out)
                                              5.483361   data arrival time

                                 16.000000   16.000000   clock clk (rise edge)
                                  0.000000   16.000000   clock network delay (propagated)
                                 -0.250000   15.750001   clock uncertainty
                                  0.000000   15.750001   clock reconvergence pessimism
                                 -3.200000   12.550000   output external delay
                                             12.550000   data required time
---------------------------------------------------------------------------------------------
                                             12.550000   data required time
                                             -5.483361   data arrival time
---------------------------------------------------------------------------------------------
                                              7.066640   slack (MET)


Startpoint: X0_i_i[12] (input port clocked by clk)
Endpoint: dout_o[4] (output port clocked by clk)
Path Group: clk
Path Type: max

Fanout         Cap        Slew       Delay        Time   Description
---------------------------------------------------------------------------------------------
                                  0.000000    0.000000   clock clk (rise edge)
                                  0.000000    0.000000   clock network delay (propagated)
                                  3.200000    3.200000 v input external delay
     2    0.013678    0.032863    0.013109    3.213109 v X0_i_i[12] (in)
                                                         X0_i_i[12] (net)
                      0.032865    0.000000    3.213109 v input4/I (gf180mcu_fd_sc_mcu7t5v0__dlyb_1)
     1    0.015035    0.188861    0.631005    3.844114 v input4/Z (gf180mcu_fd_sc_mcu7t5v0__dlyb_1)
                                                         net4 (net)
                      0.188861    0.000731    3.844846 v _176_/B2 (gf180mcu_fd_sc_mcu7t5v0__aoi22_1)
     1    0.008554    0.408832    0.251926    4.096772 ^ _176_/ZN (gf180mcu_fd_sc_mcu7t5v0__aoi22_1)
                                                         _070_ (net)
                      0.408832    0.000212    4.096984 ^ _179_/A2 (gf180mcu_fd_sc_mcu7t5v0__and4_1)
     1    0.010211    0.178047    0.358351    4.455335 ^ _179_/Z (gf180mcu_fd_sc_mcu7t5v0__and4_1)
                                                         _073_ (net)
                      0.178047    0.000261    4.455596 ^ _180_/A4 (gf180mcu_fd_sc_mcu7t5v0__nand4_1)
     1    0.004920    0.232341    0.128789    4.584384 v _180_/ZN (gf180mcu_fd_sc_mcu7t5v0__nand4_1)
                                                         net129 (net)
                      0.232341    0.000100    4.584485 v output129/I (gf180mcu_fd_sc_mcu7t5v0__dlyb_1)
     1    0.056326    0.425226    0.890278    5.474762 v output129/Z (gf180mcu_fd_sc_mcu7t5v0__dlyb_1)
                                                         dout_o[4] (net)
                      0.425239    0.001366    5.476129 v dout_o[4] (out)
                                              5.476129   data arrival time

                                 16.000000   16.000000   clock clk (rise edge)
                                  0.000000   16.000000   clock network delay (propagated)
                                 -0.250000   15.750001   clock uncertainty
                                  0.000000   15.750001   clock reconvergence pessimism
                                 -3.200000   12.550000   output external delay
                                             12.550000   data required time
---------------------------------------------------------------------------------------------
                                             12.550000   data required time
                                             -5.476129   data arrival time
---------------------------------------------------------------------------------------------
                                              7.073872   slack (MET)


Startpoint: X2_q_i[11] (input port clocked by clk)
Endpoint: dout_o[3] (output port clocked by clk)
Path Group: clk
Path Type: max

Fanout         Cap        Slew       Delay        Time   Description
---------------------------------------------------------------------------------------------
                                  0.000000    0.000000   clock clk (rise edge)
                                  0.000000    0.000000   clock network delay (propagated)
                                  3.200000    3.200000 v input external delay
     2    0.009764    0.026147    0.008989    3.208989 v X2_q_i[11] (in)
                                                         X2_q_i[11] (net)
                      0.026148    0.000000    3.208989 v input83/I (gf180mcu_fd_sc_mcu7t5v0__dlyb_1)
     1    0.012074    0.172040    0.612921    3.821910 v input83/Z (gf180mcu_fd_sc_mcu7t5v0__dlyb_1)
                                                         net83 (net)
                      0.172040    0.000437    3.822346 v _169_/B2 (gf180mcu_fd_sc_mcu7t5v0__aoi22_1)
     1    0.007371    0.295737    0.236740    4.059086 ^ _169_/ZN (gf180mcu_fd_sc_mcu7t5v0__aoi22_1)
                                                         _064_ (net)
                      0.295737    0.000114    4.059201 ^ _170_/A4 (gf180mcu_fd_sc_mcu7t5v0__and4_1)
     1    0.008656    0.161893    0.324000    4.383201 ^ _170_/Z (gf180mcu_fd_sc_mcu7t5v0__and4_1)
                                                         _065_ (net)
                      0.161893    0.000279    4.383480 ^ _171_/A4 (gf180mcu_fd_sc_mcu7t5v0__nand4_1)
     1    0.009344    0.279879    0.168860    4.552341 v _171_/ZN (gf180mcu_fd_sc_mcu7t5v0__nand4_1)
                                                         net128 (net)
                      0.279879    0.000242    4.552582 v output128/I (gf180mcu_fd_sc_mcu7t5v0__dlyb_1)
     1    0.054407    0.413973    0.899476    5.452058 v output128/Z (gf180mcu_fd_sc_mcu7t5v0__dlyb_1)
                                                         dout_o[3] (net)
                      0.414073    0.001222    5.453280 v dout_o[3] (out)
                                              5.453280   data arrival time

                                 16.000000   16.000000   clock clk (rise edge)
                                  0.000000   16.000000   clock network delay (propagated)
                                 -0.250000   15.750001   clock uncertainty
                                  0.000000   15.750001   clock reconvergence pessimism
                                 -3.200000   12.550000   output external delay
                                             12.550000   data required time
---------------------------------------------------------------------------------------------
                                             12.550000   data required time
                                             -5.453280   data arrival time
---------------------------------------------------------------------------------------------
                                              7.096720   slack (MET)


Startpoint: result_addr2_i[6] (input port clocked by clk)
Endpoint: dout_o[6] (output port clocked by clk)
Path Group: clk
Path Type: max

Fanout         Cap        Slew       Delay        Time   Description
---------------------------------------------------------------------------------------------
                                  0.000000    0.000000   clock clk (rise edge)
                                  0.000000    0.000000   clock network delay (propagated)
                                  3.200000    3.200000 v input external delay
     2    0.012738    0.031287    0.012035    3.212035 v result_addr2_i[6] (in)
                                                         result_addr2_i[6] (net)
                      0.031288    0.000000    3.212035 v input118/I (gf180mcu_fd_sc_mcu7t5v0__dlyb_1)
     1    0.015469    0.191309    0.633150    3.845184 v input118/Z (gf180mcu_fd_sc_mcu7t5v0__dlyb_1)
                                                         net118 (net)
                      0.191309    0.000759    3.845943 v _194_/B2 (gf180mcu_fd_sc_mcu7t5v0__aoi22_1)
     1    0.003430    0.227196    0.198792    4.044735 ^ _194_/ZN (gf180mcu_fd_sc_mcu7t5v0__aoi22_1)
                                                         _086_ (net)
                      0.227196    0.000033    4.044768 ^ _197_/A2 (gf180mcu_fd_sc_mcu7t5v0__and4_1)
     1    0.006175    0.136980    0.304847    4.349615 ^ _197_/Z (gf180mcu_fd_sc_mcu7t5v0__and4_1)
                                                         _089_ (net)
                      0.136980    0.000123    4.349738 ^ _198_/A4 (gf180mcu_fd_sc_mcu7t5v0__nand4_1)
     1    0.006073    0.238683    0.140266    4.490003 v _198_/ZN (gf180mcu_fd_sc_mcu7t5v0__nand4_1)
                                                         net131 (net)
                      0.238683    0.000135    4.490138 v output131/I (gf180mcu_fd_sc_mcu7t5v0__dlyb_1)
     1    0.055814    0.422232    0.890474    5.380612 v output131/Z (gf180mcu_fd_sc_mcu7t5v0__dlyb_1)
                                                         dout_o[6] (net)
                      0.422243    0.001243    5.381855 v dout_o[6] (out)
                                              5.381855   data arrival time

                                 16.000000   16.000000   clock clk (rise edge)
                                  0.000000   16.000000   clock network delay (propagated)
                                 -0.250000   15.750001   clock uncertainty
                                  0.000000   15.750001   clock reconvergence pessimism
                                 -3.200000   12.550000   output external delay
                                             12.550000   data required time
---------------------------------------------------------------------------------------------
                                             12.550000   data required time
                                             -5.381855   data arrival time
---------------------------------------------------------------------------------------------
                                              7.168146   slack (MET)


Startpoint: X0_q_i[1] (input port clocked by clk)
Endpoint: dout_o[1] (output port clocked by clk)
Path Group: clk
Path Type: max

Fanout         Cap        Slew       Delay        Time   Description
---------------------------------------------------------------------------------------------
                                  0.000000    0.000000   clock clk (rise edge)
                                  0.000000    0.000000   clock network delay (propagated)
                                  3.200000    3.200000 v input external delay
     2    0.010335    0.027125    0.009621    3.209621 v X0_q_i[1] (in)
                                                         X0_q_i[1] (net)
                      0.027127    0.000000    3.209621 v input24/I (gf180mcu_fd_sc_mcu7t5v0__dlyb_1)
     1    0.008889    0.154045    0.595068    3.804688 v input24/Z (gf180mcu_fd_sc_mcu7t5v0__dlyb_1)
                                                         net24 (net)
                      0.154045    0.000271    3.804959 v _148_/B2 (gf180mcu_fd_sc_mcu7t5v0__aoi22_1)
     1    0.009085    0.326069    0.251733    4.056692 ^ _148_/ZN (gf180mcu_fd_sc_mcu7t5v0__aoi22_1)
                                                         _045_ (net)
                      0.326070    0.000376    4.057068 ^ _152_/A1 (gf180mcu_fd_sc_mcu7t5v0__and4_1)
     1    0.005207    0.128918    0.312684    4.369752 ^ _152_/Z (gf180mcu_fd_sc_mcu7t5v0__and4_1)
                                                         _049_ (net)
                      0.128918    0.000057    4.369809 ^ _153_/A4 (gf180mcu_fd_sc_mcu7t5v0__nand4_1)
     1    0.003319    0.219880    0.115481    4.485289 v _153_/ZN (gf180mcu_fd_sc_mcu7t5v0__nand4_1)
                                                         net126 (net)
                      0.219880    0.000061    4.485351 v output126/I (gf180mcu_fd_sc_mcu7t5v0__dlyb_1)
     1    0.054832    0.416418    0.879357    5.364707 v output126/Z (gf180mcu_fd_sc_mcu7t5v0__dlyb_1)
                                                         dout_o[1] (net)
                      0.416429    0.001210    5.365917 v dout_o[1] (out)
                                              5.365917   data arrival time

                                 16.000000   16.000000   clock clk (rise edge)
                                  0.000000   16.000000   clock network delay (propagated)
                                 -0.250000   15.750001   clock uncertainty
                                  0.000000   15.750001   clock reconvergence pessimism
                                 -3.200000   12.550000   output external delay
                                             12.550000   data required time
---------------------------------------------------------------------------------------------
                                             12.550000   data required time
                                             -5.365917   data arrival time
---------------------------------------------------------------------------------------------
                                              7.184084   slack (MET)


Startpoint: result_radix_i[0] (input port clocked by clk)
Endpoint: _225_ (rising edge-triggered flip-flop clocked by clk)
Path Group: clk
Path Type: max

Fanout         Cap        Slew       Delay        Time   Description
---------------------------------------------------------------------------------------------
                                  0.000000    0.000000   clock clk (rise edge)
                                  0.000000    0.000000   clock network delay (propagated)
                                  3.200000    3.200000 ^ input external delay
     2    0.008560    0.045679    0.015130    3.215130 ^ result_radix_i[0] (in)
                                                         result_radix_i[0] (net)
                      0.045679    0.000000    3.215130 ^ input120/I (gf180mcu_fd_sc_mcu7t5v0__dlyb_1)
     2    0.151876    1.640165    1.431117    4.646246 ^ input120/Z (gf180mcu_fd_sc_mcu7t5v0__dlyb_1)
                                                         net120 (net)
                      1.641133    0.022634    4.668881 ^ _111_/A3 (gf180mcu_fd_sc_mcu7t5v0__and4_1)
     1    0.006707    0.177165    0.382174    5.051055 ^ _111_/Z (gf180mcu_fd_sc_mcu7t5v0__and4_1)
                                                         _013_ (net)
                      0.177165    0.000179    5.051234 ^ _113_/A2 (gf180mcu_fd_sc_mcu7t5v0__oai211_1)
     4    0.024529    0.472502    0.267417    5.318651 v _113_/ZN (gf180mcu_fd_sc_mcu7t5v0__oai211_1)
                                                         _015_ (net)
                      0.472502    0.000576    5.319227 v _114_/A2 (gf180mcu_fd_sc_mcu7t5v0__nor2_1)
     4    0.017937    0.418849    0.332641    5.651868 ^ _114_/ZN (gf180mcu_fd_sc_mcu7t5v0__nor2_1)
                                                         _002_ (net)
                      0.418849    0.000124    5.651992 ^ _118_/A2 (gf180mcu_fd_sc_mcu7t5v0__and2_1)
     1    0.006856    0.121313    0.215914    5.867906 ^ _118_/Z (gf180mcu_fd_sc_mcu7t5v0__and2_1)
                                                         _001_ (net)
                      0.121313    0.000156    5.868062 ^ _225_/D (gf180mcu_fd_sc_mcu7t5v0__dffrnq_1)
                                              5.868062   data arrival time

                                 16.000000   16.000000   clock clk (rise edge)
                                  0.000000   16.000000   clock source latency
     2    0.030039    0.000000    0.000000   16.000000 ^ clk (in)
                                                         clk (net)
                      0.000505    0.000206   16.000206 ^ clkbuf_0_clk/I (gf180mcu_fd_sc_mcu7t5v0__clkbuf_16)
     2    0.048928    0.073586    0.146038   16.146244 ^ clkbuf_0_clk/Z (gf180mcu_fd_sc_mcu7t5v0__clkbuf_16)
                                                         clknet_0_clk (net)
                      0.073588    0.000616   16.146860 ^ clkbuf_1_0__f_clk/I (gf180mcu_fd_sc_mcu7t5v0__clkbuf_16)
     4    0.019545    0.056107    0.144762   16.291622 ^ clkbuf_1_0__f_clk/Z (gf180mcu_fd_sc_mcu7t5v0__clkbuf_16)
                                                         clknet_1_0__leaf_clk (net)
                      0.056108    0.000314   16.291937 ^ _225_/CLK (gf180mcu_fd_sc_mcu7t5v0__dffrnq_1)
                                 -0.250000   16.041939   clock uncertainty
                                  0.000000   16.041939   clock reconvergence pessimism
                                 -0.197793   15.844144   library setup time
                                             15.844144   data required time
---------------------------------------------------------------------------------------------
                                             15.844144   data required time
                                             -5.868062   data arrival time
---------------------------------------------------------------------------------------------
                                              9.976082   slack (MET)


Startpoint: result_radix_i[0] (input port clocked by clk)
Endpoint: _221_ (rising edge-triggered flip-flop clocked by clk)
Path Group: clk
Path Type: max

Fanout         Cap        Slew       Delay        Time   Description
---------------------------------------------------------------------------------------------
                                  0.000000    0.000000   clock clk (rise edge)
                                  0.000000    0.000000   clock network delay (propagated)
                                  3.200000    3.200000 ^ input external delay
     2    0.008560    0.045679    0.015130    3.215130 ^ result_radix_i[0] (in)
                                                         result_radix_i[0] (net)
                      0.045679    0.000000    3.215130 ^ input120/I (gf180mcu_fd_sc_mcu7t5v0__dlyb_1)
     2    0.151876    1.640165    1.431117    4.646246 ^ input120/Z (gf180mcu_fd_sc_mcu7t5v0__dlyb_1)
                                                         net120 (net)
                      1.641133    0.022634    4.668881 ^ _111_/A3 (gf180mcu_fd_sc_mcu7t5v0__and4_1)
     1    0.006707    0.177165    0.382174    5.051055 ^ _111_/Z (gf180mcu_fd_sc_mcu7t5v0__and4_1)
                                                         _013_ (net)
                      0.177165    0.000179    5.051234 ^ _113_/A2 (gf180mcu_fd_sc_mcu7t5v0__oai211_1)
     4    0.024529    0.472502    0.267417    5.318651 v _113_/ZN (gf180mcu_fd_sc_mcu7t5v0__oai211_1)
                                                         _015_ (net)
                      0.472502    0.000332    5.318982 v _213_/A2 (gf180mcu_fd_sc_mcu7t5v0__aoi21_1)
     2    0.012608    0.371902    0.341661    5.660643 ^ _213_/ZN (gf180mcu_fd_sc_mcu7t5v0__aoi21_1)
                                                         _101_ (net)
                      0.371902    0.000255    5.660898 ^ _216_/C (gf180mcu_fd_sc_mcu7t5v0__aoi211_1)
     1    0.004943    0.309906    0.186694    5.847592 v _216_/ZN (gf180mcu_fd_sc_mcu7t5v0__aoi211_1)
                                                         _005_ (net)
                      0.309906    0.000100    5.847692 v _221_/D (gf180mcu_fd_sc_mcu7t5v0__dffrnq_1)
                                              5.847692   data arrival time

                                 16.000000   16.000000   clock clk (rise edge)
                                  0.000000   16.000000   clock source latency
     2    0.030039    0.000000    0.000000   16.000000 ^ clk (in)
                                                         clk (net)
                      0.000505    0.000206   16.000206 ^ clkbuf_0_clk/I (gf180mcu_fd_sc_mcu7t5v0__clkbuf_16)
     2    0.048928    0.073586    0.146038   16.146244 ^ clkbuf_0_clk/Z (gf180mcu_fd_sc_mcu7t5v0__clkbuf_16)
                                                         clknet_0_clk (net)
                      0.073587    0.000258   16.146502 ^ clkbuf_1_1__f_clk/I (gf180mcu_fd_sc_mcu7t5v0__clkbuf_16)
     4    0.021352    0.057189    0.145743   16.292244 ^ clkbuf_1_1__f_clk/Z (gf180mcu_fd_sc_mcu7t5v0__clkbuf_16)
                                                         clknet_1_1__leaf_clk (net)
                      0.057190    0.000508   16.292753 ^ _221_/CLK (gf180mcu_fd_sc_mcu7t5v0__dffrnq_1)
                                 -0.250000   16.042753   clock uncertainty
                                  0.000000   16.042753   clock reconvergence pessimism
                                 -0.153705   15.889049   library setup time
                                             15.889049   data required time
---------------------------------------------------------------------------------------------
                                             15.889049   data required time
                                             -5.847692   data arrival time
---------------------------------------------------------------------------------------------
                                             10.041356   slack (MET)


Startpoint: result_radix_i[0] (input port clocked by clk)
Endpoint: _224_ (rising edge-triggered flip-flop clocked by clk)
Path Group: clk
Path Type: max

Fanout         Cap        Slew       Delay        Time   Description
---------------------------------------------------------------------------------------------
                                  0.000000    0.000000   clock clk (rise edge)
                                  0.000000    0.000000   clock network delay (propagated)
                                  3.200000    3.200000 ^ input external delay
     2    0.008560    0.045679    0.015130    3.215130 ^ result_radix_i[0] (in)
                                                         result_radix_i[0] (net)
                      0.045679    0.000000    3.215130 ^ input120/I (gf180mcu_fd_sc_mcu7t5v0__dlyb_1)
     2    0.151876    1.640165    1.431117    4.646246 ^ input120/Z (gf180mcu_fd_sc_mcu7t5v0__dlyb_1)
                                                         net120 (net)
                      1.641133    0.022634    4.668881 ^ _111_/A3 (gf180mcu_fd_sc_mcu7t5v0__and4_1)
     1    0.006707    0.177165    0.382174    5.051055 ^ _111_/Z (gf180mcu_fd_sc_mcu7t5v0__and4_1)
                                                         _013_ (net)
                      0.177165    0.000179    5.051234 ^ _113_/A2 (gf180mcu_fd_sc_mcu7t5v0__oai211_1)
     4    0.024529    0.472502    0.267417    5.318651 v _113_/ZN (gf180mcu_fd_sc_mcu7t5v0__oai211_1)
                                                         _015_ (net)
                      0.472502    0.000576    5.319227 v _114_/A2 (gf180mcu_fd_sc_mcu7t5v0__nor2_1)
     4    0.017937    0.418849    0.332641    5.651868 ^ _114_/ZN (gf180mcu_fd_sc_mcu7t5v0__nor2_1)
                                                         _002_ (net)
                      0.418849    0.000205    5.652073 ^ _224_/D (gf180mcu_fd_sc_mcu7t5v0__dffrnq_1)
                                              5.652073   data arrival time

                                 16.000000   16.000000   clock clk (rise edge)
                                  0.000000   16.000000   clock source latency
     2    0.030039    0.000000    0.000000   16.000000 ^ clk (in)
                                                         clk (net)
                      0.000505    0.000206   16.000206 ^ clkbuf_0_clk/I (gf180mcu_fd_sc_mcu7t5v0__clkbuf_16)
     2    0.048928    0.073586    0.146038   16.146244 ^ clkbuf_0_clk/Z (gf180mcu_fd_sc_mcu7t5v0__clkbuf_16)
                                                         clknet_0_clk (net)
                      0.073588    0.000616   16.146860 ^ clkbuf_1_0__f_clk/I (gf180mcu_fd_sc_mcu7t5v0__clkbuf_16)
     4    0.019545    0.056107    0.144762   16.291622 ^ clkbuf_1_0__f_clk/Z (gf180mcu_fd_sc_mcu7t5v0__clkbuf_16)
                                                         clknet_1_0__leaf_clk (net)
                      0.056108    0.000448   16.292070 ^ _224_/CLK (gf180mcu_fd_sc_mcu7t5v0__dffrnq_1)
                                 -0.250000   16.042070   clock uncertainty
                                  0.000000   16.042070   clock reconvergence pessimism
                                 -0.244822   15.797250   library setup time
                                             15.797250   data required time
---------------------------------------------------------------------------------------------
                                             15.797250   data required time
                                             -5.652073   data arrival time
---------------------------------------------------------------------------------------------
                                             10.145178   slack (MET)


Startpoint: result_radix_i[0] (input port clocked by clk)
Endpoint: _223_ (rising edge-triggered flip-flop clocked by clk)
Path Group: clk
Path Type: max

Fanout         Cap        Slew       Delay        Time   Description
---------------------------------------------------------------------------------------------
                                  0.000000    0.000000   clock clk (rise edge)
                                  0.000000    0.000000   clock network delay (propagated)
                                  3.200000    3.200000 ^ input external delay
     2    0.008560    0.045679    0.015130    3.215130 ^ result_radix_i[0] (in)
                                                         result_radix_i[0] (net)
                      0.045679    0.000000    3.215130 ^ input120/I (gf180mcu_fd_sc_mcu7t5v0__dlyb_1)
     2    0.151876    1.640165    1.431117    4.646246 ^ input120/Z (gf180mcu_fd_sc_mcu7t5v0__dlyb_1)
                                                         net120 (net)
                      1.641133    0.022634    4.668881 ^ _111_/A3 (gf180mcu_fd_sc_mcu7t5v0__and4_1)
     1    0.006707    0.177165    0.382174    5.051055 ^ _111_/Z (gf180mcu_fd_sc_mcu7t5v0__and4_1)
                                                         _013_ (net)
                      0.177165    0.000179    5.051234 ^ _113_/A2 (gf180mcu_fd_sc_mcu7t5v0__oai211_1)
     4    0.024529    0.472502    0.267417    5.318651 v _113_/ZN (gf180mcu_fd_sc_mcu7t5v0__oai211_1)
                                                         _015_ (net)
                      0.472502    0.000576    5.319227 v _114_/A2 (gf180mcu_fd_sc_mcu7t5v0__nor2_1)
     4    0.017937    0.418849    0.332641    5.651868 ^ _114_/ZN (gf180mcu_fd_sc_mcu7t5v0__nor2_1)
                                                         _002_ (net)
                      0.418849    0.000226    5.652093 ^ _116_/A1 (gf180mcu_fd_sc_mcu7t5v0__nor2_1)
     1    0.004213    0.230993    0.081426    5.733520 v _116_/ZN (gf180mcu_fd_sc_mcu7t5v0__nor2_1)
                                                         _000_ (net)
                      0.230993    0.000081    5.733601 v _223_/D (gf180mcu_fd_sc_mcu7t5v0__dffrnq_1)
                                              5.733601   data arrival time

                                 16.000000   16.000000   clock clk (rise edge)
                                  0.000000   16.000000   clock source latency
     2    0.030039    0.000000    0.000000   16.000000 ^ clk (in)
                                                         clk (net)
                      0.000505    0.000206   16.000206 ^ clkbuf_0_clk/I (gf180mcu_fd_sc_mcu7t5v0__clkbuf_16)
     2    0.048928    0.073586    0.146038   16.146244 ^ clkbuf_0_clk/Z (gf180mcu_fd_sc_mcu7t5v0__clkbuf_16)
                                                         clknet_0_clk (net)
                      0.073588    0.000616   16.146860 ^ clkbuf_1_0__f_clk/I (gf180mcu_fd_sc_mcu7t5v0__clkbuf_16)
     4    0.019545    0.056107    0.144762   16.291622 ^ clkbuf_1_0__f_clk/Z (gf180mcu_fd_sc_mcu7t5v0__clkbuf_16)
                                                         clknet_1_0__leaf_clk (net)
                      0.056108    0.000425   16.292048 ^ _223_/CLK (gf180mcu_fd_sc_mcu7t5v0__dffrnq_1)
                                 -0.250000   16.042048   clock uncertainty
                                  0.000000   16.042048   clock reconvergence pessimism
                                 -0.132609   15.909439   library setup time
                                             15.909439   data required time
---------------------------------------------------------------------------------------------
                                             15.909439   data required time
                                             -5.733601   data arrival time
---------------------------------------------------------------------------------------------
                                             10.175839   slack (MET)


Startpoint: result_radix_i[0] (input port clocked by clk)
Endpoint: _222_ (rising edge-triggered flip-flop clocked by clk)
Path Group: clk
Path Type: max

Fanout         Cap        Slew       Delay        Time   Description
---------------------------------------------------------------------------------------------
                                  0.000000    0.000000   clock clk (rise edge)
                                  0.000000    0.000000   clock network delay (propagated)
                                  3.200000    3.200000 ^ input external delay
     2    0.008560    0.045679    0.015130    3.215130 ^ result_radix_i[0] (in)
                                                         result_radix_i[0] (net)
                      0.045679    0.000000    3.215130 ^ input120/I (gf180mcu_fd_sc_mcu7t5v0__dlyb_1)
     2    0.151876    1.640165    1.431117    4.646246 ^ input120/Z (gf180mcu_fd_sc_mcu7t5v0__dlyb_1)
                                                         net120 (net)
                      1.641133    0.022634    4.668881 ^ _111_/A3 (gf180mcu_fd_sc_mcu7t5v0__and4_1)
     1    0.006707    0.177165    0.382174    5.051055 ^ _111_/Z (gf180mcu_fd_sc_mcu7t5v0__and4_1)
                                                         _013_ (net)
                      0.177165    0.000179    5.051234 ^ _113_/A2 (gf180mcu_fd_sc_mcu7t5v0__oai211_1)
     4    0.024529    0.472502    0.267417    5.318651 v _113_/ZN (gf180mcu_fd_sc_mcu7t5v0__oai211_1)
                                                         _015_ (net)
                      0.472502    0.000332    5.318982 v _213_/A2 (gf180mcu_fd_sc_mcu7t5v0__aoi21_1)
     2    0.012608    0.371902    0.341661    5.660643 ^ _213_/ZN (gf180mcu_fd_sc_mcu7t5v0__aoi21_1)
                                                         _101_ (net)
                      0.371902    0.000229    5.660872 ^ _218_/A1 (gf180mcu_fd_sc_mcu7t5v0__nor2_1)
     1    0.004740    0.140608    0.086668    5.747540 v _218_/ZN (gf180mcu_fd_sc_mcu7t5v0__nor2_1)
                                                         _006_ (net)
                      0.140608    0.000056    5.747596 v _222_/D (gf180mcu_fd_sc_mcu7t5v0__dffrnq_1)
                                              5.747596   data arrival time

                                 16.000000   16.000000   clock clk (rise edge)
                                  0.000000   16.000000   clock source latency
     2    0.030039    0.000000    0.000000   16.000000 ^ clk (in)
                                                         clk (net)
                      0.000505    0.000206   16.000206 ^ clkbuf_0_clk/I (gf180mcu_fd_sc_mcu7t5v0__clkbuf_16)
     2    0.048928    0.073586    0.146038   16.146244 ^ clkbuf_0_clk/Z (gf180mcu_fd_sc_mcu7t5v0__clkbuf_16)
                                                         clknet_0_clk (net)
                      0.073587    0.000258   16.146502 ^ clkbuf_1_1__f_clk/I (gf180mcu_fd_sc_mcu7t5v0__clkbuf_16)
     4    0.021352    0.057189    0.145743   16.292244 ^ clkbuf_1_1__f_clk/Z (gf180mcu_fd_sc_mcu7t5v0__clkbuf_16)
                                                         clknet_1_1__leaf_clk (net)
                      0.057189    0.000474   16.292719 ^ _222_/CLK (gf180mcu_fd_sc_mcu7t5v0__dffrnq_1)
                                 -0.250000   16.042719   clock uncertainty
                                  0.000000   16.042719   clock reconvergence pessimism
                                 -0.107300   15.935421   library setup time
                                             15.935421   data required time
---------------------------------------------------------------------------------------------
                                             15.935421   data required time
                                             -5.747596   data arrival time
---------------------------------------------------------------------------------------------
                                             10.187824   slack (MET)


Startpoint: result_radix_i[0] (input port clocked by clk)
Endpoint: _219_ (rising edge-triggered flip-flop clocked by clk)
Path Group: clk
Path Type: max

Fanout         Cap        Slew       Delay        Time   Description
---------------------------------------------------------------------------------------------
                                  0.000000    0.000000   clock clk (rise edge)
                                  0.000000    0.000000   clock network delay (propagated)
                                  3.200000    3.200000 ^ input external delay
     2    0.008560    0.045679    0.015130    3.215130 ^ result_radix_i[0] (in)
                                                         result_radix_i[0] (net)
                      0.045679    0.000000    3.215130 ^ input120/I (gf180mcu_fd_sc_mcu7t5v0__dlyb_1)
     2    0.151876    1.640165    1.431117    4.646246 ^ input120/Z (gf180mcu_fd_sc_mcu7t5v0__dlyb_1)
                                                         net120 (net)
                      1.641133    0.022634    4.668881 ^ _111_/A3 (gf180mcu_fd_sc_mcu7t5v0__and4_1)
     1    0.006707    0.177165    0.382174    5.051055 ^ _111_/Z (gf180mcu_fd_sc_mcu7t5v0__and4_1)
                                                         _013_ (net)
                      0.177165    0.000179    5.051234 ^ _113_/A2 (gf180mcu_fd_sc_mcu7t5v0__oai211_1)
     4    0.024529    0.472502    0.267417    5.318651 v _113_/ZN (gf180mcu_fd_sc_mcu7t5v0__oai211_1)
                                                         _015_ (net)
                      0.472502    0.000645    5.319296 v _208_/A2 (gf180mcu_fd_sc_mcu7t5v0__nand2_1)
     1    0.006566    0.209312    0.217043    5.536339 ^ _208_/ZN (gf180mcu_fd_sc_mcu7t5v0__nand2_1)
                                                         _098_ (net)
                      0.209312    0.000134    5.536472 ^ _209_/A2 (gf180mcu_fd_sc_mcu7t5v0__aoi21_1)
     1    0.006470    0.214050    0.089248    5.625720 v _209_/ZN (gf180mcu_fd_sc_mcu7t5v0__aoi21_1)
                                                         _003_ (net)
                      0.214050    0.000147    5.625866 v _219_/D (gf180mcu_fd_sc_mcu7t5v0__dffrnq_1)
                                              5.625866   data arrival time

                                 16.000000   16.000000   clock clk (rise edge)
                                  0.000000   16.000000   clock source latency
     2    0.030039    0.000000    0.000000   16.000000 ^ clk (in)
                                                         clk (net)
                      0.000505    0.000206   16.000206 ^ clkbuf_0_clk/I (gf180mcu_fd_sc_mcu7t5v0__clkbuf_16)
     2    0.048928    0.073586    0.146038   16.146244 ^ clkbuf_0_clk/Z (gf180mcu_fd_sc_mcu7t5v0__clkbuf_16)
                                                         clknet_0_clk (net)
                      0.073587    0.000258   16.146502 ^ clkbuf_1_1__f_clk/I (gf180mcu_fd_sc_mcu7t5v0__clkbuf_16)
     4    0.021352    0.057189    0.145743   16.292244 ^ clkbuf_1_1__f_clk/Z (gf180mcu_fd_sc_mcu7t5v0__clkbuf_16)
                                                         clknet_1_1__leaf_clk (net)
                      0.057189    0.000421   16.292665 ^ _219_/CLK (gf180mcu_fd_sc_mcu7t5v0__dffrnq_1)
                                 -0.250000   16.042665   clock uncertainty
                                  0.000000   16.042665   clock reconvergence pessimism
                                 -0.127845   15.914820   library setup time
                                             15.914820   data required time
---------------------------------------------------------------------------------------------
                                             15.914820   data required time
                                             -5.625866   data arrival time
---------------------------------------------------------------------------------------------
                                             10.288954   slack (MET)


Startpoint: result_radix_i[0] (input port clocked by clk)
Endpoint: _220_ (rising edge-triggered flip-flop clocked by clk)
Path Group: clk
Path Type: max

Fanout         Cap        Slew       Delay        Time   Description
---------------------------------------------------------------------------------------------
                                  0.000000    0.000000   clock clk (rise edge)
                                  0.000000    0.000000   clock network delay (propagated)
                                  3.200000    3.200000 ^ input external delay
     2    0.008560    0.045679    0.015130    3.215130 ^ result_radix_i[0] (in)
                                                         result_radix_i[0] (net)
                      0.045679    0.000000    3.215130 ^ input120/I (gf180mcu_fd_sc_mcu7t5v0__dlyb_1)
     2    0.151876    1.640165    1.431117    4.646246 ^ input120/Z (gf180mcu_fd_sc_mcu7t5v0__dlyb_1)
                                                         net120 (net)
                      1.641133    0.022634    4.668881 ^ _111_/A3 (gf180mcu_fd_sc_mcu7t5v0__and4_1)
     1    0.006707    0.177165    0.382174    5.051055 ^ _111_/Z (gf180mcu_fd_sc_mcu7t5v0__and4_1)
                                                         _013_ (net)
                      0.177165    0.000179    5.051234 ^ _113_/A2 (gf180mcu_fd_sc_mcu7t5v0__oai211_1)
     4    0.024529    0.472502    0.267417    5.318651 v _113_/ZN (gf180mcu_fd_sc_mcu7t5v0__oai211_1)
                                                         _015_ (net)
                      0.472502    0.000551    5.319201 v _211_/A3 (gf180mcu_fd_sc_mcu7t5v0__nand3_1)
     1    0.004607    0.237883    0.239964    5.559165 ^ _211_/ZN (gf180mcu_fd_sc_mcu7t5v0__nand3_1)
                                                         _100_ (net)
                      0.237883    0.000043    5.559208 ^ _212_/A2 (gf180mcu_fd_sc_mcu7t5v0__nand2_1)
     1    0.003585    0.099390    0.067944    5.627152 v _212_/ZN (gf180mcu_fd_sc_mcu7t5v0__nand2_1)
                                                         _004_ (net)
                      0.099390    0.000035    5.627187 v _220_/D (gf180mcu_fd_sc_mcu7t5v0__dffrnq_1)
                                              5.627187   data arrival time

                                 16.000000   16.000000   clock clk (rise edge)
                                  0.000000   16.000000   clock source latency
     2    0.030039    0.000000    0.000000   16.000000 ^ clk (in)
                                                         clk (net)
                      0.000505    0.000206   16.000206 ^ clkbuf_0_clk/I (gf180mcu_fd_sc_mcu7t5v0__clkbuf_16)
     2    0.048928    0.073586    0.146038   16.146244 ^ clkbuf_0_clk/Z (gf180mcu_fd_sc_mcu7t5v0__clkbuf_16)
                                                         clknet_0_clk (net)
                      0.073588    0.000616   16.146860 ^ clkbuf_1_0__f_clk/I (gf180mcu_fd_sc_mcu7t5v0__clkbuf_16)
     4    0.019545    0.056107    0.144762   16.291622 ^ clkbuf_1_0__f_clk/Z (gf180mcu_fd_sc_mcu7t5v0__clkbuf_16)
                                                         clknet_1_0__leaf_clk (net)
                      0.056108    0.000453   16.292076 ^ _220_/CLK (gf180mcu_fd_sc_mcu7t5v0__dffrnq_1)
                                 -0.250000   16.042076   clock uncertainty
                                  0.000000   16.042076   clock reconvergence pessimism
                                 -0.096010   15.946066   library setup time
                                             15.946066   data required time
---------------------------------------------------------------------------------------------
                                             15.946066   data required time
                                             -5.627187   data arrival time
---------------------------------------------------------------------------------------------
                                             10.318879   slack (MET)


Startpoint: _223_ (rising edge-triggered flip-flop clocked by clk)
Endpoint: dout_valid_o (output port clocked by clk)
Path Group: clk
Path Type: max

Fanout         Cap        Slew       Delay        Time   Description
---------------------------------------------------------------------------------------------
                                  0.000000    0.000000   clock clk (rise edge)
                                  0.000000    0.000000   clock source latency
     2    0.030039    0.000000    0.000000    0.000000 ^ clk (in)
                                                         clk (net)
                      0.000505    0.000207    0.000207 ^ clkbuf_0_clk/I (gf180mcu_fd_sc_mcu7t5v0__clkbuf_16)
     2    0.048928    0.073586    0.146038    0.146244 ^ clkbuf_0_clk/Z (gf180mcu_fd_sc_mcu7t5v0__clkbuf_16)
                                                         clknet_0_clk (net)
                      0.073588    0.000617    0.146861 ^ clkbuf_1_0__f_clk/I (gf180mcu_fd_sc_mcu7t5v0__clkbuf_16)
     4    0.019545    0.056107    0.144762    0.291623 ^ clkbuf_1_0__f_clk/Z (gf180mcu_fd_sc_mcu7t5v0__clkbuf_16)
                                                         clknet_1_0__leaf_clk (net)
                      0.056108    0.000424    0.292047 ^ _223_/CLK (gf180mcu_fd_sc_mcu7t5v0__dffrnq_1)
     7    0.037091    0.431078    0.738754    1.030802 ^ _223_/Q (gf180mcu_fd_sc_mcu7t5v0__dffrnq_1)
                                                         net124 (net)
                      0.431081    0.000675    1.031477 ^ _226_/I (gf180mcu_fd_sc_mcu7t5v0__buf_1)
     1    0.004132    0.088020    0.165913    1.197390 ^ _226_/Z (gf180mcu_fd_sc_mcu7t5v0__buf_1)
                                                         net133 (net)
                      0.088020    0.000043    1.197433 ^ output133/I (gf180mcu_fd_sc_mcu7t5v0__dlyb_1)
     1    0.050671    0.572214    0.810572    2.008005 ^ output133/Z (gf180mcu_fd_sc_mcu7t5v0__dlyb_1)
                                                         dout_valid_o (net)
                      0.572214    0.000304    2.008309 ^ dout_valid_o (out)
                                              2.008309   data arrival time

                                 16.000000   16.000000   clock clk (rise edge)
                                  0.000000   16.000000   clock network delay (propagated)
                                 -0.250000   15.750001   clock uncertainty
                                  0.000000   15.750001   clock reconvergence pessimism
                                 -3.200000   12.550000   output external delay
                                             12.550000   data required time
---------------------------------------------------------------------------------------------
                                             12.550000   data required time
                                             -2.008309   data arrival time
---------------------------------------------------------------------------------------------
                                             10.541692   slack (MET)


Startpoint: _223_ (rising edge-triggered flip-flop clocked by clk)
Endpoint: busy_o (output port clocked by clk)
Path Group: clk
Path Type: max

Fanout         Cap        Slew       Delay        Time   Description
---------------------------------------------------------------------------------------------
                                  0.000000    0.000000   clock clk (rise edge)
                                  0.000000    0.000000   clock source latency
     2    0.030039    0.000000    0.000000    0.000000 ^ clk (in)
                                                         clk (net)
                      0.000505    0.000207    0.000207 ^ clkbuf_0_clk/I (gf180mcu_fd_sc_mcu7t5v0__clkbuf_16)
     2    0.048928    0.073586    0.146038    0.146244 ^ clkbuf_0_clk/Z (gf180mcu_fd_sc_mcu7t5v0__clkbuf_16)
                                                         clknet_0_clk (net)
                      0.073588    0.000617    0.146861 ^ clkbuf_1_0__f_clk/I (gf180mcu_fd_sc_mcu7t5v0__clkbuf_16)
     4    0.019545    0.056107    0.144762    0.291623 ^ clkbuf_1_0__f_clk/Z (gf180mcu_fd_sc_mcu7t5v0__clkbuf_16)
                                                         clknet_1_0__leaf_clk (net)
                      0.056108    0.000424    0.292047 ^ _223_/CLK (gf180mcu_fd_sc_mcu7t5v0__dffrnq_1)
     7    0.037091    0.431078    0.738754    1.030802 ^ _223_/Q (gf180mcu_fd_sc_mcu7t5v0__dffrnq_1)
                                                         net124 (net)
                      0.431079    0.000435    1.031236 ^ output124/I (gf180mcu_fd_sc_mcu7t5v0__dlyb_1)
     1    0.051115    0.576572    0.828243    1.859479 ^ output124/Z (gf180mcu_fd_sc_mcu7t5v0__dlyb_1)
                                                         busy_o (net)
                      0.576576    0.000844    1.860324 ^ busy_o (out)
                                              1.860324   data arrival time

                                 16.000000   16.000000   clock clk (rise edge)
                                  0.000000   16.000000   clock network delay (propagated)
                                 -0.250000   15.750001   clock uncertainty
                                  0.000000   15.750001   clock reconvergence pessimism
                                 -3.200000   12.550000   output external delay
                                             12.550000   data required time
---------------------------------------------------------------------------------------------
                                             12.550000   data required time
                                             -1.860324   data arrival time
---------------------------------------------------------------------------------------------
                                             10.689677   slack (MET)


Startpoint: _225_ (rising edge-triggered flip-flop clocked by clk)
Endpoint: job_done_o (output port clocked by clk)
Path Group: clk
Path Type: max

Fanout         Cap        Slew       Delay        Time   Description
---------------------------------------------------------------------------------------------
                                  0.000000    0.000000   clock clk (rise edge)
                                  0.000000    0.000000   clock source latency
     2    0.030039    0.000000    0.000000    0.000000 ^ clk (in)
                                                         clk (net)
                      0.000505    0.000207    0.000207 ^ clkbuf_0_clk/I (gf180mcu_fd_sc_mcu7t5v0__clkbuf_16)
     2    0.048928    0.073586    0.146038    0.146244 ^ clkbuf_0_clk/Z (gf180mcu_fd_sc_mcu7t5v0__clkbuf_16)
                                                         clknet_0_clk (net)
                      0.073588    0.000617    0.146861 ^ clkbuf_1_0__f_clk/I (gf180mcu_fd_sc_mcu7t5v0__clkbuf_16)
     4    0.019545    0.056107    0.144762    0.291623 ^ clkbuf_1_0__f_clk/Z (gf180mcu_fd_sc_mcu7t5v0__clkbuf_16)
                                                         clknet_1_0__leaf_clk (net)
                      0.056108    0.000315    0.291938 ^ _225_/CLK (gf180mcu_fd_sc_mcu7t5v0__dffrnq_1)
     1    0.017233    0.229264    0.614343    0.906281 ^ _225_/Q (gf180mcu_fd_sc_mcu7t5v0__dffrnq_1)
                                                         net134 (net)
                      0.229264    0.000811    0.907091 ^ output134/I (gf180mcu_fd_sc_mcu7t5v0__dlyb_1)
     1    0.057796    0.646931    0.866504    1.773595 ^ output134/Z (gf180mcu_fd_sc_mcu7t5v0__dlyb_1)
                                                         job_done_o (net)
                      0.646942    0.001524    1.775119 ^ job_done_o (out)
                                              1.775119   data arrival time

                                 16.000000   16.000000   clock clk (rise edge)
                                  0.000000   16.000000   clock network delay (propagated)
                                 -0.250000   15.750001   clock uncertainty
                                  0.000000   15.750001   clock reconvergence pessimism
                                 -3.200000   12.550000   output external delay
                                             12.550000   data required time
---------------------------------------------------------------------------------------------
                                             12.550000   data required time
                                             -1.775119   data arrival time
---------------------------------------------------------------------------------------------
                                             10.774880   slack (MET)


Startpoint: _224_ (rising edge-triggered flip-flop clocked by clk)
Endpoint: transaction_done_o (output port clocked by clk)
Path Group: clk
Path Type: max

Fanout         Cap        Slew       Delay        Time   Description
---------------------------------------------------------------------------------------------
                                  0.000000    0.000000   clock clk (rise edge)
                                  0.000000    0.000000   clock source latency
     2    0.030039    0.000000    0.000000    0.000000 ^ clk (in)
                                                         clk (net)
                      0.000505    0.000207    0.000207 ^ clkbuf_0_clk/I (gf180mcu_fd_sc_mcu7t5v0__clkbuf_16)
     2    0.048928    0.073586    0.146038    0.146244 ^ clkbuf_0_clk/Z (gf180mcu_fd_sc_mcu7t5v0__clkbuf_16)
                                                         clknet_0_clk (net)
                      0.073588    0.000617    0.146861 ^ clkbuf_1_0__f_clk/I (gf180mcu_fd_sc_mcu7t5v0__clkbuf_16)
     4    0.019545    0.056107    0.144762    0.291623 ^ clkbuf_1_0__f_clk/Z (gf180mcu_fd_sc_mcu7t5v0__clkbuf_16)
                                                         clknet_1_0__leaf_clk (net)
                      0.056108    0.000447    0.292070 ^ _224_/CLK (gf180mcu_fd_sc_mcu7t5v0__dffrnq_1)
     1    0.014515    0.202707    0.596972    0.889042 ^ _224_/Q (gf180mcu_fd_sc_mcu7t5v0__dffrnq_1)
                                                         net136 (net)
                      0.202707    0.000503    0.889545 ^ output136/I (gf180mcu_fd_sc_mcu7t5v0__dlyb_1)
     1    0.060066    0.671205    0.878898    1.768443 ^ output136/Z (gf180mcu_fd_sc_mcu7t5v0__dlyb_1)
                                                         transaction_done_o (net)
                      0.671218    0.001666    1.770109 ^ transaction_done_o (out)
                                              1.770109   data arrival time

                                 16.000000   16.000000   clock clk (rise edge)
                                  0.000000   16.000000   clock network delay (propagated)
                                 -0.250000   15.750001   clock uncertainty
                                  0.000000   15.750001   clock reconvergence pessimism
                                 -3.200000   12.550000   output external delay
                                             12.550000   data required time
---------------------------------------------------------------------------------------------
                                             12.550000   data required time
                                             -1.770109   data arrival time
---------------------------------------------------------------------------------------------
                                             10.779892   slack (MET)


Startpoint: rst_n (input port clocked by clk)
Endpoint: _224_ (recovery check against rising-edge clock clk)
Path Group: asynchronous
Path Type: max

Fanout         Cap        Slew       Delay        Time   Description
---------------------------------------------------------------------------------------------
                                  0.000000    0.000000   clock clk (rise edge)
                                  0.000000    0.000000   clock network delay (propagated)
                                  3.200000    3.200000 ^ input external delay
     2    0.006231    0.039125    0.011048    3.211048 ^ rst_n (in)
                                                         rst_n (net)
                      0.039125    0.000000    3.211048 ^ input123/I (gf180mcu_fd_sc_mcu7t5v0__dlyb_1)
     7    0.064091    0.714516    0.886706    4.097754 ^ input123/Z (gf180mcu_fd_sc_mcu7t5v0__dlyb_1)
                                                         net123 (net)
                      0.714523    0.001304    4.099058 ^ _224_/RN (gf180mcu_fd_sc_mcu7t5v0__dffrnq_1)
                                              4.099058   data arrival time

                                 16.000000   16.000000   clock clk (rise edge)
                                  0.000000   16.000000   clock source latency
     2    0.030039    0.000000    0.000000   16.000000 ^ clk (in)
                                                         clk (net)
                      0.000505    0.000206   16.000206 ^ clkbuf_0_clk/I (gf180mcu_fd_sc_mcu7t5v0__clkbuf_16)
     2    0.048928    0.073586    0.146038   16.146244 ^ clkbuf_0_clk/Z (gf180mcu_fd_sc_mcu7t5v0__clkbuf_16)
                                                         clknet_0_clk (net)
                      0.073588    0.000616   16.146860 ^ clkbuf_1_0__f_clk/I (gf180mcu_fd_sc_mcu7t5v0__clkbuf_16)
     4    0.019545    0.056107    0.144762   16.291622 ^ clkbuf_1_0__f_clk/Z (gf180mcu_fd_sc_mcu7t5v0__clkbuf_16)
                                                         clknet_1_0__leaf_clk (net)
                      0.056108    0.000448   16.292070 ^ _224_/CLK (gf180mcu_fd_sc_mcu7t5v0__dffrnq_1)
                                 -0.250000   16.042070   clock uncertainty
                                  0.000000   16.042070   clock reconvergence pessimism
                                 -0.027423   16.014648   library recovery time
                                             16.014648   data required time
---------------------------------------------------------------------------------------------
                                             16.014648   data required time
                                             -4.099058   data arrival time
---------------------------------------------------------------------------------------------
                                             11.915590   slack (MET)


Startpoint: rst_n (input port clocked by clk)
Endpoint: _223_ (recovery check against rising-edge clock clk)
Path Group: asynchronous
Path Type: max

Fanout         Cap        Slew       Delay        Time   Description
---------------------------------------------------------------------------------------------
                                  0.000000    0.000000   clock clk (rise edge)
                                  0.000000    0.000000   clock network delay (propagated)
                                  3.200000    3.200000 ^ input external delay
     2    0.006231    0.039125    0.011048    3.211048 ^ rst_n (in)
                                                         rst_n (net)
                      0.039125    0.000000    3.211048 ^ input123/I (gf180mcu_fd_sc_mcu7t5v0__dlyb_1)
     7    0.064091    0.714516    0.886706    4.097754 ^ input123/Z (gf180mcu_fd_sc_mcu7t5v0__dlyb_1)
                                                         net123 (net)
                      0.714522    0.001165    4.098918 ^ _223_/RN (gf180mcu_fd_sc_mcu7t5v0__dffrnq_1)
                                              4.098918   data arrival time

                                 16.000000   16.000000   clock clk (rise edge)
                                  0.000000   16.000000   clock source latency
     2    0.030039    0.000000    0.000000   16.000000 ^ clk (in)
                                                         clk (net)
                      0.000505    0.000206   16.000206 ^ clkbuf_0_clk/I (gf180mcu_fd_sc_mcu7t5v0__clkbuf_16)
     2    0.048928    0.073586    0.146038   16.146244 ^ clkbuf_0_clk/Z (gf180mcu_fd_sc_mcu7t5v0__clkbuf_16)
                                                         clknet_0_clk (net)
                      0.073588    0.000616   16.146860 ^ clkbuf_1_0__f_clk/I (gf180mcu_fd_sc_mcu7t5v0__clkbuf_16)
     4    0.019545    0.056107    0.144762   16.291622 ^ clkbuf_1_0__f_clk/Z (gf180mcu_fd_sc_mcu7t5v0__clkbuf_16)
                                                         clknet_1_0__leaf_clk (net)
                      0.056108    0.000425   16.292048 ^ _223_/CLK (gf180mcu_fd_sc_mcu7t5v0__dffrnq_1)
                                 -0.250000   16.042048   clock uncertainty
                                  0.000000   16.042048   clock reconvergence pessimism
                                 -0.027423   16.014626   library recovery time
                                             16.014626   data required time
---------------------------------------------------------------------------------------------
                                             16.014626   data required time
                                             -4.098918   data arrival time
---------------------------------------------------------------------------------------------
                                             11.915706   slack (MET)


Startpoint: rst_n (input port clocked by clk)
Endpoint: _225_ (recovery check against rising-edge clock clk)
Path Group: asynchronous
Path Type: max

Fanout         Cap        Slew       Delay        Time   Description
---------------------------------------------------------------------------------------------
                                  0.000000    0.000000   clock clk (rise edge)
                                  0.000000    0.000000   clock network delay (propagated)
                                  3.200000    3.200000 ^ input external delay
     2    0.006231    0.039125    0.011048    3.211048 ^ rst_n (in)
                                                         rst_n (net)
                      0.039125    0.000000    3.211048 ^ input123/I (gf180mcu_fd_sc_mcu7t5v0__dlyb_1)
     7    0.064091    0.714516    0.886706    4.097754 ^ input123/Z (gf180mcu_fd_sc_mcu7t5v0__dlyb_1)
                                                         net123 (net)
                      0.714520    0.001040    4.098794 ^ _225_/RN (gf180mcu_fd_sc_mcu7t5v0__dffrnq_1)
                                              4.098794   data arrival time

                                 16.000000   16.000000   clock clk (rise edge)
                                  0.000000   16.000000   clock source latency
     2    0.030039    0.000000    0.000000   16.000000 ^ clk (in)
                                                         clk (net)
                      0.000505    0.000206   16.000206 ^ clkbuf_0_clk/I (gf180mcu_fd_sc_mcu7t5v0__clkbuf_16)
     2    0.048928    0.073586    0.146038   16.146244 ^ clkbuf_0_clk/Z (gf180mcu_fd_sc_mcu7t5v0__clkbuf_16)
                                                         clknet_0_clk (net)
                      0.073588    0.000616   16.146860 ^ clkbuf_1_0__f_clk/I (gf180mcu_fd_sc_mcu7t5v0__clkbuf_16)
     4    0.019545    0.056107    0.144762   16.291622 ^ clkbuf_1_0__f_clk/Z (gf180mcu_fd_sc_mcu7t5v0__clkbuf_16)
                                                         clknet_1_0__leaf_clk (net)
                      0.056108    0.000314   16.291937 ^ _225_/CLK (gf180mcu_fd_sc_mcu7t5v0__dffrnq_1)
                                 -0.250000   16.041939   clock uncertainty
                                  0.000000   16.041939   clock reconvergence pessimism
                                 -0.027422   16.014517   library recovery time
                                             16.014517   data required time
---------------------------------------------------------------------------------------------
                                             16.014517   data required time
                                             -4.098794   data arrival time
---------------------------------------------------------------------------------------------
                                             11.915722   slack (MET)


Startpoint: rst_n (input port clocked by clk)
Endpoint: _220_ (recovery check against rising-edge clock clk)
Path Group: asynchronous
Path Type: max

Fanout         Cap        Slew       Delay        Time   Description
---------------------------------------------------------------------------------------------
                                  0.000000    0.000000   clock clk (rise edge)
                                  0.000000    0.000000   clock network delay (propagated)
                                  3.200000    3.200000 ^ input external delay
     2    0.006231    0.039125    0.011048    3.211048 ^ rst_n (in)
                                                         rst_n (net)
                      0.039125    0.000000    3.211048 ^ input123/I (gf180mcu_fd_sc_mcu7t5v0__dlyb_1)
     7    0.064091    0.714516    0.886706    4.097754 ^ input123/Z (gf180mcu_fd_sc_mcu7t5v0__dlyb_1)
                                                         net123 (net)
                      0.714521    0.001132    4.098886 ^ _220_/RN (gf180mcu_fd_sc_mcu7t5v0__dffrnq_1)
                                              4.098886   data arrival time

                                 16.000000   16.000000   clock clk (rise edge)
                                  0.000000   16.000000   clock source latency
     2    0.030039    0.000000    0.000000   16.000000 ^ clk (in)
                                                         clk (net)
                      0.000505    0.000206   16.000206 ^ clkbuf_0_clk/I (gf180mcu_fd_sc_mcu7t5v0__clkbuf_16)
     2    0.048928    0.073586    0.146038   16.146244 ^ clkbuf_0_clk/Z (gf180mcu_fd_sc_mcu7t5v0__clkbuf_16)
                                                         clknet_0_clk (net)
                      0.073588    0.000616   16.146860 ^ clkbuf_1_0__f_clk/I (gf180mcu_fd_sc_mcu7t5v0__clkbuf_16)
     4    0.019545    0.056107    0.144762   16.291622 ^ clkbuf_1_0__f_clk/Z (gf180mcu_fd_sc_mcu7t5v0__clkbuf_16)
                                                         clknet_1_0__leaf_clk (net)
                      0.056108    0.000453   16.292076 ^ _220_/CLK (gf180mcu_fd_sc_mcu7t5v0__dffrnq_1)
                                 -0.250000   16.042076   clock uncertainty
                                  0.000000   16.042076   clock reconvergence pessimism
                                 -0.027422   16.014654   library recovery time
                                             16.014654   data required time
---------------------------------------------------------------------------------------------
                                             16.014654   data required time
                                             -4.098886   data arrival time
---------------------------------------------------------------------------------------------
                                             11.915770   slack (MET)


Startpoint: rst_n (input port clocked by clk)
Endpoint: _221_ (recovery check against rising-edge clock clk)
Path Group: asynchronous
Path Type: max

Fanout         Cap        Slew       Delay        Time   Description
---------------------------------------------------------------------------------------------
                                  0.000000    0.000000   clock clk (rise edge)
                                  0.000000    0.000000   clock network delay (propagated)
                                  3.200000    3.200000 ^ input external delay
     2    0.006231    0.039125    0.011048    3.211048 ^ rst_n (in)
                                                         rst_n (net)
                      0.039125    0.000000    3.211048 ^ input123/I (gf180mcu_fd_sc_mcu7t5v0__dlyb_1)
     7    0.064091    0.714516    0.886706    4.097754 ^ input123/Z (gf180mcu_fd_sc_mcu7t5v0__dlyb_1)
                                                         net123 (net)
                      0.714521    0.001143    4.098897 ^ _221_/RN (gf180mcu_fd_sc_mcu7t5v0__dffrnq_1)
                                              4.098897   data arrival time

                                 16.000000   16.000000   clock clk (rise edge)
                                  0.000000   16.000000   clock source latency
     2    0.030039    0.000000    0.000000   16.000000 ^ clk (in)
                                                         clk (net)
                      0.000505    0.000206   16.000206 ^ clkbuf_0_clk/I (gf180mcu_fd_sc_mcu7t5v0__clkbuf_16)
     2    0.048928    0.073586    0.146038   16.146244 ^ clkbuf_0_clk/Z (gf180mcu_fd_sc_mcu7t5v0__clkbuf_16)
                                                         clknet_0_clk (net)
                      0.073587    0.000258   16.146502 ^ clkbuf_1_1__f_clk/I (gf180mcu_fd_sc_mcu7t5v0__clkbuf_16)
     4    0.021352    0.057189    0.145743   16.292244 ^ clkbuf_1_1__f_clk/Z (gf180mcu_fd_sc_mcu7t5v0__clkbuf_16)
                                                         clknet_1_1__leaf_clk (net)
                      0.057190    0.000508   16.292753 ^ _221_/CLK (gf180mcu_fd_sc_mcu7t5v0__dffrnq_1)
                                 -0.250000   16.042753   clock uncertainty
                                  0.000000   16.042753   clock reconvergence pessimism
                                 -0.027074   16.015680   library recovery time
                                             16.015680   data required time
---------------------------------------------------------------------------------------------
                                             16.015680   data required time
                                             -4.098897   data arrival time
---------------------------------------------------------------------------------------------
                                             11.916783   slack (MET)


Startpoint: rst_n (input port clocked by clk)
Endpoint: _222_ (recovery check against rising-edge clock clk)
Path Group: asynchronous
Path Type: max

Fanout         Cap        Slew       Delay        Time   Description
---------------------------------------------------------------------------------------------
                                  0.000000    0.000000   clock clk (rise edge)
                                  0.000000    0.000000   clock network delay (propagated)
                                  3.200000    3.200000 ^ input external delay
     2    0.006231    0.039125    0.011048    3.211048 ^ rst_n (in)
                                                         rst_n (net)
                      0.039125    0.000000    3.211048 ^ input123/I (gf180mcu_fd_sc_mcu7t5v0__dlyb_1)
     7    0.064091    0.714516    0.886706    4.097754 ^ input123/Z (gf180mcu_fd_sc_mcu7t5v0__dlyb_1)
                                                         net123 (net)
                      0.714520    0.001017    4.098771 ^ _222_/RN (gf180mcu_fd_sc_mcu7t5v0__dffrnq_1)
                                              4.098771   data arrival time

                                 16.000000   16.000000   clock clk (rise edge)
                                  0.000000   16.000000   clock source latency
     2    0.030039    0.000000    0.000000   16.000000 ^ clk (in)
                                                         clk (net)
                      0.000505    0.000206   16.000206 ^ clkbuf_0_clk/I (gf180mcu_fd_sc_mcu7t5v0__clkbuf_16)
     2    0.048928    0.073586    0.146038   16.146244 ^ clkbuf_0_clk/Z (gf180mcu_fd_sc_mcu7t5v0__clkbuf_16)
                                                         clknet_0_clk (net)
                      0.073587    0.000258   16.146502 ^ clkbuf_1_1__f_clk/I (gf180mcu_fd_sc_mcu7t5v0__clkbuf_16)
     4    0.021352    0.057189    0.145743   16.292244 ^ clkbuf_1_1__f_clk/Z (gf180mcu_fd_sc_mcu7t5v0__clkbuf_16)
                                                         clknet_1_1__leaf_clk (net)
                      0.057189    0.000474   16.292719 ^ _222_/CLK (gf180mcu_fd_sc_mcu7t5v0__dffrnq_1)
                                 -0.250000   16.042719   clock uncertainty
                                  0.000000   16.042719   clock reconvergence pessimism
                                 -0.027074   16.015646   library recovery time
                                             16.015646   data required time
---------------------------------------------------------------------------------------------
                                             16.015646   data required time
                                             -4.098771   data arrival time
---------------------------------------------------------------------------------------------
                                             11.916875   slack (MET)


Startpoint: rst_n (input port clocked by clk)
Endpoint: _219_ (recovery check against rising-edge clock clk)
Path Group: asynchronous
Path Type: max

Fanout         Cap        Slew       Delay        Time   Description
---------------------------------------------------------------------------------------------
                                  0.000000    0.000000   clock clk (rise edge)
                                  0.000000    0.000000   clock network delay (propagated)
                                  3.200000    3.200000 ^ input external delay
     2    0.006231    0.039125    0.011048    3.211048 ^ rst_n (in)
                                                         rst_n (net)
                      0.039125    0.000000    3.211048 ^ input123/I (gf180mcu_fd_sc_mcu7t5v0__dlyb_1)
     7    0.064091    0.714516    0.886706    4.097754 ^ input123/Z (gf180mcu_fd_sc_mcu7t5v0__dlyb_1)
                                                         net123 (net)
                      0.714516    0.000437    4.098191 ^ _219_/RN (gf180mcu_fd_sc_mcu7t5v0__dffrnq_1)
                                              4.098191   data arrival time

                                 16.000000   16.000000   clock clk (rise edge)
                                  0.000000   16.000000   clock source latency
     2    0.030039    0.000000    0.000000   16.000000 ^ clk (in)
                                                         clk (net)
                      0.000505    0.000206   16.000206 ^ clkbuf_0_clk/I (gf180mcu_fd_sc_mcu7t5v0__clkbuf_16)
     2    0.048928    0.073586    0.146038   16.146244 ^ clkbuf_0_clk/Z (gf180mcu_fd_sc_mcu7t5v0__clkbuf_16)
                                                         clknet_0_clk (net)
                      0.073587    0.000258   16.146502 ^ clkbuf_1_1__f_clk/I (gf180mcu_fd_sc_mcu7t5v0__clkbuf_16)
     4    0.021352    0.057189    0.145743   16.292244 ^ clkbuf_1_1__f_clk/Z (gf180mcu_fd_sc_mcu7t5v0__clkbuf_16)
                                                         clknet_1_1__leaf_clk (net)
                      0.057189    0.000421   16.292665 ^ _219_/CLK (gf180mcu_fd_sc_mcu7t5v0__dffrnq_1)
                                 -0.250000   16.042665   clock uncertainty
                                  0.000000   16.042665   clock reconvergence pessimism
                                 -0.027072   16.015594   library recovery time
                                             16.015594   data required time
---------------------------------------------------------------------------------------------
                                             16.015594   data required time
                                             -4.098191   data arrival time
---------------------------------------------------------------------------------------------
                                             11.917403   slack (MET)



