Reading timing models for corner max_ff_n40C_5v50…
Reading timing library for the 'max_ff_n40C_5v50' corner at '/foss/pdks/gf180mcuD/libs.ref/gf180mcu_fd_sc_mcu9t5v0/lib/gf180mcu_fd_sc_mcu9t5v0__ff_n40C_5v50.lib'…
Reading timing library for the 'max_ff_n40C_5v50' corner at '/foss/pdks/gf180mcuD/libs.ref/gf180mcu_fd_ip_sram/lib/gf180mcu_fd_ip_sram__sram256x8m8wm1__ff_n40C_5v50.lib'…
Reading timing models for corner max_tt_025C_5v00…
Reading timing library for the 'max_tt_025C_5v00' corner at '/foss/pdks/gf180mcuD/libs.ref/gf180mcu_fd_sc_mcu9t5v0/lib/gf180mcu_fd_sc_mcu9t5v0__tt_025C_5v00.lib'…
Reading timing library for the 'max_tt_025C_5v00' corner at '/foss/pdks/gf180mcuD/libs.ref/gf180mcu_fd_ip_sram/lib/gf180mcu_fd_ip_sram__sram256x8m8wm1__tt_025C_5v00.lib'…
Reading timing models for corner nom_ff_n40C_5v50…
Reading timing library for the 'nom_ff_n40C_5v50' corner at '/foss/pdks/gf180mcuD/libs.ref/gf180mcu_fd_sc_mcu9t5v0/lib/gf180mcu_fd_sc_mcu9t5v0__ff_n40C_5v50.lib'…
[WARNING STA-1140] /foss/pdks/gf180mcuD/libs.ref/gf180mcu_fd_sc_mcu9t5v0/lib/gf180mcu_fd_sc_mcu9t5v0__ff_n40C_5v50.lib line 17, library gf180mcu_fd_sc_mcu9t5v0__ff_n40C_5v50 already exists.
Reading timing library for the 'nom_ff_n40C_5v50' corner at '/foss/pdks/gf180mcuD/libs.ref/gf180mcu_fd_ip_sram/lib/gf180mcu_fd_ip_sram__sram256x8m8wm1__ff_n40C_5v50.lib'…
[WARNING STA-1140] /foss/pdks/gf180mcuD/libs.ref/gf180mcu_fd_ip_sram/lib/gf180mcu_fd_ip_sram__sram256x8m8wm1__ff_n40C_5v50.lib line 29, library gf180mcu_fd_ip_sram__sram256x8m8wm1__ff_n40C_5v50 already exists.
Reading timing models for corner nom_tt_025C_5v00…
Reading timing library for the 'nom_tt_025C_5v00' corner at '/foss/pdks/gf180mcuD/libs.ref/gf180mcu_fd_sc_mcu9t5v0/lib/gf180mcu_fd_sc_mcu9t5v0__tt_025C_5v00.lib'…
[WARNING STA-1140] /foss/pdks/gf180mcuD/libs.ref/gf180mcu_fd_sc_mcu9t5v0/lib/gf180mcu_fd_sc_mcu9t5v0__tt_025C_5v00.lib line 17, library gf180mcu_fd_sc_mcu9t5v0__tt_025C_5v00 already exists.
Reading timing library for the 'nom_tt_025C_5v00' corner at '/foss/pdks/gf180mcuD/libs.ref/gf180mcu_fd_ip_sram/lib/gf180mcu_fd_ip_sram__sram256x8m8wm1__tt_025C_5v00.lib'…
[WARNING STA-1140] /foss/pdks/gf180mcuD/libs.ref/gf180mcu_fd_ip_sram/lib/gf180mcu_fd_ip_sram__sram256x8m8wm1__tt_025C_5v00.lib line 29, library gf180mcu_fd_ip_sram__sram256x8m8wm1__tt_025C_5v00 already exists.
Reading timing models for corner min_ss_125C_4v50…
Reading timing library for the 'min_ss_125C_4v50' corner at '/foss/pdks/gf180mcuD/libs.ref/gf180mcu_fd_sc_mcu9t5v0/lib/gf180mcu_fd_sc_mcu9t5v0__ss_125C_4v50.lib'…
Reading timing library for the 'min_ss_125C_4v50' corner at '/foss/pdks/gf180mcuD/libs.ref/gf180mcu_fd_ip_sram/lib/gf180mcu_fd_ip_sram__sram256x8m8wm1__ss_125C_4v50.lib'…
Reading timing models for corner min_ff_n40C_5v50…
Reading timing library for the 'min_ff_n40C_5v50' corner at '/foss/pdks/gf180mcuD/libs.ref/gf180mcu_fd_sc_mcu9t5v0/lib/gf180mcu_fd_sc_mcu9t5v0__ff_n40C_5v50.lib'…
[WARNING STA-1140] /foss/pdks/gf180mcuD/libs.ref/gf180mcu_fd_sc_mcu9t5v0/lib/gf180mcu_fd_sc_mcu9t5v0__ff_n40C_5v50.lib line 17, library gf180mcu_fd_sc_mcu9t5v0__ff_n40C_5v50 already exists.
Reading timing library for the 'min_ff_n40C_5v50' corner at '/foss/pdks/gf180mcuD/libs.ref/gf180mcu_fd_ip_sram/lib/gf180mcu_fd_ip_sram__sram256x8m8wm1__ff_n40C_5v50.lib'…
[WARNING STA-1140] /foss/pdks/gf180mcuD/libs.ref/gf180mcu_fd_ip_sram/lib/gf180mcu_fd_ip_sram__sram256x8m8wm1__ff_n40C_5v50.lib line 29, library gf180mcu_fd_ip_sram__sram256x8m8wm1__ff_n40C_5v50 already exists.
Reading timing models for corner min_tt_025C_5v00…
Reading timing library for the 'min_tt_025C_5v00' corner at '/foss/pdks/gf180mcuD/libs.ref/gf180mcu_fd_sc_mcu9t5v0/lib/gf180mcu_fd_sc_mcu9t5v0__tt_025C_5v00.lib'…
[WARNING STA-1140] /foss/pdks/gf180mcuD/libs.ref/gf180mcu_fd_sc_mcu9t5v0/lib/gf180mcu_fd_sc_mcu9t5v0__tt_025C_5v00.lib line 17, library gf180mcu_fd_sc_mcu9t5v0__tt_025C_5v00 already exists.
Reading timing library for the 'min_tt_025C_5v00' corner at '/foss/pdks/gf180mcuD/libs.ref/gf180mcu_fd_ip_sram/lib/gf180mcu_fd_ip_sram__sram256x8m8wm1__tt_025C_5v00.lib'…
[WARNING STA-1140] /foss/pdks/gf180mcuD/libs.ref/gf180mcu_fd_ip_sram/lib/gf180mcu_fd_ip_sram__sram256x8m8wm1__tt_025C_5v00.lib line 29, library gf180mcu_fd_ip_sram__sram256x8m8wm1__tt_025C_5v00 already exists.
Reading timing models for corner max_ss_125C_4v50…
Reading timing library for the 'max_ss_125C_4v50' corner at '/foss/pdks/gf180mcuD/libs.ref/gf180mcu_fd_sc_mcu9t5v0/lib/gf180mcu_fd_sc_mcu9t5v0__ss_125C_4v50.lib'…
[WARNING STA-1140] /foss/pdks/gf180mcuD/libs.ref/gf180mcu_fd_sc_mcu9t5v0/lib/gf180mcu_fd_sc_mcu9t5v0__ss_125C_4v50.lib line 17, library gf180mcu_fd_sc_mcu9t5v0__ss_125C_4v50 already exists.
Reading timing library for the 'max_ss_125C_4v50' corner at '/foss/pdks/gf180mcuD/libs.ref/gf180mcu_fd_ip_sram/lib/gf180mcu_fd_ip_sram__sram256x8m8wm1__ss_125C_4v50.lib'…
[WARNING STA-1140] /foss/pdks/gf180mcuD/libs.ref/gf180mcu_fd_ip_sram/lib/gf180mcu_fd_ip_sram__sram256x8m8wm1__ss_125C_4v50.lib line 29, library gf180mcu_fd_ip_sram__sram256x8m8wm1__ss_125C_4v50 already exists.
Reading timing models for corner nom_ss_125C_4v50…
Reading timing library for the 'nom_ss_125C_4v50' corner at '/foss/pdks/gf180mcuD/libs.ref/gf180mcu_fd_sc_mcu9t5v0/lib/gf180mcu_fd_sc_mcu9t5v0__ss_125C_4v50.lib'…
[WARNING STA-1140] /foss/pdks/gf180mcuD/libs.ref/gf180mcu_fd_sc_mcu9t5v0/lib/gf180mcu_fd_sc_mcu9t5v0__ss_125C_4v50.lib line 17, library gf180mcu_fd_sc_mcu9t5v0__ss_125C_4v50 already exists.
Reading timing library for the 'nom_ss_125C_4v50' corner at '/foss/pdks/gf180mcuD/libs.ref/gf180mcu_fd_ip_sram/lib/gf180mcu_fd_ip_sram__sram256x8m8wm1__ss_125C_4v50.lib'…
[WARNING STA-1140] /foss/pdks/gf180mcuD/libs.ref/gf180mcu_fd_ip_sram/lib/gf180mcu_fd_ip_sram__sram256x8m8wm1__ss_125C_4v50.lib line 29, library gf180mcu_fd_ip_sram__sram256x8m8wm1__ss_125C_4v50 already exists.
Reading OpenROAD database at '/headless/aravindustries-repos/butterfold/butterfold_proto/physical/librelane/runs/butterfold_top_nw_pins_38p4_9t_c/29-openroad-detailedplacement/butterfold_top.odb'…
Reading design constraints file at '/headless/aravindustries-repos/butterfold/butterfold_proto/physical/constraints.sdc'…
[INFO] No information on clock propagation in input SDC file-- propagating all clocks.
[INFO] Configuring cts characterization…
+ configure_cts_characterization 
[INFO] Performing clock tree synthesis…
[INFO] Looking for the following net(s): clk
[INFO] Running Clock Tree Synthesis…
+ clock_tree_synthesis -buf_list gf180mcu_fd_sc_mcu9t5v0__clkbuf_2 gf180mcu_fd_sc_mcu9t5v0__clkbuf_4 gf180mcu_fd_sc_mcu9t5v0__clkbuf_8 -root_buf gf180mcu_fd_sc_mcu9t5v0__clkbuf_16 -sink_clustering_enable -apply_ndr half
[INFO CTS-0050] Root buffer is gf180mcu_fd_sc_mcu9t5v0__clkbuf_16.
[INFO CTS-0051] Sink buffer is gf180mcu_fd_sc_mcu9t5v0__clkbuf_8.
[INFO CTS-0052] The following clock buffers will be used for CTS:
                    gf180mcu_fd_sc_mcu9t5v0__clkbuf_2
                    gf180mcu_fd_sc_mcu9t5v0__clkbuf_4
                    gf180mcu_fd_sc_mcu9t5v0__clkbuf_8
[INFO CTS-0049] Characterization buffer is gf180mcu_fd_sc_mcu9t5v0__clkbuf_8.
[INFO CTS-0007] Net "clk" found for clock "core_clk".
[INFO CTS-0011]  Clock net "clk" for macros has 2 sinks.
[INFO CTS-0011]  Clock net "clk_regs" for registers has 1993 sinks.
[INFO CTS-0008] TritonCTS found 2 clock nets.
[INFO CTS-0097] Characterization used 3 buffer(s) types.
[INFO CTS-0201] 2 blockages from hard placement blockages and placed macros will be used.
[INFO CTS-0027] Generating H-Tree topology for net clk.
[INFO CTS-0028]  Total number of sinks: 2.
[INFO CTS-0029]  Macro  sinks will be clustered in groups of up to 4 and with maximum cluster diameter of 863.7 um.
[INFO CTS-0030]  Number of static layers: 0.
[INFO CTS-0020]  Wire segment unit: 50400  dbu (25 um).
[INFO CTS-0023]  Original sink region: [(382720, 1446120), (1342720, 1446120)].
[INFO CTS-0024]  Normalized sink region: [(7.59365, 28.6929), (26.6413, 28.6929)].
[INFO CTS-0025]     Width:  19.0476.
[INFO CTS-0026]     Height: 0.0000.
 Level 1
    Direction: Horizontal
    Sinks per sub-region: 1
    Sub-region size: 9.5238 X 0.0000
[INFO CTS-0034]     Segment length (rounded): 5.
[INFO CTS-0032]  Stop criterion found. Max number of sinks is 15.
[INFO CTS-0035]  Number of sinks covered: 2.
[INFO CTS-0201] 2 blockages from hard placement blockages and placed macros will be used.
[INFO CTS-0027] Generating H-Tree topology for net clk_regs.
[INFO CTS-0028]  Total number of sinks: 1993.
[INFO CTS-0090]  Sinks will be clustered based on buffer max cap.
[INFO CTS-0030]  Number of static layers: 0.
[INFO CTS-0020]  Wire segment unit: 50400  dbu (25 um).
[INFO CTS-0206] Best clustering solution was found from clustering size of 30 and clustering diameter of 50.
[INFO CTS-0019]  Total number of sinks after clustering: 98.
[INFO CTS-0024]  Normalized sink region: [(0.546984, 1.65036), (41.6254, 43.0491)].
[INFO CTS-0025]     Width:  41.0784.
[INFO CTS-0026]     Height: 41.3987.
 Level 1
    Direction: Vertical
    Sinks per sub-region: 49
    Sub-region size: 41.0784 X 20.6994
[INFO CTS-0034]     Segment length (rounded): 10.
 Level 2
    Direction: Horizontal
    Sinks per sub-region: 25
    Sub-region size: 20.5392 X 20.6994
[INFO CTS-0034]     Segment length (rounded): 10.
 Level 3
    Direction: Vertical
    Sinks per sub-region: 13
    Sub-region size: 20.5392 X 10.3497
[INFO CTS-0034]     Segment length (rounded): 6.
[INFO CTS-0032]  Stop criterion found. Max number of sinks is 15.
[INFO CTS-0035]  Number of sinks covered: 98.
[INFO CTS-0018]     Created 3 clock buffers.
[INFO CTS-0012]     Minimum number of buffers in the clock path: 2.
[INFO CTS-0013]     Maximum number of buffers in the clock path: 2.
[INFO CTS-0015]     Created 3 clock nets.
[INFO CTS-0016]     Fanout distribution for the current clock = 1:2..
[INFO CTS-0017]     Max level of the clock tree: 1.
[INFO CTS-0018]     Created 111 clock buffers.
[INFO CTS-0012]     Minimum number of buffers in the clock path: 4.
[INFO CTS-0013]     Maximum number of buffers in the clock path: 4.
[INFO CTS-0015]     Created 111 clock nets.
[INFO CTS-0016]     Fanout distribution for the current clock = 7:2, 10:1, 11:3, 12:1, 13:1, 15:5, 16:1, 17:5, 18:6, 19:10, 20:16, 21:20, 22:16, 23:15, 24:2, 25:2..
[INFO CTS-0017]     Max level of the clock tree: 3.
[INFO CTS-0098] Clock net "clk"
[INFO CTS-0099]  Sinks 2
[INFO CTS-0100]  Leaf buffers 0
[INFO CTS-0101]  Average sink wire length 1237.61 um
[INFO CTS-0102]  Path depth 2 - 2
[INFO CTS-0207]  Dummy loads inserted 0
[INFO CTS-0098] Clock net "clk_regs"
[INFO CTS-0099]  Sinks 2085
[INFO CTS-0100]  Leaf buffers 98
[INFO CTS-0101]  Average sink wire length 867.95 um
[INFO CTS-0102]  Path depth 3 - 4
[INFO CTS-0207]  Dummy loads inserted 92
[INFO CTS-0033] Balancing latency for clock core_clk
[INFO CTS-0036]  inserted 4 delay buffers
[INFO CTS-0037] Total number of delay buffers: 4
[INFO] Repairing long wires on clock nets…
[INFO RSZ-0058] Using max wire length 11629um.
Setting global connections for newly added cells…
[INFO] Setting global connections...
.*u_lo.*u_sram matched with u_transform_scheduler_core.u_fft_scratch_sram.u_lo.u_sram
.*u_hi.*u_sram matched with u_transform_scheduler_core.u_fft_scratch_sram.u_hi.u_sram
[INFO ODB-0403] 844 connections made, 0 conflicts skipped.
Updating metrics…
Cell type report:                       Count       Area
  Macro                                     2  294424.87
  Endcap cell                             720    4064.26
  Tap cell                               4180   23595.26
  Buffer                                   32    1264.44
  Clock buffer                            132   10431.59
  Timing Repair Buffer                    213   15277.65
  Inverter                                492    5594.00
  Clock inverter                           79    1953.10
  Sequential cell                        1993  173989.67
  Multi-Input combinational cell         8607  224042.11
  Total                                 16450  754636.95
Writing OpenROAD database to '/headless/aravindustries-repos/butterfold/butterfold_proto/physical/librelane/runs/butterfold_top_nw_pins_38p4_9t_c/30-openroad-cts/butterfold_top.odb'…
Writing netlist to '/headless/aravindustries-repos/butterfold/butterfold_proto/physical/librelane/runs/butterfold_top_nw_pins_38p4_9t_c/30-openroad-cts/butterfold_top.nl.v'…
Writing powered netlist to '/headless/aravindustries-repos/butterfold/butterfold_proto/physical/librelane/runs/butterfold_top_nw_pins_38p4_9t_c/30-openroad-cts/butterfold_top.pnl.v'…
Writing layout to '/headless/aravindustries-repos/butterfold/butterfold_proto/physical/librelane/runs/butterfold_top_nw_pins_38p4_9t_c/30-openroad-cts/butterfold_top.def'…
Writing timing constraints to '/headless/aravindustries-repos/butterfold/butterfold_proto/physical/librelane/runs/butterfold_top_nw_pins_38p4_9t_c/30-openroad-cts/butterfold_top.sdc'…
[INFO] Legalizing…
+ detailed_placement -max_displacement  500 100 
Placement Analysis
---------------------------------
total displacement       4623.2 u
average displacement        0.3 u
max displacement           35.6 u
original HPWL          769053.0 u
legalized HPWL         783674.1 u
delta HPWL                    2 %

[INFO DPL-0020] Mirrored 4112 instances
[INFO DPL-0021] HPWL before          783674.1 u
[INFO DPL-0022] HPWL after           772129.4 u
[INFO DPL-0023] HPWL delta               -1.5 %
Setting global connections for newly added cells…
[INFO] Setting global connections...
.*u_lo.*u_sram matched with u_transform_scheduler_core.u_fft_scratch_sram.u_lo.u_sram
.*u_hi.*u_sram matched with u_transform_scheduler_core.u_fft_scratch_sram.u_hi.u_sram
[INFO ODB-0403] 0 connections made, 0 conflicts skipped.
Updating metrics…
Cell type report:                       Count       Area
  Macro                                     2  294424.87
  Endcap cell                             720    4064.26
  Tap cell                               4180   23595.26
  Buffer                                   32    1264.44
  Clock buffer                            132   10431.59
  Timing Repair Buffer                    213   15277.65
  Inverter                                492    5594.00
  Clock inverter                           79    1953.10
  Sequential cell                        1993  173989.67
  Multi-Input combinational cell         8607  224042.11
  Total                                 16450  754636.95
Writing OpenROAD database to '/headless/aravindustries-repos/butterfold/butterfold_proto/physical/librelane/runs/butterfold_top_nw_pins_38p4_9t_c/30-openroad-cts/butterfold_top.odb'…
Writing netlist to '/headless/aravindustries-repos/butterfold/butterfold_proto/physical/librelane/runs/butterfold_top_nw_pins_38p4_9t_c/30-openroad-cts/butterfold_top.nl.v'…
Writing powered netlist to '/headless/aravindustries-repos/butterfold/butterfold_proto/physical/librelane/runs/butterfold_top_nw_pins_38p4_9t_c/30-openroad-cts/butterfold_top.pnl.v'…
Writing layout to '/headless/aravindustries-repos/butterfold/butterfold_proto/physical/librelane/runs/butterfold_top_nw_pins_38p4_9t_c/30-openroad-cts/butterfold_top.def'…
Writing timing constraints to '/headless/aravindustries-repos/butterfold/butterfold_proto/physical/librelane/runs/butterfold_top_nw_pins_38p4_9t_c/30-openroad-cts/butterfold_top.sdc'…
%OL_CREATE_REPORT cts.rpt
Total number of Clock Roots: 2.
Total number of Buffers Inserted: 114.
Total number of Clock Subnets: 114.
Total number of Sinks: 1995.
Cells used:
  gf180mcu_fd_sc_mcu9t5v0__clkbuf_8: 102
  gf180mcu_fd_sc_mcu9t5v0__clkbuf_16: 17
Dummys used:
  gf180mcu_fd_sc_mcu9t5v0__clkbuf_4: 12
  gf180mcu_fd_sc_mcu9t5v0__clkbuf_8: 1
  gf180mcu_fd_sc_mcu9t5v0__clkinv_1: 26
  gf180mcu_fd_sc_mcu9t5v0__clkinv_3: 1
  gf180mcu_fd_sc_mcu9t5v0__clkinv_4: 7
  gf180mcu_fd_sc_mcu9t5v0__clkinv_8: 4
  gf180mcu_fd_sc_mcu9t5v0__clkinv_12: 1
  gf180mcu_fd_sc_mcu9t5v0__clkinv_16: 1
  gf180mcu_fd_sc_mcu9t5v0__clkinv_20: 1
  gf180mcu_fd_sc_mcu9t5v0__inv_2: 11
  gf180mcu_fd_sc_mcu9t5v0__inv_3: 12
  gf180mcu_fd_sc_mcu9t5v0__inv_4: 13
  gf180mcu_fd_sc_mcu9t5v0__inv_8: 1
  gf180mcu_fd_sc_mcu9t5v0__inv_12: 1
%OL_END_REPORT
