Clock: clk
Sources: clk 
Generated: no
Virtual: yes
Propagated: no
Period: 50.000000

===========================================================================
report_clock_properties
============================================================================
Clock                   Period          Waveform
----------------------------------------------------
clk                  50.000000    0.000000 25.000000

===========================================================================
report_clock_latency
============================================================================
Clock clk
rise -> rise
    min     max
0.000000 0.000000 source latency
0.542936         network latency u_sram/CLK
        0.580800 network latency _36_/CLK
---------------
0.542936 0.580800 latency
        0.037864 skew

fall -> fall
    min     max
0.000000 0.000000 source latency
0.485713         network latency u_sram/CLK
        0.517455 network latency _36_/CLK
---------------
0.485713 0.517455 latency
        0.031742 skew



===========================================================================
report_clock_min_period
============================================================================
clk period_min = 2.81 fmax = 356.22
