Reading timing models for corner nom_tt_025C_5v00…
Reading timing library for the 'nom_tt_025C_5v00' corner at '/foss/pdks/gf180mcuD/libs.ref/gf180mcu_fd_sc_mcu7t5v0/lib/gf180mcu_fd_sc_mcu7t5v0__tt_025C_5v00.lib'…
Reading timing library for the 'nom_tt_025C_5v00' corner at '/foss/designs/macros/gf180mcu_fd_ip_sram/lib/gf180mcu_fd_ip_sram__sram64x8m8wm1__tt_025C_5v00.lib'…
Reading OpenROAD database at '/foss/designs/runs/RUN_2026-08-05_05-39-36/37-openroad-resizertimingpostcts/counter.odb'…
Reading design constraints file at '/usr/local/lib/python3.12/dist-packages/librelane/scripts/base.sdc'…
[INFO] Using clock clk…
[INFO] Setting output delay to: 10
[INFO] Setting input delay to: 10
[INFO] Setting load to: 0.07291
[INFO] Setting clock uncertainty to: 0.25
[INFO] Setting clock transition to: 0.1499999999999999944488848768742172978818416595458984375
[INFO] Setting timing derate to: 5%
[INFO] Setting signal min routing layer to: Metal2 and clock min routing layer to Metal2. 
[INFO] Setting signal max routing layer to: Metal4 and clock max routing layer to Metal4. 
+ global_route -congestion_iterations 50 -verbose
[INFO GRT-0020] Min routing layer: Metal2
[INFO GRT-0021] Max routing layer: Metal4
[INFO GRT-0022] Global adjustment: 30%
[INFO GRT-0023] Grid origin: (0, 0)
[INFO GRT-0088] Layer Metal1  Track-Pitch = 0.5600  line-2-Via Pitch: 0.4750
[INFO GRT-0088] Layer Metal2  Track-Pitch = 0.5600  line-2-Via Pitch: 0.5600
[INFO GRT-0088] Layer Metal3  Track-Pitch = 0.5600  line-2-Via Pitch: 0.5600
[INFO GRT-0088] Layer Metal4  Track-Pitch = 0.5600  line-2-Via Pitch: 0.5600
[INFO GRT-0003] Macros: 1
[INFO GRT-0004] Blockages: 2
[INFO GRT-0019] Found 7 clock nets.
[INFO GRT-0001] Minimum degree: 2
[INFO GRT-0002] Maximum degree: 6

[INFO GRT-0053] Routing resources analysis:
          Routing      Original      Derated      Resource
Layer     Direction    Resources     Resources    Reduction (%)
---------------------------------------------------------------
Metal1     Horizontal          0             0          0.00%
Metal2     Vertical      1648499       1090095          33.87%
Metal3     Horizontal    1853473       1231374          33.56%
Metal4     Vertical      1616630       1075700          33.46%
---------------------------------------------------------------

[INFO GRT-0197] Via related to pin nodes: 176
[INFO GRT-0198] Via related Steiner nodes: 2
[INFO GRT-0199] Via filling finished.
[INFO GRT-0111] Final number of vias: 237
[INFO GRT-0112] Final usage 3D: 1126

[INFO GRT-0096] Final congestion report:
Layer         Resource        Demand        Usage (%)    Max H / Max V / Total Overflow
---------------------------------------------------------------------------------------
Metal1               0             0            0.00%             0 /  0 /  0
Metal2         1090095           173            0.02%             0 /  0 /  0
Metal3         1231374           242            0.02%             0 /  0 /  0
Metal4         1075700             0            0.00%             0 /  0 /  0
---------------------------------------------------------------------------------------
Total          3397169           415            0.01%             0 /  0 /  0

[INFO GRT-0018] Total wirelength: 4048 um
[INFO GRT-0014] Routed nets: 53
[INFO GRT-0303] Global routing runtime = 00:00:00
Setting global connections for newly added cells…
[INFO] Setting global connections...
u_sram matched with u_sram
[INFO ODB-0403] 0 connections made, 1 conflicts skipped, use -force to connect.
Updating metrics…
Cell type report:                       Count       Area
  Macro                                     1  100571.56
  Endcap cell                            1658    7279.28
  Tap cell                              57553  252680.69
  Tie cell                                 20     175.62
  Clock buffer                              6     658.56
  Timing Repair Buffer                      9     395.14
  Sequential cell                           4     254.64
  Multi-Input combinational cell            8     153.66
  Total                                 59259  362169.15
Writing OpenROAD database to '/foss/designs/runs/RUN_2026-08-05_05-39-36/39-openroad-globalrouting/counter.odb'…
Writing layout to '/foss/designs/runs/RUN_2026-08-05_05-39-36/39-openroad-globalrouting/counter.def'…
