Startpoint: dout_ready_i (input port clocked by core_clk)
Endpoint: u_transform_scheduler_core.u_fft_scratch_sram.u_lo.u_sram
          (rising edge-triggered flip-flop clocked by core_clk)
Path Group: core_clk
Path Type: max

  Delay    Time   Description
---------------------------------------------------------
   0.00    0.00   clock core_clk (rise edge)
   0.00    0.00   clock network delay (propagated)
   0.00    0.00 v input external delay
   0.00    0.00 v dout_ready_i (in)
   0.83    0.83 v input10/Z (gf180mcu_fd_sc_mcu9t5v0__clkbuf_2)
   0.64    1.48 ^ _09189_/ZN (gf180mcu_fd_sc_mcu9t5v0__nand2_2)
   0.44    1.92 v _09213_/ZN (gf180mcu_fd_sc_mcu9t5v0__nor4_4)
   0.79    2.71 ^ _09290_/ZN (gf180mcu_fd_sc_mcu9t5v0__oai31_4)
   0.91    3.62 ^ _09316_/Z (gf180mcu_fd_sc_mcu9t5v0__and4_4)
   0.31    3.94 v _09318_/ZN (gf180mcu_fd_sc_mcu9t5v0__nand2_4)
   0.51    4.45 ^ _09319_/ZN (gf180mcu_fd_sc_mcu9t5v0__nand2_4)
   0.22    4.67 v _09320_/ZN (gf180mcu_fd_sc_mcu9t5v0__clkinv_12)
   0.38    5.05 v fanout499/Z (gf180mcu_fd_sc_mcu9t5v0__buf_8)
   0.31    5.36 v max_cap102/Z (gf180mcu_fd_sc_mcu9t5v0__clkbuf_20)
   0.36    5.72 v fanout481/Z (gf180mcu_fd_sc_mcu9t5v0__buf_8)
   0.48    6.20 v max_cap1401/Z (gf180mcu_fd_sc_mcu9t5v0__buf_4)
   0.46    6.65 v load_slew100/Z (gf180mcu_fd_sc_mcu9t5v0__clkbuf_12)
   0.46    7.11 v fanout473/Z (gf180mcu_fd_sc_mcu9t5v0__buf_8)
   0.46    7.57 v fanout472/Z (gf180mcu_fd_sc_mcu9t5v0__buf_8)
   0.68    8.26 ^ _09364_/ZN (gf180mcu_fd_sc_mcu9t5v0__oai21_4)
   0.51    8.76 ^ max_cap96/Z (gf180mcu_fd_sc_mcu9t5v0__clkbuf_20)
   0.44    9.20 ^ fanout450/Z (gf180mcu_fd_sc_mcu9t5v0__buf_8)
   0.44    9.64 ^ fanout447/Z (gf180mcu_fd_sc_mcu9t5v0__buf_8)
   0.33    9.97 v _09378_/ZN (gf180mcu_fd_sc_mcu9t5v0__aoi21_2)
   1.06   11.03 ^ _09381_/ZN (gf180mcu_fd_sc_mcu9t5v0__oai222_2)
   0.50   11.53 v _09396_/ZN (gf180mcu_fd_sc_mcu9t5v0__oai31_4)
   0.81   12.34 ^ _09413_/ZN (gf180mcu_fd_sc_mcu9t5v0__aoi21_4)
   0.28   12.62 v _09415_/ZN (gf180mcu_fd_sc_mcu9t5v0__nor2_4)
   0.56   13.18 v fanout375/Z (gf180mcu_fd_sc_mcu9t5v0__buf_4)
   0.59   13.77 v _09417_/Z (gf180mcu_fd_sc_mcu9t5v0__and2_4)
   0.50   14.27 v fanout373/Z (gf180mcu_fd_sc_mcu9t5v0__buf_4)
   0.51   14.78 v fanout372/Z (gf180mcu_fd_sc_mcu9t5v0__buf_4)
   0.69   15.47 ^ _09426_/ZN (gf180mcu_fd_sc_mcu9t5v0__oai31_4)
   0.57   16.04 ^ max_cap87/Z (gf180mcu_fd_sc_mcu9t5v0__clkbuf_4)
   0.39   16.43 v _09683_/ZN (gf180mcu_fd_sc_mcu9t5v0__nand2_1)
   0.56   16.99 ^ _09684_/ZN (gf180mcu_fd_sc_mcu9t5v0__nor2_4)
   0.49   17.48 ^ wire63/Z (gf180mcu_fd_sc_mcu9t5v0__buf_4)
   0.32   17.81 ^ fanout256/Z (gf180mcu_fd_sc_mcu9t5v0__buf_8)
   0.58   18.39 ^ max_cap1399/Z (gf180mcu_fd_sc_mcu9t5v0__buf_4)
   0.43   18.82 v _10227_/ZN (gf180mcu_fd_sc_mcu9t5v0__aoi22_1)
   0.93   19.75 ^ _10233_/ZN (gf180mcu_fd_sc_mcu9t5v0__aoi22_2)
   0.41   20.16 ^ u_transform_scheduler_core.u_fft_scratch_sram.u_lo.g_pin_drive[7].u_data_driver/Z (gf180mcu_fd_sc_mcu9t5v0__buf_4)
   0.00   20.16 ^ u_transform_scheduler_core.u_fft_scratch_sram.u_lo.u_sram/D[7] (gf180mcu_fd_ip_sram__sram256x8m8wm1)
          20.16   data arrival time

  26.04   26.04   clock core_clk (rise edge)
   2.12   28.16   clock network delay (propagated)
   0.00   28.16   clock reconvergence pessimism
          28.16 ^ u_transform_scheduler_core.u_fft_scratch_sram.u_lo.u_sram/CLK (gf180mcu_fd_ip_sram__sram256x8m8wm1)
  -0.77   27.40   library setup time
          27.40   data required time
---------------------------------------------------------
          27.40   data required time
         -20.16   data arrival time
---------------------------------------------------------
           7.24   slack (MET)


Startpoint: dout_ready_i (input port clocked by core_clk)
Endpoint: _17764_ (rising edge-triggered flip-flop clocked by core_clk)
Path Group: core_clk
Path Type: max

  Delay    Time   Description
---------------------------------------------------------
   0.00    0.00   clock core_clk (rise edge)
   0.00    0.00   clock network delay (propagated)
   0.00    0.00 v input external delay
   0.00    0.00 v dout_ready_i (in)
   0.83    0.83 v input10/Z (gf180mcu_fd_sc_mcu9t5v0__clkbuf_2)
   0.64    1.48 ^ _09189_/ZN (gf180mcu_fd_sc_mcu9t5v0__nand2_2)
   0.44    1.92 v _09213_/ZN (gf180mcu_fd_sc_mcu9t5v0__nor4_4)
   0.79    2.71 ^ _09290_/ZN (gf180mcu_fd_sc_mcu9t5v0__oai31_4)
   0.91    3.62 ^ _09316_/Z (gf180mcu_fd_sc_mcu9t5v0__and4_4)
   0.31    3.94 v _09318_/ZN (gf180mcu_fd_sc_mcu9t5v0__nand2_4)
   0.51    4.45 ^ _09319_/ZN (gf180mcu_fd_sc_mcu9t5v0__nand2_4)
   0.22    4.67 v _09320_/ZN (gf180mcu_fd_sc_mcu9t5v0__clkinv_12)
   0.38    5.05 v fanout499/Z (gf180mcu_fd_sc_mcu9t5v0__buf_8)
   0.31    5.36 v max_cap102/Z (gf180mcu_fd_sc_mcu9t5v0__clkbuf_20)
   0.36    5.72 v fanout481/Z (gf180mcu_fd_sc_mcu9t5v0__buf_8)
   0.48    6.20 v max_cap1401/Z (gf180mcu_fd_sc_mcu9t5v0__buf_4)
   0.46    6.65 v load_slew100/Z (gf180mcu_fd_sc_mcu9t5v0__clkbuf_12)
   0.46    7.11 v fanout473/Z (gf180mcu_fd_sc_mcu9t5v0__buf_8)
   0.46    7.57 v fanout472/Z (gf180mcu_fd_sc_mcu9t5v0__buf_8)
   0.68    8.26 ^ _09364_/ZN (gf180mcu_fd_sc_mcu9t5v0__oai21_4)
   0.51    8.76 ^ max_cap96/Z (gf180mcu_fd_sc_mcu9t5v0__clkbuf_20)
   0.44    9.20 ^ fanout450/Z (gf180mcu_fd_sc_mcu9t5v0__buf_8)
   0.44    9.64 ^ fanout447/Z (gf180mcu_fd_sc_mcu9t5v0__buf_8)
   0.33    9.97 v _09378_/ZN (gf180mcu_fd_sc_mcu9t5v0__aoi21_2)
   1.06   11.03 ^ _09381_/ZN (gf180mcu_fd_sc_mcu9t5v0__oai222_2)
   0.50   11.53 v _09396_/ZN (gf180mcu_fd_sc_mcu9t5v0__oai31_4)
   0.81   12.34 ^ _09413_/ZN (gf180mcu_fd_sc_mcu9t5v0__aoi21_4)
   0.34   12.68 v _15594_/ZN (gf180mcu_fd_sc_mcu9t5v0__oai31_4)
   0.53   13.21 v wire89/Z (gf180mcu_fd_sc_mcu9t5v0__clkbuf_4)
   0.46   13.68 v fanout368/Z (gf180mcu_fd_sc_mcu9t5v0__buf_8)
   0.60   14.28 ^ _15681_/ZN (gf180mcu_fd_sc_mcu9t5v0__aoi21_4)
   0.54   14.82 ^ max_cap365/Z (gf180mcu_fd_sc_mcu9t5v0__clkbuf_8)
   0.39   15.21 ^ rebuffer1383/Z (gf180mcu_fd_sc_mcu9t5v0__buf_8)
   0.46   15.67 v _15719_/ZN (gf180mcu_fd_sc_mcu9t5v0__nand4_1)
   1.28   16.95 v _15808_/Z (gf180mcu_fd_sc_mcu9t5v0__or4_4)
   0.51   17.46 v fanout335/Z (gf180mcu_fd_sc_mcu9t5v0__buf_8)
   0.40   17.86 v max_cap67/Z (gf180mcu_fd_sc_mcu9t5v0__buf_8)
   0.46   18.32 v fanout293/Z (gf180mcu_fd_sc_mcu9t5v0__buf_4)
   0.45   18.77 v fanout292/Z (gf180mcu_fd_sc_mcu9t5v0__buf_8)
   0.63   19.40 v _15844_/Z (gf180mcu_fd_sc_mcu9t5v0__mux2_1)
   0.73   20.12 v _15845_/Z (gf180mcu_fd_sc_mcu9t5v0__mux2_1)
   0.72   20.84 v _15846_/Z (gf180mcu_fd_sc_mcu9t5v0__mux2_1)
   0.00   20.84 v _17764_/D (gf180mcu_fd_sc_mcu9t5v0__dffq_1)
          20.84   data arrival time

  26.04   26.04   clock core_clk (rise edge)
   2.30   28.34   clock network delay (propagated)
   0.00   28.34   clock reconvergence pessimism
          28.34 ^ _17764_/CLK (gf180mcu_fd_sc_mcu9t5v0__dffq_1)
  -0.23   28.11   library setup time
          28.11   data required time
---------------------------------------------------------
          28.11   data required time
         -20.84   data arrival time
---------------------------------------------------------
           7.26   slack (MET)


Startpoint: dout_ready_i (input port clocked by core_clk)
Endpoint: u_transform_scheduler_core.u_fft_scratch_sram.u_hi.u_sram
          (rising edge-triggered flip-flop clocked by core_clk)
Path Group: core_clk
Path Type: max

  Delay    Time   Description
---------------------------------------------------------
   0.00    0.00   clock core_clk (rise edge)
   0.00    0.00   clock network delay (propagated)
   0.00    0.00 v input external delay
   0.00    0.00 v dout_ready_i (in)
   0.83    0.83 v input10/Z (gf180mcu_fd_sc_mcu9t5v0__clkbuf_2)
   0.64    1.48 ^ _09189_/ZN (gf180mcu_fd_sc_mcu9t5v0__nand2_2)
   0.44    1.92 v _09213_/ZN (gf180mcu_fd_sc_mcu9t5v0__nor4_4)
   0.79    2.71 ^ _09290_/ZN (gf180mcu_fd_sc_mcu9t5v0__oai31_4)
   0.91    3.62 ^ _09316_/Z (gf180mcu_fd_sc_mcu9t5v0__and4_4)
   0.31    3.94 v _09318_/ZN (gf180mcu_fd_sc_mcu9t5v0__nand2_4)
   0.51    4.45 ^ _09319_/ZN (gf180mcu_fd_sc_mcu9t5v0__nand2_4)
   0.22    4.67 v _09320_/ZN (gf180mcu_fd_sc_mcu9t5v0__clkinv_12)
   0.38    5.05 v fanout499/Z (gf180mcu_fd_sc_mcu9t5v0__buf_8)
   0.31    5.36 v max_cap102/Z (gf180mcu_fd_sc_mcu9t5v0__clkbuf_20)
   0.36    5.72 v fanout481/Z (gf180mcu_fd_sc_mcu9t5v0__buf_8)
   0.48    6.20 v max_cap1401/Z (gf180mcu_fd_sc_mcu9t5v0__buf_4)
   0.46    6.65 v load_slew100/Z (gf180mcu_fd_sc_mcu9t5v0__clkbuf_12)
   0.46    7.11 v fanout473/Z (gf180mcu_fd_sc_mcu9t5v0__buf_8)
   0.46    7.57 v fanout472/Z (gf180mcu_fd_sc_mcu9t5v0__buf_8)
   0.68    8.26 ^ _09364_/ZN (gf180mcu_fd_sc_mcu9t5v0__oai21_4)
   0.51    8.76 ^ max_cap96/Z (gf180mcu_fd_sc_mcu9t5v0__clkbuf_20)
   0.44    9.20 ^ fanout450/Z (gf180mcu_fd_sc_mcu9t5v0__buf_8)
   0.44    9.64 ^ fanout447/Z (gf180mcu_fd_sc_mcu9t5v0__buf_8)
   0.33    9.97 v _09378_/ZN (gf180mcu_fd_sc_mcu9t5v0__aoi21_2)
   1.06   11.03 ^ _09381_/ZN (gf180mcu_fd_sc_mcu9t5v0__oai222_2)
   0.50   11.53 v _09396_/ZN (gf180mcu_fd_sc_mcu9t5v0__oai31_4)
   0.81   12.34 ^ _09413_/ZN (gf180mcu_fd_sc_mcu9t5v0__aoi21_4)
   0.28   12.62 v _09415_/ZN (gf180mcu_fd_sc_mcu9t5v0__nor2_4)
   0.56   13.18 v fanout375/Z (gf180mcu_fd_sc_mcu9t5v0__buf_4)
   0.59   13.77 v _09417_/Z (gf180mcu_fd_sc_mcu9t5v0__and2_4)
   0.50   14.27 v fanout373/Z (gf180mcu_fd_sc_mcu9t5v0__buf_4)
   0.51   14.78 v fanout372/Z (gf180mcu_fd_sc_mcu9t5v0__buf_4)
   0.69   15.47 ^ _09426_/ZN (gf180mcu_fd_sc_mcu9t5v0__oai31_4)
   0.57   16.04 ^ max_cap87/Z (gf180mcu_fd_sc_mcu9t5v0__clkbuf_4)
   0.39   16.43 v _09683_/ZN (gf180mcu_fd_sc_mcu9t5v0__nand2_1)
   0.56   16.99 ^ _09684_/ZN (gf180mcu_fd_sc_mcu9t5v0__nor2_4)
   0.49   17.48 ^ wire63/Z (gf180mcu_fd_sc_mcu9t5v0__buf_4)
   0.32   17.81 ^ fanout256/Z (gf180mcu_fd_sc_mcu9t5v0__buf_8)
   0.58   18.39 ^ max_cap1399/Z (gf180mcu_fd_sc_mcu9t5v0__buf_4)
   0.47   18.86 v _10251_/ZN (gf180mcu_fd_sc_mcu9t5v0__aoi22_1)
   0.89   19.76 ^ _10257_/ZN (gf180mcu_fd_sc_mcu9t5v0__aoi22_2)
   0.38   20.13 ^ u_transform_scheduler_core.u_fft_scratch_sram.u_hi.g_pin_drive[0].u_data_driver/Z (gf180mcu_fd_sc_mcu9t5v0__buf_4)
   0.00   20.13 ^ u_transform_scheduler_core.u_fft_scratch_sram.u_hi.u_sram/D[0] (gf180mcu_fd_ip_sram__sram256x8m8wm1)
          20.13   data arrival time

  26.04   26.04   clock core_clk (rise edge)
   2.12   28.16   clock network delay (propagated)
   0.00   28.16   clock reconvergence pessimism
          28.16 ^ u_transform_scheduler_core.u_fft_scratch_sram.u_hi.u_sram/CLK (gf180mcu_fd_ip_sram__sram256x8m8wm1)
  -0.76   27.40   library setup time
          27.40   data required time
---------------------------------------------------------
          27.40   data required time
         -20.13   data arrival time
---------------------------------------------------------
           7.27   slack (MET)


Startpoint: dout_ready_i (input port clocked by core_clk)
Endpoint: _17960_ (rising edge-triggered flip-flop clocked by core_clk)
Path Group: core_clk
Path Type: max

  Delay    Time   Description
---------------------------------------------------------
   0.00    0.00   clock core_clk (rise edge)
   0.00    0.00   clock network delay (propagated)
   0.00    0.00 v input external delay
   0.00    0.00 v dout_ready_i (in)
   0.83    0.83 v input10/Z (gf180mcu_fd_sc_mcu9t5v0__clkbuf_2)
   0.64    1.48 ^ _09189_/ZN (gf180mcu_fd_sc_mcu9t5v0__nand2_2)
   0.44    1.92 v _09213_/ZN (gf180mcu_fd_sc_mcu9t5v0__nor4_4)
   0.79    2.71 ^ _09290_/ZN (gf180mcu_fd_sc_mcu9t5v0__oai31_4)
   0.91    3.62 ^ _09316_/Z (gf180mcu_fd_sc_mcu9t5v0__and4_4)
   0.31    3.94 v _09318_/ZN (gf180mcu_fd_sc_mcu9t5v0__nand2_4)
   0.51    4.45 ^ _09319_/ZN (gf180mcu_fd_sc_mcu9t5v0__nand2_4)
   0.22    4.67 v _09320_/ZN (gf180mcu_fd_sc_mcu9t5v0__clkinv_12)
   0.38    5.05 v fanout499/Z (gf180mcu_fd_sc_mcu9t5v0__buf_8)
   0.31    5.36 v max_cap102/Z (gf180mcu_fd_sc_mcu9t5v0__clkbuf_20)
   0.36    5.72 v fanout481/Z (gf180mcu_fd_sc_mcu9t5v0__buf_8)
   0.48    6.20 v max_cap1401/Z (gf180mcu_fd_sc_mcu9t5v0__buf_4)
   0.46    6.65 v load_slew100/Z (gf180mcu_fd_sc_mcu9t5v0__clkbuf_12)
   0.46    7.11 v fanout473/Z (gf180mcu_fd_sc_mcu9t5v0__buf_8)
   0.46    7.57 v fanout472/Z (gf180mcu_fd_sc_mcu9t5v0__buf_8)
   0.68    8.26 ^ _09364_/ZN (gf180mcu_fd_sc_mcu9t5v0__oai21_4)
   0.51    8.76 ^ max_cap96/Z (gf180mcu_fd_sc_mcu9t5v0__clkbuf_20)
   0.44    9.20 ^ fanout450/Z (gf180mcu_fd_sc_mcu9t5v0__buf_8)
   0.44    9.64 ^ fanout447/Z (gf180mcu_fd_sc_mcu9t5v0__buf_8)
   0.33    9.97 v _09378_/ZN (gf180mcu_fd_sc_mcu9t5v0__aoi21_2)
   1.06   11.03 ^ _09381_/ZN (gf180mcu_fd_sc_mcu9t5v0__oai222_2)
   0.50   11.53 v _09396_/ZN (gf180mcu_fd_sc_mcu9t5v0__oai31_4)
   0.81   12.34 ^ _09413_/ZN (gf180mcu_fd_sc_mcu9t5v0__aoi21_4)
   0.34   12.68 v _15594_/ZN (gf180mcu_fd_sc_mcu9t5v0__oai31_4)
   0.53   13.21 v wire89/Z (gf180mcu_fd_sc_mcu9t5v0__clkbuf_4)
   0.46   13.68 v fanout368/Z (gf180mcu_fd_sc_mcu9t5v0__buf_8)
   0.60   14.28 ^ _15681_/ZN (gf180mcu_fd_sc_mcu9t5v0__aoi21_4)
   0.54   14.82 ^ max_cap365/Z (gf180mcu_fd_sc_mcu9t5v0__clkbuf_8)
   0.39   15.21 ^ rebuffer1383/Z (gf180mcu_fd_sc_mcu9t5v0__buf_8)
   0.46   15.67 v _15719_/ZN (gf180mcu_fd_sc_mcu9t5v0__nand4_1)
   1.28   16.95 v _15808_/Z (gf180mcu_fd_sc_mcu9t5v0__or4_4)
   0.51   17.46 v fanout335/Z (gf180mcu_fd_sc_mcu9t5v0__buf_8)
   0.40   17.86 v max_cap67/Z (gf180mcu_fd_sc_mcu9t5v0__buf_8)
   0.46   18.32 v fanout293/Z (gf180mcu_fd_sc_mcu9t5v0__buf_4)
   0.45   18.77 v fanout292/Z (gf180mcu_fd_sc_mcu9t5v0__buf_8)
   0.62   19.38 v _16314_/Z (gf180mcu_fd_sc_mcu9t5v0__mux2_1)
   0.71   20.10 v _16315_/Z (gf180mcu_fd_sc_mcu9t5v0__mux2_1)
   0.71   20.81 v _16316_/Z (gf180mcu_fd_sc_mcu9t5v0__mux2_1)
   0.00   20.81 v _17960_/D (gf180mcu_fd_sc_mcu9t5v0__dffq_1)
          20.81   data arrival time

  26.04   26.04   clock core_clk (rise edge)
   2.29   28.33   clock network delay (propagated)
   0.00   28.33   clock reconvergence pessimism
          28.33 ^ _17960_/CLK (gf180mcu_fd_sc_mcu9t5v0__dffq_1)
  -0.23   28.10   library setup time
          28.10   data required time
---------------------------------------------------------
          28.10   data required time
         -20.81   data arrival time
---------------------------------------------------------
           7.29   slack (MET)


Startpoint: dout_ready_i (input port clocked by core_clk)
Endpoint: _17959_ (rising edge-triggered flip-flop clocked by core_clk)
Path Group: core_clk
Path Type: max

  Delay    Time   Description
---------------------------------------------------------
   0.00    0.00   clock core_clk (rise edge)
   0.00    0.00   clock network delay (propagated)
   0.00    0.00 v input external delay
   0.00    0.00 v dout_ready_i (in)
   0.83    0.83 v input10/Z (gf180mcu_fd_sc_mcu9t5v0__clkbuf_2)
   0.64    1.48 ^ _09189_/ZN (gf180mcu_fd_sc_mcu9t5v0__nand2_2)
   0.44    1.92 v _09213_/ZN (gf180mcu_fd_sc_mcu9t5v0__nor4_4)
   0.79    2.71 ^ _09290_/ZN (gf180mcu_fd_sc_mcu9t5v0__oai31_4)
   0.91    3.62 ^ _09316_/Z (gf180mcu_fd_sc_mcu9t5v0__and4_4)
   0.31    3.94 v _09318_/ZN (gf180mcu_fd_sc_mcu9t5v0__nand2_4)
   0.51    4.45 ^ _09319_/ZN (gf180mcu_fd_sc_mcu9t5v0__nand2_4)
   0.22    4.67 v _09320_/ZN (gf180mcu_fd_sc_mcu9t5v0__clkinv_12)
   0.38    5.05 v fanout499/Z (gf180mcu_fd_sc_mcu9t5v0__buf_8)
   0.31    5.36 v max_cap102/Z (gf180mcu_fd_sc_mcu9t5v0__clkbuf_20)
   0.36    5.72 v fanout481/Z (gf180mcu_fd_sc_mcu9t5v0__buf_8)
   0.48    6.20 v max_cap1401/Z (gf180mcu_fd_sc_mcu9t5v0__buf_4)
   0.46    6.65 v load_slew100/Z (gf180mcu_fd_sc_mcu9t5v0__clkbuf_12)
   0.46    7.11 v fanout473/Z (gf180mcu_fd_sc_mcu9t5v0__buf_8)
   0.46    7.57 v fanout472/Z (gf180mcu_fd_sc_mcu9t5v0__buf_8)
   0.68    8.26 ^ _09364_/ZN (gf180mcu_fd_sc_mcu9t5v0__oai21_4)
   0.51    8.76 ^ max_cap96/Z (gf180mcu_fd_sc_mcu9t5v0__clkbuf_20)
   0.44    9.20 ^ fanout450/Z (gf180mcu_fd_sc_mcu9t5v0__buf_8)
   0.44    9.64 ^ fanout447/Z (gf180mcu_fd_sc_mcu9t5v0__buf_8)
   0.33    9.97 v _09378_/ZN (gf180mcu_fd_sc_mcu9t5v0__aoi21_2)
   1.06   11.03 ^ _09381_/ZN (gf180mcu_fd_sc_mcu9t5v0__oai222_2)
   0.50   11.53 v _09396_/ZN (gf180mcu_fd_sc_mcu9t5v0__oai31_4)
   0.81   12.34 ^ _09413_/ZN (gf180mcu_fd_sc_mcu9t5v0__aoi21_4)
   0.34   12.68 v _15594_/ZN (gf180mcu_fd_sc_mcu9t5v0__oai31_4)
   0.53   13.21 v wire89/Z (gf180mcu_fd_sc_mcu9t5v0__clkbuf_4)
   0.46   13.68 v fanout368/Z (gf180mcu_fd_sc_mcu9t5v0__buf_8)
   0.60   14.28 ^ _15681_/ZN (gf180mcu_fd_sc_mcu9t5v0__aoi21_4)
   0.54   14.82 ^ max_cap365/Z (gf180mcu_fd_sc_mcu9t5v0__clkbuf_8)
   0.39   15.21 ^ rebuffer1383/Z (gf180mcu_fd_sc_mcu9t5v0__buf_8)
   0.46   15.67 v _15719_/ZN (gf180mcu_fd_sc_mcu9t5v0__nand4_1)
   1.28   16.95 v _15808_/Z (gf180mcu_fd_sc_mcu9t5v0__or4_4)
   0.51   17.46 v fanout335/Z (gf180mcu_fd_sc_mcu9t5v0__buf_8)
   0.40   17.86 v max_cap67/Z (gf180mcu_fd_sc_mcu9t5v0__buf_8)
   0.46   18.32 v fanout293/Z (gf180mcu_fd_sc_mcu9t5v0__buf_4)
   0.45   18.77 v fanout292/Z (gf180mcu_fd_sc_mcu9t5v0__buf_8)
   0.61   19.38 v _16311_/Z (gf180mcu_fd_sc_mcu9t5v0__mux2_1)
   0.72   20.10 v _16312_/Z (gf180mcu_fd_sc_mcu9t5v0__mux2_1)
   0.71   20.81 v _16313_/Z (gf180mcu_fd_sc_mcu9t5v0__mux2_1)
   0.00   20.81 v _17959_/D (gf180mcu_fd_sc_mcu9t5v0__dffq_1)
          20.81   data arrival time

  26.04   26.04   clock core_clk (rise edge)
   2.29   28.33   clock network delay (propagated)
   0.00   28.33   clock reconvergence pessimism
          28.33 ^ _17959_/CLK (gf180mcu_fd_sc_mcu9t5v0__dffq_1)
  -0.23   28.10   library setup time
          28.10   data required time
---------------------------------------------------------
          28.10   data required time
         -20.81   data arrival time
---------------------------------------------------------
           7.29   slack (MET)


Startpoint: dout_ready_i (input port clocked by core_clk)
Endpoint: _17761_ (rising edge-triggered flip-flop clocked by core_clk)
Path Group: core_clk
Path Type: max

  Delay    Time   Description
---------------------------------------------------------
   0.00    0.00   clock core_clk (rise edge)
   0.00    0.00   clock network delay (propagated)
   0.00    0.00 v input external delay
   0.00    0.00 v dout_ready_i (in)
   0.83    0.83 v input10/Z (gf180mcu_fd_sc_mcu9t5v0__clkbuf_2)
   0.64    1.48 ^ _09189_/ZN (gf180mcu_fd_sc_mcu9t5v0__nand2_2)
   0.44    1.92 v _09213_/ZN (gf180mcu_fd_sc_mcu9t5v0__nor4_4)
   0.79    2.71 ^ _09290_/ZN (gf180mcu_fd_sc_mcu9t5v0__oai31_4)
   0.91    3.62 ^ _09316_/Z (gf180mcu_fd_sc_mcu9t5v0__and4_4)
   0.31    3.94 v _09318_/ZN (gf180mcu_fd_sc_mcu9t5v0__nand2_4)
   0.51    4.45 ^ _09319_/ZN (gf180mcu_fd_sc_mcu9t5v0__nand2_4)
   0.22    4.67 v _09320_/ZN (gf180mcu_fd_sc_mcu9t5v0__clkinv_12)
   0.38    5.05 v fanout499/Z (gf180mcu_fd_sc_mcu9t5v0__buf_8)
   0.31    5.36 v max_cap102/Z (gf180mcu_fd_sc_mcu9t5v0__clkbuf_20)
   0.36    5.72 v fanout481/Z (gf180mcu_fd_sc_mcu9t5v0__buf_8)
   0.48    6.20 v max_cap1401/Z (gf180mcu_fd_sc_mcu9t5v0__buf_4)
   0.46    6.65 v load_slew100/Z (gf180mcu_fd_sc_mcu9t5v0__clkbuf_12)
   0.46    7.11 v fanout473/Z (gf180mcu_fd_sc_mcu9t5v0__buf_8)
   0.46    7.57 v fanout472/Z (gf180mcu_fd_sc_mcu9t5v0__buf_8)
   0.68    8.26 ^ _09364_/ZN (gf180mcu_fd_sc_mcu9t5v0__oai21_4)
   0.51    8.76 ^ max_cap96/Z (gf180mcu_fd_sc_mcu9t5v0__clkbuf_20)
   0.44    9.20 ^ fanout450/Z (gf180mcu_fd_sc_mcu9t5v0__buf_8)
   0.44    9.64 ^ fanout447/Z (gf180mcu_fd_sc_mcu9t5v0__buf_8)
   0.33    9.97 v _09378_/ZN (gf180mcu_fd_sc_mcu9t5v0__aoi21_2)
   1.06   11.03 ^ _09381_/ZN (gf180mcu_fd_sc_mcu9t5v0__oai222_2)
   0.50   11.53 v _09396_/ZN (gf180mcu_fd_sc_mcu9t5v0__oai31_4)
   0.81   12.34 ^ _09413_/ZN (gf180mcu_fd_sc_mcu9t5v0__aoi21_4)
   0.34   12.68 v _15594_/ZN (gf180mcu_fd_sc_mcu9t5v0__oai31_4)
   0.53   13.21 v wire89/Z (gf180mcu_fd_sc_mcu9t5v0__clkbuf_4)
   0.46   13.68 v fanout368/Z (gf180mcu_fd_sc_mcu9t5v0__buf_8)
   0.60   14.28 ^ _15681_/ZN (gf180mcu_fd_sc_mcu9t5v0__aoi21_4)
   0.54   14.82 ^ max_cap365/Z (gf180mcu_fd_sc_mcu9t5v0__clkbuf_8)
   0.39   15.21 ^ rebuffer1383/Z (gf180mcu_fd_sc_mcu9t5v0__buf_8)
   0.46   15.67 v _15719_/ZN (gf180mcu_fd_sc_mcu9t5v0__nand4_1)
   1.28   16.95 v _15808_/Z (gf180mcu_fd_sc_mcu9t5v0__or4_4)
   0.51   17.46 v fanout335/Z (gf180mcu_fd_sc_mcu9t5v0__buf_8)
   0.40   17.86 v max_cap67/Z (gf180mcu_fd_sc_mcu9t5v0__buf_8)
   0.46   18.32 v fanout293/Z (gf180mcu_fd_sc_mcu9t5v0__buf_4)
   0.45   18.77 v fanout292/Z (gf180mcu_fd_sc_mcu9t5v0__buf_8)
   0.62   19.39 v _15835_/Z (gf180mcu_fd_sc_mcu9t5v0__mux2_1)
   0.71   20.10 v _15836_/Z (gf180mcu_fd_sc_mcu9t5v0__mux2_1)
   0.71   20.80 v _15837_/Z (gf180mcu_fd_sc_mcu9t5v0__mux2_1)
   0.00   20.80 v _17761_/D (gf180mcu_fd_sc_mcu9t5v0__dffq_1)
          20.80   data arrival time

  26.04   26.04   clock core_clk (rise edge)
   2.29   28.33   clock network delay (propagated)
   0.00   28.33   clock reconvergence pessimism
          28.33 ^ _17761_/CLK (gf180mcu_fd_sc_mcu9t5v0__dffq_1)
  -0.23   28.11   library setup time
          28.11   data required time
---------------------------------------------------------
          28.11   data required time
         -20.80   data arrival time
---------------------------------------------------------
           7.30   slack (MET)


Startpoint: dout_ready_i (input port clocked by core_clk)
Endpoint: _17955_ (rising edge-triggered flip-flop clocked by core_clk)
Path Group: core_clk
Path Type: max

  Delay    Time   Description
---------------------------------------------------------
   0.00    0.00   clock core_clk (rise edge)
   0.00    0.00   clock network delay (propagated)
   0.00    0.00 v input external delay
   0.00    0.00 v dout_ready_i (in)
   0.83    0.83 v input10/Z (gf180mcu_fd_sc_mcu9t5v0__clkbuf_2)
   0.64    1.48 ^ _09189_/ZN (gf180mcu_fd_sc_mcu9t5v0__nand2_2)
   0.44    1.92 v _09213_/ZN (gf180mcu_fd_sc_mcu9t5v0__nor4_4)
   0.79    2.71 ^ _09290_/ZN (gf180mcu_fd_sc_mcu9t5v0__oai31_4)
   0.91    3.62 ^ _09316_/Z (gf180mcu_fd_sc_mcu9t5v0__and4_4)
   0.31    3.94 v _09318_/ZN (gf180mcu_fd_sc_mcu9t5v0__nand2_4)
   0.51    4.45 ^ _09319_/ZN (gf180mcu_fd_sc_mcu9t5v0__nand2_4)
   0.22    4.67 v _09320_/ZN (gf180mcu_fd_sc_mcu9t5v0__clkinv_12)
   0.38    5.05 v fanout499/Z (gf180mcu_fd_sc_mcu9t5v0__buf_8)
   0.31    5.36 v max_cap102/Z (gf180mcu_fd_sc_mcu9t5v0__clkbuf_20)
   0.36    5.72 v fanout481/Z (gf180mcu_fd_sc_mcu9t5v0__buf_8)
   0.48    6.20 v max_cap1401/Z (gf180mcu_fd_sc_mcu9t5v0__buf_4)
   0.46    6.65 v load_slew100/Z (gf180mcu_fd_sc_mcu9t5v0__clkbuf_12)
   0.46    7.11 v fanout473/Z (gf180mcu_fd_sc_mcu9t5v0__buf_8)
   0.46    7.57 v fanout472/Z (gf180mcu_fd_sc_mcu9t5v0__buf_8)
   0.68    8.26 ^ _09364_/ZN (gf180mcu_fd_sc_mcu9t5v0__oai21_4)
   0.51    8.76 ^ max_cap96/Z (gf180mcu_fd_sc_mcu9t5v0__clkbuf_20)
   0.44    9.20 ^ fanout450/Z (gf180mcu_fd_sc_mcu9t5v0__buf_8)
   0.44    9.64 ^ fanout447/Z (gf180mcu_fd_sc_mcu9t5v0__buf_8)
   0.33    9.97 v _09378_/ZN (gf180mcu_fd_sc_mcu9t5v0__aoi21_2)
   1.06   11.03 ^ _09381_/ZN (gf180mcu_fd_sc_mcu9t5v0__oai222_2)
   0.50   11.53 v _09396_/ZN (gf180mcu_fd_sc_mcu9t5v0__oai31_4)
   0.81   12.34 ^ _09413_/ZN (gf180mcu_fd_sc_mcu9t5v0__aoi21_4)
   0.34   12.68 v _15594_/ZN (gf180mcu_fd_sc_mcu9t5v0__oai31_4)
   0.53   13.21 v wire89/Z (gf180mcu_fd_sc_mcu9t5v0__clkbuf_4)
   0.46   13.68 v fanout368/Z (gf180mcu_fd_sc_mcu9t5v0__buf_8)
   0.60   14.28 ^ _15681_/ZN (gf180mcu_fd_sc_mcu9t5v0__aoi21_4)
   0.54   14.82 ^ max_cap365/Z (gf180mcu_fd_sc_mcu9t5v0__clkbuf_8)
   0.39   15.21 ^ rebuffer1383/Z (gf180mcu_fd_sc_mcu9t5v0__buf_8)
   0.46   15.67 v _15719_/ZN (gf180mcu_fd_sc_mcu9t5v0__nand4_1)
   1.28   16.95 v _15808_/Z (gf180mcu_fd_sc_mcu9t5v0__or4_4)
   0.51   17.46 v fanout335/Z (gf180mcu_fd_sc_mcu9t5v0__buf_8)
   0.40   17.86 v max_cap67/Z (gf180mcu_fd_sc_mcu9t5v0__buf_8)
   0.46   18.32 v fanout293/Z (gf180mcu_fd_sc_mcu9t5v0__buf_4)
   0.45   18.77 v fanout292/Z (gf180mcu_fd_sc_mcu9t5v0__buf_8)
   0.61   19.38 v _16299_/Z (gf180mcu_fd_sc_mcu9t5v0__mux2_1)
   0.71   20.09 v _16300_/Z (gf180mcu_fd_sc_mcu9t5v0__mux2_1)
   0.71   20.80 v _16301_/Z (gf180mcu_fd_sc_mcu9t5v0__mux2_1)
   0.00   20.80 v _17955_/D (gf180mcu_fd_sc_mcu9t5v0__dffq_1)
          20.80   data arrival time

  26.04   26.04   clock core_clk (rise edge)
   2.29   28.33   clock network delay (propagated)
   0.00   28.33   clock reconvergence pessimism
          28.33 ^ _17955_/CLK (gf180mcu_fd_sc_mcu9t5v0__dffq_1)
  -0.23   28.10   library setup time
          28.10   data required time
---------------------------------------------------------
          28.10   data required time
         -20.80   data arrival time
---------------------------------------------------------
           7.30   slack (MET)


Startpoint: dout_ready_i (input port clocked by core_clk)
Endpoint: _17953_ (rising edge-triggered flip-flop clocked by core_clk)
Path Group: core_clk
Path Type: max

  Delay    Time   Description
---------------------------------------------------------
   0.00    0.00   clock core_clk (rise edge)
   0.00    0.00   clock network delay (propagated)
   0.00    0.00 v input external delay
   0.00    0.00 v dout_ready_i (in)
   0.83    0.83 v input10/Z (gf180mcu_fd_sc_mcu9t5v0__clkbuf_2)
   0.64    1.48 ^ _09189_/ZN (gf180mcu_fd_sc_mcu9t5v0__nand2_2)
   0.44    1.92 v _09213_/ZN (gf180mcu_fd_sc_mcu9t5v0__nor4_4)
   0.79    2.71 ^ _09290_/ZN (gf180mcu_fd_sc_mcu9t5v0__oai31_4)
   0.91    3.62 ^ _09316_/Z (gf180mcu_fd_sc_mcu9t5v0__and4_4)
   0.31    3.94 v _09318_/ZN (gf180mcu_fd_sc_mcu9t5v0__nand2_4)
   0.51    4.45 ^ _09319_/ZN (gf180mcu_fd_sc_mcu9t5v0__nand2_4)
   0.22    4.67 v _09320_/ZN (gf180mcu_fd_sc_mcu9t5v0__clkinv_12)
   0.38    5.05 v fanout499/Z (gf180mcu_fd_sc_mcu9t5v0__buf_8)
   0.31    5.36 v max_cap102/Z (gf180mcu_fd_sc_mcu9t5v0__clkbuf_20)
   0.36    5.72 v fanout481/Z (gf180mcu_fd_sc_mcu9t5v0__buf_8)
   0.48    6.20 v max_cap1401/Z (gf180mcu_fd_sc_mcu9t5v0__buf_4)
   0.46    6.65 v load_slew100/Z (gf180mcu_fd_sc_mcu9t5v0__clkbuf_12)
   0.46    7.11 v fanout473/Z (gf180mcu_fd_sc_mcu9t5v0__buf_8)
   0.46    7.57 v fanout472/Z (gf180mcu_fd_sc_mcu9t5v0__buf_8)
   0.68    8.26 ^ _09364_/ZN (gf180mcu_fd_sc_mcu9t5v0__oai21_4)
   0.51    8.76 ^ max_cap96/Z (gf180mcu_fd_sc_mcu9t5v0__clkbuf_20)
   0.44    9.20 ^ fanout450/Z (gf180mcu_fd_sc_mcu9t5v0__buf_8)
   0.44    9.64 ^ fanout447/Z (gf180mcu_fd_sc_mcu9t5v0__buf_8)
   0.33    9.97 v _09378_/ZN (gf180mcu_fd_sc_mcu9t5v0__aoi21_2)
   1.06   11.03 ^ _09381_/ZN (gf180mcu_fd_sc_mcu9t5v0__oai222_2)
   0.50   11.53 v _09396_/ZN (gf180mcu_fd_sc_mcu9t5v0__oai31_4)
   0.81   12.34 ^ _09413_/ZN (gf180mcu_fd_sc_mcu9t5v0__aoi21_4)
   0.34   12.68 v _15594_/ZN (gf180mcu_fd_sc_mcu9t5v0__oai31_4)
   0.53   13.21 v wire89/Z (gf180mcu_fd_sc_mcu9t5v0__clkbuf_4)
   0.46   13.68 v fanout368/Z (gf180mcu_fd_sc_mcu9t5v0__buf_8)
   0.60   14.28 ^ _15681_/ZN (gf180mcu_fd_sc_mcu9t5v0__aoi21_4)
   0.54   14.82 ^ max_cap365/Z (gf180mcu_fd_sc_mcu9t5v0__clkbuf_8)
   0.39   15.21 ^ rebuffer1383/Z (gf180mcu_fd_sc_mcu9t5v0__buf_8)
   0.46   15.67 v _15719_/ZN (gf180mcu_fd_sc_mcu9t5v0__nand4_1)
   1.28   16.95 v _15808_/Z (gf180mcu_fd_sc_mcu9t5v0__or4_4)
   0.51   17.46 v fanout335/Z (gf180mcu_fd_sc_mcu9t5v0__buf_8)
   0.40   17.86 v max_cap67/Z (gf180mcu_fd_sc_mcu9t5v0__buf_8)
   0.46   18.32 v fanout293/Z (gf180mcu_fd_sc_mcu9t5v0__buf_4)
   0.45   18.77 v fanout292/Z (gf180mcu_fd_sc_mcu9t5v0__buf_8)
   0.61   19.38 v _16293_/Z (gf180mcu_fd_sc_mcu9t5v0__mux2_1)
   0.71   20.09 v _16294_/Z (gf180mcu_fd_sc_mcu9t5v0__mux2_1)
   0.71   20.79 v _16295_/Z (gf180mcu_fd_sc_mcu9t5v0__mux2_1)
   0.00   20.79 v _17953_/D (gf180mcu_fd_sc_mcu9t5v0__dffq_1)
          20.79   data arrival time

  26.04   26.04   clock core_clk (rise edge)
   2.29   28.33   clock network delay (propagated)
   0.00   28.33   clock reconvergence pessimism
          28.33 ^ _17953_/CLK (gf180mcu_fd_sc_mcu9t5v0__dffq_1)
  -0.23   28.10   library setup time
          28.10   data required time
---------------------------------------------------------
          28.10   data required time
         -20.79   data arrival time
---------------------------------------------------------
           7.30   slack (MET)


Startpoint: dout_ready_i (input port clocked by core_clk)
Endpoint: _17954_ (rising edge-triggered flip-flop clocked by core_clk)
Path Group: core_clk
Path Type: max

  Delay    Time   Description
---------------------------------------------------------
   0.00    0.00   clock core_clk (rise edge)
   0.00    0.00   clock network delay (propagated)
   0.00    0.00 v input external delay
   0.00    0.00 v dout_ready_i (in)
   0.83    0.83 v input10/Z (gf180mcu_fd_sc_mcu9t5v0__clkbuf_2)
   0.64    1.48 ^ _09189_/ZN (gf180mcu_fd_sc_mcu9t5v0__nand2_2)
   0.44    1.92 v _09213_/ZN (gf180mcu_fd_sc_mcu9t5v0__nor4_4)
   0.79    2.71 ^ _09290_/ZN (gf180mcu_fd_sc_mcu9t5v0__oai31_4)
   0.91    3.62 ^ _09316_/Z (gf180mcu_fd_sc_mcu9t5v0__and4_4)
   0.31    3.94 v _09318_/ZN (gf180mcu_fd_sc_mcu9t5v0__nand2_4)
   0.51    4.45 ^ _09319_/ZN (gf180mcu_fd_sc_mcu9t5v0__nand2_4)
   0.22    4.67 v _09320_/ZN (gf180mcu_fd_sc_mcu9t5v0__clkinv_12)
   0.38    5.05 v fanout499/Z (gf180mcu_fd_sc_mcu9t5v0__buf_8)
   0.31    5.36 v max_cap102/Z (gf180mcu_fd_sc_mcu9t5v0__clkbuf_20)
   0.36    5.72 v fanout481/Z (gf180mcu_fd_sc_mcu9t5v0__buf_8)
   0.48    6.20 v max_cap1401/Z (gf180mcu_fd_sc_mcu9t5v0__buf_4)
   0.46    6.65 v load_slew100/Z (gf180mcu_fd_sc_mcu9t5v0__clkbuf_12)
   0.46    7.11 v fanout473/Z (gf180mcu_fd_sc_mcu9t5v0__buf_8)
   0.46    7.57 v fanout472/Z (gf180mcu_fd_sc_mcu9t5v0__buf_8)
   0.68    8.26 ^ _09364_/ZN (gf180mcu_fd_sc_mcu9t5v0__oai21_4)
   0.51    8.76 ^ max_cap96/Z (gf180mcu_fd_sc_mcu9t5v0__clkbuf_20)
   0.44    9.20 ^ fanout450/Z (gf180mcu_fd_sc_mcu9t5v0__buf_8)
   0.44    9.64 ^ fanout447/Z (gf180mcu_fd_sc_mcu9t5v0__buf_8)
   0.33    9.97 v _09378_/ZN (gf180mcu_fd_sc_mcu9t5v0__aoi21_2)
   1.06   11.03 ^ _09381_/ZN (gf180mcu_fd_sc_mcu9t5v0__oai222_2)
   0.50   11.53 v _09396_/ZN (gf180mcu_fd_sc_mcu9t5v0__oai31_4)
   0.81   12.34 ^ _09413_/ZN (gf180mcu_fd_sc_mcu9t5v0__aoi21_4)
   0.34   12.68 v _15594_/ZN (gf180mcu_fd_sc_mcu9t5v0__oai31_4)
   0.53   13.21 v wire89/Z (gf180mcu_fd_sc_mcu9t5v0__clkbuf_4)
   0.46   13.68 v fanout368/Z (gf180mcu_fd_sc_mcu9t5v0__buf_8)
   0.60   14.28 ^ _15681_/ZN (gf180mcu_fd_sc_mcu9t5v0__aoi21_4)
   0.54   14.82 ^ max_cap365/Z (gf180mcu_fd_sc_mcu9t5v0__clkbuf_8)
   0.39   15.21 ^ rebuffer1383/Z (gf180mcu_fd_sc_mcu9t5v0__buf_8)
   0.46   15.67 v _15719_/ZN (gf180mcu_fd_sc_mcu9t5v0__nand4_1)
   1.28   16.95 v _15808_/Z (gf180mcu_fd_sc_mcu9t5v0__or4_4)
   0.51   17.46 v fanout335/Z (gf180mcu_fd_sc_mcu9t5v0__buf_8)
   0.40   17.86 v max_cap67/Z (gf180mcu_fd_sc_mcu9t5v0__buf_8)
   0.46   18.32 v fanout293/Z (gf180mcu_fd_sc_mcu9t5v0__buf_4)
   0.45   18.77 v fanout292/Z (gf180mcu_fd_sc_mcu9t5v0__buf_8)
   0.61   19.38 v _16296_/Z (gf180mcu_fd_sc_mcu9t5v0__mux2_1)
   0.71   20.09 v _16297_/Z (gf180mcu_fd_sc_mcu9t5v0__mux2_1)
   0.71   20.80 v _16298_/Z (gf180mcu_fd_sc_mcu9t5v0__mux2_1)
   0.00   20.80 v _17954_/D (gf180mcu_fd_sc_mcu9t5v0__dffq_1)
          20.80   data arrival time

  26.04   26.04   clock core_clk (rise edge)
   2.30   28.34   clock network delay (propagated)
   0.00   28.34   clock reconvergence pessimism
          28.34 ^ _17954_/CLK (gf180mcu_fd_sc_mcu9t5v0__dffq_1)
  -0.23   28.12   library setup time
          28.12   data required time
---------------------------------------------------------
          28.12   data required time
         -20.80   data arrival time
---------------------------------------------------------
           7.31   slack (MET)


Startpoint: dout_ready_i (input port clocked by core_clk)
Endpoint: _17766_ (rising edge-triggered flip-flop clocked by core_clk)
Path Group: core_clk
Path Type: max

  Delay    Time   Description
---------------------------------------------------------
   0.00    0.00   clock core_clk (rise edge)
   0.00    0.00   clock network delay (propagated)
   0.00    0.00 v input external delay
   0.00    0.00 v dout_ready_i (in)
   0.83    0.83 v input10/Z (gf180mcu_fd_sc_mcu9t5v0__clkbuf_2)
   0.64    1.48 ^ _09189_/ZN (gf180mcu_fd_sc_mcu9t5v0__nand2_2)
   0.44    1.92 v _09213_/ZN (gf180mcu_fd_sc_mcu9t5v0__nor4_4)
   0.79    2.71 ^ _09290_/ZN (gf180mcu_fd_sc_mcu9t5v0__oai31_4)
   0.91    3.62 ^ _09316_/Z (gf180mcu_fd_sc_mcu9t5v0__and4_4)
   0.31    3.94 v _09318_/ZN (gf180mcu_fd_sc_mcu9t5v0__nand2_4)
   0.51    4.45 ^ _09319_/ZN (gf180mcu_fd_sc_mcu9t5v0__nand2_4)
   0.22    4.67 v _09320_/ZN (gf180mcu_fd_sc_mcu9t5v0__clkinv_12)
   0.38    5.05 v fanout499/Z (gf180mcu_fd_sc_mcu9t5v0__buf_8)
   0.31    5.36 v max_cap102/Z (gf180mcu_fd_sc_mcu9t5v0__clkbuf_20)
   0.36    5.72 v fanout481/Z (gf180mcu_fd_sc_mcu9t5v0__buf_8)
   0.48    6.20 v max_cap1401/Z (gf180mcu_fd_sc_mcu9t5v0__buf_4)
   0.46    6.65 v load_slew100/Z (gf180mcu_fd_sc_mcu9t5v0__clkbuf_12)
   0.46    7.11 v fanout473/Z (gf180mcu_fd_sc_mcu9t5v0__buf_8)
   0.46    7.57 v fanout472/Z (gf180mcu_fd_sc_mcu9t5v0__buf_8)
   0.68    8.26 ^ _09364_/ZN (gf180mcu_fd_sc_mcu9t5v0__oai21_4)
   0.51    8.76 ^ max_cap96/Z (gf180mcu_fd_sc_mcu9t5v0__clkbuf_20)
   0.44    9.20 ^ fanout450/Z (gf180mcu_fd_sc_mcu9t5v0__buf_8)
   0.44    9.64 ^ fanout447/Z (gf180mcu_fd_sc_mcu9t5v0__buf_8)
   0.33    9.97 v _09378_/ZN (gf180mcu_fd_sc_mcu9t5v0__aoi21_2)
   1.06   11.03 ^ _09381_/ZN (gf180mcu_fd_sc_mcu9t5v0__oai222_2)
   0.50   11.53 v _09396_/ZN (gf180mcu_fd_sc_mcu9t5v0__oai31_4)
   0.81   12.34 ^ _09413_/ZN (gf180mcu_fd_sc_mcu9t5v0__aoi21_4)
   0.34   12.68 v _15594_/ZN (gf180mcu_fd_sc_mcu9t5v0__oai31_4)
   0.53   13.21 v wire89/Z (gf180mcu_fd_sc_mcu9t5v0__clkbuf_4)
   0.46   13.68 v fanout368/Z (gf180mcu_fd_sc_mcu9t5v0__buf_8)
   0.60   14.28 ^ _15681_/ZN (gf180mcu_fd_sc_mcu9t5v0__aoi21_4)
   0.54   14.82 ^ max_cap365/Z (gf180mcu_fd_sc_mcu9t5v0__clkbuf_8)
   0.39   15.21 ^ rebuffer1383/Z (gf180mcu_fd_sc_mcu9t5v0__buf_8)
   0.46   15.67 v _15719_/ZN (gf180mcu_fd_sc_mcu9t5v0__nand4_1)
   1.28   16.95 v _15808_/Z (gf180mcu_fd_sc_mcu9t5v0__or4_4)
   0.51   17.46 v fanout335/Z (gf180mcu_fd_sc_mcu9t5v0__buf_8)
   0.40   17.86 v max_cap67/Z (gf180mcu_fd_sc_mcu9t5v0__buf_8)
   0.46   18.32 v fanout293/Z (gf180mcu_fd_sc_mcu9t5v0__buf_4)
   0.45   18.77 v fanout292/Z (gf180mcu_fd_sc_mcu9t5v0__buf_8)
   0.61   19.37 v _15850_/Z (gf180mcu_fd_sc_mcu9t5v0__mux2_1)
   0.71   20.08 v _15851_/Z (gf180mcu_fd_sc_mcu9t5v0__mux2_1)
   0.71   20.79 v _15852_/Z (gf180mcu_fd_sc_mcu9t5v0__mux2_1)
   0.00   20.79 v _17766_/D (gf180mcu_fd_sc_mcu9t5v0__dffq_1)
          20.79   data arrival time

  26.04   26.04   clock core_clk (rise edge)
   2.30   28.34   clock network delay (propagated)
   0.00   28.34   clock reconvergence pessimism
          28.34 ^ _17766_/CLK (gf180mcu_fd_sc_mcu9t5v0__dffq_1)
  -0.23   28.11   library setup time
          28.11   data required time
---------------------------------------------------------
          28.11   data required time
         -20.79   data arrival time
---------------------------------------------------------
           7.32   slack (MET)


Startpoint: dout_ready_i (input port clocked by core_clk)
Endpoint: _17958_ (rising edge-triggered flip-flop clocked by core_clk)
Path Group: core_clk
Path Type: max

  Delay    Time   Description
---------------------------------------------------------
   0.00    0.00   clock core_clk (rise edge)
   0.00    0.00   clock network delay (propagated)
   0.00    0.00 v input external delay
   0.00    0.00 v dout_ready_i (in)
   0.83    0.83 v input10/Z (gf180mcu_fd_sc_mcu9t5v0__clkbuf_2)
   0.64    1.48 ^ _09189_/ZN (gf180mcu_fd_sc_mcu9t5v0__nand2_2)
   0.44    1.92 v _09213_/ZN (gf180mcu_fd_sc_mcu9t5v0__nor4_4)
   0.79    2.71 ^ _09290_/ZN (gf180mcu_fd_sc_mcu9t5v0__oai31_4)
   0.91    3.62 ^ _09316_/Z (gf180mcu_fd_sc_mcu9t5v0__and4_4)
   0.31    3.94 v _09318_/ZN (gf180mcu_fd_sc_mcu9t5v0__nand2_4)
   0.51    4.45 ^ _09319_/ZN (gf180mcu_fd_sc_mcu9t5v0__nand2_4)
   0.22    4.67 v _09320_/ZN (gf180mcu_fd_sc_mcu9t5v0__clkinv_12)
   0.38    5.05 v fanout499/Z (gf180mcu_fd_sc_mcu9t5v0__buf_8)
   0.31    5.36 v max_cap102/Z (gf180mcu_fd_sc_mcu9t5v0__clkbuf_20)
   0.36    5.72 v fanout481/Z (gf180mcu_fd_sc_mcu9t5v0__buf_8)
   0.48    6.20 v max_cap1401/Z (gf180mcu_fd_sc_mcu9t5v0__buf_4)
   0.46    6.65 v load_slew100/Z (gf180mcu_fd_sc_mcu9t5v0__clkbuf_12)
   0.46    7.11 v fanout473/Z (gf180mcu_fd_sc_mcu9t5v0__buf_8)
   0.46    7.57 v fanout472/Z (gf180mcu_fd_sc_mcu9t5v0__buf_8)
   0.68    8.26 ^ _09364_/ZN (gf180mcu_fd_sc_mcu9t5v0__oai21_4)
   0.51    8.76 ^ max_cap96/Z (gf180mcu_fd_sc_mcu9t5v0__clkbuf_20)
   0.44    9.20 ^ fanout450/Z (gf180mcu_fd_sc_mcu9t5v0__buf_8)
   0.44    9.64 ^ fanout447/Z (gf180mcu_fd_sc_mcu9t5v0__buf_8)
   0.33    9.97 v _09378_/ZN (gf180mcu_fd_sc_mcu9t5v0__aoi21_2)
   1.06   11.03 ^ _09381_/ZN (gf180mcu_fd_sc_mcu9t5v0__oai222_2)
   0.50   11.53 v _09396_/ZN (gf180mcu_fd_sc_mcu9t5v0__oai31_4)
   0.81   12.34 ^ _09413_/ZN (gf180mcu_fd_sc_mcu9t5v0__aoi21_4)
   0.34   12.68 v _15594_/ZN (gf180mcu_fd_sc_mcu9t5v0__oai31_4)
   0.53   13.21 v wire89/Z (gf180mcu_fd_sc_mcu9t5v0__clkbuf_4)
   0.46   13.68 v fanout368/Z (gf180mcu_fd_sc_mcu9t5v0__buf_8)
   0.60   14.28 ^ _15681_/ZN (gf180mcu_fd_sc_mcu9t5v0__aoi21_4)
   0.54   14.82 ^ max_cap365/Z (gf180mcu_fd_sc_mcu9t5v0__clkbuf_8)
   0.39   15.21 ^ rebuffer1383/Z (gf180mcu_fd_sc_mcu9t5v0__buf_8)
   0.46   15.67 v _15719_/ZN (gf180mcu_fd_sc_mcu9t5v0__nand4_1)
   1.28   16.95 v _15808_/Z (gf180mcu_fd_sc_mcu9t5v0__or4_4)
   0.51   17.46 v fanout335/Z (gf180mcu_fd_sc_mcu9t5v0__buf_8)
   0.40   17.86 v max_cap67/Z (gf180mcu_fd_sc_mcu9t5v0__buf_8)
   0.46   18.32 v fanout293/Z (gf180mcu_fd_sc_mcu9t5v0__buf_4)
   0.45   18.77 v fanout292/Z (gf180mcu_fd_sc_mcu9t5v0__buf_8)
   0.61   19.38 v _16308_/Z (gf180mcu_fd_sc_mcu9t5v0__mux2_1)
   0.71   20.09 v _16309_/Z (gf180mcu_fd_sc_mcu9t5v0__mux2_1)
   0.71   20.80 v _16310_/Z (gf180mcu_fd_sc_mcu9t5v0__mux2_1)
   0.00   20.80 v _17958_/D (gf180mcu_fd_sc_mcu9t5v0__dffq_1)
          20.80   data arrival time

  26.04   26.04   clock core_clk (rise edge)
   2.31   28.35   clock network delay (propagated)
   0.00   28.35   clock reconvergence pessimism
          28.35 ^ _17958_/CLK (gf180mcu_fd_sc_mcu9t5v0__dffq_1)
  -0.23   28.12   library setup time
          28.12   data required time
---------------------------------------------------------
          28.12   data required time
         -20.80   data arrival time
---------------------------------------------------------
           7.32   slack (MET)


Startpoint: dout_ready_i (input port clocked by core_clk)
Endpoint: _17956_ (rising edge-triggered flip-flop clocked by core_clk)
Path Group: core_clk
Path Type: max

  Delay    Time   Description
---------------------------------------------------------
   0.00    0.00   clock core_clk (rise edge)
   0.00    0.00   clock network delay (propagated)
   0.00    0.00 v input external delay
   0.00    0.00 v dout_ready_i (in)
   0.83    0.83 v input10/Z (gf180mcu_fd_sc_mcu9t5v0__clkbuf_2)
   0.64    1.48 ^ _09189_/ZN (gf180mcu_fd_sc_mcu9t5v0__nand2_2)
   0.44    1.92 v _09213_/ZN (gf180mcu_fd_sc_mcu9t5v0__nor4_4)
   0.79    2.71 ^ _09290_/ZN (gf180mcu_fd_sc_mcu9t5v0__oai31_4)
   0.91    3.62 ^ _09316_/Z (gf180mcu_fd_sc_mcu9t5v0__and4_4)
   0.31    3.94 v _09318_/ZN (gf180mcu_fd_sc_mcu9t5v0__nand2_4)
   0.51    4.45 ^ _09319_/ZN (gf180mcu_fd_sc_mcu9t5v0__nand2_4)
   0.22    4.67 v _09320_/ZN (gf180mcu_fd_sc_mcu9t5v0__clkinv_12)
   0.38    5.05 v fanout499/Z (gf180mcu_fd_sc_mcu9t5v0__buf_8)
   0.31    5.36 v max_cap102/Z (gf180mcu_fd_sc_mcu9t5v0__clkbuf_20)
   0.36    5.72 v fanout481/Z (gf180mcu_fd_sc_mcu9t5v0__buf_8)
   0.48    6.20 v max_cap1401/Z (gf180mcu_fd_sc_mcu9t5v0__buf_4)
   0.46    6.65 v load_slew100/Z (gf180mcu_fd_sc_mcu9t5v0__clkbuf_12)
   0.46    7.11 v fanout473/Z (gf180mcu_fd_sc_mcu9t5v0__buf_8)
   0.46    7.57 v fanout472/Z (gf180mcu_fd_sc_mcu9t5v0__buf_8)
   0.68    8.26 ^ _09364_/ZN (gf180mcu_fd_sc_mcu9t5v0__oai21_4)
   0.51    8.76 ^ max_cap96/Z (gf180mcu_fd_sc_mcu9t5v0__clkbuf_20)
   0.44    9.20 ^ fanout450/Z (gf180mcu_fd_sc_mcu9t5v0__buf_8)
   0.44    9.64 ^ fanout447/Z (gf180mcu_fd_sc_mcu9t5v0__buf_8)
   0.33    9.97 v _09378_/ZN (gf180mcu_fd_sc_mcu9t5v0__aoi21_2)
   1.06   11.03 ^ _09381_/ZN (gf180mcu_fd_sc_mcu9t5v0__oai222_2)
   0.50   11.53 v _09396_/ZN (gf180mcu_fd_sc_mcu9t5v0__oai31_4)
   0.81   12.34 ^ _09413_/ZN (gf180mcu_fd_sc_mcu9t5v0__aoi21_4)
   0.34   12.68 v _15594_/ZN (gf180mcu_fd_sc_mcu9t5v0__oai31_4)
   0.53   13.21 v wire89/Z (gf180mcu_fd_sc_mcu9t5v0__clkbuf_4)
   0.46   13.68 v fanout368/Z (gf180mcu_fd_sc_mcu9t5v0__buf_8)
   0.60   14.28 ^ _15681_/ZN (gf180mcu_fd_sc_mcu9t5v0__aoi21_4)
   0.54   14.82 ^ max_cap365/Z (gf180mcu_fd_sc_mcu9t5v0__clkbuf_8)
   0.39   15.21 ^ rebuffer1383/Z (gf180mcu_fd_sc_mcu9t5v0__buf_8)
   0.46   15.67 v _15719_/ZN (gf180mcu_fd_sc_mcu9t5v0__nand4_1)
   1.28   16.95 v _15808_/Z (gf180mcu_fd_sc_mcu9t5v0__or4_4)
   0.51   17.46 v fanout335/Z (gf180mcu_fd_sc_mcu9t5v0__buf_8)
   0.40   17.86 v max_cap67/Z (gf180mcu_fd_sc_mcu9t5v0__buf_8)
   0.46   18.32 v fanout293/Z (gf180mcu_fd_sc_mcu9t5v0__buf_4)
   0.45   18.77 v fanout292/Z (gf180mcu_fd_sc_mcu9t5v0__buf_8)
   0.61   19.38 v _16302_/Z (gf180mcu_fd_sc_mcu9t5v0__mux2_1)
   0.71   20.09 v _16303_/Z (gf180mcu_fd_sc_mcu9t5v0__mux2_1)
   0.71   20.80 v _16304_/Z (gf180mcu_fd_sc_mcu9t5v0__mux2_1)
   0.00   20.80 v _17956_/D (gf180mcu_fd_sc_mcu9t5v0__dffq_1)
          20.80   data arrival time

  26.04   26.04   clock core_clk (rise edge)
   2.31   28.35   clock network delay (propagated)
   0.00   28.35   clock reconvergence pessimism
          28.35 ^ _17956_/CLK (gf180mcu_fd_sc_mcu9t5v0__dffq_1)
  -0.23   28.12   library setup time
          28.12   data required time
---------------------------------------------------------
          28.12   data required time
         -20.80   data arrival time
---------------------------------------------------------
           7.33   slack (MET)


Startpoint: dout_ready_i (input port clocked by core_clk)
Endpoint: u_transform_scheduler_core.u_fft_scratch_sram.u_lo.u_sram
          (rising edge-triggered flip-flop clocked by core_clk)
Path Group: core_clk
Path Type: max

  Delay    Time   Description
---------------------------------------------------------
   0.00    0.00   clock core_clk (rise edge)
   0.00    0.00   clock network delay (propagated)
   0.00    0.00 v input external delay
   0.00    0.00 v dout_ready_i (in)
   0.83    0.83 v input10/Z (gf180mcu_fd_sc_mcu9t5v0__clkbuf_2)
   0.64    1.48 ^ _09189_/ZN (gf180mcu_fd_sc_mcu9t5v0__nand2_2)
   0.44    1.92 v _09213_/ZN (gf180mcu_fd_sc_mcu9t5v0__nor4_4)
   0.79    2.71 ^ _09290_/ZN (gf180mcu_fd_sc_mcu9t5v0__oai31_4)
   0.91    3.62 ^ _09316_/Z (gf180mcu_fd_sc_mcu9t5v0__and4_4)
   0.31    3.94 v _09318_/ZN (gf180mcu_fd_sc_mcu9t5v0__nand2_4)
   0.51    4.45 ^ _09319_/ZN (gf180mcu_fd_sc_mcu9t5v0__nand2_4)
   0.22    4.67 v _09320_/ZN (gf180mcu_fd_sc_mcu9t5v0__clkinv_12)
   0.38    5.05 v fanout499/Z (gf180mcu_fd_sc_mcu9t5v0__buf_8)
   0.31    5.36 v max_cap102/Z (gf180mcu_fd_sc_mcu9t5v0__clkbuf_20)
   0.36    5.72 v fanout481/Z (gf180mcu_fd_sc_mcu9t5v0__buf_8)
   0.48    6.20 v max_cap1401/Z (gf180mcu_fd_sc_mcu9t5v0__buf_4)
   0.46    6.65 v load_slew100/Z (gf180mcu_fd_sc_mcu9t5v0__clkbuf_12)
   0.46    7.11 v fanout473/Z (gf180mcu_fd_sc_mcu9t5v0__buf_8)
   0.46    7.57 v fanout472/Z (gf180mcu_fd_sc_mcu9t5v0__buf_8)
   0.68    8.26 ^ _09364_/ZN (gf180mcu_fd_sc_mcu9t5v0__oai21_4)
   0.51    8.76 ^ max_cap96/Z (gf180mcu_fd_sc_mcu9t5v0__clkbuf_20)
   0.44    9.20 ^ fanout450/Z (gf180mcu_fd_sc_mcu9t5v0__buf_8)
   0.44    9.64 ^ fanout447/Z (gf180mcu_fd_sc_mcu9t5v0__buf_8)
   0.33    9.97 v _09378_/ZN (gf180mcu_fd_sc_mcu9t5v0__aoi21_2)
   1.06   11.03 ^ _09381_/ZN (gf180mcu_fd_sc_mcu9t5v0__oai222_2)
   0.50   11.53 v _09396_/ZN (gf180mcu_fd_sc_mcu9t5v0__oai31_4)
   0.81   12.34 ^ _09413_/ZN (gf180mcu_fd_sc_mcu9t5v0__aoi21_4)
   0.28   12.62 v _09415_/ZN (gf180mcu_fd_sc_mcu9t5v0__nor2_4)
   0.56   13.18 v fanout375/Z (gf180mcu_fd_sc_mcu9t5v0__buf_4)
   0.59   13.77 v _09417_/Z (gf180mcu_fd_sc_mcu9t5v0__and2_4)
   0.50   14.27 v fanout373/Z (gf180mcu_fd_sc_mcu9t5v0__buf_4)
   0.51   14.78 v fanout372/Z (gf180mcu_fd_sc_mcu9t5v0__buf_4)
   0.69   15.47 ^ _09426_/ZN (gf180mcu_fd_sc_mcu9t5v0__oai31_4)
   0.57   16.04 ^ max_cap87/Z (gf180mcu_fd_sc_mcu9t5v0__clkbuf_4)
   0.39   16.43 v _09683_/ZN (gf180mcu_fd_sc_mcu9t5v0__nand2_1)
   0.56   16.99 ^ _09684_/ZN (gf180mcu_fd_sc_mcu9t5v0__nor2_4)
   0.49   17.48 ^ wire63/Z (gf180mcu_fd_sc_mcu9t5v0__buf_4)
   0.32   17.81 ^ fanout256/Z (gf180mcu_fd_sc_mcu9t5v0__buf_8)
   0.58   18.39 ^ max_cap1399/Z (gf180mcu_fd_sc_mcu9t5v0__buf_4)
   0.46   18.85 v _10115_/ZN (gf180mcu_fd_sc_mcu9t5v0__aoi22_1)
   0.84   19.69 ^ _10121_/ZN (gf180mcu_fd_sc_mcu9t5v0__aoi21_2)
   0.37   20.06 ^ u_transform_scheduler_core.u_fft_scratch_sram.u_lo.g_pin_drive[3].u_data_driver/Z (gf180mcu_fd_sc_mcu9t5v0__buf_4)
   0.00   20.06 ^ u_transform_scheduler_core.u_fft_scratch_sram.u_lo.u_sram/D[3] (gf180mcu_fd_ip_sram__sram256x8m8wm1)
          20.06   data arrival time

  26.04   26.04   clock core_clk (rise edge)
   2.12   28.16   clock network delay (propagated)
   0.00   28.16   clock reconvergence pessimism
          28.16 ^ u_transform_scheduler_core.u_fft_scratch_sram.u_lo.u_sram/CLK (gf180mcu_fd_ip_sram__sram256x8m8wm1)
  -0.76   27.40   library setup time
          27.40   data required time
---------------------------------------------------------
          27.40   data required time
         -20.06   data arrival time
---------------------------------------------------------
           7.34   slack (MET)


Startpoint: dout_ready_i (input port clocked by core_clk)
Endpoint: u_transform_scheduler_core.u_fft_scratch_sram.u_lo.u_sram
          (rising edge-triggered flip-flop clocked by core_clk)
Path Group: core_clk
Path Type: max

  Delay    Time   Description
---------------------------------------------------------
   0.00    0.00   clock core_clk (rise edge)
   0.00    0.00   clock network delay (propagated)
   0.00    0.00 v input external delay
   0.00    0.00 v dout_ready_i (in)
   0.83    0.83 v input10/Z (gf180mcu_fd_sc_mcu9t5v0__clkbuf_2)
   0.64    1.48 ^ _09189_/ZN (gf180mcu_fd_sc_mcu9t5v0__nand2_2)
   0.44    1.92 v _09213_/ZN (gf180mcu_fd_sc_mcu9t5v0__nor4_4)
   0.79    2.71 ^ _09290_/ZN (gf180mcu_fd_sc_mcu9t5v0__oai31_4)
   0.91    3.62 ^ _09316_/Z (gf180mcu_fd_sc_mcu9t5v0__and4_4)
   0.31    3.94 v _09318_/ZN (gf180mcu_fd_sc_mcu9t5v0__nand2_4)
   0.51    4.45 ^ _09319_/ZN (gf180mcu_fd_sc_mcu9t5v0__nand2_4)
   0.22    4.67 v _09320_/ZN (gf180mcu_fd_sc_mcu9t5v0__clkinv_12)
   0.38    5.05 v fanout499/Z (gf180mcu_fd_sc_mcu9t5v0__buf_8)
   0.31    5.36 v max_cap102/Z (gf180mcu_fd_sc_mcu9t5v0__clkbuf_20)
   0.36    5.72 v fanout481/Z (gf180mcu_fd_sc_mcu9t5v0__buf_8)
   0.48    6.20 v max_cap1401/Z (gf180mcu_fd_sc_mcu9t5v0__buf_4)
   0.46    6.65 v load_slew100/Z (gf180mcu_fd_sc_mcu9t5v0__clkbuf_12)
   0.46    7.11 v fanout473/Z (gf180mcu_fd_sc_mcu9t5v0__buf_8)
   0.46    7.57 v fanout472/Z (gf180mcu_fd_sc_mcu9t5v0__buf_8)
   0.68    8.26 ^ _09364_/ZN (gf180mcu_fd_sc_mcu9t5v0__oai21_4)
   0.51    8.76 ^ max_cap96/Z (gf180mcu_fd_sc_mcu9t5v0__clkbuf_20)
   0.44    9.20 ^ fanout450/Z (gf180mcu_fd_sc_mcu9t5v0__buf_8)
   0.44    9.64 ^ fanout447/Z (gf180mcu_fd_sc_mcu9t5v0__buf_8)
   0.33    9.97 v _09378_/ZN (gf180mcu_fd_sc_mcu9t5v0__aoi21_2)
   1.06   11.03 ^ _09381_/ZN (gf180mcu_fd_sc_mcu9t5v0__oai222_2)
   0.50   11.53 v _09396_/ZN (gf180mcu_fd_sc_mcu9t5v0__oai31_4)
   0.81   12.34 ^ _09413_/ZN (gf180mcu_fd_sc_mcu9t5v0__aoi21_4)
   0.28   12.62 v _09415_/ZN (gf180mcu_fd_sc_mcu9t5v0__nor2_4)
   0.56   13.18 v fanout375/Z (gf180mcu_fd_sc_mcu9t5v0__buf_4)
   0.59   13.77 v _09417_/Z (gf180mcu_fd_sc_mcu9t5v0__and2_4)
   0.50   14.27 v fanout373/Z (gf180mcu_fd_sc_mcu9t5v0__buf_4)
   0.51   14.78 v fanout372/Z (gf180mcu_fd_sc_mcu9t5v0__buf_4)
   0.69   15.47 ^ _09426_/ZN (gf180mcu_fd_sc_mcu9t5v0__oai31_4)
   0.57   16.04 ^ max_cap87/Z (gf180mcu_fd_sc_mcu9t5v0__clkbuf_4)
   0.39   16.43 v _09683_/ZN (gf180mcu_fd_sc_mcu9t5v0__nand2_1)
   0.56   16.99 ^ _09684_/ZN (gf180mcu_fd_sc_mcu9t5v0__nor2_4)
   0.49   17.48 ^ wire63/Z (gf180mcu_fd_sc_mcu9t5v0__buf_4)
   0.32   17.81 ^ fanout256/Z (gf180mcu_fd_sc_mcu9t5v0__buf_8)
   0.58   18.39 ^ max_cap1399/Z (gf180mcu_fd_sc_mcu9t5v0__buf_4)
   0.42   18.81 v _10026_/ZN (gf180mcu_fd_sc_mcu9t5v0__aoi21_1)
   0.87   19.68 ^ _10038_/ZN (gf180mcu_fd_sc_mcu9t5v0__aoi21_2)
   0.38   20.06 ^ u_transform_scheduler_core.u_fft_scratch_sram.u_lo.g_pin_drive[0].u_data_driver/Z (gf180mcu_fd_sc_mcu9t5v0__buf_4)
   0.00   20.06 ^ u_transform_scheduler_core.u_fft_scratch_sram.u_lo.u_sram/D[0] (gf180mcu_fd_ip_sram__sram256x8m8wm1)
          20.06   data arrival time

  26.04   26.04   clock core_clk (rise edge)
   2.12   28.16   clock network delay (propagated)
   0.00   28.16   clock reconvergence pessimism
          28.16 ^ u_transform_scheduler_core.u_fft_scratch_sram.u_lo.u_sram/CLK (gf180mcu_fd_ip_sram__sram256x8m8wm1)
  -0.76   27.40   library setup time
          27.40   data required time
---------------------------------------------------------
          27.40   data required time
         -20.06   data arrival time
---------------------------------------------------------
           7.35   slack (MET)


Startpoint: dout_ready_i (input port clocked by core_clk)
Endpoint: _17912_ (rising edge-triggered flip-flop clocked by core_clk)
Path Group: core_clk
Path Type: max

  Delay    Time   Description
---------------------------------------------------------
   0.00    0.00   clock core_clk (rise edge)
   0.00    0.00   clock network delay (propagated)
   0.00    0.00 ^ input external delay
   0.00    0.00 ^ dout_ready_i (in)
   0.86    0.86 ^ input10/Z (gf180mcu_fd_sc_mcu9t5v0__clkbuf_2)
   0.36    1.22 v _09189_/ZN (gf180mcu_fd_sc_mcu9t5v0__nand2_2)
   0.89    2.11 ^ _09213_/ZN (gf180mcu_fd_sc_mcu9t5v0__nor4_4)
   0.34    2.45 v _09290_/ZN (gf180mcu_fd_sc_mcu9t5v0__oai31_4)
   0.76    3.22 v _09316_/Z (gf180mcu_fd_sc_mcu9t5v0__and4_4)
   0.42    3.64 ^ _09318_/ZN (gf180mcu_fd_sc_mcu9t5v0__nand2_4)
   0.41    4.05 v _09319_/ZN (gf180mcu_fd_sc_mcu9t5v0__nand2_4)
   0.22    4.27 ^ _09320_/ZN (gf180mcu_fd_sc_mcu9t5v0__clkinv_12)
   0.34    4.61 ^ fanout499/Z (gf180mcu_fd_sc_mcu9t5v0__buf_8)
   0.33    4.94 ^ max_cap102/Z (gf180mcu_fd_sc_mcu9t5v0__clkbuf_20)
   0.34    5.28 ^ fanout481/Z (gf180mcu_fd_sc_mcu9t5v0__buf_8)
   0.51    5.79 ^ max_cap1401/Z (gf180mcu_fd_sc_mcu9t5v0__buf_4)
   0.49    6.28 ^ load_slew100/Z (gf180mcu_fd_sc_mcu9t5v0__clkbuf_12)
   0.45    6.73 ^ fanout473/Z (gf180mcu_fd_sc_mcu9t5v0__buf_8)
   0.47    7.20 ^ fanout472/Z (gf180mcu_fd_sc_mcu9t5v0__buf_8)
   0.41    7.61 v _09364_/ZN (gf180mcu_fd_sc_mcu9t5v0__oai21_4)
   0.48    8.09 v max_cap96/Z (gf180mcu_fd_sc_mcu9t5v0__clkbuf_20)
   0.44    8.53 v fanout450/Z (gf180mcu_fd_sc_mcu9t5v0__buf_8)
   0.44    8.97 v fanout447/Z (gf180mcu_fd_sc_mcu9t5v0__buf_8)
   0.56    9.53 ^ _09388_/ZN (gf180mcu_fd_sc_mcu9t5v0__aoi21_4)
   0.54   10.07 v _09390_/ZN (gf180mcu_fd_sc_mcu9t5v0__oai221_2)
   0.84   10.90 v _09391_/Z (gf180mcu_fd_sc_mcu9t5v0__or2_2)
   0.83   11.74 ^ _09396_/ZN (gf180mcu_fd_sc_mcu9t5v0__oai31_4)
   0.37   12.11 v _09413_/ZN (gf180mcu_fd_sc_mcu9t5v0__aoi21_4)
   0.65   12.76 ^ _15594_/ZN (gf180mcu_fd_sc_mcu9t5v0__oai31_4)
   0.55   13.31 ^ wire89/Z (gf180mcu_fd_sc_mcu9t5v0__clkbuf_4)
   0.44   13.75 ^ fanout368/Z (gf180mcu_fd_sc_mcu9t5v0__buf_8)
   0.35   14.10 v _15681_/ZN (gf180mcu_fd_sc_mcu9t5v0__aoi21_4)
   0.51   14.61 v max_cap365/Z (gf180mcu_fd_sc_mcu9t5v0__clkbuf_8)
   0.95   15.55 ^ _15726_/ZN (gf180mcu_fd_sc_mcu9t5v0__oai32_4)
   0.51   16.07 v _16006_/ZN (gf180mcu_fd_sc_mcu9t5v0__oai211_2)
   0.99   17.06 ^ _16145_/ZN (gf180mcu_fd_sc_mcu9t5v0__aoi211_4)
   0.54   17.59 ^ wire53/Z (gf180mcu_fd_sc_mcu9t5v0__clkbuf_8)
   0.44   18.03 ^ fanout260/Z (gf180mcu_fd_sc_mcu9t5v0__buf_8)
   0.41   18.44 v _16146_/ZN (gf180mcu_fd_sc_mcu9t5v0__aoi21_4)
   0.50   18.93 v load_slew249/Z (gf180mcu_fd_sc_mcu9t5v0__clkbuf_8)
   0.47   19.41 v max_cap24/Z (gf180mcu_fd_sc_mcu9t5v0__buf_4)
   0.46   19.87 v fanout234/Z (gf180mcu_fd_sc_mcu9t5v0__buf_8)
   0.75   20.62 ^ _16178_/Z (gf180mcu_fd_sc_mcu9t5v0__mux2_1)
   0.00   20.62 ^ _17912_/D (gf180mcu_fd_sc_mcu9t5v0__dffq_1)
          20.62   data arrival time

  26.04   26.04   clock core_clk (rise edge)
   2.29   28.33   clock network delay (propagated)
   0.00   28.33   clock reconvergence pessimism
          28.33 ^ _17912_/CLK (gf180mcu_fd_sc_mcu9t5v0__dffq_1)
  -0.34   27.99   library setup time
          27.99   data required time
---------------------------------------------------------
          27.99   data required time
         -20.62   data arrival time
---------------------------------------------------------
           7.37   slack (MET)


Startpoint: dout_ready_i (input port clocked by core_clk)
Endpoint: _18101_ (rising edge-triggered flip-flop clocked by core_clk)
Path Group: core_clk
Path Type: max

  Delay    Time   Description
---------------------------------------------------------
   0.00    0.00   clock core_clk (rise edge)
   0.00    0.00   clock network delay (propagated)
   0.00    0.00 ^ input external delay
   0.00    0.00 ^ dout_ready_i (in)
   0.86    0.86 ^ input10/Z (gf180mcu_fd_sc_mcu9t5v0__clkbuf_2)
   0.36    1.22 v _09189_/ZN (gf180mcu_fd_sc_mcu9t5v0__nand2_2)
   0.89    2.11 ^ _09213_/ZN (gf180mcu_fd_sc_mcu9t5v0__nor4_4)
   0.34    2.45 v _09290_/ZN (gf180mcu_fd_sc_mcu9t5v0__oai31_4)
   0.76    3.22 v _09316_/Z (gf180mcu_fd_sc_mcu9t5v0__and4_4)
   0.42    3.64 ^ _09318_/ZN (gf180mcu_fd_sc_mcu9t5v0__nand2_4)
   0.41    4.05 v _09319_/ZN (gf180mcu_fd_sc_mcu9t5v0__nand2_4)
   0.22    4.27 ^ _09320_/ZN (gf180mcu_fd_sc_mcu9t5v0__clkinv_12)
   0.34    4.61 ^ fanout499/Z (gf180mcu_fd_sc_mcu9t5v0__buf_8)
   0.33    4.94 ^ max_cap102/Z (gf180mcu_fd_sc_mcu9t5v0__clkbuf_20)
   0.34    5.28 ^ fanout481/Z (gf180mcu_fd_sc_mcu9t5v0__buf_8)
   0.51    5.79 ^ max_cap1401/Z (gf180mcu_fd_sc_mcu9t5v0__buf_4)
   0.49    6.28 ^ load_slew100/Z (gf180mcu_fd_sc_mcu9t5v0__clkbuf_12)
   0.45    6.73 ^ fanout473/Z (gf180mcu_fd_sc_mcu9t5v0__buf_8)
   0.47    7.20 ^ fanout472/Z (gf180mcu_fd_sc_mcu9t5v0__buf_8)
   0.41    7.61 v _09364_/ZN (gf180mcu_fd_sc_mcu9t5v0__oai21_4)
   0.48    8.09 v max_cap96/Z (gf180mcu_fd_sc_mcu9t5v0__clkbuf_20)
   0.44    8.53 v fanout450/Z (gf180mcu_fd_sc_mcu9t5v0__buf_8)
   0.44    8.97 v fanout447/Z (gf180mcu_fd_sc_mcu9t5v0__buf_8)
   0.56    9.53 ^ _09388_/ZN (gf180mcu_fd_sc_mcu9t5v0__aoi21_4)
   0.54   10.07 v _09390_/ZN (gf180mcu_fd_sc_mcu9t5v0__oai221_2)
   0.84   10.90 v _09391_/Z (gf180mcu_fd_sc_mcu9t5v0__or2_2)
   0.83   11.74 ^ _09396_/ZN (gf180mcu_fd_sc_mcu9t5v0__oai31_4)
   0.37   12.11 v _09413_/ZN (gf180mcu_fd_sc_mcu9t5v0__aoi21_4)
   0.65   12.76 ^ _15594_/ZN (gf180mcu_fd_sc_mcu9t5v0__oai31_4)
   0.55   13.31 ^ wire89/Z (gf180mcu_fd_sc_mcu9t5v0__clkbuf_4)
   0.44   13.75 ^ fanout368/Z (gf180mcu_fd_sc_mcu9t5v0__buf_8)
   0.35   14.10 v _15681_/ZN (gf180mcu_fd_sc_mcu9t5v0__aoi21_4)
   0.51   14.61 v max_cap365/Z (gf180mcu_fd_sc_mcu9t5v0__clkbuf_8)
   0.95   15.55 ^ _15726_/ZN (gf180mcu_fd_sc_mcu9t5v0__oai32_4)
   0.51   16.07 v _16006_/ZN (gf180mcu_fd_sc_mcu9t5v0__oai211_2)
   0.99   17.06 ^ _16145_/ZN (gf180mcu_fd_sc_mcu9t5v0__aoi211_4)
   0.54   17.59 ^ wire53/Z (gf180mcu_fd_sc_mcu9t5v0__clkbuf_8)
   0.44   18.03 ^ fanout260/Z (gf180mcu_fd_sc_mcu9t5v0__buf_8)
   0.41   18.44 v _16146_/ZN (gf180mcu_fd_sc_mcu9t5v0__aoi21_4)
   0.50   18.93 v load_slew249/Z (gf180mcu_fd_sc_mcu9t5v0__clkbuf_8)
   0.47   19.41 v max_cap24/Z (gf180mcu_fd_sc_mcu9t5v0__buf_4)
   0.46   19.87 v fanout234/Z (gf180mcu_fd_sc_mcu9t5v0__buf_8)
   0.75   20.62 ^ _16598_/Z (gf180mcu_fd_sc_mcu9t5v0__mux2_1)
   0.00   20.62 ^ _18101_/D (gf180mcu_fd_sc_mcu9t5v0__dffq_1)
          20.62   data arrival time

  26.04   26.04   clock core_clk (rise edge)
   2.29   28.33   clock network delay (propagated)
   0.00   28.33   clock reconvergence pessimism
          28.33 ^ _18101_/CLK (gf180mcu_fd_sc_mcu9t5v0__dffq_1)
  -0.34   27.99   library setup time
          27.99   data required time
---------------------------------------------------------
          27.99   data required time
         -20.62   data arrival time
---------------------------------------------------------
           7.37   slack (MET)


Startpoint: dout_ready_i (input port clocked by core_clk)
Endpoint: _17911_ (rising edge-triggered flip-flop clocked by core_clk)
Path Group: core_clk
Path Type: max

  Delay    Time   Description
---------------------------------------------------------
   0.00    0.00   clock core_clk (rise edge)
   0.00    0.00   clock network delay (propagated)
   0.00    0.00 ^ input external delay
   0.00    0.00 ^ dout_ready_i (in)
   0.86    0.86 ^ input10/Z (gf180mcu_fd_sc_mcu9t5v0__clkbuf_2)
   0.36    1.22 v _09189_/ZN (gf180mcu_fd_sc_mcu9t5v0__nand2_2)
   0.89    2.11 ^ _09213_/ZN (gf180mcu_fd_sc_mcu9t5v0__nor4_4)
   0.34    2.45 v _09290_/ZN (gf180mcu_fd_sc_mcu9t5v0__oai31_4)
   0.76    3.22 v _09316_/Z (gf180mcu_fd_sc_mcu9t5v0__and4_4)
   0.42    3.64 ^ _09318_/ZN (gf180mcu_fd_sc_mcu9t5v0__nand2_4)
   0.41    4.05 v _09319_/ZN (gf180mcu_fd_sc_mcu9t5v0__nand2_4)
   0.22    4.27 ^ _09320_/ZN (gf180mcu_fd_sc_mcu9t5v0__clkinv_12)
   0.34    4.61 ^ fanout499/Z (gf180mcu_fd_sc_mcu9t5v0__buf_8)
   0.33    4.94 ^ max_cap102/Z (gf180mcu_fd_sc_mcu9t5v0__clkbuf_20)
   0.34    5.28 ^ fanout481/Z (gf180mcu_fd_sc_mcu9t5v0__buf_8)
   0.51    5.79 ^ max_cap1401/Z (gf180mcu_fd_sc_mcu9t5v0__buf_4)
   0.49    6.28 ^ load_slew100/Z (gf180mcu_fd_sc_mcu9t5v0__clkbuf_12)
   0.45    6.73 ^ fanout473/Z (gf180mcu_fd_sc_mcu9t5v0__buf_8)
   0.47    7.20 ^ fanout472/Z (gf180mcu_fd_sc_mcu9t5v0__buf_8)
   0.41    7.61 v _09364_/ZN (gf180mcu_fd_sc_mcu9t5v0__oai21_4)
   0.48    8.09 v max_cap96/Z (gf180mcu_fd_sc_mcu9t5v0__clkbuf_20)
   0.44    8.53 v fanout450/Z (gf180mcu_fd_sc_mcu9t5v0__buf_8)
   0.44    8.97 v fanout447/Z (gf180mcu_fd_sc_mcu9t5v0__buf_8)
   0.56    9.53 ^ _09388_/ZN (gf180mcu_fd_sc_mcu9t5v0__aoi21_4)
   0.54   10.07 v _09390_/ZN (gf180mcu_fd_sc_mcu9t5v0__oai221_2)
   0.84   10.90 v _09391_/Z (gf180mcu_fd_sc_mcu9t5v0__or2_2)
   0.83   11.74 ^ _09396_/ZN (gf180mcu_fd_sc_mcu9t5v0__oai31_4)
   0.37   12.11 v _09413_/ZN (gf180mcu_fd_sc_mcu9t5v0__aoi21_4)
   0.65   12.76 ^ _15594_/ZN (gf180mcu_fd_sc_mcu9t5v0__oai31_4)
   0.55   13.31 ^ wire89/Z (gf180mcu_fd_sc_mcu9t5v0__clkbuf_4)
   0.44   13.75 ^ fanout368/Z (gf180mcu_fd_sc_mcu9t5v0__buf_8)
   0.35   14.10 v _15681_/ZN (gf180mcu_fd_sc_mcu9t5v0__aoi21_4)
   0.51   14.61 v max_cap365/Z (gf180mcu_fd_sc_mcu9t5v0__clkbuf_8)
   0.95   15.55 ^ _15726_/ZN (gf180mcu_fd_sc_mcu9t5v0__oai32_4)
   0.51   16.07 v _16006_/ZN (gf180mcu_fd_sc_mcu9t5v0__oai211_2)
   0.99   17.06 ^ _16145_/ZN (gf180mcu_fd_sc_mcu9t5v0__aoi211_4)
   0.54   17.59 ^ wire53/Z (gf180mcu_fd_sc_mcu9t5v0__clkbuf_8)
   0.44   18.03 ^ fanout260/Z (gf180mcu_fd_sc_mcu9t5v0__buf_8)
   0.41   18.44 v _16146_/ZN (gf180mcu_fd_sc_mcu9t5v0__aoi21_4)
   0.50   18.93 v load_slew249/Z (gf180mcu_fd_sc_mcu9t5v0__clkbuf_8)
   0.47   19.41 v max_cap24/Z (gf180mcu_fd_sc_mcu9t5v0__buf_4)
   0.46   19.87 v fanout234/Z (gf180mcu_fd_sc_mcu9t5v0__buf_8)
   0.75   20.62 ^ _16176_/Z (gf180mcu_fd_sc_mcu9t5v0__mux2_1)
   0.00   20.62 ^ _17911_/D (gf180mcu_fd_sc_mcu9t5v0__dffq_1)
          20.62   data arrival time

  26.04   26.04   clock core_clk (rise edge)
   2.29   28.33   clock network delay (propagated)
   0.00   28.33   clock reconvergence pessimism
          28.33 ^ _17911_/CLK (gf180mcu_fd_sc_mcu9t5v0__dffq_1)
  -0.34   27.99   library setup time
          27.99   data required time
---------------------------------------------------------
          27.99   data required time
         -20.62   data arrival time
---------------------------------------------------------
           7.37   slack (MET)


Startpoint: dout_ready_i (input port clocked by core_clk)
Endpoint: _18103_ (rising edge-triggered flip-flop clocked by core_clk)
Path Group: core_clk
Path Type: max

  Delay    Time   Description
---------------------------------------------------------
   0.00    0.00   clock core_clk (rise edge)
   0.00    0.00   clock network delay (propagated)
   0.00    0.00 ^ input external delay
   0.00    0.00 ^ dout_ready_i (in)
   0.86    0.86 ^ input10/Z (gf180mcu_fd_sc_mcu9t5v0__clkbuf_2)
   0.36    1.22 v _09189_/ZN (gf180mcu_fd_sc_mcu9t5v0__nand2_2)
   0.89    2.11 ^ _09213_/ZN (gf180mcu_fd_sc_mcu9t5v0__nor4_4)
   0.34    2.45 v _09290_/ZN (gf180mcu_fd_sc_mcu9t5v0__oai31_4)
   0.76    3.22 v _09316_/Z (gf180mcu_fd_sc_mcu9t5v0__and4_4)
   0.42    3.64 ^ _09318_/ZN (gf180mcu_fd_sc_mcu9t5v0__nand2_4)
   0.41    4.05 v _09319_/ZN (gf180mcu_fd_sc_mcu9t5v0__nand2_4)
   0.22    4.27 ^ _09320_/ZN (gf180mcu_fd_sc_mcu9t5v0__clkinv_12)
   0.34    4.61 ^ fanout499/Z (gf180mcu_fd_sc_mcu9t5v0__buf_8)
   0.33    4.94 ^ max_cap102/Z (gf180mcu_fd_sc_mcu9t5v0__clkbuf_20)
   0.34    5.28 ^ fanout481/Z (gf180mcu_fd_sc_mcu9t5v0__buf_8)
   0.51    5.79 ^ max_cap1401/Z (gf180mcu_fd_sc_mcu9t5v0__buf_4)
   0.49    6.28 ^ load_slew100/Z (gf180mcu_fd_sc_mcu9t5v0__clkbuf_12)
   0.45    6.73 ^ fanout473/Z (gf180mcu_fd_sc_mcu9t5v0__buf_8)
   0.47    7.20 ^ fanout472/Z (gf180mcu_fd_sc_mcu9t5v0__buf_8)
   0.41    7.61 v _09364_/ZN (gf180mcu_fd_sc_mcu9t5v0__oai21_4)
   0.48    8.09 v max_cap96/Z (gf180mcu_fd_sc_mcu9t5v0__clkbuf_20)
   0.44    8.53 v fanout450/Z (gf180mcu_fd_sc_mcu9t5v0__buf_8)
   0.44    8.97 v fanout447/Z (gf180mcu_fd_sc_mcu9t5v0__buf_8)
   0.56    9.53 ^ _09388_/ZN (gf180mcu_fd_sc_mcu9t5v0__aoi21_4)
   0.54   10.07 v _09390_/ZN (gf180mcu_fd_sc_mcu9t5v0__oai221_2)
   0.84   10.90 v _09391_/Z (gf180mcu_fd_sc_mcu9t5v0__or2_2)
   0.83   11.74 ^ _09396_/ZN (gf180mcu_fd_sc_mcu9t5v0__oai31_4)
   0.37   12.11 v _09413_/ZN (gf180mcu_fd_sc_mcu9t5v0__aoi21_4)
   0.65   12.76 ^ _15594_/ZN (gf180mcu_fd_sc_mcu9t5v0__oai31_4)
   0.55   13.31 ^ wire89/Z (gf180mcu_fd_sc_mcu9t5v0__clkbuf_4)
   0.44   13.75 ^ fanout368/Z (gf180mcu_fd_sc_mcu9t5v0__buf_8)
   0.35   14.10 v _15681_/ZN (gf180mcu_fd_sc_mcu9t5v0__aoi21_4)
   0.51   14.61 v max_cap365/Z (gf180mcu_fd_sc_mcu9t5v0__clkbuf_8)
   0.95   15.55 ^ _15726_/ZN (gf180mcu_fd_sc_mcu9t5v0__oai32_4)
   0.51   16.07 v _16006_/ZN (gf180mcu_fd_sc_mcu9t5v0__oai211_2)
   0.99   17.06 ^ _16145_/ZN (gf180mcu_fd_sc_mcu9t5v0__aoi211_4)
   0.54   17.59 ^ wire53/Z (gf180mcu_fd_sc_mcu9t5v0__clkbuf_8)
   0.44   18.03 ^ fanout260/Z (gf180mcu_fd_sc_mcu9t5v0__buf_8)
   0.41   18.44 v _16146_/ZN (gf180mcu_fd_sc_mcu9t5v0__aoi21_4)
   0.50   18.93 v load_slew249/Z (gf180mcu_fd_sc_mcu9t5v0__clkbuf_8)
   0.47   19.41 v max_cap24/Z (gf180mcu_fd_sc_mcu9t5v0__buf_4)
   0.46   19.87 v fanout234/Z (gf180mcu_fd_sc_mcu9t5v0__buf_8)
   0.75   20.62 ^ _16602_/Z (gf180mcu_fd_sc_mcu9t5v0__mux2_1)
   0.00   20.62 ^ _18103_/D (gf180mcu_fd_sc_mcu9t5v0__dffq_1)
          20.62   data arrival time

  26.04   26.04   clock core_clk (rise edge)
   2.29   28.33   clock network delay (propagated)
   0.00   28.33   clock reconvergence pessimism
          28.33 ^ _18103_/CLK (gf180mcu_fd_sc_mcu9t5v0__dffq_1)
  -0.34   27.99   library setup time
          27.99   data required time
---------------------------------------------------------
          27.99   data required time
         -20.62   data arrival time
---------------------------------------------------------
           7.37   slack (MET)


Startpoint: dout_ready_i (input port clocked by core_clk)
Endpoint: _17910_ (rising edge-triggered flip-flop clocked by core_clk)
Path Group: core_clk
Path Type: max

  Delay    Time   Description
---------------------------------------------------------
   0.00    0.00   clock core_clk (rise edge)
   0.00    0.00   clock network delay (propagated)
   0.00    0.00 ^ input external delay
   0.00    0.00 ^ dout_ready_i (in)
   0.86    0.86 ^ input10/Z (gf180mcu_fd_sc_mcu9t5v0__clkbuf_2)
   0.36    1.22 v _09189_/ZN (gf180mcu_fd_sc_mcu9t5v0__nand2_2)
   0.89    2.11 ^ _09213_/ZN (gf180mcu_fd_sc_mcu9t5v0__nor4_4)
   0.34    2.45 v _09290_/ZN (gf180mcu_fd_sc_mcu9t5v0__oai31_4)
   0.76    3.22 v _09316_/Z (gf180mcu_fd_sc_mcu9t5v0__and4_4)
   0.42    3.64 ^ _09318_/ZN (gf180mcu_fd_sc_mcu9t5v0__nand2_4)
   0.41    4.05 v _09319_/ZN (gf180mcu_fd_sc_mcu9t5v0__nand2_4)
   0.22    4.27 ^ _09320_/ZN (gf180mcu_fd_sc_mcu9t5v0__clkinv_12)
   0.34    4.61 ^ fanout499/Z (gf180mcu_fd_sc_mcu9t5v0__buf_8)
   0.33    4.94 ^ max_cap102/Z (gf180mcu_fd_sc_mcu9t5v0__clkbuf_20)
   0.34    5.28 ^ fanout481/Z (gf180mcu_fd_sc_mcu9t5v0__buf_8)
   0.51    5.79 ^ max_cap1401/Z (gf180mcu_fd_sc_mcu9t5v0__buf_4)
   0.49    6.28 ^ load_slew100/Z (gf180mcu_fd_sc_mcu9t5v0__clkbuf_12)
   0.45    6.73 ^ fanout473/Z (gf180mcu_fd_sc_mcu9t5v0__buf_8)
   0.47    7.20 ^ fanout472/Z (gf180mcu_fd_sc_mcu9t5v0__buf_8)
   0.41    7.61 v _09364_/ZN (gf180mcu_fd_sc_mcu9t5v0__oai21_4)
   0.48    8.09 v max_cap96/Z (gf180mcu_fd_sc_mcu9t5v0__clkbuf_20)
   0.44    8.53 v fanout450/Z (gf180mcu_fd_sc_mcu9t5v0__buf_8)
   0.44    8.97 v fanout447/Z (gf180mcu_fd_sc_mcu9t5v0__buf_8)
   0.56    9.53 ^ _09388_/ZN (gf180mcu_fd_sc_mcu9t5v0__aoi21_4)
   0.54   10.07 v _09390_/ZN (gf180mcu_fd_sc_mcu9t5v0__oai221_2)
   0.84   10.90 v _09391_/Z (gf180mcu_fd_sc_mcu9t5v0__or2_2)
   0.83   11.74 ^ _09396_/ZN (gf180mcu_fd_sc_mcu9t5v0__oai31_4)
   0.37   12.11 v _09413_/ZN (gf180mcu_fd_sc_mcu9t5v0__aoi21_4)
   0.65   12.76 ^ _15594_/ZN (gf180mcu_fd_sc_mcu9t5v0__oai31_4)
   0.55   13.31 ^ wire89/Z (gf180mcu_fd_sc_mcu9t5v0__clkbuf_4)
   0.44   13.75 ^ fanout368/Z (gf180mcu_fd_sc_mcu9t5v0__buf_8)
   0.35   14.10 v _15681_/ZN (gf180mcu_fd_sc_mcu9t5v0__aoi21_4)
   0.51   14.61 v max_cap365/Z (gf180mcu_fd_sc_mcu9t5v0__clkbuf_8)
   0.95   15.55 ^ _15726_/ZN (gf180mcu_fd_sc_mcu9t5v0__oai32_4)
   0.51   16.07 v _16006_/ZN (gf180mcu_fd_sc_mcu9t5v0__oai211_2)
   0.99   17.06 ^ _16145_/ZN (gf180mcu_fd_sc_mcu9t5v0__aoi211_4)
   0.54   17.59 ^ wire53/Z (gf180mcu_fd_sc_mcu9t5v0__clkbuf_8)
   0.44   18.03 ^ fanout260/Z (gf180mcu_fd_sc_mcu9t5v0__buf_8)
   0.41   18.44 v _16146_/ZN (gf180mcu_fd_sc_mcu9t5v0__aoi21_4)
   0.50   18.93 v load_slew249/Z (gf180mcu_fd_sc_mcu9t5v0__clkbuf_8)
   0.47   19.41 v max_cap24/Z (gf180mcu_fd_sc_mcu9t5v0__buf_4)
   0.46   19.87 v fanout234/Z (gf180mcu_fd_sc_mcu9t5v0__buf_8)
   0.74   20.61 ^ _16174_/Z (gf180mcu_fd_sc_mcu9t5v0__mux2_1)
   0.00   20.61 ^ _17910_/D (gf180mcu_fd_sc_mcu9t5v0__dffq_1)
          20.61   data arrival time

  26.04   26.04   clock core_clk (rise edge)
   2.29   28.33   clock network delay (propagated)
   0.00   28.33   clock reconvergence pessimism
          28.33 ^ _17910_/CLK (gf180mcu_fd_sc_mcu9t5v0__dffq_1)
  -0.34   27.99   library setup time
          27.99   data required time
---------------------------------------------------------
          27.99   data required time
         -20.61   data arrival time
---------------------------------------------------------
           7.38   slack (MET)


Startpoint: dout_ready_i (input port clocked by core_clk)
Endpoint: _17901_ (rising edge-triggered flip-flop clocked by core_clk)
Path Group: core_clk
Path Type: max

  Delay    Time   Description
---------------------------------------------------------
   0.00    0.00   clock core_clk (rise edge)
   0.00    0.00   clock network delay (propagated)
   0.00    0.00 ^ input external delay
   0.00    0.00 ^ dout_ready_i (in)
   0.86    0.86 ^ input10/Z (gf180mcu_fd_sc_mcu9t5v0__clkbuf_2)
   0.36    1.22 v _09189_/ZN (gf180mcu_fd_sc_mcu9t5v0__nand2_2)
   0.89    2.11 ^ _09213_/ZN (gf180mcu_fd_sc_mcu9t5v0__nor4_4)
   0.34    2.45 v _09290_/ZN (gf180mcu_fd_sc_mcu9t5v0__oai31_4)
   0.76    3.22 v _09316_/Z (gf180mcu_fd_sc_mcu9t5v0__and4_4)
   0.42    3.64 ^ _09318_/ZN (gf180mcu_fd_sc_mcu9t5v0__nand2_4)
   0.41    4.05 v _09319_/ZN (gf180mcu_fd_sc_mcu9t5v0__nand2_4)
   0.22    4.27 ^ _09320_/ZN (gf180mcu_fd_sc_mcu9t5v0__clkinv_12)
   0.34    4.61 ^ fanout499/Z (gf180mcu_fd_sc_mcu9t5v0__buf_8)
   0.33    4.94 ^ max_cap102/Z (gf180mcu_fd_sc_mcu9t5v0__clkbuf_20)
   0.34    5.28 ^ fanout481/Z (gf180mcu_fd_sc_mcu9t5v0__buf_8)
   0.51    5.79 ^ max_cap1401/Z (gf180mcu_fd_sc_mcu9t5v0__buf_4)
   0.49    6.28 ^ load_slew100/Z (gf180mcu_fd_sc_mcu9t5v0__clkbuf_12)
   0.45    6.73 ^ fanout473/Z (gf180mcu_fd_sc_mcu9t5v0__buf_8)
   0.47    7.20 ^ fanout472/Z (gf180mcu_fd_sc_mcu9t5v0__buf_8)
   0.41    7.61 v _09364_/ZN (gf180mcu_fd_sc_mcu9t5v0__oai21_4)
   0.48    8.09 v max_cap96/Z (gf180mcu_fd_sc_mcu9t5v0__clkbuf_20)
   0.44    8.53 v fanout450/Z (gf180mcu_fd_sc_mcu9t5v0__buf_8)
   0.44    8.97 v fanout447/Z (gf180mcu_fd_sc_mcu9t5v0__buf_8)
   0.56    9.53 ^ _09388_/ZN (gf180mcu_fd_sc_mcu9t5v0__aoi21_4)
   0.54   10.07 v _09390_/ZN (gf180mcu_fd_sc_mcu9t5v0__oai221_2)
   0.84   10.90 v _09391_/Z (gf180mcu_fd_sc_mcu9t5v0__or2_2)
   0.83   11.74 ^ _09396_/ZN (gf180mcu_fd_sc_mcu9t5v0__oai31_4)
   0.37   12.11 v _09413_/ZN (gf180mcu_fd_sc_mcu9t5v0__aoi21_4)
   0.65   12.76 ^ _15594_/ZN (gf180mcu_fd_sc_mcu9t5v0__oai31_4)
   0.55   13.31 ^ wire89/Z (gf180mcu_fd_sc_mcu9t5v0__clkbuf_4)
   0.44   13.75 ^ fanout368/Z (gf180mcu_fd_sc_mcu9t5v0__buf_8)
   0.35   14.10 v _15681_/ZN (gf180mcu_fd_sc_mcu9t5v0__aoi21_4)
   0.51   14.61 v max_cap365/Z (gf180mcu_fd_sc_mcu9t5v0__clkbuf_8)
   0.95   15.55 ^ _15726_/ZN (gf180mcu_fd_sc_mcu9t5v0__oai32_4)
   0.51   16.07 v _16006_/ZN (gf180mcu_fd_sc_mcu9t5v0__oai211_2)
   0.99   17.06 ^ _16145_/ZN (gf180mcu_fd_sc_mcu9t5v0__aoi211_4)
   0.54   17.59 ^ wire53/Z (gf180mcu_fd_sc_mcu9t5v0__clkbuf_8)
   0.44   18.03 ^ fanout260/Z (gf180mcu_fd_sc_mcu9t5v0__buf_8)
   0.41   18.44 v _16146_/ZN (gf180mcu_fd_sc_mcu9t5v0__aoi21_4)
   0.57   19.01 v wire23/Z (gf180mcu_fd_sc_mcu9t5v0__buf_4)
   0.76   19.77 v fanout224/Z (gf180mcu_fd_sc_mcu9t5v0__buf_3)
   0.83   20.60 ^ _16156_/Z (gf180mcu_fd_sc_mcu9t5v0__mux2_1)
   0.00   20.60 ^ _17901_/D (gf180mcu_fd_sc_mcu9t5v0__dffq_1)
          20.60   data arrival time

  26.04   26.04   clock core_clk (rise edge)
   2.29   28.34   clock network delay (propagated)
   0.00   28.34   clock reconvergence pessimism
          28.34 ^ _17901_/CLK (gf180mcu_fd_sc_mcu9t5v0__dffq_1)
  -0.35   27.99   library setup time
          27.99   data required time
---------------------------------------------------------
          27.99   data required time
         -20.60   data arrival time
---------------------------------------------------------
           7.39   slack (MET)


