
===========================================================================
report_checks -path_delay min (Hold)
============================================================================
======================= nom_tt_025C_5v00 Corner ===================================

Startpoint: _220_ (rising edge-triggered flip-flop clocked by clk)
Endpoint: _221_ (rising edge-triggered flip-flop clocked by clk)
Path Group: clk
Path Type: min

Fanout         Cap        Slew       Delay        Time   Description
---------------------------------------------------------------------------------------------
                                  0.000000    0.000000   clock clk (rise edge)
                                  0.000000    0.000000   clock source latency
     1    0.024347    0.000000    0.000000    0.000000 ^ clk (in)
                                                         clk (net)
                      0.000306    0.000125    0.000125 ^ clkbuf_0_clk/I (gf180mcu_fd_sc_mcu7t5v0__clkbuf_16)
     2    0.046520    0.111902    0.224210    0.224335 ^ clkbuf_0_clk/Z (gf180mcu_fd_sc_mcu7t5v0__clkbuf_16)
                                                         clknet_0_clk (net)
                      0.111902    0.000140    0.224475 ^ clkbuf_1_0__f_clk/I (gf180mcu_fd_sc_mcu7t5v0__clkbuf_16)
     4    0.016737    0.085435    0.222957    0.447432 ^ clkbuf_1_0__f_clk/Z (gf180mcu_fd_sc_mcu7t5v0__clkbuf_16)
                                                         clknet_1_0__leaf_clk (net)
                      0.085435    0.000040    0.447472 ^ _220_/CLK (gf180mcu_fd_sc_mcu7t5v0__dffrnq_1)
     4    0.017568    0.228164    0.772673    1.220145 v _220_/Q (gf180mcu_fd_sc_mcu7t5v0__dffrnq_1)
                                                         byte_index[1] (net)
                      0.228164    0.000031    1.220177 v _215_/A1 (gf180mcu_fd_sc_mcu7t5v0__nand2_1)
     1    0.005217    0.174872    0.161158    1.381335 ^ _215_/ZN (gf180mcu_fd_sc_mcu7t5v0__nand2_1)
                                                         _103_ (net)
                      0.174872    0.000015    1.381349 ^ _216_/A2 (gf180mcu_fd_sc_mcu7t5v0__aoi211_1)
     1    0.003938    0.157396    0.135491    1.516840 v _216_/ZN (gf180mcu_fd_sc_mcu7t5v0__aoi211_1)
                                                         _005_ (net)
                      0.157396    0.000014    1.516854 v _221_/D (gf180mcu_fd_sc_mcu7t5v0__dffrnq_1)
                                              1.516854   data arrival time

                                  0.000000    0.000000   clock clk (rise edge)
                                  0.000000    0.000000   clock source latency
     1    0.024347    0.000000    0.000000    0.000000 ^ clk (in)
                                                         clk (net)
                      0.000306    0.000125    0.000125 ^ clkbuf_0_clk/I (gf180mcu_fd_sc_mcu7t5v0__clkbuf_16)
     2    0.046520    0.111902    0.224210    0.224335 ^ clkbuf_0_clk/Z (gf180mcu_fd_sc_mcu7t5v0__clkbuf_16)
                                                         clknet_0_clk (net)
                      0.111902    0.000130    0.224466 ^ clkbuf_1_1__f_clk/I (gf180mcu_fd_sc_mcu7t5v0__clkbuf_16)
     4    0.017557    0.086192    0.223635    0.448100 ^ clkbuf_1_1__f_clk/Z (gf180mcu_fd_sc_mcu7t5v0__clkbuf_16)
                                                         clknet_1_1__leaf_clk (net)
                      0.086192    0.000093    0.448194 ^ _221_/CLK (gf180mcu_fd_sc_mcu7t5v0__dffrnq_1)
                                  0.250000    0.698194   clock uncertainty
                                  0.000000    0.698194   clock reconvergence pessimism
                                  0.122012    0.820206   library hold time
                                              0.820206   data required time
---------------------------------------------------------------------------------------------
                                              0.820206   data required time
                                             -1.516854   data arrival time
---------------------------------------------------------------------------------------------
                                              0.696649   slack (MET)


Startpoint: _223_ (rising edge-triggered flip-flop clocked by clk)
Endpoint: _219_ (rising edge-triggered flip-flop clocked by clk)
Path Group: clk
Path Type: min

Fanout         Cap        Slew       Delay        Time   Description
---------------------------------------------------------------------------------------------
                                  0.000000    0.000000   clock clk (rise edge)
                                  0.000000    0.000000   clock source latency
     1    0.024347    0.000000    0.000000    0.000000 ^ clk (in)
                                                         clk (net)
                      0.000306    0.000125    0.000125 ^ clkbuf_0_clk/I (gf180mcu_fd_sc_mcu7t5v0__clkbuf_16)
     2    0.046520    0.111902    0.224210    0.224335 ^ clkbuf_0_clk/Z (gf180mcu_fd_sc_mcu7t5v0__clkbuf_16)
                                                         clknet_0_clk (net)
                      0.111902    0.000140    0.224475 ^ clkbuf_1_0__f_clk/I (gf180mcu_fd_sc_mcu7t5v0__clkbuf_16)
     4    0.016737    0.085435    0.222957    0.447432 ^ clkbuf_1_0__f_clk/Z (gf180mcu_fd_sc_mcu7t5v0__clkbuf_16)
                                                         clknet_1_0__leaf_clk (net)
                      0.085435    0.000023    0.447455 ^ _223_/CLK (gf180mcu_fd_sc_mcu7t5v0__dffrnq_1)
     7    0.032215    0.349564    0.863042    1.310497 v _223_/Q (gf180mcu_fd_sc_mcu7t5v0__dffrnq_1)
                                                         net124 (net)
                      0.349564    0.000127    1.310624 v _208_/A1 (gf180mcu_fd_sc_mcu7t5v0__nand2_1)
     1    0.005093    0.196079    0.191619    1.502243 ^ _208_/ZN (gf180mcu_fd_sc_mcu7t5v0__nand2_1)
                                                         _098_ (net)
                      0.196079    0.000007    1.502250 ^ _209_/A2 (gf180mcu_fd_sc_mcu7t5v0__aoi21_1)
     1    0.004872    0.140821    0.122007    1.624257 v _209_/ZN (gf180mcu_fd_sc_mcu7t5v0__aoi21_1)
                                                         _003_ (net)
                      0.140821    0.000031    1.624288 v _219_/D (gf180mcu_fd_sc_mcu7t5v0__dffrnq_1)
                                              1.624288   data arrival time

                                  0.000000    0.000000   clock clk (rise edge)
                                  0.000000    0.000000   clock source latency
     1    0.024347    0.000000    0.000000    0.000000 ^ clk (in)
                                                         clk (net)
                      0.000306    0.000125    0.000125 ^ clkbuf_0_clk/I (gf180mcu_fd_sc_mcu7t5v0__clkbuf_16)
     2    0.046520    0.111902    0.224210    0.224335 ^ clkbuf_0_clk/Z (gf180mcu_fd_sc_mcu7t5v0__clkbuf_16)
                                                         clknet_0_clk (net)
                      0.111902    0.000130    0.224466 ^ clkbuf_1_1__f_clk/I (gf180mcu_fd_sc_mcu7t5v0__clkbuf_16)
     4    0.017557    0.086192    0.223635    0.448100 ^ clkbuf_1_1__f_clk/Z (gf180mcu_fd_sc_mcu7t5v0__clkbuf_16)
                                                         clknet_1_1__leaf_clk (net)
                      0.086192    0.000092    0.448193 ^ _219_/CLK (gf180mcu_fd_sc_mcu7t5v0__dffrnq_1)
                                  0.250000    0.698193   clock uncertainty
                                  0.000000    0.698193   clock reconvergence pessimism
                                  0.125452    0.823645   library hold time
                                              0.823645   data required time
---------------------------------------------------------------------------------------------
                                              0.823645   data required time
                                             -1.624288   data arrival time
---------------------------------------------------------------------------------------------
                                              0.800643   slack (MET)


Startpoint: _223_ (rising edge-triggered flip-flop clocked by clk)
Endpoint: _220_ (rising edge-triggered flip-flop clocked by clk)
Path Group: clk
Path Type: min

Fanout         Cap        Slew       Delay        Time   Description
---------------------------------------------------------------------------------------------
                                  0.000000    0.000000   clock clk (rise edge)
                                  0.000000    0.000000   clock source latency
     1    0.024347    0.000000    0.000000    0.000000 ^ clk (in)
                                                         clk (net)
                      0.000306    0.000125    0.000125 ^ clkbuf_0_clk/I (gf180mcu_fd_sc_mcu7t5v0__clkbuf_16)
     2    0.046520    0.111902    0.224210    0.224335 ^ clkbuf_0_clk/Z (gf180mcu_fd_sc_mcu7t5v0__clkbuf_16)
                                                         clknet_0_clk (net)
                      0.111902    0.000140    0.224475 ^ clkbuf_1_0__f_clk/I (gf180mcu_fd_sc_mcu7t5v0__clkbuf_16)
     4    0.016737    0.085435    0.222957    0.447432 ^ clkbuf_1_0__f_clk/Z (gf180mcu_fd_sc_mcu7t5v0__clkbuf_16)
                                                         clknet_1_0__leaf_clk (net)
                      0.085435    0.000023    0.447455 ^ _223_/CLK (gf180mcu_fd_sc_mcu7t5v0__dffrnq_1)
     7    0.032215    0.349564    0.863042    1.310497 v _223_/Q (gf180mcu_fd_sc_mcu7t5v0__dffrnq_1)
                                                         net124 (net)
                      0.349564    0.000169    1.310666 v _211_/A1 (gf180mcu_fd_sc_mcu7t5v0__nand3_1)
     1    0.004751    0.224287    0.215553    1.526219 ^ _211_/ZN (gf180mcu_fd_sc_mcu7t5v0__nand3_1)
                                                         _100_ (net)
                      0.224287    0.000005    1.526224 ^ _212_/A2 (gf180mcu_fd_sc_mcu7t5v0__nand2_1)
     1    0.003729    0.130942    0.105698    1.631921 v _212_/ZN (gf180mcu_fd_sc_mcu7t5v0__nand2_1)
                                                         _004_ (net)
                      0.130942    0.000011    1.631932 v _220_/D (gf180mcu_fd_sc_mcu7t5v0__dffrnq_1)
                                              1.631932   data arrival time

                                  0.000000    0.000000   clock clk (rise edge)
                                  0.000000    0.000000   clock source latency
     1    0.024347    0.000000    0.000000    0.000000 ^ clk (in)
                                                         clk (net)
                      0.000306    0.000125    0.000125 ^ clkbuf_0_clk/I (gf180mcu_fd_sc_mcu7t5v0__clkbuf_16)
     2    0.046520    0.111902    0.224210    0.224335 ^ clkbuf_0_clk/Z (gf180mcu_fd_sc_mcu7t5v0__clkbuf_16)
                                                         clknet_0_clk (net)
                      0.111902    0.000140    0.224475 ^ clkbuf_1_0__f_clk/I (gf180mcu_fd_sc_mcu7t5v0__clkbuf_16)
     4    0.016737    0.085435    0.222957    0.447432 ^ clkbuf_1_0__f_clk/Z (gf180mcu_fd_sc_mcu7t5v0__clkbuf_16)
                                                         clknet_1_0__leaf_clk (net)
                      0.085435    0.000040    0.447472 ^ _220_/CLK (gf180mcu_fd_sc_mcu7t5v0__dffrnq_1)
                                  0.250000    0.697472   clock uncertainty
                                  0.000000    0.697472   clock reconvergence pessimism
                                  0.127323    0.824796   library hold time
                                              0.824796   data required time
---------------------------------------------------------------------------------------------
                                              0.824796   data required time
                                             -1.631932   data arrival time
---------------------------------------------------------------------------------------------
                                              0.807136   slack (MET)


Startpoint: _223_ (rising edge-triggered flip-flop clocked by clk)
Endpoint: _224_ (rising edge-triggered flip-flop clocked by clk)
Path Group: clk
Path Type: min

Fanout         Cap        Slew       Delay        Time   Description
---------------------------------------------------------------------------------------------
                                  0.000000    0.000000   clock clk (rise edge)
                                  0.000000    0.000000   clock source latency
     1    0.024347    0.000000    0.000000    0.000000 ^ clk (in)
                                                         clk (net)
                      0.000306    0.000125    0.000125 ^ clkbuf_0_clk/I (gf180mcu_fd_sc_mcu7t5v0__clkbuf_16)
     2    0.046520    0.111902    0.224210    0.224335 ^ clkbuf_0_clk/Z (gf180mcu_fd_sc_mcu7t5v0__clkbuf_16)
                                                         clknet_0_clk (net)
                      0.111902    0.000140    0.224475 ^ clkbuf_1_0__f_clk/I (gf180mcu_fd_sc_mcu7t5v0__clkbuf_16)
     4    0.016737    0.085435    0.222957    0.447432 ^ clkbuf_1_0__f_clk/Z (gf180mcu_fd_sc_mcu7t5v0__clkbuf_16)
                                                         clknet_1_0__leaf_clk (net)
                      0.085435    0.000023    0.447455 ^ _223_/CLK (gf180mcu_fd_sc_mcu7t5v0__dffrnq_1)
     7    0.032215    0.349564    0.863042    1.310497 v _223_/Q (gf180mcu_fd_sc_mcu7t5v0__dffrnq_1)
                                                         net124 (net)
                      0.349564    0.000215    1.310712 v _109_/I (gf180mcu_fd_sc_mcu7t5v0__clkinv_1)
     1    0.004916    0.179298    0.160943    1.471655 ^ _109_/ZN (gf180mcu_fd_sc_mcu7t5v0__clkinv_1)
                                                         _011_ (net)
                      0.179298    0.000008    1.471664 ^ _114_/A1 (gf180mcu_fd_sc_mcu7t5v0__nor2_1)
     4    0.015088    0.257527    0.204074    1.675738 v _114_/ZN (gf180mcu_fd_sc_mcu7t5v0__nor2_1)
                                                         _002_ (net)
                      0.257527    0.000037    1.675774 v _224_/D (gf180mcu_fd_sc_mcu7t5v0__dffrnq_1)
                                              1.675774   data arrival time

                                  0.000000    0.000000   clock clk (rise edge)
                                  0.000000    0.000000   clock source latency
     1    0.024347    0.000000    0.000000    0.000000 ^ clk (in)
                                                         clk (net)
                      0.000306    0.000125    0.000125 ^ clkbuf_0_clk/I (gf180mcu_fd_sc_mcu7t5v0__clkbuf_16)
     2    0.046520    0.111902    0.224210    0.224335 ^ clkbuf_0_clk/Z (gf180mcu_fd_sc_mcu7t5v0__clkbuf_16)
                                                         clknet_0_clk (net)
                      0.111902    0.000140    0.224475 ^ clkbuf_1_0__f_clk/I (gf180mcu_fd_sc_mcu7t5v0__clkbuf_16)
     4    0.016737    0.085435    0.222957    0.447432 ^ clkbuf_1_0__f_clk/Z (gf180mcu_fd_sc_mcu7t5v0__clkbuf_16)
                                                         clknet_1_0__leaf_clk (net)
                      0.085435    0.000025    0.447457 ^ _224_/CLK (gf180mcu_fd_sc_mcu7t5v0__dffrnq_1)
                                  0.250000    0.697457   clock uncertainty
                                  0.000000    0.697457   clock reconvergence pessimism
                                  0.100977    0.798434   library hold time
                                              0.798434   data required time
---------------------------------------------------------------------------------------------
                                              0.798434   data required time
                                             -1.675774   data arrival time
---------------------------------------------------------------------------------------------
                                              0.877340   slack (MET)


Startpoint: _223_ (rising edge-triggered flip-flop clocked by clk)
Endpoint: _222_ (rising edge-triggered flip-flop clocked by clk)
Path Group: clk
Path Type: min

Fanout         Cap        Slew       Delay        Time   Description
---------------------------------------------------------------------------------------------
                                  0.000000    0.000000   clock clk (rise edge)
                                  0.000000    0.000000   clock source latency
     1    0.024347    0.000000    0.000000    0.000000 ^ clk (in)
                                                         clk (net)
                      0.000306    0.000125    0.000125 ^ clkbuf_0_clk/I (gf180mcu_fd_sc_mcu7t5v0__clkbuf_16)
     2    0.046520    0.111902    0.224210    0.224335 ^ clkbuf_0_clk/Z (gf180mcu_fd_sc_mcu7t5v0__clkbuf_16)
                                                         clknet_0_clk (net)
                      0.111902    0.000140    0.224475 ^ clkbuf_1_0__f_clk/I (gf180mcu_fd_sc_mcu7t5v0__clkbuf_16)
     4    0.016737    0.085435    0.222957    0.447432 ^ clkbuf_1_0__f_clk/Z (gf180mcu_fd_sc_mcu7t5v0__clkbuf_16)
                                                         clknet_1_0__leaf_clk (net)
                      0.085435    0.000023    0.447455 ^ _223_/CLK (gf180mcu_fd_sc_mcu7t5v0__dffrnq_1)
     7    0.032215    0.349564    0.863042    1.310497 v _223_/Q (gf180mcu_fd_sc_mcu7t5v0__dffrnq_1)
                                                         net124 (net)
                      0.349564    0.000105    1.310602 v _213_/A1 (gf180mcu_fd_sc_mcu7t5v0__aoi21_1)
     2    0.009949    0.387682    0.337855    1.648458 ^ _213_/ZN (gf180mcu_fd_sc_mcu7t5v0__aoi21_1)
                                                         _101_ (net)
                      0.387682    0.000046    1.648504 ^ _218_/A1 (gf180mcu_fd_sc_mcu7t5v0__nor2_1)
     1    0.003792    0.163722    0.121118    1.769621 v _218_/ZN (gf180mcu_fd_sc_mcu7t5v0__nor2_1)
                                                         _006_ (net)
                      0.163722    0.000011    1.769632 v _222_/D (gf180mcu_fd_sc_mcu7t5v0__dffrnq_1)
                                              1.769632   data arrival time

                                  0.000000    0.000000   clock clk (rise edge)
                                  0.000000    0.000000   clock source latency
     1    0.024347    0.000000    0.000000    0.000000 ^ clk (in)
                                                         clk (net)
                      0.000306    0.000125    0.000125 ^ clkbuf_0_clk/I (gf180mcu_fd_sc_mcu7t5v0__clkbuf_16)
     2    0.046520    0.111902    0.224210    0.224335 ^ clkbuf_0_clk/Z (gf180mcu_fd_sc_mcu7t5v0__clkbuf_16)
                                                         clknet_0_clk (net)
                      0.111902    0.000130    0.224466 ^ clkbuf_1_1__f_clk/I (gf180mcu_fd_sc_mcu7t5v0__clkbuf_16)
     4    0.017557    0.086192    0.223635    0.448100 ^ clkbuf_1_1__f_clk/Z (gf180mcu_fd_sc_mcu7t5v0__clkbuf_16)
                                                         clknet_1_1__leaf_clk (net)
                      0.086192    0.000090    0.448190 ^ _222_/CLK (gf180mcu_fd_sc_mcu7t5v0__dffrnq_1)
                                  0.250000    0.698190   clock uncertainty
                                  0.000000    0.698190   clock reconvergence pessimism
                                  0.120693    0.818883   library hold time
                                              0.818883   data required time
---------------------------------------------------------------------------------------------
                                              0.818883   data required time
                                             -1.769632   data arrival time
---------------------------------------------------------------------------------------------
                                              0.950749   slack (MET)


Startpoint: _223_ (rising edge-triggered flip-flop clocked by clk)
Endpoint: _223_ (rising edge-triggered flip-flop clocked by clk)
Path Group: clk
Path Type: min

Fanout         Cap        Slew       Delay        Time   Description
---------------------------------------------------------------------------------------------
                                  0.000000    0.000000   clock clk (rise edge)
                                  0.000000    0.000000   clock source latency
     1    0.024347    0.000000    0.000000    0.000000 ^ clk (in)
                                                         clk (net)
                      0.000306    0.000125    0.000125 ^ clkbuf_0_clk/I (gf180mcu_fd_sc_mcu7t5v0__clkbuf_16)
     2    0.046520    0.111902    0.224210    0.224335 ^ clkbuf_0_clk/Z (gf180mcu_fd_sc_mcu7t5v0__clkbuf_16)
                                                         clknet_0_clk (net)
                      0.111902    0.000140    0.224475 ^ clkbuf_1_0__f_clk/I (gf180mcu_fd_sc_mcu7t5v0__clkbuf_16)
     4    0.016737    0.085435    0.222957    0.447432 ^ clkbuf_1_0__f_clk/Z (gf180mcu_fd_sc_mcu7t5v0__clkbuf_16)
                                                         clknet_1_0__leaf_clk (net)
                      0.085435    0.000023    0.447455 ^ _223_/CLK (gf180mcu_fd_sc_mcu7t5v0__dffrnq_1)
     7    0.032215    0.349564    0.863042    1.310497 v _223_/Q (gf180mcu_fd_sc_mcu7t5v0__dffrnq_1)
                                                         net124 (net)
                      0.349564    0.000225    1.310722 v _115_/B (gf180mcu_fd_sc_mcu7t5v0__aoi21_1)
     5    0.024391    0.690109    0.487146    1.797868 ^ _115_/ZN (gf180mcu_fd_sc_mcu7t5v0__aoi21_1)
                                                         _016_ (net)
                      0.690109    0.000111    1.797979 ^ _116_/A2 (gf180mcu_fd_sc_mcu7t5v0__nor2_1)
     1    0.003368    0.195446    0.162082    1.960061 v _116_/ZN (gf180mcu_fd_sc_mcu7t5v0__nor2_1)
                                                         _000_ (net)
                      0.195446    0.000005    1.960065 v _223_/D (gf180mcu_fd_sc_mcu7t5v0__dffrnq_1)
                                              1.960065   data arrival time

                                  0.000000    0.000000   clock clk (rise edge)
                                  0.000000    0.000000   clock source latency
     1    0.024347    0.000000    0.000000    0.000000 ^ clk (in)
                                                         clk (net)
                      0.000306    0.000125    0.000125 ^ clkbuf_0_clk/I (gf180mcu_fd_sc_mcu7t5v0__clkbuf_16)
     2    0.046520    0.111902    0.224210    0.224335 ^ clkbuf_0_clk/Z (gf180mcu_fd_sc_mcu7t5v0__clkbuf_16)
                                                         clknet_0_clk (net)
                      0.111902    0.000140    0.224475 ^ clkbuf_1_0__f_clk/I (gf180mcu_fd_sc_mcu7t5v0__clkbuf_16)
     4    0.016737    0.085435    0.222957    0.447432 ^ clkbuf_1_0__f_clk/Z (gf180mcu_fd_sc_mcu7t5v0__clkbuf_16)
                                                         clknet_1_0__leaf_clk (net)
                      0.085435    0.000023    0.447455 ^ _223_/CLK (gf180mcu_fd_sc_mcu7t5v0__dffrnq_1)
                                  0.250000    0.697455   clock uncertainty
                                  0.000000    0.697455   clock reconvergence pessimism
                                  0.113934    0.811389   library hold time
                                              0.811389   data required time
---------------------------------------------------------------------------------------------
                                              0.811389   data required time
                                             -1.960065   data arrival time
---------------------------------------------------------------------------------------------
                                              1.148676   slack (MET)


Startpoint: _223_ (rising edge-triggered flip-flop clocked by clk)
Endpoint: _225_ (rising edge-triggered flip-flop clocked by clk)
Path Group: clk
Path Type: min

Fanout         Cap        Slew       Delay        Time   Description
---------------------------------------------------------------------------------------------
                                  0.000000    0.000000   clock clk (rise edge)
                                  0.000000    0.000000   clock source latency
     1    0.024347    0.000000    0.000000    0.000000 ^ clk (in)
                                                         clk (net)
                      0.000306    0.000125    0.000125 ^ clkbuf_0_clk/I (gf180mcu_fd_sc_mcu7t5v0__clkbuf_16)
     2    0.046520    0.111902    0.224210    0.224335 ^ clkbuf_0_clk/Z (gf180mcu_fd_sc_mcu7t5v0__clkbuf_16)
                                                         clknet_0_clk (net)
                      0.111902    0.000140    0.224475 ^ clkbuf_1_0__f_clk/I (gf180mcu_fd_sc_mcu7t5v0__clkbuf_16)
     4    0.016737    0.085435    0.222957    0.447432 ^ clkbuf_1_0__f_clk/Z (gf180mcu_fd_sc_mcu7t5v0__clkbuf_16)
                                                         clknet_1_0__leaf_clk (net)
                      0.085435    0.000023    0.447455 ^ _223_/CLK (gf180mcu_fd_sc_mcu7t5v0__dffrnq_1)
     7    0.032215    0.349564    0.863042    1.310497 v _223_/Q (gf180mcu_fd_sc_mcu7t5v0__dffrnq_1)
                                                         net124 (net)
                      0.349564    0.000215    1.310712 v _109_/I (gf180mcu_fd_sc_mcu7t5v0__clkinv_1)
     1    0.004916    0.179298    0.160943    1.471655 ^ _109_/ZN (gf180mcu_fd_sc_mcu7t5v0__clkinv_1)
                                                         _011_ (net)
                      0.179298    0.000008    1.471664 ^ _114_/A1 (gf180mcu_fd_sc_mcu7t5v0__nor2_1)
     4    0.015088    0.257527    0.204074    1.675738 v _114_/ZN (gf180mcu_fd_sc_mcu7t5v0__nor2_1)
                                                         _002_ (net)
                      0.257527    0.000028    1.675766 v _118_/A2 (gf180mcu_fd_sc_mcu7t5v0__and2_1)
     1    0.004510    0.112149    0.304688    1.980454 v _118_/Z (gf180mcu_fd_sc_mcu7t5v0__and2_1)
                                                         _001_ (net)
                      0.112149    0.000024    1.980478 v _225_/D (gf180mcu_fd_sc_mcu7t5v0__dffrnq_1)
                                              1.980478   data arrival time

                                  0.000000    0.000000   clock clk (rise edge)
                                  0.000000    0.000000   clock source latency
     1    0.024347    0.000000    0.000000    0.000000 ^ clk (in)
                                                         clk (net)
                      0.000306    0.000125    0.000125 ^ clkbuf_0_clk/I (gf180mcu_fd_sc_mcu7t5v0__clkbuf_16)
     2    0.046520    0.111902    0.224210    0.224335 ^ clkbuf_0_clk/Z (gf180mcu_fd_sc_mcu7t5v0__clkbuf_16)
                                                         clknet_0_clk (net)
                      0.111902    0.000140    0.224475 ^ clkbuf_1_0__f_clk/I (gf180mcu_fd_sc_mcu7t5v0__clkbuf_16)
     4    0.016737    0.085435    0.222957    0.447432 ^ clkbuf_1_0__f_clk/Z (gf180mcu_fd_sc_mcu7t5v0__clkbuf_16)
                                                         clknet_1_0__leaf_clk (net)
                      0.085435    0.000023    0.447456 ^ _225_/CLK (gf180mcu_fd_sc_mcu7t5v0__dffrnq_1)
                                  0.250000    0.697456   clock uncertainty
                                  0.000000    0.697456   clock reconvergence pessimism
                                  0.131138    0.828594   library hold time
                                              0.828594   data required time
---------------------------------------------------------------------------------------------
                                              0.828594   data required time
                                             -1.980478   data arrival time
---------------------------------------------------------------------------------------------
                                              1.151884   slack (MET)


Startpoint: rst_n (input port clocked by clk)
Endpoint: _219_ (removal check against rising-edge clock clk)
Path Group: asynchronous
Path Type: min

Fanout         Cap        Slew       Delay        Time   Description
---------------------------------------------------------------------------------------------
                                  0.000000    0.000000   clock clk (rise edge)
                                  0.000000    0.000000   clock network delay (propagated)
                                  3.200000    3.200000 ^ input external delay
     1    0.003609    0.050141    0.009535    3.209535 ^ rst_n (in)
                                                         rst_n (net)
                      0.050141    0.000000    3.209535 ^ input123/I (gf180mcu_fd_sc_mcu7t5v0__dlyb_1)
     7    0.056860    0.995536    1.350989    4.560524 ^ input123/Z (gf180mcu_fd_sc_mcu7t5v0__dlyb_1)
                                                         net123 (net)
                      0.995536    0.000045    4.560569 ^ _219_/RN (gf180mcu_fd_sc_mcu7t5v0__dffrnq_1)
                                              4.560569   data arrival time

                                  0.000000    0.000000   clock clk (rise edge)
                                  0.000000    0.000000   clock source latency
     1    0.024347    0.000000    0.000000    0.000000 ^ clk (in)
                                                         clk (net)
                      0.000306    0.000125    0.000125 ^ clkbuf_0_clk/I (gf180mcu_fd_sc_mcu7t5v0__clkbuf_16)
     2    0.046520    0.111902    0.224210    0.224335 ^ clkbuf_0_clk/Z (gf180mcu_fd_sc_mcu7t5v0__clkbuf_16)
                                                         clknet_0_clk (net)
                      0.111902    0.000130    0.224466 ^ clkbuf_1_1__f_clk/I (gf180mcu_fd_sc_mcu7t5v0__clkbuf_16)
     4    0.017557    0.086192    0.223635    0.448100 ^ clkbuf_1_1__f_clk/Z (gf180mcu_fd_sc_mcu7t5v0__clkbuf_16)
                                                         clknet_1_1__leaf_clk (net)
                      0.086192    0.000092    0.448193 ^ _219_/CLK (gf180mcu_fd_sc_mcu7t5v0__dffrnq_1)
                                  0.250000    0.698193   clock uncertainty
                                  0.000000    0.698193   clock reconvergence pessimism
                                  0.406728    1.104921   library removal time
                                              1.104921   data required time
---------------------------------------------------------------------------------------------
                                              1.104921   data required time
                                             -4.560569   data arrival time
---------------------------------------------------------------------------------------------
                                              3.455649   slack (MET)


Startpoint: rst_n (input port clocked by clk)
Endpoint: _222_ (removal check against rising-edge clock clk)
Path Group: asynchronous
Path Type: min

Fanout         Cap        Slew       Delay        Time   Description
---------------------------------------------------------------------------------------------
                                  0.000000    0.000000   clock clk (rise edge)
                                  0.000000    0.000000   clock network delay (propagated)
                                  3.200000    3.200000 ^ input external delay
     1    0.003609    0.050141    0.009535    3.209535 ^ rst_n (in)
                                                         rst_n (net)
                      0.050141    0.000000    3.209535 ^ input123/I (gf180mcu_fd_sc_mcu7t5v0__dlyb_1)
     7    0.056860    0.995536    1.350989    4.560524 ^ input123/Z (gf180mcu_fd_sc_mcu7t5v0__dlyb_1)
                                                         net123 (net)
                      0.995536    0.000145    4.560669 ^ _222_/RN (gf180mcu_fd_sc_mcu7t5v0__dffrnq_1)
                                              4.560669   data arrival time

                                  0.000000    0.000000   clock clk (rise edge)
                                  0.000000    0.000000   clock source latency
     1    0.024347    0.000000    0.000000    0.000000 ^ clk (in)
                                                         clk (net)
                      0.000306    0.000125    0.000125 ^ clkbuf_0_clk/I (gf180mcu_fd_sc_mcu7t5v0__clkbuf_16)
     2    0.046520    0.111902    0.224210    0.224335 ^ clkbuf_0_clk/Z (gf180mcu_fd_sc_mcu7t5v0__clkbuf_16)
                                                         clknet_0_clk (net)
                      0.111902    0.000130    0.224466 ^ clkbuf_1_1__f_clk/I (gf180mcu_fd_sc_mcu7t5v0__clkbuf_16)
     4    0.017557    0.086192    0.223635    0.448100 ^ clkbuf_1_1__f_clk/Z (gf180mcu_fd_sc_mcu7t5v0__clkbuf_16)
                                                         clknet_1_1__leaf_clk (net)
                      0.086192    0.000090    0.448190 ^ _222_/CLK (gf180mcu_fd_sc_mcu7t5v0__dffrnq_1)
                                  0.250000    0.698190   clock uncertainty
                                  0.000000    0.698190   clock reconvergence pessimism
                                  0.406728    1.104919   library removal time
                                              1.104919   data required time
---------------------------------------------------------------------------------------------
                                              1.104919   data required time
                                             -4.560669   data arrival time
---------------------------------------------------------------------------------------------
                                              3.455751   slack (MET)


Startpoint: rst_n (input port clocked by clk)
Endpoint: _221_ (removal check against rising-edge clock clk)
Path Group: asynchronous
Path Type: min

Fanout         Cap        Slew       Delay        Time   Description
---------------------------------------------------------------------------------------------
                                  0.000000    0.000000   clock clk (rise edge)
                                  0.000000    0.000000   clock network delay (propagated)
                                  3.200000    3.200000 ^ input external delay
     1    0.003609    0.050141    0.009535    3.209535 ^ rst_n (in)
                                                         rst_n (net)
                      0.050141    0.000000    3.209535 ^ input123/I (gf180mcu_fd_sc_mcu7t5v0__dlyb_1)
     7    0.056860    0.995536    1.350989    4.560524 ^ input123/Z (gf180mcu_fd_sc_mcu7t5v0__dlyb_1)
                                                         net123 (net)
                      0.995536    0.000157    4.560681 ^ _221_/RN (gf180mcu_fd_sc_mcu7t5v0__dffrnq_1)
                                              4.560681   data arrival time

                                  0.000000    0.000000   clock clk (rise edge)
                                  0.000000    0.000000   clock source latency
     1    0.024347    0.000000    0.000000    0.000000 ^ clk (in)
                                                         clk (net)
                      0.000306    0.000125    0.000125 ^ clkbuf_0_clk/I (gf180mcu_fd_sc_mcu7t5v0__clkbuf_16)
     2    0.046520    0.111902    0.224210    0.224335 ^ clkbuf_0_clk/Z (gf180mcu_fd_sc_mcu7t5v0__clkbuf_16)
                                                         clknet_0_clk (net)
                      0.111902    0.000130    0.224466 ^ clkbuf_1_1__f_clk/I (gf180mcu_fd_sc_mcu7t5v0__clkbuf_16)
     4    0.017557    0.086192    0.223635    0.448100 ^ clkbuf_1_1__f_clk/Z (gf180mcu_fd_sc_mcu7t5v0__clkbuf_16)
                                                         clknet_1_1__leaf_clk (net)
                      0.086192    0.000093    0.448194 ^ _221_/CLK (gf180mcu_fd_sc_mcu7t5v0__dffrnq_1)
                                  0.250000    0.698194   clock uncertainty
                                  0.000000    0.698194   clock reconvergence pessimism
                                  0.406728    1.104922   library removal time
                                              1.104922   data required time
---------------------------------------------------------------------------------------------
                                              1.104922   data required time
                                             -4.560681   data arrival time
---------------------------------------------------------------------------------------------
                                              3.455760   slack (MET)


Startpoint: rst_n (input port clocked by clk)
Endpoint: _224_ (removal check against rising-edge clock clk)
Path Group: asynchronous
Path Type: min

Fanout         Cap        Slew       Delay        Time   Description
---------------------------------------------------------------------------------------------
                                  0.000000    0.000000   clock clk (rise edge)
                                  0.000000    0.000000   clock network delay (propagated)
                                  3.200000    3.200000 ^ input external delay
     1    0.003609    0.050141    0.009535    3.209535 ^ rst_n (in)
                                                         rst_n (net)
                      0.050141    0.000000    3.209535 ^ input123/I (gf180mcu_fd_sc_mcu7t5v0__dlyb_1)
     7    0.056860    0.995536    1.350989    4.560524 ^ input123/Z (gf180mcu_fd_sc_mcu7t5v0__dlyb_1)
                                                         net123 (net)
                      0.995536    0.000152    4.560677 ^ _224_/RN (gf180mcu_fd_sc_mcu7t5v0__dffrnq_1)
                                              4.560677   data arrival time

                                  0.000000    0.000000   clock clk (rise edge)
                                  0.000000    0.000000   clock source latency
     1    0.024347    0.000000    0.000000    0.000000 ^ clk (in)
                                                         clk (net)
                      0.000306    0.000125    0.000125 ^ clkbuf_0_clk/I (gf180mcu_fd_sc_mcu7t5v0__clkbuf_16)
     2    0.046520    0.111902    0.224210    0.224335 ^ clkbuf_0_clk/Z (gf180mcu_fd_sc_mcu7t5v0__clkbuf_16)
                                                         clknet_0_clk (net)
                      0.111902    0.000140    0.224475 ^ clkbuf_1_0__f_clk/I (gf180mcu_fd_sc_mcu7t5v0__clkbuf_16)
     4    0.016737    0.085435    0.222957    0.447432 ^ clkbuf_1_0__f_clk/Z (gf180mcu_fd_sc_mcu7t5v0__clkbuf_16)
                                                         clknet_1_0__leaf_clk (net)
                      0.085435    0.000025    0.447457 ^ _224_/CLK (gf180mcu_fd_sc_mcu7t5v0__dffrnq_1)
                                  0.250000    0.697457   clock uncertainty
                                  0.000000    0.697457   clock reconvergence pessimism
                                  0.406574    1.104031   library removal time
                                              1.104031   data required time
---------------------------------------------------------------------------------------------
                                              1.104031   data required time
                                             -4.560677   data arrival time
---------------------------------------------------------------------------------------------
                                              3.456645   slack (MET)


Startpoint: rst_n (input port clocked by clk)
Endpoint: _223_ (removal check against rising-edge clock clk)
Path Group: asynchronous
Path Type: min

Fanout         Cap        Slew       Delay        Time   Description
---------------------------------------------------------------------------------------------
                                  0.000000    0.000000   clock clk (rise edge)
                                  0.000000    0.000000   clock network delay (propagated)
                                  3.200000    3.200000 ^ input external delay
     1    0.003609    0.050141    0.009535    3.209535 ^ rst_n (in)
                                                         rst_n (net)
                      0.050141    0.000000    3.209535 ^ input123/I (gf180mcu_fd_sc_mcu7t5v0__dlyb_1)
     7    0.056860    0.995536    1.350989    4.560524 ^ input123/Z (gf180mcu_fd_sc_mcu7t5v0__dlyb_1)
                                                         net123 (net)
                      0.995536    0.000252    4.560776 ^ _223_/RN (gf180mcu_fd_sc_mcu7t5v0__dffrnq_1)
                                              4.560776   data arrival time

                                  0.000000    0.000000   clock clk (rise edge)
                                  0.000000    0.000000   clock source latency
     1    0.024347    0.000000    0.000000    0.000000 ^ clk (in)
                                                         clk (net)
                      0.000306    0.000125    0.000125 ^ clkbuf_0_clk/I (gf180mcu_fd_sc_mcu7t5v0__clkbuf_16)
     2    0.046520    0.111902    0.224210    0.224335 ^ clkbuf_0_clk/Z (gf180mcu_fd_sc_mcu7t5v0__clkbuf_16)
                                                         clknet_0_clk (net)
                      0.111902    0.000140    0.224475 ^ clkbuf_1_0__f_clk/I (gf180mcu_fd_sc_mcu7t5v0__clkbuf_16)
     4    0.016737    0.085435    0.222957    0.447432 ^ clkbuf_1_0__f_clk/Z (gf180mcu_fd_sc_mcu7t5v0__clkbuf_16)
                                                         clknet_1_0__leaf_clk (net)
                      0.085435    0.000023    0.447455 ^ _223_/CLK (gf180mcu_fd_sc_mcu7t5v0__dffrnq_1)
                                  0.250000    0.697455   clock uncertainty
                                  0.000000    0.697455   clock reconvergence pessimism
                                  0.406574    1.104029   library removal time
                                              1.104029   data required time
---------------------------------------------------------------------------------------------
                                              1.104029   data required time
                                             -4.560776   data arrival time
---------------------------------------------------------------------------------------------
                                              3.456747   slack (MET)


Startpoint: rst_n (input port clocked by clk)
Endpoint: _220_ (removal check against rising-edge clock clk)
Path Group: asynchronous
Path Type: min

Fanout         Cap        Slew       Delay        Time   Description
---------------------------------------------------------------------------------------------
                                  0.000000    0.000000   clock clk (rise edge)
                                  0.000000    0.000000   clock network delay (propagated)
                                  3.200000    3.200000 ^ input external delay
     1    0.003609    0.050141    0.009535    3.209535 ^ rst_n (in)
                                                         rst_n (net)
                      0.050141    0.000000    3.209535 ^ input123/I (gf180mcu_fd_sc_mcu7t5v0__dlyb_1)
     7    0.056860    0.995536    1.350989    4.560524 ^ input123/Z (gf180mcu_fd_sc_mcu7t5v0__dlyb_1)
                                                         net123 (net)
                      0.995536    0.000278    4.560802 ^ _220_/RN (gf180mcu_fd_sc_mcu7t5v0__dffrnq_1)
                                              4.560802   data arrival time

                                  0.000000    0.000000   clock clk (rise edge)
                                  0.000000    0.000000   clock source latency
     1    0.024347    0.000000    0.000000    0.000000 ^ clk (in)
                                                         clk (net)
                      0.000306    0.000125    0.000125 ^ clkbuf_0_clk/I (gf180mcu_fd_sc_mcu7t5v0__clkbuf_16)
     2    0.046520    0.111902    0.224210    0.224335 ^ clkbuf_0_clk/Z (gf180mcu_fd_sc_mcu7t5v0__clkbuf_16)
                                                         clknet_0_clk (net)
                      0.111902    0.000140    0.224475 ^ clkbuf_1_0__f_clk/I (gf180mcu_fd_sc_mcu7t5v0__clkbuf_16)
     4    0.016737    0.085435    0.222957    0.447432 ^ clkbuf_1_0__f_clk/Z (gf180mcu_fd_sc_mcu7t5v0__clkbuf_16)
                                                         clknet_1_0__leaf_clk (net)
                      0.085435    0.000040    0.447472 ^ _220_/CLK (gf180mcu_fd_sc_mcu7t5v0__dffrnq_1)
                                  0.250000    0.697472   clock uncertainty
                                  0.000000    0.697472   clock reconvergence pessimism
                                  0.406574    1.104046   library removal time
                                              1.104046   data required time
---------------------------------------------------------------------------------------------
                                              1.104046   data required time
                                             -4.560802   data arrival time
---------------------------------------------------------------------------------------------
                                              3.456757   slack (MET)


Startpoint: rst_n (input port clocked by clk)
Endpoint: _225_ (removal check against rising-edge clock clk)
Path Group: asynchronous
Path Type: min

Fanout         Cap        Slew       Delay        Time   Description
---------------------------------------------------------------------------------------------
                                  0.000000    0.000000   clock clk (rise edge)
                                  0.000000    0.000000   clock network delay (propagated)
                                  3.200000    3.200000 ^ input external delay
     1    0.003609    0.050141    0.009535    3.209535 ^ rst_n (in)
                                                         rst_n (net)
                      0.050141    0.000000    3.209535 ^ input123/I (gf180mcu_fd_sc_mcu7t5v0__dlyb_1)
     7    0.056860    0.995536    1.350989    4.560524 ^ input123/Z (gf180mcu_fd_sc_mcu7t5v0__dlyb_1)
                                                         net123 (net)
                      0.995536    0.000273    4.560797 ^ _225_/RN (gf180mcu_fd_sc_mcu7t5v0__dffrnq_1)
                                              4.560797   data arrival time

                                  0.000000    0.000000   clock clk (rise edge)
                                  0.000000    0.000000   clock source latency
     1    0.024347    0.000000    0.000000    0.000000 ^ clk (in)
                                                         clk (net)
                      0.000306    0.000125    0.000125 ^ clkbuf_0_clk/I (gf180mcu_fd_sc_mcu7t5v0__clkbuf_16)
     2    0.046520    0.111902    0.224210    0.224335 ^ clkbuf_0_clk/Z (gf180mcu_fd_sc_mcu7t5v0__clkbuf_16)
                                                         clknet_0_clk (net)
                      0.111902    0.000140    0.224475 ^ clkbuf_1_0__f_clk/I (gf180mcu_fd_sc_mcu7t5v0__clkbuf_16)
     4    0.016737    0.085435    0.222957    0.447432 ^ clkbuf_1_0__f_clk/Z (gf180mcu_fd_sc_mcu7t5v0__clkbuf_16)
                                                         clknet_1_0__leaf_clk (net)
                      0.085435    0.000023    0.447456 ^ _225_/CLK (gf180mcu_fd_sc_mcu7t5v0__dffrnq_1)
                                  0.250000    0.697456   clock uncertainty
                                  0.000000    0.697456   clock reconvergence pessimism
                                  0.406574    1.104029   library removal time
                                              1.104029   data required time
---------------------------------------------------------------------------------------------
                                              1.104029   data required time
                                             -4.560797   data arrival time
---------------------------------------------------------------------------------------------
                                              3.456768   slack (MET)


Startpoint: _224_ (rising edge-triggered flip-flop clocked by clk)
Endpoint: transaction_done_o (output port clocked by clk)
Path Group: clk
Path Type: min

Fanout         Cap        Slew       Delay        Time   Description
---------------------------------------------------------------------------------------------
                                  0.000000    0.000000   clock clk (rise edge)
                                  0.000000    0.000000   clock source latency
     1    0.024347    0.000000    0.000000    0.000000 ^ clk (in)
                                                         clk (net)
                      0.000306    0.000125    0.000125 ^ clkbuf_0_clk/I (gf180mcu_fd_sc_mcu7t5v0__clkbuf_16)
     2    0.046520    0.111902    0.224210    0.224335 ^ clkbuf_0_clk/Z (gf180mcu_fd_sc_mcu7t5v0__clkbuf_16)
                                                         clknet_0_clk (net)
                      0.111902    0.000140    0.224475 ^ clkbuf_1_0__f_clk/I (gf180mcu_fd_sc_mcu7t5v0__clkbuf_16)
     4    0.016737    0.085435    0.222957    0.447432 ^ clkbuf_1_0__f_clk/Z (gf180mcu_fd_sc_mcu7t5v0__clkbuf_16)
                                                         clknet_1_0__leaf_clk (net)
                      0.085435    0.000025    0.447457 ^ _224_/CLK (gf180mcu_fd_sc_mcu7t5v0__dffrnq_1)
     1    0.006086    0.123589    0.692136    1.139593 v _224_/Q (gf180mcu_fd_sc_mcu7t5v0__dffrnq_1)
                                                         net136 (net)
                      0.123589    0.000070    1.139663 v output136/I (gf180mcu_fd_sc_mcu7t5v0__dlyb_1)
     1    0.022033    0.366418    1.132546    2.272209 v output136/Z (gf180mcu_fd_sc_mcu7t5v0__dlyb_1)
                                                         transaction_done_o (net)
                      0.366418    0.000197    2.272405 v transaction_done_o (out)
                                              2.272405   data arrival time

                                  0.000000    0.000000   clock clk (rise edge)
                                  0.000000    0.000000   clock network delay (propagated)
                                  0.250000    0.250000   clock uncertainty
                                  0.000000    0.250000   clock reconvergence pessimism
                                 -3.200000   -2.950000   output external delay
                                             -2.950000   data required time
---------------------------------------------------------------------------------------------
                                             -2.950000   data required time
                                             -2.272405   data arrival time
---------------------------------------------------------------------------------------------
                                              5.222405   slack (MET)


Startpoint: _225_ (rising edge-triggered flip-flop clocked by clk)
Endpoint: job_done_o (output port clocked by clk)
Path Group: clk
Path Type: min

Fanout         Cap        Slew       Delay        Time   Description
---------------------------------------------------------------------------------------------
                                  0.000000    0.000000   clock clk (rise edge)
                                  0.000000    0.000000   clock source latency
     1    0.024347    0.000000    0.000000    0.000000 ^ clk (in)
                                                         clk (net)
                      0.000306    0.000125    0.000125 ^ clkbuf_0_clk/I (gf180mcu_fd_sc_mcu7t5v0__clkbuf_16)
     2    0.046520    0.111902    0.224210    0.224335 ^ clkbuf_0_clk/Z (gf180mcu_fd_sc_mcu7t5v0__clkbuf_16)
                                                         clknet_0_clk (net)
                      0.111902    0.000140    0.224475 ^ clkbuf_1_0__f_clk/I (gf180mcu_fd_sc_mcu7t5v0__clkbuf_16)
     4    0.016737    0.085435    0.222957    0.447432 ^ clkbuf_1_0__f_clk/Z (gf180mcu_fd_sc_mcu7t5v0__clkbuf_16)
                                                         clknet_1_0__leaf_clk (net)
                      0.085435    0.000023    0.447456 ^ _225_/CLK (gf180mcu_fd_sc_mcu7t5v0__dffrnq_1)
     1    0.006858    0.130287    0.698375    1.145831 v _225_/Q (gf180mcu_fd_sc_mcu7t5v0__dffrnq_1)
                                                         net134 (net)
                      0.130287    0.000089    1.145921 v output134/I (gf180mcu_fd_sc_mcu7t5v0__dlyb_1)
     1    0.022355    0.369122    1.136894    2.282815 v output134/Z (gf180mcu_fd_sc_mcu7t5v0__dlyb_1)
                                                         job_done_o (net)
                      0.369122    0.000224    2.283039 v job_done_o (out)
                                              2.283039   data arrival time

                                  0.000000    0.000000   clock clk (rise edge)
                                  0.000000    0.000000   clock network delay (propagated)
                                  0.250000    0.250000   clock uncertainty
                                  0.000000    0.250000   clock reconvergence pessimism
                                 -3.200000   -2.950000   output external delay
                                             -2.950000   data required time
---------------------------------------------------------------------------------------------
                                             -2.950000   data required time
                                             -2.283039   data arrival time
---------------------------------------------------------------------------------------------
                                              5.233039   slack (MET)


Startpoint: _223_ (rising edge-triggered flip-flop clocked by clk)
Endpoint: busy_o (output port clocked by clk)
Path Group: clk
Path Type: min

Fanout         Cap        Slew       Delay        Time   Description
---------------------------------------------------------------------------------------------
                                  0.000000    0.000000   clock clk (rise edge)
                                  0.000000    0.000000   clock source latency
     1    0.024347    0.000000    0.000000    0.000000 ^ clk (in)
                                                         clk (net)
                      0.000306    0.000125    0.000125 ^ clkbuf_0_clk/I (gf180mcu_fd_sc_mcu7t5v0__clkbuf_16)
     2    0.046520    0.111902    0.224210    0.224335 ^ clkbuf_0_clk/Z (gf180mcu_fd_sc_mcu7t5v0__clkbuf_16)
                                                         clknet_0_clk (net)
                      0.111902    0.000140    0.224475 ^ clkbuf_1_0__f_clk/I (gf180mcu_fd_sc_mcu7t5v0__clkbuf_16)
     4    0.016737    0.085435    0.222957    0.447432 ^ clkbuf_1_0__f_clk/Z (gf180mcu_fd_sc_mcu7t5v0__clkbuf_16)
                                                         clknet_1_0__leaf_clk (net)
                      0.085435    0.000023    0.447455 ^ _223_/CLK (gf180mcu_fd_sc_mcu7t5v0__dffrnq_1)
     7    0.032215    0.349564    0.863042    1.310497 v _223_/Q (gf180mcu_fd_sc_mcu7t5v0__dffrnq_1)
                                                         net124 (net)
                      0.349564    0.000047    1.310544 v output124/I (gf180mcu_fd_sc_mcu7t5v0__dlyb_1)
     1    0.020719    0.364863    1.201574    2.512119 v output124/Z (gf180mcu_fd_sc_mcu7t5v0__dlyb_1)
                                                         busy_o (net)
                      0.364863    0.000063    2.512181 v busy_o (out)
                                              2.512181   data arrival time

                                  0.000000    0.000000   clock clk (rise edge)
                                  0.000000    0.000000   clock network delay (propagated)
                                  0.250000    0.250000   clock uncertainty
                                  0.000000    0.250000   clock reconvergence pessimism
                                 -3.200000   -2.950000   output external delay
                                             -2.950000   data required time
---------------------------------------------------------------------------------------------
                                             -2.950000   data required time
                                             -2.512181   data arrival time
---------------------------------------------------------------------------------------------
                                              5.462181   slack (MET)


Startpoint: _223_ (rising edge-triggered flip-flop clocked by clk)
Endpoint: dout_valid_o (output port clocked by clk)
Path Group: clk
Path Type: min

Fanout         Cap        Slew       Delay        Time   Description
---------------------------------------------------------------------------------------------
                                  0.000000    0.000000   clock clk (rise edge)
                                  0.000000    0.000000   clock source latency
     1    0.024347    0.000000    0.000000    0.000000 ^ clk (in)
                                                         clk (net)
                      0.000306    0.000125    0.000125 ^ clkbuf_0_clk/I (gf180mcu_fd_sc_mcu7t5v0__clkbuf_16)
     2    0.046520    0.111902    0.224210    0.224335 ^ clkbuf_0_clk/Z (gf180mcu_fd_sc_mcu7t5v0__clkbuf_16)
                                                         clknet_0_clk (net)
                      0.111902    0.000140    0.224475 ^ clkbuf_1_0__f_clk/I (gf180mcu_fd_sc_mcu7t5v0__clkbuf_16)
     4    0.016737    0.085435    0.222957    0.447432 ^ clkbuf_1_0__f_clk/Z (gf180mcu_fd_sc_mcu7t5v0__clkbuf_16)
                                                         clknet_1_0__leaf_clk (net)
                      0.085435    0.000023    0.447455 ^ _223_/CLK (gf180mcu_fd_sc_mcu7t5v0__dffrnq_1)
     7    0.032215    0.349564    0.863042    1.310497 v _223_/Q (gf180mcu_fd_sc_mcu7t5v0__dffrnq_1)
                                                         net124 (net)
                      0.349564    0.000227    1.310724 v _226_/I (gf180mcu_fd_sc_mcu7t5v0__buf_1)
     1    0.003736    0.110372    0.311538    1.622262 v _226_/Z (gf180mcu_fd_sc_mcu7t5v0__buf_1)
                                                         net133 (net)
                      0.110372    0.000013    1.622275 v output133/I (gf180mcu_fd_sc_mcu7t5v0__dlyb_1)
     1    0.020459    0.362683    1.116995    2.739270 v output133/Z (gf180mcu_fd_sc_mcu7t5v0__dlyb_1)
                                                         dout_valid_o (net)
                      0.362683    0.000037    2.739307 v dout_valid_o (out)
                                              2.739307   data arrival time

                                  0.000000    0.000000   clock clk (rise edge)
                                  0.000000    0.000000   clock network delay (propagated)
                                  0.250000    0.250000   clock uncertainty
                                  0.000000    0.250000   clock reconvergence pessimism
                                 -3.200000   -2.950000   output external delay
                                             -2.950000   data required time
---------------------------------------------------------------------------------------------
                                             -2.950000   data required time
                                             -2.739307   data arrival time
---------------------------------------------------------------------------------------------
                                              5.689307   slack (MET)


Startpoint: _223_ (rising edge-triggered flip-flop clocked by clk)
Endpoint: result_ready_o (output port clocked by clk)
Path Group: clk
Path Type: min

Fanout         Cap        Slew       Delay        Time   Description
---------------------------------------------------------------------------------------------
                                  0.000000    0.000000   clock clk (rise edge)
                                  0.000000    0.000000   clock source latency
     1    0.024347    0.000000    0.000000    0.000000 ^ clk (in)
                                                         clk (net)
                      0.000306    0.000125    0.000125 ^ clkbuf_0_clk/I (gf180mcu_fd_sc_mcu7t5v0__clkbuf_16)
     2    0.046520    0.111902    0.224210    0.224335 ^ clkbuf_0_clk/Z (gf180mcu_fd_sc_mcu7t5v0__clkbuf_16)
                                                         clknet_0_clk (net)
                      0.111902    0.000140    0.224475 ^ clkbuf_1_0__f_clk/I (gf180mcu_fd_sc_mcu7t5v0__clkbuf_16)
     4    0.016737    0.085435    0.222957    0.447432 ^ clkbuf_1_0__f_clk/Z (gf180mcu_fd_sc_mcu7t5v0__clkbuf_16)
                                                         clknet_1_0__leaf_clk (net)
                      0.085435    0.000023    0.447455 ^ _223_/CLK (gf180mcu_fd_sc_mcu7t5v0__dffrnq_1)
     7    0.032215    0.349564    0.863042    1.310497 v _223_/Q (gf180mcu_fd_sc_mcu7t5v0__dffrnq_1)
                                                         net124 (net)
                      0.349564    0.000215    1.310712 v _109_/I (gf180mcu_fd_sc_mcu7t5v0__clkinv_1)
     1    0.004916    0.179298    0.160943    1.471655 ^ _109_/ZN (gf180mcu_fd_sc_mcu7t5v0__clkinv_1)
                                                         _011_ (net)
                      0.179298    0.000008    1.471664 ^ _114_/A1 (gf180mcu_fd_sc_mcu7t5v0__nor2_1)
     4    0.015088    0.257527    0.204074    1.675738 v _114_/ZN (gf180mcu_fd_sc_mcu7t5v0__nor2_1)
                                                         _002_ (net)
                      0.257527    0.000026    1.675764 v _117_/A2 (gf180mcu_fd_sc_mcu7t5v0__and2_1)
     1    0.003931    0.109425    0.299861    1.975625 v _117_/Z (gf180mcu_fd_sc_mcu7t5v0__and2_1)
                                                         net135 (net)
                      0.109425    0.000018    1.975643 v output135/I (gf180mcu_fd_sc_mcu7t5v0__dlyb_1)
     1    0.020486    0.362920    1.116922    3.092565 v output135/Z (gf180mcu_fd_sc_mcu7t5v0__dlyb_1)
                                                         result_ready_o (net)
                      0.362920    0.000040    3.092604 v result_ready_o (out)
                                              3.092604   data arrival time

                                  0.000000    0.000000   clock clk (rise edge)
                                  0.000000    0.000000   clock network delay (propagated)
                                  0.250000    0.250000   clock uncertainty
                                  0.000000    0.250000   clock reconvergence pessimism
                                 -3.200000   -2.950000   output external delay
                                             -2.950000   data required time
---------------------------------------------------------------------------------------------
                                             -2.950000   data required time
                                             -3.092604   data arrival time
---------------------------------------------------------------------------------------------
                                              6.042604   slack (MET)


Startpoint: _220_ (rising edge-triggered flip-flop clocked by clk)
Endpoint: dout_o[4] (output port clocked by clk)
Path Group: clk
Path Type: min

Fanout         Cap        Slew       Delay        Time   Description
---------------------------------------------------------------------------------------------
                                  0.000000    0.000000   clock clk (rise edge)
                                  0.000000    0.000000   clock source latency
     1    0.024347    0.000000    0.000000    0.000000 ^ clk (in)
                                                         clk (net)
                      0.000306    0.000125    0.000125 ^ clkbuf_0_clk/I (gf180mcu_fd_sc_mcu7t5v0__clkbuf_16)
     2    0.046520    0.111902    0.224210    0.224335 ^ clkbuf_0_clk/Z (gf180mcu_fd_sc_mcu7t5v0__clkbuf_16)
                                                         clknet_0_clk (net)
                      0.111902    0.000140    0.224475 ^ clkbuf_1_0__f_clk/I (gf180mcu_fd_sc_mcu7t5v0__clkbuf_16)
     4    0.016737    0.085435    0.222957    0.447432 ^ clkbuf_1_0__f_clk/Z (gf180mcu_fd_sc_mcu7t5v0__clkbuf_16)
                                                         clknet_1_0__leaf_clk (net)
                      0.085435    0.000040    0.447472 ^ _220_/CLK (gf180mcu_fd_sc_mcu7t5v0__dffrnq_1)
     4    0.017568    0.228164    0.772673    1.220145 v _220_/Q (gf180mcu_fd_sc_mcu7t5v0__dffrnq_1)
                                                         byte_index[1] (net)
                      0.228164    0.000085    1.220231 v _131_/A2 (gf180mcu_fd_sc_mcu7t5v0__nor3_1)
     4    0.023513    1.241249    0.760509    1.980740 ^ _131_/ZN (gf180mcu_fd_sc_mcu7t5v0__nor3_1)
                                                         _029_ (net)
                      1.241249    0.000230    1.980970 ^ _173_/A2 (gf180mcu_fd_sc_mcu7t5v0__aoi22_1)
     1    0.004468    0.140758    0.081822    2.062792 v _173_/ZN (gf180mcu_fd_sc_mcu7t5v0__aoi22_1)
                                                         _067_ (net)
                      0.140758    0.000009    2.062801 v _180_/A2 (gf180mcu_fd_sc_mcu7t5v0__nand4_1)
     1    0.003344    0.197495    0.190916    2.253717 ^ _180_/ZN (gf180mcu_fd_sc_mcu7t5v0__nand4_1)
                                                         net129 (net)
                      0.197495    0.000008    2.253724 ^ output129/I (gf180mcu_fd_sc_mcu7t5v0__dlyb_1)
     1    0.022619    0.426950    1.057029    3.310754 ^ output129/Z (gf180mcu_fd_sc_mcu7t5v0__dlyb_1)
                                                         dout_o[4] (net)
                      0.426950    0.000227    3.310980 ^ dout_o[4] (out)
                                              3.310980   data arrival time

                                  0.000000    0.000000   clock clk (rise edge)
                                  0.000000    0.000000   clock network delay (propagated)
                                  0.250000    0.250000   clock uncertainty
                                  0.000000    0.250000   clock reconvergence pessimism
                                 -3.200000   -2.950000   output external delay
                                             -2.950000   data required time
---------------------------------------------------------------------------------------------
                                             -2.950000   data required time
                                             -3.310980   data arrival time
---------------------------------------------------------------------------------------------
                                              6.260980   slack (MET)


Startpoint: _220_ (rising edge-triggered flip-flop clocked by clk)
Endpoint: dout_o[5] (output port clocked by clk)
Path Group: clk
Path Type: min

Fanout         Cap        Slew       Delay        Time   Description
---------------------------------------------------------------------------------------------
                                  0.000000    0.000000   clock clk (rise edge)
                                  0.000000    0.000000   clock source latency
     1    0.024347    0.000000    0.000000    0.000000 ^ clk (in)
                                                         clk (net)
                      0.000306    0.000125    0.000125 ^ clkbuf_0_clk/I (gf180mcu_fd_sc_mcu7t5v0__clkbuf_16)
     2    0.046520    0.111902    0.224210    0.224335 ^ clkbuf_0_clk/Z (gf180mcu_fd_sc_mcu7t5v0__clkbuf_16)
                                                         clknet_0_clk (net)
                      0.111902    0.000140    0.224475 ^ clkbuf_1_0__f_clk/I (gf180mcu_fd_sc_mcu7t5v0__clkbuf_16)
     4    0.016737    0.085435    0.222957    0.447432 ^ clkbuf_1_0__f_clk/Z (gf180mcu_fd_sc_mcu7t5v0__clkbuf_16)
                                                         clknet_1_0__leaf_clk (net)
                      0.085435    0.000040    0.447472 ^ _220_/CLK (gf180mcu_fd_sc_mcu7t5v0__dffrnq_1)
     4    0.017568    0.228164    0.772673    1.220145 v _220_/Q (gf180mcu_fd_sc_mcu7t5v0__dffrnq_1)
                                                         byte_index[1] (net)
                      0.228164    0.000085    1.220231 v _131_/A2 (gf180mcu_fd_sc_mcu7t5v0__nor3_1)
     4    0.023513    1.241249    0.760509    1.980740 ^ _131_/ZN (gf180mcu_fd_sc_mcu7t5v0__nor3_1)
                                                         _029_ (net)
                      1.241249    0.000210    1.980950 ^ _182_/A2 (gf180mcu_fd_sc_mcu7t5v0__aoi22_1)
     1    0.004925    0.153054    0.089898    2.070848 v _182_/ZN (gf180mcu_fd_sc_mcu7t5v0__aoi22_1)
                                                         _075_ (net)
                      0.153054    0.000019    2.070866 v _189_/A2 (gf180mcu_fd_sc_mcu7t5v0__nand4_1)
     1    0.005119    0.233250    0.218537    2.289403 ^ _189_/ZN (gf180mcu_fd_sc_mcu7t5v0__nand4_1)
                                                         net130 (net)
                      0.233250    0.000041    2.289444 ^ output130/I (gf180mcu_fd_sc_mcu7t5v0__dlyb_1)
     1    0.022790    0.429616    1.062468    3.351912 ^ output130/Z (gf180mcu_fd_sc_mcu7t5v0__dlyb_1)
                                                         dout_o[5] (net)
                      0.429616    0.000256    3.352168 ^ dout_o[5] (out)
                                              3.352168   data arrival time

                                  0.000000    0.000000   clock clk (rise edge)
                                  0.000000    0.000000   clock network delay (propagated)
                                  0.250000    0.250000   clock uncertainty
                                  0.000000    0.250000   clock reconvergence pessimism
                                 -3.200000   -2.950000   output external delay
                                             -2.950000   data required time
---------------------------------------------------------------------------------------------
                                             -2.950000   data required time
                                             -3.352168   data arrival time
---------------------------------------------------------------------------------------------
                                              6.302168   slack (MET)


Startpoint: _220_ (rising edge-triggered flip-flop clocked by clk)
Endpoint: dout_o[7] (output port clocked by clk)
Path Group: clk
Path Type: min

Fanout         Cap        Slew       Delay        Time   Description
---------------------------------------------------------------------------------------------
                                  0.000000    0.000000   clock clk (rise edge)
                                  0.000000    0.000000   clock source latency
     1    0.024347    0.000000    0.000000    0.000000 ^ clk (in)
                                                         clk (net)
                      0.000306    0.000125    0.000125 ^ clkbuf_0_clk/I (gf180mcu_fd_sc_mcu7t5v0__clkbuf_16)
     2    0.046520    0.111902    0.224210    0.224335 ^ clkbuf_0_clk/Z (gf180mcu_fd_sc_mcu7t5v0__clkbuf_16)
                                                         clknet_0_clk (net)
                      0.111902    0.000140    0.224475 ^ clkbuf_1_0__f_clk/I (gf180mcu_fd_sc_mcu7t5v0__clkbuf_16)
     4    0.016737    0.085435    0.222957    0.447432 ^ clkbuf_1_0__f_clk/Z (gf180mcu_fd_sc_mcu7t5v0__clkbuf_16)
                                                         clknet_1_0__leaf_clk (net)
                      0.085435    0.000040    0.447472 ^ _220_/CLK (gf180mcu_fd_sc_mcu7t5v0__dffrnq_1)
     4    0.017568    0.228164    0.772673    1.220145 v _220_/Q (gf180mcu_fd_sc_mcu7t5v0__dffrnq_1)
                                                         byte_index[1] (net)
                      0.228164    0.000085    1.220231 v _131_/A2 (gf180mcu_fd_sc_mcu7t5v0__nor3_1)
     4    0.023513    1.241249    0.760509    1.980740 ^ _131_/ZN (gf180mcu_fd_sc_mcu7t5v0__nor3_1)
                                                         _029_ (net)
                      1.241249    0.000220    1.980960 ^ _203_/A2 (gf180mcu_fd_sc_mcu7t5v0__aoi22_1)
     1    0.003523    0.135040    0.065147    2.046107 v _203_/ZN (gf180mcu_fd_sc_mcu7t5v0__aoi22_1)
                                                         _094_ (net)
                      0.135040    0.000009    2.046116 v _204_/A4 (gf180mcu_fd_sc_mcu7t5v0__and4_1)
     1    0.006544    0.143122    0.367988    2.414104 v _204_/Z (gf180mcu_fd_sc_mcu7t5v0__and4_1)
                                                         _095_ (net)
                      0.143122    0.000054    2.414157 v _206_/A2 (gf180mcu_fd_sc_mcu7t5v0__nand3_1)
     1    0.004611    0.187267    0.179882    2.594039 ^ _206_/ZN (gf180mcu_fd_sc_mcu7t5v0__nand3_1)
                                                         net132 (net)
                      0.187267    0.000030    2.594068 ^ output132/I (gf180mcu_fd_sc_mcu7t5v0__dlyb_1)
     1    0.022566    0.426114    1.055428    3.649497 ^ output132/Z (gf180mcu_fd_sc_mcu7t5v0__dlyb_1)
                                                         dout_o[7] (net)
                      0.426114    0.000221    3.649718 ^ dout_o[7] (out)
                                              3.649718   data arrival time

                                  0.000000    0.000000   clock clk (rise edge)
                                  0.000000    0.000000   clock network delay (propagated)
                                  0.250000    0.250000   clock uncertainty
                                  0.000000    0.250000   clock reconvergence pessimism
                                 -3.200000   -2.950000   output external delay
                                             -2.950000   data required time
---------------------------------------------------------------------------------------------
                                             -2.950000   data required time
                                             -3.649718   data arrival time
---------------------------------------------------------------------------------------------
                                              6.599718   slack (MET)


Startpoint: _222_ (rising edge-triggered flip-flop clocked by clk)
Endpoint: dout_o[2] (output port clocked by clk)
Path Group: clk
Path Type: min

Fanout         Cap        Slew       Delay        Time   Description
---------------------------------------------------------------------------------------------
                                  0.000000    0.000000   clock clk (rise edge)
                                  0.000000    0.000000   clock source latency
     1    0.024347    0.000000    0.000000    0.000000 ^ clk (in)
                                                         clk (net)
                      0.000306    0.000125    0.000125 ^ clkbuf_0_clk/I (gf180mcu_fd_sc_mcu7t5v0__clkbuf_16)
     2    0.046520    0.111902    0.224210    0.224335 ^ clkbuf_0_clk/Z (gf180mcu_fd_sc_mcu7t5v0__clkbuf_16)
                                                         clknet_0_clk (net)
                      0.111902    0.000130    0.224466 ^ clkbuf_1_1__f_clk/I (gf180mcu_fd_sc_mcu7t5v0__clkbuf_16)
     4    0.017557    0.086192    0.223635    0.448100 ^ clkbuf_1_1__f_clk/Z (gf180mcu_fd_sc_mcu7t5v0__clkbuf_16)
                                                         clknet_1_1__leaf_clk (net)
                      0.086192    0.000090    0.448190 ^ _222_/CLK (gf180mcu_fd_sc_mcu7t5v0__dffrnq_1)
    11    0.067480    0.678019    1.072505    1.520695 v _222_/Q (gf180mcu_fd_sc_mcu7t5v0__dffrnq_1)
                                                         byte_index[3] (net)
                      0.678022    0.000743    1.521438 v _129_/A1 (gf180mcu_fd_sc_mcu7t5v0__nor3_1)
     5    0.030961    1.565464    1.016436    2.537875 ^ _129_/ZN (gf180mcu_fd_sc_mcu7t5v0__nor3_1)
                                                         _027_ (net)
                      1.565464    0.000259    2.538134 ^ _155_/A2 (gf180mcu_fd_sc_mcu7t5v0__aoi22_1)
     1    0.005852    0.159091    0.082870    2.621004 v _155_/ZN (gf180mcu_fd_sc_mcu7t5v0__aoi22_1)
                                                         _051_ (net)
                      0.159091    0.000044    2.621047 v _162_/A2 (gf180mcu_fd_sc_mcu7t5v0__nand4_1)
     1    0.003864    0.208184    0.203324    2.824371 ^ _162_/ZN (gf180mcu_fd_sc_mcu7t5v0__nand4_1)
                                                         net127 (net)
                      0.208184    0.000017    2.824388 ^ output127/I (gf180mcu_fd_sc_mcu7t5v0__dlyb_1)
     1    0.021656    0.412149    1.049375    3.873763 ^ output127/Z (gf180mcu_fd_sc_mcu7t5v0__dlyb_1)
                                                         dout_o[2] (net)
                      0.412149    0.000140    3.873903 ^ dout_o[2] (out)
                                              3.873903   data arrival time

                                  0.000000    0.000000   clock clk (rise edge)
                                  0.000000    0.000000   clock network delay (propagated)
                                  0.250000    0.250000   clock uncertainty
                                  0.000000    0.250000   clock reconvergence pessimism
                                 -3.200000   -2.950000   output external delay
                                             -2.950000   data required time
---------------------------------------------------------------------------------------------
                                             -2.950000   data required time
                                             -3.873903   data arrival time
---------------------------------------------------------------------------------------------
                                              6.823903   slack (MET)


Startpoint: _220_ (rising edge-triggered flip-flop clocked by clk)
Endpoint: dout_o[1] (output port clocked by clk)
Path Group: clk
Path Type: min

Fanout         Cap        Slew       Delay        Time   Description
---------------------------------------------------------------------------------------------
                                  0.000000    0.000000   clock clk (rise edge)
                                  0.000000    0.000000   clock source latency
     1    0.024347    0.000000    0.000000    0.000000 ^ clk (in)
                                                         clk (net)
                      0.000306    0.000125    0.000125 ^ clkbuf_0_clk/I (gf180mcu_fd_sc_mcu7t5v0__clkbuf_16)
     2    0.046520    0.111902    0.224210    0.224335 ^ clkbuf_0_clk/Z (gf180mcu_fd_sc_mcu7t5v0__clkbuf_16)
                                                         clknet_0_clk (net)
                      0.111902    0.000140    0.224475 ^ clkbuf_1_0__f_clk/I (gf180mcu_fd_sc_mcu7t5v0__clkbuf_16)
     4    0.016737    0.085435    0.222957    0.447432 ^ clkbuf_1_0__f_clk/Z (gf180mcu_fd_sc_mcu7t5v0__clkbuf_16)
                                                         clknet_1_0__leaf_clk (net)
                      0.085435    0.000040    0.447472 ^ _220_/CLK (gf180mcu_fd_sc_mcu7t5v0__dffrnq_1)
     4    0.017568    0.228164    0.772673    1.220145 v _220_/Q (gf180mcu_fd_sc_mcu7t5v0__dffrnq_1)
                                                         byte_index[1] (net)
                      0.228164    0.000085    1.220231 v _131_/A2 (gf180mcu_fd_sc_mcu7t5v0__nor3_1)
     4    0.023513    1.241249    0.760509    1.980740 ^ _131_/ZN (gf180mcu_fd_sc_mcu7t5v0__nor3_1)
                                                         _029_ (net)
                      1.241249    0.000081    1.980821 ^ max_cap150/I (gf180mcu_fd_sc_mcu7t5v0__buf_2)
     1    0.051145    0.451077    0.453386    2.434207 ^ max_cap150/Z (gf180mcu_fd_sc_mcu7t5v0__buf_2)
                                                         net150 (net)
                      0.451219    0.005025    2.439232 ^ wire149/I (gf180mcu_fd_sc_mcu7t5v0__buf_4)
     5    0.059842    0.275780    0.314679    2.753911 ^ wire149/Z (gf180mcu_fd_sc_mcu7t5v0__buf_4)
                                                         net149 (net)
                      0.275853    0.005733    2.759644 ^ _146_/A2 (gf180mcu_fd_sc_mcu7t5v0__aoi22_1)
     1    0.004700    0.147228    0.123836    2.883480 v _146_/ZN (gf180mcu_fd_sc_mcu7t5v0__aoi22_1)
                                                         _043_ (net)
                      0.147228    0.000014    2.883495 v _153_/A2 (gf180mcu_fd_sc_mcu7t5v0__nand4_1)
     1    0.003219    0.190897    0.191030    3.074524 ^ _153_/ZN (gf180mcu_fd_sc_mcu7t5v0__nand4_1)
                                                         net126 (net)
                      0.190897    0.000007    3.074531 ^ output126/I (gf180mcu_fd_sc_mcu7t5v0__dlyb_1)
     1    0.022056    0.418287    1.051161    4.125692 ^ output126/Z (gf180mcu_fd_sc_mcu7t5v0__dlyb_1)
                                                         dout_o[1] (net)
                      0.418287    0.000173    4.125865 ^ dout_o[1] (out)
                                              4.125865   data arrival time

                                  0.000000    0.000000   clock clk (rise edge)
                                  0.000000    0.000000   clock network delay (propagated)
                                  0.250000    0.250000   clock uncertainty
                                  0.000000    0.250000   clock reconvergence pessimism
                                 -3.200000   -2.950000   output external delay
                                             -2.950000   data required time
---------------------------------------------------------------------------------------------
                                             -2.950000   data required time
                                             -4.125865   data arrival time
---------------------------------------------------------------------------------------------
                                              7.075864   slack (MET)


Startpoint: _220_ (rising edge-triggered flip-flop clocked by clk)
Endpoint: dout_o[0] (output port clocked by clk)
Path Group: clk
Path Type: min

Fanout         Cap        Slew       Delay        Time   Description
---------------------------------------------------------------------------------------------
                                  0.000000    0.000000   clock clk (rise edge)
                                  0.000000    0.000000   clock source latency
     1    0.024347    0.000000    0.000000    0.000000 ^ clk (in)
                                                         clk (net)
                      0.000306    0.000125    0.000125 ^ clkbuf_0_clk/I (gf180mcu_fd_sc_mcu7t5v0__clkbuf_16)
     2    0.046520    0.111902    0.224210    0.224335 ^ clkbuf_0_clk/Z (gf180mcu_fd_sc_mcu7t5v0__clkbuf_16)
                                                         clknet_0_clk (net)
                      0.111902    0.000140    0.224475 ^ clkbuf_1_0__f_clk/I (gf180mcu_fd_sc_mcu7t5v0__clkbuf_16)
     4    0.016737    0.085435    0.222957    0.447432 ^ clkbuf_1_0__f_clk/Z (gf180mcu_fd_sc_mcu7t5v0__clkbuf_16)
                                                         clknet_1_0__leaf_clk (net)
                      0.085435    0.000040    0.447472 ^ _220_/CLK (gf180mcu_fd_sc_mcu7t5v0__dffrnq_1)
     4    0.017568    0.228164    0.772673    1.220145 v _220_/Q (gf180mcu_fd_sc_mcu7t5v0__dffrnq_1)
                                                         byte_index[1] (net)
                      0.228164    0.000085    1.220231 v _131_/A2 (gf180mcu_fd_sc_mcu7t5v0__nor3_1)
     4    0.023513    1.241249    0.760509    1.980740 ^ _131_/ZN (gf180mcu_fd_sc_mcu7t5v0__nor3_1)
                                                         _029_ (net)
                      1.241249    0.000081    1.980821 ^ max_cap150/I (gf180mcu_fd_sc_mcu7t5v0__buf_2)
     1    0.051145    0.451077    0.453386    2.434207 ^ max_cap150/Z (gf180mcu_fd_sc_mcu7t5v0__buf_2)
                                                         net150 (net)
                      0.451219    0.005025    2.439232 ^ wire149/I (gf180mcu_fd_sc_mcu7t5v0__buf_4)
     5    0.059842    0.275780    0.314679    2.753911 ^ wire149/Z (gf180mcu_fd_sc_mcu7t5v0__buf_4)
                                                         net149 (net)
                      0.275852    0.005726    2.759636 ^ _137_/A2 (gf180mcu_fd_sc_mcu7t5v0__aoi22_1)
     1    0.004965    0.148253    0.126557    2.886194 v _137_/ZN (gf180mcu_fd_sc_mcu7t5v0__aoi22_1)
                                                         _035_ (net)
                      0.148253    0.000019    2.886212 v _144_/A2 (gf180mcu_fd_sc_mcu7t5v0__nand4_1)
     1    0.005264    0.238119    0.219066    3.105278 ^ _144_/ZN (gf180mcu_fd_sc_mcu7t5v0__nand4_1)
                                                         net125 (net)
                      0.238119    0.000041    3.105319 ^ output125/I (gf180mcu_fd_sc_mcu7t5v0__dlyb_1)
     1    0.020816    0.411419    1.044991    4.150311 ^ output125/Z (gf180mcu_fd_sc_mcu7t5v0__dlyb_1)
                                                         dout_o[0] (net)
                      0.411419    0.000068    4.150378 ^ dout_o[0] (out)
                                              4.150378   data arrival time

                                  0.000000    0.000000   clock clk (rise edge)
                                  0.000000    0.000000   clock network delay (propagated)
                                  0.250000    0.250000   clock uncertainty
                                  0.000000    0.250000   clock reconvergence pessimism
                                 -3.200000   -2.950000   output external delay
                                             -2.950000   data required time
---------------------------------------------------------------------------------------------
                                             -2.950000   data required time
                                             -4.150378   data arrival time
---------------------------------------------------------------------------------------------
                                              7.100378   slack (MET)


Startpoint: _219_ (rising edge-triggered flip-flop clocked by clk)
Endpoint: dout_o[6] (output port clocked by clk)
Path Group: clk
Path Type: min

Fanout         Cap        Slew       Delay        Time   Description
---------------------------------------------------------------------------------------------
                                  0.000000    0.000000   clock clk (rise edge)
                                  0.000000    0.000000   clock source latency
     1    0.024347    0.000000    0.000000    0.000000 ^ clk (in)
                                                         clk (net)
                      0.000306    0.000125    0.000125 ^ clkbuf_0_clk/I (gf180mcu_fd_sc_mcu7t5v0__clkbuf_16)
     2    0.046520    0.111902    0.224210    0.224335 ^ clkbuf_0_clk/Z (gf180mcu_fd_sc_mcu7t5v0__clkbuf_16)
                                                         clknet_0_clk (net)
                      0.111902    0.000130    0.224466 ^ clkbuf_1_1__f_clk/I (gf180mcu_fd_sc_mcu7t5v0__clkbuf_16)
     4    0.017557    0.086192    0.223635    0.448100 ^ clkbuf_1_1__f_clk/Z (gf180mcu_fd_sc_mcu7t5v0__clkbuf_16)
                                                         clknet_1_1__leaf_clk (net)
                      0.086192    0.000092    0.448193 ^ _219_/CLK (gf180mcu_fd_sc_mcu7t5v0__dffrnq_1)
    11    0.076793    0.767315    1.126993    1.575185 v _219_/Q (gf180mcu_fd_sc_mcu7t5v0__dffrnq_1)
                                                         byte_index[0] (net)
                      0.767319    0.000955    1.576141 v _134_/A1 (gf180mcu_fd_sc_mcu7t5v0__nor3_2)
     4    0.026037    0.774545    0.631448    2.207588 ^ _134_/ZN (gf180mcu_fd_sc_mcu7t5v0__nor3_2)
                                                         _032_ (net)
                      0.774545    0.000009    2.207597 ^ max_cap143/I (gf180mcu_fd_sc_mcu7t5v0__buf_2)
     1    0.050477    0.441447    0.440770    2.648367 ^ max_cap143/Z (gf180mcu_fd_sc_mcu7t5v0__buf_2)
                                                         net143 (net)
                      0.441613    0.004890    2.653257 ^ wire142/I (gf180mcu_fd_sc_mcu7t5v0__buf_4)
     5    0.061098    0.280480    0.316801    2.970058 ^ wire142/Z (gf180mcu_fd_sc_mcu7t5v0__buf_4)
                                                         net142 (net)
                      0.280567    0.005852    2.975910 ^ _191_/B1 (gf180mcu_fd_sc_mcu7t5v0__aoi22_1)
     1    0.005153    0.148634    0.181556    3.157465 v _191_/ZN (gf180mcu_fd_sc_mcu7t5v0__aoi22_1)
                                                         _083_ (net)
                      0.148634    0.000023    3.157489 v _198_/A2 (gf180mcu_fd_sc_mcu7t5v0__nand4_1)
     1    0.004834    0.231648    0.213350    3.370838 ^ _198_/ZN (gf180mcu_fd_sc_mcu7t5v0__nand4_1)
                                                         net131 (net)
                      0.231648    0.000034    3.370872 ^ output131/I (gf180mcu_fd_sc_mcu7t5v0__dlyb_1)
     1    0.021647    0.412042    1.051846    4.422719 ^ output131/Z (gf180mcu_fd_sc_mcu7t5v0__dlyb_1)
                                                         dout_o[6] (net)
                      0.412042    0.000146    4.422864 ^ dout_o[6] (out)
                                              4.422864   data arrival time

                                  0.000000    0.000000   clock clk (rise edge)
                                  0.000000    0.000000   clock network delay (propagated)
                                  0.250000    0.250000   clock uncertainty
                                  0.000000    0.250000   clock reconvergence pessimism
                                 -3.200000   -2.950000   output external delay
                                             -2.950000   data required time
---------------------------------------------------------------------------------------------
                                             -2.950000   data required time
                                             -4.422864   data arrival time
---------------------------------------------------------------------------------------------
                                              7.372864   slack (MET)


Startpoint: _219_ (rising edge-triggered flip-flop clocked by clk)
Endpoint: dout_o[3] (output port clocked by clk)
Path Group: clk
Path Type: min

Fanout         Cap        Slew       Delay        Time   Description
---------------------------------------------------------------------------------------------
                                  0.000000    0.000000   clock clk (rise edge)
                                  0.000000    0.000000   clock source latency
     1    0.024347    0.000000    0.000000    0.000000 ^ clk (in)
                                                         clk (net)
                      0.000306    0.000125    0.000125 ^ clkbuf_0_clk/I (gf180mcu_fd_sc_mcu7t5v0__clkbuf_16)
     2    0.046520    0.111902    0.224210    0.224335 ^ clkbuf_0_clk/Z (gf180mcu_fd_sc_mcu7t5v0__clkbuf_16)
                                                         clknet_0_clk (net)
                      0.111902    0.000130    0.224466 ^ clkbuf_1_1__f_clk/I (gf180mcu_fd_sc_mcu7t5v0__clkbuf_16)
     4    0.017557    0.086192    0.223635    0.448100 ^ clkbuf_1_1__f_clk/Z (gf180mcu_fd_sc_mcu7t5v0__clkbuf_16)
                                                         clknet_1_1__leaf_clk (net)
                      0.086192    0.000092    0.448193 ^ _219_/CLK (gf180mcu_fd_sc_mcu7t5v0__dffrnq_1)
    11    0.076793    0.767315    1.126993    1.575185 v _219_/Q (gf180mcu_fd_sc_mcu7t5v0__dffrnq_1)
                                                         byte_index[0] (net)
                      0.767319    0.000955    1.576141 v _134_/A1 (gf180mcu_fd_sc_mcu7t5v0__nor3_2)
     4    0.026037    0.774545    0.631448    2.207588 ^ _134_/ZN (gf180mcu_fd_sc_mcu7t5v0__nor3_2)
                                                         _032_ (net)
                      0.774545    0.000009    2.207597 ^ max_cap143/I (gf180mcu_fd_sc_mcu7t5v0__buf_2)
     1    0.050477    0.441447    0.440770    2.648367 ^ max_cap143/Z (gf180mcu_fd_sc_mcu7t5v0__buf_2)
                                                         net143 (net)
                      0.441613    0.004890    2.653257 ^ wire142/I (gf180mcu_fd_sc_mcu7t5v0__buf_4)
     5    0.061098    0.280480    0.316801    2.970058 ^ wire142/Z (gf180mcu_fd_sc_mcu7t5v0__buf_4)
                                                         net142 (net)
                      0.280563    0.005780    2.975837 ^ _164_/B1 (gf180mcu_fd_sc_mcu7t5v0__aoi22_1)
     1    0.004242    0.140089    0.171708    3.147546 v _164_/ZN (gf180mcu_fd_sc_mcu7t5v0__aoi22_1)
                                                         _059_ (net)
                      0.140089    0.000005    3.147550 v _171_/A2 (gf180mcu_fd_sc_mcu7t5v0__nand4_1)
     1    0.005699    0.245530    0.222663    3.370213 ^ _171_/ZN (gf180mcu_fd_sc_mcu7t5v0__nand4_1)
                                                         net128 (net)
                      0.245530    0.000054    3.370267 ^ output128/I (gf180mcu_fd_sc_mcu7t5v0__dlyb_1)
     1    0.021620    0.411634    1.053102    4.423369 ^ output128/Z (gf180mcu_fd_sc_mcu7t5v0__dlyb_1)
                                                         dout_o[3] (net)
                      0.411634    0.000149    4.423518 ^ dout_o[3] (out)
                                              4.423518   data arrival time

                                  0.000000    0.000000   clock clk (rise edge)
                                  0.000000    0.000000   clock network delay (propagated)
                                  0.250000    0.250000   clock uncertainty
                                  0.000000    0.250000   clock reconvergence pessimism
                                 -3.200000   -2.950000   output external delay
                                             -2.950000   data required time
---------------------------------------------------------------------------------------------
                                             -2.950000   data required time
                                             -4.423518   data arrival time
---------------------------------------------------------------------------------------------
                                              7.373518   slack (MET)



