
===========================================================================
report_checks -unconstrained
===========================================================================
======================= min_ss_125C_4v50 Corner ===================================

Startpoint: _18150_ (rising edge-triggered flip-flop clocked by core_clk)
Endpoint: _18706_ (rising edge-triggered flip-flop clocked by core_clk)
Path Group: core_clk
Path Type: max

Fanout         Cap        Slew       Delay        Time   Description
---------------------------------------------------------------------------------------------
                                  0.000000    0.000000   clock core_clk (rise edge)
                                  0.000000    0.000000   clock source latency
     2    0.193991    0.000000    0.000000    0.000000 ^ clk (in)
                                                         clk (net)
                      0.060886    0.024904    0.024904 ^ clkbuf_regs_0_core_clk/I (gf180mcu_fd_sc_mcu9t5v0__clkbuf_16)
     1    0.046774    0.137042    0.288878    0.313782 ^ clkbuf_regs_0_core_clk/Z (gf180mcu_fd_sc_mcu9t5v0__clkbuf_16)
                                                         clk_regs (net)
                      0.137043    0.000542    0.314324 ^ clkbuf_0_clk_regs/I (gf180mcu_fd_sc_mcu9t5v0__clkbuf_16)
     4    0.225901    0.314698    0.424662    0.738987 ^ clkbuf_0_clk_regs/Z (gf180mcu_fd_sc_mcu9t5v0__clkbuf_16)
                                                         clknet_0_clk_regs (net)
                      0.314984    0.013183    0.752170 ^ clkbuf_2_0_0_clk_regs/I (gf180mcu_fd_sc_mcu9t5v0__clkbuf_8)
     2    0.124013    0.339847    0.478406    1.230575 ^ clkbuf_2_0_0_clk_regs/Z (gf180mcu_fd_sc_mcu9t5v0__clkbuf_8)
                                                         clknet_2_0_0_clk_regs (net)
                      0.339874    0.004521    1.235097 ^ clkbuf_3_1__f_clk_regs/I (gf180mcu_fd_sc_mcu9t5v0__clkbuf_16)
    14    0.484984    0.588384    0.629467    1.864564 ^ clkbuf_3_1__f_clk_regs/Z (gf180mcu_fd_sc_mcu9t5v0__clkbuf_16)
                                                         clknet_3_1__leaf_clk_regs (net)
                      0.590196    0.018281    1.882845 ^ clkbuf_leaf_13_clk_regs/I (gf180mcu_fd_sc_mcu9t5v0__clkbuf_8)
    21    0.163188    0.426388    0.585307    2.468152 ^ clkbuf_leaf_13_clk_regs/Z (gf180mcu_fd_sc_mcu9t5v0__clkbuf_8)
                                                         clknet_leaf_13_clk_regs (net)
                      0.426413    0.004900    2.473052 ^ _18150_/CLK (gf180mcu_fd_sc_mcu9t5v0__dffrnq_4)
    23    0.368563    1.731525    2.565247    5.038299 ^ _18150_/Q (gf180mcu_fd_sc_mcu9t5v0__dffrnq_4)
                                                         u_transform_scheduler_core.dft12_phase[2] (net)
                      1.731924    0.014361    5.052660 ^ _08890_/I (gf180mcu_fd_sc_mcu9t5v0__clkinv_1)
     7    0.072619    1.483804    1.259370    6.312029 v _08890_/ZN (gf180mcu_fd_sc_mcu9t5v0__clkinv_1)
                                                         _03729_ (net)
                      1.483804    0.000918    6.312948 v _09182_/A1 (gf180mcu_fd_sc_mcu9t5v0__nand2_1)
     6    0.068101    1.509180    1.323422    7.636370 ^ _09182_/ZN (gf180mcu_fd_sc_mcu9t5v0__nand2_1)
                                                         _04021_ (net)
                      1.509180    0.000858    7.637228 ^ _09183_/I (gf180mcu_fd_sc_mcu9t5v0__clkinv_2)
    29    0.547701    4.916574    3.326030   10.963258 v _09183_/ZN (gf180mcu_fd_sc_mcu9t5v0__clkinv_2)
                                                         _02000_ (net)
                      4.916615    0.008284   10.971542 v _11282_/S (gf180mcu_fd_sc_mcu9t5v0__mux2_1)
    23    0.430232    7.678889    6.040969   17.012510 ^ _11282_/Z (gf180mcu_fd_sc_mcu9t5v0__mux2_1)
                                                         _05906_ (net)
                      7.679254    0.030111   17.042622 ^ _11290_/C (gf180mcu_fd_sc_mcu9t5v0__aoi221_1)
     1    0.009213    2.058119    0.570333   17.612955 v _11290_/ZN (gf180mcu_fd_sc_mcu9t5v0__aoi221_1)
                                                         _05914_ (net)
                      2.058119    0.000194   17.613150 v _11293_/A2 (gf180mcu_fd_sc_mcu9t5v0__oai31_1)
     4    0.099677    5.504992    3.640000   21.253149 ^ _11293_/ZN (gf180mcu_fd_sc_mcu9t5v0__oai31_1)
                                                         _05917_ (net)
                      5.504998    0.009313   21.262463 ^ _11446_/A1 (gf180mcu_fd_sc_mcu9t5v0__nand3_1)
     2    0.010838    1.264918    0.445370   21.707832 v _11446_/ZN (gf180mcu_fd_sc_mcu9t5v0__nand3_1)
                                                         _06067_ (net)
                      1.264918    0.000197   21.708031 v _11466_/A1 (gf180mcu_fd_sc_mcu9t5v0__or2_1)
     2    0.023548    0.424247    1.112589   22.820620 v _11466_/Z (gf180mcu_fd_sc_mcu9t5v0__or2_1)
                                                         _06086_ (net)
                      0.424247    0.000778   22.821398 v _11499_/A2 (gf180mcu_fd_sc_mcu9t5v0__aoi21_1)
     2    0.018281    1.276416    0.671813   23.493210 ^ _11499_/ZN (gf180mcu_fd_sc_mcu9t5v0__aoi21_1)
                                                         _06118_ (net)
                      1.276416    0.000453   23.493662 ^ _11500_/A2 (gf180mcu_fd_sc_mcu9t5v0__and2_1)
     3    0.036942    0.753747    0.847775   24.341438 ^ _11500_/Z (gf180mcu_fd_sc_mcu9t5v0__and2_1)
                                                         _06119_ (net)
                      0.753748    0.001391   24.342829 ^ _11540_/A2 (gf180mcu_fd_sc_mcu9t5v0__oai211_1)
     3    0.040198    1.165197    0.833154   25.175983 v _11540_/ZN (gf180mcu_fd_sc_mcu9t5v0__oai211_1)
                                                         _06157_ (net)
                      1.165197    0.001428   25.177412 v _11558_/A2 (gf180mcu_fd_sc_mcu9t5v0__aoi21_1)
     2    0.016379    1.220159    0.874067   26.051477 ^ _11558_/ZN (gf180mcu_fd_sc_mcu9t5v0__aoi21_1)
                                                         _06174_ (net)
                      1.220159    0.000403   26.051882 ^ _11584_/A1 (gf180mcu_fd_sc_mcu9t5v0__aoi21_1)
     2    0.013324    0.578254    0.344007   26.395889 v _11584_/ZN (gf180mcu_fd_sc_mcu9t5v0__aoi21_1)
                                                         _06198_ (net)
                      0.578254    0.000139   26.396027 v _11595_/A1 (gf180mcu_fd_sc_mcu9t5v0__or2_1)
     3    0.024727    0.427804    0.894378   27.290405 v _11595_/Z (gf180mcu_fd_sc_mcu9t5v0__or2_1)
                                                         _06209_ (net)
                      0.427804    0.000297   27.290703 v _11621_/A1 (gf180mcu_fd_sc_mcu9t5v0__oai21_1)
     3    0.023630    1.378746    0.728130   28.018833 ^ _11621_/ZN (gf180mcu_fd_sc_mcu9t5v0__oai21_1)
                                                         _06233_ (net)
                      1.378746    0.000071   28.018904 ^ _11631_/A1 (gf180mcu_fd_sc_mcu9t5v0__nand2_1)
     1    0.007212    0.569493    0.244942   28.263845 v _11631_/ZN (gf180mcu_fd_sc_mcu9t5v0__nand2_1)
                                                         _06243_ (net)
                      0.569493    0.000071   28.263916 v _11639_/A2 (gf180mcu_fd_sc_mcu9t5v0__nand2_1)
     3    0.026520    1.212457    0.593175   28.857092 ^ _11639_/ZN (gf180mcu_fd_sc_mcu9t5v0__nand2_1)
                                                         _06250_ (net)
                      1.212457    0.000394   28.857487 ^ _11662_/A1 (gf180mcu_fd_sc_mcu9t5v0__aoi21_1)
     2    0.020710    1.072884    0.447139   29.304625 v _11662_/ZN (gf180mcu_fd_sc_mcu9t5v0__aoi21_1)
                                                         _06272_ (net)
                      1.072884    0.000282   29.304907 v _11677_/A1 (gf180mcu_fd_sc_mcu9t5v0__oai21_1)
     1    0.011780    1.146063    0.688360   29.993267 ^ _11677_/ZN (gf180mcu_fd_sc_mcu9t5v0__oai21_1)
                                                         _06286_ (net)
                      1.146063    0.000121   29.993389 ^ _11687_/A1 (gf180mcu_fd_sc_mcu9t5v0__xnor2_1)
     1    0.029839    1.294635    0.879101   30.872490 ^ _11687_/ZN (gf180mcu_fd_sc_mcu9t5v0__xnor2_1)
                                                         _06296_ (net)
                      1.294636    0.001634   30.874125 ^ _11688_/B1 (gf180mcu_fd_sc_mcu9t5v0__aoi221_1)
     1    0.010202    1.948168    0.560636   31.434759 v _11688_/ZN (gf180mcu_fd_sc_mcu9t5v0__aoi221_1)
                                                         _06297_ (net)
                      1.948168    0.000146   31.434906 v _11693_/A1 (gf180mcu_fd_sc_mcu9t5v0__oai21_1)
     1    0.005369    0.631572    0.764590   32.199497 ^ _11693_/ZN (gf180mcu_fd_sc_mcu9t5v0__oai21_1)
                                                         _00189_ (net)
                      0.631572    0.000103   32.199600 ^ _18706_/D (gf180mcu_fd_sc_mcu9t5v0__dffrnq_1)
                                             32.199600   data arrival time

                                 26.041668   26.041668   clock core_clk (rise edge)
                                  0.000000   26.041668   clock source latency
     2    0.193991    0.000000    0.000000   26.041668 ^ clk (in)
                                                         clk (net)
                      0.060886    0.024905   26.066572 ^ clkbuf_regs_0_core_clk/I (gf180mcu_fd_sc_mcu9t5v0__clkbuf_16)
     1    0.046774    0.137042    0.288878   26.355450 ^ clkbuf_regs_0_core_clk/Z (gf180mcu_fd_sc_mcu9t5v0__clkbuf_16)
                                                         clk_regs (net)
                      0.137043    0.000542   26.355991 ^ clkbuf_0_clk_regs/I (gf180mcu_fd_sc_mcu9t5v0__clkbuf_16)
     4    0.225901    0.314698    0.424663   26.780655 ^ clkbuf_0_clk_regs/Z (gf180mcu_fd_sc_mcu9t5v0__clkbuf_16)
                                                         clknet_0_clk_regs (net)
                      0.314852    0.010148   26.790804 ^ clkbuf_2_3_0_clk_regs/I (gf180mcu_fd_sc_mcu9t5v0__clkbuf_8)
     2    0.119219    0.329985    0.472578   27.263382 ^ clkbuf_2_3_0_clk_regs/Z (gf180mcu_fd_sc_mcu9t5v0__clkbuf_8)
                                                         clknet_2_3_0_clk_regs (net)
                      0.330005    0.003920   27.267302 ^ clkbuf_3_6__f_clk_regs/I (gf180mcu_fd_sc_mcu9t5v0__clkbuf_16)
    10    0.429595    0.534961    0.599041   27.866343 ^ clkbuf_3_6__f_clk_regs/Z (gf180mcu_fd_sc_mcu9t5v0__clkbuf_16)
                                                         clknet_3_6__leaf_clk_regs (net)
                      0.535148    0.005025   27.871368 ^ clkbuf_leaf_47_clk_regs/I (gf180mcu_fd_sc_mcu9t5v0__clkbuf_8)
    22    0.161241    0.422347    0.573083   28.444450 ^ clkbuf_leaf_47_clk_regs/Z (gf180mcu_fd_sc_mcu9t5v0__clkbuf_8)
                                                         clknet_leaf_47_clk_regs (net)
                      0.422351    0.002153   28.446604 ^ _18706_/CLK (gf180mcu_fd_sc_mcu9t5v0__dffrnq_1)
                                  0.000000   28.446604   clock reconvergence pessimism
                                 -0.464509   27.982096   library setup time
                                             27.982096   data required time
---------------------------------------------------------------------------------------------
                                             27.982096   data required time
                                            -32.199600   data arrival time
---------------------------------------------------------------------------------------------
                                             -4.217503   slack (VIOLATED)




===========================================================================
report_checks --slack_max -0.01
============================================================================
======================= min_ss_125C_4v50 Corner ===================================

Startpoint: _18150_ (rising edge-triggered flip-flop clocked by core_clk)
Endpoint: _18706_ (rising edge-triggered flip-flop clocked by core_clk)
Path Group: core_clk
Path Type: max

Fanout         Cap        Slew       Delay        Time   Description
---------------------------------------------------------------------------------------------
                                  0.000000    0.000000   clock core_clk (rise edge)
                                  0.000000    0.000000   clock source latency
     2    0.193991    0.000000    0.000000    0.000000 ^ clk (in)
                                                         clk (net)
                      0.060886    0.024904    0.024904 ^ clkbuf_regs_0_core_clk/I (gf180mcu_fd_sc_mcu9t5v0__clkbuf_16)
     1    0.046774    0.137042    0.288878    0.313782 ^ clkbuf_regs_0_core_clk/Z (gf180mcu_fd_sc_mcu9t5v0__clkbuf_16)
                                                         clk_regs (net)
                      0.137043    0.000542    0.314324 ^ clkbuf_0_clk_regs/I (gf180mcu_fd_sc_mcu9t5v0__clkbuf_16)
     4    0.225901    0.314698    0.424662    0.738987 ^ clkbuf_0_clk_regs/Z (gf180mcu_fd_sc_mcu9t5v0__clkbuf_16)
                                                         clknet_0_clk_regs (net)
                      0.314984    0.013183    0.752170 ^ clkbuf_2_0_0_clk_regs/I (gf180mcu_fd_sc_mcu9t5v0__clkbuf_8)
     2    0.124013    0.339847    0.478406    1.230575 ^ clkbuf_2_0_0_clk_regs/Z (gf180mcu_fd_sc_mcu9t5v0__clkbuf_8)
                                                         clknet_2_0_0_clk_regs (net)
                      0.339874    0.004521    1.235097 ^ clkbuf_3_1__f_clk_regs/I (gf180mcu_fd_sc_mcu9t5v0__clkbuf_16)
    14    0.484984    0.588384    0.629467    1.864564 ^ clkbuf_3_1__f_clk_regs/Z (gf180mcu_fd_sc_mcu9t5v0__clkbuf_16)
                                                         clknet_3_1__leaf_clk_regs (net)
                      0.590196    0.018281    1.882845 ^ clkbuf_leaf_13_clk_regs/I (gf180mcu_fd_sc_mcu9t5v0__clkbuf_8)
    21    0.163188    0.426388    0.585307    2.468152 ^ clkbuf_leaf_13_clk_regs/Z (gf180mcu_fd_sc_mcu9t5v0__clkbuf_8)
                                                         clknet_leaf_13_clk_regs (net)
                      0.426413    0.004900    2.473052 ^ _18150_/CLK (gf180mcu_fd_sc_mcu9t5v0__dffrnq_4)
    23    0.368563    1.731525    2.565247    5.038299 ^ _18150_/Q (gf180mcu_fd_sc_mcu9t5v0__dffrnq_4)
                                                         u_transform_scheduler_core.dft12_phase[2] (net)
                      1.731924    0.014361    5.052660 ^ _08890_/I (gf180mcu_fd_sc_mcu9t5v0__clkinv_1)
     7    0.072619    1.483804    1.259370    6.312029 v _08890_/ZN (gf180mcu_fd_sc_mcu9t5v0__clkinv_1)
                                                         _03729_ (net)
                      1.483804    0.000918    6.312948 v _09182_/A1 (gf180mcu_fd_sc_mcu9t5v0__nand2_1)
     6    0.068101    1.509180    1.323422    7.636370 ^ _09182_/ZN (gf180mcu_fd_sc_mcu9t5v0__nand2_1)
                                                         _04021_ (net)
                      1.509180    0.000858    7.637228 ^ _09183_/I (gf180mcu_fd_sc_mcu9t5v0__clkinv_2)
    29    0.547701    4.916574    3.326030   10.963258 v _09183_/ZN (gf180mcu_fd_sc_mcu9t5v0__clkinv_2)
                                                         _02000_ (net)
                      4.916615    0.008284   10.971542 v _11282_/S (gf180mcu_fd_sc_mcu9t5v0__mux2_1)
    23    0.430232    7.678889    6.040969   17.012510 ^ _11282_/Z (gf180mcu_fd_sc_mcu9t5v0__mux2_1)
                                                         _05906_ (net)
                      7.679254    0.030111   17.042622 ^ _11290_/C (gf180mcu_fd_sc_mcu9t5v0__aoi221_1)
     1    0.009213    2.058119    0.570333   17.612955 v _11290_/ZN (gf180mcu_fd_sc_mcu9t5v0__aoi221_1)
                                                         _05914_ (net)
                      2.058119    0.000194   17.613150 v _11293_/A2 (gf180mcu_fd_sc_mcu9t5v0__oai31_1)
     4    0.099677    5.504992    3.640000   21.253149 ^ _11293_/ZN (gf180mcu_fd_sc_mcu9t5v0__oai31_1)
                                                         _05917_ (net)
                      5.504998    0.009313   21.262463 ^ _11446_/A1 (gf180mcu_fd_sc_mcu9t5v0__nand3_1)
     2    0.010838    1.264918    0.445370   21.707832 v _11446_/ZN (gf180mcu_fd_sc_mcu9t5v0__nand3_1)
                                                         _06067_ (net)
                      1.264918    0.000197   21.708031 v _11466_/A1 (gf180mcu_fd_sc_mcu9t5v0__or2_1)
     2    0.023548    0.424247    1.112589   22.820620 v _11466_/Z (gf180mcu_fd_sc_mcu9t5v0__or2_1)
                                                         _06086_ (net)
                      0.424247    0.000778   22.821398 v _11499_/A2 (gf180mcu_fd_sc_mcu9t5v0__aoi21_1)
     2    0.018281    1.276416    0.671813   23.493210 ^ _11499_/ZN (gf180mcu_fd_sc_mcu9t5v0__aoi21_1)
                                                         _06118_ (net)
                      1.276416    0.000453   23.493662 ^ _11500_/A2 (gf180mcu_fd_sc_mcu9t5v0__and2_1)
     3    0.036942    0.753747    0.847775   24.341438 ^ _11500_/Z (gf180mcu_fd_sc_mcu9t5v0__and2_1)
                                                         _06119_ (net)
                      0.753748    0.001391   24.342829 ^ _11540_/A2 (gf180mcu_fd_sc_mcu9t5v0__oai211_1)
     3    0.040198    1.165197    0.833154   25.175983 v _11540_/ZN (gf180mcu_fd_sc_mcu9t5v0__oai211_1)
                                                         _06157_ (net)
                      1.165197    0.001428   25.177412 v _11558_/A2 (gf180mcu_fd_sc_mcu9t5v0__aoi21_1)
     2    0.016379    1.220159    0.874067   26.051477 ^ _11558_/ZN (gf180mcu_fd_sc_mcu9t5v0__aoi21_1)
                                                         _06174_ (net)
                      1.220159    0.000403   26.051882 ^ _11584_/A1 (gf180mcu_fd_sc_mcu9t5v0__aoi21_1)
     2    0.013324    0.578254    0.344007   26.395889 v _11584_/ZN (gf180mcu_fd_sc_mcu9t5v0__aoi21_1)
                                                         _06198_ (net)
                      0.578254    0.000139   26.396027 v _11595_/A1 (gf180mcu_fd_sc_mcu9t5v0__or2_1)
     3    0.024727    0.427804    0.894378   27.290405 v _11595_/Z (gf180mcu_fd_sc_mcu9t5v0__or2_1)
                                                         _06209_ (net)
                      0.427804    0.000297   27.290703 v _11621_/A1 (gf180mcu_fd_sc_mcu9t5v0__oai21_1)
     3    0.023630    1.378746    0.728130   28.018833 ^ _11621_/ZN (gf180mcu_fd_sc_mcu9t5v0__oai21_1)
                                                         _06233_ (net)
                      1.378746    0.000071   28.018904 ^ _11631_/A1 (gf180mcu_fd_sc_mcu9t5v0__nand2_1)
     1    0.007212    0.569493    0.244942   28.263845 v _11631_/ZN (gf180mcu_fd_sc_mcu9t5v0__nand2_1)
                                                         _06243_ (net)
                      0.569493    0.000071   28.263916 v _11639_/A2 (gf180mcu_fd_sc_mcu9t5v0__nand2_1)
     3    0.026520    1.212457    0.593175   28.857092 ^ _11639_/ZN (gf180mcu_fd_sc_mcu9t5v0__nand2_1)
                                                         _06250_ (net)
                      1.212457    0.000394   28.857487 ^ _11662_/A1 (gf180mcu_fd_sc_mcu9t5v0__aoi21_1)
     2    0.020710    1.072884    0.447139   29.304625 v _11662_/ZN (gf180mcu_fd_sc_mcu9t5v0__aoi21_1)
                                                         _06272_ (net)
                      1.072884    0.000282   29.304907 v _11677_/A1 (gf180mcu_fd_sc_mcu9t5v0__oai21_1)
     1    0.011780    1.146063    0.688360   29.993267 ^ _11677_/ZN (gf180mcu_fd_sc_mcu9t5v0__oai21_1)
                                                         _06286_ (net)
                      1.146063    0.000121   29.993389 ^ _11687_/A1 (gf180mcu_fd_sc_mcu9t5v0__xnor2_1)
     1    0.029839    1.294635    0.879101   30.872490 ^ _11687_/ZN (gf180mcu_fd_sc_mcu9t5v0__xnor2_1)
                                                         _06296_ (net)
                      1.294636    0.001634   30.874125 ^ _11688_/B1 (gf180mcu_fd_sc_mcu9t5v0__aoi221_1)
     1    0.010202    1.948168    0.560636   31.434759 v _11688_/ZN (gf180mcu_fd_sc_mcu9t5v0__aoi221_1)
                                                         _06297_ (net)
                      1.948168    0.000146   31.434906 v _11693_/A1 (gf180mcu_fd_sc_mcu9t5v0__oai21_1)
     1    0.005369    0.631572    0.764590   32.199497 ^ _11693_/ZN (gf180mcu_fd_sc_mcu9t5v0__oai21_1)
                                                         _00189_ (net)
                      0.631572    0.000103   32.199600 ^ _18706_/D (gf180mcu_fd_sc_mcu9t5v0__dffrnq_1)
                                             32.199600   data arrival time

                                 26.041668   26.041668   clock core_clk (rise edge)
                                  0.000000   26.041668   clock source latency
     2    0.193991    0.000000    0.000000   26.041668 ^ clk (in)
                                                         clk (net)
                      0.060886    0.024905   26.066572 ^ clkbuf_regs_0_core_clk/I (gf180mcu_fd_sc_mcu9t5v0__clkbuf_16)
     1    0.046774    0.137042    0.288878   26.355450 ^ clkbuf_regs_0_core_clk/Z (gf180mcu_fd_sc_mcu9t5v0__clkbuf_16)
                                                         clk_regs (net)
                      0.137043    0.000542   26.355991 ^ clkbuf_0_clk_regs/I (gf180mcu_fd_sc_mcu9t5v0__clkbuf_16)
     4    0.225901    0.314698    0.424663   26.780655 ^ clkbuf_0_clk_regs/Z (gf180mcu_fd_sc_mcu9t5v0__clkbuf_16)
                                                         clknet_0_clk_regs (net)
                      0.314852    0.010148   26.790804 ^ clkbuf_2_3_0_clk_regs/I (gf180mcu_fd_sc_mcu9t5v0__clkbuf_8)
     2    0.119219    0.329985    0.472578   27.263382 ^ clkbuf_2_3_0_clk_regs/Z (gf180mcu_fd_sc_mcu9t5v0__clkbuf_8)
                                                         clknet_2_3_0_clk_regs (net)
                      0.330005    0.003920   27.267302 ^ clkbuf_3_6__f_clk_regs/I (gf180mcu_fd_sc_mcu9t5v0__clkbuf_16)
    10    0.429595    0.534961    0.599041   27.866343 ^ clkbuf_3_6__f_clk_regs/Z (gf180mcu_fd_sc_mcu9t5v0__clkbuf_16)
                                                         clknet_3_6__leaf_clk_regs (net)
                      0.535148    0.005025   27.871368 ^ clkbuf_leaf_47_clk_regs/I (gf180mcu_fd_sc_mcu9t5v0__clkbuf_8)
    22    0.161241    0.422347    0.573083   28.444450 ^ clkbuf_leaf_47_clk_regs/Z (gf180mcu_fd_sc_mcu9t5v0__clkbuf_8)
                                                         clknet_leaf_47_clk_regs (net)
                      0.422351    0.002153   28.446604 ^ _18706_/CLK (gf180mcu_fd_sc_mcu9t5v0__dffrnq_1)
                                  0.000000   28.446604   clock reconvergence pessimism
                                 -0.464509   27.982096   library setup time
                                             27.982096   data required time
---------------------------------------------------------------------------------------------
                                             27.982096   data required time
                                            -32.199600   data arrival time
---------------------------------------------------------------------------------------------
                                             -4.217503   slack (VIOLATED)




===========================================================================
 report_check_types -max_slew -max_cap -max_fanout -violators
============================================================================
======================= min_ss_125C_4v50 Corner ===================================

max slew

Pin                                        Limit        Slew       Slack
------------------------------------------------------------------------
_16622_/A1                              7.200000    7.965534   -0.765534 (VIOLATED)
_17148_/I0                              7.200000    7.965531   -0.765532 (VIOLATED)
_15196_/I1                              7.200000    7.965513   -0.765513 (VIOLATED)
_17156_/I0                              7.200000    7.965477   -0.765477 (VIOLATED)
_08858_/I                               7.200000    7.965448   -0.765448 (VIOLATED)
_09455_/A2                              7.200000    7.965362   -0.765362 (VIOLATED)
_09564_/A2                              7.200000    7.965333   -0.765334 (VIOLATED)
_09486_/A2                              7.200000    7.965264   -0.765264 (VIOLATED)
_16965_/I0                              7.200000    7.964856   -0.764856 (VIOLATED)
_15530_/I0                              7.200000    7.964805   -0.764805 (VIOLATED)
_16196_/I0                              7.200000    7.964694   -0.764694 (VIOLATED)
_17344_/I0                              7.200000    7.964683   -0.764683 (VIOLATED)
_17066_/I0                              7.200000    7.964467   -0.764467 (VIOLATED)
_15497_/I0                              7.200000    7.964438   -0.764438 (VIOLATED)
_15489_/I0                              7.200000    7.964223   -0.764223 (VIOLATED)
_17058_/I0                              7.200000    7.964116   -0.764116 (VIOLATED)
_17226_/I0                              7.200000    7.963758   -0.763758 (VIOLATED)
_17122_/I0                              7.200000    7.963738   -0.763738 (VIOLATED)
_17074_/I0                              7.200000    7.962919   -0.762919 (VIOLATED)
_15538_/I0                              7.200000    7.962642   -0.762642 (VIOLATED)
_17135_/I0                              7.200000    7.962158   -0.762158 (VIOLATED)
_17271_/B2                              7.200000    7.961832   -0.761832 (VIOLATED)
input1/Z                                7.200000    7.958570   -0.758570 (VIOLATED)
_11592_/B                               7.200000    7.950523   -0.750523 (VIOLATED)
_11536_/C                               7.200000    7.950507   -0.750507 (VIOLATED)
max_cap137/I                            7.200000    7.950477   -0.750477 (VIOLATED)
_11754_/A1                              7.200000    7.950473   -0.750473 (VIOLATED)
_11744_/B                               7.200000    7.950472   -0.750473 (VIOLATED)
_11409_/A1                              7.200000    7.950467   -0.750467 (VIOLATED)
_11414_/A1                              7.200000    7.950467   -0.750467 (VIOLATED)
_11287_/B                               7.200000    7.950461   -0.750461 (VIOLATED)
_11293_/A1                              7.200000    7.950461   -0.750461 (VIOLATED)
_11490_/B                               7.200000    7.950449   -0.750449 (VIOLATED)
_11730_/A1                              7.200000    7.950437   -0.750437 (VIOLATED)
_11724_/C                               7.200000    7.950428   -0.750428 (VIOLATED)
_11428_/C                               7.200000    7.950395   -0.750395 (VIOLATED)
_11276_/ZN                              7.200000    7.950370   -0.750370 (VIOLATED)
_11437_/A1                              7.200000    7.950370   -0.750370 (VIOLATED)
_09532_/A1                              7.200000    7.919894   -0.719894 (VIOLATED)
_09457_/A2                              7.200000    7.919891   -0.719891 (VIOLATED)
_09545_/A1                              7.200000    7.919886   -0.719886 (VIOLATED)
_15499_/I0                              7.200000    7.919866   -0.719866 (VIOLATED)
_17079_/A1                              7.200000    7.919783   -0.719783 (VIOLATED)
_15540_/I0                              7.200000    7.919576   -0.719576 (VIOLATED)
_15491_/I0                              7.200000    7.919422   -0.719422 (VIOLATED)
_17082_/A2                              7.200000    7.918816   -0.718816 (VIOLATED)
_17060_/I0                              7.200000    7.918780   -0.718781 (VIOLATED)
_17137_/I0                              7.200000    7.918742   -0.718742 (VIOLATED)
_08856_/I                               7.200000    7.918058   -0.718059 (VIOLATED)
_16663_/A1                              7.200000    7.918037   -0.718037 (VIOLATED)
_15198_/I1                              7.200000    7.918031   -0.718031 (VIOLATED)
_17150_/I0                              7.200000    7.918017   -0.718017 (VIOLATED)
_17158_/I0                              7.200000    7.917769   -0.717769 (VIOLATED)
_17068_/I0                              7.200000    7.917469   -0.717469 (VIOLATED)
_16206_/I0                              7.200000    7.916750   -0.716750 (VIOLATED)
_17346_/I0                              7.200000    7.916736   -0.716736 (VIOLATED)
_10079_/A1                              7.200000    7.915767   -0.715767 (VIOLATED)
_10078_/C                               7.200000    7.915762   -0.715763 (VIOLATED)
_16632_/C                               7.200000    7.915738   -0.715738 (VIOLATED)
_16634_/A1                              7.200000    7.915725   -0.715725 (VIOLATED)
_16696_/C                               7.200000    7.915705   -0.715705 (VIOLATED)
_16697_/A1                              7.200000    7.915701   -0.715701 (VIOLATED)
_10451_/A1                              7.200000    7.915635   -0.715635 (VIOLATED)
_16675_/C                               7.200000    7.915571   -0.715571 (VIOLATED)
_10001_/A1                              7.200000    7.915558   -0.715558 (VIOLATED)
_16676_/A1                              7.200000    7.915473   -0.715473 (VIOLATED)
_16716_/C                               7.200000    7.915410   -0.715410 (VIOLATED)
_10134_/C                               7.200000    7.915365   -0.715365 (VIOLATED)
_10135_/A1                              7.200000    7.915349   -0.715349 (VIOLATED)
_15532_/I0                              7.200000    7.915308   -0.715309 (VIOLATED)
_16824_/A1                              7.200000    7.914887   -0.714887 (VIOLATED)
_16826_/A1                              7.200000    7.914865   -0.714865 (VIOLATED)
_10293_/C                               7.200000    7.914846   -0.714846 (VIOLATED)
_10243_/C                               7.200000    7.914842   -0.714842 (VIOLATED)
_16847_/A1                              7.200000    7.914838   -0.714838 (VIOLATED)
_10370_/A1                              7.200000    7.914830   -0.714830 (VIOLATED)
_09055_/ZN                              7.200000    7.914798   -0.714798 (VIOLATED)
_10318_/C                               7.200000    7.914798   -0.714798 (VIOLATED)
_10368_/A1                              7.200000    7.914798   -0.714798 (VIOLATED)
_16846_/C                               7.200000    7.914798   -0.714798 (VIOLATED)
_16866_/C                               7.200000    7.914798   -0.714798 (VIOLATED)
_16867_/A1                              7.200000    7.914798   -0.714798 (VIOLATED)
_16884_/C                               7.200000    7.914798   -0.714798 (VIOLATED)
_16903_/C                               7.200000    7.914798   -0.714798 (VIOLATED)
_16938_/C                               7.200000    7.914798   -0.714798 (VIOLATED)
input3/Z                                7.200000    7.912745   -0.712745 (VIOLATED)
_08857_/I                               7.200000    7.731248   -0.531248 (VIOLATED)
_17149_/I0                              7.200000    7.731199   -0.531199 (VIOLATED)
_15197_/I1                              7.200000    7.731170   -0.531170 (VIOLATED)
_16643_/A1                              7.200000    7.731147   -0.531147 (VIOLATED)
_17157_/I0                              7.200000    7.730975   -0.530975 (VIOLATED)
_09332_/A1                              7.200000    7.730824   -0.530824 (VIOLATED)
_09331_/A1                              7.200000    7.730820   -0.530820 (VIOLATED)
_09460_/A1                              7.200000    7.730818   -0.530818 (VIOLATED)
_09546_/A1                              7.200000    7.730776   -0.530776 (VIOLATED)
_09486_/A1                              7.200000    7.730726   -0.530726 (VIOLATED)
_15539_/I0                              7.200000    7.730506   -0.530506 (VIOLATED)
_15490_/I0                              7.200000    7.730402   -0.530402 (VIOLATED)
_15498_/I0                              7.200000    7.730345   -0.530345 (VIOLATED)
_17136_/I0                              7.200000    7.729337   -0.529337 (VIOLATED)
_17076_/A2                              7.200000    7.729272   -0.529272 (VIOLATED)
_17059_/I0                              7.200000    7.728590   -0.528591 (VIOLATED)
_17067_/I0                              7.200000    7.728202   -0.528202 (VIOLATED)
_16201_/I0                              7.200000    7.727836   -0.527836 (VIOLATED)
_17345_/I0                              7.200000    7.727829   -0.527829 (VIOLATED)
_15531_/I0                              7.200000    7.725202   -0.525202 (VIOLATED)
input2/Z                                7.200000    7.721719   -0.521720 (VIOLATED)
_11607_/A2                              7.200000    7.682158   -0.482157 (VIOLATED)
_11668_/B                               7.200000    7.682121   -0.482121 (VIOLATED)
_11669_/A2                              7.200000    7.682111   -0.482111 (VIOLATED)
_12006_/A2                              7.200000    7.682023   -0.482023 (VIOLATED)
_11927_/A2                              7.200000    7.681914   -0.481914 (VIOLATED)
_11970_/B                               7.200000    7.681839   -0.481839 (VIOLATED)
_11909_/A2                              7.200000    7.681558   -0.481558 (VIOLATED)
_11651_/C                               7.200000    7.681427   -0.481426 (VIOLATED)
_11574_/B                               7.200000    7.681378   -0.481378 (VIOLATED)
_11851_/A2                              7.200000    7.681278   -0.481278 (VIOLATED)
_11809_/A2                              7.200000    7.680663   -0.480663 (VIOLATED)
_11474_/A2                              7.200000    7.680411   -0.480411 (VIOLATED)
_11787_/A2                              7.200000    7.680155   -0.480155 (VIOLATED)
_11752_/C                               7.200000    7.679967   -0.479967 (VIOLATED)
_11494_/A2                              7.200000    7.679531   -0.479531 (VIOLATED)
_11290_/C                               7.200000    7.679254   -0.479254 (VIOLATED)
_11727_/C                               7.200000    7.679108   -0.479108 (VIOLATED)
_11432_/C                               7.200000    7.678966   -0.478966 (VIOLATED)
_11534_/B                               7.200000    7.678914   -0.478914 (VIOLATED)
_11282_/Z                               7.200000    7.678889   -0.478889 (VIOLATED)
_11512_/B                               7.200000    7.678889   -0.478889 (VIOLATED)
_11535_/A2                              7.200000    7.678889   -0.478889 (VIOLATED)
_11707_/B                               7.200000    7.678889   -0.478889 (VIOLATED)
_11710_/A1                              7.200000    7.678889   -0.478889 (VIOLATED)
_12063_/B1                              7.200000    7.658478   -0.458478 (VIOLATED)
_12051_/B1                              7.200000    7.658476   -0.458476 (VIOLATED)
_12056_/B1                              7.200000    7.658470   -0.458470 (VIOLATED)
_12043_/B1                              7.200000    7.658458   -0.458458 (VIOLATED)
_12141_/B1                              7.200000    7.658458   -0.458458 (VIOLATED)
_12026_/B1                              7.200000    7.658448   -0.458448 (VIOLATED)
_12038_/B1                              7.200000    7.658441   -0.458441 (VIOLATED)
_12031_/B1                              7.200000    7.658426   -0.458426 (VIOLATED)
_12179_/B1                              7.200000    7.658414   -0.458414 (VIOLATED)
_12172_/B1                              7.200000    7.658413   -0.458413 (VIOLATED)
_12166_/B1                              7.200000    7.658406   -0.458406 (VIOLATED)
_12153_/B1                              7.200000    7.658403   -0.458403 (VIOLATED)
_09346_/ZN                              7.200000    7.658375   -0.458376 (VIOLATED)
_12147_/B1                              7.200000    7.658375   -0.458376 (VIOLATED)
_12160_/B1                              7.200000    7.658375   -0.458376 (VIOLATED)
_12290_/A1                              7.200000    7.583705   -0.383706 (VIOLATED)
_11326_/A1                              7.200000    7.583704   -0.383704 (VIOLATED)
_12266_/A1                              7.200000    7.583703   -0.383703 (VIOLATED)
_11376_/A1                              7.200000    7.583700   -0.383700 (VIOLATED)
_12276_/B2                              7.200000    7.583693   -0.383693 (VIOLATED)
_12267_/A1                              7.200000    7.583681   -0.383681 (VIOLATED)
_12268_/A1                              7.200000    7.583679   -0.383679 (VIOLATED)
_11396_/A1                              7.200000    7.583665   -0.383666 (VIOLATED)
_11345_/A1                              7.200000    7.583650   -0.383650 (VIOLATED)
_11395_/A1                              7.200000    7.583639   -0.383639 (VIOLATED)
_11361_/A1                              7.200000    7.583613   -0.383613 (VIOLATED)
_11370_/A2                              7.200000    7.583580   -0.383580 (VIOLATED)
_12258_/A1                              7.200000    7.583560   -0.383561 (VIOLATED)
_11389_/A1                              7.200000    7.583560   -0.383560 (VIOLATED)
_11394_/A1                              7.200000    7.583555   -0.383555 (VIOLATED)
_11327_/A2                              7.200000    7.583552   -0.383552 (VIOLATED)
_11315_/ZN                              7.200000    7.583302   -0.383301 (VIOLATED)
_08855_/I                               7.200000    7.546204   -0.346204 (VIOLATED)
_17151_/I0                              7.200000    7.546174   -0.346174 (VIOLATED)
_15199_/I1                              7.200000    7.546134   -0.346134 (VIOLATED)
_16685_/A1                              7.200000    7.546131   -0.346131 (VIOLATED)
_15541_/I0                              7.200000    7.546069   -0.346069 (VIOLATED)
_15492_/I0                              7.200000    7.546011   -0.346011 (VIOLATED)
_17159_/I0                              7.200000    7.545998   -0.345998 (VIOLATED)
_09457_/A1                              7.200000    7.545836   -0.345836 (VIOLATED)
_09468_/A1                              7.200000    7.545836   -0.345836 (VIOLATED)
_09330_/A1                              7.200000    7.545832   -0.345832 (VIOLATED)
_15500_/I0                              7.200000    7.545657   -0.345657 (VIOLATED)
_17138_/I0                              7.200000    7.544877   -0.344877 (VIOLATED)
_17085_/A1                              7.200000    7.544786   -0.344786 (VIOLATED)
_17088_/A2                              7.200000    7.544699   -0.344699 (VIOLATED)
_17061_/I0                              7.200000    7.544466   -0.344466 (VIOLATED)
_17069_/I0                              7.200000    7.544204   -0.344204 (VIOLATED)
_17347_/I0                              7.200000    7.543220   -0.343220 (VIOLATED)
_16211_/I0                              7.200000    7.542945   -0.342945 (VIOLATED)
_15533_/I0                              7.200000    7.541719   -0.341720 (VIOLATED)
input4/Z                                7.200000    7.539586   -0.339586 (VIOLATED)
_13389_/B2                              7.200000    7.536797   -0.336797 (VIOLATED)
_13377_/A1                              7.200000    7.536786   -0.336786 (VIOLATED)
_13381_/A1                              7.200000    7.536778   -0.336779 (VIOLATED)
_13782_/B2                              7.200000    7.536643   -0.336643 (VIOLATED)
_13363_/B2                              7.200000    7.536635   -0.336636 (VIOLATED)
_13337_/B2                              7.200000    7.536634   -0.336635 (VIOLATED)
_13326_/B2                              7.200000    7.536631   -0.336631 (VIOLATED)
_13291_/B2                              7.200000    7.536625   -0.336625 (VIOLATED)
_13302_/B2                              7.200000    7.536619   -0.336619 (VIOLATED)
_09356_/ZN                              7.200000    7.536521   -0.336521 (VIOLATED)
_09363_/A1                              7.200000    7.536521   -0.336521 (VIOLATED)
_12357_/A1                              7.200000    7.536521   -0.336521 (VIOLATED)
_11993_/B2                              7.200000    7.524099   -0.324099 (VIOLATED)
_12015_/B2                              7.200000    7.524099   -0.324099 (VIOLATED)
_11954_/A1                              7.200000    7.524087   -0.324087 (VIOLATED)
_11975_/A1                              7.200000    7.524085   -0.324085 (VIOLATED)
_11934_/A1                              7.200000    7.524084   -0.324084 (VIOLATED)
_11915_/A1                              7.200000    7.524069   -0.324069 (VIOLATED)
_11578_/A1                              7.200000    7.524057   -0.324057 (VIOLATED)
_11612_/A1                              7.200000    7.524047   -0.324047 (VIOLATED)
_11673_/A1                              7.200000    7.524035   -0.324035 (VIOLATED)
_11688_/B2                              7.200000    7.524032   -0.324032 (VIOLATED)
_11560_/B2                              7.200000    7.524004   -0.324004 (VIOLATED)
_11597_/A1                              7.200000    7.523872   -0.323873 (VIOLATED)
_11541_/A1                              7.200000    7.523656   -0.323657 (VIOLATED)
_11116_/B2                              7.200000    7.523639   -0.323639 (VIOLATED)
_11133_/B2                              7.200000    7.523633   -0.323634 (VIOLATED)
_11520_/A1                              7.200000    7.523565   -0.323565 (VIOLATED)
_10867_/B2                              7.200000    7.523400   -0.323400 (VIOLATED)
_10883_/B2                              7.200000    7.523395   -0.323395 (VIOLATED)
_11801_/B                               7.200000    7.523332   -0.323332 (VIOLATED)
_09347_/A2                              7.200000    7.523278   -0.323278 (VIOLATED)
_12313_/A2                              7.200000    7.523274   -0.323274 (VIOLATED)
_11416_/B2                              7.200000    7.523229   -0.323229 (VIOLATED)
_11732_/B2                              7.200000    7.523221   -0.323221 (VIOLATED)
_10806_/B2                              7.200000    7.523129   -0.323129 (VIOLATED)
_11072_/B2                              7.200000    7.523080   -0.323080 (VIOLATED)
_11040_/B2                              7.200000    7.523078   -0.323078 (VIOLATED)
_11087_/B2                              7.200000    7.523078   -0.323078 (VIOLATED)
_10852_/B2                              7.200000    7.523075   -0.323075 (VIOLATED)
_11058_/B2                              7.200000    7.523070   -0.323070 (VIOLATED)
_10822_/B2                              7.200000    7.523059   -0.323059 (VIOLATED)
_09301_/Z                               7.200000    7.523035   -0.323035 (VIOLATED)
_13315_/A2                              7.200000    7.462383   -0.262383 (VIOLATED)
_13314_/B                               7.200000    7.462347   -0.262347 (VIOLATED)
_12358_/I                               7.200000    7.462337   -0.262337 (VIOLATED)
_13363_/A2                              7.200000    7.462324   -0.262324 (VIOLATED)
_13349_/A2                              7.200000    7.462317   -0.262317 (VIOLATED)
_13337_/A2                              7.200000    7.462303   -0.262303 (VIOLATED)
_13326_/A2                              7.200000    7.462293   -0.262293 (VIOLATED)
_13291_/A2                              7.200000    7.462274   -0.262274 (VIOLATED)
_13302_/A2                              7.200000    7.462259   -0.262260 (VIOLATED)
_13782_/A2                              7.200000    7.462207   -0.262207 (VIOLATED)
max_cap91/I                             7.200000    7.462207   -0.262207 (VIOLATED)
_12357_/ZN                              7.200000    7.462178   -0.262178 (VIOLATED)
_11248_/A2                              7.200000    7.403070   -0.203070 (VIOLATED)
_11263_/A2                              7.200000    7.403069   -0.203069 (VIOLATED)
_11233_/A2                              7.200000    7.403052   -0.203052 (VIOLATED)
_11218_/A2                              7.200000    7.403024   -0.203024 (VIOLATED)
_11205_/A2                              7.200000    7.403004   -0.203004 (VIOLATED)
_11163_/A2                              7.200000    7.402934   -0.202934 (VIOLATED)
_11190_/A2                              7.200000    7.402876   -0.202876 (VIOLATED)
_11176_/A2                              7.200000    7.402810   -0.202810 (VIOLATED)
_11150_/A2                              7.200000    7.402587   -0.202587 (VIOLATED)
_11134_/A1                              7.200000    7.401688   -0.201688 (VIOLATED)
_11119_/A2                              7.200000    7.401608   -0.201608 (VIOLATED)
_11117_/A2                              7.200000    7.401428   -0.201428 (VIOLATED)
_11118_/A1                              7.200000    7.401330   -0.201330 (VIOLATED)
_11103_/A2                              7.200000    7.401102   -0.201102 (VIOLATED)
_11104_/A1                              7.200000    7.401088   -0.201088 (VIOLATED)
_11073_/A2                              7.200000    7.400928   -0.200928 (VIOLATED)
_11074_/A1                              7.200000    7.400926   -0.200925 (VIOLATED)
_11075_/A2                              7.200000    7.400913   -0.200913 (VIOLATED)
_11041_/A2                              7.200000    7.400913   -0.200913 (VIOLATED)
_11042_/A1                              7.200000    7.400911   -0.200911 (VIOLATED)
_11088_/A1                              7.200000    7.400880   -0.200880 (VIOLATED)
_11043_/A2                              7.200000    7.400804   -0.200804 (VIOLATED)
_11059_/A1                              7.200000    7.400765   -0.200765 (VIOLATED)
_11028_/I                               7.200000    7.400641   -0.200641 (VIOLATED)
_11027_/ZN                              7.200000    7.400570   -0.200570 (VIOLATED)
_11029_/A2                              7.200000    7.400570   -0.200570 (VIOLATED)
_15542_/I0                              7.200000    7.290987   -0.090988 (VIOLATED)
_15493_/I0                              7.200000    7.290935   -0.090935 (VIOLATED)
_16706_/A1                              7.200000    7.290589   -0.090589 (VIOLATED)
_15200_/I1                              7.200000    7.290580   -0.090580 (VIOLATED)
_17091_/A1                              7.200000    7.290580   -0.090580 (VIOLATED)
_17092_/A1                              7.200000    7.290578   -0.090578 (VIOLATED)
_09327_/A4                              7.200000    7.290576   -0.090576 (VIOLATED)
_08854_/I                               7.200000    7.290574   -0.090574 (VIOLATED)
_17152_/I0                              7.200000    7.290555   -0.090555 (VIOLATED)
_17160_/I0                              7.200000    7.290482   -0.090482 (VIOLATED)
_17094_/A2                              7.200000    7.290392   -0.090392 (VIOLATED)
_17139_/I0                              7.200000    7.290349   -0.090350 (VIOLATED)
_17062_/I0                              7.200000    7.290272   -0.090272 (VIOLATED)
_17070_/I0                              7.200000    7.289945   -0.089945 (VIOLATED)
_15501_/I0                              7.200000    7.289839   -0.089839 (VIOLATED)
_17348_/I0                              7.200000    7.289313   -0.089313 (VIOLATED)
_16216_/I0                              7.200000    7.289066   -0.089066 (VIOLATED)
_15534_/I0                              7.200000    7.287726   -0.087727 (VIOLATED)
input5/Z                                7.200000    7.285642   -0.085642 (VIOLATED)

max capacitance

Pin                                        Limit         Cap       Slack
------------------------------------------------------------------------
_09055_/ZN                              0.370600    0.440854   -0.070254 (VIOLATED)
input1/Z                                0.387700    0.445676   -0.057976 (VIOLATED)
input3/Z                                0.387700    0.442999   -0.055299 (VIOLATED)
input2/Z                                0.387700    0.432756   -0.045056 (VIOLATED)
_11282_/Z                               0.388600    0.430232   -0.041632 (VIOLATED)
input4/Z                                0.387700    0.421859   -0.034159 (VIOLATED)
_11276_/ZN                              0.192500    0.224040   -0.031540 (VIOLATED)
_09301_/Z                               0.388400    0.419689   -0.031289 (VIOLATED)
_11027_/ZN                              0.335400    0.366542   -0.031142 (VIOLATED)
_09346_/ZN                              0.193000    0.219648   -0.026648 (VIOLATED)
_09356_/ZN                              0.193000    0.216128   -0.023128 (VIOLATED)
_12357_/ZN                              0.193000    0.213997   -0.020997 (VIOLATED)
_11315_/ZN                              0.192500    0.213448   -0.020948 (VIOLATED)
input5/Z                                0.387700    0.407388   -0.019688 (VIOLATED)
_17517_/ZN                              0.291800    0.308988   -0.017188 (VIOLATED)
input8/Z                                0.387700    0.398879   -0.011179 (VIOLATED)
_17025_/ZN                              0.193000    0.201698   -0.008698 (VIOLATED)
_15605_/ZN                              0.254900    0.263255   -0.008355 (VIOLATED)
_09307_/ZN                              0.291800    0.300059   -0.008259 (VIOLATED)
_09723_/ZN                              0.193000    0.197562   -0.004562 (VIOLATED)
input6/Z                                0.387700    0.389332   -0.001632 (VIOLATED)
_10205_/ZN                              0.193000    0.194103   -0.001103 (VIOLATED)



===========================================================================
report_parasitic_annotation -report_unannotated
============================================================================
Found 88 unannotated drivers.
 clkload0/Z
 clkload1/Z
 clkload10/ZN
 clkload11/ZN
 clkload12/ZN
 clkload13/Z
 clkload14/ZN
 clkload15/ZN
 clkload16/ZN
 clkload17/ZN
 clkload18/ZN
 clkload19/Z
 clkload2/ZN
 clkload20/ZN
 clkload21/Z
 clkload22/ZN
 clkload23/ZN
 clkload24/ZN
 clkload25/ZN
 clkload26/ZN
 clkload27/ZN
 clkload28/ZN
 clkload29/ZN
 clkload3/ZN
 clkload30/ZN
 clkload31/ZN
 clkload32/ZN
 clkload33/Z
 clkload34/ZN
 clkload35/Z
 clkload36/Z
 clkload37/ZN
 clkload38/ZN
 clkload39/ZN
 clkload4/ZN
 clkload40/ZN
 clkload41/ZN
 clkload42/ZN
 clkload43/ZN
 clkload44/ZN
 clkload45/ZN
 clkload46/ZN
 clkload47/ZN
 clkload48/Z
 clkload49/ZN
 clkload5/ZN
 clkload50/ZN
 clkload51/ZN
 clkload52/ZN
 clkload53/ZN
 clkload54/ZN
 clkload55/ZN
 clkload56/Z
 clkload57/ZN
 clkload58/ZN
 clkload59/ZN
 clkload6/ZN
 clkload60/ZN
 clkload61/Z
 clkload62/ZN
 clkload63/ZN
 clkload64/ZN
 clkload65/ZN
 clkload66/ZN
 clkload67/ZN
 clkload68/ZN
 clkload69/ZN
 clkload7/ZN
 clkload70/ZN
 clkload71/Z
 clkload72/ZN
 clkload73/ZN
 clkload74/ZN
 clkload75/ZN
 clkload76/ZN
 clkload77/ZN
 clkload78/Z
 clkload79/ZN
 clkload8/ZN
 clkload80/Z
 clkload81/ZN
 clkload82/ZN
 clkload83/ZN
 clkload84/ZN
 clkload85/ZN
 clkload86/Z
 clkload87/ZN
 clkload9/ZN
Found 0 partially unannotated drivers.

===========================================================================
max slew violation count 283
max fanout violation count 0
max cap violation count 22
============================================================================

===========================================================================
check_setup -verbose -unconstrained_endpoints -multiple_clock -no_clock -no_input_delay -loops -generated_clocks
===========================================================================
