OpenROAD 26Q2-254-g61932e897 
Features included (+) or not (-): +GPU +GUI +Python
This program is licensed under the BSD-3 license. See the LICENSE file for details.
Components of this program may be licensed under more restrictive licenses which must be honored.
[INFO ODB-0388] unsupported LEF58_EOLENCLOSURE property for layer Via1 :"
  	EOLENCLOSURE 0.34 0.06 ;"
[INFO ODB-0388] unsupported LEF58_EOLENCLOSURE property for layer Via2 :" EOLENCLOSURE 0.34 0.06 ; "
[INFO ODB-0388] unsupported LEF58_EOLENCLOSURE property for layer Via3 :" EOLENCLOSURE 0.34 0.06 ; "
[INFO ODB-0388] unsupported LEF58_EOLENCLOSURE property for layer Via4 :" EOLENCLOSURE 0.34 0.06 ; "
[INFO ODB-0227] LEF file: /foss/pdks/gf180mcuD/libs.ref/gf180mcu_fd_sc_mcu9t5v0/techlef/gf180mcu_fd_sc_mcu9t5v0__nom.tlef, created 15 layers, 56 vias
[WARNING ODB-0220] WARNING (LEFPARS-2008): NOWIREEXTENSIONATPIN statement is obsolete in version 5.6 or later.
The NOWIREEXTENSIONATPIN statement will be ignored. See file /foss/pdks/gf180mcuD/libs.ref/gf180mcu_fd_sc_mcu9t5v0/lef/gf180mcu_fd_sc_mcu9t5v0.lef at line 2.

[INFO ODB-0227] LEF file: /foss/pdks/gf180mcuD/libs.ref/gf180mcu_fd_sc_mcu9t5v0/lef/gf180mcu_fd_sc_mcu9t5v0.lef, created 229 library cells
[WARNING ODB-0220] WARNING (LEFPARS-2008): NOWIREEXTENSIONATPIN statement is obsolete in version 5.6 or later.
The NOWIREEXTENSIONATPIN statement will be ignored. See file /foss/pdks/gf180mcuD/libs.ref/gf180mcu_fd_ip_sram/lef/gf180mcu_fd_ip_sram__sram256x8m8wm1.lef at line 2.

[INFO ODB-0227] LEF file: /foss/pdks/gf180mcuD/libs.ref/gf180mcu_fd_ip_sram/lef/gf180mcu_fd_ip_sram__sram256x8m8wm1.lef, created 1 library cells
FF 1028160 3286080 w=[56000] h=[10080]
[WARNING DPL-0005] Overlap check failed (1).
[WARNING DPL-0011] Padding check failed (1).
[ERROR DPL-0033] detailed placement checks failed during check placement.
[WARNING DPL-0005] Overlap check failed (1).
[WARNING DPL-0011] Padding check failed (1).
[ERROR DPL-0033] detailed placement checks failed during check placement.
[WARNING DPL-0005] Overlap check failed (1).
[WARNING DPL-0011] Padding check failed (1).
[ERROR DPL-0033] detailed placement checks failed during check placement.
[WARNING DPL-0005] Overlap check failed (1).
[WARNING DPL-0011] Padding check failed (1).
[ERROR DPL-0033] detailed placement checks failed during check placement.
[WARNING DPL-0005] Overlap check failed (1).
[WARNING DPL-0011] Padding check failed (1).
[ERROR DPL-0033] detailed placement checks failed during check placement.
[WARNING DPL-0005] Overlap check failed (1).
[WARNING DPL-0011] Padding check failed (1).
[ERROR DPL-0033] detailed placement checks failed during check placement.
[WARNING DPL-0005] Overlap check failed (1).
[WARNING DPL-0011] Padding check failed (1).
[ERROR DPL-0033] detailed placement checks failed during check placement.
[WARNING DPL-0005] Overlap check failed (1).
[WARNING DPL-0011] Padding check failed (1).
[ERROR DPL-0033] detailed placement checks failed during check placement.
[WARNING DPL-0005] Overlap check failed (1).
[WARNING DPL-0011] Padding check failed (1).
[ERROR DPL-0033] detailed placement checks failed during check placement.
[WARNING DPL-0005] Overlap check failed (1).
[WARNING DPL-0011] Padding check failed (1).
[ERROR DPL-0033] detailed placement checks failed during check placement.
[WARNING DPL-0005] Overlap check failed (1).
[WARNING DPL-0011] Padding check failed (1).
[ERROR DPL-0033] detailed placement checks failed during check placement.
[WARNING DPL-0005] Overlap check failed (1).
[WARNING DPL-0011] Padding check failed (1).
[ERROR DPL-0033] detailed placement checks failed during check placement.
[WARNING DPL-0005] Overlap check failed (1).
[WARNING DPL-0011] Padding check failed (1).
[ERROR DPL-0033] detailed placement checks failed during check placement.
[WARNING DPL-0005] Overlap check failed (1).
[WARNING DPL-0011] Padding check failed (1).
[ERROR DPL-0033] detailed placement checks failed during check placement.
[WARNING DPL-0005] Overlap check failed (1).
[WARNING DPL-0011] Padding check failed (1).
[ERROR DPL-0033] detailed placement checks failed during check placement.
[WARNING DPL-0005] Overlap check failed (1).
[WARNING DPL-0011] Padding check failed (1).
[ERROR DPL-0033] detailed placement checks failed during check placement.
[WARNING DPL-0005] Overlap check failed (1).
[WARNING DPL-0011] Padding check failed (1).
[ERROR DPL-0033] detailed placement checks failed during check placement.
[WARNING DPL-0005] Overlap check failed (1).
[WARNING DPL-0011] Padding check failed (1).
[ERROR DPL-0033] detailed placement checks failed during check placement.
[WARNING DPL-0005] Overlap check failed (1).
[WARNING DPL-0011] Padding check failed (1).
[ERROR DPL-0033] detailed placement checks failed during check placement.
[WARNING DPL-0005] Overlap check failed (1).
[WARNING DPL-0011] Padding check failed (1).
[ERROR DPL-0033] detailed placement checks failed during check placement.
[WARNING DPL-0005] Overlap check failed (1).
[WARNING DPL-0011] Padding check failed (1).
[ERROR DPL-0033] detailed placement checks failed during check placement.
[WARNING DPL-0005] Overlap check failed (1).
[WARNING DPL-0011] Padding check failed (1).
[ERROR DPL-0033] detailed placement checks failed during check placement.
[WARNING DPL-0005] Overlap check failed (1).
[WARNING DPL-0011] Padding check failed (1).
[ERROR DPL-0033] detailed placement checks failed during check placement.
[WARNING DPL-0005] Overlap check failed (1).
[WARNING DPL-0011] Padding check failed (1).
[ERROR DPL-0033] detailed placement checks failed during check placement.
[WARNING DPL-0005] Overlap check failed (1).
[WARNING DPL-0011] Padding check failed (1).
[ERROR DPL-0033] detailed placement checks failed during check placement.
[WARNING DPL-0005] Overlap check failed (1).
[WARNING DPL-0011] Padding check failed (1).
[ERROR DPL-0033] detailed placement checks failed during check placement.
[WARNING DPL-0005] Overlap check failed (1).
[WARNING DPL-0011] Padding check failed (1).
[ERROR DPL-0033] detailed placement checks failed during check placement.
[WARNING DPL-0005] Overlap check failed (1).
[WARNING DPL-0011] Padding check failed (1).
[ERROR DPL-0033] detailed placement checks failed during check placement.
[WARNING DPL-0005] Overlap check failed (1).
[WARNING DPL-0011] Padding check failed (1).
[ERROR DPL-0033] detailed placement checks failed during check placement.
[WARNING DPL-0005] Overlap check failed (1).
[WARNING DPL-0011] Padding check failed (1).
[ERROR DPL-0033] detailed placement checks failed during check placement.
[WARNING DPL-0005] Overlap check failed (1).
[WARNING DPL-0011] Padding check failed (1).
[ERROR DPL-0033] detailed placement checks failed during check placement.
[WARNING DPL-0005] Overlap check failed (1).
[WARNING DPL-0011] Padding check failed (1).
[ERROR DPL-0033] detailed placement checks failed during check placement.
[WARNING DPL-0005] Overlap check failed (1).
[WARNING DPL-0011] Padding check failed (1).
[ERROR DPL-0033] detailed placement checks failed during check placement.
[WARNING DPL-0005] Overlap check failed (1).
[WARNING DPL-0011] Padding check failed (1).
[ERROR DPL-0033] detailed placement checks failed during check placement.
[WARNING DPL-0005] Overlap check failed (1).
[WARNING DPL-0011] Padding check failed (1).
[ERROR DPL-0033] detailed placement checks failed during check placement.
[WARNING DPL-0005] Overlap check failed (1).
[WARNING DPL-0011] Padding check failed (1).
[ERROR DPL-0033] detailed placement checks failed during check placement.
[WARNING DPL-0005] Overlap check failed (1).
[WARNING DPL-0011] Padding check failed (1).
[ERROR DPL-0033] detailed placement checks failed during check placement.
[WARNING DPL-0005] Overlap check failed (1).
[WARNING DPL-0011] Padding check failed (1).
[ERROR DPL-0033] detailed placement checks failed during check placement.
[WARNING DPL-0005] Overlap check failed (1).
[WARNING DPL-0011] Padding check failed (1).
[ERROR DPL-0033] detailed placement checks failed during check placement.
[WARNING DPL-0005] Overlap check failed (1).
[WARNING DPL-0011] Padding check failed (1).
[ERROR DPL-0033] detailed placement checks failed during check placement.
[WARNING DPL-0005] Overlap check failed (1).
[WARNING DPL-0011] Padding check failed (1).
[ERROR DPL-0033] detailed placement checks failed during check placement.
[WARNING DPL-0005] Overlap check failed (1).
[WARNING DPL-0011] Padding check failed (1).
[ERROR DPL-0033] detailed placement checks failed during check placement.
[WARNING DPL-0005] Overlap check failed (1).
[WARNING DPL-0011] Padding check failed (1).
[ERROR DPL-0033] detailed placement checks failed during check placement.
[WARNING DPL-0005] Overlap check failed (1).
[WARNING DPL-0011] Padding check failed (1).
[ERROR DPL-0033] detailed placement checks failed during check placement.
[WARNING DPL-0005] Overlap check failed (1).
[WARNING DPL-0011] Padding check failed (1).
[ERROR DPL-0033] detailed placement checks failed during check placement.
[WARNING DPL-0005] Overlap check failed (1).
[WARNING DPL-0011] Padding check failed (1).
[ERROR DPL-0033] detailed placement checks failed during check placement.
[WARNING DPL-0005] Overlap check failed (1).
[WARNING DPL-0011] Padding check failed (1).
[ERROR DPL-0033] detailed placement checks failed during check placement.
[WARNING DPL-0005] Overlap check failed (1).
[WARNING DPL-0011] Padding check failed (1).
[ERROR DPL-0033] detailed placement checks failed during check placement.
[WARNING DPL-0005] Overlap check failed (1).
[WARNING DPL-0011] Padding check failed (1).
[ERROR DPL-0033] detailed placement checks failed during check placement.
[WARNING DPL-0005] Overlap check failed (1).
[WARNING DPL-0011] Padding check failed (1).
[ERROR DPL-0033] detailed placement checks failed during check placement.
[WARNING DPL-0005] Overlap check failed (1).
[WARNING DPL-0011] Padding check failed (1).
[ERROR DPL-0033] detailed placement checks failed during check placement.
[WARNING DPL-0005] Overlap check failed (1).
[WARNING DPL-0011] Padding check failed (1).
[ERROR DPL-0033] detailed placement checks failed during check placement.
[WARNING DPL-0005] Overlap check failed (1).
[WARNING DPL-0011] Padding check failed (1).
[ERROR DPL-0033] detailed placement checks failed during check placement.
[WARNING DPL-0005] Overlap check failed (1).
[WARNING DPL-0011] Padding check failed (1).
[ERROR DPL-0033] detailed placement checks failed during check placement.
[WARNING DPL-0005] Overlap check failed (1).
[WARNING DPL-0011] Padding check failed (1).
[ERROR DPL-0033] detailed placement checks failed during check placement.
[WARNING DPL-0005] Overlap check failed (1).
[WARNING DPL-0011] Padding check failed (1).
[ERROR DPL-0033] detailed placement checks failed during check placement.
[WARNING DPL-0005] Overlap check failed (1).
[WARNING DPL-0011] Padding check failed (1).
[ERROR DPL-0033] detailed placement checks failed during check placement.
[WARNING DPL-0005] Overlap check failed (1).
[WARNING DPL-0011] Padding check failed (1).
[ERROR DPL-0033] detailed placement checks failed during check placement.
[WARNING DPL-0005] Overlap check failed (1).
[WARNING DPL-0011] Padding check failed (1).
[ERROR DPL-0033] detailed placement checks failed during check placement.
[WARNING DPL-0005] Overlap check failed (1).
[WARNING DPL-0011] Padding check failed (1).
[ERROR DPL-0033] detailed placement checks failed during check placement.
[WARNING DPL-0005] Overlap check failed (1).
[WARNING DPL-0011] Padding check failed (1).
[ERROR DPL-0033] detailed placement checks failed during check placement.
[WARNING DPL-0005] Overlap check failed (1).
[WARNING DPL-0011] Padding check failed (1).
[ERROR DPL-0033] detailed placement checks failed during check placement.
[WARNING DPL-0005] Overlap check failed (1).
[WARNING DPL-0011] Padding check failed (1).
[ERROR DPL-0033] detailed placement checks failed during check placement.
[WARNING DPL-0006] Site aligned check failed (1).
[ERROR DPL-0033] detailed placement checks failed during check placement.
[WARNING DPL-0006] Site aligned check failed (1).
[ERROR DPL-0033] detailed placement checks failed during check placement.
[WARNING DPL-0006] Site aligned check failed (1).
[ERROR DPL-0033] detailed placement checks failed during check placement.
[WARNING DPL-0006] Site aligned check failed (1).
[ERROR DPL-0033] detailed placement checks failed during check placement.
[WARNING DPL-0006] Site aligned check failed (1).
[ERROR DPL-0033] detailed placement checks failed during check placement.
[WARNING DPL-0006] Site aligned check failed (1).
[ERROR DPL-0033] detailed placement checks failed during check placement.
[WARNING DPL-0006] Site aligned check failed (1).
[ERROR DPL-0033] detailed placement checks failed during check placement.
[WARNING DPL-0006] Site aligned check failed (1).
[ERROR DPL-0033] detailed placement checks failed during check placement.
[WARNING DPL-0006] Site aligned check failed (1).
[ERROR DPL-0033] detailed placement checks failed during check placement.
[WARNING DPL-0005] Overlap check failed (1).
[WARNING DPL-0011] Padding check failed (1).
[ERROR DPL-0033] detailed placement checks failed during check placement.
[WARNING DPL-0005] Overlap check failed (1).
[WARNING DPL-0011] Padding check failed (1).
[ERROR DPL-0033] detailed placement checks failed during check placement.
[WARNING DPL-0005] Overlap check failed (1).
[WARNING DPL-0011] Padding check failed (1).
[ERROR DPL-0033] detailed placement checks failed during check placement.
[WARNING DPL-0005] Overlap check failed (1).
[WARNING DPL-0011] Padding check failed (1).
[ERROR DPL-0033] detailed placement checks failed during check placement.
[WARNING DPL-0005] Overlap check failed (1).
[WARNING DPL-0011] Padding check failed (1).
[ERROR DPL-0033] detailed placement checks failed during check placement.
[WARNING DPL-0005] Overlap check failed (1).
[WARNING DPL-0011] Padding check failed (1).
[ERROR DPL-0033] detailed placement checks failed during check placement.
[WARNING DPL-0005] Overlap check failed (1).
[WARNING DPL-0011] Padding check failed (1).
[ERROR DPL-0033] detailed placement checks failed during check placement.
[WARNING DPL-0005] Overlap check failed (1).
[WARNING DPL-0011] Padding check failed (1).
[ERROR DPL-0033] detailed placement checks failed during check placement.
[WARNING DPL-0005] Overlap check failed (1).
[WARNING DPL-0011] Padding check failed (1).
[ERROR DPL-0033] detailed placement checks failed during check placement.
[WARNING DPL-0005] Overlap check failed (1).
[WARNING DPL-0011] Padding check failed (1).
[ERROR DPL-0033] detailed placement checks failed during check placement.
[WARNING DPL-0005] Overlap check failed (1).
[WARNING DPL-0011] Padding check failed (1).
[ERROR DPL-0033] detailed placement checks failed during check placement.
[WARNING DPL-0005] Overlap check failed (1).
[WARNING DPL-0011] Padding check failed (1).
[ERROR DPL-0033] detailed placement checks failed during check placement.
[WARNING DPL-0005] Overlap check failed (1).
[WARNING DPL-0011] Padding check failed (1).
[ERROR DPL-0033] detailed placement checks failed during check placement.
[WARNING DPL-0005] Overlap check failed (1).
[WARNING DPL-0011] Padding check failed (1).
[ERROR DPL-0033] detailed placement checks failed during check placement.
[WARNING DPL-0005] Overlap check failed (1).
[WARNING DPL-0011] Padding check failed (1).
[ERROR DPL-0033] detailed placement checks failed during check placement.
[WARNING DPL-0005] Overlap check failed (1).
[WARNING DPL-0011] Padding check failed (1).
[ERROR DPL-0033] detailed placement checks failed during check placement.
[WARNING DPL-0005] Overlap check failed (2).
[WARNING DPL-0011] Padding check failed (2).
[ERROR DPL-0033] detailed placement checks failed during check placement.
[WARNING DPL-0005] Overlap check failed (1).
[WARNING DPL-0011] Padding check failed (1).
[ERROR DPL-0033] detailed placement checks failed during check placement.
NO_LEGAL_LOC using fallback
BUF 938560 3205440
[WARNING DPL-0005] Overlap check failed (1).
 eco18_sk_18433 (gf180mcu_fd_sc_mcu9t5v0__clkbuf_16) overlaps TAP_TAPCELL_ROW_314_7704 (gf180mcu_fd_sc_mcu9t5v0__filltie)
[WARNING DPL-0011] Padding check failed (1).
 eco18_sk_18433
[ERROR DPL-0033] detailed placement checks failed during check placement.
CHECK_PLACEMENT DPL-0033
ECO18E_INCREMENTAL
[INFO DRT-0149] Reading tech and libs.
[WARNING DRT-0349] LEF58_ENCLOSURE with no CUTCLASS is not supported. Skipping for layer Via1
[WARNING DRT-0349] LEF58_ENCLOSURE with no CUTCLASS is not supported. Skipping for layer Via1
[WARNING DRT-0349] LEF58_ENCLOSURE with no CUTCLASS is not supported. Skipping for layer Via2
[WARNING DRT-0349] LEF58_ENCLOSURE with no CUTCLASS is not supported. Skipping for layer Via2
[WARNING DRT-0349] LEF58_ENCLOSURE with no CUTCLASS is not supported. Skipping for layer Via3
[WARNING DRT-0349] LEF58_ENCLOSURE with no CUTCLASS is not supported. Skipping for layer Via3
[WARNING DRT-0349] LEF58_ENCLOSURE with no CUTCLASS is not supported. Skipping for layer Via4
[WARNING DRT-0349] LEF58_ENCLOSURE with no CUTCLASS is not supported. Skipping for layer Via4

Units:                2000
Number of layers:     11
Number of macros:     230
Number of vias:       88
Number of viarulegen: 16

[INFO DRT-0150] Reading design.

Design:                   butterfold_top
Die area:                 ( 0 0 ) ( 2220000 3350000 )
Number of track patterns: 10
Number of DEF vias:       0
Number of components:     19997
Number of terminals:      23
Number of snets:          2
Number of nets:           11679

[INFO DRT-0167] List of default vias:
  Layer Via2
    default via: Via2_VH
  Layer Via3
    default via: Via3_HV
  Layer Via4
    default via: Via4_VH
[INFO DRT-0162] Library cell analysis.
[INFO DRT-0163] Instance analysis.
[INFO DRT-0164] Number of unique instances = 202.
[INFO DRT-0168] Init region query.
[INFO DRT-0024]   Complete Poly2.
[INFO DRT-0024]   Complete CON.
[INFO DRT-0024]   Complete Metal1.
[INFO DRT-0024]   Complete Via1.
[INFO DRT-0024]   Complete Metal2.
[INFO DRT-0024]   Complete Via2.
[INFO DRT-0024]   Complete Metal3.
[INFO DRT-0024]   Complete Via3.
[INFO DRT-0024]   Complete Metal4.
[INFO DRT-0024]   Complete Via4.
[INFO DRT-0024]   Complete Metal5.
[INFO DRT-0033] Poly2 shape region query size = 0.
[INFO DRT-0033] CON shape region query size = 0.
[INFO DRT-0033] Metal1 shape region query size = 348090.
[INFO DRT-0033] Via1 shape region query size = 6732.
[INFO DRT-0033] Metal2 shape region query size = 4763.
[INFO DRT-0033] Via2 shape region query size = 6732.
[INFO DRT-0033] Metal3 shape region query size = 5128.
[INFO DRT-0033] Via3 shape region query size = 8232.
[INFO DRT-0033] Metal4 shape region query size = 2524.
[INFO DRT-0033] Via4 shape region query size = 1800.
[INFO DRT-0033] Metal5 shape region query size = 222.
[INFO DRT-0165] Start pin access.
[INFO DRT-0076]   Complete 1000 pins.
[INFO DRT-0078]   Complete 1606 pins.
[INFO DRT-0079]   Complete 100 unique inst patterns.
[INFO DRT-0081]   Complete 196 unique inst patterns.
[INFO DRT-0082]   Complete 10000 groups.
[INFO DRT-0084]   Complete 11740 groups.
#scanned instances     = 19997
#unique  instances     = 202
#stdCellGenAp          = 7282
#stdCellValidPlanarAp  = 0
#stdCellValidViaAp     = 5350
#stdCellPinNoAp        = 0
#stdCellPinCnt         = 42615
#instTermValidViaApCnt = 0
#macroGenAp            = 1120
#macroValidPlanarAp    = 1120
#macroValidViaAp       = 344
#macroNoAp             = 0
[INFO DRT-0166] Complete pin access.
[INFO DRT-0267] cpu time = 00:00:21, elapsed time = 00:00:21, memory = 444.82 (MB), peak = 446.45 (MB)
[INFO DRT-0156] guideIn read 100000 guides.

[INFO DRT-0157] Number of guides:     129782

[INFO DRT-0169] Post process guides.
[INFO DRT-0176] GCELLGRID X 0 DO 132 STEP 16800 ;
[INFO DRT-0177] GCELLGRID Y 0 DO 199 STEP 16800 ;
[INFO DRT-0026]   Complete 100000 origin guides.
[INFO DRT-0028]   Complete Poly2.
[INFO DRT-0028]   Complete CON.
[INFO DRT-0028]   Complete Metal1.
[INFO DRT-0028]   Complete Via1.
[INFO DRT-0028]   Complete Metal2.
[INFO DRT-0028]   Complete Via2.
[INFO DRT-0028]   Complete Metal3.
[INFO DRT-0028]   Complete Via3.
[INFO DRT-0028]   Complete Metal4.
[INFO DRT-0028]   Complete Via4.
[INFO DRT-0028]   Complete Metal5.
[INFO DRT-0178] Init guide query.
[INFO DRT-0035]   Complete Poly2 (guide).
[INFO DRT-0035]   Complete CON (guide).
[INFO DRT-0035]   Complete Metal1 (guide).
[INFO DRT-0035]   Complete Via1 (guide).
[INFO DRT-0035]   Complete Metal2 (guide).
[INFO DRT-0035]   Complete Via2 (guide).
[INFO DRT-0035]   Complete Metal3 (guide).
[INFO DRT-0035]   Complete Via3 (guide).
[INFO DRT-0035]   Complete Metal4 (guide).
[INFO DRT-0035]   Complete Via4 (guide).
[INFO DRT-0035]   Complete Metal5 (guide).
[INFO DRT-0036] Poly2 guide region query size = 0.
[INFO DRT-0036] CON guide region query size = 0.
[INFO DRT-0036] Metal1 guide region query size = 40615.
[INFO DRT-0036] Via1 guide region query size = 0.
[INFO DRT-0036] Metal2 guide region query size = 40905.
[INFO DRT-0036] Via2 guide region query size = 0.
[INFO DRT-0036] Metal3 guide region query size = 22575.
[INFO DRT-0036] Via3 guide region query size = 0.
[INFO DRT-0036] Metal4 guide region query size = 2109.
[INFO DRT-0036] Via4 guide region query size = 0.
[INFO DRT-0036] Metal5 guide region query size = 528.
[INFO DRT-0179] Init gr pin query.
[INFO DRT-0267] cpu time = 00:00:00, elapsed time = 00:00:00, memory = 491.03 (MB), peak = 490.52 (MB)
[INFO DRT-0245] skipped writing guide updates to database.
[INFO DRT-0181] Start track assignment.
[INFO DRT-0184] Done with 43014 vertical wires in 3 frboxes and 63718 horizontal wires in 4 frboxes.
[INFO DRT-0186] Done with 11487 vertical wires in 3 frboxes and 6912 horizontal wires in 4 frboxes.
[INFO DRT-0182] Complete track assignment.
[INFO DRT-0267] cpu time = 00:00:05, elapsed time = 00:00:05, memory = 640.77 (MB), peak = 640.40 (MB)
[INFO DRT-0187] Start routing data preparation.
[INFO DRT-0267] cpu time = 00:00:00, elapsed time = 00:00:00, memory = 640.83 (MB), peak = 640.59 (MB)
[INFO DRT-0194] Start detail routing.
[INFO DRT-0195] Start 0th optimization iteration.
    Completing 10% with 0 violations.
    elapsed time = 00:00:05, memory = 647.27 (MB).
    Completing 20% with 0 violations.
    elapsed time = 00:00:12, memory = 784.33 (MB).
    Completing 30% with 0 violations.
    elapsed time = 00:00:13, memory = 784.33 (MB).
    Completing 40% with 0 violations.
    elapsed time = 00:00:21, memory = 784.34 (MB).
    Completing 50% with 0 violations.
    elapsed time = 00:00:25, memory = 787.43 (MB).
    Completing 60% with 6 violations.
    elapsed time = 00:00:29, memory = 787.43 (MB).
    Completing 70% with 6 violations.
    elapsed time = 00:00:36, memory = 795.22 (MB).
    Completing 80% with 6 violations.
    elapsed time = 00:00:38, memory = 795.22 (MB).
    Completing 90% with 6 violations.
    elapsed time = 00:00:47, memory = 795.22 (MB).
    Completing 100% with 15 violations.
    elapsed time = 00:00:50, memory = 795.22 (MB).
[INFO DRT-0199]   Number of violations = 15.
Viol/Layer      Metal1
Metal Spacing        3
Min Area             8
Short                4
[INFO DRT-0267] cpu time = 00:00:50, elapsed time = 00:00:50, memory = 795.22 (MB), peak = 794.76 (MB)
Total wire length = 1536650 um.
Total wire length on LAYER Metal1 = 0 um.
Total wire length on LAYER Metal2 = 588556 um.
Total wire length on LAYER Metal3 = 546126 um.
Total wire length on LAYER Metal4 = 345900 um.
Total wire length on LAYER Metal5 = 56066 um.
Total number of vias = 97616.
Up-via summary (total 97616):

----------------
  Poly2        0
 Metal1    43364
 Metal2    49185
 Metal3     4032
 Metal4     1035
----------------
       97616


[INFO DRT-0195] Start 1st optimization iteration.
    Completing 10% with 15 violations.
    elapsed time = 00:00:05, memory = 795.22 (MB).
    Completing 20% with 15 violations.
    elapsed time = 00:00:11, memory = 795.22 (MB).
    Completing 30% with 15 violations.
    elapsed time = 00:00:13, memory = 795.22 (MB).
    Completing 40% with 15 violations.
    elapsed time = 00:00:22, memory = 795.22 (MB).
    Completing 50% with 15 violations.
    elapsed time = 00:00:25, memory = 795.22 (MB).
    Completing 60% with 15 violations.
    elapsed time = 00:00:31, memory = 795.22 (MB).
    Completing 70% with 15 violations.
    elapsed time = 00:00:36, memory = 795.22 (MB).
    Completing 80% with 15 violations.
    elapsed time = 00:00:38, memory = 795.22 (MB).
    Completing 90% with 15 violations.
    elapsed time = 00:00:47, memory = 795.22 (MB).
    Completing 100% with 15 violations.
    elapsed time = 00:00:50, memory = 795.22 (MB).
[INFO DRT-0199]   Number of violations = 15.
Viol/Layer      Metal1
Metal Spacing        3
Min Area             8
Short                4
[INFO DRT-0267] cpu time = 00:00:50, elapsed time = 00:00:50, memory = 795.22 (MB), peak = 794.76 (MB)
Total wire length = 1536650 um.
Total wire length on LAYER Metal1 = 0 um.
Total wire length on LAYER Metal2 = 588556 um.
Total wire length on LAYER Metal3 = 546126 um.
Total wire length on LAYER Metal4 = 345900 um.
Total wire length on LAYER Metal5 = 56066 um.
Total number of vias = 97616.
Up-via summary (total 97616):

----------------
  Poly2        0
 Metal1    43364
 Metal2    49185
 Metal3     4032
 Metal4     1035
----------------
       97616


[INFO DRT-0195] Start 2nd optimization iteration.
    Completing 10% with 15 violations.
    elapsed time = 00:00:00, memory = 795.22 (MB).
    Completing 20% with 15 violations.
    elapsed time = 00:00:00, memory = 795.22 (MB).
    Completing 30% with 13 violations.
    elapsed time = 00:00:00, memory = 795.22 (MB).
    Completing 40% with 13 violations.
    elapsed time = 00:00:00, memory = 795.22 (MB).
    Completing 50% with 13 violations.
    elapsed time = 00:00:00, memory = 795.22 (MB).
    Completing 60% with 13 violations.
    elapsed time = 00:00:00, memory = 795.22 (MB).
    Completing 70% with 13 violations.
    elapsed time = 00:00:00, memory = 795.22 (MB).
    Completing 80% with 15 violations.
    elapsed time = 00:00:00, memory = 795.22 (MB).
    Completing 90% with 15 violations.
    elapsed time = 00:00:00, memory = 795.22 (MB).
    Completing 100% with 15 violations.
    elapsed time = 00:00:00, memory = 795.22 (MB).
[INFO DRT-0199]   Number of violations = 15.
Viol/Layer      Metal1
Metal Spacing        3
Min Area             8
Short                4
[INFO DRT-0267] cpu time = 00:00:00, elapsed time = 00:00:00, memory = 795.22 (MB), peak = 794.76 (MB)
Total wire length = 1536650 um.
Total wire length on LAYER Metal1 = 0 um.
Total wire length on LAYER Metal2 = 588556 um.
Total wire length on LAYER Metal3 = 546126 um.
Total wire length on LAYER Metal4 = 345900 um.
Total wire length on LAYER Metal5 = 56066 um.
Total number of vias = 97616.
Up-via summary (total 97616):

----------------
  Poly2        0
 Metal1    43364
 Metal2    49185
 Metal3     4032
 Metal4     1035
----------------
       97616


[INFO DRT-0195] Start 3rd guides tiles iteration.
    Completing 10% with 15 violations.
    elapsed time = 00:00:00, memory = 795.29 (MB).
    Completing 30% with 15 violations.
    elapsed time = 00:00:00, memory = 795.29 (MB).
    Completing 50% with 15 violations.
    elapsed time = 00:00:00, memory = 795.29 (MB).
    Completing 60% with 0 violations.
    elapsed time = 00:00:00, memory = 795.29 (MB).
    Completing 80% with 0 violations.
    elapsed time = 00:00:00, memory = 795.29 (MB).
    Completing 100% with 0 violations.
    elapsed time = 00:00:00, memory = 795.29 (MB).
[INFO DRT-0199]   Number of violations = 10.
Viol/Layer      Metal2 Metal3 Metal4
Recheck              5      4      1
[INFO DRT-0267] cpu time = 00:00:00, elapsed time = 00:00:00, memory = 800.78 (MB), peak = 800.27 (MB)
Total wire length = 1536450 um.
Total wire length on LAYER Metal1 = 0 um.
Total wire length on LAYER Metal2 = 588505 um.
Total wire length on LAYER Metal3 = 545995 um.
Total wire length on LAYER Metal4 = 345883 um.
Total wire length on LAYER Metal5 = 56066 um.
Total number of vias = 97600.
Up-via summary (total 97600):

----------------
  Poly2        0
 Metal1    43356
 Metal2    49178
 Metal3     4031
 Metal4     1035
----------------
       97600


[INFO DRT-0195] Start 4th guides tiles iteration.
    Completing 10% with 10 violations.
    elapsed time = 00:00:00, memory = 800.78 (MB).
    Completing 20% with 10 violations.
    elapsed time = 00:00:00, memory = 800.78 (MB).
    Completing 40% with 10 violations.
    elapsed time = 00:00:00, memory = 800.78 (MB).
    Completing 50% with 0 violations.
    elapsed time = 00:00:00, memory = 800.78 (MB).
    Completing 70% with 0 violations.
    elapsed time = 00:00:00, memory = 800.78 (MB).
    Completing 80% with 0 violations.
    elapsed time = 00:00:00, memory = 800.78 (MB).
    Completing 100% with 0 violations.
    elapsed time = 00:00:00, memory = 800.78 (MB).
[INFO DRT-0199]   Number of violations = 0.
[INFO DRT-0267] cpu time = 00:00:00, elapsed time = 00:00:00, memory = 800.78 (MB), peak = 800.27 (MB)
Total wire length = 1536450 um.
Total wire length on LAYER Metal1 = 0 um.
Total wire length on LAYER Metal2 = 588505 um.
Total wire length on LAYER Metal3 = 545995 um.
Total wire length on LAYER Metal4 = 345883 um.
Total wire length on LAYER Metal5 = 56066 um.
Total number of vias = 97600.
Up-via summary (total 97600):

----------------
  Poly2        0
 Metal1    43356
 Metal2    49178
 Metal3     4031
 Metal4     1035
----------------
       97600


[INFO DRT-0198] Complete detail routing.
Total wire length = 1536450 um.
Total wire length on LAYER Metal1 = 0 um.
Total wire length on LAYER Metal2 = 588505 um.
Total wire length on LAYER Metal3 = 545995 um.
Total wire length on LAYER Metal4 = 345883 um.
Total wire length on LAYER Metal5 = 56066 um.
Total number of vias = 97600.
Up-via summary (total 97600):

----------------
  Poly2        0
 Metal1    43356
 Metal2    49178
 Metal3     4031
 Metal4     1035
----------------
       97600


[INFO DRT-0267] cpu time = 00:01:41, elapsed time = 00:01:41, memory = 800.90 (MB), peak = 800.46 (MB)

[INFO DRT-0180] Post processing.
DRT_OK
NEW_NET_WIRE NULL
[INFO RCX-0435] Reading extraction model file /foss/pdks/gf180mcuD/libs.tech/librelane/rules.openrcx.gf180mcuD.max ...
[INFO RCX-0434] Defined process_corner MinMax0 with ext_model_index 0 (using extRulesFile defaults)
[INFO RCX-0436] RC segment generation butterfold_top (max_merge_res 50.0) ...
[WARNING RCX-0114] Net 10424 u_transform_scheduler_core.u_fft_scratch_sram.u_lo.macro_gwen does not start from an iterm or a bterm.
[INFO RCX-0040] Final 57036 rc segments
[INFO RCX-0439] Coupling Cap extraction butterfold_top ...
[INFO RCX-0440] Coupling threshhold is 0.1000 fF, coupling capacitance less than 0.1000 fF will be grounded.
[INFO RCX-0442] 16% of 101104 wires extracted
[INFO RCX-0442] 47% of 101104 wires extracted
[INFO RCX-0442] 100% of 101104 wires extracted
[INFO RCX-0045] Extract 11679 nets, 68713 rsegs, 68713 caps, 169893 ccs
[INFO RCX-0443] 11679 nets finished
ECO18E_EXTRACTED_WNS
wns max 0.00
tns max 0.00
Startpoint: _18692_ (rising edge-triggered flip-flop clocked by core_clk)
Endpoint: _18427_ (rising edge-triggered flip-flop clocked by core_clk)
Path Group: core_clk
Path Type: max

  Delay    Time   Description
---------------------------------------------------------
   0.00    0.00   clock core_clk (rise edge)
   2.80    2.80   clock network delay (propagated)
   0.00    2.80 ^ _18692_/CLK (gf180mcu_fd_sc_mcu9t5v0__dffrnq_4)
   1.85    4.65 ^ _18692_/Q (gf180mcu_fd_sc_mcu9t5v0__dffrnq_4)
   1.15    5.79 v _09427_/ZN (gf180mcu_fd_sc_mcu9t5v0__xnor2_4)
   0.47    6.26 v _09428_/Z (gf180mcu_fd_sc_mcu9t5v0__and2_4)
   0.63    6.89 ^ _09435_/ZN (gf180mcu_fd_sc_mcu9t5v0__oai31_4)
   0.53    7.43 ^ eco7_buf_09435/Z (gf180mcu_fd_sc_mcu9t5v0__clkbuf_16)
   0.33    7.76 v _09438_/ZN (gf180mcu_fd_sc_mcu9t5v0__oai21_4)
   0.74    8.50 v _09445_/Z (gf180mcu_fd_sc_mcu9t5v0__and4_4)
   0.81    9.31 ^ _09450_/ZN (gf180mcu_fd_sc_mcu9t5v0__oai31_4)
   0.50    9.81 ^ eco7_buf_09450/Z (gf180mcu_fd_sc_mcu9t5v0__clkbuf_16)
   0.85   10.66 ^ _09454_/Z (gf180mcu_fd_sc_mcu9t5v0__and4_4)
   0.34   11.00 v _09456_/ZN (gf180mcu_fd_sc_mcu9t5v0__nand2_4)
   0.82   11.82 ^ _09461_/ZN (gf180mcu_fd_sc_mcu9t5v0__nand2_4)
   0.63   12.45 v _09462_/ZN (gf180mcu_fd_sc_mcu9t5v0__clkinv_8)
   0.67   13.11 v load_slew111/Z (gf180mcu_fd_sc_mcu9t5v0__clkbuf_16)
   1.03   14.14 ^ _09472_/ZN (gf180mcu_fd_sc_mcu9t5v0__oai21_4)
   0.94   15.08 ^ max_cap106/Z (gf180mcu_fd_sc_mcu9t5v0__clkbuf_16)
   0.61   15.69 v _09512_/ZN (gf180mcu_fd_sc_mcu9t5v0__nand2_4)
   0.88   16.57 ^ _09513_/ZN (gf180mcu_fd_sc_mcu9t5v0__oai221_4)
   0.52   17.10 ^ _09514_/Z (gf180mcu_fd_sc_mcu9t5v0__or2_4)
   0.26   17.35 v _09519_/ZN (gf180mcu_fd_sc_mcu9t5v0__oai31_4)
   0.68   18.04 v rebuffer265/Z (gf180mcu_fd_sc_mcu9t5v0__buf_8)
   0.72   18.76 ^ _09541_/ZN (gf180mcu_fd_sc_mcu9t5v0__aoi21_4)
   0.35   19.11 v _15855_/ZN (gf180mcu_fd_sc_mcu9t5v0__oai31_4)
   0.76   19.87 v rebuffer262/Z (gf180mcu_fd_sc_mcu9t5v0__buf_8)
   1.32   21.19 v _15860_/Z (gf180mcu_fd_sc_mcu9t5v0__or2_4)
   1.72   22.91 ^ _15991_/ZN (gf180mcu_fd_sc_mcu9t5v0__oai32_4)
   0.69   23.60 v _16106_/ZN (gf180mcu_fd_sc_mcu9t5v0__aoi211_4)
   0.57   24.17 v eco12_buf_16106/Z (gf180mcu_fd_sc_mcu9t5v0__clkbuf_16)
   0.48   24.65 v max_cap69/Z (gf180mcu_fd_sc_mcu9t5v0__clkbuf_16)
   1.06   25.71 ^ _16335_/ZN (gf180mcu_fd_sc_mcu9t5v0__nand2_4)
   0.68   26.39 ^ load_slew55/Z (gf180mcu_fd_sc_mcu9t5v0__clkbuf_16)
   0.44   26.83 ^ max_cap54/Z (gf180mcu_fd_sc_mcu9t5v0__clkbuf_16)
   0.50   27.33 ^ fanout252/Z (gf180mcu_fd_sc_mcu9t5v0__clkbuf_16)
   0.90   28.24 v _16869_/Z (gf180mcu_fd_sc_mcu9t5v0__mux2_4)
   0.84   29.08 v _16870_/Z (gf180mcu_fd_sc_mcu9t5v0__mux2_4)
   0.00   29.08 v _18427_/D (gf180mcu_fd_sc_mcu9t5v0__dffq_4)
          29.08   data arrival time

  26.04   26.04   clock core_clk (rise edge)
   3.34   29.39   clock network delay (propagated)
   0.00   29.39   clock reconvergence pessimism
          29.39 ^ _18427_/CLK (gf180mcu_fd_sc_mcu9t5v0__dffq_4)
  -0.30   29.08   library setup time
          29.08   data required time
---------------------------------------------------------
          29.08   data required time
         -29.08   data arrival time
---------------------------------------------------------
           0.00   slack (MET)


Startpoint: _18692_ (rising edge-triggered flip-flop clocked by core_clk)
Endpoint: _18429_ (rising edge-triggered flip-flop clocked by core_clk)
Path Group: core_clk
Path Type: max

  Delay    Time   Description
---------------------------------------------------------
   0.00    0.00   clock core_clk (rise edge)
   2.80    2.80   clock network delay (propagated)
   0.00    2.80 ^ _18692_/CLK (gf180mcu_fd_sc_mcu9t5v0__dffrnq_4)
   1.85    4.65 ^ _18692_/Q (gf180mcu_fd_sc_mcu9t5v0__dffrnq_4)
   1.15    5.79 v _09427_/ZN (gf180mcu_fd_sc_mcu9t5v0__xnor2_4)
   0.47    6.26 v _09428_/Z (gf180mcu_fd_sc_mcu9t5v0__and2_4)
   0.63    6.89 ^ _09435_/ZN (gf180mcu_fd_sc_mcu9t5v0__oai31_4)
   0.53    7.43 ^ eco7_buf_09435/Z (gf180mcu_fd_sc_mcu9t5v0__clkbuf_16)
   0.33    7.76 v _09438_/ZN (gf180mcu_fd_sc_mcu9t5v0__oai21_4)
   0.74    8.50 v _09445_/Z (gf180mcu_fd_sc_mcu9t5v0__and4_4)
   0.81    9.31 ^ _09450_/ZN (gf180mcu_fd_sc_mcu9t5v0__oai31_4)
   0.50    9.81 ^ eco7_buf_09450/Z (gf180mcu_fd_sc_mcu9t5v0__clkbuf_16)
   0.85   10.66 ^ _09454_/Z (gf180mcu_fd_sc_mcu9t5v0__and4_4)
   0.34   11.00 v _09456_/ZN (gf180mcu_fd_sc_mcu9t5v0__nand2_4)
   0.82   11.82 ^ _09461_/ZN (gf180mcu_fd_sc_mcu9t5v0__nand2_4)
   0.63   12.45 v _09462_/ZN (gf180mcu_fd_sc_mcu9t5v0__clkinv_8)
   0.67   13.11 v load_slew111/Z (gf180mcu_fd_sc_mcu9t5v0__clkbuf_16)
   1.03   14.14 ^ _09472_/ZN (gf180mcu_fd_sc_mcu9t5v0__oai21_4)
   0.94   15.08 ^ max_cap106/Z (gf180mcu_fd_sc_mcu9t5v0__clkbuf_16)
   0.61   15.69 v _09512_/ZN (gf180mcu_fd_sc_mcu9t5v0__nand2_4)
   0.88   16.57 ^ _09513_/ZN (gf180mcu_fd_sc_mcu9t5v0__oai221_4)
   0.52   17.10 ^ _09514_/Z (gf180mcu_fd_sc_mcu9t5v0__or2_4)
   0.26   17.35 v _09519_/ZN (gf180mcu_fd_sc_mcu9t5v0__oai31_4)
   0.68   18.04 v rebuffer265/Z (gf180mcu_fd_sc_mcu9t5v0__buf_8)
   0.72   18.76 ^ _09541_/ZN (gf180mcu_fd_sc_mcu9t5v0__aoi21_4)
   0.35   19.11 v _15855_/ZN (gf180mcu_fd_sc_mcu9t5v0__oai31_4)
   0.76   19.87 v rebuffer262/Z (gf180mcu_fd_sc_mcu9t5v0__buf_8)
   1.32   21.19 v _15860_/Z (gf180mcu_fd_sc_mcu9t5v0__or2_4)
   1.72   22.91 ^ _15991_/ZN (gf180mcu_fd_sc_mcu9t5v0__oai32_4)
   0.69   23.60 v _16106_/ZN (gf180mcu_fd_sc_mcu9t5v0__aoi211_4)
   0.57   24.17 v eco12_buf_16106/Z (gf180mcu_fd_sc_mcu9t5v0__clkbuf_16)
   0.48   24.65 v max_cap69/Z (gf180mcu_fd_sc_mcu9t5v0__clkbuf_16)
   1.06   25.71 ^ _16335_/ZN (gf180mcu_fd_sc_mcu9t5v0__nand2_4)
   0.68   26.39 ^ load_slew55/Z (gf180mcu_fd_sc_mcu9t5v0__clkbuf_16)
   0.44   26.83 ^ max_cap54/Z (gf180mcu_fd_sc_mcu9t5v0__clkbuf_16)
   0.50   27.33 ^ fanout252/Z (gf180mcu_fd_sc_mcu9t5v0__clkbuf_16)
   0.89   28.22 v _16873_/Z (gf180mcu_fd_sc_mcu9t5v0__mux2_4)
   0.83   29.05 v _16874_/Z (gf180mcu_fd_sc_mcu9t5v0__mux2_4)
   0.00   29.05 v _18429_/D (gf180mcu_fd_sc_mcu9t5v0__dffq_4)
          29.05   data arrival time

  26.04   26.04   clock core_clk (rise edge)
   3.34   29.39   clock network delay (propagated)
   0.00   29.39   clock reconvergence pessimism
          29.39 ^ _18429_/CLK (gf180mcu_fd_sc_mcu9t5v0__dffq_4)
  -0.30   29.09   library setup time
          29.09   data required time
---------------------------------------------------------
          29.09   data required time
         -29.05   data arrival time
---------------------------------------------------------
           0.03   slack (MET)


Startpoint: _18692_ (rising edge-triggered flip-flop clocked by core_clk)
Endpoint: _18432_ (rising edge-triggered flip-flop clocked by core_clk)
Path Group: core_clk
Path Type: max

  Delay    Time   Description
---------------------------------------------------------
   0.00    0.00   clock core_clk (rise edge)
   2.80    2.80   clock network delay (propagated)
   0.00    2.80 ^ _18692_/CLK (gf180mcu_fd_sc_mcu9t5v0__dffrnq_4)
   1.85    4.65 ^ _18692_/Q (gf180mcu_fd_sc_mcu9t5v0__dffrnq_4)
   1.15    5.79 v _09427_/ZN (gf180mcu_fd_sc_mcu9t5v0__xnor2_4)
   0.47    6.26 v _09428_/Z (gf180mcu_fd_sc_mcu9t5v0__and2_4)
   0.63    6.89 ^ _09435_/ZN (gf180mcu_fd_sc_mcu9t5v0__oai31_4)
   0.53    7.43 ^ eco7_buf_09435/Z (gf180mcu_fd_sc_mcu9t5v0__clkbuf_16)
   0.33    7.76 v _09438_/ZN (gf180mcu_fd_sc_mcu9t5v0__oai21_4)
   0.74    8.50 v _09445_/Z (gf180mcu_fd_sc_mcu9t5v0__and4_4)
   0.81    9.31 ^ _09450_/ZN (gf180mcu_fd_sc_mcu9t5v0__oai31_4)
   0.50    9.81 ^ eco7_buf_09450/Z (gf180mcu_fd_sc_mcu9t5v0__clkbuf_16)
   0.85   10.66 ^ _09454_/Z (gf180mcu_fd_sc_mcu9t5v0__and4_4)
   0.34   11.00 v _09456_/ZN (gf180mcu_fd_sc_mcu9t5v0__nand2_4)
   0.82   11.82 ^ _09461_/ZN (gf180mcu_fd_sc_mcu9t5v0__nand2_4)
   0.63   12.45 v _09462_/ZN (gf180mcu_fd_sc_mcu9t5v0__clkinv_8)
   0.67   13.11 v load_slew111/Z (gf180mcu_fd_sc_mcu9t5v0__clkbuf_16)
   1.03   14.14 ^ _09472_/ZN (gf180mcu_fd_sc_mcu9t5v0__oai21_4)
   0.94   15.08 ^ max_cap106/Z (gf180mcu_fd_sc_mcu9t5v0__clkbuf_16)
   0.61   15.69 v _09512_/ZN (gf180mcu_fd_sc_mcu9t5v0__nand2_4)
   0.88   16.57 ^ _09513_/ZN (gf180mcu_fd_sc_mcu9t5v0__oai221_4)
   0.52   17.10 ^ _09514_/Z (gf180mcu_fd_sc_mcu9t5v0__or2_4)
   0.26   17.35 v _09519_/ZN (gf180mcu_fd_sc_mcu9t5v0__oai31_4)
   0.68   18.04 v rebuffer265/Z (gf180mcu_fd_sc_mcu9t5v0__buf_8)
   0.72   18.76 ^ _09541_/ZN (gf180mcu_fd_sc_mcu9t5v0__aoi21_4)
   0.35   19.11 v _15855_/ZN (gf180mcu_fd_sc_mcu9t5v0__oai31_4)
   0.76   19.87 v rebuffer262/Z (gf180mcu_fd_sc_mcu9t5v0__buf_8)
   1.32   21.19 v _15860_/Z (gf180mcu_fd_sc_mcu9t5v0__or2_4)
   1.72   22.91 ^ _15991_/ZN (gf180mcu_fd_sc_mcu9t5v0__oai32_4)
   0.69   23.60 v _16106_/ZN (gf180mcu_fd_sc_mcu9t5v0__aoi211_4)
   0.57   24.17 v eco12_buf_16106/Z (gf180mcu_fd_sc_mcu9t5v0__clkbuf_16)
   0.48   24.65 v max_cap69/Z (gf180mcu_fd_sc_mcu9t5v0__clkbuf_16)
   1.06   25.71 ^ _16335_/ZN (gf180mcu_fd_sc_mcu9t5v0__nand2_4)
   0.68   26.39 ^ load_slew55/Z (gf180mcu_fd_sc_mcu9t5v0__clkbuf_16)
   0.44   26.83 ^ max_cap54/Z (gf180mcu_fd_sc_mcu9t5v0__clkbuf_16)
   0.50   27.33 ^ fanout252/Z (gf180mcu_fd_sc_mcu9t5v0__clkbuf_16)
   0.87   28.21 v _16879_/Z (gf180mcu_fd_sc_mcu9t5v0__mux2_4)
   0.83   29.04 v _16880_/Z (gf180mcu_fd_sc_mcu9t5v0__mux2_4)
   0.00   29.04 v _18432_/D (gf180mcu_fd_sc_mcu9t5v0__dffq_4)
          29.04   data arrival time

  26.04   26.04   clock core_clk (rise edge)
   3.34   29.38   clock network delay (propagated)
   0.00   29.38   clock reconvergence pessimism
          29.38 ^ _18432_/CLK (gf180mcu_fd_sc_mcu9t5v0__dffq_4)
  -0.30   29.08   library setup time
          29.08   data required time
---------------------------------------------------------
          29.08   data required time
         -29.04   data arrival time
---------------------------------------------------------
           0.05   slack (MET)


[WARNING DPL-0005] Overlap check failed (1).
 eco18_sk_18433 (gf180mcu_fd_sc_mcu9t5v0__clkbuf_16) overlaps TAP_TAPCELL_ROW_314_7704 (gf180mcu_fd_sc_mcu9t5v0__filltie)
[WARNING DPL-0011] Padding check failed (1).
 eco18_sk_18433
[ERROR DPL-0033] detailed placement checks failed during check placement.
PLACE2 DPL-0033
ECO18E_COMPLETE
