Startpoint: _18565_ (rising edge-triggered flip-flop clocked by core_clk)
Endpoint: _19137_ (rising edge-triggered flip-flop clocked by core_clk)
Path Group: core_clk
Path Type: max

Fanout     Cap    Slew   Delay    Time   Description
-----------------------------------------------------------------------------
                          0.00    0.00   clock core_clk (rise edge)
                          2.73    2.73   clock network delay (propagated)
                  0.62    0.00    2.73 ^ _18565_/CLK (gf180mcu_fd_sc_mcu9t5v0__dffrnq_1)
    10    0.10    1.93    2.25    4.98 ^ _18565_/Q (gf180mcu_fd_sc_mcu9t5v0__dffrnq_1)
                                         u_transform_scheduler_core.dft12_phase[1] (net)
     7    0.08    1.01    0.80    5.78 v _09390_/ZN (gf180mcu_fd_sc_mcu9t5v0__nor2_2)
                                         _04210_ (net)
    16    0.22    0.60    0.88    6.67 v max_cap217/Z (gf180mcu_fd_sc_mcu9t5v0__buf_4)
                                         net217 (net)
     6    0.05    1.22    0.91    7.58 ^ _09394_/ZN (gf180mcu_fd_sc_mcu9t5v0__nand2_1)
                                         _04214_ (net)
    11    0.17    3.06    2.17    9.74 v _09395_/ZN (gf180mcu_fd_sc_mcu9t5v0__clkinv_1)
                                         _01987_ (net)
    21    0.43    7.72    5.73   15.48 ^ _11553_/Z (gf180mcu_fd_sc_mcu9t5v0__mux2_1)
                                         _06117_ (net)
     1    0.03    2.46    1.14   16.62 v _12045_/ZN (gf180mcu_fd_sc_mcu9t5v0__aoi221_1)
                                         _06591_ (net)
     2    0.07    4.67    3.20   19.82 ^ _12049_/ZN (gf180mcu_fd_sc_mcu9t5v0__oai32_1)
                                         _06595_ (net)
     3    0.02    0.54    0.65   20.47 ^ _12057_/Z (gf180mcu_fd_sc_mcu9t5v0__and2_1)
                                         _06602_ (net)
     4    0.05    1.92    0.86   21.33 v _12106_/ZN (gf180mcu_fd_sc_mcu9t5v0__nand3_1)
                                         _06649_ (net)
     2    0.03    1.94    1.62   22.95 ^ _12164_/ZN (gf180mcu_fd_sc_mcu9t5v0__oai31_1)
                                         _06705_ (net)
     3    0.04    0.90    0.60   23.55 v _12165_/ZN (gf180mcu_fd_sc_mcu9t5v0__nand2_1)
                                         _06706_ (net)
     2    0.02    1.42    0.85   24.40 ^ _12195_/ZN (gf180mcu_fd_sc_mcu9t5v0__oai21_1)
                                         _06734_ (net)
     2    0.03    1.02    0.55   24.94 v _12211_/ZN (gf180mcu_fd_sc_mcu9t5v0__nand2_1)
                                         _06750_ (net)
     2    0.03    1.58    1.06   26.00 ^ _12237_/ZN (gf180mcu_fd_sc_mcu9t5v0__oai21_1)
                                         _06774_ (net)
     3    0.02    0.79    0.51   26.51 v _12251_/ZN (gf180mcu_fd_sc_mcu9t5v0__nand2_1)
                                         _06788_ (net)
     3    0.03    1.79    1.07   27.58 ^ _12271_/ZN (gf180mcu_fd_sc_mcu9t5v0__aoi21_1)
                                         _06807_ (net)
     3    0.02    1.04    0.54   28.12 v _12293_/ZN (gf180mcu_fd_sc_mcu9t5v0__oai21_1)
                                         _06828_ (net)
     1    0.01    0.35    0.84   28.95 v _12306_/Z (gf180mcu_fd_sc_mcu9t5v0__and3_1)
                                         _06840_ (net)
     2    0.17    8.99    5.41   34.36 ^ _12307_/ZN (gf180mcu_fd_sc_mcu9t5v0__oai31_1)
                                         _06841_ (net)
     1    0.01    1.44   -0.10   34.26 v _12308_/ZN (gf180mcu_fd_sc_mcu9t5v0__nand2_1)
                                         _06842_ (net)
     1    0.01    1.21    0.75   35.02 ^ _12312_/ZN (gf180mcu_fd_sc_mcu9t5v0__aoi22_1)
                                         _00245_ (net)
                  1.21    0.00   35.02 ^ _19137_/D (gf180mcu_fd_sc_mcu9t5v0__dffrnq_1)
                                 35.02   data arrival time

                         26.04   26.04   clock core_clk (rise edge)
                          2.79   28.83   clock network delay (propagated)
                          0.00   28.83   clock reconvergence pessimism
                                 28.83 ^ _19137_/CLK (gf180mcu_fd_sc_mcu9t5v0__dffrnq_1)
                         -0.49   28.34   library setup time
                                 28.34   data required time
-----------------------------------------------------------------------------
                                 28.34   data required time
                                -35.02   data arrival time
-----------------------------------------------------------------------------
                                 -6.68   slack (VIOLATED)


Startpoint: _18565_ (rising edge-triggered flip-flop clocked by core_clk)
Endpoint: _19122_ (rising edge-triggered flip-flop clocked by core_clk)
Path Group: core_clk
Path Type: max

Fanout     Cap    Slew   Delay    Time   Description
-----------------------------------------------------------------------------
                          0.00    0.00   clock core_clk (rise edge)
                          2.73    2.73   clock network delay (propagated)
                  0.62    0.00    2.73 ^ _18565_/CLK (gf180mcu_fd_sc_mcu9t5v0__dffrnq_1)
    10    0.10    1.93    2.25    4.98 ^ _18565_/Q (gf180mcu_fd_sc_mcu9t5v0__dffrnq_1)
                                         u_transform_scheduler_core.dft12_phase[1] (net)
     7    0.08    1.01    0.80    5.78 v _09390_/ZN (gf180mcu_fd_sc_mcu9t5v0__nor2_2)
                                         _04210_ (net)
    16    0.22    0.60    0.88    6.67 v max_cap217/Z (gf180mcu_fd_sc_mcu9t5v0__buf_4)
                                         net217 (net)
     6    0.05    1.22    0.91    7.58 ^ _09394_/ZN (gf180mcu_fd_sc_mcu9t5v0__nand2_1)
                                         _04214_ (net)
    11    0.17    3.06    2.17    9.74 v _09395_/ZN (gf180mcu_fd_sc_mcu9t5v0__clkinv_1)
                                         _01987_ (net)
    21    0.43    7.72    5.73   15.48 ^ _11553_/Z (gf180mcu_fd_sc_mcu9t5v0__mux2_1)
                                         _06117_ (net)
     1    0.01    2.07    0.62   16.10 v _11573_/ZN (gf180mcu_fd_sc_mcu9t5v0__aoi221_1)
                                         _06137_ (net)
     4    0.10    5.58    3.60   19.69 ^ _11574_/ZN (gf180mcu_fd_sc_mcu9t5v0__oai31_1)
                                         _06138_ (net)
     2    0.02    1.24    0.41   20.10 v _11705_/ZN (gf180mcu_fd_sc_mcu9t5v0__nand2_1)
                                         _06267_ (net)
     3    0.04    2.45    1.66   21.76 ^ _11748_/ZN (gf180mcu_fd_sc_mcu9t5v0__nor3_1)
                                         _06308_ (net)
     2    0.02    1.43    0.70   22.46 v _11807_/ZN (gf180mcu_fd_sc_mcu9t5v0__nand3_1)
                                         _06365_ (net)
     3    0.05    2.26    1.57   24.03 ^ _11808_/ZN (gf180mcu_fd_sc_mcu9t5v0__aoi21_1)
                                         _06366_ (net)
     3    0.05    1.44    0.96   24.99 v _11832_/ZN (gf180mcu_fd_sc_mcu9t5v0__oai21_1)
                                         _06389_ (net)
     2    0.02    1.33    1.00   25.99 ^ _11850_/ZN (gf180mcu_fd_sc_mcu9t5v0__aoi21_1)
                                         _06406_ (net)
     3    0.03    1.11    0.56   26.55 v _11884_/ZN (gf180mcu_fd_sc_mcu9t5v0__aoi21_1)
                                         _06438_ (net)
     2    0.01    1.23    0.72   27.26 ^ _11909_/ZN (gf180mcu_fd_sc_mcu9t5v0__oai21_1)
                                         _06462_ (net)
     3    0.02    0.57    0.76   28.02 ^ _11924_/Z (gf180mcu_fd_sc_mcu9t5v0__and2_1)
                                         _06477_ (net)
     3    0.02    0.76    0.43   28.45 v _11944_/ZN (gf180mcu_fd_sc_mcu9t5v0__oai21_1)
                                         _06496_ (net)
     3    0.02    1.52    0.89   29.35 ^ _11960_/ZN (gf180mcu_fd_sc_mcu9t5v0__aoi21_1)
                                         _06511_ (net)
     1    0.01    0.65    0.35   29.70 v _11988_/ZN (gf180mcu_fd_sc_mcu9t5v0__aoi21_1)
                                         _06537_ (net)
     1    0.18    6.17    3.73   33.43 ^ _12003_/ZN (gf180mcu_fd_sc_mcu9t5v0__xnor2_1)
                                         _06552_ (net)
     1    0.04    1.82    0.62   34.04 v _12004_/ZN (gf180mcu_fd_sc_mcu9t5v0__aoi21_1)
                                         _06553_ (net)
     1    0.00    1.17    0.89   34.93 ^ _12008_/ZN (gf180mcu_fd_sc_mcu9t5v0__oai31_1)
                                         _00230_ (net)
                  1.17    0.00   34.93 ^ _19122_/D (gf180mcu_fd_sc_mcu9t5v0__dffrnq_1)
                                 34.93   data arrival time

                         26.04   26.04   clock core_clk (rise edge)
                          2.78   28.82   clock network delay (propagated)
                          0.00   28.82   clock reconvergence pessimism
                                 28.82 ^ _19122_/CLK (gf180mcu_fd_sc_mcu9t5v0__dffrnq_1)
                         -0.49   28.33   library setup time
                                 28.33   data required time
-----------------------------------------------------------------------------
                                 28.33   data required time
                                -34.93   data arrival time
-----------------------------------------------------------------------------
                                 -6.60   slack (VIOLATED)


Startpoint: _18565_ (rising edge-triggered flip-flop clocked by core_clk)
Endpoint: _19120_ (rising edge-triggered flip-flop clocked by core_clk)
Path Group: core_clk
Path Type: max

Fanout     Cap    Slew   Delay    Time   Description
-----------------------------------------------------------------------------
                          0.00    0.00   clock core_clk (rise edge)
                          2.73    2.73   clock network delay (propagated)
                  0.62    0.00    2.73 ^ _18565_/CLK (gf180mcu_fd_sc_mcu9t5v0__dffrnq_1)
    10    0.10    1.93    2.25    4.98 ^ _18565_/Q (gf180mcu_fd_sc_mcu9t5v0__dffrnq_1)
                                         u_transform_scheduler_core.dft12_phase[1] (net)
     7    0.08    1.01    0.80    5.78 v _09390_/ZN (gf180mcu_fd_sc_mcu9t5v0__nor2_2)
                                         _04210_ (net)
    16    0.22    0.60    0.88    6.67 v max_cap217/Z (gf180mcu_fd_sc_mcu9t5v0__buf_4)
                                         net217 (net)
     6    0.05    1.22    0.91    7.58 ^ _09394_/ZN (gf180mcu_fd_sc_mcu9t5v0__nand2_1)
                                         _04214_ (net)
    11    0.17    3.06    2.17    9.74 v _09395_/ZN (gf180mcu_fd_sc_mcu9t5v0__clkinv_1)
                                         _01987_ (net)
    21    0.43    7.72    5.73   15.48 ^ _11553_/Z (gf180mcu_fd_sc_mcu9t5v0__mux2_1)
                                         _06117_ (net)
     1    0.01    2.07    0.62   16.10 v _11573_/ZN (gf180mcu_fd_sc_mcu9t5v0__aoi221_1)
                                         _06137_ (net)
     4    0.10    5.58    3.60   19.69 ^ _11574_/ZN (gf180mcu_fd_sc_mcu9t5v0__oai31_1)
                                         _06138_ (net)
     2    0.02    1.24    0.41   20.10 v _11705_/ZN (gf180mcu_fd_sc_mcu9t5v0__nand2_1)
                                         _06267_ (net)
     3    0.04    2.45    1.66   21.76 ^ _11748_/ZN (gf180mcu_fd_sc_mcu9t5v0__nor3_1)
                                         _06308_ (net)
     2    0.02    1.43    0.70   22.46 v _11807_/ZN (gf180mcu_fd_sc_mcu9t5v0__nand3_1)
                                         _06365_ (net)
     3    0.05    2.26    1.57   24.03 ^ _11808_/ZN (gf180mcu_fd_sc_mcu9t5v0__aoi21_1)
                                         _06366_ (net)
     3    0.05    1.44    0.96   24.99 v _11832_/ZN (gf180mcu_fd_sc_mcu9t5v0__oai21_1)
                                         _06389_ (net)
     2    0.02    1.33    1.00   25.99 ^ _11850_/ZN (gf180mcu_fd_sc_mcu9t5v0__aoi21_1)
                                         _06406_ (net)
     3    0.03    1.11    0.56   26.55 v _11884_/ZN (gf180mcu_fd_sc_mcu9t5v0__aoi21_1)
                                         _06438_ (net)
     2    0.01    1.23    0.72   27.26 ^ _11909_/ZN (gf180mcu_fd_sc_mcu9t5v0__oai21_1)
                                         _06462_ (net)
     3    0.02    0.57    0.76   28.02 ^ _11924_/Z (gf180mcu_fd_sc_mcu9t5v0__and2_1)
                                         _06477_ (net)
     3    0.02    0.76    0.43   28.45 v _11944_/ZN (gf180mcu_fd_sc_mcu9t5v0__oai21_1)
                                         _06496_ (net)
     1    0.01    0.35    0.75   29.20 v _11959_/Z (gf180mcu_fd_sc_mcu9t5v0__and3_1)
                                         _06510_ (net)
     1    0.15    8.08    4.84   34.04 ^ _11961_/ZN (gf180mcu_fd_sc_mcu9t5v0__oai31_1)
                                         _06512_ (net)
     1    0.01    1.27   -0.12   33.92 v _11962_/ZN (gf180mcu_fd_sc_mcu9t5v0__nand2_1)
                                         _06513_ (net)
     1    0.01    1.30    0.75   34.67 ^ _11967_/ZN (gf180mcu_fd_sc_mcu9t5v0__aoi22_1)
                                         _00228_ (net)
                  1.30    0.00   34.67 ^ _19120_/D (gf180mcu_fd_sc_mcu9t5v0__dffrnq_1)
                                 34.67   data arrival time

                         26.04   26.04   clock core_clk (rise edge)
                          2.78   28.82   clock network delay (propagated)
                          0.00   28.82   clock reconvergence pessimism
                                 28.82 ^ _19120_/CLK (gf180mcu_fd_sc_mcu9t5v0__dffrnq_1)
                         -0.50   28.32   library setup time
                                 28.32   data required time
-----------------------------------------------------------------------------
                                 28.32   data required time
                                -34.67   data arrival time
-----------------------------------------------------------------------------
                                 -6.35   slack (VIOLATED)


Startpoint: _18566_ (rising edge-triggered flip-flop clocked by core_clk)
Endpoint: u_transform_scheduler_core.u_fft_scratch_sram.u_hi.u_sram
          (rising edge-triggered flip-flop clocked by core_clk)
Path Group: core_clk
Path Type: max

Fanout     Cap    Slew   Delay    Time   Description
-----------------------------------------------------------------------------
                          0.00    0.00   clock core_clk (rise edge)
                          2.73    2.73   clock network delay (propagated)
                  0.62    0.00    2.73 ^ _18566_/CLK (gf180mcu_fd_sc_mcu9t5v0__dffrnq_4)
    21    0.45    2.06    2.79    5.52 ^ _18566_/Q (gf180mcu_fd_sc_mcu9t5v0__dffrnq_4)
                                         u_transform_scheduler_core.dft12_phase[2] (net)
     7    0.14    1.09    0.87    6.39 v _09098_/ZN (gf180mcu_fd_sc_mcu9t5v0__inv_2)
                                         _03918_ (net)
     5    0.09    1.23    1.00    7.39 ^ _09423_/ZN (gf180mcu_fd_sc_mcu9t5v0__nand3_2)
                                         _04240_ (net)
     2    0.04    0.82    0.37    7.75 v _09424_/ZN (gf180mcu_fd_sc_mcu9t5v0__aoi21_2)
                                         _04241_ (net)
     4    0.09    3.08    1.97    9.73 ^ _09425_/ZN (gf180mcu_fd_sc_mcu9t5v0__nor2_1)
                                         _04242_ (net)
     2    0.10    1.15    0.61   10.34 v _09450_/ZN (gf180mcu_fd_sc_mcu9t5v0__oai31_4)
                                         _04267_ (net)
     2    0.04    0.55    1.30   11.64 v _09454_/Z (gf180mcu_fd_sc_mcu9t5v0__and4_1)
                                         _04271_ (net)
     2    0.08    1.64    1.13   12.77 ^ _09456_/ZN (gf180mcu_fd_sc_mcu9t5v0__nand2_1)
                                         _04273_ (net)
    10    0.19    1.30    0.80   13.57 v _09461_/ZN (gf180mcu_fd_sc_mcu9t5v0__nand2_4)
                                         _04278_ (net)
    11    0.18    0.64    0.63   14.21 ^ _09462_/ZN (gf180mcu_fd_sc_mcu9t5v0__clkinv_8)
                                         u_transform_scheduler_core.u_mixed_radix_butterfly.multiply_product_fire (net)
    32    0.60    0.69    0.72   14.93 ^ load_slew111/Z (gf180mcu_fd_sc_mcu9t5v0__clkbuf_16)
                                         net111 (net)
     5    0.07    3.03    1.32   16.25 v _09473_/ZN (gf180mcu_fd_sc_mcu9t5v0__oai211_1)
                                         _04289_ (net)
     3    0.03    1.69    1.78   18.02 ^ _09490_/ZN (gf180mcu_fd_sc_mcu9t5v0__aoi21_1)
                                         _04306_ (net)
     2    0.04    1.12    0.89   18.91 v _09493_/ZN (gf180mcu_fd_sc_mcu9t5v0__oai22_1)
                                         _04309_ (net)
     1    0.03    0.41    0.93   19.84 v _09494_/Z (gf180mcu_fd_sc_mcu9t5v0__and2_1)
                                         _04310_ (net)
     1    0.04    0.99    0.75   20.59 ^ _09519_/ZN (gf180mcu_fd_sc_mcu9t5v0__oai31_4)
                                         _04335_ (net)
     2    0.20    0.47    0.54   21.13 ^ rebuffer265/Z (gf180mcu_fd_sc_mcu9t5v0__buf_8)
                                         net265 (net)
     2    0.08    0.67    0.44   21.57 v _09541_/ZN (gf180mcu_fd_sc_mcu9t5v0__aoi21_4)
                                         _04356_ (net)
     3    0.11    0.23    0.55   22.12 v rebuffer264/Z (gf180mcu_fd_sc_mcu9t5v0__buf_8)
                                         net264 (net)
    16    0.17    1.88    1.00   23.12 ^ _09700_/ZN (gf180mcu_fd_sc_mcu9t5v0__nor2_4)
                                         _04489_ (net)
    14    0.27    2.26    1.57   24.69 v _09711_/ZN (gf180mcu_fd_sc_mcu9t5v0__nand2_2)
                                         _04499_ (net)
    10    0.19    2.00    1.83   26.52 ^ _09848_/ZN (gf180mcu_fd_sc_mcu9t5v0__aoi21_4)
                                         _04622_ (net)
     8    0.15    2.25    1.83   28.35 v _10661_/ZN (gf180mcu_fd_sc_mcu9t5v0__nor2_1)
                                         _05390_ (net)
     1    0.07    2.97    2.38   30.73 ^ _10796_/ZN (gf180mcu_fd_sc_mcu9t5v0__aoi22_1)
                                         _05518_ (net)
     2    0.13    3.19    1.66   32.39 v _10810_/ZN (gf180mcu_fd_sc_mcu9t5v0__aoi22_1)
                                         u_transform_scheduler_core.u_fft_scratch_sram.macro_addr[7] (net)
     1    0.05    0.27    1.07   33.45 v u_transform_scheduler_core.u_fft_scratch_sram.u_hi.g_pin_drive[7].u_addr_driver/Z (gf180mcu_fd_sc_mcu9t5v0__buf_4)
                                         u_transform_scheduler_core.u_fft_scratch_sram.u_hi.macro_addr[7] (net)
                  0.27    0.00   33.46 v u_transform_scheduler_core.u_fft_scratch_sram.u_hi.u_sram/A[7] (gf180mcu_fd_ip_sram__sram256x8m8wm1)
                                 33.46   data arrival time

                         26.04   26.04   clock core_clk (rise edge)
                          2.21   28.26   clock network delay (propagated)
                          0.00   28.26   clock reconvergence pessimism
                                 28.26 ^ u_transform_scheduler_core.u_fft_scratch_sram.u_hi.u_sram/CLK (gf180mcu_fd_ip_sram__sram256x8m8wm1)
                         -1.08   27.17   library setup time
                                 27.17   data required time
-----------------------------------------------------------------------------
                                 27.17   data required time
                                -33.46   data arrival time
-----------------------------------------------------------------------------
                                 -6.28   slack (VIOLATED)


Startpoint: _18566_ (rising edge-triggered flip-flop clocked by core_clk)
Endpoint: u_transform_scheduler_core.u_fft_scratch_sram.u_lo.u_sram
          (rising edge-triggered flip-flop clocked by core_clk)
Path Group: core_clk
Path Type: max

Fanout     Cap    Slew   Delay    Time   Description
-----------------------------------------------------------------------------
                          0.00    0.00   clock core_clk (rise edge)
                          2.73    2.73   clock network delay (propagated)
                  0.62    0.00    2.73 ^ _18566_/CLK (gf180mcu_fd_sc_mcu9t5v0__dffrnq_4)
    21    0.45    2.06    2.79    5.52 ^ _18566_/Q (gf180mcu_fd_sc_mcu9t5v0__dffrnq_4)
                                         u_transform_scheduler_core.dft12_phase[2] (net)
     7    0.14    1.09    0.87    6.39 v _09098_/ZN (gf180mcu_fd_sc_mcu9t5v0__inv_2)
                                         _03918_ (net)
     5    0.09    1.23    1.00    7.39 ^ _09423_/ZN (gf180mcu_fd_sc_mcu9t5v0__nand3_2)
                                         _04240_ (net)
     2    0.04    0.82    0.37    7.75 v _09424_/ZN (gf180mcu_fd_sc_mcu9t5v0__aoi21_2)
                                         _04241_ (net)
     4    0.09    3.08    1.97    9.73 ^ _09425_/ZN (gf180mcu_fd_sc_mcu9t5v0__nor2_1)
                                         _04242_ (net)
     2    0.10    1.15    0.61   10.34 v _09450_/ZN (gf180mcu_fd_sc_mcu9t5v0__oai31_4)
                                         _04267_ (net)
     2    0.04    0.55    1.30   11.64 v _09454_/Z (gf180mcu_fd_sc_mcu9t5v0__and4_1)
                                         _04271_ (net)
     2    0.08    1.64    1.13   12.77 ^ _09456_/ZN (gf180mcu_fd_sc_mcu9t5v0__nand2_1)
                                         _04273_ (net)
    10    0.19    1.30    0.80   13.57 v _09461_/ZN (gf180mcu_fd_sc_mcu9t5v0__nand2_4)
                                         _04278_ (net)
    11    0.18    0.64    0.63   14.21 ^ _09462_/ZN (gf180mcu_fd_sc_mcu9t5v0__clkinv_8)
                                         u_transform_scheduler_core.u_mixed_radix_butterfly.multiply_product_fire (net)
    32    0.60    0.69    0.72   14.93 ^ load_slew111/Z (gf180mcu_fd_sc_mcu9t5v0__clkbuf_16)
                                         net111 (net)
     5    0.07    3.03    1.32   16.25 v _09473_/ZN (gf180mcu_fd_sc_mcu9t5v0__oai211_1)
                                         _04289_ (net)
     3    0.03    1.69    1.78   18.02 ^ _09490_/ZN (gf180mcu_fd_sc_mcu9t5v0__aoi21_1)
                                         _04306_ (net)
     2    0.04    1.12    0.89   18.91 v _09493_/ZN (gf180mcu_fd_sc_mcu9t5v0__oai22_1)
                                         _04309_ (net)
     1    0.03    0.41    0.93   19.84 v _09494_/Z (gf180mcu_fd_sc_mcu9t5v0__and2_1)
                                         _04310_ (net)
     1    0.04    0.99    0.75   20.59 ^ _09519_/ZN (gf180mcu_fd_sc_mcu9t5v0__oai31_4)
                                         _04335_ (net)
     2    0.20    0.47    0.54   21.13 ^ rebuffer265/Z (gf180mcu_fd_sc_mcu9t5v0__buf_8)
                                         net265 (net)
     2    0.08    0.67    0.44   21.57 v _09541_/ZN (gf180mcu_fd_sc_mcu9t5v0__aoi21_4)
                                         _04356_ (net)
     3    0.11    0.23    0.55   22.12 v rebuffer264/Z (gf180mcu_fd_sc_mcu9t5v0__buf_8)
                                         net264 (net)
    16    0.17    1.88    1.00   23.12 ^ _09700_/ZN (gf180mcu_fd_sc_mcu9t5v0__nor2_4)
                                         _04489_ (net)
    14    0.27    2.26    1.57   24.69 v _09711_/ZN (gf180mcu_fd_sc_mcu9t5v0__nand2_2)
                                         _04499_ (net)
    10    0.19    2.00    1.83   26.52 ^ _09848_/ZN (gf180mcu_fd_sc_mcu9t5v0__aoi21_4)
                                         _04622_ (net)
     8    0.15    2.25    1.83   28.35 v _10661_/ZN (gf180mcu_fd_sc_mcu9t5v0__nor2_1)
                                         _05390_ (net)
     1    0.07    2.97    2.38   30.73 ^ _10796_/ZN (gf180mcu_fd_sc_mcu9t5v0__aoi22_1)
                                         _05518_ (net)
     2    0.13    3.19    1.66   32.39 v _10810_/ZN (gf180mcu_fd_sc_mcu9t5v0__aoi22_1)
                                         u_transform_scheduler_core.u_fft_scratch_sram.macro_addr[7] (net)
     1    0.05    0.27    1.07   33.46 v u_transform_scheduler_core.u_fft_scratch_sram.u_lo.g_pin_drive[7].u_addr_driver/Z (gf180mcu_fd_sc_mcu9t5v0__buf_4)
                                         u_transform_scheduler_core.u_fft_scratch_sram.u_lo.macro_addr[7] (net)
                  0.27    0.00   33.46 v u_transform_scheduler_core.u_fft_scratch_sram.u_lo.u_sram/A[7] (gf180mcu_fd_ip_sram__sram256x8m8wm1)
                                 33.46   data arrival time

                         26.04   26.04   clock core_clk (rise edge)
                          2.22   28.26   clock network delay (propagated)
                          0.00   28.26   clock reconvergence pessimism
                                 28.26 ^ u_transform_scheduler_core.u_fft_scratch_sram.u_lo.u_sram/CLK (gf180mcu_fd_ip_sram__sram256x8m8wm1)
                         -1.08   27.18   library setup time
                                 27.18   data required time
-----------------------------------------------------------------------------
                                 27.18   data required time
                                -33.46   data arrival time
-----------------------------------------------------------------------------
                                 -6.28   slack (VIOLATED)


Startpoint: _18566_ (rising edge-triggered flip-flop clocked by core_clk)
Endpoint: u_transform_scheduler_core.u_fft_scratch_sram.u_lo.u_sram
          (rising edge-triggered flip-flop clocked by core_clk)
Path Group: core_clk
Path Type: max

Fanout     Cap    Slew   Delay    Time   Description
-----------------------------------------------------------------------------
                          0.00    0.00   clock core_clk (rise edge)
                          2.73    2.73   clock network delay (propagated)
                  0.62    0.00    2.73 ^ _18566_/CLK (gf180mcu_fd_sc_mcu9t5v0__dffrnq_4)
    21    0.45    2.06    2.79    5.52 ^ _18566_/Q (gf180mcu_fd_sc_mcu9t5v0__dffrnq_4)
                                         u_transform_scheduler_core.dft12_phase[2] (net)
     7    0.14    1.09    0.87    6.39 v _09098_/ZN (gf180mcu_fd_sc_mcu9t5v0__inv_2)
                                         _03918_ (net)
     5    0.09    1.23    1.00    7.39 ^ _09423_/ZN (gf180mcu_fd_sc_mcu9t5v0__nand3_2)
                                         _04240_ (net)
     2    0.04    0.82    0.37    7.75 v _09424_/ZN (gf180mcu_fd_sc_mcu9t5v0__aoi21_2)
                                         _04241_ (net)
     4    0.09    3.08    1.97    9.73 ^ _09425_/ZN (gf180mcu_fd_sc_mcu9t5v0__nor2_1)
                                         _04242_ (net)
     2    0.10    1.15    0.61   10.34 v _09450_/ZN (gf180mcu_fd_sc_mcu9t5v0__oai31_4)
                                         _04267_ (net)
     2    0.04    0.55    1.30   11.64 v _09454_/Z (gf180mcu_fd_sc_mcu9t5v0__and4_1)
                                         _04271_ (net)
     2    0.08    1.64    1.13   12.77 ^ _09456_/ZN (gf180mcu_fd_sc_mcu9t5v0__nand2_1)
                                         _04273_ (net)
    10    0.19    1.30    0.80   13.57 v _09461_/ZN (gf180mcu_fd_sc_mcu9t5v0__nand2_4)
                                         _04278_ (net)
    11    0.18    0.64    0.63   14.21 ^ _09462_/ZN (gf180mcu_fd_sc_mcu9t5v0__clkinv_8)
                                         u_transform_scheduler_core.u_mixed_radix_butterfly.multiply_product_fire (net)
    32    0.60    0.69    0.72   14.93 ^ load_slew111/Z (gf180mcu_fd_sc_mcu9t5v0__clkbuf_16)
                                         net111 (net)
     5    0.07    3.03    1.32   16.25 v _09473_/ZN (gf180mcu_fd_sc_mcu9t5v0__oai211_1)
                                         _04289_ (net)
     3    0.03    1.69    1.78   18.02 ^ _09490_/ZN (gf180mcu_fd_sc_mcu9t5v0__aoi21_1)
                                         _04306_ (net)
     2    0.04    1.12    0.89   18.91 v _09493_/ZN (gf180mcu_fd_sc_mcu9t5v0__oai22_1)
                                         _04309_ (net)
     1    0.03    0.41    0.93   19.84 v _09494_/Z (gf180mcu_fd_sc_mcu9t5v0__and2_1)
                                         _04310_ (net)
     1    0.04    0.99    0.75   20.59 ^ _09519_/ZN (gf180mcu_fd_sc_mcu9t5v0__oai31_4)
                                         _04335_ (net)
     2    0.20    0.47    0.54   21.13 ^ rebuffer265/Z (gf180mcu_fd_sc_mcu9t5v0__buf_8)
                                         net265 (net)
     2    0.08    0.67    0.44   21.57 v _09541_/ZN (gf180mcu_fd_sc_mcu9t5v0__aoi21_4)
                                         _04356_ (net)
     3    0.11    0.23    0.55   22.12 v rebuffer264/Z (gf180mcu_fd_sc_mcu9t5v0__buf_8)
                                         net264 (net)
    16    0.17    1.88    1.00   23.12 ^ _09700_/ZN (gf180mcu_fd_sc_mcu9t5v0__nor2_4)
                                         _04489_ (net)
    14    0.27    2.26    1.57   24.69 v _09711_/ZN (gf180mcu_fd_sc_mcu9t5v0__nand2_2)
                                         _04499_ (net)
     1    0.01    1.48    1.21   25.90 ^ _10747_/ZN (gf180mcu_fd_sc_mcu9t5v0__oai31_1)
                                         _05471_ (net)
     1    0.02    1.40    0.48   26.38 v _10748_/ZN (gf180mcu_fd_sc_mcu9t5v0__oai21_1)
                                         _05472_ (net)
     2    0.14    5.07    3.18   29.56 ^ _10749_/ZN (gf180mcu_fd_sc_mcu9t5v0__oai21_1)
                                         _05473_ (net)
     1    0.09    3.55    1.36   30.92 v _10750_/ZN (gf180mcu_fd_sc_mcu9t5v0__aoi221_2)
                                         _05474_ (net)
     2    0.14    2.85    2.33   33.25 ^ _10770_/ZN (gf180mcu_fd_sc_mcu9t5v0__aoi21_2)
                                         u_transform_scheduler_core.u_fft_scratch_sram.macro_addr[5] (net)
     1    0.05    0.33    0.47   33.72 ^ u_transform_scheduler_core.u_fft_scratch_sram.u_lo.g_pin_drive[5].u_addr_driver/Z (gf180mcu_fd_sc_mcu9t5v0__buf_4)
                                         u_transform_scheduler_core.u_fft_scratch_sram.u_lo.macro_addr[5] (net)
                  0.33    0.00   33.72 ^ u_transform_scheduler_core.u_fft_scratch_sram.u_lo.u_sram/A[5] (gf180mcu_fd_ip_sram__sram256x8m8wm1)
                                 33.72   data arrival time

                         26.04   26.04   clock core_clk (rise edge)
                          2.22   28.26   clock network delay (propagated)
                          0.00   28.26   clock reconvergence pessimism
                                 28.26 ^ u_transform_scheduler_core.u_fft_scratch_sram.u_lo.u_sram/CLK (gf180mcu_fd_ip_sram__sram256x8m8wm1)
                         -0.81   27.45   library setup time
                                 27.45   data required time
-----------------------------------------------------------------------------
                                 27.45   data required time
                                -33.72   data arrival time
-----------------------------------------------------------------------------
                                 -6.27   slack (VIOLATED)


Startpoint: _18566_ (rising edge-triggered flip-flop clocked by core_clk)
Endpoint: u_transform_scheduler_core.u_fft_scratch_sram.u_hi.u_sram
          (rising edge-triggered flip-flop clocked by core_clk)
Path Group: core_clk
Path Type: max

Fanout     Cap    Slew   Delay    Time   Description
-----------------------------------------------------------------------------
                          0.00    0.00   clock core_clk (rise edge)
                          2.73    2.73   clock network delay (propagated)
                  0.62    0.00    2.73 ^ _18566_/CLK (gf180mcu_fd_sc_mcu9t5v0__dffrnq_4)
    21    0.45    2.06    2.79    5.52 ^ _18566_/Q (gf180mcu_fd_sc_mcu9t5v0__dffrnq_4)
                                         u_transform_scheduler_core.dft12_phase[2] (net)
     7    0.14    1.09    0.87    6.39 v _09098_/ZN (gf180mcu_fd_sc_mcu9t5v0__inv_2)
                                         _03918_ (net)
     5    0.09    1.23    1.00    7.39 ^ _09423_/ZN (gf180mcu_fd_sc_mcu9t5v0__nand3_2)
                                         _04240_ (net)
     2    0.04    0.82    0.37    7.75 v _09424_/ZN (gf180mcu_fd_sc_mcu9t5v0__aoi21_2)
                                         _04241_ (net)
     4    0.09    3.08    1.97    9.73 ^ _09425_/ZN (gf180mcu_fd_sc_mcu9t5v0__nor2_1)
                                         _04242_ (net)
     2    0.10    1.15    0.61   10.34 v _09450_/ZN (gf180mcu_fd_sc_mcu9t5v0__oai31_4)
                                         _04267_ (net)
     2    0.04    0.55    1.30   11.64 v _09454_/Z (gf180mcu_fd_sc_mcu9t5v0__and4_1)
                                         _04271_ (net)
     2    0.08    1.64    1.13   12.77 ^ _09456_/ZN (gf180mcu_fd_sc_mcu9t5v0__nand2_1)
                                         _04273_ (net)
    10    0.19    1.30    0.80   13.57 v _09461_/ZN (gf180mcu_fd_sc_mcu9t5v0__nand2_4)
                                         _04278_ (net)
    11    0.18    0.64    0.63   14.21 ^ _09462_/ZN (gf180mcu_fd_sc_mcu9t5v0__clkinv_8)
                                         u_transform_scheduler_core.u_mixed_radix_butterfly.multiply_product_fire (net)
    32    0.60    0.69    0.72   14.93 ^ load_slew111/Z (gf180mcu_fd_sc_mcu9t5v0__clkbuf_16)
                                         net111 (net)
     5    0.07    3.03    1.32   16.25 v _09473_/ZN (gf180mcu_fd_sc_mcu9t5v0__oai211_1)
                                         _04289_ (net)
     3    0.03    1.69    1.78   18.02 ^ _09490_/ZN (gf180mcu_fd_sc_mcu9t5v0__aoi21_1)
                                         _04306_ (net)
     2    0.04    1.12    0.89   18.91 v _09493_/ZN (gf180mcu_fd_sc_mcu9t5v0__oai22_1)
                                         _04309_ (net)
     1    0.03    0.41    0.93   19.84 v _09494_/Z (gf180mcu_fd_sc_mcu9t5v0__and2_1)
                                         _04310_ (net)
     1    0.04    0.99    0.75   20.59 ^ _09519_/ZN (gf180mcu_fd_sc_mcu9t5v0__oai31_4)
                                         _04335_ (net)
     2    0.20    0.47    0.54   21.13 ^ rebuffer265/Z (gf180mcu_fd_sc_mcu9t5v0__buf_8)
                                         net265 (net)
     2    0.08    0.67    0.44   21.57 v _09541_/ZN (gf180mcu_fd_sc_mcu9t5v0__aoi21_4)
                                         _04356_ (net)
     3    0.11    0.23    0.55   22.12 v rebuffer264/Z (gf180mcu_fd_sc_mcu9t5v0__buf_8)
                                         net264 (net)
    16    0.17    1.88    1.00   23.12 ^ _09700_/ZN (gf180mcu_fd_sc_mcu9t5v0__nor2_4)
                                         _04489_ (net)
    14    0.27    2.26    1.57   24.69 v _09711_/ZN (gf180mcu_fd_sc_mcu9t5v0__nand2_2)
                                         _04499_ (net)
     1    0.01    1.48    1.21   25.90 ^ _10747_/ZN (gf180mcu_fd_sc_mcu9t5v0__oai31_1)
                                         _05471_ (net)
     1    0.02    1.40    0.48   26.38 v _10748_/ZN (gf180mcu_fd_sc_mcu9t5v0__oai21_1)
                                         _05472_ (net)
     2    0.14    5.07    3.18   29.56 ^ _10749_/ZN (gf180mcu_fd_sc_mcu9t5v0__oai21_1)
                                         _05473_ (net)
     1    0.09    3.55    1.36   30.92 v _10750_/ZN (gf180mcu_fd_sc_mcu9t5v0__aoi221_2)
                                         _05474_ (net)
     2    0.14    2.85    2.33   33.25 ^ _10770_/ZN (gf180mcu_fd_sc_mcu9t5v0__aoi21_2)
                                         u_transform_scheduler_core.u_fft_scratch_sram.macro_addr[5] (net)
     1    0.05    0.31    0.46   33.71 ^ u_transform_scheduler_core.u_fft_scratch_sram.u_hi.g_pin_drive[5].u_addr_driver/Z (gf180mcu_fd_sc_mcu9t5v0__buf_4)
                                         u_transform_scheduler_core.u_fft_scratch_sram.u_hi.macro_addr[5] (net)
                  0.31    0.00   33.71 ^ u_transform_scheduler_core.u_fft_scratch_sram.u_hi.u_sram/A[5] (gf180mcu_fd_ip_sram__sram256x8m8wm1)
                                 33.71   data arrival time

                         26.04   26.04   clock core_clk (rise edge)
                          2.21   28.26   clock network delay (propagated)
                          0.00   28.26   clock reconvergence pessimism
                                 28.26 ^ u_transform_scheduler_core.u_fft_scratch_sram.u_hi.u_sram/CLK (gf180mcu_fd_ip_sram__sram256x8m8wm1)
                         -0.81   27.45   library setup time
                                 27.45   data required time
-----------------------------------------------------------------------------
                                 27.45   data required time
                                -33.71   data arrival time
-----------------------------------------------------------------------------
                                 -6.27   slack (VIOLATED)


Startpoint: _18566_ (rising edge-triggered flip-flop clocked by core_clk)
Endpoint: u_transform_scheduler_core.u_fft_scratch_sram.u_lo.u_sram
          (rising edge-triggered flip-flop clocked by core_clk)
Path Group: core_clk
Path Type: max

Fanout     Cap    Slew   Delay    Time   Description
-----------------------------------------------------------------------------
                          0.00    0.00   clock core_clk (rise edge)
                          2.73    2.73   clock network delay (propagated)
                  0.62    0.00    2.73 ^ _18566_/CLK (gf180mcu_fd_sc_mcu9t5v0__dffrnq_4)
    21    0.45    2.06    2.79    5.52 ^ _18566_/Q (gf180mcu_fd_sc_mcu9t5v0__dffrnq_4)
                                         u_transform_scheduler_core.dft12_phase[2] (net)
     7    0.14    1.09    0.87    6.39 v _09098_/ZN (gf180mcu_fd_sc_mcu9t5v0__inv_2)
                                         _03918_ (net)
     5    0.09    1.23    1.00    7.39 ^ _09423_/ZN (gf180mcu_fd_sc_mcu9t5v0__nand3_2)
                                         _04240_ (net)
     2    0.04    0.82    0.37    7.75 v _09424_/ZN (gf180mcu_fd_sc_mcu9t5v0__aoi21_2)
                                         _04241_ (net)
     4    0.09    3.08    1.97    9.73 ^ _09425_/ZN (gf180mcu_fd_sc_mcu9t5v0__nor2_1)
                                         _04242_ (net)
     2    0.10    1.15    0.61   10.34 v _09450_/ZN (gf180mcu_fd_sc_mcu9t5v0__oai31_4)
                                         _04267_ (net)
     2    0.04    0.55    1.30   11.64 v _09454_/Z (gf180mcu_fd_sc_mcu9t5v0__and4_1)
                                         _04271_ (net)
     2    0.08    1.64    1.13   12.77 ^ _09456_/ZN (gf180mcu_fd_sc_mcu9t5v0__nand2_1)
                                         _04273_ (net)
    10    0.19    1.30    0.80   13.57 v _09461_/ZN (gf180mcu_fd_sc_mcu9t5v0__nand2_4)
                                         _04278_ (net)
    11    0.18    0.64    0.63   14.21 ^ _09462_/ZN (gf180mcu_fd_sc_mcu9t5v0__clkinv_8)
                                         u_transform_scheduler_core.u_mixed_radix_butterfly.multiply_product_fire (net)
    32    0.60    0.69    0.72   14.93 ^ load_slew111/Z (gf180mcu_fd_sc_mcu9t5v0__clkbuf_16)
                                         net111 (net)
     5    0.07    3.03    1.32   16.25 v _09473_/ZN (gf180mcu_fd_sc_mcu9t5v0__oai211_1)
                                         _04289_ (net)
     3    0.03    1.69    1.78   18.02 ^ _09490_/ZN (gf180mcu_fd_sc_mcu9t5v0__aoi21_1)
                                         _04306_ (net)
     2    0.04    1.12    0.89   18.91 v _09493_/ZN (gf180mcu_fd_sc_mcu9t5v0__oai22_1)
                                         _04309_ (net)
     1    0.03    0.41    0.93   19.84 v _09494_/Z (gf180mcu_fd_sc_mcu9t5v0__and2_1)
                                         _04310_ (net)
     1    0.04    0.99    0.75   20.59 ^ _09519_/ZN (gf180mcu_fd_sc_mcu9t5v0__oai31_4)
                                         _04335_ (net)
     2    0.20    0.47    0.54   21.13 ^ rebuffer265/Z (gf180mcu_fd_sc_mcu9t5v0__buf_8)
                                         net265 (net)
     2    0.08    0.67    0.44   21.57 v _09541_/ZN (gf180mcu_fd_sc_mcu9t5v0__aoi21_4)
                                         _04356_ (net)
     3    0.11    0.23    0.55   22.12 v rebuffer264/Z (gf180mcu_fd_sc_mcu9t5v0__buf_8)
                                         net264 (net)
    16    0.17    1.88    1.00   23.12 ^ _09700_/ZN (gf180mcu_fd_sc_mcu9t5v0__nor2_4)
                                         _04489_ (net)
    18    0.22    2.00    1.55   24.66 ^ _09710_/Z (gf180mcu_fd_sc_mcu9t5v0__and2_2)
                                         _04498_ (net)
     3    0.24    2.56    1.61   26.28 v _09849_/ZN (gf180mcu_fd_sc_mcu9t5v0__oai21_2)
                                         _04623_ (net)
     9    0.26    2.72    1.96   28.23 ^ _09854_/ZN (gf180mcu_fd_sc_mcu9t5v0__nor2_4)
                                         _04626_ (net)
     1    0.03    1.72    0.91   29.15 v _10416_/ZN (gf180mcu_fd_sc_mcu9t5v0__oai211_1)
                                         _05155_ (net)
     1    0.17    6.11    3.92   33.07 ^ _10423_/ZN (gf180mcu_fd_sc_mcu9t5v0__aoi22_1)
                                         u_transform_scheduler_core.u_fft_scratch_sram.macro_wdata[6] (net)
     1    0.05    0.37    0.38   33.45 ^ u_transform_scheduler_core.u_fft_scratch_sram.u_lo.g_pin_drive[6].u_data_driver/Z (gf180mcu_fd_sc_mcu9t5v0__buf_4)
                                         u_transform_scheduler_core.u_fft_scratch_sram.u_lo.macro_wdata[6] (net)
                  0.37    0.00   33.45 ^ u_transform_scheduler_core.u_fft_scratch_sram.u_lo.u_sram/D[6] (gf180mcu_fd_ip_sram__sram256x8m8wm1)
                                 33.45   data arrival time

                         26.04   26.04   clock core_clk (rise edge)
                          2.22   28.26   clock network delay (propagated)
                          0.00   28.26   clock reconvergence pessimism
                                 28.26 ^ u_transform_scheduler_core.u_fft_scratch_sram.u_lo.u_sram/CLK (gf180mcu_fd_ip_sram__sram256x8m8wm1)
                         -0.78   27.48   library setup time
                                 27.48   data required time
-----------------------------------------------------------------------------
                                 27.48   data required time
                                -33.45   data arrival time
-----------------------------------------------------------------------------
                                 -5.97   slack (VIOLATED)


