Startpoint: _20041_ (rising edge-triggered flip-flop clocked by core_clk)
Endpoint: u_transform_scheduler_core.u_fft_scratch_sram.u_lo.u_sram
          (rising edge-triggered flip-flop clocked by core_clk)
Path Group: core_clk
Path Type: max

  Delay    Time   Description
---------------------------------------------------------
   0.00    0.00   clock core_clk (rise edge)
   2.82    2.82   clock network delay (propagated)
   0.00    2.82 ^ _20041_/CLK (gf180mcu_fd_sc_mcu9t5v0__dffrnq_4)
   1.95    4.77 ^ _20041_/Q (gf180mcu_fd_sc_mcu9t5v0__dffrnq_4)
   0.80    5.57 ^ load_slew221/Z (gf180mcu_fd_sc_mcu9t5v0__buf_8)
   0.75    6.32 v _09396_/ZN (gf180mcu_fd_sc_mcu9t5v0__nor2_4)
   0.93    7.25 v _09399_/Z (gf180mcu_fd_sc_mcu9t5v0__and3_4)
   0.49    7.74 ^ _09401_/ZN (gf180mcu_fd_sc_mcu9t5v0__nor2_4)
   0.31    8.05 v _09413_/ZN (gf180mcu_fd_sc_mcu9t5v0__nand3_4)
   1.06    9.11 ^ _09416_/ZN (gf180mcu_fd_sc_mcu9t5v0__aoi211_4)
   0.38    9.48 v _09417_/ZN (gf180mcu_fd_sc_mcu9t5v0__clkinv_4)
   0.78   10.26 v _09454_/Z (gf180mcu_fd_sc_mcu9t5v0__and4_4)
   0.45   10.71 ^ _09456_/ZN (gf180mcu_fd_sc_mcu9t5v0__nand2_4)
   0.63   11.33 v _09461_/ZN (gf180mcu_fd_sc_mcu9t5v0__nand2_4)
   0.61   11.94 ^ _09462_/ZN (gf180mcu_fd_sc_mcu9t5v0__clkinv_8)
   0.63   12.57 ^ load_slew111/Z (gf180mcu_fd_sc_mcu9t5v0__clkbuf_16)
   0.57   13.15 v _09472_/ZN (gf180mcu_fd_sc_mcu9t5v0__oai21_4)
   0.96   14.10 v max_cap106/Z (gf180mcu_fd_sc_mcu9t5v0__clkbuf_16)
   1.08   15.18 ^ _09511_/ZN (gf180mcu_fd_sc_mcu9t5v0__aoi21_4)
   0.57   15.75 v _09513_/ZN (gf180mcu_fd_sc_mcu9t5v0__oai221_4)
   0.81   16.56 v _09514_/Z (gf180mcu_fd_sc_mcu9t5v0__or2_4)
   0.64   17.20 ^ _09519_/ZN (gf180mcu_fd_sc_mcu9t5v0__oai31_4)
   0.51   17.71 ^ rebuffer265/Z (gf180mcu_fd_sc_mcu9t5v0__buf_8)
   0.42   18.13 v _09541_/ZN (gf180mcu_fd_sc_mcu9t5v0__aoi21_4)
   0.57   18.70 v rebuffer264/Z (gf180mcu_fd_sc_mcu9t5v0__buf_8)
   1.22   19.92 ^ _09700_/ZN (gf180mcu_fd_sc_mcu9t5v0__nor2_4)
   1.15   21.08 ^ _09710_/Z (gf180mcu_fd_sc_mcu9t5v0__and2_4)
   0.38   21.46 v _10771_/ZN (gf180mcu_fd_sc_mcu9t5v0__nand3_1)
   0.71   22.17 ^ _10773_/ZN (gf180mcu_fd_sc_mcu9t5v0__aoi22_1)
   2.94   25.11 ^ _10774_/Z (gf180mcu_fd_sc_mcu9t5v0__mux2_1)
   0.80   25.91 v _10775_/ZN (gf180mcu_fd_sc_mcu9t5v0__aoi221_4)
   1.39   27.30 ^ _10792_/ZN (gf180mcu_fd_sc_mcu9t5v0__aoi21_4)
   0.42   27.72 ^ u_transform_scheduler_core.u_fft_scratch_sram.u_lo.g_pin_drive[6].u_addr_driver/Z (gf180mcu_fd_sc_mcu9t5v0__buf_8)
   0.00   27.72 ^ u_transform_scheduler_core.u_fft_scratch_sram.u_lo.u_sram/A[6] (gf180mcu_fd_ip_sram__sram256x8m8wm1)
          27.72   data arrival time

  26.04   26.04   clock core_clk (rise edge)
   2.24   28.28   clock network delay (propagated)
   0.00   28.28   clock reconvergence pessimism
          28.28 ^ u_transform_scheduler_core.u_fft_scratch_sram.u_lo.u_sram/CLK (gf180mcu_fd_ip_sram__sram256x8m8wm1)
  -0.80   27.48   library setup time
          27.48   data required time
---------------------------------------------------------
          27.48   data required time
         -27.72   data arrival time
---------------------------------------------------------
          -0.24   slack (VIOLATED)


Startpoint: _20041_ (rising edge-triggered flip-flop clocked by core_clk)
Endpoint: u_transform_scheduler_core.u_fft_scratch_sram.u_hi.u_sram
          (rising edge-triggered flip-flop clocked by core_clk)
Path Group: core_clk
Path Type: max

  Delay    Time   Description
---------------------------------------------------------
   0.00    0.00   clock core_clk (rise edge)
   2.82    2.82   clock network delay (propagated)
   0.00    2.82 ^ _20041_/CLK (gf180mcu_fd_sc_mcu9t5v0__dffrnq_4)
   1.95    4.77 ^ _20041_/Q (gf180mcu_fd_sc_mcu9t5v0__dffrnq_4)
   0.80    5.57 ^ load_slew221/Z (gf180mcu_fd_sc_mcu9t5v0__buf_8)
   0.75    6.32 v _09396_/ZN (gf180mcu_fd_sc_mcu9t5v0__nor2_4)
   0.93    7.25 v _09399_/Z (gf180mcu_fd_sc_mcu9t5v0__and3_4)
   0.49    7.74 ^ _09401_/ZN (gf180mcu_fd_sc_mcu9t5v0__nor2_4)
   0.31    8.05 v _09413_/ZN (gf180mcu_fd_sc_mcu9t5v0__nand3_4)
   1.06    9.11 ^ _09416_/ZN (gf180mcu_fd_sc_mcu9t5v0__aoi211_4)
   0.38    9.48 v _09417_/ZN (gf180mcu_fd_sc_mcu9t5v0__clkinv_4)
   0.78   10.26 v _09454_/Z (gf180mcu_fd_sc_mcu9t5v0__and4_4)
   0.45   10.71 ^ _09456_/ZN (gf180mcu_fd_sc_mcu9t5v0__nand2_4)
   0.63   11.33 v _09461_/ZN (gf180mcu_fd_sc_mcu9t5v0__nand2_4)
   0.61   11.94 ^ _09462_/ZN (gf180mcu_fd_sc_mcu9t5v0__clkinv_8)
   0.63   12.57 ^ load_slew111/Z (gf180mcu_fd_sc_mcu9t5v0__clkbuf_16)
   0.57   13.15 v _09472_/ZN (gf180mcu_fd_sc_mcu9t5v0__oai21_4)
   0.96   14.10 v max_cap106/Z (gf180mcu_fd_sc_mcu9t5v0__clkbuf_16)
   1.08   15.18 ^ _09511_/ZN (gf180mcu_fd_sc_mcu9t5v0__aoi21_4)
   0.57   15.75 v _09513_/ZN (gf180mcu_fd_sc_mcu9t5v0__oai221_4)
   0.81   16.56 v _09514_/Z (gf180mcu_fd_sc_mcu9t5v0__or2_4)
   0.64   17.20 ^ _09519_/ZN (gf180mcu_fd_sc_mcu9t5v0__oai31_4)
   0.51   17.71 ^ rebuffer265/Z (gf180mcu_fd_sc_mcu9t5v0__buf_8)
   0.42   18.13 v _09541_/ZN (gf180mcu_fd_sc_mcu9t5v0__aoi21_4)
   0.57   18.70 v rebuffer264/Z (gf180mcu_fd_sc_mcu9t5v0__buf_8)
   1.22   19.92 ^ _09700_/ZN (gf180mcu_fd_sc_mcu9t5v0__nor2_4)
   1.15   21.08 ^ _09710_/Z (gf180mcu_fd_sc_mcu9t5v0__and2_4)
   0.38   21.46 v _10771_/ZN (gf180mcu_fd_sc_mcu9t5v0__nand3_1)
   0.71   22.17 ^ _10773_/ZN (gf180mcu_fd_sc_mcu9t5v0__aoi22_1)
   2.94   25.11 ^ _10774_/Z (gf180mcu_fd_sc_mcu9t5v0__mux2_1)
   0.80   25.91 v _10775_/ZN (gf180mcu_fd_sc_mcu9t5v0__aoi221_4)
   1.39   27.30 ^ _10792_/ZN (gf180mcu_fd_sc_mcu9t5v0__aoi21_4)
   0.41   27.71 ^ u_transform_scheduler_core.u_fft_scratch_sram.u_hi.g_pin_drive[6].u_addr_driver/Z (gf180mcu_fd_sc_mcu9t5v0__buf_8)
   0.00   27.71 ^ u_transform_scheduler_core.u_fft_scratch_sram.u_hi.u_sram/A[6] (gf180mcu_fd_ip_sram__sram256x8m8wm1)
          27.71   data arrival time

  26.04   26.04   clock core_clk (rise edge)
   2.23   28.28   clock network delay (propagated)
   0.00   28.28   clock reconvergence pessimism
          28.28 ^ u_transform_scheduler_core.u_fft_scratch_sram.u_hi.u_sram/CLK (gf180mcu_fd_ip_sram__sram256x8m8wm1)
  -0.80   27.47   library setup time
          27.47   data required time
---------------------------------------------------------
          27.47   data required time
         -27.71   data arrival time
---------------------------------------------------------
          -0.24   slack (VIOLATED)


