Startpoint: _18692_ (rising edge-triggered flip-flop clocked by core_clk)
Endpoint: _18516_ (rising edge-triggered flip-flop clocked by core_clk)
Path Group: core_clk
Path Type: max

  Delay    Time   Description
---------------------------------------------------------
   0.00    0.00   clock core_clk (rise edge)
   2.79    2.79   clock network delay (propagated)
   0.00    2.79 ^ _18692_/CLK (gf180mcu_fd_sc_mcu9t5v0__dffrnq_4)
   1.85    4.65 ^ _18692_/Q (gf180mcu_fd_sc_mcu9t5v0__dffrnq_4)
   1.15    5.80 v _09427_/ZN (gf180mcu_fd_sc_mcu9t5v0__xnor2_4)
   0.47    6.26 v _09428_/Z (gf180mcu_fd_sc_mcu9t5v0__and2_4)
   0.63    6.89 ^ _09435_/ZN (gf180mcu_fd_sc_mcu9t5v0__oai31_4)
   0.52    7.42 ^ eco7_buf_09435/Z (gf180mcu_fd_sc_mcu9t5v0__clkbuf_16)
   0.33    7.75 v _09438_/ZN (gf180mcu_fd_sc_mcu9t5v0__oai21_4)
   0.74    8.48 v _09445_/Z (gf180mcu_fd_sc_mcu9t5v0__and4_4)
   0.81    9.29 ^ _09450_/ZN (gf180mcu_fd_sc_mcu9t5v0__oai31_4)
   0.49    9.78 ^ eco7_buf_09450/Z (gf180mcu_fd_sc_mcu9t5v0__clkbuf_16)
   0.84   10.63 ^ _09454_/Z (gf180mcu_fd_sc_mcu9t5v0__and4_4)
   0.33   10.96 v _09456_/ZN (gf180mcu_fd_sc_mcu9t5v0__nand2_4)
   0.80   11.76 ^ _09461_/ZN (gf180mcu_fd_sc_mcu9t5v0__nand2_4)
   0.64   12.40 v _09462_/ZN (gf180mcu_fd_sc_mcu9t5v0__clkinv_8)
   0.67   13.06 v load_slew111/Z (gf180mcu_fd_sc_mcu9t5v0__clkbuf_16)
   1.06   14.12 ^ _09472_/ZN (gf180mcu_fd_sc_mcu9t5v0__oai21_4)
   0.95   15.07 ^ max_cap106/Z (gf180mcu_fd_sc_mcu9t5v0__clkbuf_16)
   0.62   15.69 v _09512_/ZN (gf180mcu_fd_sc_mcu9t5v0__nand2_4)
   0.88   16.57 ^ _09513_/ZN (gf180mcu_fd_sc_mcu9t5v0__oai221_4)
   0.53   17.10 ^ _09514_/Z (gf180mcu_fd_sc_mcu9t5v0__or2_4)
   0.26   17.36 v _09519_/ZN (gf180mcu_fd_sc_mcu9t5v0__oai31_4)
   0.65   18.01 v rebuffer265/Z (gf180mcu_fd_sc_mcu9t5v0__buf_8)
   0.68   18.69 ^ _09541_/ZN (gf180mcu_fd_sc_mcu9t5v0__aoi21_4)
   0.35   19.04 v _15855_/ZN (gf180mcu_fd_sc_mcu9t5v0__oai31_4)
   0.75   19.79 v rebuffer262/Z (gf180mcu_fd_sc_mcu9t5v0__buf_8)
   1.31   21.10 v _15860_/Z (gf180mcu_fd_sc_mcu9t5v0__or2_4)
   1.39   22.48 ^ _16297_/ZN (gf180mcu_fd_sc_mcu9t5v0__oai32_4)
   0.61   23.10 v _16440_/ZN (gf180mcu_fd_sc_mcu9t5v0__aoi21_4)
   1.23   24.33 v _16511_/Z (gf180mcu_fd_sc_mcu9t5v0__and4_4)
   0.78   25.11 v max_cap46/Z (gf180mcu_fd_sc_mcu9t5v0__buf_8)
   1.39   26.50 ^ _16512_/ZN (gf180mcu_fd_sc_mcu9t5v0__aoi21_4)
   0.65   27.15 ^ max_cap24/Z (gf180mcu_fd_sc_mcu9t5v0__clkbuf_16)
   0.42   27.56 ^ max_cap23/Z (gf180mcu_fd_sc_mcu9t5v0__clkbuf_16)
   0.60   28.16 ^ fanout244/Z (gf180mcu_fd_sc_mcu9t5v0__buf_8)
   1.00   29.16 v _17050_/Z (gf180mcu_fd_sc_mcu9t5v0__mux2_4)
   0.00   29.16 v _18516_/D (gf180mcu_fd_sc_mcu9t5v0__dffq_4)
          29.16   data arrival time

  26.04   26.04   clock core_clk (rise edge)
   3.39   29.43   clock network delay (propagated)
   0.00   29.43   clock reconvergence pessimism
          29.43 ^ _18516_/CLK (gf180mcu_fd_sc_mcu9t5v0__dffq_4)
  -0.33   29.10   library setup time
          29.10   data required time
---------------------------------------------------------
          29.10   data required time
         -29.16   data arrival time
---------------------------------------------------------
          -0.06   slack (VIOLATED)


Startpoint: _18692_ (rising edge-triggered flip-flop clocked by core_clk)
Endpoint: _18433_ (rising edge-triggered flip-flop clocked by core_clk)
Path Group: core_clk
Path Type: max

  Delay    Time   Description
---------------------------------------------------------
   0.00    0.00   clock core_clk (rise edge)
   2.79    2.79   clock network delay (propagated)
   0.00    2.79 ^ _18692_/CLK (gf180mcu_fd_sc_mcu9t5v0__dffrnq_4)
   1.85    4.65 ^ _18692_/Q (gf180mcu_fd_sc_mcu9t5v0__dffrnq_4)
   1.15    5.80 v _09427_/ZN (gf180mcu_fd_sc_mcu9t5v0__xnor2_4)
   0.47    6.26 v _09428_/Z (gf180mcu_fd_sc_mcu9t5v0__and2_4)
   0.63    6.89 ^ _09435_/ZN (gf180mcu_fd_sc_mcu9t5v0__oai31_4)
   0.52    7.42 ^ eco7_buf_09435/Z (gf180mcu_fd_sc_mcu9t5v0__clkbuf_16)
   0.33    7.75 v _09438_/ZN (gf180mcu_fd_sc_mcu9t5v0__oai21_4)
   0.74    8.48 v _09445_/Z (gf180mcu_fd_sc_mcu9t5v0__and4_4)
   0.81    9.29 ^ _09450_/ZN (gf180mcu_fd_sc_mcu9t5v0__oai31_4)
   0.49    9.78 ^ eco7_buf_09450/Z (gf180mcu_fd_sc_mcu9t5v0__clkbuf_16)
   0.84   10.63 ^ _09454_/Z (gf180mcu_fd_sc_mcu9t5v0__and4_4)
   0.33   10.96 v _09456_/ZN (gf180mcu_fd_sc_mcu9t5v0__nand2_4)
   0.80   11.76 ^ _09461_/ZN (gf180mcu_fd_sc_mcu9t5v0__nand2_4)
   0.64   12.40 v _09462_/ZN (gf180mcu_fd_sc_mcu9t5v0__clkinv_8)
   0.67   13.06 v load_slew111/Z (gf180mcu_fd_sc_mcu9t5v0__clkbuf_16)
   1.06   14.12 ^ _09472_/ZN (gf180mcu_fd_sc_mcu9t5v0__oai21_4)
   0.95   15.07 ^ max_cap106/Z (gf180mcu_fd_sc_mcu9t5v0__clkbuf_16)
   0.62   15.69 v _09512_/ZN (gf180mcu_fd_sc_mcu9t5v0__nand2_4)
   0.88   16.57 ^ _09513_/ZN (gf180mcu_fd_sc_mcu9t5v0__oai221_4)
   0.53   17.10 ^ _09514_/Z (gf180mcu_fd_sc_mcu9t5v0__or2_4)
   0.26   17.36 v _09519_/ZN (gf180mcu_fd_sc_mcu9t5v0__oai31_4)
   0.65   18.01 v rebuffer265/Z (gf180mcu_fd_sc_mcu9t5v0__buf_8)
   0.68   18.69 ^ _09541_/ZN (gf180mcu_fd_sc_mcu9t5v0__aoi21_4)
   0.35   19.04 v _15855_/ZN (gf180mcu_fd_sc_mcu9t5v0__oai31_4)
   0.75   19.79 v rebuffer262/Z (gf180mcu_fd_sc_mcu9t5v0__buf_8)
   1.31   21.10 v _15860_/Z (gf180mcu_fd_sc_mcu9t5v0__or2_4)
   1.75   22.85 ^ _15991_/ZN (gf180mcu_fd_sc_mcu9t5v0__oai32_4)
   0.69   23.54 v _16106_/ZN (gf180mcu_fd_sc_mcu9t5v0__aoi211_4)
   0.57   24.11 v eco12_buf_16106/Z (gf180mcu_fd_sc_mcu9t5v0__clkbuf_16)
   0.49   24.60 v max_cap69/Z (gf180mcu_fd_sc_mcu9t5v0__clkbuf_16)
   1.07   25.67 ^ _16335_/ZN (gf180mcu_fd_sc_mcu9t5v0__nand2_4)
   0.68   26.35 ^ load_slew55/Z (gf180mcu_fd_sc_mcu9t5v0__clkbuf_16)
   0.44   26.79 ^ max_cap54/Z (gf180mcu_fd_sc_mcu9t5v0__clkbuf_16)
   0.51   27.30 ^ fanout252/Z (gf180mcu_fd_sc_mcu9t5v0__clkbuf_16)
   0.94   28.24 v _16881_/Z (gf180mcu_fd_sc_mcu9t5v0__mux2_4)
   0.87   29.12 v _16882_/Z (gf180mcu_fd_sc_mcu9t5v0__mux2_4)
   0.00   29.12 v _18433_/D (gf180mcu_fd_sc_mcu9t5v0__dffq_4)
          29.12   data arrival time

  26.04   26.04   clock core_clk (rise edge)
   3.34   29.38   clock network delay (propagated)
   0.00   29.38   clock reconvergence pessimism
          29.38 ^ _18433_/CLK (gf180mcu_fd_sc_mcu9t5v0__dffq_4)
  -0.31   29.07   library setup time
          29.07   data required time
---------------------------------------------------------
          29.07   data required time
         -29.12   data arrival time
---------------------------------------------------------
          -0.05   slack (VIOLATED)


Startpoint: _18692_ (rising edge-triggered flip-flop clocked by core_clk)
Endpoint: _18326_ (rising edge-triggered flip-flop clocked by core_clk)
Path Group: core_clk
Path Type: max

  Delay    Time   Description
---------------------------------------------------------
   0.00    0.00   clock core_clk (rise edge)
   2.79    2.79   clock network delay (propagated)
   0.00    2.79 ^ _18692_/CLK (gf180mcu_fd_sc_mcu9t5v0__dffrnq_4)
   1.85    4.65 ^ _18692_/Q (gf180mcu_fd_sc_mcu9t5v0__dffrnq_4)
   1.15    5.80 v _09427_/ZN (gf180mcu_fd_sc_mcu9t5v0__xnor2_4)
   0.47    6.26 v _09428_/Z (gf180mcu_fd_sc_mcu9t5v0__and2_4)
   0.63    6.89 ^ _09435_/ZN (gf180mcu_fd_sc_mcu9t5v0__oai31_4)
   0.52    7.42 ^ eco7_buf_09435/Z (gf180mcu_fd_sc_mcu9t5v0__clkbuf_16)
   0.33    7.75 v _09438_/ZN (gf180mcu_fd_sc_mcu9t5v0__oai21_4)
   0.74    8.48 v _09445_/Z (gf180mcu_fd_sc_mcu9t5v0__and4_4)
   0.81    9.29 ^ _09450_/ZN (gf180mcu_fd_sc_mcu9t5v0__oai31_4)
   0.49    9.78 ^ eco7_buf_09450/Z (gf180mcu_fd_sc_mcu9t5v0__clkbuf_16)
   0.84   10.63 ^ _09454_/Z (gf180mcu_fd_sc_mcu9t5v0__and4_4)
   0.33   10.96 v _09456_/ZN (gf180mcu_fd_sc_mcu9t5v0__nand2_4)
   0.80   11.76 ^ _09461_/ZN (gf180mcu_fd_sc_mcu9t5v0__nand2_4)
   0.64   12.40 v _09462_/ZN (gf180mcu_fd_sc_mcu9t5v0__clkinv_8)
   0.67   13.06 v load_slew111/Z (gf180mcu_fd_sc_mcu9t5v0__clkbuf_16)
   1.06   14.12 ^ _09472_/ZN (gf180mcu_fd_sc_mcu9t5v0__oai21_4)
   0.95   15.07 ^ max_cap106/Z (gf180mcu_fd_sc_mcu9t5v0__clkbuf_16)
   0.62   15.69 v _09512_/ZN (gf180mcu_fd_sc_mcu9t5v0__nand2_4)
   0.88   16.57 ^ _09513_/ZN (gf180mcu_fd_sc_mcu9t5v0__oai221_4)
   0.53   17.10 ^ _09514_/Z (gf180mcu_fd_sc_mcu9t5v0__or2_4)
   0.26   17.36 v _09519_/ZN (gf180mcu_fd_sc_mcu9t5v0__oai31_4)
   0.65   18.01 v rebuffer265/Z (gf180mcu_fd_sc_mcu9t5v0__buf_8)
   0.68   18.69 ^ _09541_/ZN (gf180mcu_fd_sc_mcu9t5v0__aoi21_4)
   0.35   19.04 v _15855_/ZN (gf180mcu_fd_sc_mcu9t5v0__oai31_4)
   0.75   19.79 v rebuffer262/Z (gf180mcu_fd_sc_mcu9t5v0__buf_8)
   1.31   21.10 v _15860_/Z (gf180mcu_fd_sc_mcu9t5v0__or2_4)
   1.39   22.48 ^ _16297_/ZN (gf180mcu_fd_sc_mcu9t5v0__oai32_4)
   0.61   23.10 v _16440_/ZN (gf180mcu_fd_sc_mcu9t5v0__aoi21_4)
   1.23   24.33 v _16511_/Z (gf180mcu_fd_sc_mcu9t5v0__and4_4)
   0.78   25.11 v max_cap46/Z (gf180mcu_fd_sc_mcu9t5v0__buf_8)
   1.39   26.50 ^ _16512_/ZN (gf180mcu_fd_sc_mcu9t5v0__aoi21_4)
   0.65   27.15 ^ max_cap24/Z (gf180mcu_fd_sc_mcu9t5v0__clkbuf_16)
   0.52   27.67 ^ max_cap22/Z (gf180mcu_fd_sc_mcu9t5v0__buf_4)
   0.52   28.19 ^ fanout245/Z (gf180mcu_fd_sc_mcu9t5v0__clkbuf_16)
   0.90   29.09 v _16540_/Z (gf180mcu_fd_sc_mcu9t5v0__mux2_4)
   0.00   29.09 v _18326_/D (gf180mcu_fd_sc_mcu9t5v0__dffq_4)
          29.09   data arrival time

  26.04   26.04   clock core_clk (rise edge)
   3.30   29.34   clock network delay (propagated)
   0.00   29.34   clock reconvergence pessimism
          29.34 ^ _18326_/CLK (gf180mcu_fd_sc_mcu9t5v0__dffq_4)
  -0.30   29.04   library setup time
          29.04   data required time
---------------------------------------------------------
          29.04   data required time
         -29.09   data arrival time
---------------------------------------------------------
          -0.04   slack (VIOLATED)


Startpoint: _18692_ (rising edge-triggered flip-flop clocked by core_clk)
Endpoint: _18315_ (rising edge-triggered flip-flop clocked by core_clk)
Path Group: core_clk
Path Type: max

  Delay    Time   Description
---------------------------------------------------------
   0.00    0.00   clock core_clk (rise edge)
   2.79    2.79   clock network delay (propagated)
   0.00    2.79 ^ _18692_/CLK (gf180mcu_fd_sc_mcu9t5v0__dffrnq_4)
   1.85    4.65 ^ _18692_/Q (gf180mcu_fd_sc_mcu9t5v0__dffrnq_4)
   1.15    5.80 v _09427_/ZN (gf180mcu_fd_sc_mcu9t5v0__xnor2_4)
   0.47    6.26 v _09428_/Z (gf180mcu_fd_sc_mcu9t5v0__and2_4)
   0.63    6.89 ^ _09435_/ZN (gf180mcu_fd_sc_mcu9t5v0__oai31_4)
   0.52    7.42 ^ eco7_buf_09435/Z (gf180mcu_fd_sc_mcu9t5v0__clkbuf_16)
   0.33    7.75 v _09438_/ZN (gf180mcu_fd_sc_mcu9t5v0__oai21_4)
   0.74    8.48 v _09445_/Z (gf180mcu_fd_sc_mcu9t5v0__and4_4)
   0.81    9.29 ^ _09450_/ZN (gf180mcu_fd_sc_mcu9t5v0__oai31_4)
   0.49    9.78 ^ eco7_buf_09450/Z (gf180mcu_fd_sc_mcu9t5v0__clkbuf_16)
   0.84   10.63 ^ _09454_/Z (gf180mcu_fd_sc_mcu9t5v0__and4_4)
   0.33   10.96 v _09456_/ZN (gf180mcu_fd_sc_mcu9t5v0__nand2_4)
   0.80   11.76 ^ _09461_/ZN (gf180mcu_fd_sc_mcu9t5v0__nand2_4)
   0.64   12.40 v _09462_/ZN (gf180mcu_fd_sc_mcu9t5v0__clkinv_8)
   0.67   13.06 v load_slew111/Z (gf180mcu_fd_sc_mcu9t5v0__clkbuf_16)
   1.06   14.12 ^ _09472_/ZN (gf180mcu_fd_sc_mcu9t5v0__oai21_4)
   0.95   15.07 ^ max_cap106/Z (gf180mcu_fd_sc_mcu9t5v0__clkbuf_16)
   0.62   15.69 v _09512_/ZN (gf180mcu_fd_sc_mcu9t5v0__nand2_4)
   0.88   16.57 ^ _09513_/ZN (gf180mcu_fd_sc_mcu9t5v0__oai221_4)
   0.53   17.10 ^ _09514_/Z (gf180mcu_fd_sc_mcu9t5v0__or2_4)
   0.26   17.36 v _09519_/ZN (gf180mcu_fd_sc_mcu9t5v0__oai31_4)
   0.65   18.01 v rebuffer265/Z (gf180mcu_fd_sc_mcu9t5v0__buf_8)
   0.68   18.69 ^ _09541_/ZN (gf180mcu_fd_sc_mcu9t5v0__aoi21_4)
   0.35   19.04 v _15855_/ZN (gf180mcu_fd_sc_mcu9t5v0__oai31_4)
   0.75   19.79 v rebuffer262/Z (gf180mcu_fd_sc_mcu9t5v0__buf_8)
   1.31   21.10 v _15860_/Z (gf180mcu_fd_sc_mcu9t5v0__or2_4)
   1.39   22.48 ^ _16297_/ZN (gf180mcu_fd_sc_mcu9t5v0__oai32_4)
   0.61   23.10 v _16440_/ZN (gf180mcu_fd_sc_mcu9t5v0__aoi21_4)
   1.23   24.33 v _16511_/Z (gf180mcu_fd_sc_mcu9t5v0__and4_4)
   0.78   25.11 v max_cap46/Z (gf180mcu_fd_sc_mcu9t5v0__buf_8)
   1.39   26.50 ^ _16512_/ZN (gf180mcu_fd_sc_mcu9t5v0__aoi21_4)
   0.65   27.15 ^ max_cap24/Z (gf180mcu_fd_sc_mcu9t5v0__clkbuf_16)
   0.42   27.56 ^ max_cap23/Z (gf180mcu_fd_sc_mcu9t5v0__clkbuf_16)
   0.60   28.16 ^ fanout244/Z (gf180mcu_fd_sc_mcu9t5v0__buf_8)
   0.91   29.07 v _16518_/Z (gf180mcu_fd_sc_mcu9t5v0__mux2_4)
   0.00   29.07 v _18315_/D (gf180mcu_fd_sc_mcu9t5v0__dffq_4)
          29.07   data arrival time

  26.04   26.04   clock core_clk (rise edge)
   3.30   29.34   clock network delay (propagated)
   0.00   29.34   clock reconvergence pessimism
          29.34 ^ _18315_/CLK (gf180mcu_fd_sc_mcu9t5v0__dffq_4)
  -0.31   29.03   library setup time
          29.03   data required time
---------------------------------------------------------
          29.03   data required time
         -29.07   data arrival time
---------------------------------------------------------
          -0.04   slack (VIOLATED)


Startpoint: _18692_ (rising edge-triggered flip-flop clocked by core_clk)
Endpoint: _18327_ (rising edge-triggered flip-flop clocked by core_clk)
Path Group: core_clk
Path Type: max

  Delay    Time   Description
---------------------------------------------------------
   0.00    0.00   clock core_clk (rise edge)
   2.79    2.79   clock network delay (propagated)
   0.00    2.79 ^ _18692_/CLK (gf180mcu_fd_sc_mcu9t5v0__dffrnq_4)
   1.85    4.65 ^ _18692_/Q (gf180mcu_fd_sc_mcu9t5v0__dffrnq_4)
   1.15    5.80 v _09427_/ZN (gf180mcu_fd_sc_mcu9t5v0__xnor2_4)
   0.47    6.26 v _09428_/Z (gf180mcu_fd_sc_mcu9t5v0__and2_4)
   0.63    6.89 ^ _09435_/ZN (gf180mcu_fd_sc_mcu9t5v0__oai31_4)
   0.52    7.42 ^ eco7_buf_09435/Z (gf180mcu_fd_sc_mcu9t5v0__clkbuf_16)
   0.33    7.75 v _09438_/ZN (gf180mcu_fd_sc_mcu9t5v0__oai21_4)
   0.74    8.48 v _09445_/Z (gf180mcu_fd_sc_mcu9t5v0__and4_4)
   0.81    9.29 ^ _09450_/ZN (gf180mcu_fd_sc_mcu9t5v0__oai31_4)
   0.49    9.78 ^ eco7_buf_09450/Z (gf180mcu_fd_sc_mcu9t5v0__clkbuf_16)
   0.84   10.63 ^ _09454_/Z (gf180mcu_fd_sc_mcu9t5v0__and4_4)
   0.33   10.96 v _09456_/ZN (gf180mcu_fd_sc_mcu9t5v0__nand2_4)
   0.80   11.76 ^ _09461_/ZN (gf180mcu_fd_sc_mcu9t5v0__nand2_4)
   0.64   12.40 v _09462_/ZN (gf180mcu_fd_sc_mcu9t5v0__clkinv_8)
   0.67   13.06 v load_slew111/Z (gf180mcu_fd_sc_mcu9t5v0__clkbuf_16)
   1.06   14.12 ^ _09472_/ZN (gf180mcu_fd_sc_mcu9t5v0__oai21_4)
   0.95   15.07 ^ max_cap106/Z (gf180mcu_fd_sc_mcu9t5v0__clkbuf_16)
   0.62   15.69 v _09512_/ZN (gf180mcu_fd_sc_mcu9t5v0__nand2_4)
   0.88   16.57 ^ _09513_/ZN (gf180mcu_fd_sc_mcu9t5v0__oai221_4)
   0.53   17.10 ^ _09514_/Z (gf180mcu_fd_sc_mcu9t5v0__or2_4)
   0.26   17.36 v _09519_/ZN (gf180mcu_fd_sc_mcu9t5v0__oai31_4)
   0.65   18.01 v rebuffer265/Z (gf180mcu_fd_sc_mcu9t5v0__buf_8)
   0.68   18.69 ^ _09541_/ZN (gf180mcu_fd_sc_mcu9t5v0__aoi21_4)
   0.35   19.04 v _15855_/ZN (gf180mcu_fd_sc_mcu9t5v0__oai31_4)
   0.75   19.79 v rebuffer262/Z (gf180mcu_fd_sc_mcu9t5v0__buf_8)
   1.31   21.10 v _15860_/Z (gf180mcu_fd_sc_mcu9t5v0__or2_4)
   1.39   22.48 ^ _16297_/ZN (gf180mcu_fd_sc_mcu9t5v0__oai32_4)
   0.61   23.10 v _16440_/ZN (gf180mcu_fd_sc_mcu9t5v0__aoi21_4)
   1.23   24.33 v _16511_/Z (gf180mcu_fd_sc_mcu9t5v0__and4_4)
   0.78   25.11 v max_cap46/Z (gf180mcu_fd_sc_mcu9t5v0__buf_8)
   1.39   26.50 ^ _16512_/ZN (gf180mcu_fd_sc_mcu9t5v0__aoi21_4)
   0.65   27.15 ^ max_cap24/Z (gf180mcu_fd_sc_mcu9t5v0__clkbuf_16)
   0.52   27.67 ^ max_cap22/Z (gf180mcu_fd_sc_mcu9t5v0__buf_4)
   0.52   28.19 ^ fanout245/Z (gf180mcu_fd_sc_mcu9t5v0__clkbuf_16)
   0.89   29.08 v _16542_/Z (gf180mcu_fd_sc_mcu9t5v0__mux2_4)
   0.00   29.08 v _18327_/D (gf180mcu_fd_sc_mcu9t5v0__dffq_4)
          29.08   data arrival time

  26.04   26.04   clock core_clk (rise edge)
   3.30   29.34   clock network delay (propagated)
   0.00   29.34   clock reconvergence pessimism
          29.34 ^ _18327_/CLK (gf180mcu_fd_sc_mcu9t5v0__dffq_4)
  -0.30   29.04   library setup time
          29.04   data required time
---------------------------------------------------------
          29.04   data required time
         -29.08   data arrival time
---------------------------------------------------------
          -0.03   slack (VIOLATED)


Startpoint: _18692_ (rising edge-triggered flip-flop clocked by core_clk)
Endpoint: _18328_ (rising edge-triggered flip-flop clocked by core_clk)
Path Group: core_clk
Path Type: max

  Delay    Time   Description
---------------------------------------------------------
   0.00    0.00   clock core_clk (rise edge)
   2.79    2.79   clock network delay (propagated)
   0.00    2.79 ^ _18692_/CLK (gf180mcu_fd_sc_mcu9t5v0__dffrnq_4)
   1.85    4.65 ^ _18692_/Q (gf180mcu_fd_sc_mcu9t5v0__dffrnq_4)
   1.15    5.80 v _09427_/ZN (gf180mcu_fd_sc_mcu9t5v0__xnor2_4)
   0.47    6.26 v _09428_/Z (gf180mcu_fd_sc_mcu9t5v0__and2_4)
   0.63    6.89 ^ _09435_/ZN (gf180mcu_fd_sc_mcu9t5v0__oai31_4)
   0.52    7.42 ^ eco7_buf_09435/Z (gf180mcu_fd_sc_mcu9t5v0__clkbuf_16)
   0.33    7.75 v _09438_/ZN (gf180mcu_fd_sc_mcu9t5v0__oai21_4)
   0.74    8.48 v _09445_/Z (gf180mcu_fd_sc_mcu9t5v0__and4_4)
   0.81    9.29 ^ _09450_/ZN (gf180mcu_fd_sc_mcu9t5v0__oai31_4)
   0.49    9.78 ^ eco7_buf_09450/Z (gf180mcu_fd_sc_mcu9t5v0__clkbuf_16)
   0.84   10.63 ^ _09454_/Z (gf180mcu_fd_sc_mcu9t5v0__and4_4)
   0.33   10.96 v _09456_/ZN (gf180mcu_fd_sc_mcu9t5v0__nand2_4)
   0.80   11.76 ^ _09461_/ZN (gf180mcu_fd_sc_mcu9t5v0__nand2_4)
   0.64   12.40 v _09462_/ZN (gf180mcu_fd_sc_mcu9t5v0__clkinv_8)
   0.67   13.06 v load_slew111/Z (gf180mcu_fd_sc_mcu9t5v0__clkbuf_16)
   1.06   14.12 ^ _09472_/ZN (gf180mcu_fd_sc_mcu9t5v0__oai21_4)
   0.95   15.07 ^ max_cap106/Z (gf180mcu_fd_sc_mcu9t5v0__clkbuf_16)
   0.62   15.69 v _09512_/ZN (gf180mcu_fd_sc_mcu9t5v0__nand2_4)
   0.88   16.57 ^ _09513_/ZN (gf180mcu_fd_sc_mcu9t5v0__oai221_4)
   0.53   17.10 ^ _09514_/Z (gf180mcu_fd_sc_mcu9t5v0__or2_4)
   0.26   17.36 v _09519_/ZN (gf180mcu_fd_sc_mcu9t5v0__oai31_4)
   0.65   18.01 v rebuffer265/Z (gf180mcu_fd_sc_mcu9t5v0__buf_8)
   0.68   18.69 ^ _09541_/ZN (gf180mcu_fd_sc_mcu9t5v0__aoi21_4)
   0.35   19.04 v _15855_/ZN (gf180mcu_fd_sc_mcu9t5v0__oai31_4)
   0.75   19.79 v rebuffer262/Z (gf180mcu_fd_sc_mcu9t5v0__buf_8)
   1.31   21.10 v _15860_/Z (gf180mcu_fd_sc_mcu9t5v0__or2_4)
   1.39   22.48 ^ _16297_/ZN (gf180mcu_fd_sc_mcu9t5v0__oai32_4)
   0.61   23.10 v _16440_/ZN (gf180mcu_fd_sc_mcu9t5v0__aoi21_4)
   1.23   24.33 v _16511_/Z (gf180mcu_fd_sc_mcu9t5v0__and4_4)
   0.78   25.11 v max_cap46/Z (gf180mcu_fd_sc_mcu9t5v0__buf_8)
   1.39   26.50 ^ _16512_/ZN (gf180mcu_fd_sc_mcu9t5v0__aoi21_4)
   0.65   27.15 ^ max_cap24/Z (gf180mcu_fd_sc_mcu9t5v0__clkbuf_16)
   0.52   27.67 ^ max_cap22/Z (gf180mcu_fd_sc_mcu9t5v0__buf_4)
   0.52   28.19 ^ fanout245/Z (gf180mcu_fd_sc_mcu9t5v0__clkbuf_16)
   0.89   29.07 v _16544_/Z (gf180mcu_fd_sc_mcu9t5v0__mux2_4)
   0.00   29.07 v _18328_/D (gf180mcu_fd_sc_mcu9t5v0__dffq_4)
          29.07   data arrival time

  26.04   26.04   clock core_clk (rise edge)
   3.30   29.34   clock network delay (propagated)
   0.00   29.34   clock reconvergence pessimism
          29.34 ^ _18328_/CLK (gf180mcu_fd_sc_mcu9t5v0__dffq_4)
  -0.29   29.05   library setup time
          29.05   data required time
---------------------------------------------------------
          29.05   data required time
         -29.07   data arrival time
---------------------------------------------------------
          -0.03   slack (VIOLATED)


Startpoint: _20041_ (rising edge-triggered flip-flop clocked by core_clk)
Endpoint: u_transform_scheduler_core.u_fft_scratch_sram.u_lo.u_sram
          (rising edge-triggered flip-flop clocked by core_clk)
Path Group: core_clk
Path Type: max

  Delay    Time   Description
---------------------------------------------------------
   0.00    0.00   clock core_clk (rise edge)
   2.83    2.83   clock network delay (propagated)
   0.00    2.83 ^ _20041_/CLK (gf180mcu_fd_sc_mcu9t5v0__dffrnq_4)
   1.96    4.79 ^ _20041_/Q (gf180mcu_fd_sc_mcu9t5v0__dffrnq_4)
   0.81    5.59 ^ load_slew221/Z (gf180mcu_fd_sc_mcu9t5v0__buf_8)
   0.76    6.35 v _09396_/ZN (gf180mcu_fd_sc_mcu9t5v0__nor2_4)
   0.93    7.28 v _09399_/Z (gf180mcu_fd_sc_mcu9t5v0__and3_4)
   0.47    7.75 ^ _09401_/ZN (gf180mcu_fd_sc_mcu9t5v0__nor2_4)
   0.30    8.06 v _09413_/ZN (gf180mcu_fd_sc_mcu9t5v0__nand3_4)
   1.05    9.11 ^ _09416_/ZN (gf180mcu_fd_sc_mcu9t5v0__aoi211_4)
   0.36    9.47 v _09417_/ZN (gf180mcu_fd_sc_mcu9t5v0__clkinv_4)
   0.76   10.23 v _09454_/Z (gf180mcu_fd_sc_mcu9t5v0__and4_4)
   0.44   10.67 ^ _09456_/ZN (gf180mcu_fd_sc_mcu9t5v0__nand2_4)
   0.62   11.29 v _09461_/ZN (gf180mcu_fd_sc_mcu9t5v0__nand2_4)
   0.61   11.90 ^ _09462_/ZN (gf180mcu_fd_sc_mcu9t5v0__clkinv_8)
   0.63   12.52 ^ load_slew111/Z (gf180mcu_fd_sc_mcu9t5v0__clkbuf_16)
   0.59   13.11 v _09472_/ZN (gf180mcu_fd_sc_mcu9t5v0__oai21_4)
   0.97   14.09 v max_cap106/Z (gf180mcu_fd_sc_mcu9t5v0__clkbuf_16)
   1.09   15.18 ^ _09511_/ZN (gf180mcu_fd_sc_mcu9t5v0__aoi21_4)
   0.57   15.75 v _09513_/ZN (gf180mcu_fd_sc_mcu9t5v0__oai221_4)
   0.82   16.57 v _09514_/Z (gf180mcu_fd_sc_mcu9t5v0__or2_4)
   0.63   17.20 ^ _09519_/ZN (gf180mcu_fd_sc_mcu9t5v0__oai31_4)
   0.51   17.71 ^ rebuffer265/Z (gf180mcu_fd_sc_mcu9t5v0__buf_8)
   0.41   18.12 v _09541_/ZN (gf180mcu_fd_sc_mcu9t5v0__aoi21_4)
   0.55   18.67 v rebuffer264/Z (gf180mcu_fd_sc_mcu9t5v0__buf_8)
   1.21   19.89 ^ _09700_/ZN (gf180mcu_fd_sc_mcu9t5v0__nor2_4)
   1.13   21.02 ^ _09710_/Z (gf180mcu_fd_sc_mcu9t5v0__and2_4)
   0.38   21.40 v _10771_/ZN (gf180mcu_fd_sc_mcu9t5v0__nand3_1)
   0.71   22.11 ^ _10773_/ZN (gf180mcu_fd_sc_mcu9t5v0__aoi22_1)
   2.96   25.08 ^ _10774_/Z (gf180mcu_fd_sc_mcu9t5v0__mux2_1)
   0.81   25.89 v _10775_/ZN (gf180mcu_fd_sc_mcu9t5v0__aoi221_4)
   1.21   27.09 ^ _10792_/ZN (gf180mcu_fd_sc_mcu9t5v0__aoi21_4)
   0.41   27.50 ^ u_transform_scheduler_core.u_fft_scratch_sram.u_lo.g_pin_drive[6].u_addr_driver/Z (gf180mcu_fd_sc_mcu9t5v0__buf_8)
   0.00   27.50 ^ u_transform_scheduler_core.u_fft_scratch_sram.u_lo.u_sram/A[6] (gf180mcu_fd_ip_sram__sram256x8m8wm1)
          27.50   data arrival time

  26.04   26.04   clock core_clk (rise edge)
   2.24   28.28   clock network delay (propagated)
   0.00   28.28   clock reconvergence pessimism
          28.28 ^ u_transform_scheduler_core.u_fft_scratch_sram.u_lo.u_sram/CLK (gf180mcu_fd_ip_sram__sram256x8m8wm1)
  -0.80   27.48   library setup time
          27.48   data required time
---------------------------------------------------------
          27.48   data required time
         -27.50   data arrival time
---------------------------------------------------------
          -0.03   slack (VIOLATED)


Startpoint: _18692_ (rising edge-triggered flip-flop clocked by core_clk)
Endpoint: _18325_ (rising edge-triggered flip-flop clocked by core_clk)
Path Group: core_clk
Path Type: max

  Delay    Time   Description
---------------------------------------------------------
   0.00    0.00   clock core_clk (rise edge)
   2.79    2.79   clock network delay (propagated)
   0.00    2.79 ^ _18692_/CLK (gf180mcu_fd_sc_mcu9t5v0__dffrnq_4)
   1.85    4.65 ^ _18692_/Q (gf180mcu_fd_sc_mcu9t5v0__dffrnq_4)
   1.15    5.80 v _09427_/ZN (gf180mcu_fd_sc_mcu9t5v0__xnor2_4)
   0.47    6.26 v _09428_/Z (gf180mcu_fd_sc_mcu9t5v0__and2_4)
   0.63    6.89 ^ _09435_/ZN (gf180mcu_fd_sc_mcu9t5v0__oai31_4)
   0.52    7.42 ^ eco7_buf_09435/Z (gf180mcu_fd_sc_mcu9t5v0__clkbuf_16)
   0.33    7.75 v _09438_/ZN (gf180mcu_fd_sc_mcu9t5v0__oai21_4)
   0.74    8.48 v _09445_/Z (gf180mcu_fd_sc_mcu9t5v0__and4_4)
   0.81    9.29 ^ _09450_/ZN (gf180mcu_fd_sc_mcu9t5v0__oai31_4)
   0.49    9.78 ^ eco7_buf_09450/Z (gf180mcu_fd_sc_mcu9t5v0__clkbuf_16)
   0.84   10.63 ^ _09454_/Z (gf180mcu_fd_sc_mcu9t5v0__and4_4)
   0.33   10.96 v _09456_/ZN (gf180mcu_fd_sc_mcu9t5v0__nand2_4)
   0.80   11.76 ^ _09461_/ZN (gf180mcu_fd_sc_mcu9t5v0__nand2_4)
   0.64   12.40 v _09462_/ZN (gf180mcu_fd_sc_mcu9t5v0__clkinv_8)
   0.67   13.06 v load_slew111/Z (gf180mcu_fd_sc_mcu9t5v0__clkbuf_16)
   1.06   14.12 ^ _09472_/ZN (gf180mcu_fd_sc_mcu9t5v0__oai21_4)
   0.95   15.07 ^ max_cap106/Z (gf180mcu_fd_sc_mcu9t5v0__clkbuf_16)
   0.62   15.69 v _09512_/ZN (gf180mcu_fd_sc_mcu9t5v0__nand2_4)
   0.88   16.57 ^ _09513_/ZN (gf180mcu_fd_sc_mcu9t5v0__oai221_4)
   0.53   17.10 ^ _09514_/Z (gf180mcu_fd_sc_mcu9t5v0__or2_4)
   0.26   17.36 v _09519_/ZN (gf180mcu_fd_sc_mcu9t5v0__oai31_4)
   0.65   18.01 v rebuffer265/Z (gf180mcu_fd_sc_mcu9t5v0__buf_8)
   0.68   18.69 ^ _09541_/ZN (gf180mcu_fd_sc_mcu9t5v0__aoi21_4)
   0.35   19.04 v _15855_/ZN (gf180mcu_fd_sc_mcu9t5v0__oai31_4)
   0.75   19.79 v rebuffer262/Z (gf180mcu_fd_sc_mcu9t5v0__buf_8)
   1.31   21.10 v _15860_/Z (gf180mcu_fd_sc_mcu9t5v0__or2_4)
   1.39   22.48 ^ _16297_/ZN (gf180mcu_fd_sc_mcu9t5v0__oai32_4)
   0.61   23.10 v _16440_/ZN (gf180mcu_fd_sc_mcu9t5v0__aoi21_4)
   1.23   24.33 v _16511_/Z (gf180mcu_fd_sc_mcu9t5v0__and4_4)
   0.78   25.11 v max_cap46/Z (gf180mcu_fd_sc_mcu9t5v0__buf_8)
   1.39   26.50 ^ _16512_/ZN (gf180mcu_fd_sc_mcu9t5v0__aoi21_4)
   0.65   27.15 ^ max_cap24/Z (gf180mcu_fd_sc_mcu9t5v0__clkbuf_16)
   0.52   27.67 ^ max_cap22/Z (gf180mcu_fd_sc_mcu9t5v0__buf_4)
   0.52   28.19 ^ fanout245/Z (gf180mcu_fd_sc_mcu9t5v0__clkbuf_16)
   0.89   29.07 v _16538_/Z (gf180mcu_fd_sc_mcu9t5v0__mux2_4)
   0.00   29.07 v _18325_/D (gf180mcu_fd_sc_mcu9t5v0__dffq_4)
          29.07   data arrival time

  26.04   26.04   clock core_clk (rise edge)
   3.30   29.34   clock network delay (propagated)
   0.00   29.34   clock reconvergence pessimism
          29.34 ^ _18325_/CLK (gf180mcu_fd_sc_mcu9t5v0__dffq_4)
  -0.29   29.05   library setup time
          29.05   data required time
---------------------------------------------------------
          29.05   data required time
         -29.07   data arrival time
---------------------------------------------------------
          -0.03   slack (VIOLATED)


Startpoint: _20041_ (rising edge-triggered flip-flop clocked by core_clk)
Endpoint: u_transform_scheduler_core.u_fft_scratch_sram.u_hi.u_sram
          (rising edge-triggered flip-flop clocked by core_clk)
Path Group: core_clk
Path Type: max

  Delay    Time   Description
---------------------------------------------------------
   0.00    0.00   clock core_clk (rise edge)
   2.83    2.83   clock network delay (propagated)
   0.00    2.83 ^ _20041_/CLK (gf180mcu_fd_sc_mcu9t5v0__dffrnq_4)
   1.96    4.79 ^ _20041_/Q (gf180mcu_fd_sc_mcu9t5v0__dffrnq_4)
   0.81    5.59 ^ load_slew221/Z (gf180mcu_fd_sc_mcu9t5v0__buf_8)
   0.76    6.35 v _09396_/ZN (gf180mcu_fd_sc_mcu9t5v0__nor2_4)
   0.93    7.28 v _09399_/Z (gf180mcu_fd_sc_mcu9t5v0__and3_4)
   0.47    7.75 ^ _09401_/ZN (gf180mcu_fd_sc_mcu9t5v0__nor2_4)
   0.30    8.06 v _09413_/ZN (gf180mcu_fd_sc_mcu9t5v0__nand3_4)
   1.05    9.11 ^ _09416_/ZN (gf180mcu_fd_sc_mcu9t5v0__aoi211_4)
   0.36    9.47 v _09417_/ZN (gf180mcu_fd_sc_mcu9t5v0__clkinv_4)
   0.76   10.23 v _09454_/Z (gf180mcu_fd_sc_mcu9t5v0__and4_4)
   0.44   10.67 ^ _09456_/ZN (gf180mcu_fd_sc_mcu9t5v0__nand2_4)
   0.62   11.29 v _09461_/ZN (gf180mcu_fd_sc_mcu9t5v0__nand2_4)
   0.61   11.90 ^ _09462_/ZN (gf180mcu_fd_sc_mcu9t5v0__clkinv_8)
   0.63   12.52 ^ load_slew111/Z (gf180mcu_fd_sc_mcu9t5v0__clkbuf_16)
   0.59   13.11 v _09472_/ZN (gf180mcu_fd_sc_mcu9t5v0__oai21_4)
   0.97   14.09 v max_cap106/Z (gf180mcu_fd_sc_mcu9t5v0__clkbuf_16)
   1.09   15.18 ^ _09511_/ZN (gf180mcu_fd_sc_mcu9t5v0__aoi21_4)
   0.57   15.75 v _09513_/ZN (gf180mcu_fd_sc_mcu9t5v0__oai221_4)
   0.82   16.57 v _09514_/Z (gf180mcu_fd_sc_mcu9t5v0__or2_4)
   0.63   17.20 ^ _09519_/ZN (gf180mcu_fd_sc_mcu9t5v0__oai31_4)
   0.51   17.71 ^ rebuffer265/Z (gf180mcu_fd_sc_mcu9t5v0__buf_8)
   0.41   18.12 v _09541_/ZN (gf180mcu_fd_sc_mcu9t5v0__aoi21_4)
   0.55   18.67 v rebuffer264/Z (gf180mcu_fd_sc_mcu9t5v0__buf_8)
   1.21   19.89 ^ _09700_/ZN (gf180mcu_fd_sc_mcu9t5v0__nor2_4)
   1.13   21.02 ^ _09710_/Z (gf180mcu_fd_sc_mcu9t5v0__and2_4)
   0.38   21.40 v _10771_/ZN (gf180mcu_fd_sc_mcu9t5v0__nand3_1)
   0.71   22.11 ^ _10773_/ZN (gf180mcu_fd_sc_mcu9t5v0__aoi22_1)
   2.96   25.08 ^ _10774_/Z (gf180mcu_fd_sc_mcu9t5v0__mux2_1)
   0.81   25.89 v _10775_/ZN (gf180mcu_fd_sc_mcu9t5v0__aoi221_4)
   1.21   27.09 ^ _10792_/ZN (gf180mcu_fd_sc_mcu9t5v0__aoi21_4)
   0.40   27.50 ^ u_transform_scheduler_core.u_fft_scratch_sram.u_hi.g_pin_drive[6].u_addr_driver/Z (gf180mcu_fd_sc_mcu9t5v0__buf_8)
   0.00   27.50 ^ u_transform_scheduler_core.u_fft_scratch_sram.u_hi.u_sram/A[6] (gf180mcu_fd_ip_sram__sram256x8m8wm1)
          27.50   data arrival time

  26.04   26.04   clock core_clk (rise edge)
   2.23   28.28   clock network delay (propagated)
   0.00   28.28   clock reconvergence pessimism
          28.28 ^ u_transform_scheduler_core.u_fft_scratch_sram.u_hi.u_sram/CLK (gf180mcu_fd_ip_sram__sram256x8m8wm1)
  -0.80   27.47   library setup time
          27.47   data required time
---------------------------------------------------------
          27.47   data required time
         -27.50   data arrival time
---------------------------------------------------------
          -0.02   slack (VIOLATED)


Startpoint: _18692_ (rising edge-triggered flip-flop clocked by core_clk)
Endpoint: _18518_ (rising edge-triggered flip-flop clocked by core_clk)
Path Group: core_clk
Path Type: max

  Delay    Time   Description
---------------------------------------------------------
   0.00    0.00   clock core_clk (rise edge)
   2.79    2.79   clock network delay (propagated)
   0.00    2.79 ^ _18692_/CLK (gf180mcu_fd_sc_mcu9t5v0__dffrnq_4)
   1.85    4.65 ^ _18692_/Q (gf180mcu_fd_sc_mcu9t5v0__dffrnq_4)
   1.15    5.80 v _09427_/ZN (gf180mcu_fd_sc_mcu9t5v0__xnor2_4)
   0.47    6.26 v _09428_/Z (gf180mcu_fd_sc_mcu9t5v0__and2_4)
   0.63    6.89 ^ _09435_/ZN (gf180mcu_fd_sc_mcu9t5v0__oai31_4)
   0.52    7.42 ^ eco7_buf_09435/Z (gf180mcu_fd_sc_mcu9t5v0__clkbuf_16)
   0.33    7.75 v _09438_/ZN (gf180mcu_fd_sc_mcu9t5v0__oai21_4)
   0.74    8.48 v _09445_/Z (gf180mcu_fd_sc_mcu9t5v0__and4_4)
   0.81    9.29 ^ _09450_/ZN (gf180mcu_fd_sc_mcu9t5v0__oai31_4)
   0.49    9.78 ^ eco7_buf_09450/Z (gf180mcu_fd_sc_mcu9t5v0__clkbuf_16)
   0.84   10.63 ^ _09454_/Z (gf180mcu_fd_sc_mcu9t5v0__and4_4)
   0.33   10.96 v _09456_/ZN (gf180mcu_fd_sc_mcu9t5v0__nand2_4)
   0.80   11.76 ^ _09461_/ZN (gf180mcu_fd_sc_mcu9t5v0__nand2_4)
   0.64   12.40 v _09462_/ZN (gf180mcu_fd_sc_mcu9t5v0__clkinv_8)
   0.67   13.06 v load_slew111/Z (gf180mcu_fd_sc_mcu9t5v0__clkbuf_16)
   1.06   14.12 ^ _09472_/ZN (gf180mcu_fd_sc_mcu9t5v0__oai21_4)
   0.95   15.07 ^ max_cap106/Z (gf180mcu_fd_sc_mcu9t5v0__clkbuf_16)
   0.62   15.69 v _09512_/ZN (gf180mcu_fd_sc_mcu9t5v0__nand2_4)
   0.88   16.57 ^ _09513_/ZN (gf180mcu_fd_sc_mcu9t5v0__oai221_4)
   0.53   17.10 ^ _09514_/Z (gf180mcu_fd_sc_mcu9t5v0__or2_4)
   0.26   17.36 v _09519_/ZN (gf180mcu_fd_sc_mcu9t5v0__oai31_4)
   0.65   18.01 v rebuffer265/Z (gf180mcu_fd_sc_mcu9t5v0__buf_8)
   0.68   18.69 ^ _09541_/ZN (gf180mcu_fd_sc_mcu9t5v0__aoi21_4)
   0.35   19.04 v _15855_/ZN (gf180mcu_fd_sc_mcu9t5v0__oai31_4)
   0.75   19.79 v rebuffer262/Z (gf180mcu_fd_sc_mcu9t5v0__buf_8)
   1.31   21.10 v _15860_/Z (gf180mcu_fd_sc_mcu9t5v0__or2_4)
   1.39   22.48 ^ _16297_/ZN (gf180mcu_fd_sc_mcu9t5v0__oai32_4)
   0.61   23.10 v _16440_/ZN (gf180mcu_fd_sc_mcu9t5v0__aoi21_4)
   1.23   24.33 v _16511_/Z (gf180mcu_fd_sc_mcu9t5v0__and4_4)
   0.78   25.11 v max_cap46/Z (gf180mcu_fd_sc_mcu9t5v0__buf_8)
   1.39   26.50 ^ _16512_/ZN (gf180mcu_fd_sc_mcu9t5v0__aoi21_4)
   0.65   27.15 ^ max_cap24/Z (gf180mcu_fd_sc_mcu9t5v0__clkbuf_16)
   0.52   27.67 ^ max_cap22/Z (gf180mcu_fd_sc_mcu9t5v0__buf_4)
   0.52   28.19 ^ fanout245/Z (gf180mcu_fd_sc_mcu9t5v0__clkbuf_16)
   0.90   29.09 v _17054_/Z (gf180mcu_fd_sc_mcu9t5v0__mux2_4)
   0.00   29.09 v _18518_/D (gf180mcu_fd_sc_mcu9t5v0__dffq_4)
          29.09   data arrival time

  26.04   26.04   clock core_clk (rise edge)
   3.32   29.36   clock network delay (propagated)
   0.00   29.36   clock reconvergence pessimism
          29.36 ^ _18518_/CLK (gf180mcu_fd_sc_mcu9t5v0__dffq_4)
  -0.30   29.07   library setup time
          29.07   data required time
---------------------------------------------------------
          29.07   data required time
         -29.09   data arrival time
---------------------------------------------------------
          -0.02   slack (VIOLATED)


Startpoint: _18692_ (rising edge-triggered flip-flop clocked by core_clk)
Endpoint: _18321_ (rising edge-triggered flip-flop clocked by core_clk)
Path Group: core_clk
Path Type: max

  Delay    Time   Description
---------------------------------------------------------
   0.00    0.00   clock core_clk (rise edge)
   2.79    2.79   clock network delay (propagated)
   0.00    2.79 ^ _18692_/CLK (gf180mcu_fd_sc_mcu9t5v0__dffrnq_4)
   1.85    4.65 ^ _18692_/Q (gf180mcu_fd_sc_mcu9t5v0__dffrnq_4)
   1.15    5.80 v _09427_/ZN (gf180mcu_fd_sc_mcu9t5v0__xnor2_4)
   0.47    6.26 v _09428_/Z (gf180mcu_fd_sc_mcu9t5v0__and2_4)
   0.63    6.89 ^ _09435_/ZN (gf180mcu_fd_sc_mcu9t5v0__oai31_4)
   0.52    7.42 ^ eco7_buf_09435/Z (gf180mcu_fd_sc_mcu9t5v0__clkbuf_16)
   0.33    7.75 v _09438_/ZN (gf180mcu_fd_sc_mcu9t5v0__oai21_4)
   0.74    8.48 v _09445_/Z (gf180mcu_fd_sc_mcu9t5v0__and4_4)
   0.81    9.29 ^ _09450_/ZN (gf180mcu_fd_sc_mcu9t5v0__oai31_4)
   0.49    9.78 ^ eco7_buf_09450/Z (gf180mcu_fd_sc_mcu9t5v0__clkbuf_16)
   0.84   10.63 ^ _09454_/Z (gf180mcu_fd_sc_mcu9t5v0__and4_4)
   0.33   10.96 v _09456_/ZN (gf180mcu_fd_sc_mcu9t5v0__nand2_4)
   0.80   11.76 ^ _09461_/ZN (gf180mcu_fd_sc_mcu9t5v0__nand2_4)
   0.64   12.40 v _09462_/ZN (gf180mcu_fd_sc_mcu9t5v0__clkinv_8)
   0.67   13.06 v load_slew111/Z (gf180mcu_fd_sc_mcu9t5v0__clkbuf_16)
   1.06   14.12 ^ _09472_/ZN (gf180mcu_fd_sc_mcu9t5v0__oai21_4)
   0.95   15.07 ^ max_cap106/Z (gf180mcu_fd_sc_mcu9t5v0__clkbuf_16)
   0.62   15.69 v _09512_/ZN (gf180mcu_fd_sc_mcu9t5v0__nand2_4)
   0.88   16.57 ^ _09513_/ZN (gf180mcu_fd_sc_mcu9t5v0__oai221_4)
   0.53   17.10 ^ _09514_/Z (gf180mcu_fd_sc_mcu9t5v0__or2_4)
   0.26   17.36 v _09519_/ZN (gf180mcu_fd_sc_mcu9t5v0__oai31_4)
   0.65   18.01 v rebuffer265/Z (gf180mcu_fd_sc_mcu9t5v0__buf_8)
   0.68   18.69 ^ _09541_/ZN (gf180mcu_fd_sc_mcu9t5v0__aoi21_4)
   0.35   19.04 v _15855_/ZN (gf180mcu_fd_sc_mcu9t5v0__oai31_4)
   0.75   19.79 v rebuffer262/Z (gf180mcu_fd_sc_mcu9t5v0__buf_8)
   1.31   21.10 v _15860_/Z (gf180mcu_fd_sc_mcu9t5v0__or2_4)
   1.39   22.48 ^ _16297_/ZN (gf180mcu_fd_sc_mcu9t5v0__oai32_4)
   0.61   23.10 v _16440_/ZN (gf180mcu_fd_sc_mcu9t5v0__aoi21_4)
   1.23   24.33 v _16511_/Z (gf180mcu_fd_sc_mcu9t5v0__and4_4)
   0.78   25.11 v max_cap46/Z (gf180mcu_fd_sc_mcu9t5v0__buf_8)
   1.39   26.50 ^ _16512_/ZN (gf180mcu_fd_sc_mcu9t5v0__aoi21_4)
   0.65   27.15 ^ max_cap24/Z (gf180mcu_fd_sc_mcu9t5v0__clkbuf_16)
   0.52   27.67 ^ max_cap22/Z (gf180mcu_fd_sc_mcu9t5v0__buf_4)
   0.52   28.19 ^ fanout245/Z (gf180mcu_fd_sc_mcu9t5v0__clkbuf_16)
   0.89   29.07 v _16530_/Z (gf180mcu_fd_sc_mcu9t5v0__mux2_4)
   0.00   29.07 v _18321_/D (gf180mcu_fd_sc_mcu9t5v0__dffq_4)
          29.07   data arrival time

  26.04   26.04   clock core_clk (rise edge)
   3.32   29.36   clock network delay (propagated)
   0.00   29.36   clock reconvergence pessimism
          29.36 ^ _18321_/CLK (gf180mcu_fd_sc_mcu9t5v0__dffq_4)
  -0.29   29.07   library setup time
          29.07   data required time
---------------------------------------------------------
          29.07   data required time
         -29.07   data arrival time
---------------------------------------------------------
           0.00   slack (VIOLATED)


