
===========================================================================
report_checks -path_delay max (Setup)
============================================================================
======================= max_tt_025C_5v00 Corner ===================================

Startpoint: u_sram (rising edge-triggered flip-flop clocked by clk)
Endpoint: q[2] (output port clocked by clk)
Path Group: clk
Path Type: max

Fanout         Cap        Slew       Delay        Time   Description
---------------------------------------------------------------------------------------------
                                  0.000000    0.000000   clock clk (rise edge)
                                  0.000000    0.000000   clock source latency
     4    0.068746    0.308760    0.166040    0.166040 ^ clk (in)
                                                         clk (net)
                      0.308878    0.000000    0.166040 ^ clkbuf_0_clk/I (gf180mcu_fd_sc_mcu7t5v0__clkbuf_16)
     1    0.023294    0.093431    0.271522    0.437562 ^ clkbuf_0_clk/Z (gf180mcu_fd_sc_mcu7t5v0__clkbuf_16)
                                                         clknet_0_clk (net)
                      0.093431    0.000270    0.437832 ^ clkbuf_1_0__f_clk/I (gf180mcu_fd_sc_mcu7t5v0__clkbuf_16)
     1    0.285514    0.327175    0.382338    0.820170 ^ clkbuf_1_0__f_clk/Z (gf180mcu_fd_sc_mcu7t5v0__clkbuf_16)
                                                         clknet_1_0__leaf_clk (net)
                      0.327836    0.008023    0.828193 ^ u_sram/CLK (gf180mcu_fd_ip_sram__sram64x8m8wm1)
     1    0.013525    0.509613   16.285522   17.113716 v u_sram/Q[2] (gf180mcu_fd_ip_sram__sram64x8m8wm1)
                                                         net4 (net)
                      0.509613    0.000405   17.114120 v output4/I (gf180mcu_fd_sc_mcu7t5v0__dlyb_1)
     1    0.074114    0.812086    1.623137   18.737257 v output4/Z (gf180mcu_fd_sc_mcu7t5v0__dlyb_1)
                                                         q[2] (net)
                      0.812086    0.000625   18.737883 v q[2] (out)
                                             18.737883   data arrival time

                                 50.000000   50.000000   clock clk (rise edge)
                                  0.000000   50.000000   clock network delay (propagated)
                                 -0.250000   49.749996   clock uncertainty
                                  0.000000   49.749996   clock reconvergence pessimism
                                -10.000000   39.749996   output external delay
                                             39.749996   data required time
---------------------------------------------------------------------------------------------
                                             39.749996   data required time
                                            -18.737883   data arrival time
---------------------------------------------------------------------------------------------
                                             21.012114   slack (MET)


Startpoint: u_sram (rising edge-triggered flip-flop clocked by clk)
Endpoint: q[3] (output port clocked by clk)
Path Group: clk
Path Type: max

Fanout         Cap        Slew       Delay        Time   Description
---------------------------------------------------------------------------------------------
                                  0.000000    0.000000   clock clk (rise edge)
                                  0.000000    0.000000   clock source latency
     4    0.068746    0.308760    0.166040    0.166040 ^ clk (in)
                                                         clk (net)
                      0.308878    0.000000    0.166040 ^ clkbuf_0_clk/I (gf180mcu_fd_sc_mcu7t5v0__clkbuf_16)
     1    0.023294    0.093431    0.271522    0.437562 ^ clkbuf_0_clk/Z (gf180mcu_fd_sc_mcu7t5v0__clkbuf_16)
                                                         clknet_0_clk (net)
                      0.093431    0.000270    0.437832 ^ clkbuf_1_0__f_clk/I (gf180mcu_fd_sc_mcu7t5v0__clkbuf_16)
     1    0.285514    0.327175    0.382338    0.820170 ^ clkbuf_1_0__f_clk/Z (gf180mcu_fd_sc_mcu7t5v0__clkbuf_16)
                                                         clknet_1_0__leaf_clk (net)
                      0.327836    0.008023    0.828193 ^ u_sram/CLK (gf180mcu_fd_ip_sram__sram64x8m8wm1)
     1    0.013688    0.510025   16.286119   17.114313 v u_sram/Q[3] (gf180mcu_fd_ip_sram__sram64x8m8wm1)
                                                         net5 (net)
                      0.510025    0.000403   17.114716 v output5/I (gf180mcu_fd_sc_mcu7t5v0__dlyb_1)
     1    0.073955    0.810637    1.621780   18.736496 v output5/Z (gf180mcu_fd_sc_mcu7t5v0__dlyb_1)
                                                         q[3] (net)
                      0.810643    0.001254   18.737749 v q[3] (out)
                                             18.737749   data arrival time

                                 50.000000   50.000000   clock clk (rise edge)
                                  0.000000   50.000000   clock network delay (propagated)
                                 -0.250000   49.749996   clock uncertainty
                                  0.000000   49.749996   clock reconvergence pessimism
                                -10.000000   39.749996   output external delay
                                             39.749996   data required time
---------------------------------------------------------------------------------------------
                                             39.749996   data required time
                                            -18.737749   data arrival time
---------------------------------------------------------------------------------------------
                                             21.012247   slack (MET)


Startpoint: u_sram (rising edge-triggered flip-flop clocked by clk)
Endpoint: q[0] (output port clocked by clk)
Path Group: clk
Path Type: max

Fanout         Cap        Slew       Delay        Time   Description
---------------------------------------------------------------------------------------------
                                  0.000000    0.000000   clock clk (rise edge)
                                  0.000000    0.000000   clock source latency
     4    0.068746    0.308760    0.166040    0.166040 ^ clk (in)
                                                         clk (net)
                      0.308878    0.000000    0.166040 ^ clkbuf_0_clk/I (gf180mcu_fd_sc_mcu7t5v0__clkbuf_16)
     1    0.023294    0.093431    0.271522    0.437562 ^ clkbuf_0_clk/Z (gf180mcu_fd_sc_mcu7t5v0__clkbuf_16)
                                                         clknet_0_clk (net)
                      0.093431    0.000270    0.437832 ^ clkbuf_1_0__f_clk/I (gf180mcu_fd_sc_mcu7t5v0__clkbuf_16)
     1    0.285514    0.327175    0.382338    0.820170 ^ clkbuf_1_0__f_clk/Z (gf180mcu_fd_sc_mcu7t5v0__clkbuf_16)
                                                         clknet_1_0__leaf_clk (net)
                      0.327836    0.008023    0.828193 ^ u_sram/CLK (gf180mcu_fd_ip_sram__sram64x8m8wm1)
     1    0.013661    0.509957   16.286022   17.114214 v u_sram/Q[0] (gf180mcu_fd_ip_sram__sram64x8m8wm1)
                                                         net2 (net)
                      0.509957    0.000400   17.114614 v output2/I (gf180mcu_fd_sc_mcu7t5v0__dlyb_1)
     1    0.073864    0.809840    1.621217   18.735830 v output2/Z (gf180mcu_fd_sc_mcu7t5v0__dlyb_1)
                                                         q[0] (net)
                      0.809845    0.001224   18.737055 v q[0] (out)
                                             18.737055   data arrival time

                                 50.000000   50.000000   clock clk (rise edge)
                                  0.000000   50.000000   clock network delay (propagated)
                                 -0.250000   49.749996   clock uncertainty
                                  0.000000   49.749996   clock reconvergence pessimism
                                -10.000000   39.749996   output external delay
                                             39.749996   data required time
---------------------------------------------------------------------------------------------
                                             39.749996   data required time
                                            -18.737055   data arrival time
---------------------------------------------------------------------------------------------
                                             21.012941   slack (MET)


Startpoint: u_sram (rising edge-triggered flip-flop clocked by clk)
Endpoint: q[1] (output port clocked by clk)
Path Group: clk
Path Type: max

Fanout         Cap        Slew       Delay        Time   Description
---------------------------------------------------------------------------------------------
                                  0.000000    0.000000   clock clk (rise edge)
                                  0.000000    0.000000   clock source latency
     4    0.068746    0.308760    0.166040    0.166040 ^ clk (in)
                                                         clk (net)
                      0.308878    0.000000    0.166040 ^ clkbuf_0_clk/I (gf180mcu_fd_sc_mcu7t5v0__clkbuf_16)
     1    0.023294    0.093431    0.271522    0.437562 ^ clkbuf_0_clk/Z (gf180mcu_fd_sc_mcu7t5v0__clkbuf_16)
                                                         clknet_0_clk (net)
                      0.093431    0.000270    0.437832 ^ clkbuf_1_0__f_clk/I (gf180mcu_fd_sc_mcu7t5v0__clkbuf_16)
     1    0.285514    0.327175    0.382338    0.820170 ^ clkbuf_1_0__f_clk/Z (gf180mcu_fd_sc_mcu7t5v0__clkbuf_16)
                                                         clknet_1_0__leaf_clk (net)
                      0.327836    0.008023    0.828193 ^ u_sram/CLK (gf180mcu_fd_ip_sram__sram64x8m8wm1)
     1    0.013746    0.510177   16.286331   17.114523 v u_sram/Q[1] (gf180mcu_fd_ip_sram__sram64x8m8wm1)
                                                         net3 (net)
                      0.510177    0.000400   17.114923 v output3/I (gf180mcu_fd_sc_mcu7t5v0__dlyb_1)
     1    0.073771    0.809075    1.621274   18.736197 v output3/Z (gf180mcu_fd_sc_mcu7t5v0__dlyb_1)
                                                         q[1] (net)
                      0.809075    0.000547   18.736744 v q[1] (out)
                                             18.736744   data arrival time

                                 50.000000   50.000000   clock clk (rise edge)
                                  0.000000   50.000000   clock network delay (propagated)
                                 -0.250000   49.749996   clock uncertainty
                                  0.000000   49.749996   clock reconvergence pessimism
                                -10.000000   39.749996   output external delay
                                             39.749996   data required time
---------------------------------------------------------------------------------------------
                                             39.749996   data required time
                                            -18.736744   data arrival time
---------------------------------------------------------------------------------------------
                                             21.013252   slack (MET)


Startpoint: rst (input port clocked by clk)
Endpoint: _38_ (rising edge-triggered flip-flop clocked by clk)
Path Group: clk
Path Type: max

Fanout         Cap        Slew       Delay        Time   Description
---------------------------------------------------------------------------------------------
                                  0.000000    0.000000   clock clk (rise edge)
                                  0.000000    0.000000   clock network delay (propagated)
                                 10.000000   10.000000 v input external delay
     2    0.005121    0.076604    0.031280   10.031281 v rst (in)
                                                         rst (net)
                      0.076604    0.000000   10.031281 v input1/I (gf180mcu_fd_sc_mcu7t5v0__dlyb_1)
     4    0.124564    1.254014    1.762326   11.793607 v input1/Z (gf180mcu_fd_sc_mcu7t5v0__dlyb_1)
                                                         net1 (net)
                      1.256478    0.031675   11.825281 v _30_/A1 (gf180mcu_fd_sc_mcu7t5v0__nor3_1)
     1    0.006310    0.593439    0.609188   12.434470 ^ _30_/ZN (gf180mcu_fd_sc_mcu7t5v0__nor3_1)
                                                         _00_ (net)
                      0.593439    0.000168   12.434638 ^ _38_/D (gf180mcu_fd_sc_mcu7t5v0__dffq_1)
                                             12.434638   data arrival time

                                 50.000000   50.000000   clock clk (rise edge)
                                  0.000000   50.000000   clock source latency
     4    0.068746    0.308760    0.167645   50.167645 ^ clk (in)
                                                         clk (net)
                      0.308988    0.000000   50.167645 ^ clkbuf_regs_0_clk/I (gf180mcu_fd_sc_mcu7t5v0__clkbuf_16)
     1    0.023539    0.093649    0.271747   50.439392 ^ clkbuf_regs_0_clk/Z (gf180mcu_fd_sc_mcu7t5v0__clkbuf_16)
                                                         clk_regs (net)
                      0.093649    0.000295   50.439686 ^ clkbuf_0_clk_regs/I (gf180mcu_fd_sc_mcu7t5v0__clkbuf_16)
     2    0.046997    0.112491    0.241130   50.680817 ^ clkbuf_0_clk_regs/Z (gf180mcu_fd_sc_mcu7t5v0__clkbuf_16)
                                                         clknet_0_clk_regs (net)
                      0.112491    0.000355   50.681171 ^ clkbuf_1_0__f_clk_regs/I (gf180mcu_fd_sc_mcu7t5v0__clkbuf_16)
     2    0.007872    0.077049    0.215643   50.896812 ^ clkbuf_1_0__f_clk_regs/Z (gf180mcu_fd_sc_mcu7t5v0__clkbuf_16)
                                                         clknet_1_0__leaf_clk_regs (net)
                      0.077049    0.000036   50.896851 ^ _38_/CLK (gf180mcu_fd_sc_mcu7t5v0__dffq_1)
                                 -0.250000   50.646847   clock uncertainty
                                  0.000000   50.646847   clock reconvergence pessimism
                                 -0.266368   50.380482   library setup time
                                             50.380482   data required time
---------------------------------------------------------------------------------------------
                                             50.380482   data required time
                                            -12.434638   data arrival time
---------------------------------------------------------------------------------------------
                                             37.945843   slack (MET)


Startpoint: rst (input port clocked by clk)
Endpoint: _37_ (rising edge-triggered flip-flop clocked by clk)
Path Group: clk
Path Type: max

Fanout         Cap        Slew       Delay        Time   Description
---------------------------------------------------------------------------------------------
                                  0.000000    0.000000   clock clk (rise edge)
                                  0.000000    0.000000   clock network delay (propagated)
                                 10.000000   10.000000 v input external delay
     2    0.005121    0.076604    0.031280   10.031281 v rst (in)
                                                         rst (net)
                      0.076604    0.000000   10.031281 v input1/I (gf180mcu_fd_sc_mcu7t5v0__dlyb_1)
     4    0.124564    1.254014    1.762326   11.793607 v input1/Z (gf180mcu_fd_sc_mcu7t5v0__dlyb_1)
                                                         net1 (net)
                      1.256464    0.031580   11.825187 v _35_/A1 (gf180mcu_fd_sc_mcu7t5v0__nor2_1)
     1    0.011054    0.580365    0.600394   12.425581 ^ _35_/ZN (gf180mcu_fd_sc_mcu7t5v0__nor2_1)
                                                         _03_ (net)
                      0.580365    0.000328   12.425909 ^ _37_/D (gf180mcu_fd_sc_mcu7t5v0__dffq_1)
                                             12.425909   data arrival time

                                 50.000000   50.000000   clock clk (rise edge)
                                  0.000000   50.000000   clock source latency
     4    0.068746    0.308760    0.167645   50.167645 ^ clk (in)
                                                         clk (net)
                      0.308988    0.000000   50.167645 ^ clkbuf_regs_0_clk/I (gf180mcu_fd_sc_mcu7t5v0__clkbuf_16)
     1    0.023539    0.093649    0.271747   50.439392 ^ clkbuf_regs_0_clk/Z (gf180mcu_fd_sc_mcu7t5v0__clkbuf_16)
                                                         clk_regs (net)
                      0.093649    0.000295   50.439686 ^ clkbuf_0_clk_regs/I (gf180mcu_fd_sc_mcu7t5v0__clkbuf_16)
     2    0.046997    0.112491    0.241130   50.680817 ^ clkbuf_0_clk_regs/Z (gf180mcu_fd_sc_mcu7t5v0__clkbuf_16)
                                                         clknet_0_clk_regs (net)
                      0.112491    0.000355   50.681171 ^ clkbuf_1_0__f_clk_regs/I (gf180mcu_fd_sc_mcu7t5v0__clkbuf_16)
     2    0.007872    0.077049    0.215643   50.896812 ^ clkbuf_1_0__f_clk_regs/Z (gf180mcu_fd_sc_mcu7t5v0__clkbuf_16)
                                                         clknet_1_0__leaf_clk_regs (net)
                      0.077049    0.000046   50.896858 ^ _37_/CLK (gf180mcu_fd_sc_mcu7t5v0__dffq_1)
                                 -0.250000   50.646858   clock uncertainty
                                  0.000000   50.646858   clock reconvergence pessimism
                                 -0.265407   50.381451   library setup time
                                             50.381451   data required time
---------------------------------------------------------------------------------------------
                                             50.381451   data required time
                                            -12.425909   data arrival time
---------------------------------------------------------------------------------------------
                                             37.955544   slack (MET)


Startpoint: rst (input port clocked by clk)
Endpoint: _39_ (rising edge-triggered flip-flop clocked by clk)
Path Group: clk
Path Type: max

Fanout         Cap        Slew       Delay        Time   Description
---------------------------------------------------------------------------------------------
                                  0.000000    0.000000   clock clk (rise edge)
                                  0.000000    0.000000   clock network delay (propagated)
                                 10.000000   10.000000 v input external delay
     2    0.005121    0.076604    0.031280   10.031281 v rst (in)
                                                         rst (net)
                      0.076604    0.000000   10.031281 v input1/I (gf180mcu_fd_sc_mcu7t5v0__dlyb_1)
     4    0.124564    1.254014    1.762326   11.793607 v input1/Z (gf180mcu_fd_sc_mcu7t5v0__dlyb_1)
                                                         net1 (net)
                      1.256428    0.031348   11.824955 v _32_/A1 (gf180mcu_fd_sc_mcu7t5v0__nor2_1)
     1    0.009430    0.537329    0.567114   12.392069 ^ _32_/ZN (gf180mcu_fd_sc_mcu7t5v0__nor2_1)
                                                         _01_ (net)
                      0.537329    0.000266   12.392336 ^ _39_/D (gf180mcu_fd_sc_mcu7t5v0__dffq_1)
                                             12.392336   data arrival time

                                 50.000000   50.000000   clock clk (rise edge)
                                  0.000000   50.000000   clock source latency
     4    0.068746    0.308760    0.167645   50.167645 ^ clk (in)
                                                         clk (net)
                      0.308988    0.000000   50.167645 ^ clkbuf_regs_0_clk/I (gf180mcu_fd_sc_mcu7t5v0__clkbuf_16)
     1    0.023539    0.093649    0.271747   50.439392 ^ clkbuf_regs_0_clk/Z (gf180mcu_fd_sc_mcu7t5v0__clkbuf_16)
                                                         clk_regs (net)
                      0.093649    0.000295   50.439686 ^ clkbuf_0_clk_regs/I (gf180mcu_fd_sc_mcu7t5v0__clkbuf_16)
     2    0.046997    0.112491    0.241130   50.680817 ^ clkbuf_0_clk_regs/Z (gf180mcu_fd_sc_mcu7t5v0__clkbuf_16)
                                                         clknet_0_clk_regs (net)
                      0.112492    0.000650   50.681465 ^ clkbuf_1_1__f_clk_regs/I (gf180mcu_fd_sc_mcu7t5v0__clkbuf_16)
     2    0.013582    0.082472    0.220393   50.901859 ^ clkbuf_1_1__f_clk_regs/Z (gf180mcu_fd_sc_mcu7t5v0__clkbuf_16)
                                                         clknet_1_1__leaf_clk_regs (net)
                      0.082472    0.000302   50.902161 ^ _39_/CLK (gf180mcu_fd_sc_mcu7t5v0__dffq_1)
                                 -0.250000   50.652161   clock uncertainty
                                  0.000000   50.652161   clock reconvergence pessimism
                                 -0.260998   50.391163   library setup time
                                             50.391163   data required time
---------------------------------------------------------------------------------------------
                                             50.391163   data required time
                                            -12.392336   data arrival time
---------------------------------------------------------------------------------------------
                                             37.998829   slack (MET)


Startpoint: rst (input port clocked by clk)
Endpoint: _36_ (rising edge-triggered flip-flop clocked by clk)
Path Group: clk
Path Type: max

Fanout         Cap        Slew       Delay        Time   Description
---------------------------------------------------------------------------------------------
                                  0.000000    0.000000   clock clk (rise edge)
                                  0.000000    0.000000   clock network delay (propagated)
                                 10.000000   10.000000 ^ input external delay
     2    0.005121    0.131619    0.050578   10.050578 ^ rst (in)
                                                         rst (net)
                      0.131619    0.000000   10.050578 ^ input1/I (gf180mcu_fd_sc_mcu7t5v0__dlyb_1)
     4    0.124564    2.037897    1.975845   12.026423 ^ input1/Z (gf180mcu_fd_sc_mcu7t5v0__dlyb_1)
                                                         net1 (net)
                      2.039444    0.031588   12.058012 ^ _33_/A2 (gf180mcu_fd_sc_mcu7t5v0__nor2_1)
     1    0.005623    0.560150    0.202627   12.260639 v _33_/ZN (gf180mcu_fd_sc_mcu7t5v0__nor2_1)
                                                         _02_ (net)
                      0.560150    0.000129   12.260768 v _36_/D (gf180mcu_fd_sc_mcu7t5v0__dffq_1)
                                             12.260768   data arrival time

                                 50.000000   50.000000   clock clk (rise edge)
                                  0.000000   50.000000   clock source latency
     4    0.068746    0.308760    0.167645   50.167645 ^ clk (in)
                                                         clk (net)
                      0.308988    0.000000   50.167645 ^ clkbuf_regs_0_clk/I (gf180mcu_fd_sc_mcu7t5v0__clkbuf_16)
     1    0.023539    0.093649    0.271747   50.439392 ^ clkbuf_regs_0_clk/Z (gf180mcu_fd_sc_mcu7t5v0__clkbuf_16)
                                                         clk_regs (net)
                      0.093649    0.000295   50.439686 ^ clkbuf_0_clk_regs/I (gf180mcu_fd_sc_mcu7t5v0__clkbuf_16)
     2    0.046997    0.112491    0.241130   50.680817 ^ clkbuf_0_clk_regs/Z (gf180mcu_fd_sc_mcu7t5v0__clkbuf_16)
                                                         clknet_0_clk_regs (net)
                      0.112492    0.000650   50.681465 ^ clkbuf_1_1__f_clk_regs/I (gf180mcu_fd_sc_mcu7t5v0__clkbuf_16)
     2    0.013582    0.082472    0.220393   50.901859 ^ clkbuf_1_1__f_clk_regs/Z (gf180mcu_fd_sc_mcu7t5v0__clkbuf_16)
                                                         clknet_1_1__leaf_clk_regs (net)
                      0.082472    0.000362   50.902222 ^ _36_/CLK (gf180mcu_fd_sc_mcu7t5v0__dffq_1)
                                 -0.250000   50.652222   clock uncertainty
                                  0.000000   50.652222   clock reconvergence pessimism
                                 -0.386978   50.265240   library setup time
                                             50.265240   data required time
---------------------------------------------------------------------------------------------
                                             50.265240   data required time
                                            -12.260768   data arrival time
---------------------------------------------------------------------------------------------
                                             38.004475   slack (MET)


Startpoint: _36_ (rising edge-triggered flip-flop clocked by clk)
Endpoint: u_sram (rising edge-triggered flip-flop clocked by clk)
Path Group: clk
Path Type: max

Fanout         Cap        Slew       Delay        Time   Description
---------------------------------------------------------------------------------------------
                                  0.000000    0.000000   clock clk (rise edge)
                                  0.000000    0.000000   clock source latency
     4    0.068746    0.308760    0.167647    0.167647 ^ clk (in)
                                                         clk (net)
                      0.308988    0.000000    0.167647 ^ clkbuf_regs_0_clk/I (gf180mcu_fd_sc_mcu7t5v0__clkbuf_16)
     1    0.023539    0.093649    0.271747    0.439394 ^ clkbuf_regs_0_clk/Z (gf180mcu_fd_sc_mcu7t5v0__clkbuf_16)
                                                         clk_regs (net)
                      0.093649    0.000293    0.439688 ^ clkbuf_0_clk_regs/I (gf180mcu_fd_sc_mcu7t5v0__clkbuf_16)
     2    0.046997    0.112491    0.241130    0.680818 ^ clkbuf_0_clk_regs/Z (gf180mcu_fd_sc_mcu7t5v0__clkbuf_16)
                                                         clknet_0_clk_regs (net)
                      0.112492    0.000648    0.681466 ^ clkbuf_1_1__f_clk_regs/I (gf180mcu_fd_sc_mcu7t5v0__clkbuf_16)
     2    0.013582    0.082472    0.220395    0.901861 ^ clkbuf_1_1__f_clk_regs/Z (gf180mcu_fd_sc_mcu7t5v0__clkbuf_16)
                                                         clknet_1_1__leaf_clk_regs (net)
                      0.082472    0.000360    0.902222 ^ _36_/CLK (gf180mcu_fd_sc_mcu7t5v0__dffq_1)
     5    0.036038    0.383161    0.848084    1.750306 v _36_/Q (gf180mcu_fd_sc_mcu7t5v0__dffq_1)
                                                         cnt[0] (net)
                      0.383162    0.000558    1.750863 v hold33/I (gf180mcu_fd_sc_mcu7t5v0__dlyc_1)
     1    0.006663    0.229323    1.776305    3.527169 v hold33/Z (gf180mcu_fd_sc_mcu7t5v0__dlyc_1)
                                                         net32 (net)
                      0.229323    0.000145    3.527314 v hold29/I (gf180mcu_fd_sc_mcu7t5v0__dlyc_1)
     1    0.045358    0.569345    2.030545    5.557859 v hold29/Z (gf180mcu_fd_sc_mcu7t5v0__dlyc_1)
                                                         net28 (net)
                      0.569354    0.001499    5.559359 v u_sram/A[0] (gf180mcu_fd_ip_sram__sram64x8m8wm1)
                                              5.559359   data arrival time

                                 50.000000   50.000000   clock clk (rise edge)
                                  0.000000   50.000000   clock source latency
     4    0.068746    0.308760    0.166040   50.166039 ^ clk (in)
                                                         clk (net)
                      0.308878    0.000000   50.166039 ^ clkbuf_0_clk/I (gf180mcu_fd_sc_mcu7t5v0__clkbuf_16)
     1    0.023294    0.093431    0.271523   50.437561 ^ clkbuf_0_clk/Z (gf180mcu_fd_sc_mcu7t5v0__clkbuf_16)
                                                         clknet_0_clk (net)
                      0.093431    0.000270   50.437832 ^ clkbuf_1_0__f_clk/I (gf180mcu_fd_sc_mcu7t5v0__clkbuf_16)
     1    0.285514    0.327175    0.382336   50.820168 ^ clkbuf_1_0__f_clk/Z (gf180mcu_fd_sc_mcu7t5v0__clkbuf_16)
                                                         clknet_1_0__leaf_clk (net)
                      0.327836    0.008026   50.828194 ^ u_sram/CLK (gf180mcu_fd_ip_sram__sram64x8m8wm1)
                                 -0.250000   50.578194   clock uncertainty
                                  0.000000   50.578194   clock reconvergence pessimism
                                 -2.143207   48.434986   library setup time
                                             48.434986   data required time
---------------------------------------------------------------------------------------------
                                             48.434986   data required time
                                             -5.559359   data arrival time
---------------------------------------------------------------------------------------------
                                             42.875629   slack (MET)


Startpoint: _37_ (rising edge-triggered flip-flop clocked by clk)
Endpoint: u_sram (rising edge-triggered flip-flop clocked by clk)
Path Group: clk
Path Type: max

Fanout         Cap        Slew       Delay        Time   Description
---------------------------------------------------------------------------------------------
                                  0.000000    0.000000   clock clk (rise edge)
                                  0.000000    0.000000   clock source latency
     4    0.068746    0.308760    0.167647    0.167647 ^ clk (in)
                                                         clk (net)
                      0.308988    0.000000    0.167647 ^ clkbuf_regs_0_clk/I (gf180mcu_fd_sc_mcu7t5v0__clkbuf_16)
     1    0.023539    0.093649    0.271747    0.439394 ^ clkbuf_regs_0_clk/Z (gf180mcu_fd_sc_mcu7t5v0__clkbuf_16)
                                                         clk_regs (net)
                      0.093649    0.000293    0.439688 ^ clkbuf_0_clk_regs/I (gf180mcu_fd_sc_mcu7t5v0__clkbuf_16)
     2    0.046997    0.112491    0.241130    0.680818 ^ clkbuf_0_clk_regs/Z (gf180mcu_fd_sc_mcu7t5v0__clkbuf_16)
                                                         clknet_0_clk_regs (net)
                      0.112491    0.000354    0.681172 ^ clkbuf_1_0__f_clk_regs/I (gf180mcu_fd_sc_mcu7t5v0__clkbuf_16)
     2    0.007872    0.077049    0.215644    0.896816 ^ clkbuf_1_0__f_clk_regs/Z (gf180mcu_fd_sc_mcu7t5v0__clkbuf_16)
                                                         clknet_1_0__leaf_clk_regs (net)
                      0.077049    0.000044    0.896860 ^ _37_/CLK (gf180mcu_fd_sc_mcu7t5v0__dffq_1)
     4    0.024104    0.277779    0.774733    1.671593 v _37_/Q (gf180mcu_fd_sc_mcu7t5v0__dffq_1)
                                                         cnt[1] (net)
                      0.277779    0.000245    1.671838 v hold32/I (gf180mcu_fd_sc_mcu7t5v0__dlyc_1)
     1    0.004475    0.205536    1.712818    3.384656 v hold32/Z (gf180mcu_fd_sc_mcu7t5v0__dlyc_1)
                                                         net31 (net)
                      0.205536    0.000085    3.384742 v hold28/I (gf180mcu_fd_sc_mcu7t5v0__dlyc_1)
     1    0.044124    0.558930    2.013857    5.398598 v hold28/Z (gf180mcu_fd_sc_mcu7t5v0__dlyc_1)
                                                         net27 (net)
                      0.558939    0.001503    5.400101 v u_sram/A[1] (gf180mcu_fd_ip_sram__sram64x8m8wm1)
                                              5.400101   data arrival time

                                 50.000000   50.000000   clock clk (rise edge)
                                  0.000000   50.000000   clock source latency
     4    0.068746    0.308760    0.166040   50.166039 ^ clk (in)
                                                         clk (net)
                      0.308878    0.000000   50.166039 ^ clkbuf_0_clk/I (gf180mcu_fd_sc_mcu7t5v0__clkbuf_16)
     1    0.023294    0.093431    0.271523   50.437561 ^ clkbuf_0_clk/Z (gf180mcu_fd_sc_mcu7t5v0__clkbuf_16)
                                                         clknet_0_clk (net)
                      0.093431    0.000270   50.437832 ^ clkbuf_1_0__f_clk/I (gf180mcu_fd_sc_mcu7t5v0__clkbuf_16)
     1    0.285514    0.327175    0.382336   50.820168 ^ clkbuf_1_0__f_clk/Z (gf180mcu_fd_sc_mcu7t5v0__clkbuf_16)
                                                         clknet_1_0__leaf_clk (net)
                      0.327836    0.008026   50.828194 ^ u_sram/CLK (gf180mcu_fd_ip_sram__sram64x8m8wm1)
                                 -0.250000   50.578194   clock uncertainty
                                  0.000000   50.578194   clock reconvergence pessimism
                                 -2.140424   48.437767   library setup time
                                             48.437767   data required time
---------------------------------------------------------------------------------------------
                                             48.437767   data required time
                                             -5.400101   data arrival time
---------------------------------------------------------------------------------------------
                                             43.037666   slack (MET)


Startpoint: _38_ (rising edge-triggered flip-flop clocked by clk)
Endpoint: u_sram (rising edge-triggered flip-flop clocked by clk)
Path Group: clk
Path Type: max

Fanout         Cap        Slew       Delay        Time   Description
---------------------------------------------------------------------------------------------
                                  0.000000    0.000000   clock clk (rise edge)
                                  0.000000    0.000000   clock source latency
     4    0.068746    0.308760    0.167647    0.167647 ^ clk (in)
                                                         clk (net)
                      0.308988    0.000000    0.167647 ^ clkbuf_regs_0_clk/I (gf180mcu_fd_sc_mcu7t5v0__clkbuf_16)
     1    0.023539    0.093649    0.271747    0.439394 ^ clkbuf_regs_0_clk/Z (gf180mcu_fd_sc_mcu7t5v0__clkbuf_16)
                                                         clk_regs (net)
                      0.093649    0.000293    0.439688 ^ clkbuf_0_clk_regs/I (gf180mcu_fd_sc_mcu7t5v0__clkbuf_16)
     2    0.046997    0.112491    0.241130    0.680818 ^ clkbuf_0_clk_regs/Z (gf180mcu_fd_sc_mcu7t5v0__clkbuf_16)
                                                         clknet_0_clk_regs (net)
                      0.112491    0.000354    0.681172 ^ clkbuf_1_0__f_clk_regs/I (gf180mcu_fd_sc_mcu7t5v0__clkbuf_16)
     2    0.007872    0.077049    0.215644    0.896816 ^ clkbuf_1_0__f_clk_regs/Z (gf180mcu_fd_sc_mcu7t5v0__clkbuf_16)
                                                         clknet_1_0__leaf_clk_regs (net)
                      0.077049    0.000036    0.896852 ^ _38_/CLK (gf180mcu_fd_sc_mcu7t5v0__dffq_1)
     3    0.014285    0.193501    0.711769    1.608621 v _38_/Q (gf180mcu_fd_sc_mcu7t5v0__dffq_1)
                                                         cnt[2] (net)
                      0.193501    0.000190    1.608811 v hold31/I (gf180mcu_fd_sc_mcu7t5v0__dlyc_1)
     1    0.004344    0.204000    1.681386    3.290197 v hold31/Z (gf180mcu_fd_sc_mcu7t5v0__dlyc_1)
                                                         net30 (net)
                      0.204000    0.000087    3.290284 v hold27/I (gf180mcu_fd_sc_mcu7t5v0__dlyc_1)
     1    0.042064    0.541508    1.999553    5.289837 v hold27/Z (gf180mcu_fd_sc_mcu7t5v0__dlyc_1)
                                                         net26 (net)
                      0.541516    0.001366    5.291203 v u_sram/A[2] (gf180mcu_fd_ip_sram__sram64x8m8wm1)
                                              5.291203   data arrival time

                                 50.000000   50.000000   clock clk (rise edge)
                                  0.000000   50.000000   clock source latency
     4    0.068746    0.308760    0.166040   50.166039 ^ clk (in)
                                                         clk (net)
                      0.308878    0.000000   50.166039 ^ clkbuf_0_clk/I (gf180mcu_fd_sc_mcu7t5v0__clkbuf_16)
     1    0.023294    0.093431    0.271523   50.437561 ^ clkbuf_0_clk/Z (gf180mcu_fd_sc_mcu7t5v0__clkbuf_16)
                                                         clknet_0_clk (net)
                      0.093431    0.000270   50.437832 ^ clkbuf_1_0__f_clk/I (gf180mcu_fd_sc_mcu7t5v0__clkbuf_16)
     1    0.285514    0.327175    0.382336   50.820168 ^ clkbuf_1_0__f_clk/Z (gf180mcu_fd_sc_mcu7t5v0__clkbuf_16)
                                                         clknet_1_0__leaf_clk (net)
                      0.327836    0.008026   50.828194 ^ u_sram/CLK (gf180mcu_fd_ip_sram__sram64x8m8wm1)
                                 -0.250000   50.578194   clock uncertainty
                                  0.000000   50.578194   clock reconvergence pessimism
                                 -2.135769   48.442421   library setup time
                                             48.442421   data required time
---------------------------------------------------------------------------------------------
                                             48.442421   data required time
                                             -5.291203   data arrival time
---------------------------------------------------------------------------------------------
                                             43.151218   slack (MET)


Startpoint: _39_ (rising edge-triggered flip-flop clocked by clk)
Endpoint: u_sram (rising edge-triggered flip-flop clocked by clk)
Path Group: clk
Path Type: max

Fanout         Cap        Slew       Delay        Time   Description
---------------------------------------------------------------------------------------------
                                  0.000000    0.000000   clock clk (rise edge)
                                  0.000000    0.000000   clock source latency
     4    0.068746    0.308760    0.167647    0.167647 ^ clk (in)
                                                         clk (net)
                      0.308988    0.000000    0.167647 ^ clkbuf_regs_0_clk/I (gf180mcu_fd_sc_mcu7t5v0__clkbuf_16)
     1    0.023539    0.093649    0.271747    0.439394 ^ clkbuf_regs_0_clk/Z (gf180mcu_fd_sc_mcu7t5v0__clkbuf_16)
                                                         clk_regs (net)
                      0.093649    0.000293    0.439688 ^ clkbuf_0_clk_regs/I (gf180mcu_fd_sc_mcu7t5v0__clkbuf_16)
     2    0.046997    0.112491    0.241130    0.680818 ^ clkbuf_0_clk_regs/Z (gf180mcu_fd_sc_mcu7t5v0__clkbuf_16)
                                                         clknet_0_clk_regs (net)
                      0.112492    0.000648    0.681466 ^ clkbuf_1_1__f_clk_regs/I (gf180mcu_fd_sc_mcu7t5v0__clkbuf_16)
     2    0.013582    0.082472    0.220395    0.901861 ^ clkbuf_1_1__f_clk_regs/Z (gf180mcu_fd_sc_mcu7t5v0__clkbuf_16)
                                                         clknet_1_1__leaf_clk_regs (net)
                      0.082472    0.000302    0.902164 ^ _39_/CLK (gf180mcu_fd_sc_mcu7t5v0__dffq_1)
     2    0.012126    0.175628    0.698417    1.600581 v _39_/Q (gf180mcu_fd_sc_mcu7t5v0__dffq_1)
                                                         cnt[3] (net)
                      0.175628    0.000124    1.600705 v hold30/I (gf180mcu_fd_sc_mcu7t5v0__dlyc_1)
     1    0.003664    0.196595    1.667128    3.267833 v hold30/Z (gf180mcu_fd_sc_mcu7t5v0__dlyc_1)
                                                         net29 (net)
                      0.196595    0.000037    3.267870 v hold26/I (gf180mcu_fd_sc_mcu7t5v0__dlyc_1)
     1    0.036394    0.493922    1.959267    5.227137 v hold26/Z (gf180mcu_fd_sc_mcu7t5v0__dlyc_1)
                                                         net25 (net)
                      0.493922    0.000409    5.227546 v u_sram/A[3] (gf180mcu_fd_ip_sram__sram64x8m8wm1)
                                              5.227546   data arrival time

                                 50.000000   50.000000   clock clk (rise edge)
                                  0.000000   50.000000   clock source latency
     4    0.068746    0.308760    0.166040   50.166039 ^ clk (in)
                                                         clk (net)
                      0.308878    0.000000   50.166039 ^ clkbuf_0_clk/I (gf180mcu_fd_sc_mcu7t5v0__clkbuf_16)
     1    0.023294    0.093431    0.271523   50.437561 ^ clkbuf_0_clk/Z (gf180mcu_fd_sc_mcu7t5v0__clkbuf_16)
                                                         clknet_0_clk (net)
                      0.093431    0.000270   50.437832 ^ clkbuf_1_0__f_clk/I (gf180mcu_fd_sc_mcu7t5v0__clkbuf_16)
     1    0.285514    0.327175    0.382336   50.820168 ^ clkbuf_1_0__f_clk/Z (gf180mcu_fd_sc_mcu7t5v0__clkbuf_16)
                                                         clknet_1_0__leaf_clk (net)
                      0.327836    0.008026   50.828194 ^ u_sram/CLK (gf180mcu_fd_ip_sram__sram64x8m8wm1)
                                 -0.250000   50.578194   clock uncertainty
                                  0.000000   50.578194   clock reconvergence pessimism
                                 -2.123054   48.455139   library setup time
                                             48.455139   data required time
---------------------------------------------------------------------------------------------
                                             48.455139   data required time
                                             -5.227546   data arrival time
---------------------------------------------------------------------------------------------
                                             43.227596   slack (MET)



