                                                                        Cells by Master                                                                         
┏━━━━━━━━━━━━━━━━━━━━━━━━━━━━━━━━━━━━━━━━━━━━━━━━━━━━━━━━━━━━━━━━━━━━━━━━━━━━━━━━━━━━━━━━━━━━━━━━━━━━━━━━━━━━━━━━━━━━━━━━━━━━━━━━━━━━━┳━━━━━━━━━━━━━━━━━━━━━━━━┓
┃ Cell                                                                                                                                ┃ Count                  ┃
┡━━━━━━━━━━━━━━━━━━━━━━━━━━━━━━━━━━━━━━━━━━━━━━━━━━━━━━━━━━━━━━━━━━━━━━━━━━━━━━━━━━━━━━━━━━━━━━━━━━━━━━━━━━━━━━━━━━━━━━━━━━━━━━━━━━━━━╇━━━━━━━━━━━━━━━━━━━━━━━━┩
│ gf180mcu_fd_sc_mcu7t5v0__and2_1                                                                                                     │ 6                      │
│ gf180mcu_fd_sc_mcu7t5v0__and3_1                                                                                                     │ 4                      │
│ gf180mcu_fd_sc_mcu7t5v0__and4_1                                                                                                     │ 1                      │
│ gf180mcu_fd_sc_mcu7t5v0__antenna                                                                                                    │ 59                     │
│ gf180mcu_fd_sc_mcu7t5v0__aoi211_1                                                                                                   │ 6                      │
│ gf180mcu_fd_sc_mcu7t5v0__aoi21_1                                                                                                    │ 22                     │
│ gf180mcu_fd_sc_mcu7t5v0__aoi221_1                                                                                                   │ 4                      │
│ gf180mcu_fd_sc_mcu7t5v0__aoi222_1                                                                                                   │ 4                      │
│ gf180mcu_fd_sc_mcu7t5v0__aoi22_1                                                                                                    │ 11                     │
│ gf180mcu_fd_sc_mcu7t5v0__buf_1                                                                                                      │ 1                      │
│ gf180mcu_fd_sc_mcu7t5v0__buf_2                                                                                                      │ 1                      │
│ gf180mcu_fd_sc_mcu7t5v0__buf_4                                                                                                      │ 11                     │
│ gf180mcu_fd_sc_mcu7t5v0__clkbuf_16                                                                                                  │ 1                      │
│ gf180mcu_fd_sc_mcu7t5v0__clkbuf_2                                                                                                   │ 3                      │
│ gf180mcu_fd_sc_mcu7t5v0__clkbuf_8                                                                                                   │ 9                      │
│ gf180mcu_fd_sc_mcu7t5v0__clkinv_1                                                                                                   │ 36                     │
│ gf180mcu_fd_sc_mcu7t5v0__clkinv_8                                                                                                   │ 1                      │
│ gf180mcu_fd_sc_mcu7t5v0__dffrnq_1                                                                                                   │ 91                     │
│ gf180mcu_fd_sc_mcu7t5v0__dffrnq_2                                                                                                   │ 2                      │
│ gf180mcu_fd_sc_mcu7t5v0__dffrnq_4                                                                                                   │ 2                      │
│ gf180mcu_fd_sc_mcu7t5v0__dlya_1                                                                                                     │ 5                      │
│ gf180mcu_fd_sc_mcu7t5v0__dlyb_1                                                                                                     │ 114                    │
│ gf180mcu_fd_sc_mcu7t5v0__endcap                                                                                                     │ 506                    │
│ gf180mcu_fd_sc_mcu7t5v0__fill_1                                                                                                     │ 518                    │
│ gf180mcu_fd_sc_mcu7t5v0__fill_2                                                                                                     │ 482                    │
│ gf180mcu_fd_sc_mcu7t5v0__fillcap_16                                                                                                 │ 159                    │
│ gf180mcu_fd_sc_mcu7t5v0__fillcap_32                                                                                                 │ 435                    │
│ gf180mcu_fd_sc_mcu7t5v0__fillcap_4                                                                                                  │ 8272                   │
│ gf180mcu_fd_sc_mcu7t5v0__fillcap_64                                                                                                 │ 7920                   │
│ gf180mcu_fd_sc_mcu7t5v0__fillcap_8                                                                                                  │ 175                    │
│ gf180mcu_fd_sc_mcu7t5v0__filltie                                                                                                    │ 8419                   │
│ gf180mcu_fd_sc_mcu7t5v0__inv_2                                                                                                      │ 4                      │
│ gf180mcu_fd_sc_mcu7t5v0__inv_3                                                                                                      │ 2                      │
│ gf180mcu_fd_sc_mcu7t5v0__inv_4                                                                                                      │ 3                      │
│ gf180mcu_fd_sc_mcu7t5v0__mux2_2                                                                                                     │ 47                     │
│ gf180mcu_fd_sc_mcu7t5v0__nand2_1                                                                                                    │ 80                     │
│ gf180mcu_fd_sc_mcu7t5v0__nand3_1                                                                                                    │ 15                     │
│ gf180mcu_fd_sc_mcu7t5v0__nand4_1                                                                                                    │ 11                     │
│ gf180mcu_fd_sc_mcu7t5v0__nor2_1                                                                                                     │ 27                     │
│ gf180mcu_fd_sc_mcu7t5v0__nor2_2                                                                                                     │ 2                      │
│ gf180mcu_fd_sc_mcu7t5v0__nor2_4                                                                                                     │ 2                      │
│ gf180mcu_fd_sc_mcu7t5v0__nor3_1                                                                                                     │ 9                      │
│ gf180mcu_fd_sc_mcu7t5v0__nor3_2                                                                                                     │ 1                      │
│ gf180mcu_fd_sc_mcu7t5v0__nor4_1                                                                                                     │ 10                     │
│ gf180mcu_fd_sc_mcu7t5v0__oai211_1                                                                                                   │ 5                      │
│ gf180mcu_fd_sc_mcu7t5v0__oai21_1                                                                                                    │ 52                     │
│ gf180mcu_fd_sc_mcu7t5v0__oai221_1                                                                                                   │ 3                      │
│ gf180mcu_fd_sc_mcu7t5v0__oai22_1                                                                                                    │ 2                      │
│ gf180mcu_fd_sc_mcu7t5v0__oai31_1                                                                                                    │ 6                      │
│ gf180mcu_fd_sc_mcu7t5v0__oai32_1                                                                                                    │ 3                      │
│ gf180mcu_fd_sc_mcu7t5v0__or2_1                                                                                                      │ 10                     │
│ gf180mcu_fd_sc_mcu7t5v0__or3_1                                                                                                      │ 3                      │
│ gf180mcu_fd_sc_mcu7t5v0__or4_1                                                                                                      │ 1                      │
│ gf180mcu_fd_sc_mcu7t5v0__tiel                                                                                                       │ 2                      │
│ gf180mcu_fd_sc_mcu7t5v0__xnor2_1                                                                                                    │ 1                      │
│ gf180mcu_fd_sc_mcu7t5v0__xor2_1                                                                                                     │ 6                      │
└─────────────────────────────────────────────────────────────────────────────────────────────────────────────────────────────────────┴────────────────────────┘
