Startpoint: _19289_ (rising edge-triggered flip-flop clocked by core_clk)
Endpoint: _18374_ (rising edge-triggered flip-flop clocked by core_clk)
Path Group: core_clk
Path Type: min

      Delay        Time   Description
-----------------------------------------------------------------
   0.000000    0.000000   clock core_clk (rise edge)
   1.013734    1.013734   clock network delay (propagated)
   0.000000    1.013734 ^ _19289_/CLK (gf180mcu_fd_sc_mcu9t5v0__dffrnq_1)
   0.591610    1.605344 v _19289_/Q (gf180mcu_fd_sc_mcu9t5v0__dffrnq_1)
   0.176793    1.782136 ^ _16740_/ZN (gf180mcu_fd_sc_mcu9t5v0__nor2_1)
   0.130946    1.913082 v _16741_/ZN (gf180mcu_fd_sc_mcu9t5v0__aoi221_1)
   0.213678    2.126760 v _16742_/Z (gf180mcu_fd_sc_mcu9t5v0__mux2_2)
   0.000107    2.126868 v _18374_/D (gf180mcu_fd_sc_mcu9t5v0__dffq_1)
               2.126868   data arrival time

   0.000000    0.000000   clock core_clk (rise edge)
   1.860495    1.860495   clock network delay (propagated)
   0.000000    1.860495   clock reconvergence pessimism
               1.860495 ^ _18374_/CLK (gf180mcu_fd_sc_mcu9t5v0__dffq_1)
   0.084562    1.945057   library hold time
               1.945057   data required time
-----------------------------------------------------------------
               1.945057   data required time
              -2.126868   data arrival time
-----------------------------------------------------------------
               0.181811   slack (MET)


Startpoint: _19269_ (rising edge-triggered flip-flop clocked by core_clk)
Endpoint: _18162_ (rising edge-triggered flip-flop clocked by core_clk)
Path Group: core_clk
Path Type: min

      Delay        Time   Description
-----------------------------------------------------------------
   0.000000    0.000000   clock core_clk (rise edge)
   1.005309    1.005309   clock network delay (propagated)
   0.000000    1.005309 ^ _19269_/CLK (gf180mcu_fd_sc_mcu9t5v0__dffrnq_1)
   0.647321    1.652630 v _19269_/Q (gf180mcu_fd_sc_mcu9t5v0__dffrnq_1)
   0.168235    1.820866 ^ _16065_/ZN (gf180mcu_fd_sc_mcu9t5v0__nand2_1)
   0.081930    1.902795 v _16066_/ZN (gf180mcu_fd_sc_mcu9t5v0__oai31_1)
   0.212546    2.115341 v _16067_/Z (gf180mcu_fd_sc_mcu9t5v0__mux2_2)
   0.000143    2.115484 v _18162_/D (gf180mcu_fd_sc_mcu9t5v0__dffq_1)
               2.115484   data arrival time

   0.000000    0.000000   clock core_clk (rise edge)
   1.846641    1.846641   clock network delay (propagated)
   0.000000    1.846641   clock reconvergence pessimism
               1.846641 ^ _18162_/CLK (gf180mcu_fd_sc_mcu9t5v0__dffq_1)
   0.083809    1.930450   library hold time
               1.930450   data required time
-----------------------------------------------------------------
               1.930450   data required time
              -2.115484   data arrival time
-----------------------------------------------------------------
               0.185034   slack (MET)


Startpoint: _19285_ (rising edge-triggered flip-flop clocked by core_clk)
Endpoint: _18354_ (rising edge-triggered flip-flop clocked by core_clk)
Path Group: core_clk
Path Type: min

      Delay        Time   Description
-----------------------------------------------------------------
   0.000000    0.000000   clock core_clk (rise edge)
   1.015350    1.015350   clock network delay (propagated)
   0.000000    1.015350 ^ _19285_/CLK (gf180mcu_fd_sc_mcu9t5v0__dffrnq_1)
   0.607135    1.622486 v _19285_/Q (gf180mcu_fd_sc_mcu9t5v0__dffrnq_1)
   0.167523    1.790008 ^ _16632_/ZN (gf180mcu_fd_sc_mcu9t5v0__nand2_1)
   0.083311    1.873319 v _16636_/ZN (gf180mcu_fd_sc_mcu9t5v0__oai31_1)
   0.207737    2.081057 v _16637_/Z (gf180mcu_fd_sc_mcu9t5v0__mux2_2)
   0.000052    2.081109 v _18354_/D (gf180mcu_fd_sc_mcu9t5v0__dffq_1)
               2.081109   data arrival time

   0.000000    0.000000   clock core_clk (rise edge)
   1.810982    1.810982   clock network delay (propagated)
   0.000000    1.810982   clock reconvergence pessimism
               1.810982 ^ _18354_/CLK (gf180mcu_fd_sc_mcu9t5v0__dffq_1)
   0.083624    1.894606   library hold time
               1.894606   data required time
-----------------------------------------------------------------
               1.894606   data required time
              -2.081109   data arrival time
-----------------------------------------------------------------
               0.186503   slack (MET)


Startpoint: _19274_ (rising edge-triggered flip-flop clocked by core_clk)
Endpoint: _18167_ (rising edge-triggered flip-flop clocked by core_clk)
Path Group: core_clk
Path Type: min

      Delay        Time   Description
-----------------------------------------------------------------
   0.000000    0.000000   clock core_clk (rise edge)
   0.932450    0.932450   clock network delay (propagated)
   0.000000    0.932450 ^ _19274_/CLK (gf180mcu_fd_sc_mcu9t5v0__dffrnq_1)
   0.687529    1.619979 v _19274_/Q (gf180mcu_fd_sc_mcu9t5v0__dffrnq_1)
   0.191919    1.811898 ^ _16095_/ZN (gf180mcu_fd_sc_mcu9t5v0__nand2_1)
   0.094430    1.906328 v _16096_/ZN (gf180mcu_fd_sc_mcu9t5v0__oai31_1)
   0.213628    2.119956 v _16097_/Z (gf180mcu_fd_sc_mcu9t5v0__mux2_2)
   0.000122    2.120079 v _18167_/D (gf180mcu_fd_sc_mcu9t5v0__dffq_1)
               2.120079   data arrival time

   0.000000    0.000000   clock core_clk (rise edge)
   1.848574    1.848574   clock network delay (propagated)
   0.000000    1.848574   clock reconvergence pessimism
               1.848574 ^ _18167_/CLK (gf180mcu_fd_sc_mcu9t5v0__dffq_1)
   0.084071    1.932645   library hold time
               1.932645   data required time
-----------------------------------------------------------------
               1.932645   data required time
              -2.120079   data arrival time
-----------------------------------------------------------------
               0.187433   slack (MET)


Startpoint: _19280_ (rising edge-triggered flip-flop clocked by core_clk)
Endpoint: _18349_ (rising edge-triggered flip-flop clocked by core_clk)
Path Group: core_clk
Path Type: min

      Delay        Time   Description
-----------------------------------------------------------------
   0.000000    0.000000   clock core_clk (rise edge)
   1.008345    1.008345   clock network delay (propagated)
   0.000000    1.008345 ^ _19280_/CLK (gf180mcu_fd_sc_mcu9t5v0__dffrnq_1)
   0.645321    1.653665 v _19280_/Q (gf180mcu_fd_sc_mcu9t5v0__dffrnq_1)
   0.173327    1.826992 ^ _16596_/ZN (gf180mcu_fd_sc_mcu9t5v0__nand2_1)
   0.083710    1.910702 v _16601_/ZN (gf180mcu_fd_sc_mcu9t5v0__oai31_1)
   0.208052    2.118754 v _16602_/Z (gf180mcu_fd_sc_mcu9t5v0__mux2_2)
   0.000096    2.118850 v _18349_/D (gf180mcu_fd_sc_mcu9t5v0__dffq_1)
               2.118850   data arrival time

   0.000000    0.000000   clock core_clk (rise edge)
   1.818973    1.818973   clock network delay (propagated)
   0.000000    1.818973   clock reconvergence pessimism
               1.818973 ^ _18349_/CLK (gf180mcu_fd_sc_mcu9t5v0__dffq_1)
   0.084702    1.903675   library hold time
               1.903675   data required time
-----------------------------------------------------------------
               1.903675   data required time
              -2.118850   data arrival time
-----------------------------------------------------------------
               0.215175   slack (MET)


Startpoint: _19267_ (rising edge-triggered flip-flop clocked by core_clk)
Endpoint: _18176_ (rising edge-triggered flip-flop clocked by core_clk)
Path Group: core_clk
Path Type: min

      Delay        Time   Description
-----------------------------------------------------------------
   0.000000    0.000000   clock core_clk (rise edge)
   1.005203    1.005203   clock network delay (propagated)
   0.000000    1.005203 ^ _19267_/CLK (gf180mcu_fd_sc_mcu9t5v0__dffrnq_1)
   0.677164    1.682367 v _19267_/Q (gf180mcu_fd_sc_mcu9t5v0__dffrnq_1)
   0.191121    1.873489 ^ _16153_/ZN (gf180mcu_fd_sc_mcu9t5v0__nand2_1)
   0.090318    1.963806 v _16154_/ZN (gf180mcu_fd_sc_mcu9t5v0__oai21_1)
   0.211246    2.175052 v _16155_/Z (gf180mcu_fd_sc_mcu9t5v0__mux2_2)
   0.000061    2.175112 v _18176_/D (gf180mcu_fd_sc_mcu9t5v0__dffq_1)
               2.175112   data arrival time

   0.000000    0.000000   clock core_clk (rise edge)
   1.856379    1.856379   clock network delay (propagated)
   0.000000    1.856379   clock reconvergence pessimism
               1.856379 ^ _18176_/CLK (gf180mcu_fd_sc_mcu9t5v0__dffq_1)
   0.083946    1.940325   library hold time
               1.940325   data required time
-----------------------------------------------------------------
               1.940325   data required time
              -2.175112   data arrival time
-----------------------------------------------------------------
               0.234788   slack (MET)


Startpoint: _19273_ (rising edge-triggered flip-flop clocked by core_clk)
Endpoint: _18166_ (rising edge-triggered flip-flop clocked by core_clk)
Path Group: core_clk
Path Type: min

      Delay        Time   Description
-----------------------------------------------------------------
   0.000000    0.000000   clock core_clk (rise edge)
   0.932402    0.932402   clock network delay (propagated)
   0.000000    0.932402 ^ _19273_/CLK (gf180mcu_fd_sc_mcu9t5v0__dffrnq_1)
   0.743336    1.675738 v _19273_/Q (gf180mcu_fd_sc_mcu9t5v0__dffrnq_1)
   0.219100    1.894838 ^ _16089_/ZN (gf180mcu_fd_sc_mcu9t5v0__nand2_1)
   0.087443    1.982281 v _16090_/ZN (gf180mcu_fd_sc_mcu9t5v0__oai31_1)
   0.210289    2.192570 v _16091_/Z (gf180mcu_fd_sc_mcu9t5v0__mux2_2)
   0.000065    2.192635 v _18166_/D (gf180mcu_fd_sc_mcu9t5v0__dffq_1)
               2.192635   data arrival time

   0.000000    0.000000   clock core_clk (rise edge)
   1.850651    1.850651   clock network delay (propagated)
   0.000000    1.850651   clock reconvergence pessimism
               1.850651 ^ _18166_/CLK (gf180mcu_fd_sc_mcu9t5v0__dffq_1)
   0.084837    1.935488   library hold time
               1.935488   data required time
-----------------------------------------------------------------
               1.935488   data required time
              -2.192635   data arrival time
-----------------------------------------------------------------
               0.257147   slack (MET)


Startpoint: _19273_ (rising edge-triggered flip-flop clocked by core_clk)
Endpoint: _18182_ (rising edge-triggered flip-flop clocked by core_clk)
Path Group: core_clk
Path Type: min

      Delay        Time   Description
-----------------------------------------------------------------
   0.000000    0.000000   clock core_clk (rise edge)
   0.932402    0.932402   clock network delay (propagated)
   0.000000    0.932402 ^ _19273_/CLK (gf180mcu_fd_sc_mcu9t5v0__dffrnq_1)
   0.743336    1.675738 v _19273_/Q (gf180mcu_fd_sc_mcu9t5v0__dffrnq_1)
   0.220447    1.896185 ^ _16181_/ZN (gf180mcu_fd_sc_mcu9t5v0__nand2_1)
   0.087003    1.983188 v _16184_/ZN (gf180mcu_fd_sc_mcu9t5v0__oai21_1)
   0.209763    2.192951 v _16185_/Z (gf180mcu_fd_sc_mcu9t5v0__mux2_2)
   0.000100    2.193051 v _18182_/D (gf180mcu_fd_sc_mcu9t5v0__dffq_1)
               2.193051   data arrival time

   0.000000    0.000000   clock core_clk (rise edge)
   1.842409    1.842409   clock network delay (propagated)
   0.000000    1.842409   clock reconvergence pessimism
               1.842409 ^ _18182_/CLK (gf180mcu_fd_sc_mcu9t5v0__dffq_1)
   0.082546    1.924955   library hold time
               1.924955   data required time
-----------------------------------------------------------------
               1.924955   data required time
              -2.193051   data arrival time
-----------------------------------------------------------------
               0.268096   slack (MET)


Startpoint: _19270_ (rising edge-triggered flip-flop clocked by core_clk)
Endpoint: _18179_ (rising edge-triggered flip-flop clocked by core_clk)
Path Group: core_clk
Path Type: min

      Delay        Time   Description
-----------------------------------------------------------------
   0.000000    0.000000   clock core_clk (rise edge)
   1.007980    1.007980   clock network delay (propagated)
   0.000000    1.007980 ^ _19270_/CLK (gf180mcu_fd_sc_mcu9t5v0__dffrnq_1)
   0.713944    1.721924 v _19270_/Q (gf180mcu_fd_sc_mcu9t5v0__dffrnq_1)
   0.205378    1.927302 ^ _16166_/ZN (gf180mcu_fd_sc_mcu9t5v0__nand2_1)
   0.080263    2.007565 v _16169_/ZN (gf180mcu_fd_sc_mcu9t5v0__oai21_1)
   0.206753    2.214319 v _16170_/Z (gf180mcu_fd_sc_mcu9t5v0__mux2_2)
   0.000048    2.214367 v _18179_/D (gf180mcu_fd_sc_mcu9t5v0__dffq_1)
               2.214367   data arrival time

   0.000000    0.000000   clock core_clk (rise edge)
   1.848817    1.848817   clock network delay (propagated)
   0.000000    1.848817   clock reconvergence pessimism
               1.848817 ^ _18179_/CLK (gf180mcu_fd_sc_mcu9t5v0__dffq_1)
   0.084069    1.932886   library hold time
               1.932886   data required time
-----------------------------------------------------------------
               1.932886   data required time
              -2.214367   data arrival time
-----------------------------------------------------------------
               0.281481   slack (MET)


Startpoint: _19234_ (rising edge-triggered flip-flop clocked by core_clk)
Endpoint: _18175_ (rising edge-triggered flip-flop clocked by core_clk)
Path Group: core_clk
Path Type: min

      Delay        Time   Description
-----------------------------------------------------------------
   0.000000    0.000000   clock core_clk (rise edge)
   1.015387    1.015387   clock network delay (propagated)
   0.000000    1.015387 ^ _19234_/CLK (gf180mcu_fd_sc_mcu9t5v0__dffrnq_2)
   0.677965    1.693352 v _19234_/Q (gf180mcu_fd_sc_mcu9t5v0__dffrnq_2)
   0.275698    1.969050 ^ _16146_/ZN (gf180mcu_fd_sc_mcu9t5v0__nor2_1)
   0.085577    2.054627 v _16149_/ZN (gf180mcu_fd_sc_mcu9t5v0__aoi211_1)
   0.214003    2.268631 v _16150_/Z (gf180mcu_fd_sc_mcu9t5v0__mux2_2)
   0.000139    2.268769 v _18175_/D (gf180mcu_fd_sc_mcu9t5v0__dffq_1)
               2.268769   data arrival time

   0.000000    0.000000   clock core_clk (rise edge)
   1.860027    1.860027   clock network delay (propagated)
   0.000000    1.860027   clock reconvergence pessimism
               1.860027 ^ _18175_/CLK (gf180mcu_fd_sc_mcu9t5v0__dffq_1)
   0.083775    1.943801   library hold time
               1.943801   data required time
-----------------------------------------------------------------
               1.943801   data required time
              -2.268769   data arrival time
-----------------------------------------------------------------
               0.324968   slack (MET)


