
===========================================================================
report_checks -path_delay min (Hold)
============================================================================
======================= nom_ff_n40C_5v50 Corner ===================================

Startpoint: _223_ (rising edge-triggered flip-flop clocked by clk)
Endpoint: _219_ (rising edge-triggered flip-flop clocked by clk)
Path Group: clk
Path Type: min

Fanout         Cap        Slew       Delay        Time   Description
---------------------------------------------------------------------------------------------
                      0.150000    0.000000    0.000000   clock clk (rise edge)
                                  0.000000    0.000000   clock network delay (ideal)
                      0.150000    0.000000    0.000000 ^ _223_/CLK (gf180mcu_fd_sc_mcu7t5v0__dffrnq_1)
     7    0.045006    0.322544    0.615911    0.615911 v _223_/Q (gf180mcu_fd_sc_mcu7t5v0__dffrnq_1)
                                                         busy_o (net)
                      0.322544    0.000000    0.615911 v _208_/A1 (gf180mcu_fd_sc_mcu7t5v0__nand2_1)
     1    0.004735    0.144868    0.142407    0.758317 ^ _208_/ZN (gf180mcu_fd_sc_mcu7t5v0__nand2_1)
                                                         _098_ (net)
                      0.144868    0.000000    0.758317 ^ _209_/A2 (gf180mcu_fd_sc_mcu7t5v0__aoi21_1)
     1    0.003038    0.078790    0.065258    0.823576 v _209_/ZN (gf180mcu_fd_sc_mcu7t5v0__aoi21_1)
                                                         _003_ (net)
                      0.078790    0.000000    0.823576 v _219_/D (gf180mcu_fd_sc_mcu7t5v0__dffrnq_1)
                                              0.823576   data arrival time

                      0.150000    0.000000    0.000000   clock clk (rise edge)
                                  0.000000    0.000000   clock network delay (ideal)
                                  0.250000    0.250000   clock uncertainty
                                  0.000000    0.250000   clock reconvergence pessimism
                                              0.250000 ^ _219_/CLK (gf180mcu_fd_sc_mcu7t5v0__dffrnq_1)
                                  0.108051    0.358051   library hold time
                                              0.358051   data required time
---------------------------------------------------------------------------------------------
                                              0.358051   data required time
                                             -0.823576   data arrival time
---------------------------------------------------------------------------------------------
                                              0.465524   slack (MET)


Startpoint: _223_ (rising edge-triggered flip-flop clocked by clk)
Endpoint: _220_ (rising edge-triggered flip-flop clocked by clk)
Path Group: clk
Path Type: min

Fanout         Cap        Slew       Delay        Time   Description
---------------------------------------------------------------------------------------------
                      0.150000    0.000000    0.000000   clock clk (rise edge)
                                  0.000000    0.000000   clock network delay (ideal)
                      0.150000    0.000000    0.000000 ^ _223_/CLK (gf180mcu_fd_sc_mcu7t5v0__dffrnq_1)
     7    0.045006    0.322544    0.615911    0.615911 v _223_/Q (gf180mcu_fd_sc_mcu7t5v0__dffrnq_1)
                                                         busy_o (net)
                      0.322544    0.000000    0.615911 v _211_/A1 (gf180mcu_fd_sc_mcu7t5v0__nand3_1)
     1    0.004486    0.154973    0.157616    0.773527 ^ _211_/ZN (gf180mcu_fd_sc_mcu7t5v0__nand3_1)
                                                         _100_ (net)
                      0.154973    0.000000    0.773527 ^ _212_/A2 (gf180mcu_fd_sc_mcu7t5v0__nand2_1)
     1    0.003038    0.079802    0.062405    0.835932 v _212_/ZN (gf180mcu_fd_sc_mcu7t5v0__nand2_1)
                                                         _004_ (net)
                      0.079802    0.000000    0.835932 v _220_/D (gf180mcu_fd_sc_mcu7t5v0__dffrnq_1)
                                              0.835932   data arrival time

                      0.150000    0.000000    0.000000   clock clk (rise edge)
                                  0.000000    0.000000   clock network delay (ideal)
                                  0.250000    0.250000   clock uncertainty
                                  0.000000    0.250000   clock reconvergence pessimism
                                              0.250000 ^ _220_/CLK (gf180mcu_fd_sc_mcu7t5v0__dffrnq_1)
                                  0.107814    0.357814   library hold time
                                              0.357814   data required time
---------------------------------------------------------------------------------------------
                                              0.357814   data required time
                                             -0.835932   data arrival time
---------------------------------------------------------------------------------------------
                                              0.478118   slack (MET)


Startpoint: _223_ (rising edge-triggered flip-flop clocked by clk)
Endpoint: _224_ (rising edge-triggered flip-flop clocked by clk)
Path Group: clk
Path Type: min

Fanout         Cap        Slew       Delay        Time   Description
---------------------------------------------------------------------------------------------
                      0.150000    0.000000    0.000000   clock clk (rise edge)
                                  0.000000    0.000000   clock network delay (ideal)
                      0.150000    0.000000    0.000000 ^ _223_/CLK (gf180mcu_fd_sc_mcu7t5v0__dffrnq_1)
     7    0.045006    0.322544    0.615911    0.615911 v _223_/Q (gf180mcu_fd_sc_mcu7t5v0__dffrnq_1)
                                                         busy_o (net)
                      0.322544    0.000000    0.615911 v _109_/I (gf180mcu_fd_sc_mcu7t5v0__clkinv_1)
     1    0.004447    0.132069    0.115623    0.731534 ^ _109_/ZN (gf180mcu_fd_sc_mcu7t5v0__clkinv_1)
                                                         _011_ (net)
                      0.132069    0.000000    0.731534 ^ _114_/A1 (gf180mcu_fd_sc_mcu7t5v0__nor2_1)
     4    0.013129    0.153563    0.124283    0.855817 v _114_/ZN (gf180mcu_fd_sc_mcu7t5v0__nor2_1)
                                                         _002_ (net)
                      0.153563    0.000000    0.855817 v _224_/D (gf180mcu_fd_sc_mcu7t5v0__dffrnq_1)
                                              0.855817   data arrival time

                      0.150000    0.000000    0.000000   clock clk (rise edge)
                                  0.000000    0.000000   clock network delay (ideal)
                                  0.250000    0.250000   clock uncertainty
                                  0.000000    0.250000   clock reconvergence pessimism
                                              0.250000 ^ _224_/CLK (gf180mcu_fd_sc_mcu7t5v0__dffrnq_1)
                                  0.092020    0.342020   library hold time
                                              0.342020   data required time
---------------------------------------------------------------------------------------------
                                              0.342020   data required time
                                             -0.855817   data arrival time
---------------------------------------------------------------------------------------------
                                              0.513797   slack (MET)


Startpoint: _223_ (rising edge-triggered flip-flop clocked by clk)
Endpoint: _222_ (rising edge-triggered flip-flop clocked by clk)
Path Group: clk
Path Type: min

Fanout         Cap        Slew       Delay        Time   Description
---------------------------------------------------------------------------------------------
                      0.150000    0.000000    0.000000   clock clk (rise edge)
                                  0.000000    0.000000   clock network delay (ideal)
                      0.150000    0.000000    0.000000 ^ _223_/CLK (gf180mcu_fd_sc_mcu7t5v0__dffrnq_1)
     7    0.045006    0.322544    0.615911    0.615911 v _223_/Q (gf180mcu_fd_sc_mcu7t5v0__dffrnq_1)
                                                         busy_o (net)
                      0.322544    0.000000    0.615911 v _213_/A1 (gf180mcu_fd_sc_mcu7t5v0__aoi21_1)
     2    0.008345    0.218978    0.225687    0.841598 ^ _213_/ZN (gf180mcu_fd_sc_mcu7t5v0__aoi21_1)
                                                         _101_ (net)
                      0.218978    0.000000    0.841598 ^ _218_/A1 (gf180mcu_fd_sc_mcu7t5v0__nor2_1)
     1    0.003038    0.093544    0.068847    0.910445 v _218_/ZN (gf180mcu_fd_sc_mcu7t5v0__nor2_1)
                                                         _006_ (net)
                      0.093544    0.000000    0.910445 v _222_/D (gf180mcu_fd_sc_mcu7t5v0__dffrnq_1)
                                              0.910445   data arrival time

                      0.150000    0.000000    0.000000   clock clk (rise edge)
                                  0.000000    0.000000   clock network delay (ideal)
                                  0.250000    0.250000   clock uncertainty
                                  0.000000    0.250000   clock reconvergence pessimism
                                              0.250000 ^ _222_/CLK (gf180mcu_fd_sc_mcu7t5v0__dffrnq_1)
                                  0.104593    0.354593   library hold time
                                              0.354593   data required time
---------------------------------------------------------------------------------------------
                                              0.354593   data required time
                                             -0.910445   data arrival time
---------------------------------------------------------------------------------------------
                                              0.555852   slack (MET)


Startpoint: _220_ (rising edge-triggered flip-flop clocked by clk)
Endpoint: _221_ (rising edge-triggered flip-flop clocked by clk)
Path Group: clk
Path Type: min

Fanout         Cap        Slew       Delay        Time   Description
---------------------------------------------------------------------------------------------
                      0.150000    0.000000    0.000000   clock clk (rise edge)
                                  0.000000    0.000000   clock network delay (ideal)
                      0.150000    0.000000    0.000000 ^ _220_/CLK (gf180mcu_fd_sc_mcu7t5v0__dffrnq_1)
    15    0.062518    0.436815    0.686268    0.686268 v _220_/Q (gf180mcu_fd_sc_mcu7t5v0__dffrnq_1)
                                                         byte_index[1] (net)
                      0.436815    0.000000    0.686268 v _215_/A1 (gf180mcu_fd_sc_mcu7t5v0__nand2_1)
     1    0.004457    0.130077    0.163427    0.849694 ^ _215_/ZN (gf180mcu_fd_sc_mcu7t5v0__nand2_1)
                                                         _103_ (net)
                      0.130077    0.000000    0.849694 ^ _216_/A2 (gf180mcu_fd_sc_mcu7t5v0__aoi211_1)
     1    0.003038    0.091129    0.079016    0.928711 v _216_/ZN (gf180mcu_fd_sc_mcu7t5v0__aoi211_1)
                                                         _005_ (net)
                      0.091129    0.000000    0.928711 v _221_/D (gf180mcu_fd_sc_mcu7t5v0__dffrnq_1)
                                              0.928711   data arrival time

                      0.150000    0.000000    0.000000   clock clk (rise edge)
                                  0.000000    0.000000   clock network delay (ideal)
                                  0.250000    0.250000   clock uncertainty
                                  0.000000    0.250000   clock reconvergence pessimism
                                              0.250000 ^ _221_/CLK (gf180mcu_fd_sc_mcu7t5v0__dffrnq_1)
                                  0.105159    0.355159   library hold time
                                              0.355159   data required time
---------------------------------------------------------------------------------------------
                                              0.355159   data required time
                                             -0.928711   data arrival time
---------------------------------------------------------------------------------------------
                                              0.573551   slack (MET)


Startpoint: _223_ (rising edge-triggered flip-flop clocked by clk)
Endpoint: _223_ (rising edge-triggered flip-flop clocked by clk)
Path Group: clk
Path Type: min

Fanout         Cap        Slew       Delay        Time   Description
---------------------------------------------------------------------------------------------
                      0.150000    0.000000    0.000000   clock clk (rise edge)
                                  0.000000    0.000000   clock network delay (ideal)
                      0.150000    0.000000    0.000000 ^ _223_/CLK (gf180mcu_fd_sc_mcu7t5v0__dffrnq_1)
     7    0.045006    0.322544    0.615911    0.615911 v _223_/Q (gf180mcu_fd_sc_mcu7t5v0__dffrnq_1)
                                                         busy_o (net)
                      0.322544    0.000000    0.615911 v _115_/B (gf180mcu_fd_sc_mcu7t5v0__aoi21_1)
     5    0.020794    0.389850    0.297423    0.913334 ^ _115_/ZN (gf180mcu_fd_sc_mcu7t5v0__aoi21_1)
                                                         _016_ (net)
                      0.389850    0.000000    0.913334 ^ _116_/A2 (gf180mcu_fd_sc_mcu7t5v0__nor2_1)
     1    0.003038    0.113742    0.097569    1.010903 v _116_/ZN (gf180mcu_fd_sc_mcu7t5v0__nor2_1)
                                                         _000_ (net)
                      0.113742    0.000000    1.010903 v _223_/D (gf180mcu_fd_sc_mcu7t5v0__dffrnq_1)
                                              1.010903   data arrival time

                      0.150000    0.000000    0.000000   clock clk (rise edge)
                                  0.000000    0.000000   clock network delay (ideal)
                                  0.250000    0.250000   clock uncertainty
                                  0.000000    0.250000   clock reconvergence pessimism
                                              0.250000 ^ _223_/CLK (gf180mcu_fd_sc_mcu7t5v0__dffrnq_1)
                                  0.100236    0.350236   library hold time
                                              0.350236   data required time
---------------------------------------------------------------------------------------------
                                              0.350236   data required time
                                             -1.010903   data arrival time
---------------------------------------------------------------------------------------------
                                              0.660667   slack (MET)


Startpoint: _223_ (rising edge-triggered flip-flop clocked by clk)
Endpoint: _225_ (rising edge-triggered flip-flop clocked by clk)
Path Group: clk
Path Type: min

Fanout         Cap        Slew       Delay        Time   Description
---------------------------------------------------------------------------------------------
                      0.150000    0.000000    0.000000   clock clk (rise edge)
                                  0.000000    0.000000   clock network delay (ideal)
                      0.150000    0.000000    0.000000 ^ _223_/CLK (gf180mcu_fd_sc_mcu7t5v0__dffrnq_1)
     7    0.045006    0.322544    0.615911    0.615911 v _223_/Q (gf180mcu_fd_sc_mcu7t5v0__dffrnq_1)
                                                         busy_o (net)
                      0.322544    0.000000    0.615911 v _109_/I (gf180mcu_fd_sc_mcu7t5v0__clkinv_1)
     1    0.004447    0.132069    0.115623    0.731534 ^ _109_/ZN (gf180mcu_fd_sc_mcu7t5v0__clkinv_1)
                                                         _011_ (net)
                      0.132069    0.000000    0.731534 ^ _114_/A1 (gf180mcu_fd_sc_mcu7t5v0__nor2_1)
     4    0.013129    0.153563    0.124283    0.855817 v _114_/ZN (gf180mcu_fd_sc_mcu7t5v0__nor2_1)
                                                         _002_ (net)
                      0.153563    0.000000    0.855817 v _118_/A2 (gf180mcu_fd_sc_mcu7t5v0__and2_1)
     1    0.003038    0.063420    0.182312    1.038129 v _118_/Z (gf180mcu_fd_sc_mcu7t5v0__and2_1)
                                                         _001_ (net)
                      0.063420    0.000000    1.038129 v _225_/D (gf180mcu_fd_sc_mcu7t5v0__dffrnq_1)
                                              1.038129   data arrival time

                      0.150000    0.000000    0.000000   clock clk (rise edge)
                                  0.000000    0.000000   clock network delay (ideal)
                                  0.250000    0.250000   clock uncertainty
                                  0.000000    0.250000   clock reconvergence pessimism
                                              0.250000 ^ _225_/CLK (gf180mcu_fd_sc_mcu7t5v0__dffrnq_1)
                                  0.111654    0.361654   library hold time
                                              0.361654   data required time
---------------------------------------------------------------------------------------------
                                              0.361654   data required time
                                             -1.038129   data arrival time
---------------------------------------------------------------------------------------------
                                              0.676475   slack (MET)


Startpoint: rst_n (input port clocked by clk)
Endpoint: _219_ (removal check against rising-edge clock clk)
Path Group: asynchronous
Path Type: min

Fanout         Cap        Slew       Delay        Time   Description
---------------------------------------------------------------------------------------------
                      0.150000    0.000000    0.000000   clock clk (rise edge)
                                  0.000000    0.000000   clock network delay (ideal)
                                  3.200000    3.200000 ^ input external delay
     7    0.051247    0.165017    0.085373    3.285373 ^ rst_n (in)
                                                         rst_n (net)
                      0.165017    0.000000    3.285373 ^ _219_/RN (gf180mcu_fd_sc_mcu7t5v0__dffrnq_1)
                                              3.285373   data arrival time

                      0.150000    0.000000    0.000000   clock clk (rise edge)
                                  0.000000    0.000000   clock network delay (ideal)
                                  0.250000    0.250000   clock uncertainty
                                  0.000000    0.250000   clock reconvergence pessimism
                                              0.250000 ^ _219_/CLK (gf180mcu_fd_sc_mcu7t5v0__dffrnq_1)
                                  0.233613    0.483613   library removal time
                                              0.483613   data required time
---------------------------------------------------------------------------------------------
                                              0.483613   data required time
                                             -3.285373   data arrival time
---------------------------------------------------------------------------------------------
                                              2.801760   slack (MET)


Startpoint: rst_n (input port clocked by clk)
Endpoint: _220_ (removal check against rising-edge clock clk)
Path Group: asynchronous
Path Type: min

Fanout         Cap        Slew       Delay        Time   Description
---------------------------------------------------------------------------------------------
                      0.150000    0.000000    0.000000   clock clk (rise edge)
                                  0.000000    0.000000   clock network delay (ideal)
                                  3.200000    3.200000 ^ input external delay
     7    0.051247    0.165017    0.085373    3.285373 ^ rst_n (in)
                                                         rst_n (net)
                      0.165017    0.000000    3.285373 ^ _220_/RN (gf180mcu_fd_sc_mcu7t5v0__dffrnq_1)
                                              3.285373   data arrival time

                      0.150000    0.000000    0.000000   clock clk (rise edge)
                                  0.000000    0.000000   clock network delay (ideal)
                                  0.250000    0.250000   clock uncertainty
                                  0.000000    0.250000   clock reconvergence pessimism
                                              0.250000 ^ _220_/CLK (gf180mcu_fd_sc_mcu7t5v0__dffrnq_1)
                                  0.233613    0.483613   library removal time
                                              0.483613   data required time
---------------------------------------------------------------------------------------------
                                              0.483613   data required time
                                             -3.285373   data arrival time
---------------------------------------------------------------------------------------------
                                              2.801760   slack (MET)


Startpoint: rst_n (input port clocked by clk)
Endpoint: _221_ (removal check against rising-edge clock clk)
Path Group: asynchronous
Path Type: min

Fanout         Cap        Slew       Delay        Time   Description
---------------------------------------------------------------------------------------------
                      0.150000    0.000000    0.000000   clock clk (rise edge)
                                  0.000000    0.000000   clock network delay (ideal)
                                  3.200000    3.200000 ^ input external delay
     7    0.051247    0.165017    0.085373    3.285373 ^ rst_n (in)
                                                         rst_n (net)
                      0.165017    0.000000    3.285373 ^ _221_/RN (gf180mcu_fd_sc_mcu7t5v0__dffrnq_1)
                                              3.285373   data arrival time

                      0.150000    0.000000    0.000000   clock clk (rise edge)
                                  0.000000    0.000000   clock network delay (ideal)
                                  0.250000    0.250000   clock uncertainty
                                  0.000000    0.250000   clock reconvergence pessimism
                                              0.250000 ^ _221_/CLK (gf180mcu_fd_sc_mcu7t5v0__dffrnq_1)
                                  0.233613    0.483613   library removal time
                                              0.483613   data required time
---------------------------------------------------------------------------------------------
                                              0.483613   data required time
                                             -3.285373   data arrival time
---------------------------------------------------------------------------------------------
                                              2.801760   slack (MET)


Startpoint: rst_n (input port clocked by clk)
Endpoint: _222_ (removal check against rising-edge clock clk)
Path Group: asynchronous
Path Type: min

Fanout         Cap        Slew       Delay        Time   Description
---------------------------------------------------------------------------------------------
                      0.150000    0.000000    0.000000   clock clk (rise edge)
                                  0.000000    0.000000   clock network delay (ideal)
                                  3.200000    3.200000 ^ input external delay
     7    0.051247    0.165017    0.085373    3.285373 ^ rst_n (in)
                                                         rst_n (net)
                      0.165017    0.000000    3.285373 ^ _222_/RN (gf180mcu_fd_sc_mcu7t5v0__dffrnq_1)
                                              3.285373   data arrival time

                      0.150000    0.000000    0.000000   clock clk (rise edge)
                                  0.000000    0.000000   clock network delay (ideal)
                                  0.250000    0.250000   clock uncertainty
                                  0.000000    0.250000   clock reconvergence pessimism
                                              0.250000 ^ _222_/CLK (gf180mcu_fd_sc_mcu7t5v0__dffrnq_1)
                                  0.233613    0.483613   library removal time
                                              0.483613   data required time
---------------------------------------------------------------------------------------------
                                              0.483613   data required time
                                             -3.285373   data arrival time
---------------------------------------------------------------------------------------------
                                              2.801760   slack (MET)


Startpoint: rst_n (input port clocked by clk)
Endpoint: _223_ (removal check against rising-edge clock clk)
Path Group: asynchronous
Path Type: min

Fanout         Cap        Slew       Delay        Time   Description
---------------------------------------------------------------------------------------------
                      0.150000    0.000000    0.000000   clock clk (rise edge)
                                  0.000000    0.000000   clock network delay (ideal)
                                  3.200000    3.200000 ^ input external delay
     7    0.051247    0.165017    0.085373    3.285373 ^ rst_n (in)
                                                         rst_n (net)
                      0.165017    0.000000    3.285373 ^ _223_/RN (gf180mcu_fd_sc_mcu7t5v0__dffrnq_1)
                                              3.285373   data arrival time

                      0.150000    0.000000    0.000000   clock clk (rise edge)
                                  0.000000    0.000000   clock network delay (ideal)
                                  0.250000    0.250000   clock uncertainty
                                  0.000000    0.250000   clock reconvergence pessimism
                                              0.250000 ^ _223_/CLK (gf180mcu_fd_sc_mcu7t5v0__dffrnq_1)
                                  0.233613    0.483613   library removal time
                                              0.483613   data required time
---------------------------------------------------------------------------------------------
                                              0.483613   data required time
                                             -3.285373   data arrival time
---------------------------------------------------------------------------------------------
                                              2.801760   slack (MET)


Startpoint: rst_n (input port clocked by clk)
Endpoint: _224_ (removal check against rising-edge clock clk)
Path Group: asynchronous
Path Type: min

Fanout         Cap        Slew       Delay        Time   Description
---------------------------------------------------------------------------------------------
                      0.150000    0.000000    0.000000   clock clk (rise edge)
                                  0.000000    0.000000   clock network delay (ideal)
                                  3.200000    3.200000 ^ input external delay
     7    0.051247    0.165017    0.085373    3.285373 ^ rst_n (in)
                                                         rst_n (net)
                      0.165017    0.000000    3.285373 ^ _224_/RN (gf180mcu_fd_sc_mcu7t5v0__dffrnq_1)
                                              3.285373   data arrival time

                      0.150000    0.000000    0.000000   clock clk (rise edge)
                                  0.000000    0.000000   clock network delay (ideal)
                                  0.250000    0.250000   clock uncertainty
                                  0.000000    0.250000   clock reconvergence pessimism
                                              0.250000 ^ _224_/CLK (gf180mcu_fd_sc_mcu7t5v0__dffrnq_1)
                                  0.233613    0.483613   library removal time
                                              0.483613   data required time
---------------------------------------------------------------------------------------------
                                              0.483613   data required time
                                             -3.285373   data arrival time
---------------------------------------------------------------------------------------------
                                              2.801760   slack (MET)


Startpoint: rst_n (input port clocked by clk)
Endpoint: _225_ (removal check against rising-edge clock clk)
Path Group: asynchronous
Path Type: min

Fanout         Cap        Slew       Delay        Time   Description
---------------------------------------------------------------------------------------------
                      0.150000    0.000000    0.000000   clock clk (rise edge)
                                  0.000000    0.000000   clock network delay (ideal)
                                  3.200000    3.200000 ^ input external delay
     7    0.051247    0.165017    0.085373    3.285373 ^ rst_n (in)
                                                         rst_n (net)
                      0.165017    0.000000    3.285373 ^ _225_/RN (gf180mcu_fd_sc_mcu7t5v0__dffrnq_1)
                                              3.285373   data arrival time

                      0.150000    0.000000    0.000000   clock clk (rise edge)
                                  0.000000    0.000000   clock network delay (ideal)
                                  0.250000    0.250000   clock uncertainty
                                  0.000000    0.250000   clock reconvergence pessimism
                                              0.250000 ^ _225_/CLK (gf180mcu_fd_sc_mcu7t5v0__dffrnq_1)
                                  0.233613    0.483613   library removal time
                                              0.483613   data required time
---------------------------------------------------------------------------------------------
                                              0.483613   data required time
                                             -3.285373   data arrival time
---------------------------------------------------------------------------------------------
                                              2.801760   slack (MET)


Startpoint: _225_ (rising edge-triggered flip-flop clocked by clk)
Endpoint: job_done_o (output port clocked by clk)
Path Group: clk
Path Type: min

Fanout         Cap        Slew       Delay        Time   Description
---------------------------------------------------------------------------------------------
                      0.150000    0.000000    0.000000   clock clk (rise edge)
                                  0.000000    0.000000   clock network delay (ideal)
                      0.150000    0.000000    0.000000 ^ _225_/CLK (gf180mcu_fd_sc_mcu7t5v0__dffrnq_1)
     1    0.020000    0.164886    0.514359    0.514359 v _225_/Q (gf180mcu_fd_sc_mcu7t5v0__dffrnq_1)
                                                         job_done_o (net)
                      0.164886    0.000000    0.514359 v job_done_o (out)
                                              0.514359   data arrival time

                      0.150000    0.000000    0.000000   clock clk (rise edge)
                                  0.000000    0.000000   clock network delay (ideal)
                                  0.250000    0.250000   clock uncertainty
                                  0.000000    0.250000   clock reconvergence pessimism
                                 -3.200000   -2.950000   output external delay
                                             -2.950000   data required time
---------------------------------------------------------------------------------------------
                                             -2.950000   data required time
                                             -0.514359   data arrival time
---------------------------------------------------------------------------------------------
                                              3.464359   slack (MET)


Startpoint: _224_ (rising edge-triggered flip-flop clocked by clk)
Endpoint: transaction_done_o (output port clocked by clk)
Path Group: clk
Path Type: min

Fanout         Cap        Slew       Delay        Time   Description
---------------------------------------------------------------------------------------------
                      0.150000    0.000000    0.000000   clock clk (rise edge)
                                  0.000000    0.000000   clock network delay (ideal)
                      0.150000    0.000000    0.000000 ^ _224_/CLK (gf180mcu_fd_sc_mcu7t5v0__dffrnq_1)
     1    0.020000    0.164886    0.514359    0.514359 v _224_/Q (gf180mcu_fd_sc_mcu7t5v0__dffrnq_1)
                                                         transaction_done_o (net)
                      0.164886    0.000000    0.514359 v transaction_done_o (out)
                                              0.514359   data arrival time

                      0.150000    0.000000    0.000000   clock clk (rise edge)
                                  0.000000    0.000000   clock network delay (ideal)
                                  0.250000    0.250000   clock uncertainty
                                  0.000000    0.250000   clock reconvergence pessimism
                                 -3.200000   -2.950000   output external delay
                                             -2.950000   data required time
---------------------------------------------------------------------------------------------
                                             -2.950000   data required time
                                             -0.514359   data arrival time
---------------------------------------------------------------------------------------------
                                              3.464359   slack (MET)


Startpoint: _223_ (rising edge-triggered flip-flop clocked by clk)
Endpoint: busy_o (output port clocked by clk)
Path Group: clk
Path Type: min

Fanout         Cap        Slew       Delay        Time   Description
---------------------------------------------------------------------------------------------
                      0.150000    0.000000    0.000000   clock clk (rise edge)
                                  0.000000    0.000000   clock network delay (ideal)
                      0.150000    0.000000    0.000000 ^ _223_/CLK (gf180mcu_fd_sc_mcu7t5v0__dffrnq_1)
     7    0.045006    0.322544    0.615911    0.615911 v _223_/Q (gf180mcu_fd_sc_mcu7t5v0__dffrnq_1)
                                                         busy_o (net)
                      0.322544    0.000000    0.615911 v busy_o (out)
                                              0.615911   data arrival time

                      0.150000    0.000000    0.000000   clock clk (rise edge)
                                  0.000000    0.000000   clock network delay (ideal)
                                  0.250000    0.250000   clock uncertainty
                                  0.000000    0.250000   clock reconvergence pessimism
                                 -3.200000   -2.950000   output external delay
                                             -2.950000   data required time
---------------------------------------------------------------------------------------------
                                             -2.950000   data required time
                                             -0.615911   data arrival time
---------------------------------------------------------------------------------------------
                                              3.565911   slack (MET)


Startpoint: _223_ (rising edge-triggered flip-flop clocked by clk)
Endpoint: dout_valid_o (output port clocked by clk)
Path Group: clk
Path Type: min

Fanout         Cap        Slew       Delay        Time   Description
---------------------------------------------------------------------------------------------
                      0.150000    0.000000    0.000000   clock clk (rise edge)
                                  0.000000    0.000000   clock network delay (ideal)
                      0.150000    0.000000    0.000000 ^ _223_/CLK (gf180mcu_fd_sc_mcu7t5v0__dffrnq_1)
     7    0.045006    0.322544    0.615911    0.615911 v _223_/Q (gf180mcu_fd_sc_mcu7t5v0__dffrnq_1)
                                                         busy_o (net)
                      0.322544    0.000000    0.615911 v _226_/I (gf180mcu_fd_sc_mcu7t5v0__buf_1)
     1    0.020000    0.168690    0.302974    0.918884 v _226_/Z (gf180mcu_fd_sc_mcu7t5v0__buf_1)
                                                         dout_valid_o (net)
                      0.168690    0.000000    0.918884 v dout_valid_o (out)
                                              0.918884   data arrival time

                      0.150000    0.000000    0.000000   clock clk (rise edge)
                                  0.000000    0.000000   clock network delay (ideal)
                                  0.250000    0.250000   clock uncertainty
                                  0.000000    0.250000   clock reconvergence pessimism
                                 -3.200000   -2.950000   output external delay
                                             -2.950000   data required time
---------------------------------------------------------------------------------------------
                                             -2.950000   data required time
                                             -0.918884   data arrival time
---------------------------------------------------------------------------------------------
                                              3.868884   slack (MET)


Startpoint: _223_ (rising edge-triggered flip-flop clocked by clk)
Endpoint: result_ready_o (output port clocked by clk)
Path Group: clk
Path Type: min

Fanout         Cap        Slew       Delay        Time   Description
---------------------------------------------------------------------------------------------
                      0.150000    0.000000    0.000000   clock clk (rise edge)
                                  0.000000    0.000000   clock network delay (ideal)
                      0.150000    0.000000    0.000000 ^ _223_/CLK (gf180mcu_fd_sc_mcu7t5v0__dffrnq_1)
     7    0.045006    0.322544    0.615911    0.615911 v _223_/Q (gf180mcu_fd_sc_mcu7t5v0__dffrnq_1)
                                                         busy_o (net)
                      0.322544    0.000000    0.615911 v _109_/I (gf180mcu_fd_sc_mcu7t5v0__clkinv_1)
     1    0.004447    0.132069    0.115623    0.731534 ^ _109_/ZN (gf180mcu_fd_sc_mcu7t5v0__clkinv_1)
                                                         _011_ (net)
                      0.132069    0.000000    0.731534 ^ _114_/A1 (gf180mcu_fd_sc_mcu7t5v0__nor2_1)
     4    0.013129    0.153563    0.124283    0.855817 v _114_/ZN (gf180mcu_fd_sc_mcu7t5v0__nor2_1)
                                                         _002_ (net)
                      0.153563    0.000000    0.855817 v _117_/A2 (gf180mcu_fd_sc_mcu7t5v0__and2_1)
     1    0.020000    0.165805    0.263060    1.118877 v _117_/Z (gf180mcu_fd_sc_mcu7t5v0__and2_1)
                                                         result_ready_o (net)
                      0.165805    0.000000    1.118877 v result_ready_o (out)
                                              1.118877   data arrival time

                      0.150000    0.000000    0.000000   clock clk (rise edge)
                                  0.000000    0.000000   clock network delay (ideal)
                                  0.250000    0.250000   clock uncertainty
                                  0.000000    0.250000   clock reconvergence pessimism
                                 -3.200000   -2.950000   output external delay
                                             -2.950000   data required time
---------------------------------------------------------------------------------------------
                                             -2.950000   data required time
                                             -1.118877   data arrival time
---------------------------------------------------------------------------------------------
                                              4.068877   slack (MET)


Startpoint: _222_ (rising edge-triggered flip-flop clocked by clk)
Endpoint: dout_o[3] (output port clocked by clk)
Path Group: clk
Path Type: min

Fanout         Cap        Slew       Delay        Time   Description
---------------------------------------------------------------------------------------------
                      0.150000    0.000000    0.000000   clock clk (rise edge)
                                  0.000000    0.000000   clock network delay (ideal)
                      0.150000    0.000000    0.000000 ^ _222_/CLK (gf180mcu_fd_sc_mcu7t5v0__dffrnq_1)
    11    0.044434    0.318824    0.613613    0.613613 v _222_/Q (gf180mcu_fd_sc_mcu7t5v0__dffrnq_1)
                                                         byte_index[3] (net)
                      0.318824    0.000000    0.613613 v _129_/A1 (gf180mcu_fd_sc_mcu7t5v0__nor3_1)
     8    0.038036    1.137675    0.689335    1.302948 ^ _129_/ZN (gf180mcu_fd_sc_mcu7t5v0__nor3_1)
                                                         _027_ (net)
                      1.137675    0.000000    1.302948 ^ _163_/A2 (gf180mcu_fd_sc_mcu7t5v0__aoi22_1)
     1    0.004056    0.074859    0.006379    1.309326 v _163_/ZN (gf180mcu_fd_sc_mcu7t5v0__aoi22_1)
                                                         _058_ (net)
                      0.074859    0.000000    1.309326 v _171_/A1 (gf180mcu_fd_sc_mcu7t5v0__nand4_1)
     1    0.020000    0.383219    0.252102    1.561428 ^ _171_/ZN (gf180mcu_fd_sc_mcu7t5v0__nand4_1)
                                                         dout_o[3] (net)
                      0.383219    0.000000    1.561428 ^ dout_o[3] (out)
                                              1.561428   data arrival time

                      0.150000    0.000000    0.000000   clock clk (rise edge)
                                  0.000000    0.000000   clock network delay (ideal)
                                  0.250000    0.250000   clock uncertainty
                                  0.000000    0.250000   clock reconvergence pessimism
                                 -3.200000   -2.950000   output external delay
                                             -2.950000   data required time
---------------------------------------------------------------------------------------------
                                             -2.950000   data required time
                                             -1.561428   data arrival time
---------------------------------------------------------------------------------------------
                                              4.511428   slack (MET)


Startpoint: _222_ (rising edge-triggered flip-flop clocked by clk)
Endpoint: dout_o[2] (output port clocked by clk)
Path Group: clk
Path Type: min

Fanout         Cap        Slew       Delay        Time   Description
---------------------------------------------------------------------------------------------
                      0.150000    0.000000    0.000000   clock clk (rise edge)
                                  0.000000    0.000000   clock network delay (ideal)
                      0.150000    0.000000    0.000000 ^ _222_/CLK (gf180mcu_fd_sc_mcu7t5v0__dffrnq_1)
    11    0.044434    0.318824    0.613613    0.613613 v _222_/Q (gf180mcu_fd_sc_mcu7t5v0__dffrnq_1)
                                                         byte_index[3] (net)
                      0.318824    0.000000    0.613613 v _129_/A1 (gf180mcu_fd_sc_mcu7t5v0__nor3_1)
     8    0.038036    1.137675    0.689335    1.302948 ^ _129_/ZN (gf180mcu_fd_sc_mcu7t5v0__nor3_1)
                                                         _027_ (net)
                      1.137675    0.000000    1.302948 ^ _155_/A2 (gf180mcu_fd_sc_mcu7t5v0__aoi22_1)
     1    0.003985    0.074177    0.005450    1.308398 v _155_/ZN (gf180mcu_fd_sc_mcu7t5v0__aoi22_1)
                                                         _051_ (net)
                      0.074177    0.000000    1.308398 v _162_/A2 (gf180mcu_fd_sc_mcu7t5v0__nand4_1)
     1    0.020000    0.383219    0.269344    1.577742 ^ _162_/ZN (gf180mcu_fd_sc_mcu7t5v0__nand4_1)
                                                         dout_o[2] (net)
                      0.383219    0.000000    1.577742 ^ dout_o[2] (out)
                                              1.577742   data arrival time

                      0.150000    0.000000    0.000000   clock clk (rise edge)
                                  0.000000    0.000000   clock network delay (ideal)
                                  0.250000    0.250000   clock uncertainty
                                  0.000000    0.250000   clock reconvergence pessimism
                                 -3.200000   -2.950000   output external delay
                                             -2.950000   data required time
---------------------------------------------------------------------------------------------
                                             -2.950000   data required time
                                             -1.577742   data arrival time
---------------------------------------------------------------------------------------------
                                              4.527742   slack (MET)


Startpoint: _222_ (rising edge-triggered flip-flop clocked by clk)
Endpoint: dout_o[4] (output port clocked by clk)
Path Group: clk
Path Type: min

Fanout         Cap        Slew       Delay        Time   Description
---------------------------------------------------------------------------------------------
                      0.150000    0.000000    0.000000   clock clk (rise edge)
                                  0.000000    0.000000   clock network delay (ideal)
                      0.150000    0.000000    0.000000 ^ _222_/CLK (gf180mcu_fd_sc_mcu7t5v0__dffrnq_1)
    11    0.044434    0.318824    0.613613    0.613613 v _222_/Q (gf180mcu_fd_sc_mcu7t5v0__dffrnq_1)
                                                         byte_index[3] (net)
                      0.318824    0.000000    0.613613 v _119_/A1 (gf180mcu_fd_sc_mcu7t5v0__nand2_1)
     3    0.012171    0.216107    0.199677    0.813290 ^ _119_/ZN (gf180mcu_fd_sc_mcu7t5v0__nand2_1)
                                                         _017_ (net)
                      0.216107    0.000000    0.813290 ^ _134_/A3 (gf180mcu_fd_sc_mcu7t5v0__nor3_1)
     8    0.037296    0.468487    0.346457    1.159746 v _134_/ZN (gf180mcu_fd_sc_mcu7t5v0__nor3_1)
                                                         _032_ (net)
                      0.468487    0.000000    1.159746 v _172_/B1 (gf180mcu_fd_sc_mcu7t5v0__aoi22_1)
     1    0.004056    0.117037    0.199009    1.358756 ^ _172_/ZN (gf180mcu_fd_sc_mcu7t5v0__aoi22_1)
                                                         _066_ (net)
                      0.117037    0.000000    1.358756 ^ _180_/A1 (gf180mcu_fd_sc_mcu7t5v0__nand4_1)
     1    0.020000    0.396817    0.240359    1.599115 v _180_/ZN (gf180mcu_fd_sc_mcu7t5v0__nand4_1)
                                                         dout_o[4] (net)
                      0.396817    0.000000    1.599115 v dout_o[4] (out)
                                              1.599115   data arrival time

                      0.150000    0.000000    0.000000   clock clk (rise edge)
                                  0.000000    0.000000   clock network delay (ideal)
                                  0.250000    0.250000   clock uncertainty
                                  0.000000    0.250000   clock reconvergence pessimism
                                 -3.200000   -2.950000   output external delay
                                             -2.950000   data required time
---------------------------------------------------------------------------------------------
                                             -2.950000   data required time
                                             -1.599115   data arrival time
---------------------------------------------------------------------------------------------
                                              4.549115   slack (MET)


Startpoint: _222_ (rising edge-triggered flip-flop clocked by clk)
Endpoint: dout_o[1] (output port clocked by clk)
Path Group: clk
Path Type: min

Fanout         Cap        Slew       Delay        Time   Description
---------------------------------------------------------------------------------------------
                      0.150000    0.000000    0.000000   clock clk (rise edge)
                                  0.000000    0.000000   clock network delay (ideal)
                      0.150000    0.000000    0.000000 ^ _222_/CLK (gf180mcu_fd_sc_mcu7t5v0__dffrnq_1)
    11    0.044434    0.318824    0.613613    0.613613 v _222_/Q (gf180mcu_fd_sc_mcu7t5v0__dffrnq_1)
                                                         byte_index[3] (net)
                      0.318824    0.000000    0.613613 v _119_/A1 (gf180mcu_fd_sc_mcu7t5v0__nand2_1)
     3    0.012171    0.216107    0.199677    0.813290 ^ _119_/ZN (gf180mcu_fd_sc_mcu7t5v0__nand2_1)
                                                         _017_ (net)
                      0.216107    0.000000    0.813290 ^ _134_/A3 (gf180mcu_fd_sc_mcu7t5v0__nor3_1)
     8    0.037296    0.468487    0.346457    1.159746 v _134_/ZN (gf180mcu_fd_sc_mcu7t5v0__nor3_1)
                                                         _032_ (net)
                      0.468487    0.000000    1.159746 v _146_/B1 (gf180mcu_fd_sc_mcu7t5v0__aoi22_1)
     1    0.003985    0.115993    0.198291    1.358037 ^ _146_/ZN (gf180mcu_fd_sc_mcu7t5v0__aoi22_1)
                                                         _043_ (net)
                      0.115993    0.000000    1.358037 ^ _153_/A2 (gf180mcu_fd_sc_mcu7t5v0__nand4_1)
     1    0.020000    0.396817    0.251796    1.609833 v _153_/ZN (gf180mcu_fd_sc_mcu7t5v0__nand4_1)
                                                         dout_o[1] (net)
                      0.396817    0.000000    1.609833 v dout_o[1] (out)
                                              1.609833   data arrival time

                      0.150000    0.000000    0.000000   clock clk (rise edge)
                                  0.000000    0.000000   clock network delay (ideal)
                                  0.250000    0.250000   clock uncertainty
                                  0.000000    0.250000   clock reconvergence pessimism
                                 -3.200000   -2.950000   output external delay
                                             -2.950000   data required time
---------------------------------------------------------------------------------------------
                                             -2.950000   data required time
                                             -1.609833   data arrival time
---------------------------------------------------------------------------------------------
                                              4.559833   slack (MET)


Startpoint: _222_ (rising edge-triggered flip-flop clocked by clk)
Endpoint: dout_o[5] (output port clocked by clk)
Path Group: clk
Path Type: min

Fanout         Cap        Slew       Delay        Time   Description
---------------------------------------------------------------------------------------------
                      0.150000    0.000000    0.000000   clock clk (rise edge)
                                  0.000000    0.000000   clock network delay (ideal)
                      0.150000    0.000000    0.000000 ^ _222_/CLK (gf180mcu_fd_sc_mcu7t5v0__dffrnq_1)
    11    0.044434    0.318824    0.613613    0.613613 v _222_/Q (gf180mcu_fd_sc_mcu7t5v0__dffrnq_1)
                                                         byte_index[3] (net)
                      0.318824    0.000000    0.613613 v _119_/A1 (gf180mcu_fd_sc_mcu7t5v0__nand2_1)
     3    0.012171    0.216107    0.199677    0.813290 ^ _119_/ZN (gf180mcu_fd_sc_mcu7t5v0__nand2_1)
                                                         _017_ (net)
                      0.216107    0.000000    0.813290 ^ _134_/A3 (gf180mcu_fd_sc_mcu7t5v0__nor3_1)
     8    0.037296    0.468487    0.346457    1.159746 v _134_/ZN (gf180mcu_fd_sc_mcu7t5v0__nor3_1)
                                                         _032_ (net)
                      0.468487    0.000000    1.159746 v _182_/B1 (gf180mcu_fd_sc_mcu7t5v0__aoi22_1)
     1    0.003985    0.115993    0.198291    1.358037 ^ _182_/ZN (gf180mcu_fd_sc_mcu7t5v0__aoi22_1)
                                                         _075_ (net)
                      0.115993    0.000000    1.358037 ^ _189_/A2 (gf180mcu_fd_sc_mcu7t5v0__nand4_1)
     1    0.020000    0.396817    0.251796    1.609833 v _189_/ZN (gf180mcu_fd_sc_mcu7t5v0__nand4_1)
                                                         dout_o[5] (net)
                      0.396817    0.000000    1.609833 v dout_o[5] (out)
                                              1.609833   data arrival time

                      0.150000    0.000000    0.000000   clock clk (rise edge)
                                  0.000000    0.000000   clock network delay (ideal)
                                  0.250000    0.250000   clock uncertainty
                                  0.000000    0.250000   clock reconvergence pessimism
                                 -3.200000   -2.950000   output external delay
                                             -2.950000   data required time
---------------------------------------------------------------------------------------------
                                             -2.950000   data required time
                                             -1.609833   data arrival time
---------------------------------------------------------------------------------------------
                                              4.559833   slack (MET)


Startpoint: _222_ (rising edge-triggered flip-flop clocked by clk)
Endpoint: dout_o[6] (output port clocked by clk)
Path Group: clk
Path Type: min

Fanout         Cap        Slew       Delay        Time   Description
---------------------------------------------------------------------------------------------
                      0.150000    0.000000    0.000000   clock clk (rise edge)
                                  0.000000    0.000000   clock network delay (ideal)
                      0.150000    0.000000    0.000000 ^ _222_/CLK (gf180mcu_fd_sc_mcu7t5v0__dffrnq_1)
    11    0.044434    0.318824    0.613613    0.613613 v _222_/Q (gf180mcu_fd_sc_mcu7t5v0__dffrnq_1)
                                                         byte_index[3] (net)
                      0.318824    0.000000    0.613613 v _119_/A1 (gf180mcu_fd_sc_mcu7t5v0__nand2_1)
     3    0.012171    0.216107    0.199677    0.813290 ^ _119_/ZN (gf180mcu_fd_sc_mcu7t5v0__nand2_1)
                                                         _017_ (net)
                      0.216107    0.000000    0.813290 ^ _134_/A3 (gf180mcu_fd_sc_mcu7t5v0__nor3_1)
     8    0.037296    0.468487    0.346457    1.159746 v _134_/ZN (gf180mcu_fd_sc_mcu7t5v0__nor3_1)
                                                         _032_ (net)
                      0.468487    0.000000    1.159746 v _191_/B1 (gf180mcu_fd_sc_mcu7t5v0__aoi22_1)
     1    0.003985    0.115993    0.198291    1.358037 ^ _191_/ZN (gf180mcu_fd_sc_mcu7t5v0__aoi22_1)
                                                         _083_ (net)
                      0.115993    0.000000    1.358037 ^ _198_/A2 (gf180mcu_fd_sc_mcu7t5v0__nand4_1)
     1    0.020000    0.396817    0.251796    1.609833 v _198_/ZN (gf180mcu_fd_sc_mcu7t5v0__nand4_1)
                                                         dout_o[6] (net)
                      0.396817    0.000000    1.609833 v dout_o[6] (out)
                                              1.609833   data arrival time

                      0.150000    0.000000    0.000000   clock clk (rise edge)
                                  0.000000    0.000000   clock network delay (ideal)
                                  0.250000    0.250000   clock uncertainty
                                  0.000000    0.250000   clock reconvergence pessimism
                                 -3.200000   -2.950000   output external delay
                                             -2.950000   data required time
---------------------------------------------------------------------------------------------
                                             -2.950000   data required time
                                             -1.609833   data arrival time
---------------------------------------------------------------------------------------------
                                              4.559833   slack (MET)


Startpoint: _219_ (rising edge-triggered flip-flop clocked by clk)
Endpoint: dout_o[0] (output port clocked by clk)
Path Group: clk
Path Type: min

Fanout         Cap        Slew       Delay        Time   Description
---------------------------------------------------------------------------------------------
                      0.150000    0.000000    0.000000   clock clk (rise edge)
                                  0.000000    0.000000   clock network delay (ideal)
                      0.150000    0.000000    0.000000 ^ _219_/CLK (gf180mcu_fd_sc_mcu7t5v0__dffrnq_1)
    11    0.048844    0.347505    0.631328    0.631328 v _219_/Q (gf180mcu_fd_sc_mcu7t5v0__dffrnq_1)
                                                         byte_index[0] (net)
                      0.347505    0.000000    0.631328 v _127_/A1 (gf180mcu_fd_sc_mcu7t5v0__nand2_1)
     3    0.012171    0.221944    0.207385    0.838713 ^ _127_/ZN (gf180mcu_fd_sc_mcu7t5v0__nand2_1)
                                                         _025_ (net)
                      0.221944    0.000000    0.838713 ^ _135_/A3 (gf180mcu_fd_sc_mcu7t5v0__nor3_1)
     8    0.037043    0.440002    0.345868    1.184581 v _135_/ZN (gf180mcu_fd_sc_mcu7t5v0__nor3_1)
                                                         _033_ (net)
                      0.440002    0.000000    1.184581 v _137_/B1 (gf180mcu_fd_sc_mcu7t5v0__aoi22_1)
     1    0.003985    0.115993    0.193148    1.377729 ^ _137_/ZN (gf180mcu_fd_sc_mcu7t5v0__aoi22_1)
                                                         _035_ (net)
                      0.115993    0.000000    1.377729 ^ _144_/A2 (gf180mcu_fd_sc_mcu7t5v0__nand4_1)
     1    0.020000    0.396817    0.251796    1.629525 v _144_/ZN (gf180mcu_fd_sc_mcu7t5v0__nand4_1)
                                                         dout_o[0] (net)
                      0.396817    0.000000    1.629525 v dout_o[0] (out)
                                              1.629525   data arrival time

                      0.150000    0.000000    0.000000   clock clk (rise edge)
                                  0.000000    0.000000   clock network delay (ideal)
                                  0.250000    0.250000   clock uncertainty
                                  0.000000    0.250000   clock reconvergence pessimism
                                 -3.200000   -2.950000   output external delay
                                             -2.950000   data required time
---------------------------------------------------------------------------------------------
                                             -2.950000   data required time
                                             -1.629525   data arrival time
---------------------------------------------------------------------------------------------
                                              4.579525   slack (MET)


Startpoint: _219_ (rising edge-triggered flip-flop clocked by clk)
Endpoint: dout_o[7] (output port clocked by clk)
Path Group: clk
Path Type: min

Fanout         Cap        Slew       Delay        Time   Description
---------------------------------------------------------------------------------------------
                      0.150000    0.000000    0.000000   clock clk (rise edge)
                                  0.000000    0.000000   clock network delay (ideal)
                      0.150000    0.000000    0.000000 ^ _219_/CLK (gf180mcu_fd_sc_mcu7t5v0__dffrnq_1)
    11    0.048844    0.347505    0.631328    0.631328 v _219_/Q (gf180mcu_fd_sc_mcu7t5v0__dffrnq_1)
                                                         byte_index[0] (net)
                      0.347505    0.000000    0.631328 v _125_/A1 (gf180mcu_fd_sc_mcu7t5v0__nor4_1)
     8    0.037957    1.497271    0.856942    1.488270 ^ _125_/ZN (gf180mcu_fd_sc_mcu7t5v0__nor4_1)
                                                         _023_ (net)
                      1.497271    0.000000    1.488270 ^ _201_/A2 (gf180mcu_fd_sc_mcu7t5v0__aoi22_1)
     1    0.004358    0.077759   -0.028053    1.460217 v _201_/ZN (gf180mcu_fd_sc_mcu7t5v0__aoi22_1)
                                                         _092_ (net)
                      0.077759    0.000000    1.460217 v _206_/A1 (gf180mcu_fd_sc_mcu7t5v0__nand3_1)
     1    0.020000    0.326915    0.217964    1.678181 ^ _206_/ZN (gf180mcu_fd_sc_mcu7t5v0__nand3_1)
                                                         dout_o[7] (net)
                      0.326915    0.000000    1.678181 ^ dout_o[7] (out)
                                              1.678181   data arrival time

                      0.150000    0.000000    0.000000   clock clk (rise edge)
                                  0.000000    0.000000   clock network delay (ideal)
                                  0.250000    0.250000   clock uncertainty
                                  0.000000    0.250000   clock reconvergence pessimism
                                 -3.200000   -2.950000   output external delay
                                             -2.950000   data required time
---------------------------------------------------------------------------------------------
                                             -2.950000   data required time
                                             -1.678181   data arrival time
---------------------------------------------------------------------------------------------
                                              4.628181   slack (MET)



