
===========================================================================
 report_power
============================================================================
======================= nom_tt_025C_5v00 Corner ===================================

Group                    Internal    Switching      Leakage        Total
                            Power        Power        Power        Power (Watts)
------------------------------------------------------------------------
Sequential           6.685528e-02 6.277590e-03 8.623482e-07 7.313374e-02  66.9%
Combinational        2.641048e-02 9.800668e-03 1.211032e-06 3.621236e-02  33.1%
Clock                0.000000e+00 0.000000e+00 0.000000e+00 0.000000e+00   0.0%
Macro                5.268711e-08 0.000000e+00 6.860300e-07 7.387171e-07   0.0%
Pad                  0.000000e+00 0.000000e+00 0.000000e+00 0.000000e+00   0.0%
------------------------------------------------------------------------
Total                9.326624e-02 1.607826e-02 2.759367e-06 1.093473e-01 100.0%
                            85.3%        14.7%         0.0%

