
===========================================================================
 report_power
============================================================================
======================= nom_ss_125C_4v50 Corner ===================================

Group                    Internal    Switching      Leakage        Total
                            Power        Power        Power        Power (Watts)
------------------------------------------------------------------------
Sequential           7.911574e-02 5.232232e-03 2.417310e-06 8.435038e-02  56.9%
Combinational        4.357832e-02 1.942170e-02 6.278935e-06 6.300630e-02  42.5%
Clock                0.000000e+00 0.000000e+00 0.000000e+00 0.000000e+00   0.0%
Macro                7.782386e-04 0.000000e+00 6.893101e-07 7.789279e-04   0.5%
Pad                  0.000000e+00 0.000000e+00 0.000000e+00 0.000000e+00   0.0%
------------------------------------------------------------------------
Total                1.234717e-01 2.465395e-02 9.385585e-06 1.481350e-01 100.0%
                            83.4%        16.6%         0.0%

