+ analyze_power_grid -net VDD -voltage_file /headless/aravindustries-repos/butterfold/butterfold_proto/physical/librelane/runs/butterfold_top_fft64_50mhz_pinaccessfix_gds/52-openroad-irdropreport/net-VDD.csv
[INFO PSM-0040] All shapes on net VDD are connected.
########## IR report #################
Net              : VDD
Corner           : nom_tt_025C_5v00
Total power      : 1.48e-01 W
Supply voltage   : 5.00e+00 V
Worstcase voltage: 5.00e+00 V
Average voltage  : 5.00e+00 V
Average IR drop  : 2.66e-04 V
Worstcase IR drop: 1.48e-03 V
Percentage drop  : 0.03 %
######################################
+ analyze_power_grid -net VSS -voltage_file /headless/aravindustries-repos/butterfold/butterfold_proto/physical/librelane/runs/butterfold_top_fft64_50mhz_pinaccessfix_gds/52-openroad-irdropreport/net-VSS.csv
[INFO PSM-0040] All shapes on net VSS are connected.
########## IR report #################
Net              : VSS
Corner           : nom_tt_025C_5v00
Total power      : 1.48e-01 W
Supply voltage   : 0.00e+00 V
Worstcase voltage: 9.22e-04 V
Average voltage  : 2.66e-04 V
Average IR drop  : 2.66e-04 V
Worstcase IR drop: 9.22e-04 V
Percentage drop  : 0.02 %
######################################
