Clock: core_clk
Sources: clk 
Generated: no
Virtual: yes
Propagated: no
Period: 26.041668

===========================================================================
report_clock_properties
============================================================================
Clock                   Period          Waveform
----------------------------------------------------
core_clk             26.041668    0.000000 13.020834

===========================================================================
report_clock_latency
============================================================================
Clock core_clk
rise -> rise
    min     max
0.000000 0.000000 source latency
0.056549         network latency _19066_/CLK
        1.088761 network latency _19661_/CLK
---------------
0.056549 1.088761 latency
        1.032212 skew

fall -> fall
    min     max
0.000000 0.000000 source latency
0.056549         network latency _19066_/CLK
        1.088761 network latency _19661_/CLK
---------------
0.056549 1.088761 latency
        1.032213 skew



===========================================================================
report_clock_min_period
============================================================================
core_clk period_min = 65.61 fmax = 15.24
