
===========================================================================
Violator List
============================================================================
[hold in-reg] din[3] -> _18781_/D : -1.192519
[hold in-reg] din[4] -> _18782_/D : -1.192516
[hold in-reg] din[5] -> _18783_/D : -1.192339
[hold in-reg] din[6] -> _18784_/D : -1.189716
[hold in-reg] din[3] -> _18742_/D : -1.155002
[hold in-reg] din[2] -> _18741_/D : -1.130855
[hold in-reg] din[6] -> _18745_/D : -1.122547
[hold in-reg] din[5] -> _18744_/D : -1.121348
[hold in-reg] din[0] -> _18739_/D : -1.120834
[hold in-reg] din[4] -> _18743_/D : -1.103843
[hold in-reg] din[6] -> _18625_/D : -1.079604
[hold in-reg] din[1] -> _18628_/D : -1.060978
[hold in-reg] din[6] -> _18661_/D : -1.060801
[hold in-reg] din[5] -> _18624_/D : -1.060725
[hold in-reg] din[2] -> _18629_/D : -1.059724
[hold in-reg] din[5] -> _18632_/D : -1.045232
[hold in-reg] din[3] -> _18630_/D : -1.044093
[hold in-reg] din[4] -> _18631_/D : -1.043673
[hold in-reg] din[6] -> _18633_/D : -1.038897
[hold in-reg] din[4] -> _18659_/D : -1.033664
[hold in-reg] din[4] -> _18623_/D : -1.026995
[hold in-reg] din[6] -> _18727_/D : -1.020157
[hold in-reg] din[1] -> _18620_/D : -1.018241
[hold in-reg] din[1] -> _18740_/D : -1.018024
[hold in-reg] din[5] -> _18660_/D : -1.017365
[hold in-reg] din[2] -> _18621_/D : -1.014323
[hold in-reg] din[7] -> _18634_/D : -1.005681
[hold in-reg] din[7] -> _18626_/D : -1.001006
[hold in-reg] din[3] -> _18724_/D : -0.998528
[hold in-reg] din[7] -> _18662_/D : -0.991481
[hold in-reg] din[7] -> _18746_/D : -0.965134
[hold in-reg] din[3] -> _18658_/D : -0.939275
[hold in-reg] din[3] -> _18622_/D : -0.892241
[hold in-reg] din[1] -> _18656_/D : -0.880601
[hold in-reg] din[2] -> _18657_/D : -0.878951
[hold in-reg] din[0] -> _18655_/D : -0.876392
[hold in-reg] din[0] -> _18635_/D : -0.871667
[hold in-reg] din[0] -> _18645_/D : -0.871379
[hold in-reg] din[1] -> _18663_/D : -0.846763
[hold in-reg] din[2] -> _18723_/D : -0.829212
[hold in-reg] din[7] -> _18729_/D : -0.802326
[hold in-reg] din[7] -> _18730_/D : -0.800025
[hold in-reg] din[6] -> _19987_/D : -0.777453
[hold in-reg] din[0] -> _18619_/D : -0.771108
[hold in-reg] din[0] -> _18627_/D : -0.771037
[hold in-reg] din[5] -> _19986_/D : -0.769073
[hold in-reg] din[4] -> _19985_/D : -0.767842
[hold in-reg] din[0] -> _19981_/D : -0.755250
[hold in-reg] din[4] -> _18725_/D : -0.725536
[hold in-reg] din[3] -> _18648_/D : -0.698912
[hold in-reg] din[3] -> _18638_/D : -0.688056
[hold in-reg] din[5] -> _18726_/D : -0.660743
[hold in-reg] din[0] -> _18681_/D : -0.657151
[hold in-reg] din[5] -> _18650_/D : -0.643289
[hold in-reg] din[5] -> _18640_/D : -0.640298
[hold in-reg] din[4] -> _18649_/D : -0.625537
[hold in-reg] din[6] -> _18641_/D : -0.620502
[hold in-reg] din[6] -> _18651_/D : -0.620323
[hold in-reg] din[4] -> _18761_/D : -0.617145
[hold in-reg] din[2] -> _18637_/D : -0.590591
[hold in-reg] din[2] -> _18647_/D : -0.590326
[hold in-reg] din[4] -> _18639_/D : -0.582797
[hold in-reg] din[0] -> _18721_/D : -0.551813
[hold in-reg] din_valid_i -> _20008_/D : -0.548410
[hold in-reg] din[7] -> _18653_/D : -0.542609
[hold in-reg] din[1] -> _18646_/D : -0.541083
[hold in-reg] din[1] -> _18636_/D : -0.538214
[hold in-reg] din[7] -> _18654_/D : -0.537752
[hold in-reg] din[6] -> _18763_/D : -0.519791
[hold in-reg] din[7] -> _18642_/D : -0.498091
[hold in-reg] din[7] -> _18652_/D : -0.497312
[hold in-reg] din[5] -> _18762_/D : -0.487375
[hold in-reg] din[7] -> _18643_/D : -0.487258
[hold in-reg] din[3] -> _20007_/D : -0.478229
[hold in-reg] din[1] -> _20006_/D : -0.476008
[hold in-reg] din[7] -> _18644_/D : -0.474157
[hold in-reg] din_valid_i -> _20145_/D : -0.471321
[hold in-reg] din[2] -> _18675_/D : -0.468646
[hold in-reg] din[5] -> _18678_/D : -0.466238
[hold in-reg] din[7] -> _18680_/D : -0.451318
[hold in-reg] din[6] -> _19947_/D : -0.448515
[hold in-reg] din[4] -> _18669_/D : -0.446949
[hold in-reg] din[3] -> _18760_/D : -0.446912
[hold in-reg] din[6] -> _19979_/D : -0.445793
[hold in-reg] din[3] -> _19944_/D : -0.445095
[hold in-reg] din[4] -> _19945_/D : -0.442761
[hold in-reg] din[6] -> _18679_/D : -0.441873
[hold in-reg] din[3] -> _18676_/D : -0.441549
[hold in-reg] din[1] -> _18779_/D : -0.441306
[hold in-reg] din[2] -> _18780_/D : -0.441182
[hold in-reg] din[1] -> _19942_/D : -0.441049
[hold in-reg] din[4] -> _19977_/D : -0.440183
[hold in-reg] din[5] -> _19978_/D : -0.440172
[hold in-reg] din[4] -> _18677_/D : -0.439665
[hold in-reg] din[2] -> _19943_/D : -0.437845
[hold in-reg] din[3] -> _19976_/D : -0.436435
[hold in-reg] din[0] -> _19941_/D : -0.434048
[hold in-reg] din[7] -> _18672_/D : -0.433261
[hold in-reg] din[0] -> _18673_/D : -0.427726
[hold in-reg] din[7] -> _19980_/D : -0.427578
[hold in-reg] din[0] -> _18778_/D : -0.424842
[hold in-reg] din[5] -> _19946_/D : -0.424701
[hold in-reg] din[1] -> _18674_/D : -0.424542
[hold in-reg] din[2] -> _19975_/D : -0.421441
[hold in-reg] din[7] -> _19948_/D : -0.421254
[hold in-reg] din[1] -> _19974_/D : -0.420366
[hold in-reg] din[0] -> _19973_/D : -0.415626
[hold in-reg] din[7] -> _18785_/D : -0.406049
[hold in-reg] din[1] -> _20005_/D : -0.393330
[hold in-reg] din[1] -> _18758_/D : -0.332347
[hold in-reg] din[3] -> _19859_/D : -0.329002
[hold in-reg] din[1] -> _19857_/D : -0.327102
[hold in-reg] din[4] -> _19860_/D : -0.326636
[hold in-reg] din[6] -> _18671_/D : -0.326144
[hold in-reg] din[3] -> _18668_/D : -0.324884
[hold in-reg] din[2] -> _18667_/D : -0.324663
[hold in-reg] din[2] -> _18759_/D : -0.316130
[hold in-reg] din[5] -> _18670_/D : -0.309189
[hold in-reg] din[6] -> _19862_/D : -0.305687
[hold in-reg] din[5] -> _19861_/D : -0.305499
[hold in-reg] din[1] -> _18666_/D : -0.304188
[hold in-reg] din[2] -> _19858_/D : -0.300717
[hold in-reg] din[0] -> _18665_/D : -0.296397
[hold in-reg] din[3] -> _19936_/D : -0.296004
[hold in-reg] din[6] -> _19939_/D : -0.294775
[hold in-reg] din[7] -> _19863_/D : -0.294104
[hold in-reg] din[0] -> _19856_/D : -0.294028
[hold in-reg] din[1] -> _19934_/D : -0.293732
[hold in-reg] din[5] -> _19938_/D : -0.292984
[hold in-reg] din[0] -> _19933_/D : -0.292419
[hold in-reg] din[4] -> _19937_/D : -0.291364
[hold in-reg] din[2] -> _19935_/D : -0.289071
[hold in-reg] din[0] -> _18757_/D : -0.285642
[hold in-reg] din[1] -> _19982_/D : -0.283775
[hold in-reg] din[0] -> _18560_/D : -0.279614
[hold in-reg] din[7] -> _19940_/D : -0.279300
[hold in-reg] din[3] -> _19984_/D : -0.276831
[hold in-reg] din[0] -> _19925_/D : -0.271792
[hold in-reg] din[6] -> _18728_/D : -0.266526
[hold in-reg] din_valid_i -> _20144_/D : -0.260308
[hold in-reg] din[0] -> _18561_/D : -0.259011
[hold in-reg] din[7] -> _18764_/D : -0.240204
[hold in-reg] din[2] -> _19983_/D : -0.235625
[hold in-reg] din[7] -> _19988_/D : -0.229197
[hold in-reg] din_valid_i -> _19998_/D : -0.209956
[hold in-reg] din[2] -> _19996_/D : -0.209577
[hold in-reg] din[2] -> _18664_/D : -0.176857
[hold in-reg] din[6] -> _18527_/D : -0.141722
[hold in-reg] din[6] -> _18543_/D : -0.075512
[hold in-reg] din[4] -> _18541_/D : -0.072933
[hold in-reg] din[3] -> _18540_/D : -0.070967
[hold in-reg] din[3] -> _19834_/D : -0.064773
[hold in-reg] din[6] -> _19837_/D : -0.063866
[hold in-reg] din[1] -> _18538_/D : -0.061656
[hold in-reg] din[4] -> _18365_/D : -0.056963
[hold in-reg] din[2] -> _19833_/D : -0.056222
[hold in-reg] din[4] -> _19835_/D : -0.051645
[hold in-reg] din[1] -> _19832_/D : -0.049871
[hold in-reg] din[5] -> _19836_/D : -0.049610
[hold in-reg] din[0] -> _19831_/D : -0.049463
[hold in-reg] din[7] -> _19838_/D : -0.049400
[hold in-reg] din[0] -> _18537_/D : -0.037036
[hold in-reg] din[5] -> _18542_/D : -0.019071
[hold in-reg] din[1] -> _19989_/D : -0.018649
[setup reg-reg] _20041_/Q -> _18220_/D : -38.622913
[setup reg-reg] _20041_/Q -> _18219_/D : -38.620869
[setup reg-reg] _20041_/Q -> _18223_/D : -38.618858
[setup reg-reg] _20041_/Q -> _18410_/D : -38.617805
[setup reg-reg] _20041_/Q -> _18412_/D : -38.617020
[setup reg-reg] _20041_/Q -> _18413_/D : -38.616306
[setup reg-reg] _20041_/Q -> _18414_/D : -38.615952
[setup reg-reg] _20041_/Q -> _18421_/D : -38.615959
[setup reg-reg] _20041_/Q -> _18416_/D : -38.615578
[setup reg-reg] _20041_/Q -> _18284_/D : -38.580711
[setup reg-reg] _20041_/Q -> _18283_/D : -38.579311
[setup reg-reg] _20041_/Q -> _18287_/D : -38.577354
[setup reg-reg] _20041_/Q -> _18474_/D : -38.576275
[setup reg-reg] _20041_/Q -> _18478_/D : -38.575325
[setup reg-reg] _20041_/Q -> _18476_/D : -38.575020
[setup reg-reg] _20041_/Q -> _18477_/D : -38.574867
[setup reg-reg] _20041_/Q -> _18480_/D : -38.573463
[setup reg-reg] _20041_/Q -> _18218_/D : -38.529652
[setup reg-reg] _20041_/Q -> _18229_/D : -38.529606
[setup reg-reg] _20041_/Q -> _18227_/D : -38.527203
[setup reg-reg] _20041_/Q -> _18282_/D : -38.490040
[setup reg-reg] _20041_/Q -> _18293_/D : -38.490070
[setup reg-reg] _20041_/Q -> _18217_/D : -38.468815
[setup reg-reg] _20041_/Q -> _18221_/D : -38.468170
[setup reg-reg] _20041_/Q -> _18222_/D : -38.464394
[setup reg-reg] _20041_/Q -> _18411_/D : -38.459671
[setup reg-reg] _20041_/Q -> _18224_/D : -38.456757
[setup reg-reg] _20041_/Q -> _18409_/D : -38.456306
[setup reg-reg] _20041_/Q -> _18228_/D : -38.453758
[setup reg-reg] _20041_/Q -> _18285_/D : -38.427986
[setup reg-reg] _20041_/Q -> _18281_/D : -38.426628
[setup reg-reg] _20041_/Q -> _18286_/D : -38.422733
[setup reg-reg] _20041_/Q -> _18291_/D : -38.421577
[setup reg-reg] _20041_/Q -> _18475_/D : -38.418587
[setup reg-reg] _20041_/Q -> _18473_/D : -38.416981
[setup reg-reg] _20041_/Q -> _18230_/D : -38.133289
[setup reg-reg] _20041_/Q -> _18294_/D : -38.094116
[setup reg-reg] _20041_/Q -> _18231_/D : -37.803043
[setup reg-reg] _20041_/Q -> _18232_/D : -37.795837
[setup reg-reg] _20041_/Q -> _18423_/D : -37.795757
[setup reg-reg] _20041_/Q -> _18225_/D : -37.793087
[setup reg-reg] _20041_/Q -> _18226_/D : -37.791664
[setup reg-reg] _20041_/Q -> _18415_/D : -37.790615
[setup reg-reg] _20041_/Q -> _18420_/D : -37.786076
[setup reg-reg] _20041_/Q -> _18422_/D : -37.785221
[setup reg-reg] _20041_/Q -> _18418_/D : -37.783772
[setup reg-reg] _20041_/Q -> _18419_/D : -37.783463
[setup reg-reg] _20041_/Q -> _18424_/D : -37.783443
[setup reg-reg] _20041_/Q -> _18417_/D : -37.783031
[setup reg-reg] _20041_/Q -> _18295_/D : -37.761612
[setup reg-reg] _20041_/Q -> _18290_/D : -37.759911
[setup reg-reg] _20041_/Q -> _18296_/D : -37.756927
[setup reg-reg] _20041_/Q -> _18288_/D : -37.754185
[setup reg-reg] _20041_/Q -> _18487_/D : -37.753796
[setup reg-reg] _20041_/Q -> _18292_/D : -37.752415
[setup reg-reg] _20041_/Q -> _18479_/D : -37.752224
[setup reg-reg] _20041_/Q -> _18485_/D : -37.748436
[setup reg-reg] _20041_/Q -> _18484_/D : -37.745998
[setup reg-reg] _20041_/Q -> _18289_/D : -37.745834
[setup reg-reg] _20041_/Q -> _18486_/D : -37.743305
[setup reg-reg] _20041_/Q -> _18481_/D : -37.743107
[setup reg-reg] _20041_/Q -> _18482_/D : -37.743122
[setup reg-reg] _20041_/Q -> _18488_/D : -37.742947
[setup reg-reg] _20041_/Q -> _18483_/D : -37.742783
[setup reg-reg] _20041_/Q -> _18490_/D : -32.077168
[setup reg-reg] _20041_/Q -> _18309_/D : -31.982864
[setup reg-reg] _20041_/Q -> _18298_/D : -31.982580
[setup reg-reg] _20041_/Q -> _18300_/D : -31.928146
[setup reg-reg] _20041_/Q -> _18301_/D : -31.928133
[setup reg-reg] _20041_/Q -> _18299_/D : -31.925625
[setup reg-reg] _20041_/Q -> _18303_/D : -31.925428
[setup reg-reg] _20041_/Q -> _18297_/D : -31.924980
[setup reg-reg] _20041_/Q -> _18236_/D : -31.924225
[setup reg-reg] _20041_/Q -> _18235_/D : -31.922775
[setup reg-reg] _20041_/Q -> _18239_/D : -31.921207
[setup reg-reg] _20041_/Q -> _18426_/D : -31.919676
[setup reg-reg] _20041_/Q -> _18428_/D : -31.918753
[setup reg-reg] _20041_/Q -> _18491_/D : -31.918539
[setup reg-reg] _20041_/Q -> _18429_/D : -31.918177
[setup reg-reg] _20041_/Q -> _18489_/D : -31.918156
[setup reg-reg] _20041_/Q -> _18493_/D : -31.918047
[setup reg-reg] _20041_/Q -> _18430_/D : -31.917936
[setup reg-reg] _20041_/Q -> _18437_/D : -31.917839
[setup reg-reg] _20041_/Q -> _18492_/D : -31.917690
[setup reg-reg] _20041_/Q -> _18432_/D : -31.917574
[setup reg-reg] _20041_/Q -> _18302_/D : -31.916422
[setup reg-reg] _20041_/Q -> _18245_/D : -31.831348
[setup reg-reg] _20041_/Q -> _18234_/D : -31.831253
[setup reg-reg] _20041_/Q -> _18243_/D : -31.829029
[setup reg-reg] _20041_/Q -> _18233_/D : -31.771194
[setup reg-reg] _20041_/Q -> _18237_/D : -31.769424
[setup reg-reg] _20041_/Q -> _18238_/D : -31.766228
[setup reg-reg] _20041_/Q -> _18427_/D : -31.761717
[setup reg-reg] _20041_/Q -> _18425_/D : -31.758049
[setup reg-reg] _20041_/Q -> _18244_/D : -31.755846
[setup reg-reg] _20041_/Q -> _18307_/D : -31.586147
[setup reg-reg] _20041_/Q -> _18246_/D : -31.435278
[setup reg-reg] _20041_/Q -> _18306_/D : -31.260736
[setup reg-reg] _20041_/Q -> _18310_/D : -31.256268
[setup reg-reg] _20041_/Q -> _18311_/D : -31.254681
[setup reg-reg] _20041_/Q -> _18304_/D : -31.253784
[setup reg-reg] _20041_/Q -> _18494_/D : -31.253664
[setup reg-reg] _20041_/Q -> _18308_/D : -31.253323
[setup reg-reg] _20041_/Q -> _18495_/D : -31.253038
[setup reg-reg] _20041_/Q -> _18305_/D : -31.247417
[setup reg-reg] _20041_/Q -> _18312_/D : -31.245962
[setup reg-reg] _20041_/Q -> _18496_/D : -31.243460
[setup reg-reg] _20041_/Q -> _18503_/D : -31.242500
[setup reg-reg] _20041_/Q -> _18501_/D : -31.237186
[setup reg-reg] _20041_/Q -> _18498_/D : -31.236692
[setup reg-reg] _20041_/Q -> _18500_/D : -31.234507
[setup reg-reg] _20041_/Q -> _18497_/D : -31.234348
[setup reg-reg] _20041_/Q -> _18502_/D : -31.232582
[setup reg-reg] _20041_/Q -> _18499_/D : -31.232100
[setup reg-reg] _20041_/Q -> _18504_/D : -31.231274
[setup reg-reg] _20041_/Q -> _18247_/D : -31.104755
[setup reg-reg] _20041_/Q -> _18439_/D : -31.097885
[setup reg-reg] _20041_/Q -> _18248_/D : -31.097366
[setup reg-reg] _20041_/Q -> _18241_/D : -31.094427
[setup reg-reg] _20041_/Q -> _18242_/D : -31.093977
[setup reg-reg] _20041_/Q -> _18240_/D : -31.093508
[setup reg-reg] _20041_/Q -> _18431_/D : -31.092297
[setup reg-reg] _20041_/Q -> _18436_/D : -31.087603
[setup reg-reg] _20041_/Q -> _18438_/D : -31.086576
[setup reg-reg] _20041_/Q -> _18435_/D : -31.086000
[setup reg-reg] _20041_/Q -> _18440_/D : -31.085382
[setup reg-reg] _20041_/Q -> _18434_/D : -31.085342
[setup reg-reg] _20041_/Q -> _18433_/D : -31.085003
[setup reg-reg] _20041_/Q -> _18158_/D : -30.762444
[setup reg-reg] _20041_/Q -> _18163_/D : -30.761450
[setup reg-reg] _20041_/Q -> _18154_/D : -30.760910
[setup reg-reg] _20041_/Q -> _18347_/D : -30.759840
[setup reg-reg] _20041_/Q -> _18159_/D : -30.695564
[setup reg-reg] _20041_/Q -> _18155_/D : -30.694077
[setup reg-reg] _20041_/Q -> _18156_/D : -30.693962
[setup reg-reg] _20041_/Q -> _18157_/D : -30.690071
[setup reg-reg] _20041_/Q -> _18160_/D : -30.689251
[setup reg-reg] _20041_/Q -> _18164_/D : -30.686886
[setup reg-reg] _20041_/Q -> _18346_/D : -30.684923
[setup reg-reg] _20041_/Q -> _18348_/D : -30.684404
[setup reg-reg] _20041_/Q -> _18165_/D : -30.365211
[setup reg-reg] _20041_/Q -> _18345_/D : -30.322639
[setup reg-reg] _20041_/Q -> _18166_/D : -30.036789
[setup reg-reg] _20041_/Q -> _18351_/D : -30.031012
[setup reg-reg] _20041_/Q -> _18167_/D : -30.030052
[setup reg-reg] _20041_/Q -> _18162_/D : -30.029875
[setup reg-reg] _20041_/Q -> _18350_/D : -30.023487
[setup reg-reg] _20041_/Q -> _18349_/D : -30.022982
[setup reg-reg] _20041_/Q -> _18161_/D : -30.022606
[setup reg-reg] _20041_/Q -> _18359_/D : -30.022045
[setup reg-reg] _20041_/Q -> _18168_/D : -30.018698
[setup reg-reg] _20041_/Q -> _18360_/D : -30.017838
[setup reg-reg] _20041_/Q -> _18355_/D : -30.017754
[setup reg-reg] _20041_/Q -> _18357_/D : -30.016716
[setup reg-reg] _20041_/Q -> _18354_/D : -30.016218
[setup reg-reg] _20041_/Q -> _18356_/D : -30.016045
[setup reg-reg] _20041_/Q -> _18353_/D : -30.015663
[setup reg-reg] _20041_/Q -> _18352_/D : -30.013845
[setup reg-reg] _20041_/Q -> _18358_/D : -30.010612
[setup reg-reg] _20041_/Q -> _18395_/D : -29.787098
[setup reg-reg] _20041_/Q -> _18202_/D : -29.786301
[setup reg-reg] _20041_/Q -> _18206_/D : -29.785534
[setup reg-reg] _20041_/Q -> _18203_/D : -29.724636
[setup reg-reg] _20041_/Q -> _18201_/D : -29.724524
[setup reg-reg] _20041_/Q -> _18207_/D : -29.724474
[setup reg-reg] _20041_/Q -> _18204_/D : -29.723995
[setup reg-reg] _20041_/Q -> _18205_/D : -29.720543
[setup reg-reg] _20041_/Q -> _18393_/D : -29.719719
[setup reg-reg] _20041_/Q -> _18394_/D : -29.714760
[setup reg-reg] _20041_/Q -> _18208_/D : -29.714611
[setup reg-reg] _20041_/Q -> _18396_/D : -29.710558
[setup reg-reg] _20041_/Q -> _18213_/D : -29.399466
[setup reg-reg] _20041_/Q -> _18211_/D : -29.395571
[setup reg-reg] _20041_/Q -> _18214_/D : -29.117151
[setup reg-reg] _20041_/Q -> _18408_/D : -29.097507
[setup reg-reg] _20041_/Q -> _18215_/D : -29.047522
[setup reg-reg] _20041_/Q -> _18210_/D : -29.042629
[setup reg-reg] _20041_/Q -> _18209_/D : -29.037735
[setup reg-reg] _20041_/Q -> _18403_/D : -29.036812
[setup reg-reg] _20041_/Q -> _18216_/D : -29.033916
[setup reg-reg] _20041_/Q -> _18401_/D : -29.033560
[setup reg-reg] _20041_/Q -> _18402_/D : -29.031801
[setup reg-reg] _20041_/Q -> _18404_/D : -29.031830
[setup reg-reg] _20041_/Q -> _18212_/D : -29.031523
[setup reg-reg] _20041_/Q -> _18399_/D : -29.031393
[setup reg-reg] _20041_/Q -> _18398_/D : -29.030569
[setup reg-reg] _20041_/Q -> _18407_/D : -29.030542
[setup reg-reg] _20041_/Q -> _18405_/D : -29.030457
[setup reg-reg] _20041_/Q -> _18397_/D : -29.029947
[setup reg-reg] _20041_/Q -> _18406_/D : -29.026337
[setup reg-reg] _20041_/Q -> _18400_/D : -29.019518
[setup reg-reg] _20041_/Q -> _18174_/D : -29.009230
[setup reg-reg] _20041_/Q -> _18363_/D : -29.006042
[setup reg-reg] _20041_/Q -> _18172_/D : -28.951651
[setup reg-reg] _20041_/Q -> _18169_/D : -28.951019
[setup reg-reg] _20041_/Q -> _18175_/D : -28.949650
[setup reg-reg] _20041_/Q -> _18173_/D : -28.942432
[setup reg-reg] _20041_/Q -> _18362_/D : -28.937025
[setup reg-reg] _20041_/Q -> _18176_/D : -28.935715
[setup reg-reg] _20041_/Q -> _18180_/D : -28.935707
[setup reg-reg] _20041_/Q -> _18364_/D : -28.935249
[setup reg-reg] _20041_/Q -> _18252_/D : -28.782301
[setup reg-reg] _20041_/Q -> _18316_/D : -28.712265
[setup reg-reg] _20041_/Q -> _18315_/D : -28.711052
[setup reg-reg] _20041_/Q -> _18506_/D : -28.710232
[setup reg-reg] _20041_/Q -> _18319_/D : -28.710196
[setup reg-reg] _20041_/Q -> _18512_/D : -28.708601
[setup reg-reg] _20041_/Q -> _18508_/D : -28.707813
[setup reg-reg] _20041_/Q -> _18509_/D : -28.707468
[setup reg-reg] _20041_/Q -> _18510_/D : -28.707325
[setup reg-reg] _20041_/Q -> _18332_/D : -28.699654
[setup reg-reg] _20041_/Q -> _18331_/D : -28.698420
[setup reg-reg] _20041_/Q -> _18335_/D : -28.697386
[setup reg-reg] _20041_/Q -> _18522_/D : -28.696516
[setup reg-reg] _20041_/Q -> _18524_/D : -28.695477
[setup reg-reg] _20041_/Q -> _18528_/D : -28.695429
[setup reg-reg] _20041_/Q -> _18526_/D : -28.695278
[setup reg-reg] _20041_/Q -> _18525_/D : -28.695002
[setup reg-reg] _20041_/Q -> _18261_/D : -28.664192
[setup reg-reg] _20041_/Q -> _18259_/D : -28.662376
[setup reg-reg] _20041_/Q -> _18250_/D : -28.660536
[setup reg-reg] _20041_/Q -> _18179_/D : -28.628351
[setup reg-reg] _20041_/Q -> _18181_/D : -28.625937
[setup reg-reg] _20041_/Q -> _18325_/D : -28.616220
[setup reg-reg] _20041_/Q -> _18314_/D : -28.615780
[setup reg-reg] _20041_/Q -> _18341_/D : -28.604939
[setup reg-reg] _20041_/Q -> _18330_/D : -28.604090
[setup reg-reg] _20041_/Q -> _18255_/D : -28.602982
[setup reg-reg] _20041_/Q -> _18251_/D : -28.602310
[setup reg-reg] _20041_/Q -> _18249_/D : -28.600338
[setup reg-reg] _20041_/Q -> _18253_/D : -28.599056
[setup reg-reg] _20041_/Q -> _18254_/D : -28.596825
[setup reg-reg] _20041_/Q -> _18442_/D : -28.591133
[setup reg-reg] _20041_/Q -> _18444_/D : -28.589901
[setup reg-reg] _20041_/Q -> _18445_/D : -28.589739
[setup reg-reg] _20041_/Q -> _18443_/D : -28.587353
[setup reg-reg] _20041_/Q -> _18441_/D : -28.584501
[setup reg-reg] _20041_/Q -> _18256_/D : -28.584463
[setup reg-reg] _20041_/Q -> _18313_/D : -28.560453
[setup reg-reg] _20041_/Q -> _18317_/D : -28.558281
[setup reg-reg] _20041_/Q -> _18318_/D : -28.552120
[setup reg-reg] _20041_/Q -> _18323_/D : -28.550510
[setup reg-reg] _20041_/Q -> _18329_/D : -28.548395
[setup reg-reg] _20041_/Q -> _18507_/D : -28.548285
[setup reg-reg] _20041_/Q -> _18333_/D : -28.545643
[setup reg-reg] _20041_/Q -> _18505_/D : -28.544786
[setup reg-reg] _20041_/Q -> _18334_/D : -28.539736
[setup reg-reg] _20041_/Q -> _18339_/D : -28.536345
[setup reg-reg] _20041_/Q -> _18523_/D : -28.535099
[setup reg-reg] _20041_/Q -> _18521_/D : -28.531181
[setup reg-reg] _20041_/Q -> _18340_/D : -28.529680
[setup reg-reg] _20041_/Q -> _18153_/D : -28.477636
[setup reg-reg] _20041_/Q -> _18182_/D : -28.299784
[setup reg-reg] _20041_/Q -> _18178_/D : -28.292629
[setup reg-reg] _20041_/Q -> _18183_/D : -28.290052
[setup reg-reg] _20041_/Q -> _18367_/D : -28.288525
[setup reg-reg] _20041_/Q -> _18374_/D : -28.276350
[setup reg-reg] _20041_/Q -> _18376_/D : -28.269283
[setup reg-reg] _20041_/Q -> _18262_/D : -28.267294
[setup reg-reg] _20041_/Q -> _18326_/D : -28.221344
[setup reg-reg] _20041_/Q -> _18342_/D : -28.212933
[setup reg-reg] _20041_/Q -> _18263_/D : -27.920391
[setup reg-reg] _20041_/Q -> _18257_/D : -27.918535
[setup reg-reg] _20041_/Q -> _18455_/D : -27.913046
[setup reg-reg] _20041_/Q -> _18260_/D : -27.911154
[setup reg-reg] _20041_/Q -> _18258_/D : -27.909296
[setup reg-reg] _20041_/Q -> _18264_/D : -27.909233
[setup reg-reg] _20041_/Q -> _18446_/D : -27.909100
[setup reg-reg] _20041_/Q -> _18453_/D : -27.898983
[setup reg-reg] _20041_/Q -> _18448_/D : -27.898569
[setup reg-reg] _20041_/Q -> _18451_/D : -27.898382
[setup reg-reg] _20041_/Q -> _18454_/D : -27.898180
[setup reg-reg] _20041_/Q -> _18456_/D : -27.898104
[setup reg-reg] _20041_/Q -> _18449_/D : -27.897940
[setup reg-reg] _20041_/Q -> _18452_/D : -27.897753
[setup reg-reg] _20041_/Q -> _18450_/D : -27.897701
[setup reg-reg] _20041_/Q -> _18447_/D : -27.890266
[setup reg-reg] _20041_/Q -> _18337_/D : -27.880432
[setup reg-reg] _20041_/Q -> _18343_/D : -27.879763
[setup reg-reg] _20041_/Q -> _18338_/D : -27.878025
[setup reg-reg] _20041_/Q -> _18527_/D : -27.875273
[setup reg-reg] _20041_/Q -> _18327_/D : -27.871433
[setup reg-reg] _20041_/Q -> _18344_/D : -27.870184
[setup reg-reg] _20041_/Q -> _18336_/D : -27.866911
[setup reg-reg] _20041_/Q -> _18320_/D : -27.865833
[setup reg-reg] _20041_/Q -> _18322_/D : -27.865145
[setup reg-reg] _20041_/Q -> _18324_/D : -27.864935
[setup reg-reg] _20041_/Q -> _18328_/D : -27.863527
[setup reg-reg] _20041_/Q -> _18535_/D : -27.863127
[setup reg-reg] _20041_/Q -> _18532_/D : -27.862442
[setup reg-reg] _20041_/Q -> _18519_/D : -27.862301
[setup reg-reg] _20041_/Q -> _18534_/D : -27.861538
[setup reg-reg] _20041_/Q -> _18529_/D : -27.861507
[setup reg-reg] _20041_/Q -> _18530_/D : -27.861084
[setup reg-reg] _20041_/Q -> _18531_/D : -27.859816
[setup reg-reg] _20041_/Q -> _18321_/D : -27.859446
[setup reg-reg] _20041_/Q -> _18536_/D : -27.859385
[setup reg-reg] _20041_/Q -> _18533_/D : -27.858534
[setup reg-reg] _20041_/Q -> _18511_/D : -27.853838
[setup reg-reg] _20041_/Q -> _18516_/D : -27.853191
[setup reg-reg] _20041_/Q -> _18518_/D : -27.852270
[setup reg-reg] _20041_/Q -> _18517_/D : -27.851492
[setup reg-reg] _20041_/Q -> _18513_/D : -27.851238
[setup reg-reg] _20041_/Q -> _18515_/D : -27.850931
[setup reg-reg] _20041_/Q -> _18520_/D : -27.850689
[setup reg-reg] _20041_/Q -> _18514_/D : -27.850153
[setup reg-reg] _20041_/Q -> _18170_/D : -27.607277
[setup reg-reg] _20041_/Q -> _18379_/D : -27.562267
[setup reg-reg] _20041_/Q -> _18186_/D : -27.561117
[setup reg-reg] _20041_/Q -> _18190_/D : -27.559942
[setup reg-reg] _20041_/Q -> _18272_/D : -27.558605
[setup reg-reg] _20041_/Q -> _18171_/D : -27.542414
[setup reg-reg] _20041_/Q -> _18361_/D : -27.537035
[setup reg-reg] _20041_/Q -> _18188_/D : -27.508131
[setup reg-reg] _20041_/Q -> _18191_/D : -27.507648
[setup reg-reg] _20041_/Q -> _18187_/D : -27.507595
[setup reg-reg] _20041_/Q -> _18377_/D : -27.500763
[setup reg-reg] _20041_/Q -> _18189_/D : -27.499201
[setup reg-reg] _20041_/Q -> _18192_/D : -27.497231
[setup reg-reg] _20041_/Q -> _18378_/D : -27.497009
[setup reg-reg] _20041_/Q -> _18268_/D : -27.495926
[setup reg-reg] _20041_/Q -> _18196_/D : -27.495436
[setup reg-reg] _20041_/Q -> _18380_/D : -27.495401
[setup reg-reg] _20041_/Q -> _18185_/D : -27.494926
[setup reg-reg] _20041_/Q -> _18277_/D : -27.458639
[setup reg-reg] _20041_/Q -> _18271_/D : -27.318235
[setup reg-reg] _20041_/Q -> _18269_/D : -27.317453
[setup reg-reg] _20041_/Q -> _18267_/D : -27.315401
[setup reg-reg] _20041_/Q -> _18265_/D : -27.315058
[setup reg-reg] _20041_/Q -> _18270_/D : -27.312963
[setup reg-reg] _20041_/Q -> _18457_/D : -27.312712
[setup reg-reg] _20041_/Q -> _18459_/D : -27.306801
[setup reg-reg] _20041_/Q -> _18462_/D : -27.306379
[setup reg-reg] _20041_/Q -> _18458_/D : -27.306210
[setup reg-reg] _20041_/Q -> _18461_/D : -27.305542
[setup reg-reg] _20041_/Q -> _18460_/D : -27.305477
[setup reg-reg] _20041_/Q -> _18197_/D : -27.171848
[setup reg-reg] _20041_/Q -> _18195_/D : -27.168694
[setup reg-reg] _20041_/Q -> _18275_/D : -27.132610
[setup reg-reg] _20041_/Q -> _18467_/D : -26.963774
[setup reg-reg] _20041_/Q -> _18266_/D : -26.941462
[setup reg-reg] _20041_/Q -> _18472_/D : -26.892994
[setup reg-reg] _20041_/Q -> _18276_/D : -26.890388
[setup reg-reg] _20041_/Q -> _18470_/D : -26.882092
[setup reg-reg] _20041_/Q -> _18468_/D : -26.880922
[setup reg-reg] _20041_/Q -> _18366_/D : -26.872938
[setup reg-reg] _20041_/Q -> _18371_/D : -26.871811
[setup reg-reg] _20041_/Q -> _18370_/D : -26.871227
[setup reg-reg] _20041_/Q -> _18372_/D : -26.871193
[setup reg-reg] _20041_/Q -> _18368_/D : -26.871044
[setup reg-reg] _20041_/Q -> _18369_/D : -26.870808
[setup reg-reg] _20041_/Q -> _18184_/D : -26.866825
[setup reg-reg] _20041_/Q -> _18177_/D : -26.864336
[setup reg-reg] _20041_/Q -> _18365_/D : -26.863602
[setup reg-reg] _20041_/Q -> _18373_/D : -26.839050
[setup reg-reg] _20041_/Q -> _18375_/D : -26.838720
[setup reg-reg] _20041_/Q -> _18198_/D : -26.835192
[setup reg-reg] _20041_/Q -> _18194_/D : -26.828493
[setup reg-reg] _20041_/Q -> _18199_/D : -26.827162
[setup reg-reg] _20041_/Q -> _18193_/D : -26.823534
[setup reg-reg] _20041_/Q -> _18382_/D : -26.822151
[setup reg-reg] _20041_/Q -> _18381_/D : -26.822083
[setup reg-reg] _20041_/Q -> _18387_/D : -26.816063
[setup reg-reg] _20041_/Q -> _18392_/D : -26.815924
[setup reg-reg] _20041_/Q -> _18200_/D : -26.815678
[setup reg-reg] _20041_/Q -> _18391_/D : -26.815634
[setup reg-reg] _20041_/Q -> _18383_/D : -26.814249
[setup reg-reg] _20041_/Q -> _18385_/D : -26.814054
[setup reg-reg] _20041_/Q -> _18386_/D : -26.813692
[setup reg-reg] _20041_/Q -> _18388_/D : -26.813606
[setup reg-reg] _20041_/Q -> _18384_/D : -26.812393
[setup reg-reg] _20041_/Q -> _18389_/D : -26.812317
[setup reg-reg] _20041_/Q -> _18390_/D : -26.808754
[setup reg-reg] _20041_/Q -> _18274_/D : -26.792175
[setup reg-reg] _20041_/Q -> _18466_/D : -26.748388
[setup reg-reg] _20041_/Q -> _18465_/D : -26.745733
[setup reg-reg] _20041_/Q -> _18280_/D : -26.742319
[setup reg-reg] _20041_/Q -> _18273_/D : -26.741554
[setup reg-reg] _20041_/Q -> _18471_/D : -26.736898
[setup reg-reg] _20041_/Q -> _18279_/D : -26.733736
[setup reg-reg] _20041_/Q -> _18469_/D : -26.732361
[setup reg-reg] _20041_/Q -> _18278_/D : -26.731209
[setup reg-reg] _20041_/Q -> _18464_/D : -26.727846
[setup reg-reg] _20041_/Q -> _18463_/D : -26.626425
[setup reg-reg] _20041_/Q -> _18549_/D : -25.542850
[setup reg-reg] _20041_/Q -> _18545_/D : -25.541340
[setup reg-reg] _20041_/Q -> _18728_/D : -25.512104
[setup reg-reg] _20041_/Q -> _18544_/D : -25.507004
[setup reg-reg] _20041_/Q -> _18551_/D : -25.415869
[setup reg-reg] _20041_/Q -> _18726_/D : -25.415066
[setup reg-reg] _20041_/Q -> _18552_/D : -25.414829
[setup reg-reg] _20041_/Q -> _18547_/D : -25.412762
[setup reg-reg] _20041_/Q -> _18550_/D : -25.411608
[setup reg-reg] _20041_/Q -> _18546_/D : -25.410091
[setup reg-reg] _20041_/Q -> _18548_/D : -25.408159
[setup reg-reg] _20041_/Q -> _18725_/D : -25.365669
[setup reg-reg] _20041_/Q -> _18732_/D : -25.208372
[setup reg-reg] _20041_/Q -> _18731_/D : -25.208052
[setup reg-reg] _20041_/Q -> _18733_/D : -25.203190
[setup reg-reg] _20041_/Q -> u_transform_scheduler_core.u_fft_scratch_sram.u_hi.u_sram/GWEN : -25.163437
[setup reg-reg] _20041_/Q -> _18734_/D : -25.158884
[setup reg-reg] _20041_/Q -> _18747_/D : -25.148943
[setup reg-reg] _20041_/Q -> _18703_/D : -25.141129
[setup reg-reg] _20041_/Q -> _18695_/D : -25.140007
[setup reg-reg] _20041_/Q -> _18729_/D : -25.139771
[setup reg-reg] _20041_/Q -> _18730_/D : -25.139042
[setup reg-reg] _20041_/Q -> _18748_/D : -25.122171
[setup reg-reg] _20041_/Q -> _18738_/D : -25.100624
[setup reg-reg] _20041_/Q -> _18739_/D : -25.090115
[setup reg-reg] _20041_/Q -> _18736_/D : -25.076256
[setup reg-reg] _20041_/Q -> u_transform_scheduler_core.u_fft_scratch_sram.u_hi.u_sram/A[1] : -25.074413
[setup reg-reg] _20041_/Q -> _18735_/D : -25.060680
[setup reg-reg] _20041_/Q -> _18737_/D : -25.053204
[setup reg-reg] _20041_/Q -> _18712_/D : -25.040506
[setup reg-reg] _20041_/Q -> _18711_/D : -25.039774
[setup reg-reg] _20041_/Q -> _18721_/D : -25.039299
[setup reg-reg] _20041_/Q -> _18722_/D : -25.038799
[setup reg-reg] _20041_/Q -> _18698_/D : -25.037985
[setup reg-reg] _20041_/Q -> _18723_/D : -25.006920
[setup reg-reg] _20041_/Q -> _18746_/D : -24.996761
[setup reg-reg] _20041_/Q -> _18740_/D : -24.996691
[setup reg-reg] _20041_/Q -> _18713_/D : -24.988625
[setup reg-reg] _20041_/Q -> _18727_/D : -24.946615
[setup reg-reg] _20041_/Q -> _18724_/D : -24.938469
[setup reg-reg] _20041_/Q -> _18714_/D : -24.934925
[setup reg-reg] _20041_/Q -> _18715_/D : -24.929247
[setup reg-reg] _20041_/Q -> _18716_/D : -24.928497
[setup reg-reg] _20041_/Q -> _18717_/D : -24.926250
[setup reg-reg] _20041_/Q -> _18718_/D : -24.922846
[setup reg-reg] _20041_/Q -> _18719_/D : -24.920496
[setup reg-reg] _20041_/Q -> _18720_/D : -24.920151
[setup reg-reg] _20041_/Q -> _18707_/D : -24.918957
[setup reg-reg] _20041_/Q -> _18710_/D : -24.917980
[setup reg-reg] _20041_/Q -> _18708_/D : -24.917820
[setup reg-reg] _20041_/Q -> _18709_/D : -24.917669
[setup reg-reg] _20041_/Q -> _18706_/D : -24.916210
[setup reg-reg] _20041_/Q -> _18702_/D : -24.911201
[setup reg-reg] _20041_/Q -> _18697_/D : -24.904001
[setup reg-reg] _20041_/Q -> _18696_/D : -24.901833
[setup reg-reg] _20041_/Q -> _18699_/D : -24.900394
[setup reg-reg] _20041_/Q -> _18742_/D : -24.880192
[setup reg-reg] _20041_/Q -> _18744_/D : -24.879042
[setup reg-reg] _20041_/Q -> u_transform_scheduler_core.u_fft_scratch_sram.u_hi.u_sram/A[3] : -24.871164
[setup reg-reg] _20041_/Q -> _18741_/D : -24.867619
[setup reg-reg] _20041_/Q -> _18700_/D : -24.867371
[setup reg-reg] _20041_/Q -> _18705_/D : -24.860817
[setup reg-reg] _20041_/Q -> _18704_/D : -24.858982
[setup reg-reg] _20041_/Q -> _18701_/D : -24.855782
[setup reg-reg] _20041_/Q -> _18743_/D : -24.846960
[setup reg-reg] _20041_/Q -> _18745_/D : -24.846750
[setup reg-reg] _20041_/Q -> u_transform_scheduler_core.u_fft_scratch_sram.u_lo.u_sram/GWEN : -24.808228
[setup reg-reg] _20041_/Q -> u_transform_scheduler_core.u_fft_scratch_sram.u_lo.u_sram/A[1] : -24.781704
[setup reg-reg] _20041_/Q -> _18543_/D : -24.733738
[setup reg-reg] _20041_/Q -> _20054_/D : -24.733587
[setup reg-reg] _20041_/Q -> _18538_/D : -24.733280
[setup reg-reg] _20041_/Q -> _18542_/D : -24.733063
[setup reg-reg] _20041_/Q -> u_transform_scheduler_core.u_fft_scratch_sram.u_hi.u_sram/D[2] : -24.731125
[setup reg-reg] _20041_/Q -> _18541_/D : -24.730873
[setup reg-reg] _20041_/Q -> _18540_/D : -24.730183
[setup reg-reg] _20041_/Q -> _18537_/D : -24.728546
[setup reg-reg] _20041_/Q -> u_transform_scheduler_core.u_fft_scratch_sram.u_hi.u_sram/D[3] : -24.722128
[setup reg-reg] _20041_/Q -> u_transform_scheduler_core.u_fft_scratch_sram.u_hi.u_sram/WEN[7] : -24.705624
[setup reg-reg] _20041_/Q -> u_transform_scheduler_core.u_fft_scratch_sram.u_hi.u_sram/WEN[5] : -24.705509
[setup reg-reg] _20041_/Q -> u_transform_scheduler_core.u_fft_scratch_sram.u_hi.u_sram/WEN[6] : -24.705521
[setup reg-reg] _20041_/Q -> u_transform_scheduler_core.u_fft_scratch_sram.u_hi.u_sram/WEN[4] : -24.705196
[setup reg-reg] _20041_/Q -> _18557_/D : -24.704762
[setup reg-reg] _20041_/Q -> _18554_/D : -24.704609
[setup reg-reg] _20041_/Q -> _18555_/D : -24.704372
[setup reg-reg] _20041_/Q -> _18553_/D : -24.704184
[setup reg-reg] _20041_/Q -> _18556_/D : -24.703661
[setup reg-reg] _20041_/Q -> u_transform_scheduler_core.u_fft_scratch_sram.u_hi.u_sram/WEN[0] : -24.703239
[setup reg-reg] _20041_/Q -> u_transform_scheduler_core.u_fft_scratch_sram.u_hi.u_sram/WEN[1] : -24.703136
[setup reg-reg] _20041_/Q -> u_transform_scheduler_core.u_fft_scratch_sram.u_hi.u_sram/WEN[2] : -24.703129
[setup reg-reg] _20041_/Q -> u_transform_scheduler_core.u_fft_scratch_sram.u_hi.u_sram/D[1] : -24.703072
[setup reg-reg] _20041_/Q -> u_transform_scheduler_core.u_fft_scratch_sram.u_hi.u_sram/WEN[3] : -24.702806
[setup reg-reg] _20041_/Q -> _18559_/D : -24.701057
[setup reg-reg] _20041_/Q -> _18558_/D : -24.700911
[setup reg-reg] _20041_/Q -> u_transform_scheduler_core.u_fft_scratch_sram.u_hi.u_sram/A[5] : -24.670214
[setup reg-reg] _20041_/Q -> u_transform_scheduler_core.u_fft_scratch_sram.u_hi.u_sram/A[6] : -24.663158
[setup reg-reg] _20041_/Q -> u_transform_scheduler_core.u_fft_scratch_sram.u_hi.u_sram/A[2] : -24.641043
[setup reg-reg] _20041_/Q -> u_transform_scheduler_core.u_fft_scratch_sram.u_hi.u_sram/D[0] : -24.622576
[setup reg-reg] _20041_/Q -> u_transform_scheduler_core.u_fft_scratch_sram.u_hi.u_sram/A[7] : -24.622093
[setup reg-reg] _20041_/Q -> u_transform_scheduler_core.u_fft_scratch_sram.u_hi.u_sram/A[4] : -24.616179
[setup reg-reg] _20041_/Q -> _18539_/D : -24.597473
[setup reg-reg] _20041_/Q -> u_transform_scheduler_core.u_fft_scratch_sram.u_lo.u_sram/A[3] : -24.576864
[setup reg-reg] _20041_/Q -> u_transform_scheduler_core.u_fft_scratch_sram.u_hi.u_sram/D[7] : -24.495552
[setup reg-reg] _20041_/Q -> u_transform_scheduler_core.u_fft_scratch_sram.u_hi.u_sram/D[4] : -24.487942
[setup reg-reg] _20041_/Q -> u_transform_scheduler_core.u_fft_scratch_sram.u_hi.u_sram/D[5] : -24.477470
[setup reg-reg] _20041_/Q -> u_transform_scheduler_core.u_fft_scratch_sram.u_hi.u_sram/D[6] : -24.460354
[setup reg-reg] _20041_/Q -> u_transform_scheduler_core.u_fft_scratch_sram.u_lo.u_sram/D[5] : -24.437357
[setup reg-reg] _20041_/Q -> u_transform_scheduler_core.u_fft_scratch_sram.u_lo.u_sram/WEN[0] : -24.415222
[setup reg-reg] _20041_/Q -> u_transform_scheduler_core.u_fft_scratch_sram.u_lo.u_sram/WEN[1] : -24.415119
[setup reg-reg] _20041_/Q -> u_transform_scheduler_core.u_fft_scratch_sram.u_lo.u_sram/WEN[2] : -24.415110
[setup reg-reg] _20041_/Q -> u_transform_scheduler_core.u_fft_scratch_sram.u_lo.u_sram/WEN[3] : -24.414789
[setup reg-reg] _20041_/Q -> u_transform_scheduler_core.u_fft_scratch_sram.u_lo.u_sram/WEN[4] : -24.411770
[setup reg-reg] _20041_/Q -> u_transform_scheduler_core.u_fft_scratch_sram.u_lo.u_sram/WEN[5] : -24.410576
[setup reg-reg] _20041_/Q -> u_transform_scheduler_core.u_fft_scratch_sram.u_lo.u_sram/WEN[6] : -24.410519
[setup reg-reg] _20041_/Q -> u_transform_scheduler_core.u_fft_scratch_sram.u_lo.u_sram/WEN[7] : -24.409115
[setup reg-reg] _20041_/Q -> u_transform_scheduler_core.u_fft_scratch_sram.u_lo.u_sram/D[7] : -24.387989
[setup reg-reg] _20041_/Q -> u_transform_scheduler_core.u_fft_scratch_sram.u_lo.u_sram/A[5] : -24.376282
[setup reg-reg] _20041_/Q -> u_transform_scheduler_core.u_fft_scratch_sram.u_lo.u_sram/A[6] : -24.369232
[setup reg-reg] _20041_/Q -> u_transform_scheduler_core.u_fft_scratch_sram.u_lo.u_sram/D[1] : -24.361338
[setup reg-reg] _20041_/Q -> u_transform_scheduler_core.u_fft_scratch_sram.u_lo.u_sram/D[0] : -24.357183
[setup reg-reg] _20041_/Q -> u_transform_scheduler_core.u_fft_scratch_sram.u_lo.u_sram/A[2] : -24.350426
[setup reg-reg] _20041_/Q -> u_transform_scheduler_core.u_fft_scratch_sram.u_lo.u_sram/D[2] : -24.329142
[setup reg-reg] _20041_/Q -> u_transform_scheduler_core.u_fft_scratch_sram.u_lo.u_sram/A[7] : -24.327854
[setup reg-reg] _20041_/Q -> u_transform_scheduler_core.u_fft_scratch_sram.u_lo.u_sram/A[4] : -24.321821
[setup reg-reg] _20041_/Q -> u_transform_scheduler_core.u_fft_scratch_sram.u_hi.u_sram/A[0] : -24.295492
[setup reg-reg] _20041_/Q -> u_transform_scheduler_core.u_fft_scratch_sram.u_lo.u_sram/D[3] : -24.292166
[setup reg-reg] _20041_/Q -> u_transform_scheduler_core.u_fft_scratch_sram.u_lo.u_sram/D[6] : -24.232414
[setup reg-reg] _20041_/Q -> u_transform_scheduler_core.u_fft_scratch_sram.u_lo.u_sram/D[4] : -24.229403
[setup reg-reg] _20041_/Q -> u_transform_scheduler_core.u_fft_scratch_sram.u_lo.u_sram/A[0] : -24.001629
[setup reg-reg] _20041_/Q -> _20098_/D : -23.755043
[setup reg-reg] _20041_/Q -> _20093_/D : -23.754606
[setup reg-reg] _20041_/Q -> _20099_/D : -23.733583
[setup reg-reg] _20041_/Q -> _20127_/D : -23.732504
[setup reg-reg] _20041_/Q -> _20096_/D : -23.730587
[setup reg-reg] _20041_/Q -> _20095_/D : -23.728848
[setup reg-reg] _20041_/Q -> _20124_/D : -23.721203
[setup reg-reg] _20041_/Q -> _20126_/D : -23.719221
[setup reg-reg] _20041_/Q -> _20104_/D : -23.619938
[setup reg-reg] _20041_/Q -> _20123_/D : -23.619417
[setup reg-reg] _20041_/Q -> _20094_/D : -23.584894
[setup reg-reg] _20041_/Q -> _20103_/D : -23.584518
[setup reg-reg] _20041_/Q -> _20097_/D : -23.583694
[setup reg-reg] _20041_/Q -> _20125_/D : -23.582062
[setup reg-reg] _20041_/Q -> _20133_/D : -23.580269
[setup reg-reg] _20041_/Q -> _20105_/D : -23.579931
[setup reg-reg] _20041_/Q -> _20128_/D : -23.576424
[setup reg-reg] _20041_/Q -> _20131_/D : -23.576139
[setup reg-reg] _20041_/Q -> _20115_/D : -23.440115
[setup reg-reg] _20041_/Q -> _20120_/D : -23.439913
[setup reg-reg] _20041_/Q -> _20078_/D : -23.439867
[setup reg-reg] _20041_/Q -> _20113_/D : -23.439726
[setup reg-reg] _20041_/Q -> _20116_/D : -23.439672
[setup reg-reg] _20041_/Q -> _20083_/D : -23.439053
[setup reg-reg] _20041_/Q -> _20109_/D : -23.422066
[setup reg-reg] _20041_/Q -> _20111_/D : -23.422035
[setup reg-reg] _20041_/Q -> _20084_/D : -23.419006
[setup reg-reg] _20041_/Q -> _20112_/D : -23.417818
[setup reg-reg] _20041_/Q -> _20080_/D : -23.416803
[setup reg-reg] _20041_/Q -> _20081_/D : -23.416655
[setup reg-reg] _20041_/Q -> _18615_/D : -23.381937
[setup reg-reg] _20041_/Q -> _18610_/D : -23.380989
[setup reg-reg] _20041_/Q -> _18608_/D : -23.380764
[setup reg-reg] _20041_/Q -> _18587_/D : -23.380711
[setup reg-reg] _20041_/Q -> _18592_/D : -23.380533
[setup reg-reg] _20041_/Q -> _18611_/D : -23.379471
[setup reg-reg] _20041_/Q -> _18604_/D : -23.364067
[setup reg-reg] _20041_/Q -> _18606_/D : -23.363968
[setup reg-reg] _20041_/Q -> _18593_/D : -23.361881
[setup reg-reg] _20041_/Q -> _18607_/D : -23.361324
[setup reg-reg] _20041_/Q -> _18589_/D : -23.359015
[setup reg-reg] _20041_/Q -> _18590_/D : -23.358860
[setup reg-reg] _20041_/Q -> _20121_/D : -23.313011
[setup reg-reg] _20041_/Q -> _20086_/D : -23.312481
[setup reg-reg] _20041_/Q -> _20074_/D : -23.312452
[setup reg-reg] _20041_/Q -> _20089_/D : -23.310465
[setup reg-reg] _20041_/Q -> _20108_/D : -23.310247
[setup reg-reg] _20041_/Q -> _20079_/D : -23.275526
[setup reg-reg] _20041_/Q -> _20082_/D : -23.275137
[setup reg-reg] _20041_/Q -> _20088_/D : -23.275141
[setup reg-reg] _20041_/Q -> _20114_/D : -23.275084
[setup reg-reg] _20041_/Q -> _20117_/D : -23.275055
[setup reg-reg] _20041_/Q -> _20092_/D : -23.274630
[setup reg-reg] _20041_/Q -> _20085_/D : -23.274405
[setup reg-reg] _20041_/Q -> _20087_/D : -23.274424
[setup reg-reg] _20041_/Q -> _20110_/D : -23.274300
[setup reg-reg] _20041_/Q -> _20076_/D : -23.273884
[setup reg-reg] _20041_/Q -> _20091_/D : -23.273834
[setup reg-reg] _20041_/Q -> _20119_/D : -23.273571
[setup reg-reg] _20041_/Q -> _20122_/D : -23.272827
[setup reg-reg] _20041_/Q -> _20118_/D : -23.272799
[setup reg-reg] _20041_/Q -> _20090_/D : -23.272018
[setup reg-reg] _20041_/Q -> _20107_/D : -23.267378
[setup reg-reg] _20041_/Q -> _20106_/D : -23.266903
[setup reg-reg] _20041_/Q -> _18616_/D : -23.252398
[setup reg-reg] _20041_/Q -> _18595_/D : -23.251482
[setup reg-reg] _20041_/Q -> _18603_/D : -23.251331
[setup reg-reg] _20041_/Q -> _18598_/D : -23.250860
[setup reg-reg] _20041_/Q -> _18602_/D : -23.250856
[setup reg-reg] _20041_/Q -> _18612_/D : -23.216457
[setup reg-reg] _20041_/Q -> _18591_/D : -23.215374
[setup reg-reg] _20041_/Q -> _18609_/D : -23.215309
[setup reg-reg] _20041_/Q -> _18594_/D : -23.215191
[setup reg-reg] _20041_/Q -> _18588_/D : -23.214970
[setup reg-reg] _20041_/Q -> _18605_/D : -23.214207
[setup reg-reg] _20041_/Q -> _18597_/D : -23.213707
[setup reg-reg] _20041_/Q -> _18596_/D : -23.213636
[setup reg-reg] _20041_/Q -> _18601_/D : -23.212795
[setup reg-reg] _20041_/Q -> _18600_/D : -23.211582
[setup reg-reg] _20041_/Q -> _18599_/D : -23.209263
[setup reg-reg] _20041_/Q -> _18614_/D : -23.209024
[setup reg-reg] _20041_/Q -> _18617_/D : -23.208729
[setup reg-reg] _20041_/Q -> _18613_/D : -23.208597
[setup reg-reg] _20041_/Q -> _18618_/D : -23.208309
[setup reg-reg] _20041_/Q -> _20101_/D : -22.936007
[setup reg-reg] _20041_/Q -> _20130_/D : -22.932568
[setup reg-reg] _20041_/Q -> _20135_/D : -22.932524
[setup reg-reg] _20041_/Q -> _20102_/D : -22.931339
[setup reg-reg] _20041_/Q -> _20100_/D : -22.931143
[setup reg-reg] _20041_/Q -> _20129_/D : -22.930599
[setup reg-reg] _20041_/Q -> _20134_/D : -22.926039
[setup reg-reg] _20041_/Q -> _20137_/D : -22.925470
[setup reg-reg] _20041_/Q -> _20075_/D : -22.923975
[setup reg-reg] _20041_/Q -> _20136_/D : -22.923883
[setup reg-reg] _20041_/Q -> _20132_/D : -22.923475
[setup reg-reg] _20041_/Q -> _20077_/D : -22.923403
[setup reg-reg] _20041_/Q -> _20061_/D : -22.664734
[setup reg-reg] _20041_/Q -> _20035_/D : -22.529835
[setup reg-reg] _20041_/Q -> u_transform_scheduler_core.u_fft_scratch_sram.u_hi.u_sram/CEN : -22.519249
[setup reg-reg] _20041_/Q -> _19846_/D : -22.509142
[setup reg-reg] _20041_/Q -> _20022_/D : -22.423885
[setup reg-reg] _20041_/Q -> _20064_/D : -22.415361
[setup reg-reg] _20041_/Q -> _20062_/D : -22.411177
[setup reg-reg] _20041_/Q -> _20060_/D : -22.410891
[setup reg-reg] _20041_/Q -> _20063_/D : -22.407930
[setup reg-reg] _20041_/Q -> _19845_/D : -22.396090
[setup reg-reg] _20041_/Q -> _20059_/D : -22.276117
[setup reg-reg] _20041_/Q -> u_transform_scheduler_core.u_fft_scratch_sram.u_lo.u_sram/CEN : -22.213270
[setup reg-reg] _20041_/Q -> _19844_/D : -22.209249
[setup reg-reg] _20041_/Q -> _19843_/D : -21.924204
[setup reg-reg] _20041_/Q -> _19921_/D : -21.908794
[setup reg-reg] _20041_/Q -> _19930_/D : -21.897371
[setup reg-reg] _20041_/Q -> _19920_/D : -21.822996
[setup reg-reg] _20041_/Q -> _19929_/D : -21.791397
[setup reg-reg] _20041_/Q -> _19923_/D : -21.697109
[setup reg-reg] _20041_/Q -> _20065_/D : -21.669287
[setup reg-reg] _20041_/Q -> _19842_/D : -21.648401
[setup reg-reg] _20041_/Q -> _20032_/D : -21.575140
[setup reg-reg] _20041_/Q -> _20019_/D : -21.563810
[setup reg-reg] _20041_/Q -> _19927_/D : -21.507221
[setup reg-reg] _20041_/Q -> _20070_/D : -21.502356
[setup reg-reg] _20041_/Q -> _19931_/D : -21.497803
[setup reg-reg] _20041_/Q -> _19918_/D : -21.432827
[setup reg-reg] _20041_/Q -> _19919_/D : -21.429770
[setup reg-reg] _20041_/Q -> _19922_/D : -21.419397
[setup reg-reg] _20041_/Q -> _19917_/D : -21.390249
[setup reg-reg] _20041_/Q -> _19928_/D : -21.355392
[setup reg-reg] _20041_/Q -> _19916_/D : -21.352003
[setup reg-reg] _20041_/Q -> _18681_/D : -21.336899
[setup reg-reg] _20041_/Q -> _19874_/D : -21.326262
[setup reg-reg] _20041_/Q -> _19841_/D : -21.325527
[setup reg-reg] _20041_/Q -> _19875_/D : -21.324268
[setup reg-reg] _20041_/Q -> _19840_/D : -21.303066
[setup reg-reg] _20041_/Q -> _18665_/D : -21.299662
[setup reg-reg] _20041_/Q -> _18666_/D : -21.298964
[setup reg-reg] _20041_/Q -> _19925_/D : -21.297926
[setup reg-reg] _20041_/Q -> _18670_/D : -21.297173
[setup reg-reg] _20041_/Q -> _19871_/D : -21.291664
[setup reg-reg] _20041_/Q -> _19915_/D : -21.286888
[setup reg-reg] _20041_/Q -> _18668_/D : -21.286390
[setup reg-reg] _20041_/Q -> _19873_/D : -21.284306
[setup reg-reg] _20041_/Q -> _18671_/D : -21.284021
[setup reg-reg] _20041_/Q -> _18667_/D : -21.282726
[setup reg-reg] _20041_/Q -> _19847_/D : -21.266390
[setup reg-reg] _20041_/Q -> _18669_/D : -21.167524
[setup reg-reg] _20041_/Q -> _18672_/D : -21.167522
[setup reg-reg] _20041_/Q -> _18674_/D : -21.145565
[setup reg-reg] _20041_/Q -> _18679_/D : -21.143169
[setup reg-reg] _20041_/Q -> _18677_/D : -21.141228
[setup reg-reg] _20041_/Q -> _18676_/D : -21.141146
[setup reg-reg] _20041_/Q -> _18673_/D : -21.141037
[setup reg-reg] _20041_/Q -> _18768_/D : -21.118387
[setup reg-reg] _20041_/Q -> _18678_/D : -21.116831
[setup reg-reg] _20041_/Q -> _18680_/D : -21.116219
[setup reg-reg] _20041_/Q -> _18675_/D : -21.111763
[setup reg-reg] _20041_/Q -> _19926_/D : -21.043758
[setup reg-reg] _20041_/Q -> _18636_/D : -21.024723
[setup reg-reg] _20041_/Q -> _18635_/D : -21.024572
[setup reg-reg] _20041_/Q -> _18642_/D : -21.022617
[setup reg-reg] _20041_/Q -> _18637_/D : -21.005669
[setup reg-reg] _20041_/Q -> _18627_/D : -20.987843
[setup reg-reg] _20041_/Q -> _18638_/D : -20.983007
[setup reg-reg] _20041_/Q -> _18639_/D : -20.981407
[setup reg-reg] _20041_/Q -> _18640_/D : -20.981035
[setup reg-reg] _20041_/Q -> _18641_/D : -20.980074
[setup reg-reg] _20041_/Q -> _20138_/D : -20.965586
[setup reg-reg] _20041_/Q -> _18561_/D : -20.941109
[setup reg-reg] _20041_/Q -> _18619_/D : -20.941103
[setup reg-reg] _20041_/Q -> _18631_/D : -20.906082
[setup reg-reg] _20041_/Q -> _18634_/D : -20.904743
[setup reg-reg] _20041_/Q -> _18630_/D : -20.904140
[setup reg-reg] _20041_/Q -> _18633_/D : -20.903854
[setup reg-reg] _20041_/Q -> _18632_/D : -20.903366
[setup reg-reg] _20041_/Q -> _18622_/D : -20.902094
[setup reg-reg] _20041_/Q -> _18628_/D : -20.872149
[setup reg-reg] _20041_/Q -> _18629_/D : -20.871246
[setup reg-reg] _20041_/Q -> _20142_/D : -20.863754
[setup reg-reg] _20041_/Q -> _18656_/D : -20.856434
[setup reg-reg] _20041_/Q -> _18657_/D : -20.855703
[setup reg-reg] _20041_/Q -> _18655_/D : -20.855513
[setup reg-reg] _20041_/Q -> _18626_/D : -20.855413
[setup reg-reg] _20041_/Q -> _18767_/D : -20.854126
[setup reg-reg] _20041_/Q -> _18621_/D : -20.853195
[setup reg-reg] _20041_/Q -> _18620_/D : -20.851240
[setup reg-reg] _20041_/Q -> _18623_/D : -20.851191
[setup reg-reg] _20041_/Q -> _18643_/D : -20.851059
[setup reg-reg] _20041_/Q -> _20143_/D : -20.844208
[setup reg-reg] _20041_/Q -> _18644_/D : -20.842371
[setup reg-reg] _20041_/Q -> _18658_/D : -20.838713
[setup reg-reg] _20041_/Q -> _19877_/D : -20.838215
[setup reg-reg] _20041_/Q -> _18624_/D : -20.828327
[setup reg-reg] _20041_/Q -> _18625_/D : -20.822800
[setup reg-reg] _20041_/Q -> _19932_/D : -20.820408
[setup reg-reg] _20041_/Q -> _18662_/D : -20.812872
[setup reg-reg] _20041_/Q -> _18660_/D : -20.808712
[setup reg-reg] _20041_/Q -> _18659_/D : -20.801008
[setup reg-reg] _20041_/Q -> _19839_/D : -20.797352
[setup reg-reg] _20041_/Q -> _18661_/D : -20.788723
[setup reg-reg] _20041_/Q -> _19830_/D : -20.764557
[setup reg-reg] _20041_/Q -> _18685_/D : -20.737610
[setup reg-reg] _20041_/Q -> _19876_/D : -20.733662
[setup reg-reg] _20041_/Q -> _18758_/D : -20.728411
[setup reg-reg] _20041_/Q -> _18762_/D : -20.727858
[setup reg-reg] _20041_/Q -> _18763_/D : -20.725615
[setup reg-reg] _20041_/Q -> _18759_/D : -20.723909
[setup reg-reg] _20041_/Q -> _18761_/D : -20.722788
[setup reg-reg] _20041_/Q -> _18757_/D : -20.722574
[setup reg-reg] _20041_/Q -> _18760_/D : -20.722265
[setup reg-reg] _20041_/Q -> _19872_/D : -20.708220
[setup reg-reg] _20041_/Q -> _19831_/D : -20.706772
[setup reg-reg] _20041_/Q -> _19836_/D : -20.705954
[setup reg-reg] _20041_/Q -> _19835_/D : -20.705702
[setup reg-reg] _20041_/Q -> _19832_/D : -20.705437
[setup reg-reg] _20041_/Q -> _19833_/D : -20.698896
[setup reg-reg] _20041_/Q -> _18764_/D : -20.698282
[setup reg-reg] _20041_/Q -> _19838_/D : -20.696447
[setup reg-reg] _20041_/Q -> _19837_/D : -20.694857
[setup reg-reg] _20041_/Q -> _19834_/D : -20.694824
[setup reg-reg] _20041_/Q -> _18562_/D : -20.688519
[setup reg-reg] _20041_/Q -> _19829_/D : -20.658463
[setup reg-reg] _20041_/Q -> _18766_/D : -20.634712
[setup reg-reg] _20041_/Q -> _20139_/D : -20.634193
[setup reg-reg] _20041_/Q -> _20003_/D : -20.616161
[setup reg-reg] _20041_/Q -> _20141_/D : -20.592394
[setup reg-reg] _20041_/Q -> _20140_/D : -20.552853
[setup reg-reg] _20041_/Q -> _19924_/D : -20.538767
[setup reg-reg] _20041_/Q -> _20013_/D : -20.507381
[setup reg-reg] _20041_/Q -> _18756_/D : -20.485003
[setup reg-reg] _20041_/Q -> _19913_/D : -20.484669
[setup reg-reg] _20041_/Q -> _19999_/D : -20.469191
[setup reg-reg] _20041_/Q -> _20015_/D : -20.362312
[setup reg-reg] _20041_/Q -> _20071_/D : -20.329756
[setup reg-reg] _20041_/Q -> _18765_/D : -20.285212
[setup reg-reg] _20041_/Q -> _19996_/D : -20.171276
[setup reg-reg] _20041_/Q -> _18645_/D : -20.163162
[setup reg-reg] _20041_/Q -> _18663_/D : -20.145769
[setup reg-reg] _20041_/Q -> _19914_/D : -20.137201
[setup reg-reg] _20041_/Q -> _20066_/D : -20.083893
[setup reg-reg] _20041_/Q -> _18653_/D : -20.073467
[setup reg-reg] _20041_/Q -> _18654_/D : -20.068544
[setup reg-reg] _20041_/Q -> _18652_/D : -20.037405
[setup reg-reg] _20041_/Q -> _18646_/D : -20.035257
[setup reg-reg] _20041_/Q -> _19989_/D : -20.032591
[setup reg-reg] _20041_/Q -> _18682_/D : -20.032118
[setup reg-reg] _20041_/Q -> _18647_/D : -20.019428
[setup reg-reg] _20041_/Q -> _20020_/D : -20.017879
[setup reg-reg] _20041_/Q -> _19990_/D : -20.004726
[setup reg-reg] _20041_/Q -> _18651_/D : -19.993305
[setup reg-reg] _20041_/Q -> _18650_/D : -19.992493
[setup reg-reg] _20041_/Q -> _18648_/D : -19.991844
[setup reg-reg] _20041_/Q -> _18649_/D : -19.970661
[setup reg-reg] _20041_/Q -> _18755_/D : -19.929823
[setup reg-reg] _20041_/Q -> _18664_/D : -19.922709
[setup reg-reg] _20041_/Q -> _19991_/D : -19.919489
[setup reg-reg] _20041_/Q -> _20016_/D : -19.906494
[setup reg-reg] _20041_/Q -> _20021_/D : -19.893709
[setup reg-reg] _20041_/Q -> _20001_/D : -19.830421
[setup reg-reg] _20041_/Q -> _20068_/D : -19.739944
[setup reg-reg] _20041_/Q -> _20006_/D : -19.738817
[setup reg-reg] _20041_/Q -> _20007_/D : -19.732046
[setup reg-reg] _20041_/Q -> _20067_/D : -19.718842
[setup reg-reg] _20041_/Q -> _20069_/D : -19.717426
[setup reg-reg] _20041_/Q -> _20018_/D : -19.698854
[setup reg-reg] _20041_/Q -> _18560_/D : -19.687559
[setup reg-reg] _20041_/Q -> _18684_/D : -19.662748
[setup reg-reg] _20041_/Q -> _18683_/D : -19.525816
[setup reg-reg] _20041_/Q -> _20023_/D : -19.352608
[setup reg-out] _20041_/Q -> din_ready_o : -19.281847
[setup reg-reg] _20041_/Q -> _18688_/D : -19.242647
[setup reg-reg] _20041_/Q -> _18686_/D : -19.142054
[setup reg-reg] _20041_/Q -> _18693_/D : -19.138073
[setup reg-reg] _20041_/Q -> _18687_/D : -19.114101
[setup reg-reg] _20041_/Q -> _20005_/D : -19.105927
[setup reg-reg] _20041_/Q -> _18753_/D : -18.964930
[setup reg-reg] _20041_/Q -> _18750_/D : -18.962320
[setup reg-reg] _20041_/Q -> _18694_/D : -18.897696
[setup reg-reg] _20041_/Q -> _19138_/D : -18.542376
[setup reg-reg] _20041_/Q -> _18752_/D : -18.473389
[setup reg-reg] _20041_/Q -> _18749_/D : -18.472641
[setup reg-reg] _20041_/Q -> _19131_/D : -18.449512
[setup reg-reg] _20041_/Q -> _19124_/D : -18.431137
[setup reg-reg] _20041_/Q -> _18689_/D : -18.416931
[setup reg-reg] _20041_/Q -> _18690_/D : -18.415955
[setup reg-reg] _20041_/Q -> _19136_/D : -18.411123
[setup reg-reg] _20041_/Q -> _19135_/D : -18.410942
[setup reg-reg] _20041_/Q -> _19125_/D : -18.387133
[setup reg-reg] _20041_/Q -> _19129_/D : -18.373047
[setup reg-reg] _20041_/Q -> _18751_/D : -18.283962
[setup reg-reg] _20041_/Q -> _18754_/D : -18.282644
[setup reg-reg] _20041_/Q -> _18582_/D : -18.251036
[setup reg-reg] _20041_/Q -> _18573_/D : -18.139727
[setup reg-reg] _20041_/Q -> _19090_/D : -18.078089
[setup reg-reg] _20041_/Q -> _19093_/D : -17.965279
[setup reg-reg] _20041_/Q -> _19101_/D : -17.957422
[setup reg-reg] _20041_/Q -> _19096_/D : -17.952368
[setup reg-reg] _20041_/Q -> _19095_/D : -17.952263
[setup reg-reg] _20041_/Q -> _19094_/D : -17.948711
[setup reg-reg] _20041_/Q -> _19092_/D : -17.939623
[setup reg-reg] _20041_/Q -> _19091_/D : -17.919010
[setup reg-reg] _20041_/Q -> _19109_/D : -17.891102
[setup reg-reg] _20041_/Q -> _19073_/D : -17.889597
[setup reg-reg] _20041_/Q -> _19076_/D : -17.839634
[setup reg-reg] _20041_/Q -> _19110_/D : -17.824923
[setup reg-reg] _20041_/Q -> _19103_/D : -17.823595
[setup reg-reg] _20041_/Q -> _19104_/D : -17.823505
[setup reg-reg] _20041_/Q -> _19102_/D : -17.823338
[setup reg-reg] _20041_/Q -> _19105_/D : -17.823040
[setup reg-reg] _20041_/Q -> _19100_/D : -17.822155
[setup reg-reg] _20041_/Q -> _19099_/D : -17.818745
[setup reg-reg] _20041_/Q -> _19097_/D : -17.817133
[setup reg-reg] _20041_/Q -> _19098_/D : -17.813480
[setup reg-reg] _20041_/Q -> _19120_/D : -17.784389
[setup reg-reg] _20041_/Q -> _19116_/D : -17.783972
[setup reg-reg] _20041_/Q -> _19122_/D : -17.780970
[setup reg-reg] _20041_/Q -> _19075_/D : -17.780321
[setup reg-reg] _20041_/Q -> _19113_/D : -17.779921
[setup reg-reg] _20041_/Q -> _19077_/D : -17.774504
[setup reg-reg] _20041_/Q -> _19111_/D : -17.768894
[setup reg-reg] _20041_/Q -> _19078_/D : -17.759460
[setup reg-reg] _20041_/Q -> _19079_/D : -17.748253
[setup reg-reg] _20041_/Q -> _19112_/D : -17.738842
[setup reg-reg] _20041_/Q -> _19074_/D : -17.713709
[setup reg-reg] _20041_/Q -> _19117_/D : -17.680513
[setup reg-reg] _20041_/Q -> _19080_/D : -17.666225
[setup reg-reg] _20041_/Q -> _19086_/D : -17.665422
[setup reg-reg] _20041_/Q -> _19081_/D : -17.665167
[setup reg-reg] _20041_/Q -> _19085_/D : -17.662209
[setup reg-reg] _20041_/Q -> _19083_/D : -17.660412
[setup reg-reg] _20041_/Q -> _19107_/D : -17.660316
[setup reg-reg] _20041_/Q -> _19084_/D : -17.660133
[setup reg-reg] _20041_/Q -> _19082_/D : -17.659815
[setup reg-reg] _20041_/Q -> _19115_/D : -17.656593
[setup reg-reg] _20041_/Q -> _19087_/D : -17.639256
[setup reg-reg] _20041_/Q -> _19088_/D : -17.638443
[setup reg-reg] _20041_/Q -> _18586_/D : -17.634399
[setup reg-reg] _20041_/Q -> _18585_/D : -17.631577
[setup reg-reg] _20041_/Q -> _18581_/D : -17.620291
[setup reg-reg] _20041_/Q -> _18579_/D : -17.618311
[setup reg-reg] _20041_/Q -> _18580_/D : -17.617739
[setup reg-reg] _20041_/Q -> _18578_/D : -17.617071
[setup reg-reg] _20041_/Q -> _18584_/D : -17.613228
[setup reg-reg] _20041_/Q -> _18583_/D : -17.612968
[setup reg-reg] _20041_/Q -> _19089_/D : -17.603130
[setup reg-reg] _20041_/Q -> _19188_/D : -17.573082
[setup reg-reg] _20041_/Q -> _19134_/D : -17.568581
[setup reg-reg] _20041_/Q -> _19133_/D : -17.561472
[setup reg-reg] _20041_/Q -> _19127_/D : -17.547514
[setup reg-reg] _20041_/Q -> _19126_/D : -17.512972
[setup reg-reg] _20041_/Q -> _19106_/D : -17.487247
[setup reg-reg] _20041_/Q -> _19130_/D : -17.457157
[setup reg-reg] _20041_/Q -> _19072_/D : -17.436802
[setup reg-reg] _20041_/Q -> _19139_/D : -17.402630
[setup reg-reg] _20041_/Q -> _19137_/D : -17.396948
[setup reg-reg] _20041_/Q -> _19187_/D : -17.393631
[setup reg-reg] _20041_/Q -> _19189_/D : -17.393383
[setup reg-reg] _20041_/Q -> _19190_/D : -17.392397
[setup reg-reg] _20041_/Q -> _19186_/D : -17.389343
[setup reg-reg] _20041_/Q -> _19132_/D : -17.362202
[setup reg-reg] _20041_/Q -> _19128_/D : -17.342573
[setup reg-reg] _20041_/Q -> _19184_/D : -17.336590
[setup reg-reg] _20041_/Q -> _19191_/D : -17.335257
[setup reg-reg] _20041_/Q -> _20010_/D : -17.273087
[setup reg-reg] _20041_/Q -> _18577_/D : -17.260983
[setup reg-reg] _20041_/Q -> _19185_/D : -17.196899
[setup reg-reg] _20041_/Q -> _19118_/D : -17.179756
[setup reg-reg] _20041_/Q -> _19119_/D : -17.178068
[setup reg-reg] _20041_/Q -> _19178_/D : -17.160563
[setup reg-reg] _20041_/Q -> _19179_/D : -17.158728
[setup reg-reg] _20041_/Q -> _19176_/D : -17.157637
[setup reg-reg] _20041_/Q -> _19177_/D : -17.156927
[setup reg-reg] _20041_/Q -> _20012_/D : -17.103987
[setup reg-reg] _20041_/Q -> _19180_/D : -17.100563
[setup reg-reg] _20041_/Q -> _19181_/D : -17.099977
[setup reg-reg] _20041_/Q -> _19121_/D : -17.076263
[setup reg-reg] _20041_/Q -> _19114_/D : -17.055956
[setup reg-reg] _20041_/Q -> _19123_/D : -17.046099
[setup reg-reg] _20041_/Q -> _19175_/D : -16.962317
[setup reg-reg] _20041_/Q -> _19183_/D : -16.947369
[setup reg-reg] _20041_/Q -> _19182_/D : -16.929684
[setup reg-reg] _20041_/Q -> _19108_/D : -16.913172
[setup reg-reg] _20041_/Q -> _18576_/D : -16.840820
[setup reg-reg] _20041_/Q -> _18572_/D : -16.686577
[setup reg-reg] _20041_/Q -> _19174_/D : -16.633389
[setup reg-reg] _20041_/Q -> _18858_/D : -16.417358
[setup reg-reg] _20041_/Q -> _18570_/D : -16.344490
[setup reg-reg] _20041_/Q -> _18571_/D : -16.303532
[setup reg-reg] _20041_/Q -> _18857_/D : -16.298552
[setup reg-reg] _20041_/Q -> _19070_/D : -15.666251
[setup reg-reg] _20041_/Q -> _19071_/D : -15.595452
[setup reg-reg] _20041_/Q -> _18569_/D : -15.228732
[setup reg-reg] _20041_/Q -> _19321_/D : -14.655438
[setup reg-reg] _20041_/Q -> _19320_/D : -14.632653
[setup reg-reg] _20041_/Q -> _19318_/D : -14.632308
[setup reg-reg] _20041_/Q -> _19322_/D : -14.631307
[setup reg-reg] _20041_/Q -> _19319_/D : -14.627535
[setup reg-reg] _20041_/Q -> _19551_/D : -14.484842
[setup reg-reg] _20041_/Q -> _19539_/D : -14.451154
[setup reg-reg] _20041_/Q -> _19460_/D : -14.402472
[setup reg-reg] _20041_/Q -> _19458_/D : -14.402081
[setup reg-reg] _20041_/Q -> _19542_/D : -14.398282
[setup reg-reg] _20041_/Q -> _19526_/D : -14.394188
[setup reg-reg] _20041_/Q -> _19527_/D : -14.385313
[setup reg-reg] _20041_/Q -> _19531_/D : -14.374937
[setup reg-reg] _20041_/Q -> _19543_/D : -14.369464
[setup reg-reg] _20041_/Q -> _19485_/D : -14.266743
[setup reg-reg] _20041_/Q -> _19487_/D : -14.265083
[setup reg-reg] _20041_/Q -> _19488_/D : -14.264791
[setup reg-reg] _20041_/Q -> _19486_/D : -14.263542
[setup reg-reg] _20041_/Q -> _19477_/D : -14.263495
[setup reg-reg] _20041_/Q -> _19479_/D : -14.261805
[setup reg-reg] _20041_/Q -> _19480_/D : -14.261032
[setup reg-reg] _20041_/Q -> _19484_/D : -14.260419
[setup reg-reg] _20041_/Q -> _19478_/D : -14.258591
[setup reg-reg] _20041_/Q -> _19476_/D : -14.256712
[setup reg-reg] _20041_/Q -> _19454_/D : -14.230601
[setup reg-reg] _20041_/Q -> _19473_/D : -14.177479
[setup reg-reg] _20041_/Q -> _19472_/D : -14.176845
[setup reg-reg] _20041_/Q -> _19455_/D : -14.167816
[setup reg-reg] _20041_/Q -> _19456_/D : -14.167119
[setup reg-reg] _20041_/Q -> _19471_/D : -14.161771
[setup reg-reg] _20041_/Q -> _19294_/D : -14.093143
[setup reg-reg] _20041_/Q -> _19506_/D : -14.082554
[setup reg-reg] _20041_/Q -> _19490_/D : -14.080838
[setup reg-reg] _20041_/Q -> _19483_/D : -14.028788
[setup reg-reg] _20041_/Q -> _19482_/D : -14.026735
[setup reg-reg] _20041_/Q -> _19475_/D : -14.025287
[setup reg-reg] _20041_/Q -> _19474_/D : -14.024593
[setup reg-reg] _20041_/Q -> _19493_/D : -14.023568
[setup reg-reg] _20041_/Q -> _19491_/D : -14.023438
[setup reg-reg] _20041_/Q -> _19489_/D : -14.023051
[setup reg-reg] _20041_/Q -> _19445_/D : -14.023004
[setup reg-reg] _20041_/Q -> _19457_/D : -14.022431
[setup reg-reg] _20041_/Q -> _19523_/D : -14.020765
[setup reg-reg] _20041_/Q -> _19529_/D : -14.016420
[setup reg-reg] _20041_/Q -> _19481_/D : -14.014484
[setup reg-reg] _20041_/Q -> _19462_/D : -13.994649
[setup reg-reg] _20041_/Q -> _19463_/D : -13.993524
[setup reg-reg] _20041_/Q -> _19498_/D : -13.967963
[setup reg-reg] _20041_/Q -> _19503_/D : -13.966326
[setup reg-reg] _20041_/Q -> _19502_/D : -13.965874
[setup reg-reg] _20041_/Q -> _19500_/D : -13.964862
[setup reg-reg] _20041_/Q -> _19497_/D : -13.964524
[setup reg-reg] _20041_/Q -> _19508_/D : -13.962346
[setup reg-reg] _20041_/Q -> _19501_/D : -13.960513
[setup reg-reg] _20041_/Q -> _19541_/D : -13.959252
[setup reg-reg] _20041_/Q -> _19540_/D : -13.959199
[setup reg-reg] _20041_/Q -> _19499_/D : -13.958837
[setup reg-reg] _20041_/Q -> _19519_/D : -13.957270
[setup reg-reg] _20041_/Q -> _19520_/D : -13.955584
[setup reg-reg] _20041_/Q -> _19521_/D : -13.954326
[setup reg-reg] _20041_/Q -> _19505_/D : -13.952740
[setup reg-reg] _20041_/Q -> _19517_/D : -13.952713
[setup reg-reg] _20041_/Q -> _19524_/D : -13.952194
[setup reg-reg] _20041_/Q -> _19518_/D : -13.951922
[setup reg-reg] _20041_/Q -> _19504_/D : -13.951399
[setup reg-reg] _20041_/Q -> _19516_/D : -13.950592
[setup reg-reg] _20041_/Q -> _19515_/D : -13.949101
[setup reg-reg] _20041_/Q -> _19513_/D : -13.948619
[setup reg-reg] _20041_/Q -> _19438_/D : -13.948479
[setup reg-reg] _20041_/Q -> _19512_/D : -13.948397
[setup reg-reg] _20041_/Q -> _19511_/D : -13.947532
[setup reg-reg] _20041_/Q -> _19514_/D : -13.947304
[setup reg-reg] _20041_/Q -> _19492_/D : -13.946045
[setup reg-reg] _20041_/Q -> _19509_/D : -13.942556
[setup reg-reg] _20041_/Q -> _19528_/D : -13.937792
[setup reg-reg] _20041_/Q -> _19494_/D : -13.933880
[setup reg-reg] _20041_/Q -> _19510_/D : -13.932393
[setup reg-reg] _20041_/Q -> _19495_/D : -13.931849
[setup reg-reg] _20041_/Q -> _19544_/D : -13.930002
[setup reg-reg] _20041_/Q -> _19545_/D : -13.929535
[setup reg-reg] _20041_/Q -> _19496_/D : -13.928251
[setup reg-reg] _20041_/Q -> _19507_/D : -13.927899
[setup reg-reg] _20041_/Q -> _19069_/D : -13.810692
[setup reg-reg] _20041_/Q -> _19317_/D : -13.753162
[setup reg-reg] _20041_/Q -> _19442_/D : -13.715511
[setup reg-reg] _20041_/Q -> _19293_/D : -13.540453
[setup reg-reg] _20041_/Q -> _19296_/D : -13.538902
[setup reg-reg] _20041_/Q -> _19323_/D : -13.522913
[setup reg-reg] _20041_/Q -> _19464_/D : -13.270837
[setup reg-reg] _20041_/Q -> _19522_/D : -13.241876
[setup reg-reg] _20041_/Q -> _19525_/D : -13.214715
[setup reg-reg] _20041_/Q -> _19549_/D : -13.181790
[setup reg-reg] _20041_/Q -> _19555_/D : -12.872637
[setup reg-reg] _20041_/Q -> _19453_/D : -12.864817
[setup reg-reg] _20041_/Q -> _19449_/D : -12.863531
[setup reg-reg] _20041_/Q -> _19554_/D : -12.863074
[setup reg-reg] _20041_/Q -> _19468_/D : -12.855557
[setup reg-reg] _20041_/Q -> _19451_/D : -12.855054
[setup reg-reg] _20041_/Q -> _19470_/D : -12.853921
[setup reg-reg] _20041_/Q -> _19466_/D : -12.853861
[setup reg-reg] _20041_/Q -> _19452_/D : -12.853744
[setup reg-reg] _20041_/Q -> _19450_/D : -12.852358
[setup reg-reg] _20041_/Q -> _19469_/D : -12.851944
[setup reg-reg] _20041_/Q -> _19444_/D : -12.784542
[setup reg-reg] _20041_/Q -> _19440_/D : -12.776571
[setup reg-reg] _20041_/Q -> _19441_/D : -12.775052
[setup reg-reg] _20041_/Q -> _19459_/D : -12.770947
[setup reg-reg] _20041_/Q -> _19443_/D : -12.770679
[setup reg-reg] _20041_/Q -> _19461_/D : -12.770256
[setup reg-reg] _20041_/Q -> _19299_/D : -12.765077
[setup reg-reg] _20041_/Q -> _19439_/D : -12.764179
[setup reg-reg] _20041_/Q -> _19448_/D : -12.750463
[setup reg-reg] _20041_/Q -> _19298_/D : -12.712713
[setup reg-reg] _20041_/Q -> _19447_/D : -12.385725
[setup reg-reg] _20041_/Q -> _19446_/D : -12.320945
[setup reg-reg] _20041_/Q -> _19300_/D : -12.225023
[setup reg-reg] _19825_/Q -> _19825_/D : -1.506184
[setup reg-reg] _19825_/Q -> _19826_/D : -1.497709
[setup reg-reg] _19825_/Q -> _19827_/D : -1.476561
[setup reg-reg] _19825_/Q -> _19828_/D : -1.359167
[setup reg-reg] _19825_/Q -> _19816_/D : -0.614934
[setup reg-reg] _19825_/Q -> _20050_/D : -0.414126
[setup reg-reg] _20041_/Q -> _19316_/D : -0.397764
[setup reg-reg] _20041_/Q -> _19292_/D : -0.208935
[setup reg-reg] _20041_/Q -> _19553_/D : -0.115381
[setup reg-reg] _20041_/Q -> _19552_/D : -0.115072
[setup reg-reg] _20041_/Q -> _19467_/D : -0.114628
[setup reg-reg] _20041_/Q -> _19465_/D : -0.114012
[setup reg-reg] _20041_/Q -> _19538_/D : -0.111806
[setup reg-reg] _20041_/Q -> _19532_/D : -0.079723
[setup reg-reg] _20041_/Q -> _19530_/D : -0.079162
[setup reg-reg] _20041_/Q -> _19533_/D : -0.075698
[setup reg-reg] _20041_/Q -> _19537_/D : -0.075429
[setup reg-reg] _20041_/Q -> _19535_/D : -0.073456
[setup reg-reg] _20041_/Q -> _19546_/D : -0.069319
[setup reg-reg] _20041_/Q -> _19548_/D : -0.068464
[setup reg-reg] _20041_/Q -> _19547_/D : -0.068024
[setup reg-reg] _20041_/Q -> _19534_/D : -0.067585
[setup reg-reg] _20041_/Q -> _19536_/D : -0.066811
[setup reg-reg] _20041_/Q -> _19297_/D : -0.038956
Writing metric timing__hold_vio__count__corner:nom_tt_025C_5v00: 164
Writing metric timing__hold_r2r__ws__corner:nom_tt_025C_5v00: 0.318032
Writing metric timing__hold_r2r_vio__count__corner:nom_tt_025C_5v00: 0
Writing metric timing__setup_vio__count__corner:nom_tt_025C_5v00: 1042
Writing metric timing__setup_r2r__ws__corner:nom_tt_025C_5v00: -38.622913
Writing metric timing__setup_r2r_vio__count__corner:nom_tt_025C_5v00: 1041
