Clock: core_clk
Sources: clk 
Generated: no
Virtual: yes
Propagated: no
Period: 16.276043

===========================================================================
report_clock_properties
============================================================================
Clock                   Period          Waveform
----------------------------------------------------
core_clk             16.276043    0.000000  8.138021

===========================================================================
report_clock_latency
============================================================================
Clock core_clk
rise -> rise
    min     max
0.000000 0.000000 source latency
0.462217         network latency _18943_/CLK
        1.230138 network latency _19469_/CLK
---------------
0.462217 1.230138 latency
        0.767921 skew

fall -> fall
    min     max
0.000000 0.000000 source latency
0.462218         network latency _18943_/CLK
        1.230139 network latency _19469_/CLK
---------------
0.462218 1.230139 latency
        0.767921 skew



===========================================================================
report_clock_min_period
============================================================================
core_clk period_min = 68.81 fmax = 14.53
