FULL DEVICE-LEVEL NETGEN LVS SUMMARY
===================================
LAYOUT: Magic 8.3 GDS extract of shrink-area filled team GDS
        SHA-256 f193cb1b7f4ec60f41e8993f662416ed2c2a4e63ae107d213a85d8f4749f3906
        MAGIC_EXT_USE_GDS=1 MAGTYPE=mag
        SRAM: MAGIC_EXT_ABSTRACT_CELLS gf180mcu_fd_ip_sram__sram256x8m8wm1 (LEFview)
SOURCE: filled ECO powered netlist butterfold_top.final.pnl.v
        + official CELL_SPICE_MODELS gf180mcu_fd_sc_mcu9t5v0.spice
        SRAM transistor spice NOT read
SETUP:  /foss/pdks/gf180mcuD/libs.tech/netgen/gf180mcuD_setup.tcl
        -blackbox -json

Final result: Circuits match uniquely.
Number of devices: 11612
Number of nets: 11623
SRAM instances: 2

Circuit 1: butterfold_top                  |Circuit 2: butterfold_top                  
-------------------------------------------|-------------------------------------------
din[6]                                     |din[6]                                     
din[4]                                     |din[4]                                     
din[5]                                     |din[5]                                     
din[0]                                     |din[0]                                     
din[1]                                     |din[1]                                     
din[2]                                     |din[2]                                     
din[7]                                     |din[7]                                     
din[3]                                     |din[3]                                     
din_valid_i                                |din_valid_i                                
din_ready_o                                |din_ready_o                                
dout[2]                                    |dout[2]                                    
dout_valid_o                               |dout_valid_o                               
dout[7]                                    |dout[7]                                    
dout[6]                                    |dout[6]                                    
dout[3]                                    |dout[3]                                    
dout[1]                                    |dout[1]                                    
dout[4]                                    |dout[4]                                    
dout[5]                                    |dout[5]                                    
dout[0]                                    |dout[0]                                    
rst_n                                      |rst_n                                      
VDD                                        |VDD                                        
VSS                                        |VSS                                        
clk                                        |clk                                        
---------------------------------------------------------------------------------------
Cell pin lists are equivalent.
Device classes butterfold_top and butterfold_top are equivalent.

Final result: Circuits match uniquely.
.
