Clock: clk
Sources: clk 
Generated: no
Virtual: yes
Propagated: no
Period: 16.000000

===========================================================================
report_clock_properties
============================================================================
Clock                   Period          Waveform
----------------------------------------------------
clk                  16.000000    0.000000  8.000000

===========================================================================
report_clock_latency
============================================================================
Clock clk
rise -> rise
    min     max
0.000000 0.000000 source latency
0.635473         network latency _795_/CLK
        0.656637 network latency _778_/CLK
---------------
0.635473 0.656637 latency
        0.021164 skew

fall -> fall
    min     max
0.000000 0.000000 source latency
0.658361         network latency _795_/CLK
        0.681878 network latency _778_/CLK
---------------
0.658361 0.681878 latency
        0.023516 skew



===========================================================================
report_clock_min_period
============================================================================
clk period_min = 7.69 fmax = 130.08
