
===========================================================================
report_checks -unconstrained
===========================================================================
======================= max_ss_125C_4v50 Corner ===================================

Startpoint: _21507_ (rising edge-triggered flip-flop clocked by core_clk)
Endpoint: _19761_ (rising edge-triggered flip-flop clocked by core_clk)
Path Group: core_clk
Path Type: max

Fanout         Cap        Slew       Delay        Time   Description
---------------------------------------------------------------------------------------------
                                  0.000000    0.000000   clock core_clk (rise edge)
                                  0.000000    0.000000   clock source latency
     2    0.160888    0.000000    0.000000    0.000000 ^ clk (in)
                                                         clk (net)
                      0.042505    0.017386    0.017386 ^ clkbuf_regs_0_core_clk/I (gf180mcu_fd_sc_mcu9t5v0__clkbuf_16)
     1    0.046361    0.136740    0.285352    0.302737 ^ clkbuf_regs_0_core_clk/Z (gf180mcu_fd_sc_mcu9t5v0__clkbuf_16)
                                                         clk_regs (net)
                      0.136740    0.000138    0.302875 ^ clkbuf_0_clk_regs/I (gf180mcu_fd_sc_mcu9t5v0__clkbuf_16)
     4    0.171497    0.260227    0.390796    0.693671 ^ clkbuf_0_clk_regs/Z (gf180mcu_fd_sc_mcu9t5v0__clkbuf_16)
                                                         clknet_0_clk_regs (net)
                      0.260271    0.005003    0.698674 ^ clkbuf_2_1_0_clk_regs/I (gf180mcu_fd_sc_mcu9t5v0__clkbuf_8)
     2    0.104525    0.299313    0.443816    1.142490 ^ clkbuf_2_1_0_clk_regs/Z (gf180mcu_fd_sc_mcu9t5v0__clkbuf_8)
                                                         clknet_2_1_0_clk_regs (net)
                      0.299316    0.001575    1.144065 ^ clkbuf_3_3__f_clk_regs/I (gf180mcu_fd_sc_mcu9t5v0__clkbuf_16)
    10    0.380922    0.483928    0.563876    1.707942 ^ clkbuf_3_3__f_clk_regs/Z (gf180mcu_fd_sc_mcu9t5v0__clkbuf_16)
                                                         clknet_3_3__leaf_clk_regs (net)
                      0.483929    0.001245    1.709187 ^ clkbuf_leaf_19_clk_regs/I (gf180mcu_fd_sc_mcu9t5v0__clkbuf_8)
    24    0.154240    0.408223    0.554443    2.263630 ^ clkbuf_leaf_19_clk_regs/Z (gf180mcu_fd_sc_mcu9t5v0__clkbuf_8)
                                                         clknet_leaf_19_clk_regs (net)
                      0.408223    0.000661    2.264291 ^ _21507_/CLK (gf180mcu_fd_sc_mcu9t5v0__dffrnq_4)
     3    0.146426    0.823597    2.000942    4.265234 ^ _21507_/Q (gf180mcu_fd_sc_mcu9t5v0__dffrnq_4)
                                                         u_transform_scheduler_core.fft128_active (net)
                      0.823597    0.000201    4.265434 ^ load_slew222/I (gf180mcu_fd_sc_mcu9t5v0__clkbuf_20)
     3    0.145947    0.219546    0.479123    4.744557 ^ load_slew222/Z (gf180mcu_fd_sc_mcu9t5v0__clkbuf_20)
                                                         net222 (net)
                      0.219646    0.007276    4.751833 ^ load_slew221/I (gf180mcu_fd_sc_mcu9t5v0__clkbuf_20)
     2    0.077518    0.152712    0.334770    5.086603 ^ load_slew221/Z (gf180mcu_fd_sc_mcu9t5v0__clkbuf_20)
                                                         net221 (net)
                      0.152721    0.001953    5.088555 ^ _10119_/A2 (gf180mcu_fd_sc_mcu9t5v0__nor2_4)
     2    0.074857    0.603191    0.288449    5.377004 v _10119_/ZN (gf180mcu_fd_sc_mcu9t5v0__nor2_4)
                                                         _05342_ (net)
                      0.603193    0.001683    5.378687 v _10143_/A2 (gf180mcu_fd_sc_mcu9t5v0__and2_4)
     2    0.034956    0.189733    0.562683    5.941370 v _10143_/Z (gf180mcu_fd_sc_mcu9t5v0__and2_4)
                                                         _05366_ (net)
                      0.189733    0.000266    5.941636 v _10150_/B (gf180mcu_fd_sc_mcu9t5v0__oai31_4)
     3    0.059194    1.210780    0.461249    6.402885 ^ _10150_/ZN (gf180mcu_fd_sc_mcu9t5v0__oai31_4)
                                                         _05373_ (net)
                      1.210781    0.002069    6.404954 ^ _10152_/A2 (gf180mcu_fd_sc_mcu9t5v0__or2_4)
     2    0.032841    0.231822    0.467167    6.872122 ^ _10152_/Z (gf180mcu_fd_sc_mcu9t5v0__or2_4)
                                                         _05375_ (net)
                      0.231822    0.000097    6.872219 ^ _10161_/A3 (gf180mcu_fd_sc_mcu9t5v0__nand4_4)
     3    0.049001    0.949267    0.459360    7.331579 v _10161_/ZN (gf180mcu_fd_sc_mcu9t5v0__nand4_4)
                                                         _05384_ (net)
                      0.949267    0.000468    7.332047 v _10163_/A1 (gf180mcu_fd_sc_mcu9t5v0__aoi21_4)
     2    0.024798    0.630870    0.528563    7.860610 ^ _10163_/ZN (gf180mcu_fd_sc_mcu9t5v0__aoi21_4)
                                                         _05386_ (net)
                      0.630870    0.000519    7.861129 ^ _10175_/A1 (gf180mcu_fd_sc_mcu9t5v0__or2_4)
     2    0.032690    0.220284    0.392686    8.253815 ^ _10175_/Z (gf180mcu_fd_sc_mcu9t5v0__or2_4)
                                                         _05398_ (net)
                      0.220284    0.000057    8.253872 ^ _10176_/I (gf180mcu_fd_sc_mcu9t5v0__clkinv_4)
     2    0.034244    0.206313    0.193370    8.447242 v _10176_/ZN (gf180mcu_fd_sc_mcu9t5v0__clkinv_4)
                                                         _05399_ (net)
                      0.206313    0.000091    8.447332 v _10179_/A2 (gf180mcu_fd_sc_mcu9t5v0__nand3_4)
     4    0.068069    0.694096    0.432993    8.880326 ^ _10179_/ZN (gf180mcu_fd_sc_mcu9t5v0__nand3_4)
                                                         _05402_ (net)
                      0.694107    0.004635    8.884961 ^ _10184_/A1 (gf180mcu_fd_sc_mcu9t5v0__oai21_4)
     2    0.118318    1.035860    0.498765    9.383726 v _10184_/ZN (gf180mcu_fd_sc_mcu9t5v0__oai21_4)
                                                         _05407_ (net)
                      1.035862    0.002514    9.386240 v _10185_/I (gf180mcu_fd_sc_mcu9t5v0__clkinv_12)
     2    0.108266    0.379720    0.358276    9.744515 ^ _10185_/ZN (gf180mcu_fd_sc_mcu9t5v0__clkinv_12)
                                                         u_transform_scheduler_core.u_mixed_radix_butterfly.multiply_product_fire (net)
                      0.379728    0.002727    9.747242 ^ load_slew102/I (gf180mcu_fd_sc_mcu9t5v0__clkbuf_20)
     5    0.152504    0.213450    0.406120   10.153363 ^ load_slew102/Z (gf180mcu_fd_sc_mcu9t5v0__clkbuf_20)
                                                         net102 (net)
                      0.213661    0.010041   10.163404 ^ _10194_/A1 (gf180mcu_fd_sc_mcu9t5v0__oai21_4)
     1    0.046825    1.333455    0.238320   10.401724 v _10194_/ZN (gf180mcu_fd_sc_mcu9t5v0__oai21_4)
                                                         _05416_ (net)
                      1.333455    0.000241   10.401965 v rebuffer263/I (gf180mcu_fd_sc_mcu9t5v0__clkbuf_16)
     6    0.194000    0.291202    0.664481   11.066446 v rebuffer263/Z (gf180mcu_fd_sc_mcu9t5v0__clkbuf_16)
                                                         net263 (net)
                      0.292277    0.012113   11.078559 v _10210_/A1 (gf180mcu_fd_sc_mcu9t5v0__aoi21_4)
     4    0.058162    1.085975    0.502035   11.580594 ^ _10210_/ZN (gf180mcu_fd_sc_mcu9t5v0__aoi21_4)
                                                         _05432_ (net)
                      1.085975    0.000546   11.581140 ^ _10211_/C2 (gf180mcu_fd_sc_mcu9t5v0__oai222_4)
     2    0.038431    0.751510    0.638853   12.219994 v _10211_/ZN (gf180mcu_fd_sc_mcu9t5v0__oai222_4)
                                                         _05433_ (net)
                      0.751510    0.000238   12.220231 v _10223_/A3 (gf180mcu_fd_sc_mcu9t5v0__or4_4)
     2    0.037544    0.381803    1.174924   13.395156 v _10223_/Z (gf180mcu_fd_sc_mcu9t5v0__or4_4)
                                                         _05445_ (net)
                      0.381803    0.000398   13.395554 v _10227_/A1 (gf180mcu_fd_sc_mcu9t5v0__oai21_4)
     2    0.069374    0.823917    0.593585   13.989139 ^ _10227_/ZN (gf180mcu_fd_sc_mcu9t5v0__oai21_4)
                                                         _05449_ (net)
                      0.823933    0.005869   13.995008 ^ _10249_/A1 (gf180mcu_fd_sc_mcu9t5v0__aoi21_4)
     4    0.112943    0.671840    0.502428   14.497436 v _10249_/ZN (gf180mcu_fd_sc_mcu9t5v0__aoi21_4)
                                                         _05470_ (net)
                      0.671841    0.001246   14.498682 v _11723_/A1 (gf180mcu_fd_sc_mcu9t5v0__oai31_4)
     7    0.119613    2.021373    1.284409   15.783091 ^ _11723_/ZN (gf180mcu_fd_sc_mcu9t5v0__oai31_4)
                                                         _06762_ (net)
                      2.021388    0.008926   15.792017 ^ _17752_/A2 (gf180mcu_fd_sc_mcu9t5v0__or3_4)
     8    0.181635    0.878194    0.956383   16.748400 ^ _17752_/Z (gf180mcu_fd_sc_mcu9t5v0__or3_4)
                                                         _03724_ (net)
                      0.878232    0.003171   16.751572 ^ _17783_/B (gf180mcu_fd_sc_mcu9t5v0__oai21_4)
     8    0.209806    1.065292    0.764846   17.516417 v _17783_/ZN (gf180mcu_fd_sc_mcu9t5v0__oai21_4)
                                                         _03755_ (net)
                      1.065292    0.001465   17.517883 v _18195_/A3 (gf180mcu_fd_sc_mcu9t5v0__nand3_4)
     2    0.094986    0.961139    0.837488   18.355371 ^ _18195_/ZN (gf180mcu_fd_sc_mcu9t5v0__nand3_4)
                                                         _04039_ (net)
                      0.961141    0.002190   18.357561 ^ max_cap59/I (gf180mcu_fd_sc_mcu9t5v0__clkbuf_16)
     2    0.064792    0.174485    0.463121   18.820683 ^ max_cap59/Z (gf180mcu_fd_sc_mcu9t5v0__clkbuf_16)
                                                         net59 (net)
                      0.174486    0.001096   18.821779 ^ _18196_/I (gf180mcu_fd_sc_mcu9t5v0__inv_2)
     1    0.032337    0.200758    0.172315   18.994095 v _18196_/ZN (gf180mcu_fd_sc_mcu9t5v0__inv_2)
                                                         _04040_ (net)
                      0.200760    0.000904   18.994999 v _18198_/B (gf180mcu_fd_sc_mcu9t5v0__aoi211_4)
     1    0.045025    1.157693    0.823874   19.818872 ^ _18198_/ZN (gf180mcu_fd_sc_mcu9t5v0__aoi211_4)
                                                         _04042_ (net)
                      1.157693    0.000403   19.819275 ^ rebuffer258/I (gf180mcu_fd_sc_mcu9t5v0__buf_12)
     3    0.123844    0.265823    0.439233   20.258509 ^ rebuffer258/Z (gf180mcu_fd_sc_mcu9t5v0__buf_12)
                                                         net258 (net)
                      0.265824    0.001400   20.259909 ^ max_cap26/I (gf180mcu_fd_sc_mcu9t5v0__clkbuf_12)
    13    0.166682    0.312143    0.450294   20.710201 ^ max_cap26/Z (gf180mcu_fd_sc_mcu9t5v0__clkbuf_12)
                                                         net26 (net)
                      0.312223    0.007379   20.717581 ^ _18796_/S (gf180mcu_fd_sc_mcu9t5v0__mux2_1)
     1    0.007121    0.279323    0.811950   21.529531 v _18796_/Z (gf180mcu_fd_sc_mcu9t5v0__mux2_1)
                                                         _01965_ (net)
                      0.279323    0.000073   21.529604 v _19761_/D (gf180mcu_fd_sc_mcu9t5v0__dffq_1)
                                             21.529604   data arrival time

                                 16.276043   16.276043   clock core_clk (rise edge)
                                  0.000000   16.276043   clock source latency
     2    0.160888    0.000000    0.000000   16.276043 ^ clk (in)
                                                         clk (net)
                      0.042505    0.017385   16.293428 ^ clkbuf_regs_0_core_clk/I (gf180mcu_fd_sc_mcu9t5v0__clkbuf_16)
     1    0.046361    0.136740    0.285352   16.578779 ^ clkbuf_regs_0_core_clk/Z (gf180mcu_fd_sc_mcu9t5v0__clkbuf_16)
                                                         clk_regs (net)
                      0.136740    0.000137   16.578917 ^ clkbuf_0_clk_regs/I (gf180mcu_fd_sc_mcu9t5v0__clkbuf_16)
     4    0.171497    0.260227    0.390797   16.969713 ^ clkbuf_0_clk_regs/Z (gf180mcu_fd_sc_mcu9t5v0__clkbuf_16)
                                                         clknet_0_clk_regs (net)
                      0.260311    0.006901   16.976614 ^ clkbuf_2_0_0_clk_regs/I (gf180mcu_fd_sc_mcu9t5v0__clkbuf_8)
     2    0.105092    0.300239    0.444240   17.420855 ^ clkbuf_2_0_0_clk_regs/Z (gf180mcu_fd_sc_mcu9t5v0__clkbuf_8)
                                                         clknet_2_0_0_clk_regs (net)
                      0.300246    0.002164   17.423018 ^ clkbuf_3_1__f_clk_regs/I (gf180mcu_fd_sc_mcu9t5v0__clkbuf_16)
    15    0.427264    0.532929    0.592186   18.015203 ^ clkbuf_3_1__f_clk_regs/Z (gf180mcu_fd_sc_mcu9t5v0__clkbuf_16)
                                                         clknet_3_1__leaf_clk_regs (net)
                      0.533235    0.007526   18.022730 ^ clkbuf_leaf_93_clk_regs/I (gf180mcu_fd_sc_mcu9t5v0__clkbuf_8)
    22    0.156458    0.413369    0.567431   18.590160 ^ clkbuf_leaf_93_clk_regs/Z (gf180mcu_fd_sc_mcu9t5v0__clkbuf_8)
                                                         clknet_leaf_93_clk_regs (net)
                      0.413369    0.000497   18.590658 ^ _19761_/CLK (gf180mcu_fd_sc_mcu9t5v0__dffq_1)
                                  0.000000   18.590658   clock reconvergence pessimism
                                 -0.234889   18.355770   library setup time
                                             18.355770   data required time
---------------------------------------------------------------------------------------------
                                             18.355770   data required time
                                            -21.529604   data arrival time
---------------------------------------------------------------------------------------------
                                             -3.173833   slack (VIOLATED)




===========================================================================
report_checks --slack_max -0.01
============================================================================
======================= max_ss_125C_4v50 Corner ===================================

Startpoint: _21507_ (rising edge-triggered flip-flop clocked by core_clk)
Endpoint: _19761_ (rising edge-triggered flip-flop clocked by core_clk)
Path Group: core_clk
Path Type: max

Fanout         Cap        Slew       Delay        Time   Description
---------------------------------------------------------------------------------------------
                                  0.000000    0.000000   clock core_clk (rise edge)
                                  0.000000    0.000000   clock source latency
     2    0.160888    0.000000    0.000000    0.000000 ^ clk (in)
                                                         clk (net)
                      0.042505    0.017386    0.017386 ^ clkbuf_regs_0_core_clk/I (gf180mcu_fd_sc_mcu9t5v0__clkbuf_16)
     1    0.046361    0.136740    0.285352    0.302737 ^ clkbuf_regs_0_core_clk/Z (gf180mcu_fd_sc_mcu9t5v0__clkbuf_16)
                                                         clk_regs (net)
                      0.136740    0.000138    0.302875 ^ clkbuf_0_clk_regs/I (gf180mcu_fd_sc_mcu9t5v0__clkbuf_16)
     4    0.171497    0.260227    0.390796    0.693671 ^ clkbuf_0_clk_regs/Z (gf180mcu_fd_sc_mcu9t5v0__clkbuf_16)
                                                         clknet_0_clk_regs (net)
                      0.260271    0.005003    0.698674 ^ clkbuf_2_1_0_clk_regs/I (gf180mcu_fd_sc_mcu9t5v0__clkbuf_8)
     2    0.104525    0.299313    0.443816    1.142490 ^ clkbuf_2_1_0_clk_regs/Z (gf180mcu_fd_sc_mcu9t5v0__clkbuf_8)
                                                         clknet_2_1_0_clk_regs (net)
                      0.299316    0.001575    1.144065 ^ clkbuf_3_3__f_clk_regs/I (gf180mcu_fd_sc_mcu9t5v0__clkbuf_16)
    10    0.380922    0.483928    0.563876    1.707942 ^ clkbuf_3_3__f_clk_regs/Z (gf180mcu_fd_sc_mcu9t5v0__clkbuf_16)
                                                         clknet_3_3__leaf_clk_regs (net)
                      0.483929    0.001245    1.709187 ^ clkbuf_leaf_19_clk_regs/I (gf180mcu_fd_sc_mcu9t5v0__clkbuf_8)
    24    0.154240    0.408223    0.554443    2.263630 ^ clkbuf_leaf_19_clk_regs/Z (gf180mcu_fd_sc_mcu9t5v0__clkbuf_8)
                                                         clknet_leaf_19_clk_regs (net)
                      0.408223    0.000661    2.264291 ^ _21507_/CLK (gf180mcu_fd_sc_mcu9t5v0__dffrnq_4)
     3    0.146426    0.823597    2.000942    4.265234 ^ _21507_/Q (gf180mcu_fd_sc_mcu9t5v0__dffrnq_4)
                                                         u_transform_scheduler_core.fft128_active (net)
                      0.823597    0.000201    4.265434 ^ load_slew222/I (gf180mcu_fd_sc_mcu9t5v0__clkbuf_20)
     3    0.145947    0.219546    0.479123    4.744557 ^ load_slew222/Z (gf180mcu_fd_sc_mcu9t5v0__clkbuf_20)
                                                         net222 (net)
                      0.219646    0.007276    4.751833 ^ load_slew221/I (gf180mcu_fd_sc_mcu9t5v0__clkbuf_20)
     2    0.077518    0.152712    0.334770    5.086603 ^ load_slew221/Z (gf180mcu_fd_sc_mcu9t5v0__clkbuf_20)
                                                         net221 (net)
                      0.152721    0.001953    5.088555 ^ _10119_/A2 (gf180mcu_fd_sc_mcu9t5v0__nor2_4)
     2    0.074857    0.603191    0.288449    5.377004 v _10119_/ZN (gf180mcu_fd_sc_mcu9t5v0__nor2_4)
                                                         _05342_ (net)
                      0.603193    0.001683    5.378687 v _10143_/A2 (gf180mcu_fd_sc_mcu9t5v0__and2_4)
     2    0.034956    0.189733    0.562683    5.941370 v _10143_/Z (gf180mcu_fd_sc_mcu9t5v0__and2_4)
                                                         _05366_ (net)
                      0.189733    0.000266    5.941636 v _10150_/B (gf180mcu_fd_sc_mcu9t5v0__oai31_4)
     3    0.059194    1.210780    0.461249    6.402885 ^ _10150_/ZN (gf180mcu_fd_sc_mcu9t5v0__oai31_4)
                                                         _05373_ (net)
                      1.210781    0.002069    6.404954 ^ _10152_/A2 (gf180mcu_fd_sc_mcu9t5v0__or2_4)
     2    0.032841    0.231822    0.467167    6.872122 ^ _10152_/Z (gf180mcu_fd_sc_mcu9t5v0__or2_4)
                                                         _05375_ (net)
                      0.231822    0.000097    6.872219 ^ _10161_/A3 (gf180mcu_fd_sc_mcu9t5v0__nand4_4)
     3    0.049001    0.949267    0.459360    7.331579 v _10161_/ZN (gf180mcu_fd_sc_mcu9t5v0__nand4_4)
                                                         _05384_ (net)
                      0.949267    0.000468    7.332047 v _10163_/A1 (gf180mcu_fd_sc_mcu9t5v0__aoi21_4)
     2    0.024798    0.630870    0.528563    7.860610 ^ _10163_/ZN (gf180mcu_fd_sc_mcu9t5v0__aoi21_4)
                                                         _05386_ (net)
                      0.630870    0.000519    7.861129 ^ _10175_/A1 (gf180mcu_fd_sc_mcu9t5v0__or2_4)
     2    0.032690    0.220284    0.392686    8.253815 ^ _10175_/Z (gf180mcu_fd_sc_mcu9t5v0__or2_4)
                                                         _05398_ (net)
                      0.220284    0.000057    8.253872 ^ _10176_/I (gf180mcu_fd_sc_mcu9t5v0__clkinv_4)
     2    0.034244    0.206313    0.193370    8.447242 v _10176_/ZN (gf180mcu_fd_sc_mcu9t5v0__clkinv_4)
                                                         _05399_ (net)
                      0.206313    0.000091    8.447332 v _10179_/A2 (gf180mcu_fd_sc_mcu9t5v0__nand3_4)
     4    0.068069    0.694096    0.432993    8.880326 ^ _10179_/ZN (gf180mcu_fd_sc_mcu9t5v0__nand3_4)
                                                         _05402_ (net)
                      0.694107    0.004635    8.884961 ^ _10184_/A1 (gf180mcu_fd_sc_mcu9t5v0__oai21_4)
     2    0.118318    1.035860    0.498765    9.383726 v _10184_/ZN (gf180mcu_fd_sc_mcu9t5v0__oai21_4)
                                                         _05407_ (net)
                      1.035862    0.002514    9.386240 v _10185_/I (gf180mcu_fd_sc_mcu9t5v0__clkinv_12)
     2    0.108266    0.379720    0.358276    9.744515 ^ _10185_/ZN (gf180mcu_fd_sc_mcu9t5v0__clkinv_12)
                                                         u_transform_scheduler_core.u_mixed_radix_butterfly.multiply_product_fire (net)
                      0.379728    0.002727    9.747242 ^ load_slew102/I (gf180mcu_fd_sc_mcu9t5v0__clkbuf_20)
     5    0.152504    0.213450    0.406120   10.153363 ^ load_slew102/Z (gf180mcu_fd_sc_mcu9t5v0__clkbuf_20)
                                                         net102 (net)
                      0.213661    0.010041   10.163404 ^ _10194_/A1 (gf180mcu_fd_sc_mcu9t5v0__oai21_4)
     1    0.046825    1.333455    0.238320   10.401724 v _10194_/ZN (gf180mcu_fd_sc_mcu9t5v0__oai21_4)
                                                         _05416_ (net)
                      1.333455    0.000241   10.401965 v rebuffer263/I (gf180mcu_fd_sc_mcu9t5v0__clkbuf_16)
     6    0.194000    0.291202    0.664481   11.066446 v rebuffer263/Z (gf180mcu_fd_sc_mcu9t5v0__clkbuf_16)
                                                         net263 (net)
                      0.292277    0.012113   11.078559 v _10210_/A1 (gf180mcu_fd_sc_mcu9t5v0__aoi21_4)
     4    0.058162    1.085975    0.502035   11.580594 ^ _10210_/ZN (gf180mcu_fd_sc_mcu9t5v0__aoi21_4)
                                                         _05432_ (net)
                      1.085975    0.000546   11.581140 ^ _10211_/C2 (gf180mcu_fd_sc_mcu9t5v0__oai222_4)
     2    0.038431    0.751510    0.638853   12.219994 v _10211_/ZN (gf180mcu_fd_sc_mcu9t5v0__oai222_4)
                                                         _05433_ (net)
                      0.751510    0.000238   12.220231 v _10223_/A3 (gf180mcu_fd_sc_mcu9t5v0__or4_4)
     2    0.037544    0.381803    1.174924   13.395156 v _10223_/Z (gf180mcu_fd_sc_mcu9t5v0__or4_4)
                                                         _05445_ (net)
                      0.381803    0.000398   13.395554 v _10227_/A1 (gf180mcu_fd_sc_mcu9t5v0__oai21_4)
     2    0.069374    0.823917    0.593585   13.989139 ^ _10227_/ZN (gf180mcu_fd_sc_mcu9t5v0__oai21_4)
                                                         _05449_ (net)
                      0.823933    0.005869   13.995008 ^ _10249_/A1 (gf180mcu_fd_sc_mcu9t5v0__aoi21_4)
     4    0.112943    0.671840    0.502428   14.497436 v _10249_/ZN (gf180mcu_fd_sc_mcu9t5v0__aoi21_4)
                                                         _05470_ (net)
                      0.671841    0.001246   14.498682 v _11723_/A1 (gf180mcu_fd_sc_mcu9t5v0__oai31_4)
     7    0.119613    2.021373    1.284409   15.783091 ^ _11723_/ZN (gf180mcu_fd_sc_mcu9t5v0__oai31_4)
                                                         _06762_ (net)
                      2.021388    0.008926   15.792017 ^ _17752_/A2 (gf180mcu_fd_sc_mcu9t5v0__or3_4)
     8    0.181635    0.878194    0.956383   16.748400 ^ _17752_/Z (gf180mcu_fd_sc_mcu9t5v0__or3_4)
                                                         _03724_ (net)
                      0.878232    0.003171   16.751572 ^ _17783_/B (gf180mcu_fd_sc_mcu9t5v0__oai21_4)
     8    0.209806    1.065292    0.764846   17.516417 v _17783_/ZN (gf180mcu_fd_sc_mcu9t5v0__oai21_4)
                                                         _03755_ (net)
                      1.065292    0.001465   17.517883 v _18195_/A3 (gf180mcu_fd_sc_mcu9t5v0__nand3_4)
     2    0.094986    0.961139    0.837488   18.355371 ^ _18195_/ZN (gf180mcu_fd_sc_mcu9t5v0__nand3_4)
                                                         _04039_ (net)
                      0.961141    0.002190   18.357561 ^ max_cap59/I (gf180mcu_fd_sc_mcu9t5v0__clkbuf_16)
     2    0.064792    0.174485    0.463121   18.820683 ^ max_cap59/Z (gf180mcu_fd_sc_mcu9t5v0__clkbuf_16)
                                                         net59 (net)
                      0.174486    0.001096   18.821779 ^ _18196_/I (gf180mcu_fd_sc_mcu9t5v0__inv_2)
     1    0.032337    0.200758    0.172315   18.994095 v _18196_/ZN (gf180mcu_fd_sc_mcu9t5v0__inv_2)
                                                         _04040_ (net)
                      0.200760    0.000904   18.994999 v _18198_/B (gf180mcu_fd_sc_mcu9t5v0__aoi211_4)
     1    0.045025    1.157693    0.823874   19.818872 ^ _18198_/ZN (gf180mcu_fd_sc_mcu9t5v0__aoi211_4)
                                                         _04042_ (net)
                      1.157693    0.000403   19.819275 ^ rebuffer258/I (gf180mcu_fd_sc_mcu9t5v0__buf_12)
     3    0.123844    0.265823    0.439233   20.258509 ^ rebuffer258/Z (gf180mcu_fd_sc_mcu9t5v0__buf_12)
                                                         net258 (net)
                      0.265824    0.001400   20.259909 ^ max_cap26/I (gf180mcu_fd_sc_mcu9t5v0__clkbuf_12)
    13    0.166682    0.312143    0.450294   20.710201 ^ max_cap26/Z (gf180mcu_fd_sc_mcu9t5v0__clkbuf_12)
                                                         net26 (net)
                      0.312223    0.007379   20.717581 ^ _18796_/S (gf180mcu_fd_sc_mcu9t5v0__mux2_1)
     1    0.007121    0.279323    0.811950   21.529531 v _18796_/Z (gf180mcu_fd_sc_mcu9t5v0__mux2_1)
                                                         _01965_ (net)
                      0.279323    0.000073   21.529604 v _19761_/D (gf180mcu_fd_sc_mcu9t5v0__dffq_1)
                                             21.529604   data arrival time

                                 16.276043   16.276043   clock core_clk (rise edge)
                                  0.000000   16.276043   clock source latency
     2    0.160888    0.000000    0.000000   16.276043 ^ clk (in)
                                                         clk (net)
                      0.042505    0.017385   16.293428 ^ clkbuf_regs_0_core_clk/I (gf180mcu_fd_sc_mcu9t5v0__clkbuf_16)
     1    0.046361    0.136740    0.285352   16.578779 ^ clkbuf_regs_0_core_clk/Z (gf180mcu_fd_sc_mcu9t5v0__clkbuf_16)
                                                         clk_regs (net)
                      0.136740    0.000137   16.578917 ^ clkbuf_0_clk_regs/I (gf180mcu_fd_sc_mcu9t5v0__clkbuf_16)
     4    0.171497    0.260227    0.390797   16.969713 ^ clkbuf_0_clk_regs/Z (gf180mcu_fd_sc_mcu9t5v0__clkbuf_16)
                                                         clknet_0_clk_regs (net)
                      0.260311    0.006901   16.976614 ^ clkbuf_2_0_0_clk_regs/I (gf180mcu_fd_sc_mcu9t5v0__clkbuf_8)
     2    0.105092    0.300239    0.444240   17.420855 ^ clkbuf_2_0_0_clk_regs/Z (gf180mcu_fd_sc_mcu9t5v0__clkbuf_8)
                                                         clknet_2_0_0_clk_regs (net)
                      0.300246    0.002164   17.423018 ^ clkbuf_3_1__f_clk_regs/I (gf180mcu_fd_sc_mcu9t5v0__clkbuf_16)
    15    0.427264    0.532929    0.592186   18.015203 ^ clkbuf_3_1__f_clk_regs/Z (gf180mcu_fd_sc_mcu9t5v0__clkbuf_16)
                                                         clknet_3_1__leaf_clk_regs (net)
                      0.533235    0.007526   18.022730 ^ clkbuf_leaf_93_clk_regs/I (gf180mcu_fd_sc_mcu9t5v0__clkbuf_8)
    22    0.156458    0.413369    0.567431   18.590160 ^ clkbuf_leaf_93_clk_regs/Z (gf180mcu_fd_sc_mcu9t5v0__clkbuf_8)
                                                         clknet_leaf_93_clk_regs (net)
                      0.413369    0.000497   18.590658 ^ _19761_/CLK (gf180mcu_fd_sc_mcu9t5v0__dffq_1)
                                  0.000000   18.590658   clock reconvergence pessimism
                                 -0.234889   18.355770   library setup time
                                             18.355770   data required time
---------------------------------------------------------------------------------------------
                                             18.355770   data required time
                                            -21.529604   data arrival time
---------------------------------------------------------------------------------------------
                                             -3.173833   slack (VIOLATED)




===========================================================================
 report_check_types -max_slew -max_cap -max_fanout -violators
============================================================================
======================= max_ss_125C_4v50 Corner ===================================



===========================================================================
report_parasitic_annotation -report_unannotated
============================================================================
Found 98 unannotated drivers.
 clkload0/ZN
 clkload1/ZN
 clkload10/ZN
 clkload11/ZN
 clkload12/ZN
 clkload13/ZN
 clkload14/ZN
 clkload15/ZN
 clkload16/ZN
 clkload17/Z
 clkload18/ZN
 clkload19/ZN
 clkload2/ZN
 clkload20/Z
 clkload21/ZN
 clkload22/ZN
 clkload23/ZN
 clkload24/ZN
 clkload25/ZN
 clkload26/ZN
 clkload27/ZN
 clkload28/ZN
 clkload29/ZN
 clkload3/ZN
 clkload30/ZN
 clkload31/ZN
 clkload32/ZN
 clkload33/ZN
 clkload34/ZN
 clkload35/Z
 clkload36/ZN
 clkload37/ZN
 clkload38/ZN
 clkload39/ZN
 clkload4/ZN
 clkload40/ZN
 clkload41/ZN
 clkload42/ZN
 clkload43/ZN
 clkload44/ZN
 clkload45/Z
 clkload46/ZN
 clkload47/ZN
 clkload48/ZN
 clkload49/Z
 clkload5/ZN
 clkload50/ZN
 clkload51/ZN
 clkload52/ZN
 clkload53/ZN
 clkload54/ZN
 clkload55/ZN
 clkload56/ZN
 clkload57/ZN
 clkload58/ZN
 clkload59/Z
 clkload6/ZN
 clkload60/ZN
 clkload61/ZN
 clkload62/ZN
 clkload63/ZN
 clkload64/Z
 clkload65/ZN
 clkload66/ZN
 clkload67/ZN
 clkload68/Z
 clkload69/ZN
 clkload7/ZN
 clkload70/ZN
 clkload71/Z
 clkload72/ZN
 clkload73/ZN
 clkload74/ZN
 clkload75/ZN
 clkload76/ZN
 clkload77/ZN
 clkload78/ZN
 clkload79/ZN
 clkload8/ZN
 clkload80/ZN
 clkload81/ZN
 clkload82/ZN
 clkload83/ZN
 clkload84/ZN
 clkload85/ZN
 clkload86/ZN
 clkload87/Z
 clkload88/ZN
 clkload89/ZN
 clkload9/ZN
 clkload90/ZN
 clkload91/ZN
 clkload92/Z
 clkload93/Z
 clkload94/ZN
 clkload95/ZN
 clkload96/Z
 clkload97/ZN
Found 0 partially unannotated drivers.

===========================================================================
max slew violation count 0
Writing metric design__max_slew_violation__count__corner:max_ss_125C_4v50: 0
max fanout violation count 0
Writing metric design__max_fanout_violation__count__corner:max_ss_125C_4v50: 0
max cap violation count 0
Writing metric design__max_cap_violation__count__corner:max_ss_125C_4v50: 0
============================================================================

===========================================================================
check_setup -verbose -unconstrained_endpoints -multiple_clock -no_clock -no_input_delay -loops -generated_clocks
===========================================================================
