
===========================================================================
Violator List
============================================================================
[setup reg-reg] _21507_/Q -> _19761_/D : -3.173833
[setup reg-reg] _21507_/Q -> _19453_/D : -3.161933
[setup reg-reg] _21507_/Q -> _19573_/D : -3.159117
[setup reg-reg] _21507_/Q -> _19564_/D : -3.153016
[setup reg-reg] _21507_/Q -> _19757_/D : -3.152621
[setup reg-reg] _21507_/Q -> _19654_/D : -3.152387
[setup reg-reg] _21507_/Q -> _19755_/D : -3.149985
[setup reg-reg] _21507_/Q -> _19565_/D : -3.149138
[setup reg-reg] _21507_/Q -> _19571_/D : -3.148673
[setup reg-reg] _21507_/Q -> _19572_/D : -3.148307
[setup reg-reg] _21507_/Q -> _19756_/D : -3.148081
[setup reg-reg] _21507_/Q -> _19462_/D : -3.147710
[setup reg-reg] _21507_/Q -> _19566_/D : -3.143601
[setup reg-reg] _21507_/Q -> _19510_/D : -3.142937
[setup reg-reg] _21507_/Q -> _19567_/D : -3.142317
[setup reg-reg] _21507_/Q -> _19702_/D : -3.138997
[setup reg-reg] _21507_/Q -> _19734_/D : -3.138821
[setup reg-reg] _21507_/Q -> _19700_/D : -3.138290
[setup reg-reg] _21507_/Q -> _19568_/D : -3.138194
[setup reg-reg] _21507_/Q -> _19538_/D : -3.137744
[setup reg-reg] _21507_/Q -> _19732_/D : -3.136604
[setup reg-reg] _21507_/Q -> _19461_/D : -3.135817
[setup reg-reg] _21507_/Q -> _19542_/D : -3.134069
[setup reg-reg] _21507_/Q -> _19745_/D : -3.132653
[setup reg-reg] _21507_/Q -> _19457_/D : -3.132529
[setup reg-reg] _21507_/Q -> _19537_/D : -3.131664
[setup reg-reg] _21507_/Q -> _19759_/D : -3.131547
[setup reg-reg] _21507_/Q -> _19651_/D : -3.130413
[setup reg-reg] _21507_/Q -> _19733_/D : -3.130244
[setup reg-reg] _21507_/Q -> _19508_/D : -3.130049
[setup reg-reg] _21507_/Q -> _19509_/D : -3.129726
[setup reg-reg] _21507_/Q -> _19505_/D : -3.128960
[setup reg-reg] _21507_/Q -> _19730_/D : -3.128323
[setup reg-reg] _21507_/Q -> _19731_/D : -3.127546
[setup reg-reg] _21507_/Q -> _19750_/D : -3.127493
[setup reg-reg] _21507_/Q -> _19497_/D : -3.127287
[setup reg-reg] _21507_/Q -> _19442_/D : -3.126745
[setup reg-reg] _21507_/Q -> _19504_/D : -3.126498
[setup reg-reg] _21507_/Q -> _19458_/D : -3.126360
[setup reg-reg] _21507_/Q -> _19653_/D : -3.126131
[setup reg-reg] _21507_/Q -> _19688_/D : -3.125479
[setup reg-reg] _21507_/Q -> _19690_/D : -3.125219
[setup reg-reg] _21507_/Q -> _19692_/D : -3.124742
[setup reg-reg] _21507_/Q -> _19638_/D : -3.124717
[setup reg-reg] _21507_/Q -> _19637_/D : -3.124017
[setup reg-reg] _21507_/Q -> _19689_/D : -3.123757
[setup reg-reg] _21507_/Q -> _19456_/D : -3.123704
[setup reg-reg] _21507_/Q -> _19652_/D : -3.122962
[setup reg-reg] _21507_/Q -> _19691_/D : -3.122240
[setup reg-reg] _21507_/Q -> _19536_/D : -3.121999
[setup reg-reg] _21507_/Q -> _19635_/D : -3.121899
[setup reg-reg] _21507_/Q -> _19541_/D : -3.121821
[setup reg-reg] _21507_/Q -> _19554_/D : -3.121651
[setup reg-reg] _21507_/Q -> _19693_/D : -3.121496
[setup reg-reg] _21507_/Q -> _19748_/D : -3.120384
[setup reg-reg] _21507_/Q -> _19502_/D : -3.120034
[setup reg-reg] _21507_/Q -> _19507_/D : -3.119629
[setup reg-reg] _21507_/Q -> _19558_/D : -3.119000
[setup reg-reg] _21507_/Q -> _19650_/D : -3.117430
[setup reg-reg] _21507_/Q -> _19459_/D : -3.116410
[setup reg-reg] _21507_/Q -> _19454_/D : -3.116019
[setup reg-reg] _21507_/Q -> _19500_/D : -3.115888
[setup reg-reg] _21507_/Q -> _19501_/D : -3.115581
[setup reg-reg] _21507_/Q -> _19445_/D : -3.115345
[setup reg-reg] _21507_/Q -> _19728_/D : -3.115096
[setup reg-reg] _21507_/Q -> _19441_/D : -3.113101
[setup reg-reg] _21507_/Q -> _19460_/D : -3.112953
[setup reg-reg] _21507_/Q -> _19539_/D : -3.112708
[setup reg-reg] _21507_/Q -> _19747_/D : -3.112447
[setup reg-reg] _21507_/Q -> _19746_/D : -3.112392
[setup reg-reg] _21507_/Q -> _19634_/D : -3.112223
[setup reg-reg] _21507_/Q -> _19499_/D : -3.112069
[setup reg-reg] _21507_/Q -> _19540_/D : -3.111632
[setup reg-reg] _21507_/Q -> _19695_/D : -3.111598
[setup reg-reg] _21507_/Q -> _19636_/D : -3.111545
[setup reg-reg] _21507_/Q -> _19648_/D : -3.111532
[setup reg-reg] _21507_/Q -> _19446_/D : -3.111385
[setup reg-reg] _21507_/Q -> _19749_/D : -3.110916
[setup reg-reg] _21507_/Q -> _19535_/D : -3.110348
[setup reg-reg] _21507_/Q -> _19553_/D : -3.109356
[setup reg-reg] _21507_/Q -> _19443_/D : -3.106774
[setup reg-reg] _21507_/Q -> _19744_/D : -3.106681
[setup reg-reg] _21507_/Q -> _19630_/D : -3.105976
[setup reg-reg] _21507_/Q -> _19534_/D : -3.105310
[setup reg-reg] _21507_/Q -> _19649_/D : -3.104558
[setup reg-reg] _21507_/Q -> _19556_/D : -3.101088
[setup reg-reg] _21507_/Q -> _19632_/D : -3.100292
[setup reg-reg] _21507_/Q -> _19643_/D : -3.099189
[setup reg-reg] _21507_/Q -> _19444_/D : -3.098672
[setup reg-reg] _21507_/Q -> _19798_/D : -3.098521
[setup reg-reg] _21507_/Q -> _19439_/D : -3.096797
[setup reg-reg] _21507_/Q -> _19452_/D : -3.096080
[setup reg-reg] _21507_/Q -> _19794_/D : -3.094609
[setup reg-reg] _21507_/Q -> _19551_/D : -3.094588
[setup reg-reg] _21507_/Q -> _19795_/D : -3.092636
[setup reg-reg] _21507_/Q -> _19602_/D : -3.092351
[setup reg-reg] _21507_/Q -> _19741_/D : -3.088315
[setup reg-reg] _21507_/Q -> _19797_/D : -3.087312
[setup reg-reg] _21507_/Q -> _19599_/D : -3.086189
[setup reg-reg] _21507_/Q -> _19642_/D : -3.085969
[setup reg-reg] _21507_/Q -> _19548_/D : -3.085772
[setup reg-reg] _21507_/Q -> _19451_/D : -3.085765
[setup reg-reg] _21507_/Q -> _19644_/D : -3.085477
[setup reg-reg] _21507_/Q -> _19796_/D : -3.084818
[setup reg-reg] _21507_/Q -> _19764_/D : -3.083805
[setup reg-reg] _21507_/Q -> _19603_/D : -3.082974
[setup reg-reg] _21507_/Q -> _19547_/D : -3.082141
[setup reg-reg] _21507_/Q -> _19601_/D : -3.081818
[setup reg-reg] _21507_/Q -> _19606_/D : -3.081649
[setup reg-reg] _21507_/Q -> _19647_/D : -3.081411
[setup reg-reg] _21507_/Q -> _19789_/D : -3.081265
[setup reg-reg] _21507_/Q -> _19449_/D : -3.081084
[setup reg-reg] _21507_/Q -> _19605_/D : -3.081029
[setup reg-reg] _21507_/Q -> _19739_/D : -3.080926
[setup reg-reg] _21507_/Q -> _19455_/D : -3.080434
[setup reg-reg] _21507_/Q -> _19557_/D : -3.080261
[setup reg-reg] _21507_/Q -> _19550_/D : -3.079482
[setup reg-reg] _21507_/Q -> _19574_/D : -3.079458
[setup reg-reg] _21507_/Q -> _19645_/D : -3.079137
[setup reg-reg] _21507_/Q -> _19646_/D : -3.078066
[setup reg-reg] _21507_/Q -> _19552_/D : -3.077878
[setup reg-reg] _21507_/Q -> _19596_/D : -3.076854
[setup reg-reg] _21507_/Q -> _19774_/D : -3.076837
[setup reg-reg] _21507_/Q -> _19581_/D : -3.076686
[setup reg-reg] _21507_/Q -> _19766_/D : -3.076494
[setup reg-reg] _21507_/Q -> _19793_/D : -3.076018
[setup reg-reg] _21507_/Q -> _19792_/D : -3.075334
[setup reg-reg] _21507_/Q -> _19604_/D : -3.074806
[setup reg-reg] _21507_/Q -> _19549_/D : -3.074398
[setup reg-reg] _21507_/Q -> _19437_/D : -3.074305
[setup reg-reg] _21507_/Q -> _19763_/D : -3.074023
[setup reg-reg] _21507_/Q -> _19586_/D : -3.073385
[setup reg-reg] _21507_/Q -> _19555_/D : -3.071664
[setup reg-reg] _21507_/Q -> _19718_/D : -3.070834
[setup reg-reg] _21507_/Q -> _19585_/D : -3.070202
[setup reg-reg] _21507_/Q -> _19600_/D : -3.068173
[setup reg-reg] _21507_/Q -> _19778_/D : -3.066919
[setup reg-reg] _21507_/Q -> _19781_/D : -3.066845
[setup reg-reg] _21507_/Q -> _19791_/D : -3.066591
[setup reg-reg] _21507_/Q -> _19598_/D : -3.066464
[setup reg-reg] _21507_/Q -> _19716_/D : -3.066344
[setup reg-reg] _21507_/Q -> _19570_/D : -3.065619
[setup reg-reg] _21507_/Q -> _19762_/D : -3.065560
[setup reg-reg] _21507_/Q -> _19715_/D : -3.064970
[setup reg-reg] _21507_/Q -> _19787_/D : -3.064761
[setup reg-reg] _21507_/Q -> _19743_/D : -3.064679
[setup reg-reg] _21507_/Q -> _19710_/D : -3.061061
[setup reg-reg] _21507_/Q -> _19588_/D : -3.061049
[setup reg-reg] _21507_/Q -> _19765_/D : -3.060992
[setup reg-reg] _21507_/Q -> _19717_/D : -3.058991
[setup reg-reg] _21507_/Q -> _19782_/D : -3.058741
[setup reg-reg] _21507_/Q -> _19779_/D : -3.057581
[setup reg-reg] _21507_/Q -> _19569_/D : -3.057208
[setup reg-reg] _21507_/Q -> _19545_/D : -3.055913
[setup reg-reg] _21507_/Q -> _19760_/D : -3.055076
[setup reg-reg] _21507_/Q -> _19740_/D : -3.054600
[setup reg-reg] _21507_/Q -> _19613_/D : -3.054014
[setup reg-reg] _21507_/Q -> _19738_/D : -3.053074
[setup reg-reg] _21507_/Q -> _19737_/D : -3.052630
[setup reg-reg] _21507_/Q -> _19709_/D : -3.049241
[setup reg-reg] _21507_/Q -> _19776_/D : -3.048316
[setup reg-reg] _21507_/Q -> _19712_/D : -3.047649
[setup reg-reg] _21507_/Q -> _19589_/D : -3.044436
[setup reg-reg] _21507_/Q -> _19562_/D : -3.042892
[setup reg-reg] _21507_/Q -> _19530_/D : -3.042837
[setup reg-reg] _21507_/Q -> _19580_/D : -3.042215
[setup reg-reg] _21507_/Q -> _19706_/D : -3.041548
[setup reg-reg] _21507_/Q -> _19758_/D : -3.041425
[setup reg-reg] _21507_/Q -> _19707_/D : -3.041327
[setup reg-reg] _21507_/Q -> _19708_/D : -3.039762
[setup reg-reg] _21507_/Q -> _19754_/D : -3.039027
[setup reg-reg] _21507_/Q -> _19773_/D : -3.038629
[setup reg-reg] _21507_/Q -> _19751_/D : -3.038373
[setup reg-reg] _21507_/Q -> _19705_/D : -3.038137
[setup reg-reg] _21507_/Q -> _19561_/D : -3.037979
[setup reg-reg] _21507_/Q -> _19587_/D : -3.037899
[setup reg-reg] _21507_/Q -> _19671_/D : -3.037537
[setup reg-reg] _21507_/Q -> _19752_/D : -3.037275
[setup reg-reg] _21507_/Q -> _19559_/D : -3.036179
[setup reg-reg] _21507_/Q -> _19582_/D : -3.035316
[setup reg-reg] _21507_/Q -> _19560_/D : -3.035249
[setup reg-reg] _21507_/Q -> _19590_/D : -3.035062
[setup reg-reg] _21507_/Q -> _19629_/D : -3.033442
[setup reg-reg] _21507_/Q -> _19767_/D : -3.031913
[setup reg-reg] _21507_/Q -> _19563_/D : -3.031788
[setup reg-reg] _21507_/Q -> _19753_/D : -3.030156
[setup reg-reg] _21507_/Q -> _19528_/D : -3.028731
[setup reg-reg] _21507_/Q -> _19724_/D : -3.028132
[setup reg-reg] _21507_/Q -> _19799_/D : -3.028093
[setup reg-reg] _21507_/Q -> _19720_/D : -3.026745
[setup reg-reg] _21507_/Q -> _19627_/D : -3.026742
[setup reg-reg] _21507_/Q -> _19533_/D : -3.026656
[setup reg-reg] _21507_/Q -> _19436_/D : -3.026411
[setup reg-reg] _21507_/Q -> _19527_/D : -3.025919
[setup reg-reg] _21507_/Q -> _19478_/D : -3.025038
[setup reg-reg] _21507_/Q -> _19783_/D : -3.024974
[setup reg-reg] _21507_/Q -> _19617_/D : -3.024882
[setup reg-reg] _21507_/Q -> _19438_/D : -3.024409
[setup reg-reg] _21507_/Q -> _19809_/D : -3.024102
[setup reg-reg] _21507_/Q -> _19584_/D : -3.024059
[setup reg-reg] _21507_/Q -> _19529_/D : -3.024043
[setup reg-reg] _21507_/Q -> _19517_/D : -3.023990
[setup reg-reg] _21507_/Q -> _19440_/D : -3.023756
[setup reg-reg] _21507_/Q -> _19631_/D : -3.023441
[setup reg-reg] _21507_/Q -> _19719_/D : -3.023313
[setup reg-reg] _21507_/Q -> _19722_/D : -3.022743
[setup reg-reg] _21507_/Q -> _19721_/D : -3.022164
[setup reg-reg] _21507_/Q -> _19814_/D : -3.022157
[setup reg-reg] _21507_/Q -> _19435_/D : -3.021805
[setup reg-reg] _21507_/Q -> _19633_/D : -3.021210
[setup reg-reg] _21507_/Q -> _19780_/D : -3.020745
[setup reg-reg] _21507_/Q -> _19619_/D : -3.020149
[setup reg-reg] _21507_/Q -> _19775_/D : -3.020070
[setup reg-reg] _21507_/Q -> _19683_/D : -3.019304
[setup reg-reg] _21507_/Q -> _19583_/D : -3.017824
[setup reg-reg] _21507_/Q -> _19805_/D : -3.016982
[setup reg-reg] _21507_/Q -> _19777_/D : -3.016615
[setup reg-reg] _21507_/Q -> _19494_/D : -3.015373
[setup reg-reg] _21507_/Q -> _19623_/D : -3.015286
[setup reg-reg] _21507_/Q -> _19810_/D : -3.014499
[setup reg-reg] _21507_/Q -> _19686_/D : -3.014229
[setup reg-reg] _21507_/Q -> _19525_/D : -3.013195
[setup reg-reg] _21507_/Q -> _19620_/D : -3.011143
[setup reg-reg] _21507_/Q -> _19682_/D : -3.010607
[setup reg-reg] _21507_/Q -> _19612_/D : -3.010351
[setup reg-reg] _21507_/Q -> _19685_/D : -3.010278
[setup reg-reg] _21507_/Q -> _19493_/D : -3.010030
[setup reg-reg] _21507_/Q -> _19515_/D : -3.009747
[setup reg-reg] _21507_/Q -> _19639_/D : -3.008291
[setup reg-reg] _21507_/Q -> _19621_/D : -3.008212
[setup reg-reg] _21507_/Q -> _19622_/D : -3.007827
[setup reg-reg] _21507_/Q -> _19714_/D : -3.005894
[setup reg-reg] _21507_/Q -> _19614_/D : -3.005056
[setup reg-reg] _21507_/Q -> _19490_/D : -3.003819
[setup reg-reg] _21507_/Q -> _19512_/D : -3.003182
[setup reg-reg] _21507_/Q -> _19520_/D : -3.001272
[setup reg-reg] _21507_/Q -> _19489_/D : -3.001215
[setup reg-reg] _21507_/Q -> _19684_/D : -2.999036
[setup reg-reg] _21507_/Q -> _19524_/D : -2.998286
[setup reg-reg] _21507_/Q -> _19813_/D : -2.997496
[setup reg-reg] _21507_/Q -> _19487_/D : -2.997164
[setup reg-reg] _21507_/Q -> _19811_/D : -2.996544
[setup reg-reg] _21507_/Q -> _19616_/D : -2.992888
[setup reg-reg] _21507_/Q -> _19678_/D : -2.991490
[setup reg-reg] _21507_/Q -> _19492_/D : -2.987180
[setup reg-reg] _21507_/Q -> _19807_/D : -2.982274
[setup reg-reg] _21507_/Q -> _19680_/D : -2.980752
[setup reg-reg] _21507_/Q -> _19615_/D : -2.972319
[setup reg-reg] _21507_/Q -> u_transform_scheduler_core.u_fft_scratch_sram.u_hi.u_sram/A[4] : -2.966974
[setup reg-reg] _21507_/Q -> u_transform_scheduler_core.u_fft_scratch_sram.u_hi.u_sram/A[5] : -2.966937
[setup reg-reg] _21507_/Q -> u_transform_scheduler_core.u_fft_scratch_sram.u_hi.u_sram/A[7] : -2.962334
[setup reg-reg] _21507_/Q -> u_transform_scheduler_core.u_fft_scratch_sram.u_lo.u_sram/A[7] : -2.955998
[setup reg-reg] _21507_/Q -> _19812_/D : -2.952971
[setup reg-reg] _21507_/Q -> _19618_/D : -2.952104
[setup reg-reg] _21507_/Q -> _19523_/D : -2.950712
[setup reg-reg] _21507_/Q -> _19433_/D : -2.947568
[setup reg-reg] _21507_/Q -> _19808_/D : -2.944656
[setup reg-reg] _21507_/Q -> _19628_/D : -2.943104
[setup reg-reg] _21507_/Q -> _19486_/D : -2.942469
[setup reg-reg] _21507_/Q -> _20196_/D : -2.941425
[setup reg-reg] _21507_/Q -> _20194_/D : -2.939858
[setup reg-reg] _21507_/Q -> u_transform_scheduler_core.u_fft_scratch_sram.u_hi.u_sram/A[3] : -2.935968
[setup reg-reg] _21507_/Q -> _20195_/D : -2.919960
[setup reg-reg] _21507_/Q -> u_transform_scheduler_core.u_fft_scratch_sram.u_lo.u_sram/A[5] : -2.918842
[setup reg-reg] _21507_/Q -> u_transform_scheduler_core.u_fft_scratch_sram.u_lo.u_sram/A[4] : -2.915275
[setup reg-reg] _21507_/Q -> _19704_/D : -2.915034
[setup reg-reg] _21507_/Q -> u_transform_scheduler_core.u_fft_scratch_sram.u_hi.u_sram/A[6] : -2.913842
[setup reg-reg] _21507_/Q -> _19711_/D : -2.911630
[setup reg-reg] _21507_/Q -> _19491_/D : -2.902883
[setup reg-reg] _21507_/Q -> u_transform_scheduler_core.u_fft_scratch_sram.u_hi.u_sram/A[1] : -2.900606
[setup reg-reg] _21507_/Q -> _19681_/D : -2.899842
[setup reg-reg] _21507_/Q -> u_transform_scheduler_core.u_fft_scratch_sram.u_hi.u_sram/A[2] : -2.891831
[setup reg-reg] _21507_/Q -> _19488_/D : -2.890930
[setup reg-reg] _21507_/Q -> u_transform_scheduler_core.u_fft_scratch_sram.u_lo.u_sram/A[3] : -2.888612
[setup reg-reg] _21507_/Q -> _20205_/D : -2.882150
[setup reg-reg] _21507_/Q -> _19679_/D : -2.879990
[setup reg-reg] _21507_/Q -> u_transform_scheduler_core.u_fft_scratch_sram.u_lo.u_sram/A[6] : -2.861897
[setup reg-reg] _21507_/Q -> _19485_/D : -2.853140
[setup reg-reg] _21507_/Q -> u_transform_scheduler_core.u_fft_scratch_sram.u_lo.u_sram/A[1] : -2.847379
[setup reg-reg] _21507_/Q -> u_transform_scheduler_core.u_fft_scratch_sram.u_lo.u_sram/A[2] : -2.846060
[setup reg-reg] _21507_/Q -> _19514_/D : -2.840928
[setup reg-reg] _21507_/Q -> _19610_/D : -2.837817
[setup reg-reg] _21507_/Q -> _19482_/D : -2.835869
[setup reg-reg] _21507_/Q -> _19677_/D : -2.833305
[setup reg-reg] _21507_/Q -> _19725_/D : -2.832339
[setup reg-reg] _21507_/Q -> _20204_/D : -2.831531
[setup reg-reg] _21507_/Q -> _19729_/D : -2.830172
[setup reg-reg] _21507_/Q -> _19532_/D : -2.827866
[setup reg-reg] _21507_/Q -> _20201_/D : -2.827122
[setup reg-reg] _21507_/Q -> _19723_/D : -2.826429
[setup reg-reg] _21507_/Q -> _20198_/D : -2.826280
[setup reg-reg] _21507_/Q -> _19484_/D : -2.826258
[setup reg-reg] _21507_/Q -> _19806_/D : -2.824986
[setup reg-reg] _21507_/Q -> _19483_/D : -2.824448
[setup reg-reg] _21507_/Q -> _19531_/D : -2.823342
[setup reg-reg] _21507_/Q -> _20202_/D : -2.821832
[setup reg-reg] _21507_/Q -> _19726_/D : -2.820677
[setup reg-reg] _21507_/Q -> _19498_/D : -2.819855
[setup reg-reg] _21507_/Q -> _19522_/D : -2.819524
[setup reg-reg] _21507_/Q -> _19697_/D : -2.819041
[setup reg-reg] _21507_/Q -> _19687_/D : -2.816929
[setup reg-reg] _21507_/Q -> _20203_/D : -2.815931
[setup reg-reg] _21507_/Q -> _20200_/D : -2.815481
[setup reg-reg] _21507_/Q -> _19526_/D : -2.815154
[setup reg-reg] _21507_/Q -> _20193_/D : -2.813422
[setup reg-reg] _21507_/Q -> _19608_/D : -2.812341
[setup reg-reg] _21507_/Q -> _19495_/D : -2.810312
[setup reg-reg] _21507_/Q -> _20191_/D : -2.810019
[setup reg-reg] _21507_/Q -> _19496_/D : -2.808223
[setup reg-reg] _21507_/Q -> _19727_/D : -2.806937
[setup reg-reg] _21507_/Q -> _19511_/D : -2.805892
[setup reg-reg] _21507_/Q -> _19519_/D : -2.804608
[setup reg-reg] _21507_/Q -> _20189_/D : -2.804338
[setup reg-reg] _21507_/Q -> _19521_/D : -2.802249
[setup reg-reg] _21507_/Q -> _20197_/D : -2.801320
[setup reg-reg] _21507_/Q -> _19597_/D : -2.800524
[setup reg-out] _21507_/Q -> din_ready_o : -2.800443
[setup reg-reg] _21507_/Q -> _19434_/D : -2.797915
[setup reg-reg] _21507_/Q -> _20192_/D : -2.797906
[setup reg-reg] _21507_/Q -> _20190_/D : -2.797433
[setup reg-reg] _21507_/Q -> _19518_/D : -2.795124
[setup reg-reg] _21507_/Q -> _19801_/D : -2.794199
[setup reg-reg] _21507_/Q -> _20214_/D : -2.794012
[setup reg-reg] _21507_/Q -> _19800_/D : -2.792732
[setup reg-reg] _21507_/Q -> _19696_/D : -2.792577
[setup reg-reg] _21507_/Q -> _19611_/D : -2.789811
[setup reg-reg] _21507_/Q -> _19803_/D : -2.789619
[setup reg-reg] _21507_/Q -> _19503_/D : -2.789356
[setup reg-reg] _21507_/Q -> _19513_/D : -2.788783
[setup reg-reg] _21507_/Q -> _19607_/D : -2.788435
[setup reg-reg] _21507_/Q -> _19804_/D : -2.788392
[setup reg-reg] _21507_/Q -> _19609_/D : -2.787569
[setup reg-reg] _21507_/Q -> _20199_/D : -2.783510
[setup reg-reg] _21507_/Q -> _19431_/D : -2.780496
[setup reg-reg] _20303_/Q -> _20587_/D : -2.780396
[setup reg-reg] _21507_/Q -> _19516_/D : -2.777645
[setup reg-reg] _21507_/Q -> _19675_/D : -2.775819
[setup reg-reg] _21507_/Q -> _19802_/D : -2.775819
[setup reg-reg] _21507_/Q -> _19676_/D : -2.772053
[setup reg-reg] _21507_/Q -> _19625_/D : -2.770530
[setup reg-reg] _21507_/Q -> _19790_/D : -2.770158
[setup reg-reg] _21507_/Q -> _19480_/D : -2.769165
[setup reg-reg] _21507_/Q -> _19432_/D : -2.765399
[setup reg-reg] _21507_/Q -> _19674_/D : -2.764836
[setup reg-reg] _21507_/Q -> _19624_/D : -2.764436
[setup reg-reg] _21507_/Q -> _19626_/D : -2.764391
[setup reg-reg] _21507_/Q -> _19594_/D : -2.763509
[setup reg-reg] _21507_/Q -> _19672_/D : -2.761182
[setup reg-reg] _21507_/Q -> _19673_/D : -2.757400
[setup reg-reg] _21507_/Q -> _19481_/D : -2.752870
[setup reg-reg] _21507_/Q -> _19546_/D : -2.742072
[setup reg-reg] _20303_/Q -> _20604_/D : -2.740743
[setup reg-reg] _21507_/Q -> _19479_/D : -2.740379
[setup reg-reg] _21507_/Q -> _19742_/D : -2.732159
[setup reg-reg] _21507_/Q -> _19591_/D : -2.731287
[setup reg-reg] _21507_/Q -> _19786_/D : -2.729937
[setup reg-reg] _21507_/Q -> _19771_/D : -2.729919
[setup reg-reg] _21507_/Q -> _19788_/D : -2.729742
[setup reg-reg] _21507_/Q -> _19592_/D : -2.728669
[setup reg-reg] _21507_/Q -> _19785_/D : -2.723873
[setup reg-reg] _21507_/Q -> _19593_/D : -2.722242
[setup reg-reg] _21507_/Q -> _19772_/D : -2.719999
[setup reg-reg] _21507_/Q -> _19544_/D : -2.718013
[setup reg-reg] _21507_/Q -> _19543_/D : -2.717419
[setup reg-reg] _21507_/Q -> _19784_/D : -2.716511
[setup reg-reg] _21507_/Q -> _19735_/D : -2.712461
[setup reg-reg] _21507_/Q -> _19595_/D : -2.711598
[setup reg-reg] _21507_/Q -> _19736_/D : -2.708992
[setup reg-reg] _21507_/Q -> _19450_/D : -2.699606
[setup reg-reg] _21507_/Q -> _19576_/D : -2.695540
[setup reg-reg] _21507_/Q -> _19578_/D : -2.691266
[setup reg-reg] _21507_/Q -> _19577_/D : -2.688646
[setup reg-reg] _21507_/Q -> _19770_/D : -2.685866
[setup reg-reg] _21507_/Q -> _19466_/D : -2.685640
[setup reg-reg] _21507_/Q -> _19769_/D : -2.682937
[setup reg-reg] _21507_/Q -> _19448_/D : -2.675563
[setup reg-reg] _21507_/Q -> _19768_/D : -2.674300
[setup reg-reg] _21507_/Q -> _19579_/D : -2.670172
[setup reg-reg] _21507_/Q -> _19575_/D : -2.668500
[setup reg-reg] _21507_/Q -> _19656_/D : -2.662768
[setup reg-reg] _21507_/Q -> _19655_/D : -2.662453
[setup reg-reg] _21507_/Q -> _19703_/D : -2.643702
[setup reg-reg] _21507_/Q -> _19641_/D : -2.640988
[setup reg-reg] _21507_/Q -> _19640_/D : -2.616499
[setup reg-reg] _21507_/Q -> _19665_/D : -2.609909
[setup reg-reg] _21507_/Q -> _19694_/D : -2.606411
[setup reg-reg] _21507_/Q -> _19447_/D : -2.592238
[setup reg-reg] _19848_/Q -> _20605_/D : -2.578590
[setup reg-reg] _21507_/Q -> _19506_/D : -2.557668
[setup reg-reg] _21507_/Q -> _19668_/D : -2.552126
[setup reg-reg] _21507_/Q -> _19713_/D : -2.549877
[setup reg-reg] _21507_/Q -> u_transform_scheduler_core.u_fft_scratch_sram.u_hi.u_sram/D[5] : -2.547818
[setup reg-reg] _21507_/Q -> _19698_/D : -2.547507
[setup reg-reg] _21507_/Q -> _19699_/D : -2.546757
[setup reg-reg] _21507_/Q -> _19701_/D : -2.545686
[setup reg-reg] _21507_/Q -> _19670_/D : -2.542587
[setup reg-reg] _21507_/Q -> _19660_/D : -2.540231
[setup reg-reg] _21507_/Q -> _19657_/D : -2.539606
[setup reg-reg] _21507_/Q -> _19666_/D : -2.535989
[setup reg-reg] _21507_/Q -> u_transform_scheduler_core.u_fft_scratch_sram.u_hi.u_sram/D[7] : -2.534671
[setup reg-reg] _21507_/Q -> _19463_/D : -2.533883
[setup reg-reg] _21507_/Q -> _19659_/D : -2.530491
[setup reg-reg] _21507_/Q -> _19477_/D : -2.530102
[setup reg-reg] _21507_/Q -> _19464_/D : -2.525788
[setup reg-reg] _21507_/Q -> _19465_/D : -2.525276
[setup reg-reg] _21507_/Q -> _19658_/D : -2.522716
[setup reg-reg] _21507_/Q -> _19470_/D : -2.520203
[setup reg-reg] _21507_/Q -> _19475_/D : -2.520082
[setup reg-reg] _21507_/Q -> _19474_/D : -2.518640
[setup reg-reg] _21507_/Q -> _19472_/D : -2.515787
[setup reg-reg] _21507_/Q -> _19664_/D : -2.511353
[setup reg-reg] _21507_/Q -> _19476_/D : -2.506017
[setup reg-reg] _21507_/Q -> u_transform_scheduler_core.u_fft_scratch_sram.u_hi.u_sram/GWEN : -2.505276
[setup reg-reg] _21507_/Q -> _19662_/D : -2.504615
[setup reg-reg] _21507_/Q -> _19669_/D : -2.504164
[setup reg-reg] _21507_/Q -> _19473_/D : -2.504138
[setup reg-reg] _21507_/Q -> u_transform_scheduler_core.u_fft_scratch_sram.u_lo.u_sram/GWEN : -2.500064
[setup reg-reg] _21507_/Q -> _19667_/D : -2.495304
[setup reg-reg] _21507_/Q -> _19471_/D : -2.492339
[setup reg-reg] _20303_/Q -> _20588_/D : -2.487861
[setup reg-reg] _21507_/Q -> _19469_/D : -2.463763
[setup reg-reg] _19848_/Q -> _20603_/D : -2.462898
[setup reg-reg] _21507_/Q -> u_transform_scheduler_core.u_fft_scratch_sram.u_hi.u_sram/D[2] : -2.444736
[setup reg-out] _21507_/Q -> dout[0] : -2.443317
[setup reg-reg] _21507_/Q -> u_transform_scheduler_core.u_fft_scratch_sram.u_hi.u_sram/D[4] : -2.425628
[setup reg-reg] _21507_/Q -> u_transform_scheduler_core.u_fft_scratch_sram.u_hi.u_sram/D[0] : -2.420990
[setup reg-reg] _21507_/Q -> u_transform_scheduler_core.u_fft_scratch_sram.u_hi.u_sram/D[6] : -2.420288
[setup reg-reg] _21507_/Q -> u_transform_scheduler_core.u_fft_scratch_sram.u_hi.u_sram/D[3] : -2.400238
[setup reg-reg] _21507_/Q -> _19663_/D : -2.374147
[setup reg-reg] _21507_/Q -> _20233_/D : -2.362931
[setup reg-reg] _21507_/Q -> _19827_/D : -2.361856
[setup reg-reg] _21507_/Q -> _19825_/D : -2.360599
[setup reg-reg] _21507_/Q -> _19823_/D : -2.359478
[setup reg-reg] _21507_/Q -> _19828_/D : -2.358847
[setup reg-reg] _21507_/Q -> _19824_/D : -2.358760
[setup reg-reg] _21507_/Q -> _19826_/D : -2.357977
[setup reg-reg] _21507_/Q -> _19829_/D : -2.357664
[setup reg-reg] _21507_/Q -> _19830_/D : -2.355584
[setup reg-reg] _21507_/Q -> u_transform_scheduler_core.u_fft_scratch_sram.u_hi.u_sram/D[1] : -2.354371
[setup reg-reg] _21507_/Q -> _19661_/D : -2.350511
[setup reg-reg] _21507_/Q -> _19468_/D : -2.329418
[setup reg-reg] _21507_/Q -> _19822_/D : -2.314439
[setup reg-reg] _21507_/Q -> u_transform_scheduler_core.u_fft_scratch_sram.u_lo.u_sram/D[7] : -2.308372
[setup in-reg] din[6] -> _21343_/D : -2.257931
[setup reg-reg] _21507_/Q -> u_transform_scheduler_core.u_fft_scratch_sram.u_hi.u_sram/A[0] : -2.243999
[setup reg-reg] _20303_/Q -> _20586_/D : -2.210987
[setup reg-reg] _21507_/Q -> u_transform_scheduler_core.u_fft_scratch_sram.u_lo.u_sram/A[0] : -2.198235
[setup reg-reg] _21507_/Q -> _20234_/D : -2.158071
[setup reg-reg] _21507_/Q -> u_transform_scheduler_core.u_fft_scratch_sram.u_lo.u_sram/D[5] : -2.141785
[setup reg-reg] _21507_/Q -> u_transform_scheduler_core.u_fft_scratch_sram.u_lo.u_sram/D[6] : -2.135151
[setup reg-reg] _21507_/Q -> _19467_/D : -2.127031
[setup reg-reg] _21507_/Q -> u_transform_scheduler_core.u_fft_scratch_sram.u_lo.u_sram/D[4] : -2.124588
[setup reg-out] _21507_/Q -> dout[2] : -2.101624
[setup reg-out] _21507_/Q -> dout[7] : -2.050882
[setup reg-reg] _21507_/Q -> _20225_/D : -2.023978
[setup reg-reg] _21507_/Q -> _20227_/D : -2.022956
[setup reg-reg] _21507_/Q -> _20224_/D : -2.017748
[setup reg-reg] _21507_/Q -> _20226_/D : -2.016970
[setup reg-reg] _21507_/Q -> _20228_/D : -2.012550
[setup in-reg] din[6] -> _21344_/D : -2.011305
[setup reg-reg] _21507_/Q -> _20223_/D : -2.009806
[setup reg-reg] _21507_/Q -> _20230_/D : -2.008102
[setup reg-reg] _21507_/Q -> _20229_/D : -2.007964
[setup reg-reg] _21507_/Q -> _21401_/D : -1.999354
[setup reg-reg] _21507_/Q -> _20187_/D : -1.938902
[setup reg-reg] _21507_/Q -> _20165_/D : -1.938435
[setup reg-out] _21507_/Q -> dout[5] : -1.924004
[setup reg-reg] _21507_/Q -> _21399_/D : -1.920625
[setup reg-out] _21507_/Q -> dout[1] : -1.919583
[setup reg-reg] _21507_/Q -> _20161_/D : -1.907187
[setup reg-reg] _21507_/Q -> _20168_/D : -1.903038
[setup reg-reg] _21507_/Q -> _20188_/D : -1.902771
[setup reg-reg] _21507_/Q -> _20163_/D : -1.901434
[setup reg-reg] _21507_/Q -> _20169_/D : -1.900691
[setup reg-reg] _21507_/Q -> _20166_/D : -1.900638
[setup reg-reg] _21507_/Q -> _20162_/D : -1.900387
[setup reg-reg] _21507_/Q -> _20171_/D : -1.896664
[setup reg-reg] _21507_/Q -> _20175_/D : -1.896511
[setup reg-reg] _21507_/Q -> _20167_/D : -1.891223
[setup reg-reg] _21507_/Q -> _20176_/D : -1.891053
[setup reg-reg] _21507_/Q -> _20174_/D : -1.890692
[setup reg-reg] _21507_/Q -> _20183_/D : -1.890095
[setup reg-reg] _21507_/Q -> _20164_/D : -1.889317
[setup reg-reg] _21507_/Q -> _20173_/D : -1.888409
[setup reg-reg] _21507_/Q -> _20172_/D : -1.887765
[setup reg-reg] _21507_/Q -> u_transform_scheduler_core.u_fft_scratch_sram.u_lo.u_sram/D[2] : -1.887075
[setup reg-reg] _21507_/Q -> _20170_/D : -1.887051
[setup reg-reg] _21507_/Q -> _20184_/D : -1.882508
[setup reg-reg] _21507_/Q -> _20182_/D : -1.881443
[setup reg-reg] _21507_/Q -> _20186_/D : -1.875485
[setup reg-reg] _21507_/Q -> u_transform_scheduler_core.u_fft_scratch_sram.u_lo.u_sram/D[1] : -1.875185
[setup reg-reg] _21507_/Q -> _20185_/D : -1.872422
[setup reg-reg] _21507_/Q -> _19989_/D : -1.845212
[setup reg-reg] _21507_/Q -> _20039_/D : -1.844123
[setup reg-reg] _21507_/Q -> _19992_/D : -1.842073
[setup reg-reg] _21507_/Q -> _19994_/D : -1.837213
[setup reg-reg] _21507_/Q -> _20037_/D : -1.831049
[setup reg-reg] _21507_/Q -> _20040_/D : -1.829621
[setup reg-reg] _21507_/Q -> _20042_/D : -1.829578
[setup reg-reg] _21507_/Q -> _19991_/D : -1.828701
[setup reg-reg] _21507_/Q -> _20041_/D : -1.825452
[setup reg-reg] _21507_/Q -> _20043_/D : -1.824169
[setup reg-reg] _21507_/Q -> _20038_/D : -1.823946
[setup reg-reg] _21507_/Q -> _19993_/D : -1.823942
[setup reg-reg] _21507_/Q -> _19995_/D : -1.823240
[setup reg-reg] _21507_/Q -> _19990_/D : -1.820617
[setup reg-reg] _21507_/Q -> u_transform_scheduler_core.u_fft_scratch_sram.u_lo.u_sram/D[0] : -1.808301
[setup reg-reg] _21507_/Q -> _21304_/D : -1.794842
[setup reg-reg] _21507_/Q -> _21297_/D : -1.786750
[setup in-reg] din[6] -> _21342_/D : -1.776233
[setup reg-reg] _21507_/Q -> u_transform_scheduler_core.u_fft_scratch_sram.u_lo.u_sram/D[3] : -1.773202
[setup reg-reg] _21507_/Q -> _20031_/D : -1.769571
[setup reg-reg] _21507_/Q -> _21300_/D : -1.761869
[setup reg-reg] _21507_/Q -> _21298_/D : -1.760570
[setup reg-reg] _21507_/Q -> _21303_/D : -1.760105
[setup reg-reg] _21507_/Q -> _21299_/D : -1.759721
[setup reg-reg] _21507_/Q -> _21301_/D : -1.758725
[setup reg-reg] _21507_/Q -> _21302_/D : -1.756046
[setup reg-reg] _21183_/Q -> _20693_/D : -1.751848
[setup reg-reg] _21507_/Q -> _20045_/D : -1.724756
[setup reg-reg] _21507_/Q -> _20001_/D : -1.724567
[setup reg-reg] _21507_/Q -> _20046_/D : -1.722903
[setup reg-reg] _21507_/Q -> _20000_/D : -1.721634
[setup reg-reg] _21507_/Q -> _20003_/D : -1.721343
[setup reg-reg] _21507_/Q -> _20049_/D : -1.720792
[setup reg-reg] _21507_/Q -> _20002_/D : -1.720331
[setup reg-reg] _21507_/Q -> _20004_/D : -1.719879
[setup reg-reg] _21507_/Q -> _19998_/D : -1.718787
[setup reg-reg] _21507_/Q -> _20048_/D : -1.717979
[setup reg-reg] _21507_/Q -> _20047_/D : -1.717348
[setup reg-reg] _21507_/Q -> _20028_/D : -1.715765
[setup reg-reg] _21507_/Q -> _20052_/D : -1.711660
[setup reg-reg] _21507_/Q -> _20050_/D : -1.709852
[setup reg-reg] _21507_/Q -> _20051_/D : -1.707308
[setup reg-out] _21507_/Q -> dout[6] : -1.706953
[setup reg-reg] _20303_/Q -> _20584_/D : -1.696138
[setup reg-reg] _21507_/Q -> _20015_/D : -1.695931
[setup reg-reg] _21507_/Q -> _20013_/D : -1.692543
[setup reg-reg] _21507_/Q -> _20232_/D : -1.692047
[setup reg-reg] _20303_/Q -> _20585_/D : -1.687409
[setup reg-reg] _21507_/Q -> _20012_/D : -1.681025
[setup reg-reg] _21507_/Q -> _20029_/D : -1.678778
[setup reg-out] _21507_/Q -> dout[4] : -1.670140
[setup reg-out] _21507_/Q -> dout[3] : -1.635980
[setup reg-reg] _21507_/Q -> _20080_/D : -1.634740
[setup reg-reg] _21507_/Q -> _20060_/D : -1.627502
[setup reg-reg] _21507_/Q -> _20020_/D : -1.621055
[setup reg-reg] _21507_/Q -> _20068_/D : -1.621004
[setup reg-reg] _21507_/Q -> _20033_/D : -1.617176
[setup reg-reg] _21507_/Q -> _20016_/D : -1.615661
[setup reg-reg] _21507_/Q -> _20019_/D : -1.615559
[setup reg-reg] _21507_/Q -> _20083_/D : -1.615559
[setup reg-reg] _21507_/Q -> _20076_/D : -1.609523
[setup reg-reg] _21507_/Q -> _20018_/D : -1.608687
[setup reg-reg] _21507_/Q -> _20211_/D : -1.605008
[setup reg-reg] _21507_/Q -> _20014_/D : -1.602585
[setup reg-reg] _21507_/Q -> _20017_/D : -1.602029
[setup reg-reg] _21507_/Q -> _20081_/D : -1.601943
[setup reg-reg] _21507_/Q -> _20206_/D : -1.601530
[setup reg-reg] _21507_/Q -> _20077_/D : -1.599224
[setup reg-reg] _21507_/Q -> _20210_/D : -1.594280
[setup reg-reg] _21507_/Q -> _20209_/D : -1.588489
[setup reg-reg] _21507_/Q -> _21310_/D : -1.578227
[setup reg-reg] _21507_/Q -> _21307_/D : -1.576140
[setup reg-reg] _21507_/Q -> _20212_/D : -1.567310
[setup reg-reg] _21507_/Q -> _21308_/D : -1.560128
[setup reg-reg] _21507_/Q -> _21306_/D : -1.557801
[setup reg-reg] _21507_/Q -> _20036_/D : -1.556961
[setup reg-reg] _21507_/Q -> _20084_/D : -1.556183
[setup reg-reg] _21507_/Q -> _20064_/D : -1.555865
[setup reg-reg] _21507_/Q -> _21309_/D : -1.554895
[setup reg-reg] _21507_/Q -> _20063_/D : -1.554790
[setup reg-reg] _21507_/Q -> _20035_/D : -1.554701
[setup reg-reg] _21507_/Q -> _20067_/D : -1.553596
[setup reg-reg] _21507_/Q -> u_transform_scheduler_core.u_fft_scratch_sram.u_hi.u_sram/WEN[7] : -1.552833
[setup reg-reg] _21507_/Q -> u_transform_scheduler_core.u_fft_scratch_sram.u_hi.u_sram/WEN[6] : -1.552722
[setup reg-reg] _21507_/Q -> u_transform_scheduler_core.u_fft_scratch_sram.u_hi.u_sram/WEN[5] : -1.552712
[setup reg-reg] _21507_/Q -> u_transform_scheduler_core.u_fft_scratch_sram.u_hi.u_sram/WEN[4] : -1.552381
[setup reg-reg] _21507_/Q -> _20034_/D : -1.552158
[setup reg-reg] _21507_/Q -> u_transform_scheduler_core.u_fft_scratch_sram.u_hi.u_sram/WEN[3] : -1.549454
[setup reg-reg] _21507_/Q -> _20079_/D : -1.548470
[setup reg-reg] _21507_/Q -> u_transform_scheduler_core.u_fft_scratch_sram.u_hi.u_sram/WEN[2] : -1.548166
[setup reg-reg] _21507_/Q -> u_transform_scheduler_core.u_fft_scratch_sram.u_hi.u_sram/WEN[1] : -1.548106
[setup reg-reg] _21507_/Q -> u_transform_scheduler_core.u_fft_scratch_sram.u_lo.u_sram/WEN[0] : -1.547859
[setup reg-reg] _21507_/Q -> u_transform_scheduler_core.u_fft_scratch_sram.u_lo.u_sram/WEN[1] : -1.547750
[setup reg-reg] _21507_/Q -> u_transform_scheduler_core.u_fft_scratch_sram.u_lo.u_sram/WEN[2] : -1.547740
[setup reg-reg] _21507_/Q -> u_transform_scheduler_core.u_fft_scratch_sram.u_lo.u_sram/WEN[7] : -1.547559
[setup reg-reg] _21507_/Q -> _20032_/D : -1.547521
[setup reg-reg] _21507_/Q -> u_transform_scheduler_core.u_fft_scratch_sram.u_lo.u_sram/WEN[6] : -1.547450
[setup reg-reg] _21507_/Q -> u_transform_scheduler_core.u_fft_scratch_sram.u_lo.u_sram/WEN[5] : -1.547440
[setup reg-reg] _21507_/Q -> u_transform_scheduler_core.u_fft_scratch_sram.u_lo.u_sram/WEN[3] : -1.547400
[setup reg-reg] _21507_/Q -> u_transform_scheduler_core.u_fft_scratch_sram.u_lo.u_sram/WEN[4] : -1.547111
[setup reg-reg] _21507_/Q -> u_transform_scheduler_core.u_fft_scratch_sram.u_hi.u_sram/WEN[0] : -1.546637
[setup reg-reg] _21507_/Q -> _20222_/D : -1.546427
[setup reg-reg] _21507_/Q -> _20062_/D : -1.542436
[setup reg-reg] _21507_/Q -> _20030_/D : -1.540652
[setup reg-reg] _21507_/Q -> _20061_/D : -1.534774
[setup reg-reg] _21507_/Q -> _20082_/D : -1.529777
[setup reg-reg] _21507_/Q -> _20065_/D : -1.524981
[setup reg-reg] _21507_/Q -> _20066_/D : -1.524352
[setup reg-reg] _21507_/Q -> _20078_/D : -1.521528
[setup in-reg] din[6] -> _21341_/D : -1.442936
[setup reg-reg] _21507_/Q -> _21313_/D : -1.412516
[setup reg-reg] _20303_/Q -> _20602_/D : -1.396327
[setup reg-reg] _21507_/Q -> _21312_/D : -1.375334
[setup reg-reg] _21507_/Q -> _21400_/D : -1.353273
[setup reg-reg] _21507_/Q -> _21516_/D : -1.302391
[setup reg-reg] _21507_/Q -> _20177_/D : -1.263782
[setup reg-reg] _21507_/Q -> _20181_/D : -1.262219
[setup reg-reg] _21507_/Q -> _20180_/D : -1.260757
[setup reg-reg] _21507_/Q -> _20178_/D : -1.244974
[setup reg-reg] _21507_/Q -> _20231_/D : -1.134802
[setup reg-reg] _21507_/Q -> _21340_/D : -1.040826
[setup reg-reg] _21507_/Q -> _19841_/D : -1.039323
[setup reg-reg] _21507_/Q -> _21338_/D : -1.033268
[setup reg-reg] _21507_/Q -> _19996_/D : -1.033031
[setup reg-reg] _21507_/Q -> _19999_/D : -1.032683
[setup reg-reg] _21507_/Q -> _19997_/D : -1.031610
[setup reg-reg] _21507_/Q -> _19840_/D : -1.030644
[setup reg-reg] _21507_/Q -> _20044_/D : -1.022686
[setup reg-reg] _20303_/Q -> _20601_/D : -1.007399
[setup reg-reg] _20783_/Q -> _20823_/D : -1.007100
[setup reg-reg] _20783_/Q -> _20805_/D : -1.001359
[setup reg-reg] _21507_/Q -> _20208_/D : -0.997542
[setup reg-reg] _20783_/Q -> _20859_/D : -0.997527
[setup reg-reg] _20783_/Q -> _20841_/D : -0.991003
[setup reg-reg] _21507_/Q -> _21339_/D : -0.967338
[setup reg-reg] _21507_/Q -> _20207_/D : -0.950022
[setup reg-reg] _21507_/Q -> _21398_/D : -0.905260
[setup reg-reg] _21183_/Q -> _20691_/D : -0.865247
[setup reg-reg] _21507_/Q -> _21392_/D : -0.822835
[setup reg-reg] _21507_/Q -> _19832_/D : -0.812191
[setup reg-reg] _21507_/Q -> _19831_/D : -0.811493
[setup reg-reg] _21507_/Q -> _19833_/D : -0.809990
[setup reg-reg] _21507_/Q -> _19835_/D : -0.808676
[setup reg-reg] _21507_/Q -> _19837_/D : -0.807313
[setup reg-reg] _21507_/Q -> _19836_/D : -0.807042
[setup reg-reg] _21507_/Q -> _19834_/D : -0.806834
[setup reg-reg] _21507_/Q -> _21311_/D : -0.786763
[setup reg-reg] _21507_/Q -> _19817_/D : -0.770733
[setup reg-reg] _21507_/Q -> _19820_/D : -0.766255
[setup reg-reg] _21507_/Q -> _19818_/D : -0.765011
[setup reg-reg] _21507_/Q -> _19816_/D : -0.761899
[setup reg-reg] _21507_/Q -> _19821_/D : -0.757169
[setup reg-reg] _21507_/Q -> _19819_/D : -0.753957
[setup reg-reg] _21507_/Q -> _21402_/D : -0.746859
[setup reg-reg] _21507_/Q -> _21397_/D : -0.745951
[setup reg-reg] _21507_/Q -> _19815_/D : -0.741924
[setup reg-reg] _21507_/Q -> _21396_/D : -0.740581
[setup reg-reg] _21507_/Q -> _21395_/D : -0.738924
[setup reg-reg] _21507_/Q -> _20213_/D : -0.719997
[setup reg-reg] _21507_/Q -> _20072_/D : -0.712728
[setup reg-reg] _21507_/Q -> _20179_/D : -0.706329
[setup reg-reg] _21507_/Q -> _20024_/D : -0.651118
[setup reg-reg] _20302_/Q -> _20600_/D : -0.641800
[setup reg-reg] _21507_/Q -> _21391_/D : -0.621940
[setup reg-reg] _21507_/Q -> _20070_/D : -0.621274
[setup reg-reg] _21507_/Q -> _20221_/D : -0.620105
[setup reg-reg] _21507_/Q -> _20005_/D : -0.614225
[setup reg-reg] _21507_/Q -> _20075_/D : -0.600789
[setup reg-reg] _21507_/Q -> _20071_/D : -0.593827
[setup reg-reg] _21507_/Q -> _20027_/D : -0.590644
[setup reg-reg] _21507_/Q -> _21295_/D : -0.585004
[setup reg-reg] _21507_/Q -> _20008_/D : -0.582148
[setup reg-reg] _21507_/Q -> _21384_/D : -0.582084
[setup reg-reg] _21507_/Q -> _20023_/D : -0.579853
[setup reg-reg] _21507_/Q -> _20059_/D : -0.579465
[setup reg-reg] _21507_/Q -> _20021_/D : -0.577410
[setup reg-reg] _21507_/Q -> _20055_/D : -0.572456
[setup reg-reg] _21507_/Q -> _20010_/D : -0.571044
[setup reg-reg] _21507_/Q -> _20009_/D : -0.564444
[setup reg-reg] _21507_/Q -> _20026_/D : -0.564171
[setup reg-reg] _21507_/Q -> _20069_/D : -0.562876
[setup reg-reg] _21507_/Q -> _20058_/D : -0.561441
[setup reg-reg] _21507_/Q -> _20007_/D : -0.560645
[setup reg-reg] _21507_/Q -> _19842_/D : -0.560576
[setup reg-reg] _21183_/Q -> _20677_/D : -0.559874
[setup reg-reg] _21507_/Q -> _20022_/D : -0.559593
[setup reg-reg] _21507_/Q -> _20056_/D : -0.558986
[setup reg-reg] _21507_/Q -> _20011_/D : -0.553520
[setup reg-reg] _21507_/Q -> _20053_/D : -0.552390
[setup reg-reg] _21507_/Q -> _20057_/D : -0.549367
[setup reg-reg] _21507_/Q -> _21394_/D : -0.548818
[setup reg-reg] _21507_/Q -> _20025_/D : -0.548718
[setup reg-reg] _21507_/Q -> _20054_/D : -0.546414
[setup reg-reg] _21507_/Q -> _20074_/D : -0.546034
[setup reg-reg] _21507_/Q -> _20073_/D : -0.544707
[setup reg-reg] _21507_/Q -> _20006_/D : -0.540739
[setup reg-reg] _21183_/Q -> _20692_/D : -0.499686
[setup reg-reg] _20783_/Q -> _20807_/D : -0.464848
[setup reg-reg] _20783_/Q -> _20825_/D : -0.464610
[setup reg-reg] _20783_/Q -> _20843_/D : -0.452955
[setup reg-reg] _21507_/Q -> _21390_/D : -0.440583
[setup reg-reg] _21507_/Q -> _21488_/D : -0.424283
[setup reg-reg] _20783_/Q -> _20861_/D : -0.407320
[setup reg-reg] _21507_/Q -> u_transform_scheduler_core.u_fft_scratch_sram.u_hi.u_sram/CEN : -0.368512
[setup reg-reg] _21507_/Q -> u_transform_scheduler_core.u_fft_scratch_sram.u_lo.u_sram/CEN : -0.264544
[setup reg-reg] _20303_/Q -> _20599_/D : -0.227848
[setup reg-reg] _21507_/Q -> _21528_/D : -0.123835
[setup reg-reg] _21507_/Q -> _21527_/D : -0.118918
[setup reg-reg] _21507_/Q -> _21526_/D : -0.078533
[setup reg-reg] _20783_/Q -> _20824_/D : -0.044976
[setup reg-reg] _21507_/Q -> _21523_/D : -0.038371
[setup reg-reg] _20303_/Q -> _20583_/D : -0.031111
[setup reg-reg] _20783_/Q -> _20806_/D : -0.028416
[setup reg-reg] _21507_/Q -> _21525_/D : -0.013289
[setup reg-reg] _21217_/Q -> _20709_/D : -0.010456
Writing metric timing__hold_vio__count__corner:max_ss_125C_4v50: 0
Writing metric timing__hold_r2r__ws__corner:max_ss_125C_4v50: 1.147905
Writing metric timing__hold_r2r_vio__count__corner:max_ss_125C_4v50: 0
Writing metric timing__setup_vio__count__corner:max_ss_125C_4v50: 707
Writing metric timing__setup_r2r__ws__corner:max_ss_125C_4v50: -3.173833
Writing metric timing__setup_r2r_vio__count__corner:max_ss_125C_4v50: 694
