                                                                       Cells by Function                                                                        
┏━━━━━━━━━━━━━━━━━━━━━━━━━━━━━━━━━━━━━━━━━━━━━━━━━━━━━━━━━━━━━━━━━━━━━━━━━━━━━━━━━━━━━━━━━━━━━━━━━━━━━━━━━━━━━━━━━━━━━━━━━━━━━━━━━━━┳━━━━━━━━━━━━━━━━━━━━━━━━━━┓
┃ Cell Function                                                                                                                     ┃ Count                    ┃
┡━━━━━━━━━━━━━━━━━━━━━━━━━━━━━━━━━━━━━━━━━━━━━━━━━━━━━━━━━━━━━━━━━━━━━━━━━━━━━━━━━━━━━━━━━━━━━━━━━━━━━━━━━━━━━━━━━━━━━━━━━━━━━━━━━━━╇━━━━━━━━━━━━━━━━━━━━━━━━━━┩
│ gf180mcu_fd_sc_mcu9t5v0__and2                                                                                                     │ 150                      │
│ gf180mcu_fd_sc_mcu9t5v0__and3                                                                                                     │ 69                       │
│ gf180mcu_fd_sc_mcu9t5v0__and4                                                                                                     │ 20                       │
│ gf180mcu_fd_sc_mcu9t5v0__aoi21                                                                                                    │ 592                      │
│ gf180mcu_fd_sc_mcu9t5v0__aoi211                                                                                                   │ 153                      │
│ gf180mcu_fd_sc_mcu9t5v0__aoi22                                                                                                    │ 313                      │
│ gf180mcu_fd_sc_mcu9t5v0__aoi221                                                                                                   │ 166                      │
│ gf180mcu_fd_sc_mcu9t5v0__aoi222                                                                                                   │ 50                       │
│ gf180mcu_fd_sc_mcu9t5v0__buf                                                                                                      │ 45                       │
│ gf180mcu_fd_sc_mcu9t5v0__clkbuf                                                                                                   │ 135                      │
│ gf180mcu_fd_sc_mcu9t5v0__clkinv                                                                                                   │ 535                      │
│ gf180mcu_fd_sc_mcu9t5v0__dffq                                                                                                     │ 540                      │
│ gf180mcu_fd_sc_mcu9t5v0__dffrnq                                                                                                   │ 1446                     │
│ gf180mcu_fd_sc_mcu9t5v0__dffsnq                                                                                                   │ 7                        │
│ gf180mcu_fd_sc_mcu9t5v0__dlyc                                                                                                     │ 14                       │
│ gf180mcu_fd_sc_mcu9t5v0__fill                                                                                                     │ 16260                    │
│ gf180mcu_fd_sc_mcu9t5v0__fillcap                                                                                                  │ 12166                    │
│ gf180mcu_fd_sc_mcu9t5v0__inv                                                                                                      │ 47                       │
│ gf180mcu_fd_sc_mcu9t5v0__mux2                                                                                                     │ 1928                     │
│ gf180mcu_fd_sc_mcu9t5v0__mux4                                                                                                     │ 25                       │
│ gf180mcu_fd_sc_mcu9t5v0__nand2                                                                                                    │ 1667                     │
│ gf180mcu_fd_sc_mcu9t5v0__nand3                                                                                                    │ 267                      │
│ gf180mcu_fd_sc_mcu9t5v0__nand4                                                                                                    │ 61                       │
│ gf180mcu_fd_sc_mcu9t5v0__nor2                                                                                                     │ 988                      │
│ gf180mcu_fd_sc_mcu9t5v0__nor3                                                                                                     │ 147                      │
│ gf180mcu_fd_sc_mcu9t5v0__nor4                                                                                                     │ 40                       │
│ gf180mcu_fd_sc_mcu9t5v0__oai21                                                                                                    │ 614                      │
│ gf180mcu_fd_sc_mcu9t5v0__oai211                                                                                                   │ 217                      │
│ gf180mcu_fd_sc_mcu9t5v0__oai22                                                                                                    │ 87                       │
│ gf180mcu_fd_sc_mcu9t5v0__oai221                                                                                                   │ 49                       │
│ gf180mcu_fd_sc_mcu9t5v0__oai222                                                                                                   │ 2                        │
│ gf180mcu_fd_sc_mcu9t5v0__oai31                                                                                                    │ 308                      │
│ gf180mcu_fd_sc_mcu9t5v0__oai32                                                                                                    │ 18                       │
│ gf180mcu_fd_sc_mcu9t5v0__or2                                                                                                      │ 117                      │
│ gf180mcu_fd_sc_mcu9t5v0__or3                                                                                                      │ 19                       │
│ gf180mcu_fd_sc_mcu9t5v0__or4                                                                                                      │ 9                        │
│ gf180mcu_fd_sc_mcu9t5v0__xnor2                                                                                                    │ 303                      │
│ gf180mcu_fd_sc_mcu9t5v0__xnor3                                                                                                    │ 104                      │
│ gf180mcu_fd_sc_mcu9t5v0__xor2                                                                                                     │ 187                      │
│ gf180mcu_fd_sc_mcu9t5v0__xor3                                                                                                     │ 22                       │
└───────────────────────────────────────────────────────────────────────────────────────────────────────────────────────────────────┴──────────────────────────┘
