
===========================================================================
Violator List
============================================================================
[hold in-reg] din[3] -> _18852_/D : -1.184905
[hold in-reg] din[6] -> _18855_/D : -1.183366
[hold in-reg] din[5] -> _18854_/D : -1.181663
[hold in-reg] din[4] -> _18853_/D : -1.178881
[hold in-reg] din[2] -> _18851_/D : -1.175554
[hold in-reg] din[1] -> _18850_/D : -1.159809
[hold in-reg] din[0] -> _18849_/D : -1.129566
[hold in-reg] din[7] -> _18856_/D : -1.115899
[hold in-reg] din_valid_i -> _20114_/D : -1.066224
[hold in-reg] din[6] -> _18837_/D : -1.055458
[hold in-reg] din[7] -> _18772_/D : -1.050748
[hold in-reg] din[7] -> _18736_/D : -1.050668
[hold in-reg] din[6] -> _18743_/D : -1.048588
[hold in-reg] din[7] -> _18744_/D : -1.047265
[hold in-reg] din[6] -> _18771_/D : -1.045879
[hold in-reg] din[6] -> _18735_/D : -1.043121
[hold in-reg] din[5] -> _18734_/D : -1.041533
[hold in-reg] din[5] -> _18770_/D : -1.041468
[hold in-reg] din[5] -> _18742_/D : -1.038341
[hold in-reg] din[1] -> _18791_/D : -1.036331
[hold in-reg] din[4] -> _18733_/D : -1.034078
[hold in-reg] din[3] -> _20113_/D : -1.033886
[hold in-reg] din[4] -> _18741_/D : -1.033386
[hold in-reg] din[2] -> _18935_/D : -1.030091
[hold in-reg] din[3] -> _18732_/D : -1.030084
[hold in-reg] din[4] -> _18769_/D : -1.030027
[hold in-reg] din[5] -> _18972_/D : -1.029982
[hold in-reg] din[3] -> _18740_/D : -1.028725
[hold in-reg] din[3] -> _18768_/D : -1.023914
[hold in-reg] din[2] -> _18739_/D : -1.021228
[hold in-reg] din[2] -> _18731_/D : -1.020793
[hold in-reg] din[3] -> _18970_/D : -1.020015
[hold in-reg] din[2] -> _18767_/D : -1.018283
[hold in-reg] din[1] -> _18730_/D : -1.016944
[hold in-reg] din[3] -> _18786_/D : -1.014895
[hold in-reg] din[1] -> _18738_/D : -1.014749
[hold in-reg] din[1] -> _18766_/D : -1.013898
[hold in-reg] din[2] -> _18969_/D : -1.013327
[hold in-reg] din[2] -> _18785_/D : -1.013168
[hold in-reg] din[1] -> _18968_/D : -1.011113
[hold in-reg] din[0] -> _18745_/D : -1.008849
[hold in-reg] din_valid_i -> _20251_/D : -1.008137
[hold in-reg] din[1] -> _18784_/D : -1.007257
[hold in-reg] din[0] -> _18755_/D : -1.005026
[hold in-reg] din[0] -> _18737_/D : -1.004283
[hold in-reg] din[0] -> _18729_/D : -1.004110
[hold in-reg] din[0] -> _18765_/D : -1.003459
[hold in-reg] din[3] -> _20107_/D : -1.003454
[hold in-reg] din[0] -> _18967_/D : -0.996067
[hold in-reg] din[0] -> _18783_/D : -0.990395
[hold in-reg] din[5] -> _20025_/D : -0.987702
[hold in-reg] din[1] -> _20112_/D : -0.987572
[hold in-reg] din[5] -> _18951_/D : -0.982530
[hold in-reg] din[7] -> _18839_/D : -0.980565
[hold in-reg] din[2] -> _18887_/D : -0.980290
[hold in-reg] din[3] -> _18888_/D : -0.978124
[hold in-reg] din[7] -> _18840_/D : -0.975557
[hold in-reg] din[5] -> _18938_/D : -0.970520
[hold in-reg] din[4] -> _18937_/D : -0.965674
[hold in-reg] din[7] -> _18892_/D : -0.965431
[hold in-reg] din[6] -> _18891_/D : -0.964415
[hold in-reg] din[5] -> _18890_/D : -0.963880
[hold in-reg] din[6] -> _18939_/D : -0.963737
[hold in-reg] din[7] -> _18940_/D : -0.957982
[hold in-reg] din[3] -> _18936_/D : -0.956034
[hold in-reg] din[6] -> _18789_/D : -0.954010
[hold in-reg] din[6] -> _18781_/D : -0.953760
[hold in-reg] din[7] -> _18974_/D : -0.952757
[hold in-reg] din[6] -> _18973_/D : -0.952734
[hold in-reg] din[7] -> _18782_/D : -0.951567
[hold in-reg] din[7] -> _18790_/D : -0.950720
[hold in-reg] din[5] -> _18780_/D : -0.950060
[hold in-reg] din[6] -> _18899_/D : -0.948994
[hold in-reg] din[6] -> _20051_/D : -0.948512
[hold in-reg] din[5] -> _18898_/D : -0.947865
[hold in-reg] din[4] -> _18889_/D : -0.947720
[hold in-reg] din[5] -> _20050_/D : -0.946109
[hold in-reg] din[4] -> _20049_/D : -0.945808
[hold in-reg] din[7] -> _20052_/D : -0.942971
[hold in-reg] din[5] -> _18930_/D : -0.942301
[hold in-reg] din[1] -> _18886_/D : -0.940975
[hold in-reg] din[1] -> _18934_/D : -0.940394
[hold in-reg] din[4] -> _18971_/D : -0.939942
[hold in-reg] din[4] -> _18779_/D : -0.939824
[hold in-reg] din[5] -> _18788_/D : -0.939634
[hold in-reg] din[4] -> _18787_/D : -0.938763
[hold in-reg] din[7] -> _18932_/D : -0.938006
[hold in-reg] din[1] -> _18776_/D : -0.936164
[hold in-reg] din[3] -> _18778_/D : -0.933559
[hold in-reg] din[1] -> _20046_/D : -0.933393
[hold in-reg] din[2] -> _18777_/D : -0.932226
[hold in-reg] din[0] -> _18933_/D : -0.931870
[hold in-reg] din[6] -> _20026_/D : -0.931821
[hold in-reg] din[0] -> _18666_/D : -0.930008
[hold in-reg] din[3] -> _20048_/D : -0.929996
[hold in-reg] din[2] -> _18895_/D : -0.928919
[hold in-reg] din[4] -> _20024_/D : -0.928806
[hold in-reg] din[4] -> _18929_/D : -0.928126
[hold in-reg] din[2] -> _20047_/D : -0.927862
[hold in-reg] din[0] -> _18885_/D : -0.926439
[hold in-reg] din[6] -> _18952_/D : -0.925737
[hold in-reg] din[4] -> _18897_/D : -0.924447
[hold in-reg] din[4] -> _18950_/D : -0.923552
[hold in-reg] din[0] -> _20045_/D : -0.923553
[hold in-reg] din[6] -> _18931_/D : -0.913240
[hold in-reg] din[0] -> _18775_/D : -0.910225
[hold in-reg] din[0] -> _18893_/D : -0.910050
[hold in-reg] din[7] -> _18900_/D : -0.904199
[hold in-reg] din[3] -> _18928_/D : -0.887355
[hold in-reg] din[3] -> _18896_/D : -0.886906
[hold in-reg] din[2] -> _18927_/D : -0.885473
[hold in-reg] din[3] -> _18949_/D : -0.884082
[hold in-reg] din_valid_i -> _20102_/D : -0.879827
[hold in-reg] din[1] -> _18894_/D : -0.879632
[hold in-reg] din[0] -> _18925_/D : -0.879097
[hold in-reg] din[1] -> _18926_/D : -0.876535
[hold in-reg] din_valid_i -> _20105_/D : -0.869323
[hold in-reg] din_valid_i -> _20109_/D : -0.864540
[hold in-reg] din[3] -> _20023_/D : -0.797884
[hold in-reg] din[0] -> _18831_/D : -0.787619
[hold in-reg] din[1] -> _18883_/D : -0.743241
[hold in-reg] din_valid_i -> _20250_/D : -0.732730
[hold in-reg] din[4] -> _18749_/D : -0.724553
[hold in-reg] din[6] -> _18751_/D : -0.722360
[hold in-reg] din[6] -> _18761_/D : -0.720054
[hold in-reg] din[4] -> _18759_/D : -0.714465
[hold in-reg] din[5] -> _18760_/D : -0.711555
[hold in-reg] din[3] -> _18748_/D : -0.709770
[hold in-reg] din[3] -> _18758_/D : -0.708958
[hold in-reg] din[5] -> _18750_/D : -0.708337
[hold in-reg] din_valid_i -> _18867_/D : -0.697887
[hold in-reg] din[2] -> _18757_/D : -0.697510
[hold in-reg] din[4] -> _18835_/D : -0.691894
[hold in-reg] din[1] -> _18773_/D : -0.690206
[hold in-reg] din[2] -> _18747_/D : -0.684732
[hold in-reg] din[1] -> _18644_/D : -0.684165
[hold in-reg] din[3] -> _18646_/D : -0.682892
[hold in-reg] din[5] -> _18648_/D : -0.682855
[hold in-reg] din[5] -> _18836_/D : -0.682498
[hold in-reg] din[0] -> _18946_/D : -0.680659
[hold in-reg] din[2] -> _18948_/D : -0.679286
[hold in-reg] din[3] -> _18834_/D : -0.673720
[hold in-reg] din[2] -> _18645_/D : -0.672567
[hold in-reg] din[1] -> _18746_/D : -0.670386
[hold in-reg] din[1] -> _18756_/D : -0.670367
[hold in-reg] din[7] -> _18763_/D : -0.651389
[hold in-reg] din[1] -> _18947_/D : -0.648759
[hold in-reg] din[7] -> _18764_/D : -0.647000
[hold in-reg] din[7] -> _18752_/D : -0.630895
[hold in-reg] din[7] -> _18762_/D : -0.630868
[hold in-reg] din[7] -> _18753_/D : -0.626353
[hold in-reg] din[7] -> _20027_/D : -0.623643
[hold in-reg] din[7] -> _18754_/D : -0.620005
[hold in-reg] din[7] -> _18953_/D : -0.616289
[hold in-reg] din[0] -> _20020_/D : -0.598989
[hold in-reg] din[2] -> _20022_/D : -0.592933
[hold in-reg] din[1] -> _20021_/D : -0.576248
[hold in-reg] din[2] -> _18880_/D : -0.571234
[hold in-reg] din[0] -> _18874_/D : -0.539616
[hold in-reg] din[6] -> _18649_/D : -0.535262
[hold in-reg] din[2] -> _18866_/D : -0.528727
[hold in-reg] din[2] -> _18879_/D : -0.525181
[hold in-reg] din_valid_i -> _18876_/D : -0.522336
[hold in-reg] din[3] -> _18871_/D : -0.513208
[hold in-reg] din[2] -> _18870_/D : -0.508789
[hold in-reg] din_valid_i -> _20111_/D : -0.494483
[hold in-reg] din[3] -> _18774_/D : -0.493726
[hold in-reg] din[4] -> _18647_/D : -0.481041
[hold in-reg] din[6] -> _18838_/D : -0.477678
[hold in-reg] din_valid_i -> _20104_/D : -0.464263
[hold in-reg] din[5] -> _18865_/D : -0.413903
[hold in-reg] din[1] -> _18877_/D : -0.395204
[hold in-reg] din[2] -> _18453_/D : -0.362483
[hold in-reg] din[3] -> _18868_/D : -0.349357
[hold in-reg] din_valid_i -> _18875_/D : -0.330443
[hold in-reg] din_valid_i -> _18873_/D : -0.328798
[hold in-reg] din_valid_i -> _18872_/D : -0.327874
[hold in-reg] din_valid_i -> _18941_/D : -0.317161
[hold in-reg] din[3] -> _18667_/D : -0.305923
[hold in-reg] din[4] -> _18455_/D : -0.291711
[hold in-reg] din[0] -> _18832_/D : -0.261730
[hold in-reg] din[1] -> _18833_/D : -0.229863
[hold in-reg] din_valid_i -> _18881_/D : -0.176884
[hold in-reg] din_valid_i -> _18942_/D : -0.176498
[hold in-reg] din_valid_i -> _18882_/D : -0.176462
[hold in-reg] din_valid_i -> _18943_/D : -0.176297
[hold in-reg] din_valid_i -> _18884_/D : -0.175436
[hold in-reg] din_valid_i -> _18878_/D : -0.171397
[hold in-reg] din[3] -> _18869_/D : -0.169394
[hold in-reg] din[3] -> _20124_/D : -0.153392
[hold in-reg] din_valid_i -> _18945_/D : -0.142095
[hold in-reg] din[5] -> _18632_/D : -0.123699
[hold in-reg] din_valid_i -> _20019_/D : -0.116243
[hold in-reg] din[0] -> _18643_/D : -0.104015
[hold in-reg] din[2] -> _18629_/D : -0.089557
[hold in-reg] din[3] -> _18630_/D : -0.089076
[hold in-reg] din[1] -> _20129_/D : -0.057729
[hold in-reg] din[3] -> _20144_/D : -0.054254
[hold in-reg] din[4] -> _18631_/D : -0.052920
[hold in-reg] din[1] -> _18628_/D : -0.038098
[hold in-reg] din_valid_i -> _20108_/D : -0.033892
[hold in-reg] din[2] -> _20127_/D : -0.013025
[setup reg-reg] _20174_/Q -> _18333_/D : -52.204109
[setup reg-reg] _20174_/Q -> _18332_/D : -52.202824
[setup reg-reg] _20174_/Q -> _18527_/D : -52.201580
[setup reg-reg] _20174_/Q -> _18525_/D : -52.198334
[setup reg-reg] _20174_/Q -> _18335_/D : -52.190716
[setup reg-reg] _20174_/Q -> _18524_/D : -52.186443
[setup reg-reg] _20174_/Q -> _18336_/D : -52.168972
[setup reg-reg] _20174_/Q -> _18519_/D : -52.166798
[setup reg-reg] _20174_/Q -> _18327_/D : -52.162701
[setup reg-reg] _20174_/Q -> _18521_/D : -52.162743
[setup reg-reg] _20174_/Q -> _18328_/D : -52.143883
[setup reg-reg] _20174_/Q -> _18331_/D : -52.121029
[setup reg-reg] _20174_/Q -> _18528_/D : -52.120327
[setup reg-reg] _20174_/Q -> _18530_/D : -52.118629
[setup reg-reg] _20174_/Q -> _18334_/D : -52.115894
[setup reg-reg] _20174_/Q -> _18529_/D : -52.114601
[setup reg-reg] _20174_/Q -> _18526_/D : -52.112408
[setup reg-reg] _20174_/Q -> _18330_/D : -52.109756
[setup reg-reg] _20174_/Q -> _18338_/D : -52.109791
[setup reg-reg] _20174_/Q -> _18337_/D : -52.108944
[setup reg-reg] _20174_/Q -> _18399_/D : -52.108536
[setup reg-reg] _20174_/Q -> _18589_/D : -52.107811
[setup reg-reg] _20174_/Q -> _18523_/D : -52.107479
[setup reg-reg] _20174_/Q -> _18397_/D : -52.105408
[setup reg-reg] _20174_/Q -> _18401_/D : -52.102589
[setup reg-reg] _20174_/Q -> _18323_/D : -52.084232
[setup reg-reg] _20174_/Q -> _18520_/D : -52.080753
[setup reg-reg] _20174_/Q -> _18400_/D : -52.079388
[setup reg-reg] _20174_/Q -> _18518_/D : -52.078884
[setup reg-reg] _20174_/Q -> _18396_/D : -52.078053
[setup reg-reg] _20174_/Q -> _18515_/D : -52.077652
[setup reg-reg] _20174_/Q -> _18516_/D : -52.077610
[setup reg-reg] _20174_/Q -> _18517_/D : -52.077530
[setup reg-reg] _20174_/Q -> _18326_/D : -52.075821
[setup reg-reg] _20174_/Q -> _18324_/D : -52.074852
[setup reg-reg] _20174_/Q -> _18392_/D : -52.074280
[setup reg-reg] _20174_/Q -> _18522_/D : -52.074154
[setup reg-reg] _20174_/Q -> _18329_/D : -52.073471
[setup reg-reg] _20174_/Q -> _18325_/D : -52.072117
[setup reg-reg] _20174_/Q -> _18585_/D : -52.070255
[setup reg-reg] _20174_/Q -> _18583_/D : -52.068745
[setup reg-reg] _20174_/Q -> _18592_/D : -52.040314
[setup reg-reg] _20174_/Q -> _18394_/D : -52.035275
[setup reg-reg] _20174_/Q -> _18588_/D : -52.032558
[setup reg-reg] _20174_/Q -> _18395_/D : -52.031723
[setup reg-reg] _20174_/Q -> _18593_/D : -52.031353
[setup reg-reg] _20174_/Q -> _18590_/D : -52.030510
[setup reg-reg] _20174_/Q -> _18594_/D : -52.030388
[setup reg-reg] _20174_/Q -> _18587_/D : -52.028194
[setup reg-reg] _20174_/Q -> _18398_/D : -52.026772
[setup reg-reg] _20174_/Q -> _18402_/D : -52.026192
[setup reg-reg] _20174_/Q -> _18591_/D : -52.017597
[setup reg-reg] _20174_/Q -> _18393_/D : -52.012577
[setup reg-reg] _20174_/Q -> _18580_/D : -52.009529
[setup reg-reg] _20174_/Q -> _18579_/D : -52.008522
[setup reg-reg] _20174_/Q -> _18388_/D : -52.008179
[setup reg-reg] _20174_/Q -> _18584_/D : -52.004868
[setup reg-reg] _20174_/Q -> _18390_/D : -52.002991
[setup reg-reg] _20174_/Q -> _18586_/D : -52.002174
[setup reg-reg] _20174_/Q -> _18581_/D : -52.001930
[setup reg-reg] _20174_/Q -> _18582_/D : -52.001179
[setup reg-reg] _20174_/Q -> _18387_/D : -52.000576
[setup reg-reg] _20174_/Q -> _18389_/D : -52.000072
[setup reg-reg] _20174_/Q -> _18391_/D : -51.999077
[setup reg-reg] _20174_/Q -> _18460_/D : -50.009434
[setup reg-reg] _20174_/Q -> _18457_/D : -49.977177
[setup reg-reg] _20174_/Q -> _18270_/D : -49.936008
[setup reg-reg] _20174_/Q -> _18464_/D : -49.935581
[setup reg-reg] _20174_/Q -> _18267_/D : -49.934666
[setup reg-reg] _20174_/Q -> _18274_/D : -49.933826
[setup reg-reg] _20174_/Q -> _18462_/D : -49.932682
[setup reg-reg] _20174_/Q -> _18466_/D : -49.932545
[setup reg-reg] _20174_/Q -> _18266_/D : -49.932156
[setup reg-reg] _20174_/Q -> _18268_/D : -49.931919
[setup reg-reg] _20174_/Q -> _18271_/D : -49.931648
[setup reg-reg] _20174_/Q -> _18269_/D : -49.931110
[setup reg-reg] _20174_/Q -> _18463_/D : -49.929604
[setup reg-reg] _20174_/Q -> _18458_/D : -49.893799
[setup reg-reg] _20174_/Q -> _18261_/D : -49.891788
[setup reg-reg] _20174_/Q -> _18454_/D : -49.891823
[setup reg-reg] _20174_/Q -> _18265_/D : -49.891716
[setup reg-reg] _20174_/Q -> _18262_/D : -49.890583
[setup reg-reg] _20174_/Q -> _18263_/D : -49.890614
[setup reg-reg] _20174_/Q -> _18456_/D : -49.889183
[setup reg-reg] _20174_/Q -> _18353_/D : -49.852364
[setup reg-reg] _20174_/Q -> _18349_/D : -49.845131
[setup reg-reg] _20174_/Q -> _18543_/D : -49.844135
[setup reg-reg] _20174_/Q -> _18348_/D : -49.843693
[setup reg-reg] _20174_/Q -> _18541_/D : -49.839199
[setup reg-reg] _20174_/Q -> _18540_/D : -49.833523
[setup reg-reg] _20174_/Q -> _18351_/D : -49.831104
[setup reg-reg] _20174_/Q -> _18537_/D : -49.811771
[setup reg-reg] _20174_/Q -> _18535_/D : -49.811577
[setup reg-reg] _20174_/Q -> _18352_/D : -49.803421
[setup reg-reg] _20174_/Q -> _18344_/D : -49.786053
[setup reg-reg] _20174_/Q -> _18546_/D : -49.759289
[setup reg-reg] _20174_/Q -> _18347_/D : -49.757168
[setup reg-reg] _20174_/Q -> _18542_/D : -49.756718
[setup reg-reg] _20174_/Q -> _18545_/D : -49.752674
[setup reg-reg] _20174_/Q -> _18544_/D : -49.752254
[setup reg-reg] _20174_/Q -> _18346_/D : -49.751793
[setup reg-reg] _20174_/Q -> _18354_/D : -49.750034
[setup reg-reg] _20174_/Q -> _18539_/D : -49.746216
[setup reg-reg] _20174_/Q -> _18605_/D : -49.743458
[setup reg-reg] _20174_/Q -> _18350_/D : -49.743328
[setup reg-reg] _20174_/Q -> _18532_/D : -49.741508
[setup reg-reg] _20174_/Q -> _18339_/D : -49.726364
[setup reg-reg] _20174_/Q -> _18534_/D : -49.722881
[setup reg-reg] _20174_/Q -> _18343_/D : -49.720535
[setup reg-reg] _20174_/Q -> _18531_/D : -49.720490
[setup reg-reg] _20174_/Q -> _18536_/D : -49.719349
[setup reg-reg] _20174_/Q -> _18342_/D : -49.718601
[setup reg-reg] _20174_/Q -> _18345_/D : -49.717289
[setup reg-reg] _20174_/Q -> _18533_/D : -49.714951
[setup reg-reg] _20174_/Q -> _18340_/D : -49.712177
[setup reg-reg] _20174_/Q -> _18341_/D : -49.708393
[setup reg-reg] _20174_/Q -> _18538_/D : -49.706593
[setup reg-reg] _20174_/Q -> _18603_/D : -49.684189
[setup reg-reg] _20174_/Q -> _18411_/D : -49.672665
[setup reg-reg] _20174_/Q -> _18608_/D : -49.665886
[setup reg-reg] _20174_/Q -> _18410_/D : -49.665745
[setup reg-reg] _20174_/Q -> _18414_/D : -49.663971
[setup reg-reg] _20174_/Q -> _18610_/D : -49.661934
[setup reg-reg] _20174_/Q -> _18415_/D : -49.660793
[setup reg-reg] _20174_/Q -> _18609_/D : -49.660004
[setup reg-reg] _20174_/Q -> _18606_/D : -49.659206
[setup reg-reg] _20174_/Q -> _18604_/D : -49.659050
[setup reg-reg] _20174_/Q -> _18417_/D : -49.657810
[setup reg-reg] _20174_/Q -> _18418_/D : -49.657082
[setup reg-reg] _20174_/Q -> _18412_/D : -49.656170
[setup reg-reg] _20174_/Q -> _18416_/D : -49.655567
[setup reg-reg] _20174_/Q -> _18413_/D : -49.654392
[setup reg-reg] _20174_/Q -> _18429_/D : -49.650944
[setup reg-reg] _20174_/Q -> _18607_/D : -49.646320
[setup reg-reg] _20174_/Q -> _18620_/D : -49.644180
[setup reg-reg] _20174_/Q -> _18404_/D : -49.642895
[setup reg-reg] _20174_/Q -> _18600_/D : -49.642574
[setup reg-reg] _20174_/Q -> _18598_/D : -49.641922
[setup reg-reg] _20174_/Q -> _18407_/D : -49.640003
[setup reg-reg] _20174_/Q -> _18596_/D : -49.639030
[setup reg-reg] _20174_/Q -> _18599_/D : -49.638889
[setup reg-reg] _20174_/Q -> _18431_/D : -49.638290
[setup reg-reg] _20174_/Q -> _18432_/D : -49.637814
[setup reg-reg] _20174_/Q -> _18597_/D : -49.637486
[setup reg-reg] _20174_/Q -> _18403_/D : -49.637161
[setup reg-reg] _20174_/Q -> _18595_/D : -49.635555
[setup reg-reg] _20174_/Q -> _18406_/D : -49.635262
[setup reg-reg] _20174_/Q -> _18601_/D : -49.634415
[setup reg-reg] _20174_/Q -> _18409_/D : -49.634068
[setup reg-reg] _20174_/Q -> _18405_/D : -49.629303
[setup reg-reg] _20174_/Q -> _18602_/D : -49.627632
[setup reg-reg] _20174_/Q -> _18617_/D : -49.625870
[setup reg-reg] _20174_/Q -> _18408_/D : -49.623722
[setup reg-reg] _20174_/Q -> _18615_/D : -49.621719
[setup reg-reg] _20174_/Q -> _18423_/D : -49.610367
[setup reg-reg] _20174_/Q -> _18428_/D : -49.608788
[setup reg-reg] _20174_/Q -> _18459_/D : -49.582317
[setup reg-reg] _20174_/Q -> _18626_/D : -49.565247
[setup reg-reg] _20174_/Q -> _18434_/D : -49.564224
[setup reg-reg] _20174_/Q -> _18426_/D : -49.563911
[setup reg-reg] _20174_/Q -> _18427_/D : -49.563953
[setup reg-reg] _20174_/Q -> _18624_/D : -49.563709
[setup reg-reg] _20174_/Q -> _18621_/D : -49.563404
[setup reg-reg] _20174_/Q -> _18625_/D : -49.558899
[setup reg-reg] _20174_/Q -> _18433_/D : -49.557346
[setup reg-reg] _20174_/Q -> _18430_/D : -49.555637
[setup reg-reg] _20174_/Q -> _18619_/D : -49.552879
[setup reg-reg] _20174_/Q -> _18622_/D : -49.551498
[setup reg-reg] _20174_/Q -> _18623_/D : -49.550793
[setup reg-reg] _20174_/Q -> _18612_/D : -49.544094
[setup reg-reg] _20174_/Q -> _18614_/D : -49.542061
[setup reg-reg] _20174_/Q -> _18611_/D : -49.541149
[setup reg-reg] _20174_/Q -> _18419_/D : -49.540028
[setup reg-reg] _20174_/Q -> _18613_/D : -49.539162
[setup reg-reg] _20174_/Q -> _18420_/D : -49.538303
[setup reg-reg] _20174_/Q -> _18425_/D : -49.534615
[setup reg-reg] _20174_/Q -> _18422_/D : -49.533554
[setup reg-reg] _20174_/Q -> _18616_/D : -49.533077
[setup reg-reg] _20174_/Q -> _18421_/D : -49.532162
[setup reg-reg] _20174_/Q -> _18618_/D : -49.527714
[setup reg-reg] _20174_/Q -> _18424_/D : -49.526287
[setup reg-reg] _20174_/Q -> _18557_/D : -49.315495
[setup reg-reg] _20174_/Q -> _18359_/D : -49.262383
[setup reg-reg] _20174_/Q -> _18363_/D : -49.236435
[setup reg-reg] _20174_/Q -> _18561_/D : -49.232826
[setup reg-reg] _20174_/Q -> _18562_/D : -49.232506
[setup reg-reg] _20174_/Q -> _18368_/D : -49.231640
[setup reg-reg] _20174_/Q -> _18367_/D : -49.231468
[setup reg-reg] _20174_/Q -> _18364_/D : -49.230701
[setup reg-reg] _20174_/Q -> _18365_/D : -49.228748
[setup reg-reg] _20174_/Q -> _18370_/D : -49.226494
[setup reg-reg] _20174_/Q -> _18559_/D : -49.226486
[setup reg-reg] _20174_/Q -> _18366_/D : -49.225685
[setup reg-reg] _20174_/Q -> _18369_/D : -49.225639
[setup reg-reg] _20174_/Q -> _18560_/D : -49.225365
[setup reg-reg] _20174_/Q -> _18555_/D : -49.222946
[setup reg-reg] _20174_/Q -> _18556_/D : -49.222095
[setup reg-reg] _20174_/Q -> _18558_/D : -49.213261
[setup reg-reg] _20174_/Q -> _18362_/D : -49.210911
[setup reg-reg] _20174_/Q -> _18547_/D : -49.204128
[setup reg-reg] _20174_/Q -> _18553_/D : -49.201675
[setup reg-reg] _20174_/Q -> _18511_/D : -49.200455
[setup reg-reg] _20174_/Q -> _18550_/D : -49.199371
[setup reg-reg] _20174_/Q -> _18548_/D : -49.199211
[setup reg-reg] _20174_/Q -> _18358_/D : -49.198906
[setup reg-reg] _20174_/Q -> _18551_/D : -49.198681
[setup reg-reg] _20174_/Q -> _18356_/D : -49.198109
[setup reg-reg] _20174_/Q -> _18549_/D : -49.197750
[setup reg-reg] _20174_/Q -> _18552_/D : -49.197067
[setup reg-reg] _20174_/Q -> _18355_/D : -49.194386
[setup reg-reg] _20174_/Q -> _18361_/D : -49.193184
[setup reg-reg] _20174_/Q -> _18357_/D : -49.192299
[setup reg-reg] _20174_/Q -> _18509_/D : -49.188953
[setup reg-reg] _20174_/Q -> _18508_/D : -49.188335
[setup reg-reg] _20174_/Q -> _18360_/D : -49.187477
[setup reg-reg] _20174_/Q -> _18554_/D : -49.186256
[setup reg-reg] _20174_/Q -> _18315_/D : -49.111931
[setup reg-reg] _20174_/Q -> _18512_/D : -49.111004
[setup reg-reg] _20174_/Q -> _18513_/D : -49.110733
[setup reg-reg] _20174_/Q -> _18320_/D : -49.110214
[setup reg-reg] _20174_/Q -> _18317_/D : -49.108898
[setup reg-reg] _20174_/Q -> _18316_/D : -49.108147
[setup reg-reg] _20174_/Q -> _18314_/D : -49.106956
[setup reg-reg] _20174_/Q -> _18319_/D : -49.105930
[setup reg-reg] _20174_/Q -> _18318_/D : -49.105534
[setup reg-reg] _20174_/Q -> _18514_/D : -49.105217
[setup reg-reg] _20174_/Q -> _18322_/D : -49.105118
[setup reg-reg] _20174_/Q -> _18321_/D : -49.104572
[setup reg-reg] _20174_/Q -> _18510_/D : -49.091991
[setup reg-reg] _20174_/Q -> _18507_/D : -49.090958
[setup reg-reg] _20174_/Q -> _18504_/D : -49.073597
[setup reg-reg] _20174_/Q -> _18309_/D : -49.071609
[setup reg-reg] _20174_/Q -> _18311_/D : -49.070702
[setup reg-reg] _20174_/Q -> _18506_/D : -49.068241
[setup reg-reg] _20174_/Q -> _18313_/D : -49.067524
[setup reg-reg] _20174_/Q -> _18312_/D : -49.067287
[setup reg-reg] _20174_/Q -> _18307_/D : -49.065685
[setup reg-reg] _20174_/Q -> _18499_/D : -49.065670
[setup reg-reg] _20174_/Q -> _18310_/D : -49.065472
[setup reg-reg] _20174_/Q -> _18502_/D : -49.063759
[setup reg-reg] _20174_/Q -> _18308_/D : -49.062168
[setup reg-reg] _20174_/Q -> _18500_/D : -49.061920
[setup reg-reg] _20174_/Q -> _18503_/D : -49.060669
[setup reg-reg] _20174_/Q -> _18501_/D : -49.060574
[setup reg-reg] _20174_/Q -> _18505_/D : -49.059376
[setup reg-reg] _20174_/Q -> _18461_/D : -48.718693
[setup reg-reg] _20174_/Q -> _18465_/D : -48.713345
[setup reg-reg] _20174_/Q -> _18272_/D : -48.710846
[setup reg-reg] _20174_/Q -> _18273_/D : -48.709690
[setup reg-reg] _20174_/Q -> _18264_/D : -48.689270
[setup reg-reg] _20174_/Q -> _18451_/D : -48.686104
[setup reg-reg] _20174_/Q -> _18260_/D : -48.683334
[setup reg-reg] _20174_/Q -> _18452_/D : -48.681465
[setup reg-reg] _20174_/Q -> _18259_/D : -48.680199
[setup reg-reg] _20174_/Q -> _18455_/D : -48.638840
[setup reg-reg] _20174_/Q -> _18453_/D : -48.555584
[setup reg-reg] _20174_/Q -> _18476_/D : -48.255550
[setup reg-reg] _20174_/Q -> _18473_/D : -48.238087
[setup reg-reg] _20174_/Q -> _18280_/D : -48.223423
[setup reg-reg] _20174_/Q -> _18287_/D : -48.179333
[setup reg-reg] _20174_/Q -> _18283_/D : -48.176666
[setup reg-reg] _20174_/Q -> _18286_/D : -48.175159
[setup reg-reg] _20174_/Q -> _18285_/D : -48.171688
[setup reg-reg] _20174_/Q -> _18478_/D : -48.171253
[setup reg-reg] _20174_/Q -> _18284_/D : -48.171146
[setup reg-reg] _20174_/Q -> _18282_/D : -48.170692
[setup reg-reg] _20174_/Q -> _18289_/D : -48.170380
[setup reg-reg] _20174_/Q -> _18288_/D : -48.169716
[setup reg-reg] _20174_/Q -> _18481_/D : -48.168716
[setup reg-reg] _20174_/Q -> _18479_/D : -48.167622
[setup reg-reg] _20174_/Q -> _18276_/D : -48.155449
[setup reg-reg] _20174_/Q -> _18277_/D : -48.152809
[setup reg-reg] _20174_/Q -> _18470_/D : -48.150669
[setup reg-reg] _20174_/Q -> _18281_/D : -48.150547
[setup reg-reg] _20174_/Q -> _18468_/D : -48.150497
[setup reg-reg] _20174_/Q -> _18279_/D : -48.150227
[setup reg-reg] _20174_/Q -> _18472_/D : -48.149837
[setup reg-reg] _20174_/Q -> _18275_/D : -48.149734
[setup reg-reg] _20174_/Q -> _18471_/D : -48.149673
[setup reg-reg] _20174_/Q -> _18469_/D : -48.148827
[setup reg-reg] _20174_/Q -> _18474_/D : -48.138321
[setup reg-reg] _20174_/Q -> _18492_/D : -48.075974
[setup reg-reg] _20174_/Q -> _18278_/D : -48.030331
[setup reg-reg] _20174_/Q -> _18480_/D : -48.028866
[setup reg-reg] _20174_/Q -> _18302_/D : -48.001614
[setup reg-reg] _20174_/Q -> _18497_/D : -48.001442
[setup reg-reg] _20174_/Q -> _18306_/D : -48.001060
[setup reg-reg] _20174_/Q -> _18298_/D : -47.999065
[setup reg-reg] _20174_/Q -> _18498_/D : -47.998672
[setup reg-reg] _20174_/Q -> _18299_/D : -47.998505
[setup reg-reg] _20174_/Q -> _18496_/D : -47.998215
[setup reg-reg] _20174_/Q -> _18301_/D : -47.996815
[setup reg-reg] _20174_/Q -> _18305_/D : -47.996220
[setup reg-reg] _20174_/Q -> _18303_/D : -47.996067
[setup reg-reg] _20174_/Q -> _18491_/D : -47.996094
[setup reg-reg] _20174_/Q -> _18493_/D : -47.995422
[setup reg-reg] _20174_/Q -> _18300_/D : -47.995369
[setup reg-reg] _20174_/Q -> _18304_/D : -47.995239
[setup reg-reg] _20174_/Q -> _18495_/D : -47.992290
[setup reg-reg] _20174_/Q -> _18494_/D : -47.984962
[setup reg-reg] _20174_/Q -> _18484_/D : -47.968571
[setup reg-reg] _20174_/Q -> _18486_/D : -47.965729
[setup reg-reg] _20174_/Q -> _18485_/D : -47.965599
[setup reg-reg] _20174_/Q -> _18292_/D : -47.965096
[setup reg-reg] _20174_/Q -> _18488_/D : -47.964230
[setup reg-reg] _20174_/Q -> _18490_/D : -47.962486
[setup reg-reg] _20174_/Q -> _18293_/D : -47.962429
[setup reg-reg] _20174_/Q -> _18295_/D : -47.962318
[setup reg-reg] _20174_/Q -> _18291_/D : -47.961720
[setup reg-reg] _20174_/Q -> _18483_/D : -47.961559
[setup reg-reg] _20174_/Q -> _18297_/D : -47.960121
[setup reg-reg] _20174_/Q -> _18296_/D : -47.958565
[setup reg-reg] _20174_/Q -> _18489_/D : -47.945885
[setup reg-reg] _20174_/Q -> _18487_/D : -47.945374
[setup reg-reg] _20174_/Q -> _18294_/D : -47.944958
[setup reg-reg] _20174_/Q -> _18445_/D : -47.654915
[setup reg-reg] _20174_/Q -> _18447_/D : -47.640392
[setup reg-reg] _20174_/Q -> _18636_/D : -47.635014
[setup reg-reg] _20174_/Q -> _18448_/D : -47.616741
[setup reg-reg] _20174_/Q -> _18444_/D : -47.614189
[setup reg-reg] _20174_/Q -> _18633_/D : -47.611599
[setup reg-reg] _20174_/Q -> _18439_/D : -47.596268
[setup reg-reg] _20174_/Q -> _18443_/D : -47.562817
[setup reg-reg] _20174_/Q -> _18641_/D : -47.560532
[setup reg-reg] _20174_/Q -> _18642_/D : -47.559788
[setup reg-reg] _20174_/Q -> _18449_/D : -47.557018
[setup reg-reg] _20174_/Q -> _18639_/D : -47.556820
[setup reg-reg] _20174_/Q -> _18442_/D : -47.555916
[setup reg-reg] _20174_/Q -> _18640_/D : -47.554958
[setup reg-reg] _20174_/Q -> _18635_/D : -47.554276
[setup reg-reg] _20174_/Q -> _18637_/D : -47.552727
[setup reg-reg] _20174_/Q -> _18450_/D : -47.552578
[setup reg-reg] _20174_/Q -> _18446_/D : -47.552433
[setup reg-reg] _20174_/Q -> _18638_/D : -47.549271
[setup reg-reg] _20174_/Q -> _18436_/D : -47.525589
[setup reg-reg] _20174_/Q -> _18628_/D : -47.525475
[setup reg-reg] _20174_/Q -> _18438_/D : -47.525303
[setup reg-reg] _20174_/Q -> _18441_/D : -47.524277
[setup reg-reg] _20174_/Q -> _18632_/D : -47.523842
[setup reg-reg] _20174_/Q -> _18627_/D : -47.521545
[setup reg-reg] _20174_/Q -> _18634_/D : -47.521172
[setup reg-reg] _20174_/Q -> _18437_/D : -47.520775
[setup reg-reg] _20174_/Q -> _18630_/D : -47.519886
[setup reg-reg] _20174_/Q -> _18631_/D : -47.519287
[setup reg-reg] _20174_/Q -> _18435_/D : -47.519009
[setup reg-reg] _20174_/Q -> _18440_/D : -47.518982
[setup reg-reg] _20174_/Q -> _18629_/D : -47.518700
[setup reg-reg] _20174_/Q -> _18386_/D : -46.546501
[setup reg-reg] _20174_/Q -> _18383_/D : -46.542213
[setup reg-reg] _20174_/Q -> _18574_/D : -46.521587
[setup reg-reg] _20174_/Q -> _18381_/D : -46.519821
[setup reg-reg] _20174_/Q -> _18572_/D : -46.509956
[setup reg-reg] _20174_/Q -> _18385_/D : -46.507725
[setup reg-reg] _20174_/Q -> _18573_/D : -46.471821
[setup reg-reg] _20174_/Q -> _18577_/D : -46.446644
[setup reg-reg] _20174_/Q -> _18290_/D : -46.435829
[setup reg-reg] _20174_/Q -> _18575_/D : -46.431816
[setup reg-reg] _20174_/Q -> _18578_/D : -46.410290
[setup reg-reg] _20174_/Q -> _18384_/D : -46.408192
[setup reg-reg] _20174_/Q -> _18570_/D : -46.295078
[setup reg-reg] _20174_/Q -> _18379_/D : -46.256016
[setup reg-reg] _20174_/Q -> _18380_/D : -46.247360
[setup reg-reg] _20174_/Q -> _18576_/D : -46.202873
[setup reg-reg] _20174_/Q -> _18571_/D : -46.193417
[setup reg-reg] _20174_/Q -> _18378_/D : -46.177322
[setup reg-reg] _20174_/Q -> _18477_/D : -46.107159
[setup reg-reg] _20174_/Q -> _18382_/D : -46.077103
[setup reg-reg] _20174_/Q -> _18467_/D : -45.628220
[setup reg-reg] _20174_/Q -> _18475_/D : -45.625568
[setup reg-reg] _20174_/Q -> _18482_/D : -45.577404
[setup reg-reg] _20174_/Q -> _18564_/D : -45.205669
[setup reg-reg] _20174_/Q -> _18374_/D : -45.194168
[setup reg-reg] _20174_/Q -> _18568_/D : -45.191673
[setup reg-reg] _20174_/Q -> _18373_/D : -45.190350
[setup reg-reg] _20174_/Q -> _18372_/D : -45.189945
[setup reg-reg] _20174_/Q -> _18563_/D : -45.189644
[setup reg-reg] _20174_/Q -> _18566_/D : -45.189445
[setup reg-reg] _20174_/Q -> _18375_/D : -45.189011
[setup reg-reg] _20174_/Q -> _18371_/D : -45.188919
[setup reg-reg] _20174_/Q -> _18567_/D : -45.188293
[setup reg-reg] _20174_/Q -> _18569_/D : -45.187881
[setup reg-reg] _20174_/Q -> _18565_/D : -45.187611
[setup reg-reg] _20174_/Q -> _18377_/D : -45.186077
[setup reg-reg] _20174_/Q -> _18376_/D : -45.184082
[setup reg-reg] _20174_/Q -> _18839_/D : -43.519817
[setup reg-reg] _20174_/Q -> _18840_/D : -43.519470
[setup reg-reg] _20174_/Q -> _18836_/D : -43.395695
[setup reg-reg] _20174_/Q -> _18838_/D : -43.391121
[setup reg-reg] _20174_/Q -> _18834_/D : -43.384457
[setup reg-reg] _20174_/Q -> _18833_/D : -43.375244
[setup reg-reg] _20174_/Q -> _18835_/D : -43.374489
[setup reg-reg] _20174_/Q -> _18841_/D : -43.343636
[setup reg-reg] _20174_/Q -> _18842_/D : -43.339863
[setup reg-reg] _20174_/Q -> _18847_/D : -43.337551
[setup reg-reg] _20174_/Q -> _18858_/D : -43.335720
[setup reg-reg] _20174_/Q -> _18844_/D : -43.331947
[setup reg-reg] _20174_/Q -> _18849_/D : -43.331577
[setup reg-reg] _20174_/Q -> _18848_/D : -43.330597
[setup reg-reg] _20174_/Q -> _18846_/D : -43.329487
[setup reg-reg] _20174_/Q -> _18845_/D : -43.327888
[setup reg-reg] _20174_/Q -> _18843_/D : -43.325573
[setup reg-reg] _20174_/Q -> _18837_/D : -43.214191
[setup reg-reg] _20174_/Q -> u_core.u_transform_scheduler_core.u_fft_scratch_sram.u_hi.u_sram/D[0] : -42.946377
[setup reg-reg] _20174_/Q -> u_core.u_transform_scheduler_core.u_fft_scratch_sram.u_hi.u_sram/D[1] : -42.900917
[setup reg-reg] _20174_/Q -> u_core.u_transform_scheduler_core.u_fft_scratch_sram.u_hi.u_sram/GWEN : -42.898872
[setup reg-reg] _20174_/Q -> u_core.u_transform_scheduler_core.u_fft_scratch_sram.u_lo.u_sram/GWEN : -42.897610
[setup reg-reg] _20174_/Q -> u_core.u_transform_scheduler_core.u_fft_scratch_sram.u_hi.u_sram/A[6] : -42.886009
[setup reg-reg] _20174_/Q -> u_core.u_transform_scheduler_core.u_fft_scratch_sram.u_lo.u_sram/A[6] : -42.879066
[setup reg-reg] _20174_/Q -> u_core.u_transform_scheduler_core.u_fft_scratch_sram.u_hi.u_sram/D[3] : -42.859608
[setup reg-reg] _20174_/Q -> u_core.u_transform_scheduler_core.u_fft_scratch_sram.u_lo.u_sram/A[4] : -42.853786
[setup reg-reg] _20174_/Q -> u_core.u_transform_scheduler_core.u_fft_scratch_sram.u_hi.u_sram/A[4] : -42.844650
[setup reg-reg] _20174_/Q -> u_core.u_transform_scheduler_core.u_fft_scratch_sram.u_hi.u_sram/A[7] : -42.842651
[setup reg-reg] _20174_/Q -> u_core.u_transform_scheduler_core.u_fft_scratch_sram.u_lo.u_sram/A[5] : -42.841663
[setup reg-reg] _20174_/Q -> u_core.u_transform_scheduler_core.u_fft_scratch_sram.u_hi.u_sram/D[2] : -42.838081
[setup reg-reg] _20174_/Q -> u_core.u_transform_scheduler_core.u_fft_scratch_sram.u_hi.u_sram/A[5] : -42.835258
[setup reg-reg] _20174_/Q -> u_core.u_transform_scheduler_core.u_fft_scratch_sram.u_lo.u_sram/A[7] : -42.831917
[setup reg-reg] _20174_/Q -> u_core.u_transform_scheduler_core.u_fft_scratch_sram.u_hi.u_sram/D[6] : -42.818806
[setup reg-reg] _20174_/Q -> u_core.u_transform_scheduler_core.u_fft_scratch_sram.u_hi.u_sram/D[7] : -42.807026
[setup reg-reg] _20174_/Q -> _18652_/D : -42.795948
[setup reg-reg] _20174_/Q -> u_core.u_transform_scheduler_core.u_fft_scratch_sram.u_hi.u_sram/D[5] : -42.792877
[setup reg-reg] _20174_/Q -> _18651_/D : -42.774105
[setup reg-reg] _20174_/Q -> u_core.u_transform_scheduler_core.u_fft_scratch_sram.u_hi.u_sram/D[4] : -42.769512
[setup reg-reg] _20174_/Q -> u_core.u_transform_scheduler_core.u_fft_scratch_sram.u_lo.u_sram/D[7] : -42.766521
[setup reg-reg] _20174_/Q -> _18655_/D : -42.751423
[setup reg-reg] _20174_/Q -> _18654_/D : -42.751232
[setup reg-reg] _20174_/Q -> _18653_/D : -42.747597
[setup reg-reg] _20174_/Q -> _18658_/D : -42.746788
[setup reg-reg] _20174_/Q -> _18656_/D : -42.739384
[setup reg-reg] _20174_/Q -> _18657_/D : -42.737617
[setup reg-reg] _20174_/Q -> _18650_/D : -42.667709
[setup reg-reg] _20174_/Q -> u_core.u_transform_scheduler_core.u_fft_scratch_sram.u_hi.u_sram/A[1] : -42.647118
[setup reg-reg] _20174_/Q -> u_core.u_transform_scheduler_core.u_fft_scratch_sram.u_lo.u_sram/A[1] : -42.643578
[setup reg-reg] _20174_/Q -> u_core.u_transform_scheduler_core.u_fft_scratch_sram.u_hi.u_sram/A[2] : -42.639996
[setup reg-reg] _20174_/Q -> u_core.u_transform_scheduler_core.u_fft_scratch_sram.u_lo.u_sram/A[3] : -42.635593
[setup reg-reg] _20174_/Q -> u_core.u_transform_scheduler_core.u_fft_scratch_sram.u_lo.u_sram/A[2] : -42.632526
[setup reg-reg] _20174_/Q -> u_core.u_transform_scheduler_core.u_fft_scratch_sram.u_hi.u_sram/A[3] : -42.621948
[setup reg-reg] _20174_/Q -> u_core.u_transform_scheduler_core.u_fft_scratch_sram.u_lo.u_sram/A[0] : -42.511452
[setup reg-reg] _20174_/Q -> u_core.u_transform_scheduler_core.u_fft_scratch_sram.u_hi.u_sram/A[0] : -42.508945
[setup reg-reg] _20174_/Q -> _20161_/D : -42.315357
[setup reg-reg] _20174_/Q -> u_core.u_transform_scheduler_core.u_fft_scratch_sram.u_lo.u_sram/D[2] : -42.310806
[setup reg-reg] _20174_/Q -> u_core.u_transform_scheduler_core.u_fft_scratch_sram.u_lo.u_sram/D[1] : -42.290081
[setup reg-reg] _20174_/Q -> u_core.u_transform_scheduler_core.u_fft_scratch_sram.u_hi.u_sram/WEN[7] : -42.252594
[setup reg-reg] _20174_/Q -> u_core.u_transform_scheduler_core.u_fft_scratch_sram.u_hi.u_sram/WEN[5] : -42.252483
[setup reg-reg] _20174_/Q -> u_core.u_transform_scheduler_core.u_fft_scratch_sram.u_hi.u_sram/WEN[6] : -42.252487
[setup reg-reg] _20174_/Q -> u_core.u_transform_scheduler_core.u_fft_scratch_sram.u_hi.u_sram/WEN[4] : -42.252171
[setup reg-reg] _20174_/Q -> u_core.u_transform_scheduler_core.u_fft_scratch_sram.u_lo.u_sram/WEN[0] : -42.251228
[setup reg-reg] _20174_/Q -> u_core.u_transform_scheduler_core.u_fft_scratch_sram.u_lo.u_sram/WEN[1] : -42.251122
[setup reg-reg] _20174_/Q -> u_core.u_transform_scheduler_core.u_fft_scratch_sram.u_lo.u_sram/WEN[2] : -42.251114
[setup reg-reg] _20174_/Q -> u_core.u_transform_scheduler_core.u_fft_scratch_sram.u_lo.u_sram/WEN[3] : -42.250786
[setup reg-reg] _20174_/Q -> u_core.u_transform_scheduler_core.u_fft_scratch_sram.u_hi.u_sram/WEN[3] : -42.249382
[setup reg-reg] _20174_/Q -> u_core.u_transform_scheduler_core.u_fft_scratch_sram.u_hi.u_sram/WEN[2] : -42.248154
[setup reg-reg] _20174_/Q -> u_core.u_transform_scheduler_core.u_fft_scratch_sram.u_hi.u_sram/WEN[1] : -42.248096
[setup reg-reg] _20174_/Q -> u_core.u_transform_scheduler_core.u_fft_scratch_sram.u_lo.u_sram/WEN[4] : -42.247761
[setup reg-reg] _20174_/Q -> u_core.u_transform_scheduler_core.u_fft_scratch_sram.u_hi.u_sram/WEN[0] : -42.246685
[setup reg-reg] _20174_/Q -> u_core.u_transform_scheduler_core.u_fft_scratch_sram.u_lo.u_sram/WEN[5] : -42.246559
[setup reg-reg] _20174_/Q -> u_core.u_transform_scheduler_core.u_fft_scratch_sram.u_lo.u_sram/WEN[6] : -42.246502
[setup reg-reg] _20174_/Q -> u_core.u_transform_scheduler_core.u_fft_scratch_sram.u_lo.u_sram/WEN[7] : -42.245094
[setup reg-reg] _20174_/Q -> u_core.u_transform_scheduler_core.u_fft_scratch_sram.u_lo.u_sram/D[5] : -42.206532
[setup reg-reg] _20174_/Q -> _18648_/D : -42.194359
[setup reg-reg] _20174_/Q -> u_core.u_transform_scheduler_core.u_fft_scratch_sram.u_lo.u_sram/D[6] : -42.192543
[setup reg-reg] _20174_/Q -> _18645_/D : -42.180611
[setup reg-reg] _20174_/Q -> _18646_/D : -42.179283
[setup reg-reg] _20174_/Q -> _18644_/D : -42.156048
[setup reg-reg] _20174_/Q -> _18647_/D : -42.125900
[setup reg-reg] _20174_/Q -> _18649_/D : -42.125549
[setup reg-reg] _20174_/Q -> _18643_/D : -42.123936
[setup reg-reg] _20174_/Q -> u_core.u_transform_scheduler_core.u_fft_scratch_sram.u_lo.u_sram/D[0] : -42.113281
[setup reg-reg] _20174_/Q -> u_core.u_transform_scheduler_core.u_fft_scratch_sram.u_lo.u_sram/D[3] : -42.097504
[setup reg-reg] _20174_/Q -> u_core.u_transform_scheduler_core.u_fft_scratch_sram.u_lo.u_sram/D[4] : -42.018398
[setup reg-reg] _20174_/Q -> _18820_/D : -41.647038
[setup reg-reg] _20174_/Q -> _18806_/D : -41.640682
[setup reg-reg] _20174_/Q -> _18817_/D : -41.640564
[setup reg-reg] _20174_/Q -> _18815_/D : -41.639565
[setup reg-reg] _20174_/Q -> _18818_/D : -41.638763
[setup reg-reg] _20174_/Q -> _18810_/D : -41.638500
[setup reg-reg] _20174_/Q -> _18811_/D : -41.637295
[setup reg-reg] _20174_/Q -> _18816_/D : -41.636665
[setup reg-reg] _20174_/Q -> _18819_/D : -41.636349
[setup reg-reg] _20174_/Q -> _18809_/D : -41.635979
[setup reg-reg] _20174_/Q -> _18813_/D : -41.635975
[setup reg-reg] _20174_/Q -> _18807_/D : -41.635902
[setup reg-reg] _20174_/Q -> _18832_/D : -41.634968
[setup reg-reg] _20174_/Q -> _18814_/D : -41.634735
[setup reg-reg] _20174_/Q -> _18812_/D : -41.634480
[setup reg-reg] _20174_/Q -> _18808_/D : -41.634163
[setup reg-reg] _20174_/Q -> _18857_/D : -41.633106
[setup reg-reg] _20174_/Q -> _18805_/D : -41.632767
[setup reg-reg] _20174_/Q -> _18822_/D : -41.630543
[setup reg-reg] _20174_/Q -> _18831_/D : -41.625710
[setup reg-reg] _20174_/Q -> _18823_/D : -41.624653
[setup reg-reg] _20174_/Q -> _18821_/D : -41.623817
[setup reg-reg] _20174_/Q -> _18824_/D : -41.616867
[setup reg-reg] _20174_/Q -> _18829_/D : -41.615700
[setup reg-reg] _20174_/Q -> _18850_/D : -41.607559
[setup reg-reg] _20174_/Q -> _18825_/D : -41.606030
[setup reg-reg] _20174_/Q -> _18827_/D : -41.600632
[setup reg-reg] _20174_/Q -> _18826_/D : -41.599892
[setup reg-reg] _20174_/Q -> _18830_/D : -41.599598
[setup reg-reg] _20174_/Q -> _18828_/D : -41.597172
[setup reg-reg] _20174_/Q -> _18852_/D : -41.588673
[setup reg-reg] _20174_/Q -> _18855_/D : -41.585495
[setup reg-reg] _20174_/Q -> _18856_/D : -41.584492
[setup reg-reg] _20174_/Q -> _18853_/D : -41.584373
[setup reg-reg] _20174_/Q -> _18851_/D : -41.583981
[setup reg-reg] _20174_/Q -> _18854_/D : -41.564671
[setup reg-reg] _20174_/Q -> _18659_/D : -41.475079
[setup reg-reg] _20174_/Q -> _18661_/D : -41.472771
[setup reg-reg] _20174_/Q -> _18660_/D : -41.457787
[setup reg-reg] _20174_/Q -> _18665_/D : -41.457752
[setup reg-reg] _20174_/Q -> _18663_/D : -41.457569
[setup reg-reg] _20174_/Q -> _18662_/D : -41.457439
[setup reg-reg] _20174_/Q -> _18664_/D : -41.457447
[setup reg-reg] _20174_/Q -> _18704_/D : -41.294006
[setup reg-reg] _20174_/Q -> _18726_/D : -41.284573
[setup reg-reg] _20174_/Q -> _18722_/D : -41.283936
[setup reg-reg] _20174_/Q -> _18705_/D : -41.282825
[setup reg-reg] _20174_/Q -> _18721_/D : -41.275452
[setup reg-reg] _20174_/Q -> _18712_/D : -41.262699
[setup reg-reg] _20174_/Q -> _18728_/D : -41.259888
[setup reg-reg] _20174_/Q -> _18724_/D : -41.259819
[setup reg-reg] _20174_/Q -> _18723_/D : -41.258942
[setup reg-reg] _20174_/Q -> _18725_/D : -41.258099
[setup reg-reg] _20174_/Q -> _18717_/D : -41.252380
[setup reg-reg] _20174_/Q -> _18708_/D : -41.250057
[setup reg-reg] _20174_/Q -> _18713_/D : -41.249485
[setup reg-reg] _20174_/Q -> _18707_/D : -41.249226
[setup reg-reg] _20174_/Q -> _18706_/D : -41.248726
[setup reg-reg] _20174_/Q -> _18709_/D : -41.248524
[setup reg-reg] _20174_/Q -> _18710_/D : -41.247906
[setup reg-reg] _20174_/Q -> _18727_/D : -41.247177
[setup reg-reg] _20174_/Q -> _18711_/D : -41.247124
[setup reg-reg] _20174_/Q -> _18698_/D : -41.244671
[setup reg-reg] _20174_/Q -> _18719_/D : -41.244411
[setup reg-reg] _20174_/Q -> _18700_/D : -41.244335
[setup reg-reg] _20174_/Q -> _18699_/D : -41.244213
[setup reg-reg] _20174_/Q -> _18697_/D : -41.243755
[setup reg-reg] _20174_/Q -> _18714_/D : -41.242302
[setup reg-reg] _20174_/Q -> _18720_/D : -41.241676
[setup reg-reg] _20174_/Q -> _18715_/D : -41.240063
[setup reg-reg] _20174_/Q -> _18703_/D : -41.239223
[setup reg-reg] _20174_/Q -> _18718_/D : -41.237461
[setup reg-reg] _20174_/Q -> _18716_/D : -41.237053
[setup reg-reg] _20174_/Q -> _18701_/D : -41.236755
[setup reg-reg] _20174_/Q -> _18702_/D : -41.235481
[setup reg-reg] _20174_/Q -> u_core.u_transform_scheduler_core.u_fft_scratch_sram.u_hi.u_sram/CEN : -41.187267
[setup reg-reg] _20174_/Q -> u_core.u_transform_scheduler_core.u_fft_scratch_sram.u_lo.u_sram/CEN : -41.185665
[setup reg-reg] _20174_/Q -> _20193_/D : -40.959831
[setup reg-reg] _20174_/Q -> _20227_/D : -40.955818
[setup reg-reg] _20174_/Q -> _20226_/D : -40.953621
[setup reg-reg] _20174_/Q -> _20191_/D : -40.953037
[setup reg-reg] _20174_/Q -> _20223_/D : -40.950760
[setup reg-reg] _20174_/Q -> _20207_/D : -40.948036
[setup reg-reg] _20174_/Q -> _20222_/D : -40.947754
[setup reg-reg] _20174_/Q -> _20196_/D : -40.947250
[setup reg-reg] _20174_/Q -> _20241_/D : -40.947109
[setup reg-reg] _20174_/Q -> _20208_/D : -40.947010
[setup reg-reg] _20174_/Q -> _20240_/D : -40.946995
[setup reg-reg] _20174_/Q -> _20242_/D : -40.946541
[setup reg-reg] _20174_/Q -> _20206_/D : -40.945595
[setup reg-reg] _20174_/Q -> _20221_/D : -40.944439
[setup reg-reg] _20174_/Q -> _20238_/D : -40.944012
[setup reg-reg] _20174_/Q -> _20237_/D : -40.939987
[setup reg-reg] _20174_/Q -> _20210_/D : -40.939480
[setup reg-reg] _20174_/Q -> _20211_/D : -40.937473
[setup reg-reg] _20174_/Q -> _20180_/D : -40.936749
[setup reg-reg] _20174_/Q -> _20194_/D : -40.934086
[setup reg-reg] _20174_/Q -> _20197_/D : -40.932678
[setup reg-reg] _20174_/Q -> _20236_/D : -40.932507
[setup reg-reg] _20174_/Q -> _20195_/D : -40.932053
[setup reg-reg] _20174_/Q -> _20225_/D : -40.932030
[setup reg-reg] _20174_/Q -> _20182_/D : -40.931145
[setup reg-reg] _20174_/Q -> _20224_/D : -40.929913
[setup reg-reg] _20174_/Q -> _20228_/D : -40.925400
[setup reg-reg] _20174_/Q -> _20212_/D : -40.924549
[setup reg-reg] _20174_/Q -> _20209_/D : -40.923252
[setup reg-reg] _20174_/Q -> _20215_/D : -40.923279
[setup reg-reg] _20174_/Q -> _20181_/D : -40.922657
[setup reg-reg] _20174_/Q -> _20183_/D : -40.922516
[setup reg-reg] _20174_/Q -> _20239_/D : -40.920998
[setup reg-reg] _20174_/Q -> _20198_/D : -40.919930
[setup reg-reg] _20174_/Q -> _20192_/D : -40.919189
[setup reg-reg] _20174_/Q -> _20185_/D : -40.919014
[setup reg-reg] _20174_/Q -> _20214_/D : -40.917622
[setup reg-reg] _20174_/Q -> _20218_/D : -40.917423
[setup reg-reg] _20174_/Q -> _20187_/D : -40.916595
[setup reg-reg] _20174_/Q -> _20184_/D : -40.916355
[setup reg-reg] _20174_/Q -> _20186_/D : -40.916042
[setup reg-reg] _20174_/Q -> _20213_/D : -40.916027
[setup reg-reg] _20174_/Q -> _20220_/D : -40.915768
[setup reg-reg] _20174_/Q -> _20216_/D : -40.914265
[setup reg-reg] _20174_/Q -> _20243_/D : -40.913445
[setup reg-reg] _20174_/Q -> _20219_/D : -40.912590
[setup reg-reg] _20174_/Q -> _20188_/D : -40.911987
[setup reg-reg] _20174_/Q -> _20217_/D : -40.909485
[setup reg-reg] _20174_/Q -> _20190_/D : -40.908573
[setup reg-reg] _20174_/Q -> _20189_/D : -40.908199
[setup reg-reg] _20174_/Q -> _20199_/D : -40.907623
[setup reg-reg] _20174_/Q -> _20233_/D : -40.906460
[setup reg-reg] _20174_/Q -> _20235_/D : -40.905415
[setup reg-reg] _20174_/Q -> _20229_/D : -40.904591
[setup reg-reg] _20174_/Q -> _20201_/D : -40.904163
[setup reg-reg] _20174_/Q -> _20230_/D : -40.903770
[setup reg-reg] _20174_/Q -> _20234_/D : -40.903774
[setup reg-reg] _20174_/Q -> _20231_/D : -40.903561
[setup reg-reg] _20174_/Q -> _20200_/D : -40.902672
[setup reg-reg] _20174_/Q -> _20204_/D : -40.898342
[setup reg-reg] _20174_/Q -> _20205_/D : -40.897930
[setup reg-reg] _20174_/Q -> _20232_/D : -40.897831
[setup reg-reg] _20174_/Q -> _20203_/D : -40.897717
[setup reg-reg] _20174_/Q -> _20202_/D : -40.816231
[setup reg-reg] _20174_/Q -> _20141_/D : -40.702240
[setup reg-reg] _20174_/Q -> _20151_/D : -39.944077
[setup reg-reg] _20174_/Q -> _20154_/D : -39.931652
[setup reg-reg] _20174_/Q -> _20150_/D : -39.920708
[setup reg-reg] _20174_/Q -> _20153_/D : -39.918610
[setup reg-reg] _20174_/Q -> _20152_/D : -39.914108
[setup reg-reg] _20174_/Q -> _20155_/D : -39.883892
[setup reg-reg] _20174_/Q -> _20128_/D : -39.759651
[setup reg-reg] _20174_/Q -> _20022_/D : -39.720638
[setup reg-reg] _20174_/Q -> _20023_/D : -39.719994
[setup reg-reg] _20174_/Q -> _20020_/D : -39.719048
[setup reg-reg] _20174_/Q -> _20027_/D : -39.716190
[setup reg-reg] _20174_/Q -> _20026_/D : -39.712143
[setup reg-reg] _20174_/Q -> _20024_/D : -39.711021
[setup reg-reg] _20174_/Q -> _20025_/D : -39.710194
[setup reg-reg] _20174_/Q -> _20034_/D : -39.703636
[setup reg-reg] _20174_/Q -> _20021_/D : -39.702950
[setup reg-reg] _20174_/Q -> _20030_/D : -39.691231
[setup reg-reg] _20174_/Q -> _20066_/D : -39.476490
[setup reg-reg] _20174_/Q -> _20145_/D : -39.390446
[setup reg-reg] _20174_/Q -> _20156_/D : -39.326870
[setup reg-reg] _20174_/Q -> _18747_/D : -39.322571
[setup reg-reg] _20174_/Q -> _18751_/D : -39.320656
[setup reg-reg] _20174_/Q -> _18752_/D : -39.320683
[setup reg-reg] _20174_/Q -> _18746_/D : -39.318256
[setup reg-reg] _20174_/Q -> _18750_/D : -39.312981
[setup reg-reg] _20174_/Q -> _18749_/D : -39.310192
[setup reg-reg] _20174_/Q -> _18745_/D : -39.308266
[setup reg-reg] _20174_/Q -> _18667_/D : -39.305824
[setup reg-reg] _20174_/Q -> _18748_/D : -39.305660
[setup reg-reg] _20174_/Q -> _18756_/D : -39.290199
[setup reg-reg] _20174_/Q -> _18761_/D : -39.287563
[setup reg-reg] _20174_/Q -> _18759_/D : -39.286518
[setup reg-reg] _20174_/Q -> _18762_/D : -39.285206
[setup reg-reg] _20174_/Q -> _18755_/D : -39.283478
[setup reg-reg] _20174_/Q -> _18757_/D : -39.281990
[setup reg-reg] _20174_/Q -> _18758_/D : -39.276772
[setup reg-reg] _20174_/Q -> _18760_/D : -39.275902
[setup reg-reg] _20174_/Q -> _18873_/D : -39.240013
[setup reg-reg] _20174_/Q -> _18875_/D : -39.237926
[setup reg-reg] _20174_/Q -> _18882_/D : -39.219162
[setup reg-reg] _20174_/Q -> _18775_/D : -39.212864
[setup reg-reg] _20174_/Q -> _18778_/D : -39.209511
[setup reg-reg] _20174_/Q -> _18780_/D : -39.209412
[setup reg-reg] _20174_/Q -> _18782_/D : -39.208817
[setup reg-reg] _20174_/Q -> _18777_/D : -39.207214
[setup reg-reg] _20174_/Q -> _18781_/D : -39.206875
[setup reg-reg] _20174_/Q -> _18779_/D : -39.206600
[setup reg-reg] _20174_/Q -> _18776_/D : -39.197056
[setup reg-reg] _20174_/Q -> _18768_/D : -39.162254
[setup reg-reg] _20174_/Q -> _18767_/D : -39.161186
[setup reg-reg] _20174_/Q -> _18788_/D : -39.160690
[setup reg-reg] _20174_/Q -> _18766_/D : -39.160568
[setup reg-reg] _20174_/Q -> _18790_/D : -39.158279
[setup reg-reg] _20174_/Q -> _18765_/D : -39.158031
[setup reg-reg] _20174_/Q -> _18771_/D : -39.156769
[setup reg-reg] _20174_/Q -> _18787_/D : -39.156528
[setup reg-reg] _20174_/Q -> _18789_/D : -39.156288
[setup reg-reg] _20174_/Q -> _18772_/D : -39.156048
[setup reg-reg] _20174_/Q -> _18769_/D : -39.155659
[setup reg-reg] _20174_/Q -> _18753_/D : -39.155148
[setup reg-reg] _20174_/Q -> _18735_/D : -39.154446
[setup reg-reg] _20174_/Q -> _18736_/D : -39.152744
[setup reg-reg] _20174_/Q -> _18729_/D : -39.151997
[setup reg-reg] _20174_/Q -> _18730_/D : -39.152035
[setup reg-reg] _20174_/Q -> _18731_/D : -39.151970
[setup reg-reg] _20174_/Q -> _18770_/D : -39.151928
[setup reg-reg] _20174_/Q -> _18734_/D : -39.151722
[setup reg-reg] _20174_/Q -> _18733_/D : -39.151520
[setup reg-reg] _20174_/Q -> _18732_/D : -39.151344
[setup reg-reg] _20174_/Q -> _18754_/D : -39.145126
[setup reg-reg] _20174_/Q -> _18872_/D : -39.117924
[setup reg-reg] _20174_/Q -> _18764_/D : -39.109814
[setup reg-reg] _20174_/Q -> _18763_/D : -39.109077
[setup reg-reg] _20174_/Q -> _18744_/D : -39.099102
[setup reg-reg] _20174_/Q -> _18738_/D : -39.098766
[setup reg-reg] _20174_/Q -> _18742_/D : -39.098354
[setup reg-reg] _20174_/Q -> _18741_/D : -39.097500
[setup reg-reg] _20174_/Q -> _18740_/D : -39.097248
[setup reg-reg] _20174_/Q -> _18739_/D : -39.096760
[setup reg-reg] _20174_/Q -> _18737_/D : -39.096668
[setup reg-reg] _20174_/Q -> _18743_/D : -39.096115
[setup reg-reg] _20174_/Q -> _18783_/D : -39.078342
[setup reg-reg] _20174_/Q -> _18786_/D : -39.075424
[setup reg-reg] _20174_/Q -> _18785_/D : -39.075325
[setup reg-reg] _20174_/Q -> _18784_/D : -39.072277
[setup reg-reg] _20174_/Q -> _20122_/D : -39.067204
[setup reg-reg] _20174_/Q -> _18791_/D : -39.056908
[setup reg-reg] _20174_/Q -> _18878_/D : -39.056126
[setup reg-reg] _20174_/Q -> _20249_/D : -39.052284
[setup reg-reg] _20174_/Q -> _18884_/D : -39.052235
[setup reg-reg] _20174_/Q -> _18881_/D : -39.048550
[setup reg-reg] _20174_/Q -> _20125_/D : -39.043591
[setup reg-reg] _20174_/Q -> _20028_/D : -39.015331
[setup reg-reg] _20174_/Q -> _20065_/D : -39.008789
[setup reg-reg] _20174_/Q -> _20126_/D : -39.005871
[setup reg-reg] _20174_/Q -> _20064_/D : -39.001030
[setup reg-reg] _20174_/Q -> _20062_/D : -38.998337
[setup reg-reg] _20174_/Q -> _20148_/D : -38.996769
[setup reg-reg] _20174_/Q -> _20248_/D : -38.993961
[setup reg-reg] _20174_/Q -> _20060_/D : -38.993080
[setup reg-reg] _20174_/Q -> _20036_/D : -38.992027
[setup reg-reg] _20174_/Q -> _20244_/D : -38.987553
[setup reg-reg] _20174_/Q -> _20149_/D : -38.986511
[setup reg-reg] _20174_/Q -> _20147_/D : -38.986252
[setup reg-reg] _20174_/Q -> _20035_/D : -38.983639
[setup reg-reg] _20174_/Q -> _20029_/D : -38.983170
[setup reg-reg] _20174_/Q -> _20033_/D : -38.978962
[setup reg-reg] _20174_/Q -> _20138_/D : -38.935677
[setup reg-reg] _20174_/Q -> _20146_/D : -38.901905
[setup reg-reg] _20174_/Q -> _20246_/D : -38.845539
[setup reg-reg] _20174_/Q -> _20247_/D : -38.829891
[setup reg-reg] _20174_/Q -> _20245_/D : -38.784111
[setup reg-reg] _20174_/Q -> _18866_/D : -38.744495
[setup reg-reg] _20174_/Q -> _20144_/D : -38.689537
[setup reg-reg] _20174_/Q -> _18874_/D : -38.687256
[setup reg-reg] _20174_/Q -> _18879_/D : -38.673618
[setup reg-reg] _20174_/Q -> _18867_/D : -38.655739
[setup reg-reg] _20174_/Q -> _18868_/D : -38.649925
[setup reg-reg] _20174_/Q -> _18870_/D : -38.649925
[setup reg-reg] _20174_/Q -> _18871_/D : -38.649323
[setup reg-reg] _20174_/Q -> _18883_/D : -38.643044
[setup reg-reg] _20174_/Q -> _18869_/D : -38.642921
[setup reg-reg] _20174_/Q -> _18880_/D : -38.597828
[setup reg-reg] _20174_/Q -> _18877_/D : -38.597130
[setup reg-reg] _20174_/Q -> _18876_/D : -38.590584
[setup reg-reg] _20174_/Q -> _18773_/D : -38.575649
[setup reg-reg] _20174_/Q -> _20121_/D : -38.530052
[setup reg-reg] _20174_/Q -> _18774_/D : -38.471569
[setup reg-reg] _20174_/Q -> _18957_/D : -38.431541
[setup reg-reg] _20174_/Q -> _18865_/D : -38.427780
[setup reg-reg] _20174_/Q -> _20124_/D : -38.398975
[setup reg-reg] _20174_/Q -> _18942_/D : -38.368000
[setup reg-reg] _20174_/Q -> _18953_/D : -38.318802
[setup reg-reg] _20174_/Q -> _18952_/D : -38.317905
[setup reg-reg] _20174_/Q -> _18941_/D : -38.316517
[setup reg-reg] _20174_/Q -> _18950_/D : -38.312744
[setup reg-reg] _20174_/Q -> _18951_/D : -38.311928
[setup reg-reg] _20174_/Q -> _18946_/D : -38.236233
[setup reg-reg] _20174_/Q -> _18948_/D : -38.228203
[setup reg-reg] _20174_/Q -> _18947_/D : -38.225475
[setup reg-reg] _20174_/Q -> _18949_/D : -38.225002
[setup reg-reg] _20174_/Q -> _18956_/D : -38.163845
[setup reg-reg] _20174_/Q -> _18943_/D : -38.050861
[setup reg-reg] _20174_/Q -> _18945_/D : -38.042431
[setup reg-reg] _20174_/Q -> _20032_/D : -38.021267
[setup reg-reg] _20174_/Q -> _18955_/D : -37.964806
[setup reg-reg] _20174_/Q -> _20111_/D : -37.939835
[setup reg-out] _20174_/Q -> din_ready_o_OUT : -37.921894
[setup reg-reg] _20174_/Q -> _20102_/D : -37.895164
[setup reg-reg] _20174_/Q -> _20031_/D : -37.756546
[setup reg-reg] _20174_/Q -> _20107_/D : -37.730061
[setup reg-reg] _20174_/Q -> _20105_/D : -37.673824
[setup reg-reg] _20174_/Q -> _20112_/D : -37.659855
[setup reg-reg] _20174_/Q -> _20113_/D : -37.630524
[setup reg-reg] _20174_/Q -> _18954_/D : -37.584496
[setup reg-reg] _20174_/Q -> _20109_/D : -37.358315
[setup reg-reg] _20174_/Q -> _20063_/D : -37.326103
[setup reg-reg] _20174_/Q -> _20061_/D : -37.317055
[setup reg-reg] _20174_/Q -> _18944_/D : -37.236839
[setup reg-reg] _20174_/Q -> _18795_/D : -37.231220
[setup reg-reg] _20174_/Q -> _18797_/D : -37.198563
[setup reg-reg] _20174_/Q -> _18861_/D : -37.165493
[setup reg-reg] _20174_/Q -> _18864_/D : -37.160549
[setup reg-reg] _20174_/Q -> _20018_/D : -37.116581
[setup reg-reg] _20174_/Q -> _18803_/D : -37.113117
[setup reg-reg] _20174_/Q -> _18796_/D : -37.109409
[setup reg-reg] _20174_/Q -> _18668_/D : -37.104572
[setup reg-reg] _20174_/Q -> _18862_/D : -37.086475
[setup reg-reg] _20174_/Q -> _18859_/D : -37.086288
[setup reg-reg] _20174_/Q -> _18860_/D : -37.084351
[setup reg-reg] _20174_/Q -> _18863_/D : -37.082287
[setup reg-reg] _20174_/Q -> _18804_/D : -37.066456
[setup reg-reg] _20174_/Q -> _18798_/D : -36.962803
[setup reg-reg] _20174_/Q -> _20119_/D : -36.939095
[setup reg-reg] _20174_/Q -> _20019_/D : -36.934486
[setup reg-reg] _20174_/Q -> _18793_/D : -36.928642
[setup reg-reg] _20174_/Q -> _18794_/D : -36.852188
[setup reg-reg] _20174_/Q -> _18666_/D : -36.849998
[setup reg-reg] _20174_/Q -> _20129_/D : -36.709003
[setup reg-reg] _20174_/Q -> _18799_/D : -36.531357
[setup reg-reg] _20174_/Q -> _18800_/D : -36.521748
[setup reg-reg] _20174_/Q -> _18792_/D : -36.417088
[setup reg-reg] _20174_/Q -> _20127_/D : -36.261768
[setup reg-reg] _20174_/Q -> _18696_/D : -36.138439
[setup reg-reg] _20174_/Q -> _18693_/D : -36.130013
[setup reg-reg] _20174_/Q -> _18695_/D : -36.128998
[setup reg-reg] _20174_/Q -> _18688_/D : -36.127647
[setup reg-reg] _20174_/Q -> _18689_/D : -36.127182
[setup reg-reg] _20174_/Q -> _18692_/D : -36.126984
[setup reg-reg] _20174_/Q -> _18691_/D : -36.125954
[setup reg-reg] _20174_/Q -> _18694_/D : -36.122288
[setup reg-reg] _20174_/Q -> _18690_/D : -36.120319
[setup reg-reg] _20174_/Q -> _19322_/D : -35.867870
[setup reg-reg] _20174_/Q -> _19380_/D : -35.849609
[setup reg-reg] _20174_/Q -> _19377_/D : -35.838276
[setup reg-reg] _20174_/Q -> _19305_/D : -35.696915
[setup reg-reg] _20174_/Q -> _18687_/D : -35.694874
[setup reg-reg] _20174_/Q -> _19326_/D : -35.660152
[setup reg-reg] _20174_/Q -> _19320_/D : -35.639450
[setup reg-reg] _20174_/Q -> _19318_/D : -35.633129
[setup reg-reg] _20174_/Q -> _18683_/D : -35.573578
[setup reg-reg] _20174_/Q -> _19309_/D : -35.514832
[setup reg-reg] _20174_/Q -> _19262_/D : -35.506859
[setup reg-reg] _20174_/Q -> _19267_/D : -35.503662
[setup reg-reg] _20174_/Q -> _19266_/D : -35.501011
[setup reg-reg] _20174_/Q -> _19263_/D : -35.495811
[setup reg-reg] _20174_/Q -> _19268_/D : -35.486458
[setup reg-reg] _20174_/Q -> _18682_/D : -35.415413
[setup reg-reg] _20174_/Q -> _19300_/D : -35.354050
[setup reg-reg] _20174_/Q -> _19276_/D : -35.353764
[setup reg-reg] _20174_/Q -> _19275_/D : -35.345459
[setup reg-reg] _20174_/Q -> _19271_/D : -35.344074
[setup reg-reg] _20174_/Q -> _19274_/D : -35.343899
[setup reg-reg] _20174_/Q -> _19272_/D : -35.342594
[setup reg-reg] _20174_/Q -> _19277_/D : -35.339485
[setup reg-reg] _20174_/Q -> _19273_/D : -35.339184
[setup reg-reg] _20174_/Q -> _19303_/D : -35.316746
[setup reg-reg] _20174_/Q -> _19296_/D : -35.306549
[setup reg-reg] _20174_/Q -> _19302_/D : -35.300297
[setup reg-reg] _20174_/Q -> _19373_/D : -35.283203
[setup reg-reg] _20174_/Q -> _19265_/D : -35.281578
[setup reg-reg] _20174_/Q -> _19311_/D : -35.276318
[setup reg-reg] _20174_/Q -> _19307_/D : -35.272438
[setup reg-reg] _20174_/Q -> _19308_/D : -35.271446
[setup reg-reg] _20174_/Q -> _19269_/D : -35.266903
[setup reg-reg] _20174_/Q -> _19310_/D : -35.262573
[setup reg-reg] _20174_/Q -> _19299_/D : -35.262383
[setup reg-reg] _20174_/Q -> _19304_/D : -35.258369
[setup reg-reg] _20174_/Q -> _19270_/D : -35.258183
[setup reg-reg] _20174_/Q -> _19306_/D : -35.255737
[setup reg-reg] _20174_/Q -> _19264_/D : -35.252190
[setup reg-reg] _20174_/Q -> _19298_/D : -35.250912
[setup reg-reg] _20174_/Q -> _19374_/D : -35.203381
[setup reg-reg] _20174_/Q -> _19376_/D : -35.197849
[setup reg-reg] _20174_/Q -> _19379_/D : -35.192150
[setup reg-reg] _20174_/Q -> _19378_/D : -35.190571
[setup reg-reg] _20174_/Q -> _19375_/D : -35.189266
[setup reg-reg] _20174_/Q -> _19297_/D : -35.181610
[setup reg-reg] _20174_/Q -> _19324_/D : -35.178055
[setup reg-reg] _20174_/Q -> _19282_/D : -35.177147
[setup reg-reg] _20174_/Q -> _19317_/D : -35.175407
[setup reg-reg] _20174_/Q -> _19283_/D : -35.175304
[setup reg-reg] _20174_/Q -> _19301_/D : -35.172619
[setup reg-reg] _20174_/Q -> _19280_/D : -35.167759
[setup reg-reg] _20174_/Q -> _19281_/D : -35.166012
[setup reg-reg] _20174_/Q -> _19261_/D : -35.165245
[setup reg-reg] _20174_/Q -> _19285_/D : -35.163670
[setup reg-reg] _20174_/Q -> _19284_/D : -35.162716
[setup reg-reg] _20174_/Q -> _19319_/D : -35.161755
[setup reg-reg] _20174_/Q -> _19279_/D : -35.161118
[setup reg-reg] _20174_/Q -> _19313_/D : -35.092690
[setup reg-reg] _20174_/Q -> _19046_/D : -35.092503
[setup reg-reg] _20174_/Q -> _19315_/D : -35.085197
[setup reg-reg] _20174_/Q -> _19321_/D : -35.081570
[setup reg-reg] _20174_/Q -> _19323_/D : -35.047993
[setup reg-reg] _20174_/Q -> _19325_/D : -35.042210
[setup reg-reg] _20174_/Q -> _19327_/D : -35.033512
[setup reg-reg] _20174_/Q -> _19328_/D : -35.032089
[setup reg-reg] _20174_/Q -> _19372_/D : -34.993721
[setup reg-reg] _20174_/Q -> _19314_/D : -34.962257
[setup reg-reg] _20174_/Q -> _19316_/D : -34.959457
[setup reg-reg] _20174_/Q -> _19295_/D : -34.949333
[setup reg-reg] _20174_/Q -> _19289_/D : -34.941124
[setup reg-reg] _20174_/Q -> _19290_/D : -34.936024
[setup reg-reg] _20174_/Q -> _19287_/D : -34.935947
[setup reg-reg] _20174_/Q -> _20116_/D : -34.932377
[setup reg-reg] _20174_/Q -> _19291_/D : -34.929569
[setup reg-reg] _20174_/Q -> _19294_/D : -34.926575
[setup reg-reg] _20174_/Q -> _19288_/D : -34.924007
[setup reg-reg] _20174_/Q -> _19292_/D : -34.921371
[setup reg-reg] _20174_/Q -> _19293_/D : -34.921276
[setup reg-reg] _20174_/Q -> _19286_/D : -34.919613
[setup reg-reg] _20174_/Q -> _19278_/D : -34.833229
[setup reg-reg] _20174_/Q -> _19047_/D : -34.823223
[setup reg-reg] _20174_/Q -> _20118_/D : -34.798954
[setup reg-reg] _20174_/Q -> _19312_/D : -34.752022
[setup reg-reg] _20174_/Q -> _18680_/D : -33.992317
[setup reg-reg] _20174_/Q -> _19363_/D : -33.785622
[setup reg-reg] _20174_/Q -> _19371_/D : -33.618725
[setup reg-reg] _20174_/Q -> _19365_/D : -33.572655
[setup reg-reg] _20174_/Q -> _19366_/D : -33.564484
[setup reg-reg] _20174_/Q -> _19370_/D : -33.563957
[setup reg-reg] _20174_/Q -> _19369_/D : -33.563812
[setup reg-reg] _20174_/Q -> _19368_/D : -33.563599
[setup reg-reg] _20174_/Q -> _19364_/D : -33.563168
[setup reg-reg] _20174_/Q -> _19367_/D : -33.561031
[setup reg-reg] _20174_/Q -> _18681_/D : -33.453667
[setup reg-reg] _20174_/Q -> _18686_/D : -33.385365
[setup reg-reg] _20174_/Q -> _19259_/D : -32.606209
[setup reg-reg] _20174_/Q -> _19260_/D : -32.600815
[setup reg-reg] _20174_/Q -> _18679_/D : -32.361099
[setup reg-reg] _20174_/Q -> _19486_/D : -31.932516
[setup reg-reg] _20174_/Q -> _19732_/D : -31.908897
[setup reg-reg] _20174_/Q -> _19647_/D : -31.867195
[setup reg-reg] _20174_/Q -> _19649_/D : -31.863159
[setup reg-reg] _20174_/Q -> _19715_/D : -31.845901
[setup reg-reg] _20174_/Q -> _19736_/D : -31.840416
[setup reg-reg] _20174_/Q -> _19731_/D : -31.838667
[setup reg-reg] _20174_/Q -> _19716_/D : -31.806288
[setup reg-reg] _20174_/Q -> _19720_/D : -31.755919
[setup reg-reg] _20174_/Q -> _19634_/D : -31.536718
[setup reg-reg] _20174_/Q -> _19656_/D : -31.514277
[setup reg-reg] _20174_/Q -> _19645_/D : -31.513716
[setup reg-reg] _20174_/Q -> _19644_/D : -31.503942
[setup reg-reg] _20174_/Q -> _19661_/D : -31.490566
[setup reg-reg] _20174_/Q -> _19643_/D : -31.486097
[setup reg-reg] _20174_/Q -> _19660_/D : -31.481598
[setup reg-reg] _20174_/Q -> _19691_/D : -31.383331
[setup reg-reg] _20174_/Q -> _19694_/D : -31.372694
[setup reg-reg] _20174_/Q -> _19692_/D : -31.372328
[setup reg-reg] _20174_/Q -> _19689_/D : -31.369238
[setup reg-reg] _20174_/Q -> _19690_/D : -31.369091
[setup reg-reg] _20174_/Q -> _19693_/D : -31.368793
[setup reg-reg] _20174_/Q -> _19688_/D : -31.361582
[setup reg-reg] _20174_/Q -> _19672_/D : -31.357531
[setup reg-reg] _20174_/Q -> _19675_/D : -31.344986
[setup reg-reg] _20174_/Q -> _19674_/D : -31.333649
[setup reg-reg] _20174_/Q -> _19673_/D : -31.333344
[setup reg-reg] _20174_/Q -> _19671_/D : -31.332512
[setup reg-reg] _20174_/Q -> _19677_/D : -31.332172
[setup reg-reg] _20174_/Q -> _19676_/D : -31.332079
[setup reg-reg] _20174_/Q -> _19681_/D : -31.330254
[setup reg-reg] _20174_/Q -> _19730_/D : -31.312067
[setup reg-reg] _20174_/Q -> _19684_/D : -31.310585
[setup reg-reg] _20174_/Q -> _19696_/D : -31.307878
[setup reg-reg] _20174_/Q -> _19701_/D : -31.306948
[setup reg-reg] _20174_/Q -> _19683_/D : -31.306652
[setup reg-reg] _20174_/Q -> _19698_/D : -31.306231
[setup reg-reg] _20174_/Q -> _19679_/D : -31.305820
[setup reg-reg] _20174_/Q -> _19697_/D : -31.304674
[setup reg-reg] _20174_/Q -> _19695_/D : -31.304482
[setup reg-reg] _20174_/Q -> _19646_/D : -31.303955
[setup reg-reg] _20174_/Q -> _19699_/D : -31.302921
[setup reg-reg] _20174_/Q -> _19712_/D : -31.301718
[setup reg-reg] _20174_/Q -> _19680_/D : -31.301628
[setup reg-reg] _20174_/Q -> _19682_/D : -31.301384
[setup reg-reg] _20174_/Q -> _19713_/D : -31.301088
[setup reg-reg] _20174_/Q -> _19700_/D : -31.301050
[setup reg-reg] _20174_/Q -> _19729_/D : -31.300943
[setup reg-reg] _20174_/Q -> _19714_/D : -31.297163
[setup reg-reg] _20174_/Q -> _19627_/D : -31.296722
[setup reg-reg] _20174_/Q -> _19685_/D : -31.288988
[setup reg-reg] _20174_/Q -> _19733_/D : -31.288239
[setup reg-reg] _20174_/Q -> _19734_/D : -31.286860
[setup reg-reg] _20174_/Q -> _19704_/D : -31.285887
[setup reg-reg] _20174_/Q -> _19702_/D : -31.284317
[setup reg-reg] _20174_/Q -> _19651_/D : -31.277399
[setup reg-reg] _20174_/Q -> _19686_/D : -31.275620
[setup reg-reg] _20174_/Q -> _19706_/D : -31.274532
[setup reg-reg] _20174_/Q -> _19703_/D : -31.271381
[setup reg-reg] _20174_/Q -> _19717_/D : -31.270838
[setup reg-reg] _20174_/Q -> _19652_/D : -31.269552
[setup reg-reg] _20174_/Q -> _19718_/D : -31.268116
[setup reg-reg] _20174_/Q -> _19705_/D : -31.267012
[setup reg-reg] _20174_/Q -> _19506_/D : -31.266525
[setup reg-reg] _20174_/Q -> _19708_/D : -31.263779
[setup reg-reg] _20174_/Q -> _19707_/D : -31.256556
[setup reg-reg] _20174_/Q -> _19687_/D : -31.253866
[setup reg-reg] _20174_/Q -> _19663_/D : -31.226812
[setup reg-reg] _20174_/Q -> _19678_/D : -31.226606
[setup reg-reg] _20174_/Q -> _19709_/D : -31.226471
[setup reg-reg] _20174_/Q -> _19710_/D : -31.219028
[setup reg-reg] _20174_/Q -> _19258_/D : -31.093002
[setup reg-reg] _20174_/Q -> _19508_/D : -30.947750
[setup reg-reg] _20174_/Q -> _19511_/D : -30.926218
[setup reg-reg] _20174_/Q -> _19507_/D : -30.924913
[setup reg-reg] _20174_/Q -> _19510_/D : -30.923922
[setup reg-reg] _20174_/Q -> _19509_/D : -30.921507
[setup reg-reg] _20174_/Q -> _19512_/D : -30.841797
[setup reg-reg] _20174_/Q -> _19481_/D : -30.834824
[setup reg-reg] _20174_/Q -> _19711_/D : -30.794504
[setup reg-reg] _20174_/Q -> _19735_/D : -30.790115
[setup reg-reg] _20174_/Q -> _19662_/D : -30.228941
[setup reg-reg] _20174_/Q -> _19727_/D : -30.187683
[setup reg-reg] _20174_/Q -> _19669_/D : -30.180105
[setup reg-reg] _20174_/Q -> _19728_/D : -30.177994
[setup reg-reg] _20174_/Q -> _19743_/D : -30.176836
[setup reg-reg] _20174_/Q -> _19744_/D : -30.172247
[setup reg-reg] _20174_/Q -> _19666_/D : -30.169163
[setup reg-reg] _20174_/Q -> _19668_/D : -30.169056
[setup reg-reg] _20174_/Q -> _19665_/D : -30.167961
[setup reg-reg] _20174_/Q -> _19664_/D : -30.164362
[setup reg-reg] _20174_/Q -> _19658_/D : -30.159744
[setup reg-reg] _20174_/Q -> _19655_/D : -30.148706
[setup reg-reg] _20174_/Q -> _19641_/D : -30.145771
[setup reg-reg] _20174_/Q -> _19639_/D : -30.144712
[setup reg-reg] _20174_/Q -> _19667_/D : -30.139704
[setup reg-reg] _20174_/Q -> _19640_/D : -30.138926
[setup reg-reg] _20174_/Q -> _19657_/D : -30.137064
[setup reg-reg] _20174_/Q -> _19638_/D : -30.118799
[setup reg-reg] _20174_/Q -> _19659_/D : -30.115011
[setup reg-reg] _20174_/Q -> _19628_/D : -30.113541
[setup reg-reg] _20174_/Q -> _19650_/D : -30.108412
[setup reg-reg] _20174_/Q -> _19653_/D : -30.095407
[setup reg-reg] _20174_/Q -> _19648_/D : -30.094442
[setup reg-reg] _20174_/Q -> _19629_/D : -30.069885
[setup reg-reg] _20174_/Q -> _19635_/D : -30.068382
[setup reg-reg] _20174_/Q -> _19636_/D : -30.066223
[setup reg-reg] _20174_/Q -> _19633_/D : -30.062410
[setup reg-reg] _20174_/Q -> _19630_/D : -30.035086
[setup reg-reg] _20174_/Q -> _19637_/D : -30.034281
[setup reg-reg] _20174_/Q -> _19670_/D : -30.032572
[setup reg-reg] _20174_/Q -> _19632_/D : -30.028908
[setup reg-reg] _20174_/Q -> _19631_/D : -30.028717
[setup reg-reg] _20174_/Q -> _19482_/D : -6.635602
[setup reg-reg] _20174_/Q -> _19484_/D : -6.504381
[setup reg-reg] _20174_/Q -> _19483_/D : -6.397436
[setup reg-reg] _20174_/Q -> _19485_/D : -6.169893
[setup reg-reg] _20174_/Q -> _19489_/D : -6.055201
[setup reg-reg] _20174_/Q -> _19487_/D : -5.893087
[setup reg-reg] _20174_/Q -> _19488_/D : -5.837322
[setup reg-reg] _20174_/Q -> _19642_/D : -5.836272
[setup reg-reg] _20174_/Q -> _19722_/D : -5.171041
[setup reg-reg] _20174_/Q -> _19739_/D : -5.168943
[setup reg-reg] _20174_/Q -> _19723_/D : -5.167431
[setup reg-reg] _20174_/Q -> _19724_/D : -5.167081
[setup reg-reg] _20174_/Q -> _19738_/D : -5.166962
[setup reg-reg] _20174_/Q -> _19725_/D : -5.166520
[setup reg-reg] _20174_/Q -> _19737_/D : -5.166184
[setup reg-reg] _20174_/Q -> _19726_/D : -5.165896
[setup reg-reg] _20174_/Q -> _19742_/D : -5.165213
[setup reg-reg] _20174_/Q -> _19654_/D : -5.164663
[setup reg-reg] _20174_/Q -> _19719_/D : -5.164642
[setup reg-reg] _20174_/Q -> _19740_/D : -5.163784
[setup reg-reg] _20174_/Q -> _19741_/D : -5.163663
[setup reg-reg] _20174_/Q -> _19721_/D : -5.159041
[setup reg-reg] _20174_/Q -> _19333_/D : -5.013883
[setup reg-reg] _20174_/Q -> _19331_/D : -5.013444
[setup reg-reg] _20174_/Q -> _19330_/D : -5.010282
[setup reg-reg] _20174_/Q -> _19505_/D : -5.002466
[setup reg-reg] _20174_/Q -> _19332_/D : -5.001768
[setup reg-reg] _20174_/Q -> _19335_/D : -5.000040
[setup reg-reg] _20174_/Q -> _19334_/D : -4.998119
[setup reg-reg] _20174_/Q -> _19336_/D : -4.993613
[setup reg-reg] _20174_/Q -> _19347_/D : -4.930835
[setup reg-reg] _20174_/Q -> _19349_/D : -4.922276
[setup reg-reg] _20174_/Q -> _19350_/D : -4.920864
[setup reg-reg] _20174_/Q -> _19352_/D : -4.919114
[setup reg-reg] _20174_/Q -> _19348_/D : -4.916869
[setup reg-reg] _20174_/Q -> _19351_/D : -4.911311
[setup reg-reg] _20174_/Q -> _19353_/D : -4.909007
[setup reg-reg] _20174_/Q -> _19337_/D : -4.865983
[setup reg-reg] _20174_/Q -> _19338_/D : -4.865054
[setup reg-reg] _20174_/Q -> _19343_/D : -4.864758
[setup reg-reg] _20174_/Q -> _19342_/D : -4.856723
[setup reg-reg] _20174_/Q -> _19344_/D : -4.855762
[setup reg-reg] _20174_/Q -> _19345_/D : -4.854053
[setup reg-reg] _20174_/Q -> _19340_/D : -4.853966
[setup reg-reg] _20174_/Q -> _19339_/D : -4.851362
[setup reg-reg] _20174_/Q -> _19341_/D : -4.847355
[setup reg-reg] _20174_/Q -> _19362_/D : -4.769357
[setup reg-reg] _20174_/Q -> _19355_/D : -4.769188
[setup reg-reg] _20174_/Q -> _19356_/D : -4.765116
[setup reg-reg] _20174_/Q -> _19358_/D : -4.764353
[setup reg-reg] _20174_/Q -> _19357_/D : -4.763230
[setup reg-reg] _20174_/Q -> _19359_/D : -4.755908
[setup reg-reg] _20174_/Q -> _19360_/D : -4.754803
[setup reg-reg] _20174_/Q -> _19361_/D : -4.748230
[setup reg-reg] _20174_/Q -> _19354_/D : -4.744535
[setup reg-reg] _20174_/Q -> _18684_/D : -4.655538
[setup reg-reg] _20174_/Q -> _18685_/D : -4.579274
[setup reg-reg] _20174_/Q -> _19329_/D : -4.502930
[setup reg-reg] _20174_/Q -> _19346_/D : -4.421905
[setup reg-reg] _20174_/Q -> _19490_/D : -4.198277
[setup reg-reg] _20174_/Q -> _19381_/D : -3.969923
[setup reg-reg] _20014_/Q -> _20016_/D : -0.907569
Writing metric timing__hold_vio__count__corner:nom_tt_025C_5v00: 202
Writing metric timing__hold_r2r__ws__corner:nom_tt_025C_5v00: 0.615854
Writing metric timing__hold_r2r_vio__count__corner:nom_tt_025C_5v00: 0
Writing metric timing__setup_vio__count__corner:nom_tt_025C_5v00: 1077
Writing metric timing__setup_r2r__ws__corner:nom_tt_025C_5v00: -52.204109
Writing metric timing__setup_r2r_vio__count__corner:nom_tt_025C_5v00: 1076
