
===========================================================================
report_checks -unconstrained
===========================================================================
======================= nom_ss_125C_4v50 Corner ===================================

Startpoint: _18150_ (rising edge-triggered flip-flop clocked by core_clk)
Endpoint: _18706_ (rising edge-triggered flip-flop clocked by core_clk)
Path Group: core_clk
Path Type: max

Fanout         Cap        Slew       Delay        Time   Description
---------------------------------------------------------------------------------------------
                                  0.000000    0.000000   clock core_clk (rise edge)
                                  0.000000    0.000000   clock source latency
     2    0.201556    0.000000    0.000000    0.000000 ^ clk (in)
                                                         clk (net)
                      0.073753    0.030168    0.030168 ^ clkbuf_regs_0_core_clk/I (gf180mcu_fd_sc_mcu9t5v0__clkbuf_16)
     1    0.046878    0.137107    0.291464    0.321631 ^ clkbuf_regs_0_core_clk/Z (gf180mcu_fd_sc_mcu9t5v0__clkbuf_16)
                                                         clk_regs (net)
                      0.137108    0.000566    0.322197 ^ clkbuf_0_clk_regs/I (gf180mcu_fd_sc_mcu9t5v0__clkbuf_16)
     4    0.238643    0.327068    0.431568    0.753765 ^ clkbuf_0_clk_regs/Z (gf180mcu_fd_sc_mcu9t5v0__clkbuf_16)
                                                         clknet_0_clk_regs (net)
                      0.327673    0.015862    0.769627 ^ clkbuf_2_0_0_clk_regs/I (gf180mcu_fd_sc_mcu9t5v0__clkbuf_8)
     2    0.128239    0.348597    0.486045    1.255672 ^ clkbuf_2_0_0_clk_regs/Z (gf180mcu_fd_sc_mcu9t5v0__clkbuf_8)
                                                         clknet_2_0_0_clk_regs (net)
                      0.348631    0.005202    1.260874 ^ clkbuf_3_1__f_clk_regs/I (gf180mcu_fd_sc_mcu9t5v0__clkbuf_16)
    14    0.506485    0.610413    0.643714    1.904587 ^ clkbuf_3_1__f_clk_regs/Z (gf180mcu_fd_sc_mcu9t5v0__clkbuf_16)
                                                         clknet_3_1__leaf_clk_regs (net)
                      0.612595    0.020476    1.925063 ^ clkbuf_leaf_13_clk_regs/I (gf180mcu_fd_sc_mcu9t5v0__clkbuf_8)
    21    0.169120    0.438994    0.595808    2.520872 ^ clkbuf_leaf_13_clk_regs/Z (gf180mcu_fd_sc_mcu9t5v0__clkbuf_8)
                                                         clknet_leaf_13_clk_regs (net)
                      0.439024    0.005400    2.526272 ^ _18150_/CLK (gf180mcu_fd_sc_mcu9t5v0__dffrnq_4)
    23    0.394186    1.835695    2.629649    5.155921 ^ _18150_/Q (gf180mcu_fd_sc_mcu9t5v0__dffrnq_4)
                                                         u_transform_scheduler_core.dft12_phase[2] (net)
                      1.836203    0.016352    5.172273 ^ _08890_/I (gf180mcu_fd_sc_mcu9t5v0__clkinv_1)
     7    0.075147    1.539101    1.311541    6.483814 v _08890_/ZN (gf180mcu_fd_sc_mcu9t5v0__clkinv_1)
                                                         _03729_ (net)
                      1.539101    0.001007    6.484821 v _09182_/A1 (gf180mcu_fd_sc_mcu9t5v0__nand2_1)
     6    0.071142    1.569428    1.375760    7.860582 ^ _09182_/ZN (gf180mcu_fd_sc_mcu9t5v0__nand2_1)
                                                         _04021_ (net)
                      1.569428    0.000909    7.861490 ^ _09183_/I (gf180mcu_fd_sc_mcu9t5v0__clkinv_2)
    29    0.590980    5.281197    3.567373   11.428864 v _09183_/ZN (gf180mcu_fd_sc_mcu9t5v0__clkinv_2)
                                                         _02000_ (net)
                      5.281250    0.009654   11.438518 v _11282_/S (gf180mcu_fd_sc_mcu9t5v0__mux2_1)
    23    0.465043    8.292022    6.451415   17.889933 ^ _11282_/Z (gf180mcu_fd_sc_mcu9t5v0__mux2_1)
                                                         _05906_ (net)
                      8.292492    0.035561   17.925493 ^ _11290_/C (gf180mcu_fd_sc_mcu9t5v0__aoi221_1)
     1    0.009570    2.179044    0.571342   18.496836 v _11290_/ZN (gf180mcu_fd_sc_mcu9t5v0__aoi221_1)
                                                         _05914_ (net)
                      2.179044    0.000206   18.497042 v _11293_/A2 (gf180mcu_fd_sc_mcu9t5v0__oai31_1)
     4    0.109711    6.016202    3.953424   22.450466 ^ _11293_/ZN (gf180mcu_fd_sc_mcu9t5v0__oai31_1)
                                                         _05917_ (net)
                      6.016210    0.011386   22.461851 ^ _11446_/A1 (gf180mcu_fd_sc_mcu9t5v0__nand3_1)
     2    0.011101    1.334400    0.442139   22.903990 v _11446_/ZN (gf180mcu_fd_sc_mcu9t5v0__nand3_1)
                                                         _06067_ (net)
                      1.334400    0.000213   22.904203 v _11466_/A1 (gf180mcu_fd_sc_mcu9t5v0__or2_1)
     2    0.024788    0.436925    1.144986   24.049191 v _11466_/Z (gf180mcu_fd_sc_mcu9t5v0__or2_1)
                                                         _06086_ (net)
                      0.436925    0.000883   24.050074 v _11499_/A2 (gf180mcu_fd_sc_mcu9t5v0__aoi21_1)
     2    0.019299    1.336028    0.695327   24.745399 ^ _11499_/ZN (gf180mcu_fd_sc_mcu9t5v0__aoi21_1)
                                                         _06118_ (net)
                      1.336028    0.000522   24.745922 ^ _11500_/A2 (gf180mcu_fd_sc_mcu9t5v0__and2_1)
     3    0.038998    0.789630    0.870179   25.616100 ^ _11500_/Z (gf180mcu_fd_sc_mcu9t5v0__and2_1)
                                                         _06119_ (net)
                      0.789631    0.001629   25.617729 ^ _11540_/A2 (gf180mcu_fd_sc_mcu9t5v0__oai211_1)
     3    0.042757    1.220605    0.872962   26.490692 v _11540_/ZN (gf180mcu_fd_sc_mcu9t5v0__oai211_1)
                                                         _06157_ (net)
                      1.220606    0.001712   26.492403 v _11558_/A2 (gf180mcu_fd_sc_mcu9t5v0__aoi21_1)
     2    0.016776    1.261516    0.898959   27.391363 ^ _11558_/ZN (gf180mcu_fd_sc_mcu9t5v0__aoi21_1)
                                                         _06174_ (net)
                      1.261516    0.000425   27.391787 ^ _11584_/A1 (gf180mcu_fd_sc_mcu9t5v0__aoi21_1)
     2    0.013637    0.598562    0.349466   27.741253 v _11584_/ZN (gf180mcu_fd_sc_mcu9t5v0__aoi21_1)
                                                         _06198_ (net)
                      0.598562    0.000146   27.741400 v _11595_/A1 (gf180mcu_fd_sc_mcu9t5v0__or2_1)
     3    0.025384    0.434340    0.906850   28.648249 v _11595_/Z (gf180mcu_fd_sc_mcu9t5v0__or2_1)
                                                         _06209_ (net)
                      0.434340    0.000309   28.648558 v _11621_/A1 (gf180mcu_fd_sc_mcu9t5v0__oai21_1)
     3    0.023925    1.420540    0.735703   29.384262 ^ _11621_/ZN (gf180mcu_fd_sc_mcu9t5v0__oai21_1)
                                                         _06233_ (net)
                      1.420540    0.000073   29.384335 ^ _11631_/A1 (gf180mcu_fd_sc_mcu9t5v0__nand2_1)
     1    0.007291    0.597154    0.246589   29.630922 v _11631_/ZN (gf180mcu_fd_sc_mcu9t5v0__nand2_1)
                                                         _06243_ (net)
                      0.597154    0.000073   29.630995 v _11639_/A2 (gf180mcu_fd_sc_mcu9t5v0__nand2_1)
     3    0.027125    1.263447    0.609072   30.240067 ^ _11639_/ZN (gf180mcu_fd_sc_mcu9t5v0__nand2_1)
                                                         _06250_ (net)
                      1.263447    0.000426   30.240494 ^ _11662_/A1 (gf180mcu_fd_sc_mcu9t5v0__aoi21_1)
     2    0.021026    1.132998    0.453348   30.693842 v _11662_/ZN (gf180mcu_fd_sc_mcu9t5v0__aoi21_1)
                                                         _06272_ (net)
                      1.132998    0.000291   30.694132 v _11677_/A1 (gf180mcu_fd_sc_mcu9t5v0__oai21_1)
     1    0.011834    1.180409    0.706432   31.400564 ^ _11677_/ZN (gf180mcu_fd_sc_mcu9t5v0__oai21_1)
                                                         _06286_ (net)
                      1.180409    0.000124   31.400690 ^ _11687_/A1 (gf180mcu_fd_sc_mcu9t5v0__xnor2_1)
     1    0.032378    1.382425    0.906059   32.306747 ^ _11687_/ZN (gf180mcu_fd_sc_mcu9t5v0__xnor2_1)
                                                         _06296_ (net)
                      1.382426    0.001961   32.308708 ^ _11688_/B1 (gf180mcu_fd_sc_mcu9t5v0__aoi221_1)
     1    0.010564    2.046329    0.573468   32.882179 v _11688_/ZN (gf180mcu_fd_sc_mcu9t5v0__aoi221_1)
                                                         _06297_ (net)
                      2.046329    0.000160   32.882339 v _11693_/A1 (gf180mcu_fd_sc_mcu9t5v0__oai21_1)
     1    0.005523    0.649970    0.791133   33.673470 ^ _11693_/ZN (gf180mcu_fd_sc_mcu9t5v0__oai21_1)
                                                         _00189_ (net)
                      0.649970    0.000110   33.673580 ^ _18706_/D (gf180mcu_fd_sc_mcu9t5v0__dffrnq_1)
                                             33.673580   data arrival time

                                 26.041668   26.041668   clock core_clk (rise edge)
                                  0.000000   26.041668   clock source latency
     2    0.201556    0.000000    0.000000   26.041668 ^ clk (in)
                                                         clk (net)
                      0.073753    0.030168   26.071835 ^ clkbuf_regs_0_core_clk/I (gf180mcu_fd_sc_mcu9t5v0__clkbuf_16)
     1    0.046878    0.137107    0.291463   26.363298 ^ clkbuf_regs_0_core_clk/Z (gf180mcu_fd_sc_mcu9t5v0__clkbuf_16)
                                                         clk_regs (net)
                      0.137108    0.000567   26.363865 ^ clkbuf_0_clk_regs/I (gf180mcu_fd_sc_mcu9t5v0__clkbuf_16)
     4    0.238643    0.327068    0.431568   26.795433 ^ clkbuf_0_clk_regs/Z (gf180mcu_fd_sc_mcu9t5v0__clkbuf_16)
                                                         clknet_0_clk_regs (net)
                      0.327307    0.012047   26.807480 ^ clkbuf_2_3_0_clk_regs/I (gf180mcu_fd_sc_mcu9t5v0__clkbuf_8)
     2    0.121769    0.335285    0.478133   27.285612 ^ clkbuf_2_3_0_clk_regs/Z (gf180mcu_fd_sc_mcu9t5v0__clkbuf_8)
                                                         clknet_2_3_0_clk_regs (net)
                      0.335311    0.004427   27.290039 ^ clkbuf_3_6__f_clk_regs/I (gf180mcu_fd_sc_mcu9t5v0__clkbuf_16)
    10    0.443953    0.549834    0.608706   27.898745 ^ clkbuf_3_6__f_clk_regs/Z (gf180mcu_fd_sc_mcu9t5v0__clkbuf_16)
                                                         clknet_3_6__leaf_clk_regs (net)
                      0.550071    0.005773   27.904518 ^ clkbuf_leaf_47_clk_regs/I (gf180mcu_fd_sc_mcu9t5v0__clkbuf_8)
    22    0.167197    0.434887    0.583622   28.488140 ^ clkbuf_leaf_47_clk_regs/Z (gf180mcu_fd_sc_mcu9t5v0__clkbuf_8)
                                                         clknet_leaf_47_clk_regs (net)
                      0.434893    0.002393   28.490534 ^ _18706_/CLK (gf180mcu_fd_sc_mcu9t5v0__dffrnq_1)
                                  0.000000   28.490534   clock reconvergence pessimism
                                 -0.463867   28.026667   library setup time
                                             28.026667   data required time
---------------------------------------------------------------------------------------------
                                             28.026667   data required time
                                            -33.673580   data arrival time
---------------------------------------------------------------------------------------------
                                             -5.646914   slack (VIOLATED)




===========================================================================
report_checks --slack_max -0.01
============================================================================
======================= nom_ss_125C_4v50 Corner ===================================

Startpoint: _18150_ (rising edge-triggered flip-flop clocked by core_clk)
Endpoint: _18706_ (rising edge-triggered flip-flop clocked by core_clk)
Path Group: core_clk
Path Type: max

Fanout         Cap        Slew       Delay        Time   Description
---------------------------------------------------------------------------------------------
                                  0.000000    0.000000   clock core_clk (rise edge)
                                  0.000000    0.000000   clock source latency
     2    0.201556    0.000000    0.000000    0.000000 ^ clk (in)
                                                         clk (net)
                      0.073753    0.030168    0.030168 ^ clkbuf_regs_0_core_clk/I (gf180mcu_fd_sc_mcu9t5v0__clkbuf_16)
     1    0.046878    0.137107    0.291464    0.321631 ^ clkbuf_regs_0_core_clk/Z (gf180mcu_fd_sc_mcu9t5v0__clkbuf_16)
                                                         clk_regs (net)
                      0.137108    0.000566    0.322197 ^ clkbuf_0_clk_regs/I (gf180mcu_fd_sc_mcu9t5v0__clkbuf_16)
     4    0.238643    0.327068    0.431568    0.753765 ^ clkbuf_0_clk_regs/Z (gf180mcu_fd_sc_mcu9t5v0__clkbuf_16)
                                                         clknet_0_clk_regs (net)
                      0.327673    0.015862    0.769627 ^ clkbuf_2_0_0_clk_regs/I (gf180mcu_fd_sc_mcu9t5v0__clkbuf_8)
     2    0.128239    0.348597    0.486045    1.255672 ^ clkbuf_2_0_0_clk_regs/Z (gf180mcu_fd_sc_mcu9t5v0__clkbuf_8)
                                                         clknet_2_0_0_clk_regs (net)
                      0.348631    0.005202    1.260874 ^ clkbuf_3_1__f_clk_regs/I (gf180mcu_fd_sc_mcu9t5v0__clkbuf_16)
    14    0.506485    0.610413    0.643714    1.904587 ^ clkbuf_3_1__f_clk_regs/Z (gf180mcu_fd_sc_mcu9t5v0__clkbuf_16)
                                                         clknet_3_1__leaf_clk_regs (net)
                      0.612595    0.020476    1.925063 ^ clkbuf_leaf_13_clk_regs/I (gf180mcu_fd_sc_mcu9t5v0__clkbuf_8)
    21    0.169120    0.438994    0.595808    2.520872 ^ clkbuf_leaf_13_clk_regs/Z (gf180mcu_fd_sc_mcu9t5v0__clkbuf_8)
                                                         clknet_leaf_13_clk_regs (net)
                      0.439024    0.005400    2.526272 ^ _18150_/CLK (gf180mcu_fd_sc_mcu9t5v0__dffrnq_4)
    23    0.394186    1.835695    2.629649    5.155921 ^ _18150_/Q (gf180mcu_fd_sc_mcu9t5v0__dffrnq_4)
                                                         u_transform_scheduler_core.dft12_phase[2] (net)
                      1.836203    0.016352    5.172273 ^ _08890_/I (gf180mcu_fd_sc_mcu9t5v0__clkinv_1)
     7    0.075147    1.539101    1.311541    6.483814 v _08890_/ZN (gf180mcu_fd_sc_mcu9t5v0__clkinv_1)
                                                         _03729_ (net)
                      1.539101    0.001007    6.484821 v _09182_/A1 (gf180mcu_fd_sc_mcu9t5v0__nand2_1)
     6    0.071142    1.569428    1.375760    7.860582 ^ _09182_/ZN (gf180mcu_fd_sc_mcu9t5v0__nand2_1)
                                                         _04021_ (net)
                      1.569428    0.000909    7.861490 ^ _09183_/I (gf180mcu_fd_sc_mcu9t5v0__clkinv_2)
    29    0.590980    5.281197    3.567373   11.428864 v _09183_/ZN (gf180mcu_fd_sc_mcu9t5v0__clkinv_2)
                                                         _02000_ (net)
                      5.281250    0.009654   11.438518 v _11282_/S (gf180mcu_fd_sc_mcu9t5v0__mux2_1)
    23    0.465043    8.292022    6.451415   17.889933 ^ _11282_/Z (gf180mcu_fd_sc_mcu9t5v0__mux2_1)
                                                         _05906_ (net)
                      8.292492    0.035561   17.925493 ^ _11290_/C (gf180mcu_fd_sc_mcu9t5v0__aoi221_1)
     1    0.009570    2.179044    0.571342   18.496836 v _11290_/ZN (gf180mcu_fd_sc_mcu9t5v0__aoi221_1)
                                                         _05914_ (net)
                      2.179044    0.000206   18.497042 v _11293_/A2 (gf180mcu_fd_sc_mcu9t5v0__oai31_1)
     4    0.109711    6.016202    3.953424   22.450466 ^ _11293_/ZN (gf180mcu_fd_sc_mcu9t5v0__oai31_1)
                                                         _05917_ (net)
                      6.016210    0.011386   22.461851 ^ _11446_/A1 (gf180mcu_fd_sc_mcu9t5v0__nand3_1)
     2    0.011101    1.334400    0.442139   22.903990 v _11446_/ZN (gf180mcu_fd_sc_mcu9t5v0__nand3_1)
                                                         _06067_ (net)
                      1.334400    0.000213   22.904203 v _11466_/A1 (gf180mcu_fd_sc_mcu9t5v0__or2_1)
     2    0.024788    0.436925    1.144986   24.049191 v _11466_/Z (gf180mcu_fd_sc_mcu9t5v0__or2_1)
                                                         _06086_ (net)
                      0.436925    0.000883   24.050074 v _11499_/A2 (gf180mcu_fd_sc_mcu9t5v0__aoi21_1)
     2    0.019299    1.336028    0.695327   24.745399 ^ _11499_/ZN (gf180mcu_fd_sc_mcu9t5v0__aoi21_1)
                                                         _06118_ (net)
                      1.336028    0.000522   24.745922 ^ _11500_/A2 (gf180mcu_fd_sc_mcu9t5v0__and2_1)
     3    0.038998    0.789630    0.870179   25.616100 ^ _11500_/Z (gf180mcu_fd_sc_mcu9t5v0__and2_1)
                                                         _06119_ (net)
                      0.789631    0.001629   25.617729 ^ _11540_/A2 (gf180mcu_fd_sc_mcu9t5v0__oai211_1)
     3    0.042757    1.220605    0.872962   26.490692 v _11540_/ZN (gf180mcu_fd_sc_mcu9t5v0__oai211_1)
                                                         _06157_ (net)
                      1.220606    0.001712   26.492403 v _11558_/A2 (gf180mcu_fd_sc_mcu9t5v0__aoi21_1)
     2    0.016776    1.261516    0.898959   27.391363 ^ _11558_/ZN (gf180mcu_fd_sc_mcu9t5v0__aoi21_1)
                                                         _06174_ (net)
                      1.261516    0.000425   27.391787 ^ _11584_/A1 (gf180mcu_fd_sc_mcu9t5v0__aoi21_1)
     2    0.013637    0.598562    0.349466   27.741253 v _11584_/ZN (gf180mcu_fd_sc_mcu9t5v0__aoi21_1)
                                                         _06198_ (net)
                      0.598562    0.000146   27.741400 v _11595_/A1 (gf180mcu_fd_sc_mcu9t5v0__or2_1)
     3    0.025384    0.434340    0.906850   28.648249 v _11595_/Z (gf180mcu_fd_sc_mcu9t5v0__or2_1)
                                                         _06209_ (net)
                      0.434340    0.000309   28.648558 v _11621_/A1 (gf180mcu_fd_sc_mcu9t5v0__oai21_1)
     3    0.023925    1.420540    0.735703   29.384262 ^ _11621_/ZN (gf180mcu_fd_sc_mcu9t5v0__oai21_1)
                                                         _06233_ (net)
                      1.420540    0.000073   29.384335 ^ _11631_/A1 (gf180mcu_fd_sc_mcu9t5v0__nand2_1)
     1    0.007291    0.597154    0.246589   29.630922 v _11631_/ZN (gf180mcu_fd_sc_mcu9t5v0__nand2_1)
                                                         _06243_ (net)
                      0.597154    0.000073   29.630995 v _11639_/A2 (gf180mcu_fd_sc_mcu9t5v0__nand2_1)
     3    0.027125    1.263447    0.609072   30.240067 ^ _11639_/ZN (gf180mcu_fd_sc_mcu9t5v0__nand2_1)
                                                         _06250_ (net)
                      1.263447    0.000426   30.240494 ^ _11662_/A1 (gf180mcu_fd_sc_mcu9t5v0__aoi21_1)
     2    0.021026    1.132998    0.453348   30.693842 v _11662_/ZN (gf180mcu_fd_sc_mcu9t5v0__aoi21_1)
                                                         _06272_ (net)
                      1.132998    0.000291   30.694132 v _11677_/A1 (gf180mcu_fd_sc_mcu9t5v0__oai21_1)
     1    0.011834    1.180409    0.706432   31.400564 ^ _11677_/ZN (gf180mcu_fd_sc_mcu9t5v0__oai21_1)
                                                         _06286_ (net)
                      1.180409    0.000124   31.400690 ^ _11687_/A1 (gf180mcu_fd_sc_mcu9t5v0__xnor2_1)
     1    0.032378    1.382425    0.906059   32.306747 ^ _11687_/ZN (gf180mcu_fd_sc_mcu9t5v0__xnor2_1)
                                                         _06296_ (net)
                      1.382426    0.001961   32.308708 ^ _11688_/B1 (gf180mcu_fd_sc_mcu9t5v0__aoi221_1)
     1    0.010564    2.046329    0.573468   32.882179 v _11688_/ZN (gf180mcu_fd_sc_mcu9t5v0__aoi221_1)
                                                         _06297_ (net)
                      2.046329    0.000160   32.882339 v _11693_/A1 (gf180mcu_fd_sc_mcu9t5v0__oai21_1)
     1    0.005523    0.649970    0.791133   33.673470 ^ _11693_/ZN (gf180mcu_fd_sc_mcu9t5v0__oai21_1)
                                                         _00189_ (net)
                      0.649970    0.000110   33.673580 ^ _18706_/D (gf180mcu_fd_sc_mcu9t5v0__dffrnq_1)
                                             33.673580   data arrival time

                                 26.041668   26.041668   clock core_clk (rise edge)
                                  0.000000   26.041668   clock source latency
     2    0.201556    0.000000    0.000000   26.041668 ^ clk (in)
                                                         clk (net)
                      0.073753    0.030168   26.071835 ^ clkbuf_regs_0_core_clk/I (gf180mcu_fd_sc_mcu9t5v0__clkbuf_16)
     1    0.046878    0.137107    0.291463   26.363298 ^ clkbuf_regs_0_core_clk/Z (gf180mcu_fd_sc_mcu9t5v0__clkbuf_16)
                                                         clk_regs (net)
                      0.137108    0.000567   26.363865 ^ clkbuf_0_clk_regs/I (gf180mcu_fd_sc_mcu9t5v0__clkbuf_16)
     4    0.238643    0.327068    0.431568   26.795433 ^ clkbuf_0_clk_regs/Z (gf180mcu_fd_sc_mcu9t5v0__clkbuf_16)
                                                         clknet_0_clk_regs (net)
                      0.327307    0.012047   26.807480 ^ clkbuf_2_3_0_clk_regs/I (gf180mcu_fd_sc_mcu9t5v0__clkbuf_8)
     2    0.121769    0.335285    0.478133   27.285612 ^ clkbuf_2_3_0_clk_regs/Z (gf180mcu_fd_sc_mcu9t5v0__clkbuf_8)
                                                         clknet_2_3_0_clk_regs (net)
                      0.335311    0.004427   27.290039 ^ clkbuf_3_6__f_clk_regs/I (gf180mcu_fd_sc_mcu9t5v0__clkbuf_16)
    10    0.443953    0.549834    0.608706   27.898745 ^ clkbuf_3_6__f_clk_regs/Z (gf180mcu_fd_sc_mcu9t5v0__clkbuf_16)
                                                         clknet_3_6__leaf_clk_regs (net)
                      0.550071    0.005773   27.904518 ^ clkbuf_leaf_47_clk_regs/I (gf180mcu_fd_sc_mcu9t5v0__clkbuf_8)
    22    0.167197    0.434887    0.583622   28.488140 ^ clkbuf_leaf_47_clk_regs/Z (gf180mcu_fd_sc_mcu9t5v0__clkbuf_8)
                                                         clknet_leaf_47_clk_regs (net)
                      0.434893    0.002393   28.490534 ^ _18706_/CLK (gf180mcu_fd_sc_mcu9t5v0__dffrnq_1)
                                  0.000000   28.490534   clock reconvergence pessimism
                                 -0.463867   28.026667   library setup time
                                             28.026667   data required time
---------------------------------------------------------------------------------------------
                                             28.026667   data required time
                                            -33.673580   data arrival time
---------------------------------------------------------------------------------------------
                                             -5.646914   slack (VIOLATED)




===========================================================================
 report_check_types -max_slew -max_cap -max_fanout -violators
============================================================================
======================= nom_ss_125C_4v50 Corner ===================================

max slew

Pin                                        Limit        Slew       Slack
------------------------------------------------------------------------
_09532_/A1                              7.200000    8.680721   -1.480721 (VIOLATED)
_09457_/A2                              7.200000    8.680717   -1.480717 (VIOLATED)
_09545_/A1                              7.200000    8.680710   -1.480710 (VIOLATED)
_15499_/I0                              7.200000    8.680687   -1.480687 (VIOLATED)
_17079_/A1                              7.200000    8.680580   -1.480580 (VIOLATED)
_15540_/I0                              7.200000    8.680304   -1.480304 (VIOLATED)
_15491_/I0                              7.200000    8.680100   -1.480101 (VIOLATED)
_17082_/A2                              7.200000    8.679253   -1.479252 (VIOLATED)
_17060_/I0                              7.200000    8.679202   -1.479202 (VIOLATED)
_17137_/I0                              7.200000    8.679141   -1.479141 (VIOLATED)
_08856_/I                               7.200000    8.678212   -1.478212 (VIOLATED)
_16663_/A1                              7.200000    8.678180   -1.478180 (VIOLATED)
_15198_/I1                              7.200000    8.678172   -1.478172 (VIOLATED)
_17150_/I0                              7.200000    8.678155   -1.478155 (VIOLATED)
_17158_/I0                              7.200000    8.677800   -1.477800 (VIOLATED)
_17068_/I0                              7.200000    8.677328   -1.477329 (VIOLATED)
_16206_/I0                              7.200000    8.676338   -1.476338 (VIOLATED)
_17346_/I0                              7.200000    8.676317   -1.476317 (VIOLATED)
_15532_/I0                              7.200000    8.674210   -1.474209 (VIOLATED)
_16622_/A1                              7.200000    8.673847   -1.473848 (VIOLATED)
_17148_/I0                              7.200000    8.673844   -1.473844 (VIOLATED)
_15196_/I1                              7.200000    8.673820   -1.473820 (VIOLATED)
_17156_/I0                              7.200000    8.673772   -1.473772 (VIOLATED)
_08858_/I                               7.200000    8.673723   -1.473723 (VIOLATED)
_09455_/A2                              7.200000    8.673610   -1.473610 (VIOLATED)
_09564_/A2                              7.200000    8.673573   -1.473572 (VIOLATED)
_09486_/A2                              7.200000    8.673477   -1.473477 (VIOLATED)
_16965_/I0                              7.200000    8.672893   -1.472893 (VIOLATED)
_15530_/I0                              7.200000    8.672800   -1.472801 (VIOLATED)
_16196_/I0                              7.200000    8.672654   -1.472654 (VIOLATED)
_17344_/I0                              7.200000    8.672639   -1.472639 (VIOLATED)
_17066_/I0                              7.200000    8.672337   -1.472337 (VIOLATED)
_15497_/I0                              7.200000    8.672290   -1.472290 (VIOLATED)
_15489_/I0                              7.200000    8.672037   -1.472037 (VIOLATED)
_17058_/I0                              7.200000    8.671849   -1.471849 (VIOLATED)
_17226_/I0                              7.200000    8.671354   -1.471355 (VIOLATED)
_17122_/I0                              7.200000    8.671327   -1.471327 (VIOLATED)
input3/Z                                7.200000    8.670433   -1.470434 (VIOLATED)
_17074_/I0                              7.200000    8.670196   -1.470196 (VIOLATED)
_15538_/I0                              7.200000    8.669795   -1.469795 (VIOLATED)
_17135_/I0                              7.200000    8.669085   -1.469085 (VIOLATED)
_17271_/B2                              7.200000    8.668621   -1.468621 (VIOLATED)
input1/Z                                7.200000    8.663797   -1.463797 (VIOLATED)
_10079_/A1                              7.200000    8.530573   -1.330573 (VIOLATED)
_10078_/C                               7.200000    8.530567   -1.330568 (VIOLATED)
_16632_/C                               7.200000    8.530536   -1.330536 (VIOLATED)
_16634_/A1                              7.200000    8.530519   -1.330520 (VIOLATED)
_16696_/C                               7.200000    8.530494   -1.330494 (VIOLATED)
_16697_/A1                              7.200000    8.530489   -1.330489 (VIOLATED)
_10451_/A1                              7.200000    8.530402   -1.330402 (VIOLATED)
_16675_/C                               7.200000    8.530310   -1.330310 (VIOLATED)
_10001_/A1                              7.200000    8.530294   -1.330294 (VIOLATED)
_16676_/A1                              7.200000    8.530182   -1.330182 (VIOLATED)
_16716_/C                               7.200000    8.530089   -1.330090 (VIOLATED)
_10134_/C                               7.200000    8.530026   -1.330027 (VIOLATED)
_10135_/A1                              7.200000    8.530004   -1.330004 (VIOLATED)
_16824_/A1                              7.200000    8.529369   -1.329370 (VIOLATED)
_16826_/A1                              7.200000    8.529341   -1.329341 (VIOLATED)
_10293_/C                               7.200000    8.529318   -1.329318 (VIOLATED)
_10243_/C                               7.200000    8.529311   -1.329311 (VIOLATED)
_16847_/A1                              7.200000    8.529304   -1.329304 (VIOLATED)
_10370_/A1                              7.200000    8.529296   -1.329296 (VIOLATED)
_10368_/A1                              7.200000    8.529284   -1.329284 (VIOLATED)
_16846_/C                               7.200000    8.529280   -1.329280 (VIOLATED)
_09055_/ZN                              7.200000    8.529254   -1.329254 (VIOLATED)
_10318_/C                               7.200000    8.529254   -1.329254 (VIOLATED)
_16866_/C                               7.200000    8.529254   -1.329254 (VIOLATED)
_16867_/A1                              7.200000    8.529254   -1.329254 (VIOLATED)
_16884_/C                               7.200000    8.529254   -1.329254 (VIOLATED)
_16903_/C                               7.200000    8.529254   -1.329254 (VIOLATED)
_16938_/C                               7.200000    8.529254   -1.329254 (VIOLATED)
_11592_/B                               7.200000    8.505076   -1.305076 (VIOLATED)
_11536_/C                               7.200000    8.505055   -1.305056 (VIOLATED)
max_cap137/I                            7.200000    8.505014   -1.305015 (VIOLATED)
_11754_/A1                              7.200000    8.505002   -1.305002 (VIOLATED)
_11744_/B                               7.200000    8.505000   -1.305001 (VIOLATED)
_11409_/A1                              7.200000    8.504994   -1.304994 (VIOLATED)
_11414_/A1                              7.200000    8.504994   -1.304994 (VIOLATED)
_11287_/B                               7.200000    8.504986   -1.304986 (VIOLATED)
_11293_/A1                              7.200000    8.504987   -1.304986 (VIOLATED)
_11490_/B                               7.200000    8.504976   -1.304977 (VIOLATED)
_11730_/A1                              7.200000    8.504956   -1.304956 (VIOLATED)
_11724_/C                               7.200000    8.504946   -1.304945 (VIOLATED)
_11428_/C                               7.200000    8.504904   -1.304904 (VIOLATED)
_11276_/ZN                              7.200000    8.504871   -1.304872 (VIOLATED)
_11437_/A1                              7.200000    8.504871   -1.304872 (VIOLATED)
_08857_/I                               7.200000    8.443850   -1.243850 (VIOLATED)
_17149_/I0                              7.200000    8.443786   -1.243786 (VIOLATED)
_15197_/I1                              7.200000    8.443748   -1.243748 (VIOLATED)
_16643_/A1                              7.200000    8.443716   -1.243716 (VIOLATED)
_17157_/I0                              7.200000    8.443480   -1.243481 (VIOLATED)
_09332_/A1                              7.200000    8.443273   -1.243273 (VIOLATED)
_09331_/A1                              7.200000    8.443269   -1.243269 (VIOLATED)
_09460_/A1                              7.200000    8.443266   -1.243266 (VIOLATED)
_09546_/A1                              7.200000    8.443213   -1.243214 (VIOLATED)
_09486_/A1                              7.200000    8.443146   -1.243146 (VIOLATED)
_15539_/I0                              7.200000    8.442847   -1.242848 (VIOLATED)
_15490_/I0                              7.200000    8.442709   -1.242709 (VIOLATED)
_15498_/I0                              7.200000    8.442613   -1.242612 (VIOLATED)
_17136_/I0                              7.200000    8.441292   -1.241292 (VIOLATED)
_17076_/A2                              7.200000    8.441204   -1.241205 (VIOLATED)
_17059_/I0                              7.200000    8.440248   -1.240249 (VIOLATED)
_17067_/I0                              7.200000    8.439710   -1.239710 (VIOLATED)
_16201_/I0                              7.200000    8.439224   -1.239225 (VIOLATED)
_17345_/I0                              7.200000    8.439218   -1.239218 (VIOLATED)
_15531_/I0                              7.200000    8.435446   -1.235445 (VIOLATED)
input2/Z                                7.200000    8.430368   -1.230369 (VIOLATED)
_08855_/I                               7.200000    8.301328   -1.101328 (VIOLATED)
_17151_/I0                              7.200000    8.301288   -1.101288 (VIOLATED)
_15199_/I1                              7.200000    8.301236   -1.101236 (VIOLATED)
_16685_/A1                              7.200000    8.301233   -1.101233 (VIOLATED)
_15541_/I0                              7.200000    8.301171   -1.101172 (VIOLATED)
_15492_/I0                              7.200000    8.301099   -1.101099 (VIOLATED)
_17159_/I0                              7.200000    8.301049   -1.101049 (VIOLATED)
_09457_/A1                              7.200000    8.300845   -1.100845 (VIOLATED)
_09468_/A1                              7.200000    8.300845   -1.100846 (VIOLATED)
_09330_/A1                              7.200000    8.300840   -1.100840 (VIOLATED)
_15500_/I0                              7.200000    8.300590   -1.100590 (VIOLATED)
_17138_/I0                              7.200000    8.299466   -1.099466 (VIOLATED)
_17085_/A1                              7.200000    8.299333   -1.099333 (VIOLATED)
_17088_/A2                              7.200000    8.299220   -1.099220 (VIOLATED)
_17061_/I0                              7.200000    8.298905   -1.098906 (VIOLATED)
_17069_/I0                              7.200000    8.298543   -1.098543 (VIOLATED)
_17347_/I0                              7.200000    8.297164   -1.097164 (VIOLATED)
_16211_/I0                              7.200000    8.296801   -1.096801 (VIOLATED)
_11607_/A2                              7.200000    8.296440   -1.096440 (VIOLATED)
_11668_/B                               7.200000    8.296391   -1.096391 (VIOLATED)
_11669_/A2                              7.200000    8.296379   -1.096379 (VIOLATED)
_12006_/A2                              7.200000    8.296262   -1.096262 (VIOLATED)
_11927_/A2                              7.200000    8.296112   -1.096112 (VIOLATED)
_11970_/B                               7.200000    8.296018   -1.096017 (VIOLATED)
_11909_/A2                              7.200000    8.295633   -1.095634 (VIOLATED)
_11651_/C                               7.200000    8.295454   -1.095454 (VIOLATED)
_11574_/B                               7.200000    8.295389   -1.095390 (VIOLATED)
_11851_/A2                              7.200000    8.295251   -1.095251 (VIOLATED)
_15533_/I0                              7.200000    8.295009   -1.095009 (VIOLATED)
_11809_/A2                              7.200000    8.294395   -1.094396 (VIOLATED)
_11474_/A2                              7.200000    8.294068   -1.094068 (VIOLATED)
_11787_/A2                              7.200000    8.293712   -1.093712 (VIOLATED)
_11752_/C                               7.200000    8.293456   -1.093456 (VIOLATED)
_11494_/A2                              7.200000    8.292875   -1.092875 (VIOLATED)
_11290_/C                               7.200000    8.292492   -1.092492 (VIOLATED)
_11727_/C                               7.200000    8.292308   -1.092308 (VIOLATED)
_11432_/C                               7.200000    8.292121   -1.092121 (VIOLATED)
_11534_/B                               7.200000    8.292051   -1.092052 (VIOLATED)
_11535_/A2                              7.200000    8.292050   -1.092050 (VIOLATED)
_11282_/Z                               7.200000    8.292022   -1.092022 (VIOLATED)
_11512_/B                               7.200000    8.292022   -1.092022 (VIOLATED)
_11707_/B                               7.200000    8.292022   -1.092022 (VIOLATED)
_11710_/A1                              7.200000    8.292022   -1.092022 (VIOLATED)
input4/Z                                7.200000    8.291831   -1.091832 (VIOLATED)
_12063_/B1                              7.200000    8.150625   -0.950625 (VIOLATED)
_12051_/B1                              7.200000    8.150623   -0.950624 (VIOLATED)
_12056_/B1                              7.200000    8.150615   -0.950615 (VIOLATED)
_12043_/B1                              7.200000    8.150599   -0.950599 (VIOLATED)
_12141_/B1                              7.200000    8.150599   -0.950599 (VIOLATED)
_12026_/B1                              7.200000    8.150586   -0.950586 (VIOLATED)
_12038_/B1                              7.200000    8.150577   -0.950577 (VIOLATED)
_12031_/B1                              7.200000    8.150558   -0.950559 (VIOLATED)
_12172_/B1                              7.200000    8.150542   -0.950542 (VIOLATED)
_12179_/B1                              7.200000    8.150542   -0.950543 (VIOLATED)
_12166_/B1                              7.200000    8.150532   -0.950532 (VIOLATED)
_12153_/B1                              7.200000    8.150528   -0.950528 (VIOLATED)
_12147_/B1                              7.200000    8.150515   -0.950514 (VIOLATED)
_12160_/B1                              7.200000    8.150516   -0.950515 (VIOLATED)
_09346_/ZN                              7.200000    8.150490   -0.950490 (VIOLATED)
_12290_/A1                              7.200000    8.064445   -0.864445 (VIOLATED)
_11326_/A1                              7.200000    8.064442   -0.864442 (VIOLATED)
_12266_/A1                              7.200000    8.064441   -0.864441 (VIOLATED)
_11376_/A1                              7.200000    8.064438   -0.864438 (VIOLATED)
_12276_/B2                              7.200000    8.064428   -0.864429 (VIOLATED)
_12267_/A1                              7.200000    8.064413   -0.864413 (VIOLATED)
_12268_/A1                              7.200000    8.064411   -0.864411 (VIOLATED)
_11396_/A1                              7.200000    8.064393   -0.864393 (VIOLATED)
_11345_/A1                              7.200000    8.064372   -0.864373 (VIOLATED)
_11395_/A1                              7.200000    8.064359   -0.864358 (VIOLATED)
_11361_/A1                              7.200000    8.064324   -0.864325 (VIOLATED)
_11370_/A2                              7.200000    8.064281   -0.864280 (VIOLATED)
_11389_/A1                              7.200000    8.064256   -0.864255 (VIOLATED)
_12258_/A1                              7.200000    8.064256   -0.864255 (VIOLATED)
_11394_/A1                              7.200000    8.064249   -0.864249 (VIOLATED)
_11327_/A2                              7.200000    8.064245   -0.864246 (VIOLATED)
_11315_/ZN                              7.200000    8.063887   -0.863887 (VIOLATED)
_13389_/B2                              7.200000    8.024364   -0.824365 (VIOLATED)
_13377_/A1                              7.200000    8.024349   -0.824350 (VIOLATED)
_13381_/A1                              7.200000    8.024342   -0.824342 (VIOLATED)
_13782_/B2                              7.200000    8.024150   -0.824150 (VIOLATED)
_13363_/B2                              7.200000    8.024137   -0.824137 (VIOLATED)
_13337_/B2                              7.200000    8.024135   -0.824135 (VIOLATED)
_13326_/B2                              7.200000    8.024131   -0.824131 (VIOLATED)
_13291_/B2                              7.200000    8.024123   -0.824123 (VIOLATED)
_13302_/B2                              7.200000    8.024115   -0.824115 (VIOLATED)
_09356_/ZN                              7.200000    8.023990   -0.823990 (VIOLATED)
_09363_/A1                              7.200000    8.023990   -0.823990 (VIOLATED)
_12357_/A1                              7.200000    8.023990   -0.823990 (VIOLATED)
_11993_/B2                              7.200000    8.013160   -0.813160 (VIOLATED)
_12015_/B2                              7.200000    8.013160   -0.813160 (VIOLATED)
_11954_/A1                              7.200000    8.013146   -0.813146 (VIOLATED)
_11975_/A1                              7.200000    8.013143   -0.813142 (VIOLATED)
_11934_/A1                              7.200000    8.013141   -0.813141 (VIOLATED)
_11915_/A1                              7.200000    8.013122   -0.813122 (VIOLATED)
_11578_/A1                              7.200000    8.013107   -0.813107 (VIOLATED)
_11612_/A1                              7.200000    8.013095   -0.813095 (VIOLATED)
_11673_/A1                              7.200000    8.013078   -0.813078 (VIOLATED)
_11688_/B2                              7.200000    8.013074   -0.813074 (VIOLATED)
_11560_/B2                              7.200000    8.013035   -0.813035 (VIOLATED)
_11597_/A1                              7.200000    8.012855   -0.812855 (VIOLATED)
_11541_/A1                              7.200000    8.012556   -0.812556 (VIOLATED)
_11116_/B2                              7.200000    8.012535   -0.812535 (VIOLATED)
_11133_/B2                              7.200000    8.012528   -0.812529 (VIOLATED)
_11520_/A1                              7.200000    8.012438   -0.812438 (VIOLATED)
_10867_/B2                              7.200000    8.012208   -0.812208 (VIOLATED)
_10883_/B2                              7.200000    8.012200   -0.812200 (VIOLATED)
_11801_/B                               7.200000    8.012113   -0.812113 (VIOLATED)
_09347_/A2                              7.200000    8.012044   -0.812044 (VIOLATED)
_12313_/A2                              7.200000    8.012038   -0.812038 (VIOLATED)
_11416_/B2                              7.200000    8.011976   -0.811976 (VIOLATED)
_11732_/B2                              7.200000    8.011965   -0.811965 (VIOLATED)
_10806_/B2                              7.200000    8.011850   -0.811850 (VIOLATED)
_11072_/B2                              7.200000    8.011786   -0.811786 (VIOLATED)
_11040_/B2                              7.200000    8.011785   -0.811784 (VIOLATED)
_11087_/B2                              7.200000    8.011785   -0.811784 (VIOLATED)
_10852_/B2                              7.200000    8.011781   -0.811781 (VIOLATED)
_11058_/B2                              7.200000    8.011775   -0.811776 (VIOLATED)
_10822_/B2                              7.200000    8.011762   -0.811761 (VIOLATED)
_09301_/Z                               7.200000    8.011734   -0.811734 (VIOLATED)
_15542_/I0                              7.200000    7.998421   -0.798421 (VIOLATED)
_15493_/I0                              7.200000    7.998348   -0.798348 (VIOLATED)
_17091_/A1                              7.200000    7.997843   -0.797844 (VIOLATED)
_17092_/A1                              7.200000    7.997841   -0.797841 (VIOLATED)
_16706_/A1                              7.200000    7.997818   -0.797819 (VIOLATED)
_15200_/I1                              7.200000    7.997807   -0.797807 (VIOLATED)
_09327_/A4                              7.200000    7.997801   -0.797801 (VIOLATED)
_08854_/I                               7.200000    7.997798   -0.797798 (VIOLATED)
_17152_/I0                              7.200000    7.997773   -0.797773 (VIOLATED)
_17160_/I0                              7.200000    7.997671   -0.797671 (VIOLATED)
_17094_/A2                              7.200000    7.997575   -0.797575 (VIOLATED)
_17139_/I0                              7.200000    7.997519   -0.797519 (VIOLATED)
_17062_/I0                              7.200000    7.997406   -0.797407 (VIOLATED)
_17070_/I0                              7.200000    7.996937   -0.796937 (VIOLATED)
_15501_/I0                              7.200000    7.996777   -0.796777 (VIOLATED)
_17348_/I0                              7.200000    7.996017   -0.796017 (VIOLATED)
_16216_/I0                              7.200000    7.995677   -0.795676 (VIOLATED)
_15534_/I0                              7.200000    7.993737   -0.793738 (VIOLATED)
input5/Z                                7.200000    7.990741   -0.790741 (VIOLATED)
_13315_/A2                              7.200000    7.972980   -0.772981 (VIOLATED)
_13314_/B                               7.200000    7.972930   -0.772930 (VIOLATED)
_12358_/I                               7.200000    7.972917   -0.772917 (VIOLATED)
_13363_/A2                              7.200000    7.972900   -0.772900 (VIOLATED)
_13349_/A2                              7.200000    7.972891   -0.772891 (VIOLATED)
_13337_/A2                              7.200000    7.972871   -0.772872 (VIOLATED)
_13326_/A2                              7.200000    7.972859   -0.772859 (VIOLATED)
_13291_/A2                              7.200000    7.972832   -0.772833 (VIOLATED)
_13302_/A2                              7.200000    7.972814   -0.772814 (VIOLATED)
_13782_/A2                              7.200000    7.972735   -0.772736 (VIOLATED)
max_cap91/I                             7.200000    7.972735   -0.772736 (VIOLATED)
_12357_/ZN                              7.200000    7.972698   -0.772698 (VIOLATED)
_11248_/A2                              7.200000    7.864243   -0.664243 (VIOLATED)
_11263_/A2                              7.200000    7.864242   -0.664242 (VIOLATED)
_11233_/A2                              7.200000    7.864221   -0.664221 (VIOLATED)
_11218_/A2                              7.200000    7.864182   -0.664182 (VIOLATED)
_11205_/A2                              7.200000    7.864158   -0.664158 (VIOLATED)
_11163_/A2                              7.200000    7.864062   -0.664063 (VIOLATED)
_11190_/A2                              7.200000    7.863983   -0.663983 (VIOLATED)
_11176_/A2                              7.200000    7.863894   -0.663895 (VIOLATED)
_11150_/A2                              7.200000    7.863587   -0.663587 (VIOLATED)
_11134_/A1                              7.200000    7.862357   -0.662357 (VIOLATED)
_11119_/A2                              7.200000    7.862258   -0.662259 (VIOLATED)
_11117_/A2                              7.200000    7.862007   -0.662007 (VIOLATED)
_11118_/A1                              7.200000    7.861881   -0.661881 (VIOLATED)
_11103_/A2                              7.200000    7.861564   -0.661564 (VIOLATED)
_11104_/A1                              7.200000    7.861544   -0.661544 (VIOLATED)
_11073_/A2                              7.200000    7.861329   -0.661329 (VIOLATED)
_11074_/A1                              7.200000    7.861325   -0.661325 (VIOLATED)
_11041_/A2                              7.200000    7.861310   -0.661310 (VIOLATED)
_11042_/A1                              7.200000    7.861308   -0.661308 (VIOLATED)
_11075_/A2                              7.200000    7.861308   -0.661308 (VIOLATED)
_11088_/A1                              7.200000    7.861266   -0.661266 (VIOLATED)
_11043_/A2                              7.200000    7.861159   -0.661159 (VIOLATED)
_11059_/A1                              7.200000    7.861111   -0.661111 (VIOLATED)
_11028_/I                               7.200000    7.860941   -0.660942 (VIOLATED)
_11027_/ZN                              7.200000    7.860852   -0.660852 (VIOLATED)
_11029_/A2                              7.200000    7.860852   -0.660852 (VIOLATED)
_15545_/I0                              7.200000    7.810978   -0.610978 (VIOLATED)
_15496_/I0                              7.200000    7.810882   -0.610882 (VIOLATED)
_17111_/A1                              7.200000    7.810392   -0.610393 (VIOLATED)
_17110_/A1                              7.200000    7.810388   -0.610388 (VIOLATED)
_08850_/I                               7.200000    7.810207   -0.610207 (VIOLATED)
_15203_/I1                              7.200000    7.810095   -0.610095 (VIOLATED)
_17155_/I0                              7.200000    7.810075   -0.610076 (VIOLATED)
_17142_/I0                              7.200000    7.810023   -0.610023 (VIOLATED)
_09327_/A1                              7.200000    7.810010   -0.610010 (VIOLATED)
_17163_/I0                              7.200000    7.809947   -0.609948 (VIOLATED)
_17351_/I0                              7.200000    7.809895   -0.609895 (VIOLATED)
_16231_/I0                              7.200000    7.809844   -0.609844 (VIOLATED)
_17065_/I0                              7.200000    7.809198   -0.609198 (VIOLATED)
_17073_/I0                              7.200000    7.809170   -0.609170 (VIOLATED)
_16771_/A1                              7.200000    7.807537   -0.607537 (VIOLATED)
_15504_/I0                              7.200000    7.807208   -0.607208 (VIOLATED)
_15537_/I0                              7.200000    7.805663   -0.605663 (VIOLATED)
input8/Z                                7.200000    7.803828   -0.603828 (VIOLATED)
_17531_/S                               7.200000    7.629128   -0.429128 (VIOLATED)
_17533_/S                               7.200000    7.629118   -0.429118 (VIOLATED)
_17529_/S                               7.200000    7.629103   -0.429103 (VIOLATED)
_17530_/S                               7.200000    7.629075   -0.429075 (VIOLATED)
_17532_/S                               7.200000    7.629010   -0.429010 (VIOLATED)
_17526_/S                               7.200000    7.628935   -0.428935 (VIOLATED)
_17528_/S                               7.200000    7.628870   -0.428869 (VIOLATED)
_17527_/S                               7.200000    7.628742   -0.428742 (VIOLATED)
_17525_/S                               7.200000    7.628417   -0.428417 (VIOLATED)
_17524_/S                               7.200000    7.627291   -0.427291 (VIOLATED)
_17523_/S                               7.200000    7.626776   -0.426776 (VIOLATED)
_17522_/S                               7.200000    7.626446   -0.426446 (VIOLATED)
_17520_/S                               7.200000    7.626226   -0.426226 (VIOLATED)
_17521_/S                               7.200000    7.626221   -0.426221 (VIOLATED)
_17518_/S                               7.200000    7.626173   -0.426173 (VIOLATED)
_17519_/S                               7.200000    7.626018   -0.426017 (VIOLATED)
_17517_/ZN                              7.200000    7.625811   -0.425811 (VIOLATED)
_15543_/I0                              7.200000    7.602959   -0.402959 (VIOLATED)
_15494_/I0                              7.200000    7.602938   -0.402938 (VIOLATED)
_17098_/A1                              7.200000    7.602368   -0.402368 (VIOLATED)
_17097_/A1                              7.200000    7.602299   -0.402300 (VIOLATED)
_17140_/I0                              7.200000    7.602195   -0.402195 (VIOLATED)
_17063_/I0                              7.200000    7.602089   -0.402089 (VIOLATED)
_17100_/A2                              7.200000    7.602036   -0.402037 (VIOLATED)
_09327_/A3                              7.200000    7.601772   -0.401772 (VIOLATED)
_16728_/A1                              7.200000    7.601756   -0.401756 (VIOLATED)
_15201_/I1                              7.200000    7.601733   -0.401733 (VIOLATED)
_17153_/I0                              7.200000    7.601686   -0.401686 (VIOLATED)
_08853_/I                               7.200000    7.601668   -0.401668 (VIOLATED)
_15502_/I0                              7.200000    7.601655   -0.401656 (VIOLATED)
_17161_/I0                              7.200000    7.601505   -0.401506 (VIOLATED)
_17071_/I0                              7.200000    7.601273   -0.401273 (VIOLATED)
_17349_/I0                              7.200000    7.599967   -0.399967 (VIOLATED)
_16221_/I0                              7.200000    7.599670   -0.399671 (VIOLATED)
_15535_/I0                              7.200000    7.597955   -0.397955 (VIOLATED)
input6/Z                                7.200000    7.595346   -0.395346 (VIOLATED)
_11256_/A2                              7.200000    7.521668   -0.321668 (VIOLATED)
_11198_/A2                              7.200000    7.521636   -0.321636 (VIOLATED)
_11222_/A2                              7.200000    7.521617   -0.321617 (VIOLATED)
_11182_/A2                              7.200000    7.521501   -0.321501 (VIOLATED)
_10990_/A2                              7.200000    7.521496   -0.321496 (VIOLATED)
_11143_/A2                              7.200000    7.521272   -0.321272 (VIOLATED)
_10973_/A2                              7.200000    7.521085   -0.321085 (VIOLATED)
_10859_/A2                              7.200000    7.520831   -0.320831 (VIOLATED)
_11063_/A2                              7.200000    7.520580   -0.320580 (VIOLATED)
_10799_/A2                              7.200000    7.520145   -0.320145 (VIOLATED)
_10789_/A1                              7.200000    7.519936   -0.319936 (VIOLATED)
_10790_/A1                              7.200000    7.519928   -0.319928 (VIOLATED)
_09307_/ZN                              7.200000    7.519897   -0.319897 (VIOLATED)
_09308_/I                               7.200000    7.519897   -0.319897 (VIOLATED)
_17041_/S                               7.200000    7.472851   -0.272851 (VIOLATED)
_17040_/S                               7.200000    7.472845   -0.272845 (VIOLATED)
_17036_/S                               7.200000    7.472841   -0.272841 (VIOLATED)
_17037_/S                               7.200000    7.472837   -0.272838 (VIOLATED)
_17033_/S                               7.200000    7.472824   -0.272824 (VIOLATED)
max_cap70/I                             7.200000    7.472798   -0.272798 (VIOLATED)
_17054_/S                               7.200000    7.472796   -0.272796 (VIOLATED)
_17034_/S                               7.200000    7.472784   -0.272784 (VIOLATED)
_17048_/S                               7.200000    7.472679   -0.272679 (VIOLATED)
max_cap71/I                             7.200000    7.472587   -0.272587 (VIOLATED)
_17025_/ZN                              7.200000    7.472542   -0.272542 (VIOLATED)
_15659_/S                               7.200000    7.392693   -0.192693 (VIOLATED)
_15658_/S                               7.200000    7.392689   -0.192689 (VIOLATED)
_15625_/S                               7.200000    7.392688   -0.192689 (VIOLATED)
_15656_/S                               7.200000    7.392685   -0.192685 (VIOLATED)
_15627_/S                               7.200000    7.392677   -0.192677 (VIOLATED)
_15628_/S                               7.200000    7.392649   -0.192649 (VIOLATED)
wire84/I                                7.200000    7.392582   -0.192582 (VIOLATED)
_15624_/S                               7.200000    7.392581   -0.192581 (VIOLATED)
_15655_/S                               7.200000    7.392553   -0.192554 (VIOLATED)
_15629_/S                               7.200000    7.392507   -0.192507 (VIOLATED)
_15626_/S                               7.200000    7.392413   -0.192413 (VIOLATED)
_15654_/S                               7.200000    7.392387   -0.192387 (VIOLATED)
_15657_/S                               7.200000    7.392386   -0.192386 (VIOLATED)
_15630_/S                               7.200000    7.392380   -0.192380 (VIOLATED)
_15605_/ZN                              7.200000    7.392249   -0.192249 (VIOLATED)
_09959_/A2                              7.200000    7.301002   -0.101001 (VIOLATED)
_09938_/A2                              7.200000    7.301000   -0.101000 (VIOLATED)
_09820_/A2                              7.200000    7.300999   -0.100999 (VIOLATED)
_09954_/A2                              7.200000    7.300995   -0.100996 (VIOLATED)
_09929_/A2                              7.200000    7.300986   -0.100986 (VIOLATED)
_09870_/A2                              7.200000    7.300983   -0.100983 (VIOLATED)
_09918_/C2                              7.200000    7.300970   -0.100969 (VIOLATED)
_09887_/A2                              7.200000    7.300961   -0.100961 (VIOLATED)
_09857_/A2                              7.200000    7.300956   -0.100956 (VIOLATED)
_09915_/A2                              7.200000    7.300956   -0.100956 (VIOLATED)
_09881_/A2                              7.200000    7.300947   -0.100947 (VIOLATED)
_09802_/A2                              7.200000    7.300946   -0.100946 (VIOLATED)
_09804_/A2                              7.200000    7.300912   -0.100912 (VIOLATED)
_09750_/A2                              7.200000    7.300893   -0.100893 (VIOLATED)
_09827_/A2                              7.200000    7.300879   -0.100880 (VIOLATED)
_09723_/ZN                              7.200000    7.300855   -0.100855 (VIOLATED)
_09725_/A2                              7.200000    7.300855   -0.100855 (VIOLATED)
_09741_/A2                              7.200000    7.300855   -0.100855 (VIOLATED)
_17154_/I0                              7.200000    7.274088   -0.074088 (VIOLATED)
_15202_/I1                              7.200000    7.274080   -0.074080 (VIOLATED)
_16749_/A1                              7.200000    7.274050   -0.074051 (VIOLATED)
_08852_/I                               7.200000    7.274035   -0.074035 (VIOLATED)
_17162_/I0                              7.200000    7.273988   -0.073988 (VIOLATED)
_15544_/I0                              7.200000    7.273851   -0.073851 (VIOLATED)
_15495_/I0                              7.200000    7.273828   -0.073828 (VIOLATED)
_16226_/I0                              7.200000    7.273690   -0.073690 (VIOLATED)
_17350_/I0                              7.200000    7.273681   -0.073681 (VIOLATED)
_17104_/A1                              7.200000    7.273490   -0.073491 (VIOLATED)
_17103_/A1                              7.200000    7.273474   -0.073474 (VIOLATED)
_15503_/I0                              7.200000    7.273439   -0.073439 (VIOLATED)
_17107_/A2                              7.200000    7.273359   -0.073359 (VIOLATED)
_17072_/I0                              7.200000    7.273304   -0.073304 (VIOLATED)
_17141_/I0                              7.200000    7.273242   -0.073243 (VIOLATED)
_17064_/I0                              7.200000    7.273080   -0.073080 (VIOLATED)
_15536_/I0                              7.200000    7.271858   -0.071858 (VIOLATED)
input7/Z                                7.200000    7.270366   -0.070366 (VIOLATED)

max capacitance

Pin                                        Limit         Cap       Slack
------------------------------------------------------------------------
_09055_/ZN                              0.370600    0.475396   -0.104796 (VIOLATED)
input3/Z                                0.387700    0.486300   -0.098600 (VIOLATED)
input1/Z                                0.387700    0.486021   -0.098321 (VIOLATED)
input2/Z                                0.387700    0.473223   -0.085523 (VIOLATED)
input4/Z                                0.387700    0.464870   -0.077170 (VIOLATED)
_11282_/Z                               0.388600    0.465043   -0.076443 (VIOLATED)
input5/Z                                0.387700    0.447676   -0.059976 (VIOLATED)
_09301_/Z                               0.388400    0.447342   -0.058942 (VIOLATED)
_11027_/ZN                              0.335400    0.391047   -0.055647 (VIOLATED)
input8/Z                                0.387700    0.436955   -0.049255 (VIOLATED)
_11276_/ZN                              0.192500    0.240338   -0.047838 (VIOLATED)
_09346_/ZN                              0.193000    0.234133   -0.041133 (VIOLATED)
_17517_/ZN                              0.291800    0.329911   -0.038111 (VIOLATED)
input6/Z                                0.387700    0.425316   -0.037616 (VIOLATED)
_09356_/ZN                              0.193000    0.230473   -0.037473 (VIOLATED)
_12357_/ZN                              0.193000    0.229051   -0.036051 (VIOLATED)
_11315_/ZN                              0.192500    0.227610   -0.035110 (VIOLATED)
_09307_/ZN                              0.291800    0.324049   -0.032249 (VIOLATED)
_15605_/ZN                              0.254900    0.279860   -0.024960 (VIOLATED)
_10795_/ZN                              0.384400    0.408068   -0.023668 (VIOLATED)
_17025_/ZN                              0.193000    0.214256   -0.021256 (VIOLATED)
input7/Z                                0.387700    0.406119   -0.018419 (VIOLATED)
_09723_/ZN                              0.193000    0.209168   -0.016168 (VIOLATED)
_10778_/ZN                              0.335400    0.351107   -0.015707 (VIOLATED)
_10205_/ZN                              0.193000    0.205993   -0.012993 (VIOLATED)
_09724_/ZN                              0.193000    0.196530   -0.003530 (VIOLATED)
_09727_/ZN                              0.193000    0.195335   -0.002335 (VIOLATED)
_09179_/Z                               0.389000    0.389331   -0.000331 (VIOLATED)



===========================================================================
report_parasitic_annotation -report_unannotated
============================================================================
Found 88 unannotated drivers.
 clkload0/Z
 clkload1/Z
 clkload10/ZN
 clkload11/ZN
 clkload12/ZN
 clkload13/Z
 clkload14/ZN
 clkload15/ZN
 clkload16/ZN
 clkload17/ZN
 clkload18/ZN
 clkload19/Z
 clkload2/ZN
 clkload20/ZN
 clkload21/Z
 clkload22/ZN
 clkload23/ZN
 clkload24/ZN
 clkload25/ZN
 clkload26/ZN
 clkload27/ZN
 clkload28/ZN
 clkload29/ZN
 clkload3/ZN
 clkload30/ZN
 clkload31/ZN
 clkload32/ZN
 clkload33/Z
 clkload34/ZN
 clkload35/Z
 clkload36/Z
 clkload37/ZN
 clkload38/ZN
 clkload39/ZN
 clkload4/ZN
 clkload40/ZN
 clkload41/ZN
 clkload42/ZN
 clkload43/ZN
 clkload44/ZN
 clkload45/ZN
 clkload46/ZN
 clkload47/ZN
 clkload48/Z
 clkload49/ZN
 clkload5/ZN
 clkload50/ZN
 clkload51/ZN
 clkload52/ZN
 clkload53/ZN
 clkload54/ZN
 clkload55/ZN
 clkload56/Z
 clkload57/ZN
 clkload58/ZN
 clkload59/ZN
 clkload6/ZN
 clkload60/ZN
 clkload61/Z
 clkload62/ZN
 clkload63/ZN
 clkload64/ZN
 clkload65/ZN
 clkload66/ZN
 clkload67/ZN
 clkload68/ZN
 clkload69/ZN
 clkload7/ZN
 clkload70/ZN
 clkload71/Z
 clkload72/ZN
 clkload73/ZN
 clkload74/ZN
 clkload75/ZN
 clkload76/ZN
 clkload77/ZN
 clkload78/Z
 clkload79/ZN
 clkload8/ZN
 clkload80/Z
 clkload81/ZN
 clkload82/ZN
 clkload83/ZN
 clkload84/ZN
 clkload85/ZN
 clkload86/Z
 clkload87/ZN
 clkload9/ZN
Found 0 partially unannotated drivers.

===========================================================================
max slew violation count 413
max fanout violation count 0
max cap violation count 28
============================================================================

===========================================================================
check_setup -verbose -unconstrained_endpoints -multiple_clock -no_clock -no_input_delay -loops -generated_clocks
===========================================================================
