
===========================================================================
report_checks -unconstrained
===========================================================================
======================= nom_tt_025C_5v00 Corner ===================================

Startpoint: _18566_ (rising edge-triggered flip-flop clocked by core_clk)
Endpoint: _18439_ (rising edge-triggered flip-flop clocked by core_clk)
Path Group: core_clk
Path Type: max

Fanout         Cap        Slew       Delay        Time   Description
---------------------------------------------------------------------------------------------
                                  0.000000    0.000000   clock core_clk (rise edge)
                                  0.000000    0.000000   clock source latency
     2    0.189771    0.000000    0.000000    0.000000 ^ clk (in)
                                                         clk (net)
                      0.074664    0.030540    0.030540 ^ clkbuf_regs_0_core_clk/I (gf180mcu_fd_sc_mcu9t5v0__clkbuf_16)
     1    0.046290    0.077841    0.172161    0.202701 ^ clkbuf_regs_0_core_clk/Z (gf180mcu_fd_sc_mcu9t5v0__clkbuf_16)
                                                         clk_regs (net)
                      0.077842    0.000351    0.203052 ^ clkbuf_0_clk_regs/I (gf180mcu_fd_sc_mcu9t5v0__clkbuf_16)
     8    0.291780    0.208425    0.246103    0.449155 ^ clkbuf_0_clk_regs/Z (gf180mcu_fd_sc_mcu9t5v0__clkbuf_16)
                                                         clknet_0_clk_regs (net)
                      0.233331    0.039747    0.488902 ^ clkbuf_3_4_0_clk_regs/I (gf180mcu_fd_sc_mcu9t5v0__clkbuf_8)
    10    0.362188    0.509072    0.465124    0.954026 ^ clkbuf_3_4_0_clk_regs/Z (gf180mcu_fd_sc_mcu9t5v0__clkbuf_8)
                                                         clknet_3_4_0_clk_regs (net)
                      0.509101    0.002120    0.956146 ^ clkbuf_leaf_28_clk_regs/I (gf180mcu_fd_sc_mcu9t5v0__clkbuf_8)
    23    0.164519    0.255067    0.359083    1.315229 ^ clkbuf_leaf_28_clk_regs/Z (gf180mcu_fd_sc_mcu9t5v0__clkbuf_8)
                                                         clknet_leaf_28_clk_regs (net)
                      0.255067    0.000204    1.315433 ^ _18566_/CLK (gf180mcu_fd_sc_mcu9t5v0__dffrnq_4)
    21    0.232531    0.676379    1.217945    2.533378 ^ _18566_/Q (gf180mcu_fd_sc_mcu9t5v0__dffrnq_4)
                                                         u_transform_scheduler_core.dft12_phase[2] (net)
                      0.677082    0.012025    2.545403 ^ _09098_/I (gf180mcu_fd_sc_mcu9t5v0__clkinv_1)
     7    0.070600    0.803930    0.645785    3.191188 v _09098_/ZN (gf180mcu_fd_sc_mcu9t5v0__clkinv_1)
                                                         _03918_ (net)
                      0.803957    0.002663    3.193851 v _09423_/A1 (gf180mcu_fd_sc_mcu9t5v0__nand3_1)
     5    0.045541    0.775387    0.648228    3.842079 ^ _09423_/ZN (gf180mcu_fd_sc_mcu9t5v0__nand3_1)
                                                         _04240_ (net)
                      0.775387    0.000074    3.842153 ^ _09424_/A2 (gf180mcu_fd_sc_mcu9t5v0__aoi21_1)
     2    0.018901    0.359410    0.196849    4.039001 v _09424_/ZN (gf180mcu_fd_sc_mcu9t5v0__aoi21_1)
                                                         _04241_ (net)
                      0.359410    0.000407    4.039409 v _09425_/A2 (gf180mcu_fd_sc_mcu9t5v0__nor2_1)
     4    0.044476    0.956884    0.634807    4.674215 ^ _09425_/ZN (gf180mcu_fd_sc_mcu9t5v0__nor2_1)
                                                         _04242_ (net)
                      0.956884    0.000165    4.674381 ^ _09450_/A2 (gf180mcu_fd_sc_mcu9t5v0__oai31_2)
     2    0.044640    0.477317    0.306415    4.980796 v _09450_/ZN (gf180mcu_fd_sc_mcu9t5v0__oai31_2)
                                                         _04267_ (net)
                      0.477329    0.003869    4.984665 v _09454_/A4 (gf180mcu_fd_sc_mcu9t5v0__and4_1)
     2    0.018306    0.222812    0.569541    5.554206 v _09454_/Z (gf180mcu_fd_sc_mcu9t5v0__and4_1)
                                                         _04271_ (net)
                      0.222812    0.000376    5.554582 v _09456_/A2 (gf180mcu_fd_sc_mcu9t5v0__nand2_1)
     2    0.037197    0.532849    0.381382    5.935964 ^ _09456_/ZN (gf180mcu_fd_sc_mcu9t5v0__nand2_1)
                                                         _04273_ (net)
                      0.532851    0.001620    5.937584 ^ _09461_/A1 (gf180mcu_fd_sc_mcu9t5v0__nand2_2)
    10    0.106284    0.694310    0.422448    6.360033 v _09461_/ZN (gf180mcu_fd_sc_mcu9t5v0__nand2_2)
                                                         _04278_ (net)
                      0.694344    0.007347    6.367380 v _09462_/I (gf180mcu_fd_sc_mcu9t5v0__clkinv_3)
    11    0.143202    0.584154    0.510008    6.877388 ^ _09462_/ZN (gf180mcu_fd_sc_mcu9t5v0__clkinv_3)
                                                         u_transform_scheduler_core.u_mixed_radix_butterfly.multiply_product_fire (net)
                      0.584154    0.000219    6.877607 ^ load_slew111/I (gf180mcu_fd_sc_mcu9t5v0__clkbuf_16)
    32    0.459805    0.331852    0.412483    7.290090 ^ load_slew111/Z (gf180mcu_fd_sc_mcu9t5v0__clkbuf_16)
                                                         net111 (net)
                      0.334004    0.015147    7.305237 ^ _09472_/A1 (gf180mcu_fd_sc_mcu9t5v0__oai21_4)
     2    0.098641    0.788931    0.241466    7.546703 v _09472_/ZN (gf180mcu_fd_sc_mcu9t5v0__oai21_4)
                                                         _04288_ (net)
                      0.788931    0.000572    7.547275 v max_cap106/I (gf180mcu_fd_sc_mcu9t5v0__clkbuf_20)
    49    0.514532    0.287010    0.444054    7.991329 v max_cap106/Z (gf180mcu_fd_sc_mcu9t5v0__clkbuf_20)
                                                         net106 (net)
                      0.293479    0.023038    8.014366 v _09511_/A2 (gf180mcu_fd_sc_mcu9t5v0__aoi21_2)
     5    0.059773    0.786942    0.511258    8.525624 ^ _09511_/ZN (gf180mcu_fd_sc_mcu9t5v0__aoi21_2)
                                                         _04327_ (net)
                      0.786942    0.000251    8.525875 ^ _09513_/A2 (gf180mcu_fd_sc_mcu9t5v0__oai221_1)
     2    0.023234    0.793572    0.422455    8.948330 v _09513_/ZN (gf180mcu_fd_sc_mcu9t5v0__oai221_1)
                                                         _04329_ (net)
                      0.793572    0.000528    8.948858 v _09514_/A2 (gf180mcu_fd_sc_mcu9t5v0__or2_1)
     1    0.026437    0.271300    0.612319    9.561177 v _09514_/Z (gf180mcu_fd_sc_mcu9t5v0__or2_1)
                                                         _04330_ (net)
                      0.271300    0.000036    9.561213 v _09519_/A3 (gf180mcu_fd_sc_mcu9t5v0__oai31_4)
     2    0.079365    0.816721    0.561879   10.123092 ^ _09519_/ZN (gf180mcu_fd_sc_mcu9t5v0__oai31_4)
                                                         _04335_ (net)
                      0.816783    0.011235   10.134328 ^ _09541_/A2 (gf180mcu_fd_sc_mcu9t5v0__aoi21_2)
     3    0.068705    0.446398    0.301944   10.436272 v _09541_/ZN (gf180mcu_fd_sc_mcu9t5v0__aoi21_2)
                                                         _04356_ (net)
                      0.446401    0.001574   10.437845 v _15855_/A2 (gf180mcu_fd_sc_mcu9t5v0__oai31_4)
    10    0.085108    0.872491    0.594827   11.032673 ^ _15855_/ZN (gf180mcu_fd_sc_mcu9t5v0__oai31_4)
                                                         _02454_ (net)
                      0.872501    0.004839   11.037512 ^ _15860_/A1 (gf180mcu_fd_sc_mcu9t5v0__or2_2)
    15    0.114601    0.639522    0.528694   11.566205 ^ _15860_/Z (gf180mcu_fd_sc_mcu9t5v0__or2_2)
                                                         _02459_ (net)
                      0.639522    0.000130   11.566335 ^ _15986_/B2 (gf180mcu_fd_sc_mcu9t5v0__oai221_1)
     4    0.056033    0.909245    0.621509   12.187844 v _15986_/ZN (gf180mcu_fd_sc_mcu9t5v0__oai221_1)
                                                         _02521_ (net)
                      0.909245    0.000344   12.188188 v _16106_/A2 (gf180mcu_fd_sc_mcu9t5v0__aoi211_4)
     4    0.047378    0.686309    0.617228   12.805416 ^ _16106_/ZN (gf180mcu_fd_sc_mcu9t5v0__aoi211_4)
                                                         _02625_ (net)
                      0.686309    0.000522   12.805938 ^ max_cap69/I (gf180mcu_fd_sc_mcu9t5v0__clkbuf_4)
     9    0.131138    0.376149    0.448346   13.254284 ^ max_cap69/Z (gf180mcu_fd_sc_mcu9t5v0__clkbuf_4)
                                                         net69 (net)
                      0.376160    0.000970   13.255254 ^ _16335_/A1 (gf180mcu_fd_sc_mcu9t5v0__nand2_4)
    12    0.194404    0.526390    0.368591   13.623845 v _16335_/ZN (gf180mcu_fd_sc_mcu9t5v0__nand2_4)
                                                         _02790_ (net)
                      0.526579    0.005429   13.629274 v _16336_/B (gf180mcu_fd_sc_mcu9t5v0__oai21_1)
     3    0.045247    0.996223    0.566947   14.196221 ^ _16336_/ZN (gf180mcu_fd_sc_mcu9t5v0__oai21_1)
                                                         _02791_ (net)
                      0.996223    0.000475   14.196696 ^ max_cap39/I (gf180mcu_fd_sc_mcu9t5v0__buf_4)
     8    0.126888    0.371234    0.374587   14.571283 ^ max_cap39/Z (gf180mcu_fd_sc_mcu9t5v0__buf_4)
                                                         net39 (net)
                      0.371315    0.002943   14.574225 ^ wire38/I (gf180mcu_fd_sc_mcu9t5v0__buf_4)
    13    0.161349    0.456472    0.405000   14.979225 ^ wire38/Z (gf180mcu_fd_sc_mcu9t5v0__buf_4)
                                                         net38 (net)
                      0.457043    0.009136   14.988361 ^ _16894_/S (gf180mcu_fd_sc_mcu9t5v0__mux2_1)
     1    0.004628    0.143447    0.433996   15.422358 v _16894_/Z (gf180mcu_fd_sc_mcu9t5v0__mux2_1)
                                                         _01462_ (net)
                      0.143447    0.000014   15.422371 v _18439_/D (gf180mcu_fd_sc_mcu9t5v0__dffq_1)
                                             15.422371   data arrival time

                                 26.041668   26.041668   clock core_clk (rise edge)
                                  0.000000   26.041668   clock source latency
     2    0.189771    0.000000    0.000000   26.041668 ^ clk (in)
                                                         clk (net)
                      0.074664    0.030541   26.072208 ^ clkbuf_regs_0_core_clk/I (gf180mcu_fd_sc_mcu9t5v0__clkbuf_16)
     1    0.046290    0.077841    0.172161   26.244370 ^ clkbuf_regs_0_core_clk/Z (gf180mcu_fd_sc_mcu9t5v0__clkbuf_16)
                                                         clk_regs (net)
                      0.077842    0.000350   26.244719 ^ clkbuf_0_clk_regs/I (gf180mcu_fd_sc_mcu9t5v0__clkbuf_16)
     8    0.291780    0.208425    0.246104   26.490822 ^ clkbuf_0_clk_regs/Z (gf180mcu_fd_sc_mcu9t5v0__clkbuf_16)
                                                         clknet_0_clk_regs (net)
                      0.230859    0.037138   26.527962 ^ clkbuf_3_7_0_clk_regs/I (gf180mcu_fd_sc_mcu9t5v0__clkbuf_8)
    13    0.385330    0.535603    0.475991   27.003952 ^ clkbuf_3_7_0_clk_regs/Z (gf180mcu_fd_sc_mcu9t5v0__clkbuf_8)
                                                         clknet_3_7_0_clk_regs (net)
                      0.537645    0.018968   27.022921 ^ clkbuf_leaf_42_clk_regs/I (gf180mcu_fd_sc_mcu9t5v0__clkbuf_8)
    22    0.159548    0.249204    0.359289   27.382210 ^ clkbuf_leaf_42_clk_regs/Z (gf180mcu_fd_sc_mcu9t5v0__clkbuf_8)
                                                         clknet_leaf_42_clk_regs (net)
                      0.249205    0.000714   27.382923 ^ _18439_/CLK (gf180mcu_fd_sc_mcu9t5v0__dffq_1)
                                  0.000000   27.382923   clock reconvergence pessimism
                                 -0.118303   27.264622   library setup time
                                             27.264622   data required time
---------------------------------------------------------------------------------------------
                                             27.264622   data required time
                                            -15.422371   data arrival time
---------------------------------------------------------------------------------------------
                                             11.842250   slack (MET)




===========================================================================
report_checks --slack_max -0.01
============================================================================
======================= nom_tt_025C_5v00 Corner ===================================

No paths found.


===========================================================================
 report_check_types -max_slew -max_cap -max_fanout -violators
============================================================================
======================= nom_tt_025C_5v00 Corner ===================================



===========================================================================
report_parasitic_annotation -report_unannotated
============================================================================
Found 83 unannotated drivers.
 clkload0/ZN
 clkload1/ZN
 clkload10/ZN
 clkload11/ZN
 clkload12/ZN
 clkload13/ZN
 clkload14/ZN
 clkload15/ZN
 clkload16/ZN
 clkload17/ZN
 clkload18/ZN
 clkload19/ZN
 clkload2/ZN
 clkload20/ZN
 clkload21/ZN
 clkload22/ZN
 clkload23/ZN
 clkload24/ZN
 clkload25/ZN
 clkload26/Z
 clkload27/ZN
 clkload28/Z
 clkload29/ZN
 clkload3/ZN
 clkload30/ZN
 clkload31/ZN
 clkload32/Z
 clkload33/ZN
 clkload34/Z
 clkload35/ZN
 clkload36/ZN
 clkload37/ZN
 clkload38/ZN
 clkload39/ZN
 clkload4/ZN
 clkload40/Z
 clkload41/ZN
 clkload42/ZN
 clkload43/ZN
 clkload44/ZN
 clkload45/ZN
 clkload46/ZN
 clkload47/ZN
 clkload48/Z
 clkload49/ZN
 clkload5/ZN
 clkload50/ZN
 clkload51/ZN
 clkload52/ZN
 clkload53/ZN
 clkload54/ZN
 clkload55/Z
 clkload56/ZN
 clkload57/ZN
 clkload58/ZN
 clkload59/ZN
 clkload6/ZN
 clkload60/ZN
 clkload61/ZN
 clkload62/ZN
 clkload63/Z
 clkload64/ZN
 clkload65/ZN
 clkload66/ZN
 clkload67/ZN
 clkload68/ZN
 clkload69/ZN
 clkload7/ZN
 clkload70/ZN
 clkload71/ZN
 clkload72/ZN
 clkload73/ZN
 clkload74/ZN
 clkload75/ZN
 clkload76/ZN
 clkload77/ZN
 clkload78/ZN
 clkload79/ZN
 clkload8/ZN
 clkload80/ZN
 clkload81/ZN
 clkload82/ZN
 clkload9/ZN
Found 0 partially unannotated drivers.

===========================================================================
max slew violation count 0
Writing metric design__max_slew_violation__count__corner:nom_tt_025C_5v00: 0
max fanout violation count 0
Writing metric design__max_fanout_violation__count__corner:nom_tt_025C_5v00: 0
max cap violation count 0
Writing metric design__max_cap_violation__count__corner:nom_tt_025C_5v00: 0
============================================================================

===========================================================================
check_setup -verbose -unconstrained_endpoints -multiple_clock -no_clock -no_input_delay -loops -generated_clocks
===========================================================================
