
===========================================================================
report_checks -path_delay min (Hold)
============================================================================
======================= nom_tt_025C_5v00 Corner ===================================

Startpoint: _36_ (rising edge-triggered flip-flop clocked by clk)
Endpoint: _36_ (rising edge-triggered flip-flop clocked by clk)
Path Group: clk
Path Type: min

Fanout         Cap        Slew       Delay        Time   Description
---------------------------------------------------------------------------------------------
                                  0.000000    0.000000   clock clk (rise edge)
                                  0.000000    0.000000   clock source latency
     4    0.065957    0.297279    0.160473    0.160473 ^ clk (in)
                                                         clk (net)
                      0.297411    0.000000    0.160473 ^ clkbuf_regs_0_clk/I (gf180mcu_fd_sc_mcu7t5v0__clkbuf_16)
     1    0.025243    0.095019    0.270520    0.430992 ^ clkbuf_regs_0_clk/Z (gf180mcu_fd_sc_mcu7t5v0__clkbuf_16)
                                                         clk_regs (net)
                      0.095020    0.000681    0.431673 ^ clkbuf_0_clk_regs/I (gf180mcu_fd_sc_mcu7t5v0__clkbuf_16)
     2    0.048547    0.113814    0.242387    0.674060 ^ clkbuf_0_clk_regs/Z (gf180mcu_fd_sc_mcu7t5v0__clkbuf_16)
                                                         clknet_0_clk_regs (net)
                      0.113816    0.000824    0.674884 ^ clkbuf_1_1__f_clk_regs/I (gf180mcu_fd_sc_mcu7t5v0__clkbuf_16)
     2    0.011302    0.080321    0.218768    0.893653 ^ clkbuf_1_1__f_clk_regs/Z (gf180mcu_fd_sc_mcu7t5v0__clkbuf_16)
                                                         clknet_1_1__leaf_clk_regs (net)
                      0.080321    0.000267    0.893920 ^ _36_/CLK (gf180mcu_fd_sc_mcu7t5v0__dffq_1)
     5    0.031306    0.341298    0.818992    1.712912 v _36_/Q (gf180mcu_fd_sc_mcu7t5v0__dffq_1)
                                                         cnt[0] (net)
                      0.341299    0.000508    1.713420 v _33_/A1 (gf180mcu_fd_sc_mcu7t5v0__nor2_1)
     1    0.005101    0.283701    0.246427    1.959846 ^ _33_/ZN (gf180mcu_fd_sc_mcu7t5v0__nor2_1)
                                                         _02_ (net)
                      0.283701    0.000111    1.959958 ^ _36_/D (gf180mcu_fd_sc_mcu7t5v0__dffq_1)
                                              1.959958   data arrival time

                                  0.000000    0.000000   clock clk (rise edge)
                                  0.000000    0.000000   clock source latency
     4    0.065957    0.297279    0.160473    0.160473 ^ clk (in)
                                                         clk (net)
                      0.297411    0.000000    0.160473 ^ clkbuf_regs_0_clk/I (gf180mcu_fd_sc_mcu7t5v0__clkbuf_16)
     1    0.025243    0.095019    0.270520    0.430992 ^ clkbuf_regs_0_clk/Z (gf180mcu_fd_sc_mcu7t5v0__clkbuf_16)
                                                         clk_regs (net)
                      0.095020    0.000681    0.431673 ^ clkbuf_0_clk_regs/I (gf180mcu_fd_sc_mcu7t5v0__clkbuf_16)
     2    0.048547    0.113814    0.242387    0.674060 ^ clkbuf_0_clk_regs/Z (gf180mcu_fd_sc_mcu7t5v0__clkbuf_16)
                                                         clknet_0_clk_regs (net)
                      0.113816    0.000824    0.674884 ^ clkbuf_1_1__f_clk_regs/I (gf180mcu_fd_sc_mcu7t5v0__clkbuf_16)
     2    0.011302    0.080321    0.218768    0.893653 ^ clkbuf_1_1__f_clk_regs/Z (gf180mcu_fd_sc_mcu7t5v0__clkbuf_16)
                                                         clknet_1_1__leaf_clk_regs (net)
                      0.080321    0.000267    0.893920 ^ _36_/CLK (gf180mcu_fd_sc_mcu7t5v0__dffq_1)
                                  0.250000    1.143920   clock uncertainty
                                  0.000000    1.143920   clock reconvergence pessimism
                                  0.034832    1.178752   library hold time
                                              1.178752   data required time
---------------------------------------------------------------------------------------------
                                              1.178752   data required time
                                             -1.959958   data arrival time
---------------------------------------------------------------------------------------------
                                              0.781206   slack (MET)


Startpoint: _38_ (rising edge-triggered flip-flop clocked by clk)
Endpoint: _38_ (rising edge-triggered flip-flop clocked by clk)
Path Group: clk
Path Type: min

Fanout         Cap        Slew       Delay        Time   Description
---------------------------------------------------------------------------------------------
                                  0.000000    0.000000   clock clk (rise edge)
                                  0.000000    0.000000   clock source latency
     4    0.065957    0.297279    0.160473    0.160473 ^ clk (in)
                                                         clk (net)
                      0.297411    0.000000    0.160473 ^ clkbuf_regs_0_clk/I (gf180mcu_fd_sc_mcu7t5v0__clkbuf_16)
     1    0.025243    0.095019    0.270520    0.430992 ^ clkbuf_regs_0_clk/Z (gf180mcu_fd_sc_mcu7t5v0__clkbuf_16)
                                                         clk_regs (net)
                      0.095020    0.000681    0.431673 ^ clkbuf_0_clk_regs/I (gf180mcu_fd_sc_mcu7t5v0__clkbuf_16)
     2    0.048547    0.113814    0.242387    0.674060 ^ clkbuf_0_clk_regs/Z (gf180mcu_fd_sc_mcu7t5v0__clkbuf_16)
                                                         clknet_0_clk_regs (net)
                      0.113815    0.000521    0.674582 ^ clkbuf_1_0__f_clk_regs/I (gf180mcu_fd_sc_mcu7t5v0__clkbuf_16)
     2    0.009690    0.078789    0.217429    0.892010 ^ clkbuf_1_0__f_clk_regs/Z (gf180mcu_fd_sc_mcu7t5v0__clkbuf_16)
                                                         clknet_1_0__leaf_clk_regs (net)
                      0.078789    0.000168    0.892178 ^ _38_/CLK (gf180mcu_fd_sc_mcu7t5v0__dffq_1)
     3    0.013932    0.190576    0.709753    1.601932 v _38_/Q (gf180mcu_fd_sc_mcu7t5v0__dffq_1)
                                                         cnt[2] (net)
                      0.190576    0.000271    1.602203 v _28_/B (gf180mcu_fd_sc_mcu7t5v0__aoi21_1)
     1    0.008571    0.326661    0.253026    1.855229 ^ _28_/ZN (gf180mcu_fd_sc_mcu7t5v0__aoi21_1)
                                                         _04_ (net)
                      0.326661    0.000216    1.855445 ^ _30_/A2 (gf180mcu_fd_sc_mcu7t5v0__nor3_1)
     1    0.005171    0.218090    0.193850    2.049295 v _30_/ZN (gf180mcu_fd_sc_mcu7t5v0__nor3_1)
                                                         _00_ (net)
                      0.218090    0.000110    2.049405 v _38_/D (gf180mcu_fd_sc_mcu7t5v0__dffq_1)
                                              2.049405   data arrival time

                                  0.000000    0.000000   clock clk (rise edge)
                                  0.000000    0.000000   clock source latency
     4    0.065957    0.297279    0.160473    0.160473 ^ clk (in)
                                                         clk (net)
                      0.297411    0.000000    0.160473 ^ clkbuf_regs_0_clk/I (gf180mcu_fd_sc_mcu7t5v0__clkbuf_16)
     1    0.025243    0.095019    0.270520    0.430992 ^ clkbuf_regs_0_clk/Z (gf180mcu_fd_sc_mcu7t5v0__clkbuf_16)
                                                         clk_regs (net)
                      0.095020    0.000681    0.431673 ^ clkbuf_0_clk_regs/I (gf180mcu_fd_sc_mcu7t5v0__clkbuf_16)
     2    0.048547    0.113814    0.242387    0.674060 ^ clkbuf_0_clk_regs/Z (gf180mcu_fd_sc_mcu7t5v0__clkbuf_16)
                                                         clknet_0_clk_regs (net)
                      0.113815    0.000521    0.674582 ^ clkbuf_1_0__f_clk_regs/I (gf180mcu_fd_sc_mcu7t5v0__clkbuf_16)
     2    0.009690    0.078789    0.217429    0.892010 ^ clkbuf_1_0__f_clk_regs/Z (gf180mcu_fd_sc_mcu7t5v0__clkbuf_16)
                                                         clknet_1_0__leaf_clk_regs (net)
                      0.078789    0.000168    0.892178 ^ _38_/CLK (gf180mcu_fd_sc_mcu7t5v0__dffq_1)
                                  0.250000    1.142178   clock uncertainty
                                  0.000000    1.142178   clock reconvergence pessimism
                                  0.050022    1.192200   library hold time
                                              1.192200   data required time
---------------------------------------------------------------------------------------------
                                              1.192200   data required time
                                             -2.049405   data arrival time
---------------------------------------------------------------------------------------------
                                              0.857205   slack (MET)


Startpoint: _39_ (rising edge-triggered flip-flop clocked by clk)
Endpoint: _39_ (rising edge-triggered flip-flop clocked by clk)
Path Group: clk
Path Type: min

Fanout         Cap        Slew       Delay        Time   Description
---------------------------------------------------------------------------------------------
                                  0.000000    0.000000   clock clk (rise edge)
                                  0.000000    0.000000   clock source latency
     4    0.065957    0.297279    0.160473    0.160473 ^ clk (in)
                                                         clk (net)
                      0.297411    0.000000    0.160473 ^ clkbuf_regs_0_clk/I (gf180mcu_fd_sc_mcu7t5v0__clkbuf_16)
     1    0.025243    0.095019    0.270520    0.430992 ^ clkbuf_regs_0_clk/Z (gf180mcu_fd_sc_mcu7t5v0__clkbuf_16)
                                                         clk_regs (net)
                      0.095020    0.000681    0.431673 ^ clkbuf_0_clk_regs/I (gf180mcu_fd_sc_mcu7t5v0__clkbuf_16)
     2    0.048547    0.113814    0.242387    0.674060 ^ clkbuf_0_clk_regs/Z (gf180mcu_fd_sc_mcu7t5v0__clkbuf_16)
                                                         clknet_0_clk_regs (net)
                      0.113816    0.000824    0.674884 ^ clkbuf_1_1__f_clk_regs/I (gf180mcu_fd_sc_mcu7t5v0__clkbuf_16)
     2    0.011302    0.080321    0.218768    0.893653 ^ clkbuf_1_1__f_clk_regs/Z (gf180mcu_fd_sc_mcu7t5v0__clkbuf_16)
                                                         clknet_1_1__leaf_clk_regs (net)
                      0.080321    0.000262    0.893915 ^ _39_/CLK (gf180mcu_fd_sc_mcu7t5v0__dffq_1)
     2    0.013488    0.186908    0.707117    1.601032 v _39_/Q (gf180mcu_fd_sc_mcu7t5v0__dffq_1)
                                                         cnt[3] (net)
                      0.186908    0.000190    1.601222 v _31_/A1 (gf180mcu_fd_sc_mcu7t5v0__xnor2_1)
     1    0.007362    0.321396    0.293191    1.894414 ^ _31_/ZN (gf180mcu_fd_sc_mcu7t5v0__xnor2_1)
                                                         _06_ (net)
                      0.321396    0.000171    1.894585 ^ _32_/A2 (gf180mcu_fd_sc_mcu7t5v0__nor2_1)
     1    0.006011    0.201525    0.170466    2.065051 v _32_/ZN (gf180mcu_fd_sc_mcu7t5v0__nor2_1)
                                                         _01_ (net)
                      0.201525    0.000140    2.065191 v _39_/D (gf180mcu_fd_sc_mcu7t5v0__dffq_1)
                                              2.065191   data arrival time

                                  0.000000    0.000000   clock clk (rise edge)
                                  0.000000    0.000000   clock source latency
     4    0.065957    0.297279    0.160473    0.160473 ^ clk (in)
                                                         clk (net)
                      0.297411    0.000000    0.160473 ^ clkbuf_regs_0_clk/I (gf180mcu_fd_sc_mcu7t5v0__clkbuf_16)
     1    0.025243    0.095019    0.270520    0.430992 ^ clkbuf_regs_0_clk/Z (gf180mcu_fd_sc_mcu7t5v0__clkbuf_16)
                                                         clk_regs (net)
                      0.095020    0.000681    0.431673 ^ clkbuf_0_clk_regs/I (gf180mcu_fd_sc_mcu7t5v0__clkbuf_16)
     2    0.048547    0.113814    0.242387    0.674060 ^ clkbuf_0_clk_regs/Z (gf180mcu_fd_sc_mcu7t5v0__clkbuf_16)
                                                         clknet_0_clk_regs (net)
                      0.113816    0.000824    0.674884 ^ clkbuf_1_1__f_clk_regs/I (gf180mcu_fd_sc_mcu7t5v0__clkbuf_16)
     2    0.011302    0.080321    0.218768    0.893653 ^ clkbuf_1_1__f_clk_regs/Z (gf180mcu_fd_sc_mcu7t5v0__clkbuf_16)
                                                         clknet_1_1__leaf_clk_regs (net)
                      0.080321    0.000262    0.893915 ^ _39_/CLK (gf180mcu_fd_sc_mcu7t5v0__dffq_1)
                                  0.250000    1.143915   clock uncertainty
                                  0.000000    1.143915   clock reconvergence pessimism
                                  0.055242    1.199157   library hold time
                                              1.199157   data required time
---------------------------------------------------------------------------------------------
                                              1.199157   data required time
                                             -2.065191   data arrival time
---------------------------------------------------------------------------------------------
                                              0.866034   slack (MET)


Startpoint: _37_ (rising edge-triggered flip-flop clocked by clk)
Endpoint: _37_ (rising edge-triggered flip-flop clocked by clk)
Path Group: clk
Path Type: min

Fanout         Cap        Slew       Delay        Time   Description
---------------------------------------------------------------------------------------------
                                  0.000000    0.000000   clock clk (rise edge)
                                  0.000000    0.000000   clock source latency
     4    0.065957    0.297279    0.160473    0.160473 ^ clk (in)
                                                         clk (net)
                      0.297411    0.000000    0.160473 ^ clkbuf_regs_0_clk/I (gf180mcu_fd_sc_mcu7t5v0__clkbuf_16)
     1    0.025243    0.095019    0.270520    0.430992 ^ clkbuf_regs_0_clk/Z (gf180mcu_fd_sc_mcu7t5v0__clkbuf_16)
                                                         clk_regs (net)
                      0.095020    0.000681    0.431673 ^ clkbuf_0_clk_regs/I (gf180mcu_fd_sc_mcu7t5v0__clkbuf_16)
     2    0.048547    0.113814    0.242387    0.674060 ^ clkbuf_0_clk_regs/Z (gf180mcu_fd_sc_mcu7t5v0__clkbuf_16)
                                                         clknet_0_clk_regs (net)
                      0.113815    0.000521    0.674582 ^ clkbuf_1_0__f_clk_regs/I (gf180mcu_fd_sc_mcu7t5v0__clkbuf_16)
     2    0.009690    0.078789    0.217429    0.892010 ^ clkbuf_1_0__f_clk_regs/Z (gf180mcu_fd_sc_mcu7t5v0__clkbuf_16)
                                                         clknet_1_0__leaf_clk_regs (net)
                      0.078789    0.000128    0.892138 ^ _37_/CLK (gf180mcu_fd_sc_mcu7t5v0__dffq_1)
     4    0.023504    0.272518    0.771398    1.663537 v _37_/Q (gf180mcu_fd_sc_mcu7t5v0__dffq_1)
                                                         cnt[1] (net)
                      0.272519    0.000331    1.663868 v _34_/A2 (gf180mcu_fd_sc_mcu7t5v0__xnor2_1)
     1    0.007637    0.322432    0.330186    1.994054 ^ _34_/ZN (gf180mcu_fd_sc_mcu7t5v0__xnor2_1)
                                                         _07_ (net)
                      0.322432    0.000184    1.994238 ^ _35_/A2 (gf180mcu_fd_sc_mcu7t5v0__nor2_1)
     1    0.006589    0.207561    0.176303    2.170542 v _35_/ZN (gf180mcu_fd_sc_mcu7t5v0__nor2_1)
                                                         _03_ (net)
                      0.207561    0.000160    2.170702 v _37_/D (gf180mcu_fd_sc_mcu7t5v0__dffq_1)
                                              2.170702   data arrival time

                                  0.000000    0.000000   clock clk (rise edge)
                                  0.000000    0.000000   clock source latency
     4    0.065957    0.297279    0.160473    0.160473 ^ clk (in)
                                                         clk (net)
                      0.297411    0.000000    0.160473 ^ clkbuf_regs_0_clk/I (gf180mcu_fd_sc_mcu7t5v0__clkbuf_16)
     1    0.025243    0.095019    0.270520    0.430992 ^ clkbuf_regs_0_clk/Z (gf180mcu_fd_sc_mcu7t5v0__clkbuf_16)
                                                         clk_regs (net)
                      0.095020    0.000681    0.431673 ^ clkbuf_0_clk_regs/I (gf180mcu_fd_sc_mcu7t5v0__clkbuf_16)
     2    0.048547    0.113814    0.242387    0.674060 ^ clkbuf_0_clk_regs/Z (gf180mcu_fd_sc_mcu7t5v0__clkbuf_16)
                                                         clknet_0_clk_regs (net)
                      0.113815    0.000521    0.674582 ^ clkbuf_1_0__f_clk_regs/I (gf180mcu_fd_sc_mcu7t5v0__clkbuf_16)
     2    0.009690    0.078789    0.217429    0.892010 ^ clkbuf_1_0__f_clk_regs/Z (gf180mcu_fd_sc_mcu7t5v0__clkbuf_16)
                                                         clknet_1_0__leaf_clk_regs (net)
                      0.078789    0.000128    0.892138 ^ _37_/CLK (gf180mcu_fd_sc_mcu7t5v0__dffq_1)
                                  0.250000    1.142138   clock uncertainty
                                  0.000000    1.142138   clock reconvergence pessimism
                                  0.053169    1.195307   library hold time
                                              1.195307   data required time
---------------------------------------------------------------------------------------------
                                              1.195307   data required time
                                             -2.170702   data arrival time
---------------------------------------------------------------------------------------------
                                              0.975394   slack (MET)


Startpoint: _39_ (rising edge-triggered flip-flop clocked by clk)
Endpoint: u_sram (rising edge-triggered flip-flop clocked by clk)
Path Group: clk
Path Type: min

Fanout         Cap        Slew       Delay        Time   Description
---------------------------------------------------------------------------------------------
                                  0.000000    0.000000   clock clk (rise edge)
                                  0.000000    0.000000   clock source latency
     4    0.065957    0.297279    0.160473    0.160473 ^ clk (in)
                                                         clk (net)
                      0.297411    0.000000    0.160473 ^ clkbuf_regs_0_clk/I (gf180mcu_fd_sc_mcu7t5v0__clkbuf_16)
     1    0.025243    0.095019    0.270520    0.430992 ^ clkbuf_regs_0_clk/Z (gf180mcu_fd_sc_mcu7t5v0__clkbuf_16)
                                                         clk_regs (net)
                      0.095020    0.000681    0.431673 ^ clkbuf_0_clk_regs/I (gf180mcu_fd_sc_mcu7t5v0__clkbuf_16)
     2    0.048547    0.113814    0.242387    0.674060 ^ clkbuf_0_clk_regs/Z (gf180mcu_fd_sc_mcu7t5v0__clkbuf_16)
                                                         clknet_0_clk_regs (net)
                      0.113816    0.000824    0.674884 ^ clkbuf_1_1__f_clk_regs/I (gf180mcu_fd_sc_mcu7t5v0__clkbuf_16)
     2    0.011302    0.080321    0.218768    0.893653 ^ clkbuf_1_1__f_clk_regs/Z (gf180mcu_fd_sc_mcu7t5v0__clkbuf_16)
                                                         clknet_1_1__leaf_clk_regs (net)
                      0.080321    0.000262    0.893915 ^ _39_/CLK (gf180mcu_fd_sc_mcu7t5v0__dffq_1)
     2    0.013488    0.186908    0.707117    1.601032 v _39_/Q (gf180mcu_fd_sc_mcu7t5v0__dffq_1)
                                                         cnt[3] (net)
                      0.186908    0.000209    1.601241 v hold30/I (gf180mcu_fd_sc_mcu7t5v0__dlyc_1)
     1    0.003768    0.197743    1.672337    3.273578 v hold30/Z (gf180mcu_fd_sc_mcu7t5v0__dlyc_1)
                                                         net29 (net)
                      0.197743    0.000042    3.273620 v hold26/I (gf180mcu_fd_sc_mcu7t5v0__dlyc_1)
     1    0.036363    0.493575    1.959433    5.233053 v hold26/Z (gf180mcu_fd_sc_mcu7t5v0__dlyc_1)
                                                         net25 (net)
                      0.493575    0.000404    5.233457 v u_sram/A[3] (gf180mcu_fd_ip_sram__sram64x8m8wm1)
                                              5.233457   data arrival time

                                  0.000000    0.000000   clock clk (rise edge)
                                  0.000000    0.000000   clock source latency
     4    0.065957    0.297279    0.159635    0.159635 ^ clk (in)
                                                         clk (net)
                      0.297365    0.000000    0.159635 ^ clkbuf_0_clk/I (gf180mcu_fd_sc_mcu7t5v0__clkbuf_16)
     1    0.025004    0.094807    0.270310    0.429946 ^ clkbuf_0_clk/Z (gf180mcu_fd_sc_mcu7t5v0__clkbuf_16)
                                                         clknet_0_clk (net)
                      0.094808    0.000666    0.430612 ^ clkbuf_1_0__f_clk/I (gf180mcu_fd_sc_mcu7t5v0__clkbuf_16)
     1    0.285678    0.326703    0.381927    0.812539 ^ clkbuf_1_0__f_clk/Z (gf180mcu_fd_sc_mcu7t5v0__clkbuf_16)
                                                         clknet_1_0__leaf_clk (net)
                      0.327556    0.009112    0.821651 ^ u_sram/CLK (gf180mcu_fd_ip_sram__sram64x8m8wm1)
                                  0.250000    1.071651   clock uncertainty
                                  0.000000    1.071651   clock reconvergence pessimism
                                  1.436832    2.508483   library hold time
                                              2.508483   data required time
---------------------------------------------------------------------------------------------
                                              2.508483   data required time
                                             -5.233457   data arrival time
---------------------------------------------------------------------------------------------
                                              2.724974   slack (MET)


Startpoint: _38_ (rising edge-triggered flip-flop clocked by clk)
Endpoint: u_sram (rising edge-triggered flip-flop clocked by clk)
Path Group: clk
Path Type: min

Fanout         Cap        Slew       Delay        Time   Description
---------------------------------------------------------------------------------------------
                                  0.000000    0.000000   clock clk (rise edge)
                                  0.000000    0.000000   clock source latency
     4    0.065957    0.297279    0.160473    0.160473 ^ clk (in)
                                                         clk (net)
                      0.297411    0.000000    0.160473 ^ clkbuf_regs_0_clk/I (gf180mcu_fd_sc_mcu7t5v0__clkbuf_16)
     1    0.025243    0.095019    0.270520    0.430992 ^ clkbuf_regs_0_clk/Z (gf180mcu_fd_sc_mcu7t5v0__clkbuf_16)
                                                         clk_regs (net)
                      0.095020    0.000681    0.431673 ^ clkbuf_0_clk_regs/I (gf180mcu_fd_sc_mcu7t5v0__clkbuf_16)
     2    0.048547    0.113814    0.242387    0.674060 ^ clkbuf_0_clk_regs/Z (gf180mcu_fd_sc_mcu7t5v0__clkbuf_16)
                                                         clknet_0_clk_regs (net)
                      0.113815    0.000521    0.674582 ^ clkbuf_1_0__f_clk_regs/I (gf180mcu_fd_sc_mcu7t5v0__clkbuf_16)
     2    0.009690    0.078789    0.217429    0.892010 ^ clkbuf_1_0__f_clk_regs/Z (gf180mcu_fd_sc_mcu7t5v0__clkbuf_16)
                                                         clknet_1_0__leaf_clk_regs (net)
                      0.078789    0.000168    0.892178 ^ _38_/CLK (gf180mcu_fd_sc_mcu7t5v0__dffq_1)
     3    0.013932    0.190576    0.709753    1.601932 v _38_/Q (gf180mcu_fd_sc_mcu7t5v0__dffq_1)
                                                         cnt[2] (net)
                      0.190576    0.000213    1.602145 v hold31/I (gf180mcu_fd_sc_mcu7t5v0__dlyc_1)
     1    0.004313    0.203664    1.679991    3.282136 v hold31/Z (gf180mcu_fd_sc_mcu7t5v0__dlyc_1)
                                                         net30 (net)
                      0.203664    0.000086    3.282222 v hold27/I (gf180mcu_fd_sc_mcu7t5v0__dlyc_1)
     1    0.039765    0.522209    1.984043    5.266265 v hold27/Z (gf180mcu_fd_sc_mcu7t5v0__dlyc_1)
                                                         net26 (net)
                      0.522216    0.001280    5.267545 v u_sram/A[2] (gf180mcu_fd_ip_sram__sram64x8m8wm1)
                                              5.267545   data arrival time

                                  0.000000    0.000000   clock clk (rise edge)
                                  0.000000    0.000000   clock source latency
     4    0.065957    0.297279    0.159635    0.159635 ^ clk (in)
                                                         clk (net)
                      0.297365    0.000000    0.159635 ^ clkbuf_0_clk/I (gf180mcu_fd_sc_mcu7t5v0__clkbuf_16)
     1    0.025004    0.094807    0.270310    0.429946 ^ clkbuf_0_clk/Z (gf180mcu_fd_sc_mcu7t5v0__clkbuf_16)
                                                         clknet_0_clk (net)
                      0.094808    0.000666    0.430612 ^ clkbuf_1_0__f_clk/I (gf180mcu_fd_sc_mcu7t5v0__clkbuf_16)
     1    0.285678    0.326703    0.381927    0.812539 ^ clkbuf_1_0__f_clk/Z (gf180mcu_fd_sc_mcu7t5v0__clkbuf_16)
                                                         clknet_1_0__leaf_clk (net)
                      0.327556    0.009112    0.821651 ^ u_sram/CLK (gf180mcu_fd_ip_sram__sram64x8m8wm1)
                                  0.250000    1.071651   clock uncertainty
                                  0.000000    1.071651   clock reconvergence pessimism
                                  1.428658    2.500309   library hold time
                                              2.500309   data required time
---------------------------------------------------------------------------------------------
                                              2.500309   data required time
                                             -5.267545   data arrival time
---------------------------------------------------------------------------------------------
                                              2.767236   slack (MET)


Startpoint: _37_ (rising edge-triggered flip-flop clocked by clk)
Endpoint: u_sram (rising edge-triggered flip-flop clocked by clk)
Path Group: clk
Path Type: min

Fanout         Cap        Slew       Delay        Time   Description
---------------------------------------------------------------------------------------------
                                  0.000000    0.000000   clock clk (rise edge)
                                  0.000000    0.000000   clock source latency
     4    0.065957    0.297279    0.160473    0.160473 ^ clk (in)
                                                         clk (net)
                      0.297411    0.000000    0.160473 ^ clkbuf_regs_0_clk/I (gf180mcu_fd_sc_mcu7t5v0__clkbuf_16)
     1    0.025243    0.095019    0.270520    0.430992 ^ clkbuf_regs_0_clk/Z (gf180mcu_fd_sc_mcu7t5v0__clkbuf_16)
                                                         clk_regs (net)
                      0.095020    0.000681    0.431673 ^ clkbuf_0_clk_regs/I (gf180mcu_fd_sc_mcu7t5v0__clkbuf_16)
     2    0.048547    0.113814    0.242387    0.674060 ^ clkbuf_0_clk_regs/Z (gf180mcu_fd_sc_mcu7t5v0__clkbuf_16)
                                                         clknet_0_clk_regs (net)
                      0.113815    0.000521    0.674582 ^ clkbuf_1_0__f_clk_regs/I (gf180mcu_fd_sc_mcu7t5v0__clkbuf_16)
     2    0.009690    0.078789    0.217429    0.892010 ^ clkbuf_1_0__f_clk_regs/Z (gf180mcu_fd_sc_mcu7t5v0__clkbuf_16)
                                                         clknet_1_0__leaf_clk_regs (net)
                      0.078789    0.000128    0.892138 ^ _37_/CLK (gf180mcu_fd_sc_mcu7t5v0__dffq_1)
     4    0.023504    0.272518    0.771398    1.663537 v _37_/Q (gf180mcu_fd_sc_mcu7t5v0__dffq_1)
                                                         cnt[1] (net)
                      0.272519    0.000299    1.663835 v hold32/I (gf180mcu_fd_sc_mcu7t5v0__dlyc_1)
     1    0.003798    0.198173    1.702998    3.366834 v hold32/Z (gf180mcu_fd_sc_mcu7t5v0__dlyc_1)
                                                         net31 (net)
                      0.198173    0.000073    3.366906 v hold28/I (gf180mcu_fd_sc_mcu7t5v0__dlyc_1)
     1    0.039997    0.524170    1.983644    5.350550 v hold28/Z (gf180mcu_fd_sc_mcu7t5v0__dlyc_1)
                                                         net27 (net)
                      0.524178    0.001318    5.351868 v u_sram/A[1] (gf180mcu_fd_ip_sram__sram64x8m8wm1)
                                              5.351868   data arrival time

                                  0.000000    0.000000   clock clk (rise edge)
                                  0.000000    0.000000   clock source latency
     4    0.065957    0.297279    0.159635    0.159635 ^ clk (in)
                                                         clk (net)
                      0.297365    0.000000    0.159635 ^ clkbuf_0_clk/I (gf180mcu_fd_sc_mcu7t5v0__clkbuf_16)
     1    0.025004    0.094807    0.270310    0.429946 ^ clkbuf_0_clk/Z (gf180mcu_fd_sc_mcu7t5v0__clkbuf_16)
                                                         clknet_0_clk (net)
                      0.094808    0.000666    0.430612 ^ clkbuf_1_0__f_clk/I (gf180mcu_fd_sc_mcu7t5v0__clkbuf_16)
     1    0.285678    0.326703    0.381927    0.812539 ^ clkbuf_1_0__f_clk/Z (gf180mcu_fd_sc_mcu7t5v0__clkbuf_16)
                                                         clknet_1_0__leaf_clk (net)
                      0.327556    0.009112    0.821651 ^ u_sram/CLK (gf180mcu_fd_ip_sram__sram64x8m8wm1)
                                  0.250000    1.071651   clock uncertainty
                                  0.000000    1.071651   clock reconvergence pessimism
                                  1.428099    2.499750   library hold time
                                              2.499750   data required time
---------------------------------------------------------------------------------------------
                                              2.499750   data required time
                                             -5.351868   data arrival time
---------------------------------------------------------------------------------------------
                                              2.852118   slack (MET)


Startpoint: _36_ (rising edge-triggered flip-flop clocked by clk)
Endpoint: u_sram (rising edge-triggered flip-flop clocked by clk)
Path Group: clk
Path Type: min

Fanout         Cap        Slew       Delay        Time   Description
---------------------------------------------------------------------------------------------
                                  0.000000    0.000000   clock clk (rise edge)
                                  0.000000    0.000000   clock source latency
     4    0.065957    0.297279    0.160473    0.160473 ^ clk (in)
                                                         clk (net)
                      0.297411    0.000000    0.160473 ^ clkbuf_regs_0_clk/I (gf180mcu_fd_sc_mcu7t5v0__clkbuf_16)
     1    0.025243    0.095019    0.270520    0.430992 ^ clkbuf_regs_0_clk/Z (gf180mcu_fd_sc_mcu7t5v0__clkbuf_16)
                                                         clk_regs (net)
                      0.095020    0.000681    0.431673 ^ clkbuf_0_clk_regs/I (gf180mcu_fd_sc_mcu7t5v0__clkbuf_16)
     2    0.048547    0.113814    0.242387    0.674060 ^ clkbuf_0_clk_regs/Z (gf180mcu_fd_sc_mcu7t5v0__clkbuf_16)
                                                         clknet_0_clk_regs (net)
                      0.113816    0.000824    0.674884 ^ clkbuf_1_1__f_clk_regs/I (gf180mcu_fd_sc_mcu7t5v0__clkbuf_16)
     2    0.011302    0.080321    0.218768    0.893653 ^ clkbuf_1_1__f_clk_regs/Z (gf180mcu_fd_sc_mcu7t5v0__clkbuf_16)
                                                         clknet_1_1__leaf_clk_regs (net)
                      0.080321    0.000267    0.893920 ^ _36_/CLK (gf180mcu_fd_sc_mcu7t5v0__dffq_1)
     5    0.031306    0.341298    0.818992    1.712912 v _36_/Q (gf180mcu_fd_sc_mcu7t5v0__dffq_1)
                                                         cnt[0] (net)
                      0.341299    0.000451    1.713364 v hold33/I (gf180mcu_fd_sc_mcu7t5v0__dlyc_1)
     1    0.005397    0.215605    1.746314    3.459678 v hold33/Z (gf180mcu_fd_sc_mcu7t5v0__dlyc_1)
                                                         net32 (net)
                      0.215605    0.000117    3.459795 v hold29/I (gf180mcu_fd_sc_mcu7t5v0__dlyc_1)
     1    0.039709    0.521687    1.987885    5.447680 v hold29/Z (gf180mcu_fd_sc_mcu7t5v0__dlyc_1)
                                                         net28 (net)
                      0.521694    0.001271    5.448951 v u_sram/A[0] (gf180mcu_fd_ip_sram__sram64x8m8wm1)
                                              5.448951   data arrival time

                                  0.000000    0.000000   clock clk (rise edge)
                                  0.000000    0.000000   clock source latency
     4    0.065957    0.297279    0.159635    0.159635 ^ clk (in)
                                                         clk (net)
                      0.297365    0.000000    0.159635 ^ clkbuf_0_clk/I (gf180mcu_fd_sc_mcu7t5v0__clkbuf_16)
     1    0.025004    0.094807    0.270310    0.429946 ^ clkbuf_0_clk/Z (gf180mcu_fd_sc_mcu7t5v0__clkbuf_16)
                                                         clknet_0_clk (net)
                      0.094808    0.000666    0.430612 ^ clkbuf_1_0__f_clk/I (gf180mcu_fd_sc_mcu7t5v0__clkbuf_16)
     1    0.285678    0.326703    0.381927    0.812539 ^ clkbuf_1_0__f_clk/Z (gf180mcu_fd_sc_mcu7t5v0__clkbuf_16)
                                                         clknet_1_0__leaf_clk (net)
                      0.327556    0.009112    0.821651 ^ u_sram/CLK (gf180mcu_fd_ip_sram__sram64x8m8wm1)
                                  0.250000    1.071651   clock uncertainty
                                  0.000000    1.071651   clock reconvergence pessimism
                                  1.428807    2.500458   library hold time
                                              2.500458   data required time
---------------------------------------------------------------------------------------------
                                              2.500458   data required time
                                             -5.448951   data arrival time
---------------------------------------------------------------------------------------------
                                              2.948493   slack (MET)


Startpoint: u_sram (rising edge-triggered flip-flop clocked by clk)
Endpoint: q[3] (output port clocked by clk)
Path Group: clk
Path Type: min

Fanout         Cap        Slew       Delay        Time   Description
---------------------------------------------------------------------------------------------
                                  0.000000    0.000000   clock clk (rise edge)
                                  0.000000    0.000000   clock source latency
     4    0.065957    0.297279    0.159635    0.159635 ^ clk (in)
                                                         clk (net)
                      0.297365    0.000000    0.159635 ^ clkbuf_0_clk/I (gf180mcu_fd_sc_mcu7t5v0__clkbuf_16)
     1    0.025004    0.094807    0.270310    0.429946 ^ clkbuf_0_clk/Z (gf180mcu_fd_sc_mcu7t5v0__clkbuf_16)
                                                         clknet_0_clk (net)
                      0.094808    0.000666    0.430612 ^ clkbuf_1_0__f_clk/I (gf180mcu_fd_sc_mcu7t5v0__clkbuf_16)
     1    0.285678    0.326703    0.381927    0.812539 ^ clkbuf_1_0__f_clk/Z (gf180mcu_fd_sc_mcu7t5v0__clkbuf_16)
                                                         clknet_1_0__leaf_clk (net)
                      0.327556    0.009112    0.821651 ^ u_sram/CLK (gf180mcu_fd_ip_sram__sram64x8m8wm1)
     1    0.012014    0.508862   15.391225   16.212875 ^ u_sram/Q[3] (gf180mcu_fd_ip_sram__sram64x8m8wm1)
                                                         net5 (net)
                      0.508862    0.000306   16.213181 ^ output5/I (gf180mcu_fd_sc_mcu7t5v0__dlyb_1)
     1    0.073477    1.227984    1.545754   17.758934 ^ output5/Z (gf180mcu_fd_sc_mcu7t5v0__dlyb_1)
                                                         q[3] (net)
                      1.227984    0.001160   17.760094 ^ q[3] (out)
                                             17.760094   data arrival time

                                  0.000000    0.000000   clock clk (rise edge)
                                  0.000000    0.000000   clock network delay (propagated)
                                  0.250000    0.250000   clock uncertainty
                                  0.000000    0.250000   clock reconvergence pessimism
                                -10.000000   -9.750000   output external delay
                                             -9.750000   data required time
---------------------------------------------------------------------------------------------
                                             -9.750000   data required time
                                            -17.760094   data arrival time
---------------------------------------------------------------------------------------------
                                             27.510094   slack (MET)


Startpoint: u_sram (rising edge-triggered flip-flop clocked by clk)
Endpoint: q[1] (output port clocked by clk)
Path Group: clk
Path Type: min

Fanout         Cap        Slew       Delay        Time   Description
---------------------------------------------------------------------------------------------
                                  0.000000    0.000000   clock clk (rise edge)
                                  0.000000    0.000000   clock source latency
     4    0.065957    0.297279    0.159635    0.159635 ^ clk (in)
                                                         clk (net)
                      0.297365    0.000000    0.159635 ^ clkbuf_0_clk/I (gf180mcu_fd_sc_mcu7t5v0__clkbuf_16)
     1    0.025004    0.094807    0.270310    0.429946 ^ clkbuf_0_clk/Z (gf180mcu_fd_sc_mcu7t5v0__clkbuf_16)
                                                         clknet_0_clk (net)
                      0.094808    0.000666    0.430612 ^ clkbuf_1_0__f_clk/I (gf180mcu_fd_sc_mcu7t5v0__clkbuf_16)
     1    0.285678    0.326703    0.381927    0.812539 ^ clkbuf_1_0__f_clk/Z (gf180mcu_fd_sc_mcu7t5v0__clkbuf_16)
                                                         clknet_1_0__leaf_clk (net)
                      0.327556    0.009112    0.821651 ^ u_sram/CLK (gf180mcu_fd_ip_sram__sram64x8m8wm1)
     1    0.011734    0.507613   15.390173   16.211823 ^ u_sram/Q[1] (gf180mcu_fd_ip_sram__sram64x8m8wm1)
                                                         net3 (net)
                      0.507613    0.000291   16.212114 ^ output3/I (gf180mcu_fd_sc_mcu7t5v0__dlyb_1)
     1    0.073759    1.232480    1.548264   17.760378 ^ output3/Z (gf180mcu_fd_sc_mcu7t5v0__dlyb_1)
                                                         q[1] (net)
                      1.232484    0.001240   17.761618 ^ q[1] (out)
                                             17.761618   data arrival time

                                  0.000000    0.000000   clock clk (rise edge)
                                  0.000000    0.000000   clock network delay (propagated)
                                  0.250000    0.250000   clock uncertainty
                                  0.000000    0.250000   clock reconvergence pessimism
                                -10.000000   -9.750000   output external delay
                                             -9.750000   data required time
---------------------------------------------------------------------------------------------
                                             -9.750000   data required time
                                            -17.761618   data arrival time
---------------------------------------------------------------------------------------------
                                             27.511620   slack (MET)


Startpoint: u_sram (rising edge-triggered flip-flop clocked by clk)
Endpoint: q[0] (output port clocked by clk)
Path Group: clk
Path Type: min

Fanout         Cap        Slew       Delay        Time   Description
---------------------------------------------------------------------------------------------
                                  0.000000    0.000000   clock clk (rise edge)
                                  0.000000    0.000000   clock source latency
     4    0.065957    0.297279    0.159635    0.159635 ^ clk (in)
                                                         clk (net)
                      0.297365    0.000000    0.159635 ^ clkbuf_0_clk/I (gf180mcu_fd_sc_mcu7t5v0__clkbuf_16)
     1    0.025004    0.094807    0.270310    0.429946 ^ clkbuf_0_clk/Z (gf180mcu_fd_sc_mcu7t5v0__clkbuf_16)
                                                         clknet_0_clk (net)
                      0.094808    0.000666    0.430612 ^ clkbuf_1_0__f_clk/I (gf180mcu_fd_sc_mcu7t5v0__clkbuf_16)
     1    0.285678    0.326703    0.381927    0.812539 ^ clkbuf_1_0__f_clk/Z (gf180mcu_fd_sc_mcu7t5v0__clkbuf_16)
                                                         clknet_1_0__leaf_clk (net)
                      0.327556    0.009112    0.821651 ^ u_sram/CLK (gf180mcu_fd_ip_sram__sram64x8m8wm1)
     1    0.012026    0.508916   15.391271   16.212921 ^ u_sram/Q[0] (gf180mcu_fd_ip_sram__sram64x8m8wm1)
                                                         net2 (net)
                      0.508916    0.000306   16.213226 ^ output2/I (gf180mcu_fd_sc_mcu7t5v0__dlyb_1)
     1    0.073830    1.233608    1.548948   17.762175 ^ output2/Z (gf180mcu_fd_sc_mcu7t5v0__dlyb_1)
                                                         q[0] (net)
                      1.233612    0.001263   17.763437 ^ q[0] (out)
                                             17.763437   data arrival time

                                  0.000000    0.000000   clock clk (rise edge)
                                  0.000000    0.000000   clock network delay (propagated)
                                  0.250000    0.250000   clock uncertainty
                                  0.000000    0.250000   clock reconvergence pessimism
                                -10.000000   -9.750000   output external delay
                                             -9.750000   data required time
---------------------------------------------------------------------------------------------
                                             -9.750000   data required time
                                            -17.763437   data arrival time
---------------------------------------------------------------------------------------------
                                             27.513437   slack (MET)


Startpoint: u_sram (rising edge-triggered flip-flop clocked by clk)
Endpoint: q[2] (output port clocked by clk)
Path Group: clk
Path Type: min

Fanout         Cap        Slew       Delay        Time   Description
---------------------------------------------------------------------------------------------
                                  0.000000    0.000000   clock clk (rise edge)
                                  0.000000    0.000000   clock source latency
     4    0.065957    0.297279    0.159635    0.159635 ^ clk (in)
                                                         clk (net)
                      0.297365    0.000000    0.159635 ^ clkbuf_0_clk/I (gf180mcu_fd_sc_mcu7t5v0__clkbuf_16)
     1    0.025004    0.094807    0.270310    0.429946 ^ clkbuf_0_clk/Z (gf180mcu_fd_sc_mcu7t5v0__clkbuf_16)
                                                         clknet_0_clk (net)
                      0.094808    0.000666    0.430612 ^ clkbuf_1_0__f_clk/I (gf180mcu_fd_sc_mcu7t5v0__clkbuf_16)
     1    0.285678    0.326703    0.381927    0.812539 ^ clkbuf_1_0__f_clk/Z (gf180mcu_fd_sc_mcu7t5v0__clkbuf_16)
                                                         clknet_1_0__leaf_clk (net)
                      0.327556    0.009112    0.821651 ^ u_sram/CLK (gf180mcu_fd_ip_sram__sram64x8m8wm1)
     1    0.011332    0.505810   15.388659   16.210310 ^ u_sram/Q[2] (gf180mcu_fd_ip_sram__sram64x8m8wm1)
                                                         net4 (net)
                      0.505810    0.000277   16.210587 ^ output4/I (gf180mcu_fd_sc_mcu7t5v0__dlyb_1)
     1    0.074312    1.241525    1.553730   17.764317 ^ output4/Z (gf180mcu_fd_sc_mcu7t5v0__dlyb_1)
                                                         q[2] (net)
                      1.241525    0.000728   17.765045 ^ q[2] (out)
                                             17.765045   data arrival time

                                  0.000000    0.000000   clock clk (rise edge)
                                  0.000000    0.000000   clock network delay (propagated)
                                  0.250000    0.250000   clock uncertainty
                                  0.000000    0.250000   clock reconvergence pessimism
                                -10.000000   -9.750000   output external delay
                                             -9.750000   data required time
---------------------------------------------------------------------------------------------
                                             -9.750000   data required time
                                            -17.765045   data arrival time
---------------------------------------------------------------------------------------------
                                             27.515045   slack (MET)



