109. Printing statistics.

=== standalone_result_serializer ===

        +----------Local Count, excluding submodules.
        |        +-Local Area, excluding submodules.
        |        | 
      318        - wires
      440        - wire bits
       22        - public wires
      141        - public wire bits
       21        - ports
      137        - port bits
      315  522.458 cells
      157        -   $_ANDNOT_
        3        -   $_AND_
        4        -   $_MUX_
       14        -   $_NAND_
        2        -   $_NOT_
       13        -   $_ORNOT_
      110        -   $_OR_
        5        -   $_XOR_
        7  522.458   gf180mcu_fd_sc_mcu7t5v0__dffrnq_1

   Area for cell type $_ANDNOT_ is unknown!
   Area for cell type $_AND_ is unknown!
   Area for cell type $_MUX_ is unknown!
   Area for cell type $_NAND_ is unknown!
   Area for cell type $_NOT_ is unknown!
   Area for cell type $_ORNOT_ is unknown!
   Area for cell type $_OR_ is unknown!
   Area for cell type $_XOR_ is unknown!

   Chip area for module '\standalone_result_serializer': 522.457600
     of which used for sequential elements: 522.457600 (100.00%)

