
===========================================================================
report_checks -unconstrained
===========================================================================
======================= nom_ff_n40C_5v50 Corner ===================================

Startpoint: _19688_ (rising edge-triggered flip-flop clocked by core_clk)
Endpoint: u_transform_scheduler_core.u_fft_scratch_sram.u_lo.u_sram
          (rising edge-triggered flip-flop clocked by core_clk)
Path Group: core_clk
Path Type: max

Fanout         Cap        Slew       Delay        Time   Description
---------------------------------------------------------------------------------------------
                                  0.000000    0.000000   clock core_clk (rise edge)
                                  0.000000    0.000000   clock source latency
     2    0.197379    0.000000    0.000000    0.000000 ^ clk (in)
                                                         clk (net)
                      0.067540    0.027626    0.027626 ^ clkbuf_regs_0_core_clk/I (gf180mcu_fd_sc_mcu9t5v0__clkbuf_16)
     1    0.049019    0.051913    0.116665    0.144291 ^ clkbuf_regs_0_core_clk/Z (gf180mcu_fd_sc_mcu9t5v0__clkbuf_16)
                                                         clk_regs (net)
                      0.051929    0.001530    0.145821 ^ clkbuf_0_clk_regs/I (gf180mcu_fd_sc_mcu9t5v0__clkbuf_16)
     4    0.241486    0.124293    0.157654    0.303475 ^ clkbuf_0_clk_regs/Z (gf180mcu_fd_sc_mcu9t5v0__clkbuf_16)
                                                         clknet_0_clk_regs (net)
                      0.127841    0.012114    0.315589 ^ clkbuf_2_3_0_clk_regs/I (gf180mcu_fd_sc_mcu9t5v0__clkbuf_8)
     2    0.140120    0.144016    0.186847    0.502437 ^ clkbuf_2_3_0_clk_regs/Z (gf180mcu_fd_sc_mcu9t5v0__clkbuf_8)
                                                         clknet_2_3_0_clk_regs (net)
                      0.144706    0.006032    0.508469 ^ clkbuf_3_7__f_clk_regs/I (gf180mcu_fd_sc_mcu9t5v0__clkbuf_16)
    13    0.492218    0.232145    0.235854    0.744323 ^ clkbuf_3_7__f_clk_regs/Z (gf180mcu_fd_sc_mcu9t5v0__clkbuf_16)
                                                         clknet_3_7__leaf_clk_regs (net)
                      0.235396    0.014427    0.758750 ^ clkbuf_leaf_40_clk_regs/I (gf180mcu_fd_sc_mcu9t5v0__clkbuf_8)
    23    0.174950    0.175837    0.226904    0.985654 ^ clkbuf_leaf_40_clk_regs/Z (gf180mcu_fd_sc_mcu9t5v0__clkbuf_8)
                                                         clknet_leaf_40_clk_regs (net)
                      0.175954    0.002284    0.987938 ^ _19688_/CLK (gf180mcu_fd_sc_mcu9t5v0__dffrnq_1)
    26    0.454313    3.243374    2.242718    3.230656 ^ _19688_/Q (gf180mcu_fd_sc_mcu9t5v0__dffrnq_1)
                                                         u_transform_scheduler_core.tx_mapper_source_addr[3] (net)
                      3.251447    0.092735    3.323391 ^ _09198_/I (gf180mcu_fd_sc_mcu9t5v0__clkinv_1)
    20    0.496902    3.569798    2.904642    6.228033 v _09198_/ZN (gf180mcu_fd_sc_mcu9t5v0__clkinv_1)
                                                         _04017_ (net)
                      3.569872    0.009620    6.237653 v _10088_/A1 (gf180mcu_fd_sc_mcu9t5v0__nand2_1)
    13    0.342209    2.857911    2.661510    8.899162 ^ _10088_/ZN (gf180mcu_fd_sc_mcu9t5v0__nand2_1)
                                                         _04836_ (net)
                      2.858839    0.028304    8.927466 ^ _10255_/C (gf180mcu_fd_sc_mcu9t5v0__aoi221_1)
     1    0.010125    0.826149    0.205658    9.133123 v _10255_/ZN (gf180mcu_fd_sc_mcu9t5v0__aoi221_1)
                                                         _04998_ (net)
                      0.826149    0.000142    9.133265 v _10256_/B2 (gf180mcu_fd_sc_mcu9t5v0__aoi22_1)
     1    0.015919    0.442866    0.414089    9.547356 ^ _10256_/ZN (gf180mcu_fd_sc_mcu9t5v0__aoi22_1)
                                                         _04999_ (net)
                      0.442866    0.000483    9.547838 ^ _10257_/B (gf180mcu_fd_sc_mcu9t5v0__oai21_1)
     1    0.043386    0.699707    0.252374    9.800213 v _10257_/ZN (gf180mcu_fd_sc_mcu9t5v0__oai21_1)
                                                         _05000_ (net)
                      0.699710    0.002296    9.802508 v _10259_/A2 (gf180mcu_fd_sc_mcu9t5v0__aoi211_1)
     1    0.006768    0.353113    0.389166   10.191674 ^ _10259_/ZN (gf180mcu_fd_sc_mcu9t5v0__aoi211_1)
                                                         _05002_ (net)
                      0.353113    0.000134   10.191809 ^ _10260_/C (gf180mcu_fd_sc_mcu9t5v0__aoi211_1)
     1    0.035326    0.758935    0.298362   10.490170 v _10260_/ZN (gf180mcu_fd_sc_mcu9t5v0__aoi211_1)
                                                         _05003_ (net)
                      0.758937    0.001848   10.492019 v _10262_/B1 (gf180mcu_fd_sc_mcu9t5v0__oai221_1)
     1    0.020985    0.668211    0.524258   11.016277 ^ _10262_/ZN (gf180mcu_fd_sc_mcu9t5v0__oai221_1)
                                                         _05005_ (net)
                      0.668211    0.000840   11.017118 ^ _10263_/B (gf180mcu_fd_sc_mcu9t5v0__oai21_1)
     1    0.008072    0.221611    0.105276   11.122393 v _10263_/ZN (gf180mcu_fd_sc_mcu9t5v0__oai21_1)
                                                         _05006_ (net)
                      0.221611    0.000176   11.122569 v _10264_/A2 (gf180mcu_fd_sc_mcu9t5v0__nor2_1)
     1    0.008856    0.253645    0.153988   11.276557 ^ _10264_/ZN (gf180mcu_fd_sc_mcu9t5v0__nor2_1)
                                                         _05007_ (net)
                      0.253645    0.000194   11.276751 ^ _10265_/B1 (gf180mcu_fd_sc_mcu9t5v0__aoi221_1)
     1    0.065664    0.565170    0.394564   11.671315 v _10265_/ZN (gf180mcu_fd_sc_mcu9t5v0__aoi221_1)
                                                         _05008_ (net)
                      0.565185    0.004465   11.675779 v _10270_/A1 (gf180mcu_fd_sc_mcu9t5v0__nor2_1)
     1    0.047571    0.665225    0.525835   12.201614 ^ _10270_/ZN (gf180mcu_fd_sc_mcu9t5v0__nor2_1)
                                                         u_transform_scheduler_core.u_fft_scratch_sram.macro_wdata[5] (net)
                      0.665234    0.003768   12.205382 ^ u_transform_scheduler_core.u_fft_scratch_sram.u_lo.g_pin_drive[5].u_data_driver/I (gf180mcu_fd_sc_mcu9t5v0__buf_4)
     1    0.018187    0.070341    0.138847   12.344229 ^ u_transform_scheduler_core.u_fft_scratch_sram.u_lo.g_pin_drive[5].u_data_driver/Z (gf180mcu_fd_sc_mcu9t5v0__buf_4)
                                                         u_transform_scheduler_core.u_fft_scratch_sram.u_lo.macro_wdata[5] (net)
                      0.070341    0.000368   12.344597 ^ u_transform_scheduler_core.u_fft_scratch_sram.u_lo.u_sram/D[5] (gf180mcu_fd_ip_sram__sram256x8m8wm1)
                                             12.344597   data arrival time

                                 20.000000   20.000000   clock core_clk (rise edge)
                                  0.000000   20.000000   clock source latency
     2    0.197379    0.000000    0.000000   20.000000 ^ clk (in)
                                                         clk (net)
                      0.012092    0.004945   20.004946 ^ delaybuf_0_core_clk/I (gf180mcu_fd_sc_mcu9t5v0__clkbuf_16)
     1    0.051692    0.053093    0.107200   20.112144 ^ delaybuf_0_core_clk/Z (gf180mcu_fd_sc_mcu9t5v0__clkbuf_16)
                                                         delaynet_0_core_clk (net)
                      0.053122    0.002062   20.114208 ^ delaybuf_1_core_clk/I (gf180mcu_fd_sc_mcu9t5v0__clkbuf_16)
     1    0.083819    0.064473    0.120021   20.234228 ^ delaybuf_1_core_clk/Z (gf180mcu_fd_sc_mcu9t5v0__clkbuf_16)
                                                         delaynet_1_core_clk (net)
                      0.065932    0.010761   20.244989 ^ delaybuf_2_core_clk/I (gf180mcu_fd_sc_mcu9t5v0__clkbuf_16)
     1    0.053728    0.053719    0.117376   20.362366 ^ delaybuf_2_core_clk/Z (gf180mcu_fd_sc_mcu9t5v0__clkbuf_16)
                                                         delaynet_2_core_clk (net)
                      0.053754    0.002199   20.364565 ^ delaybuf_3_core_clk/I (gf180mcu_fd_sc_mcu9t5v0__clkbuf_16)
     1    0.052135    0.053129    0.114468   20.479034 ^ delaybuf_3_core_clk/Z (gf180mcu_fd_sc_mcu9t5v0__clkbuf_16)
                                                         delaynet_3_core_clk (net)
                      0.053157    0.001991   20.481026 ^ clkbuf_0_clk/I (gf180mcu_fd_sc_mcu9t5v0__clkbuf_16)
     2    0.119115    0.078933    0.131550   20.612576 ^ clkbuf_0_clk/Z (gf180mcu_fd_sc_mcu9t5v0__clkbuf_16)
                                                         clknet_0_clk (net)
                      0.079030    0.003878   20.616453 ^ clkbuf_1_0__f_clk/I (gf180mcu_fd_sc_mcu9t5v0__clkbuf_16)
     1    0.306276    0.149458    0.174683   20.791136 ^ clkbuf_1_0__f_clk/Z (gf180mcu_fd_sc_mcu9t5v0__clkbuf_16)
                                                         clknet_1_0__leaf_clk (net)
                      0.157298    0.018622   20.809757 ^ u_transform_scheduler_core.u_fft_scratch_sram.u_lo.u_sram/CLK (gf180mcu_fd_ip_sram__sram256x8m8wm1)
                                  0.000000   20.809757   clock reconvergence pessimism
                                 -0.355977   20.453781   library setup time
                                             20.453781   data required time
---------------------------------------------------------------------------------------------
                                             20.453781   data required time
                                            -12.344597   data arrival time
---------------------------------------------------------------------------------------------
                                              8.109184   slack (MET)




===========================================================================
report_checks --slack_max -0.01
============================================================================
======================= nom_ff_n40C_5v50 Corner ===================================

No paths found.


===========================================================================
 report_check_types -max_slew -max_cap -max_fanout -violators
============================================================================
======================= nom_ff_n40C_5v50 Corner ===================================

max slew

Pin                                        Limit        Slew       Slack
------------------------------------------------------------------------
_17001_/C                               2.800000    3.572263   -0.772263 (VIOLATED)
_10252_/C                               2.800000    3.572197   -0.772197 (VIOLATED)
_10228_/C                               2.800000    3.572179   -0.772179 (VIOLATED)
_10412_/A1                              2.800000    3.572098   -0.772098 (VIOLATED)
_16976_/C                               2.800000    3.572091   -0.772092 (VIOLATED)
_10198_/C                               2.800000    3.572083   -0.772083 (VIOLATED)
_10411_/C                               2.800000    3.572053   -0.772053 (VIOLATED)
_17153_/C                               2.800000    3.571815   -0.771815 (VIOLATED)
_17082_/C                               2.800000    3.571767   -0.771767 (VIOLATED)
_10354_/C                               2.800000    3.571661   -0.771661 (VIOLATED)
_10340_/A1                              2.800000    3.571423   -0.771423 (VIOLATED)
_10339_/C                               2.800000    3.571411   -0.771411 (VIOLATED)
_10501_/C                               2.800000    3.571079   -0.771079 (VIOLATED)
_17175_/C                               2.800000    3.571044   -0.771045 (VIOLATED)
_17232_/C                               2.800000    3.570274   -0.770274 (VIOLATED)
_17215_/C                               2.800000    3.570094   -0.770094 (VIOLATED)
_15420_/I0                              2.800000    3.570048   -0.770048 (VIOLATED)
_10103_/A1                              2.800000    3.569952   -0.769952 (VIOLATED)
_17273_/C                               2.800000    3.569952   -0.769952 (VIOLATED)
_10088_/A1                              2.800000    3.569872   -0.769872 (VIOLATED)
_09198_/ZN                              2.800000    3.569798   -0.769798 (VIOLATED)
_11452_/C                               2.800000    3.474129   -0.674129 (VIOLATED)
_11457_/A1                              2.800000    3.474084   -0.674084 (VIOLATED)
_11123_/C                               2.800000    3.474055   -0.674055 (VIOLATED)
_11473_/A1                              2.800000    3.474041   -0.674041 (VIOLATED)
_11468_/C                               2.800000    3.474036   -0.674037 (VIOLATED)
_11055_/C                               2.800000    3.473947   -0.673947 (VIOLATED)
_11280_/C                               2.800000    3.473851   -0.673851 (VIOLATED)
_11128_/A1                              2.800000    3.473737   -0.673737 (VIOLATED)
_11346_/C                               2.800000    3.472888   -0.672888 (VIOLATED)
_11330_/C                               2.800000    3.472604   -0.672604 (VIOLATED)
_11088_/C                               2.800000    3.472186   -0.672186 (VIOLATED)
_10997_/ZN                              2.800000    3.472031   -0.672031 (VIOLATED)
_11266_/A1                              2.800000    3.472031   -0.672031 (VIOLATED)
_10387_/C1                              2.800000    3.424412   -0.624413 (VIOLATED)
_10482_/C2                              2.800000    3.424407   -0.624407 (VIOLATED)
_17200_/B2                              2.800000    3.424391   -0.624391 (VIOLATED)
_10177_/B2                              2.800000    3.424319   -0.624319 (VIOLATED)
_17262_/A1                              2.800000    3.424303   -0.624303 (VIOLATED)
_17027_/C2                              2.800000    3.424276   -0.624276 (VIOLATED)
_10147_/B2                              2.800000    3.424273   -0.624273 (VIOLATED)
_17134_/B2                              2.800000    3.424260   -0.624260 (VIOLATED)
_10108_/B1                              2.800000    3.424248   -0.624248 (VIOLATED)
_10284_/A1                              2.800000    3.424215   -0.624215 (VIOLATED)
_10115_/A2                              2.800000    3.424211   -0.624211 (VIOLATED)
_10102_/ZN                              2.800000    3.424189   -0.624189 (VIOLATED)
_10313_/C1                              2.800000    3.424189   -0.624189 (VIOLATED)
_17416_/I0                              2.800000    3.334607   -0.534607 (VIOLATED)
_17424_/I0                              2.800000    3.334606   -0.534606 (VIOLATED)
_17471_/I0                              2.800000    3.334509   -0.534509 (VIOLATED)
_17575_/I0                              2.800000    3.334463   -0.534463 (VIOLATED)
_17484_/I0                              2.800000    3.334113   -0.534113 (VIOLATED)
_17620_/B2                              2.800000    3.334030   -0.534031 (VIOLATED)
_16479_/I1                              2.800000    3.333903   -0.533903 (VIOLATED)
_17693_/I0                              2.800000    3.333700   -0.533700 (VIOLATED)
_17408_/I0                              2.800000    3.332637   -0.532637 (VIOLATED)
_15730_/I0                              2.800000    3.331828   -0.531828 (VIOLATED)
_15763_/I0                              2.800000    3.331820   -0.531821 (VIOLATED)
_15722_/I0                              2.800000    3.331665   -0.531665 (VIOLATED)
_17504_/I0                              2.800000    3.331415   -0.531415 (VIOLATED)
_09626_/A2                              2.800000    3.330501   -0.530501 (VIOLATED)
_16969_/A1                              2.800000    3.329587   -0.529587 (VIOLATED)
_15484_/I1                              2.800000    3.329072   -0.529072 (VIOLATED)
_17496_/I0                              2.800000    3.328876   -0.528877 (VIOLATED)
_17512_/A2                              2.800000    3.327811   -0.527811 (VIOLATED)
_17317_/I0                              2.800000    3.325768   -0.525768 (VIOLATED)
_09576_/A2                              2.800000    3.325520   -0.525520 (VIOLATED)
_08995_/I                               2.800000    3.324901   -0.524901 (VIOLATED)
_09543_/A2                              2.800000    3.324895   -0.524895 (VIOLATED)
_09560_/A1                              2.800000    3.324457   -0.524457 (VIOLATED)
_09561_/A1                              2.800000    3.324103   -0.524103 (VIOLATED)
_15693_/A1                              2.800000    3.323680   -0.523680 (VIOLATED)
_15771_/I0                              2.800000    3.323642   -0.523642 (VIOLATED)
input1/Z                                2.800000    3.323521   -0.523521 (VIOLATED)
_15772_/I0                              2.800000    3.322874   -0.522874 (VIOLATED)
_09547_/A1                              2.800000    3.321239   -0.521239 (VIOLATED)
_09642_/A2                              2.800000    3.320717   -0.520717 (VIOLATED)
_09546_/A1                              2.800000    3.320706   -0.520706 (VIOLATED)
_09641_/A2                              2.800000    3.320366   -0.520366 (VIOLATED)
_09576_/A1                              2.800000    3.319911   -0.519912 (VIOLATED)
_08994_/I                               2.800000    3.319906   -0.519907 (VIOLATED)
_09643_/A2                              2.800000    3.319765   -0.519765 (VIOLATED)
_17485_/I0                              2.800000    3.319510   -0.519510 (VIOLATED)
_16484_/I1                              2.800000    3.319450   -0.519450 (VIOLATED)
_17694_/I0                              2.800000    3.319442   -0.519442 (VIOLATED)
_17425_/A2                              2.800000    3.319251   -0.519251 (VIOLATED)
_17417_/I0                              2.800000    3.319134   -0.519135 (VIOLATED)
_15731_/I0                              2.800000    3.319056   -0.519056 (VIOLATED)
_15764_/I0                              2.800000    3.319051   -0.519051 (VIOLATED)
_15723_/I0                              2.800000    3.318959   -0.518959 (VIOLATED)
_17409_/I0                              2.800000    3.318172   -0.518172 (VIOLATED)
_17505_/I0                              2.800000    3.318142   -0.518143 (VIOLATED)
_09626_/A1                              2.800000    3.317990   -0.517990 (VIOLATED)
_15485_/I1                              2.800000    3.317287   -0.517287 (VIOLATED)
_16990_/A1                              2.800000    3.317279   -0.517280 (VIOLATED)
_17497_/I0                              2.800000    3.317276   -0.517276 (VIOLATED)
input2/Z                                2.800000    3.315926   -0.515926 (VIOLATED)
_17200_/A1                              2.800000    3.253192   -0.453192 (VIOLATED)
_10482_/A1                              2.800000    3.253141   -0.453141 (VIOLATED)
_10387_/A1                              2.800000    3.252980   -0.452980 (VIOLATED)
_10434_/C                               2.800000    3.252076   -0.452076 (VIOLATED)
_10284_/C1                              2.800000    3.251727   -0.451727 (VIOLATED)
_17262_/C1                              2.800000    3.251552   -0.451552 (VIOLATED)
_09198_/I                               2.800000    3.251447   -0.451447 (VIOLATED)
_17134_/C2                              2.800000    3.251440   -0.451440 (VIOLATED)
_17301_/B                               2.800000    3.251140   -0.451140 (VIOLATED)
_10453_/C                               2.800000    3.251116   -0.451116 (VIOLATED)
_10087_/A1                              2.800000    3.251086   -0.451086 (VIOLATED)
_10458_/A1                              2.800000    3.250964   -0.450965 (VIOLATED)
_17299_/B                               2.800000    3.250761   -0.450761 (VIOLATED)
_10313_/A1                              2.800000    3.249860   -0.449860 (VIOLATED)
_10102_/A1                              2.800000    3.249122   -0.449123 (VIOLATED)
_17070_/A1                              2.800000    3.248301   -0.448301 (VIOLATED)
_17111_/B2                              2.800000    3.247355   -0.447355 (VIOLATED)
_10177_/A1                              2.800000    3.247147   -0.447147 (VIOLATED)
_10108_/A1                              2.800000    3.246967   -0.446967 (VIOLATED)
_17027_/A1                              2.800000    3.246629   -0.446629 (VIOLATED)
_10147_/C2                              2.800000    3.245668   -0.445669 (VIOLATED)
_17046_/C                               2.800000    3.244617   -0.444618 (VIOLATED)
_17048_/A1                              2.800000    3.244510   -0.444510 (VIOLATED)
_10078_/A1                              2.800000    3.243992   -0.443992 (VIOLATED)
_10549_/A1                              2.800000    3.243454   -0.443455 (VIOLATED)
_10572_/A1                              2.800000    3.243395   -0.443395 (VIOLATED)
_19688_/Q                               2.800000    3.243374   -0.443374 (VIOLATED)
_15626_/A2                              2.800000    3.229007   -0.429007 (VIOLATED)
_15628_/C                               2.800000    3.228987   -0.428988 (VIOLATED)
_15619_/A1                              2.800000    3.228972   -0.428972 (VIOLATED)
_15622_/A1                              2.800000    3.228951   -0.428951 (VIOLATED)
_15602_/A1                              2.800000    3.228916   -0.428916 (VIOLATED)
_15600_/A1                              2.800000    3.228907   -0.428907 (VIOLATED)
_15604_/B                               2.800000    3.228907   -0.428908 (VIOLATED)
_15597_/A2                              2.800000    3.228887   -0.428887 (VIOLATED)
_15582_/A2                              2.800000    3.228846   -0.428846 (VIOLATED)
_15590_/A1                              2.800000    3.228840   -0.428840 (VIOLATED)
_15550_/A2                              2.800000    3.228404   -0.428404 (VIOLATED)
_15555_/A1                              2.800000    3.228043   -0.428043 (VIOLATED)
_15551_/A2                              2.800000    3.228040   -0.428040 (VIOLATED)
_15549_/B                               2.800000    3.228037   -0.428037 (VIOLATED)
_15577_/C                               2.800000    3.228029   -0.428029 (VIOLATED)
_15547_/ZN                              2.800000    3.227999   -0.428000 (VIOLATED)
_15773_/I0                              2.800000    3.139430   -0.339430 (VIOLATED)
_16489_/I1                              2.800000    3.138394   -0.338394 (VIOLATED)
_17695_/I0                              2.800000    3.138391   -0.338391 (VIOLATED)
_17486_/I0                              2.800000    3.138366   -0.338366 (VIOLATED)
_17431_/A2                              2.800000    3.138154   -0.338154 (VIOLATED)
_09544_/A2                              2.800000    3.138027   -0.338027 (VIOLATED)
_09642_/A1                              2.800000    3.138001   -0.338001 (VIOLATED)
_09578_/A2                              2.800000    3.137975   -0.337975 (VIOLATED)
_15732_/I0                              2.800000    3.137946   -0.337946 (VIOLATED)
_15765_/I0                              2.800000    3.137926   -0.337926 (VIOLATED)
_09641_/A1                              2.800000    3.137879   -0.337880 (VIOLATED)
_08993_/I                               2.800000    3.137819   -0.337819 (VIOLATED)
_15724_/I0                              2.800000    3.137675   -0.337675 (VIOLATED)
_09643_/A1                              2.800000    3.137544   -0.337544 (VIOLATED)
_17410_/I0                              2.800000    3.137130   -0.337130 (VIOLATED)
_17506_/I0                              2.800000    3.137118   -0.337118 (VIOLATED)
_17418_/I0                              2.800000    3.137074   -0.337074 (VIOLATED)
_17429_/A1                              2.800000    3.136866   -0.336866 (VIOLATED)
_15486_/I1                              2.800000    3.136323   -0.336324 (VIOLATED)
_17498_/I0                              2.800000    3.136058   -0.336058 (VIOLATED)
input3/Z                                2.800000    3.134742   -0.334742 (VIOLATED)
_11931_/A1                              2.800000    3.001494   -0.201494 (VIOLATED)
_11947_/A1                              2.800000    3.001491   -0.201491 (VIOLATED)
_12219_/A1                              2.800000    3.001319   -0.201319 (VIOLATED)
_12198_/B                               2.800000    3.001317   -0.201317 (VIOLATED)
_12261_/A1                              2.800000    3.001287   -0.201287 (VIOLATED)
_11863_/A1                              2.800000    3.000927   -0.200927 (VIOLATED)
_12133_/A1                              2.800000    3.000890   -0.200891 (VIOLATED)
_11816_/A1                              2.800000    2.999662   -0.199662 (VIOLATED)
_12117_/A1                              2.800000    2.999147   -0.199148 (VIOLATED)
_12115_/B                               2.800000    2.999039   -0.199039 (VIOLATED)
_12070_/A1                              2.800000    2.998780   -0.198780 (VIOLATED)
_12059_/B                               2.800000    2.998750   -0.198751 (VIOLATED)
_12052_/A1                              2.800000    2.998426   -0.198426 (VIOLATED)
_11731_/A1                              2.800000    2.998175   -0.198175 (VIOLATED)
_11009_/B1                              2.800000    2.997386   -0.197386 (VIOLATED)
_11250_/C                               2.800000    2.997365   -0.197365 (VIOLATED)
_11266_/B                               2.800000    2.997239   -0.197239 (VIOLATED)
_11634_/B1                              2.800000    2.996989   -0.196990 (VIOLATED)
_11983_/B1                              2.800000    2.996729   -0.196729 (VIOLATED)
_11968_/B1                              2.800000    2.996547   -0.196547 (VIOLATED)
_09613_/A1                              2.800000    2.995273   -0.195273 (VIOLATED)
_09326_/A2                              2.800000    2.995242   -0.195242 (VIOLATED)
_12621_/B1                              2.800000    2.995238   -0.195238 (VIOLATED)
_09323_/Z                               2.800000    2.995214   -0.195214 (VIOLATED)
_15777_/I0                              2.800000    2.887599   -0.087600 (VIOLATED)
_15736_/I0                              2.800000    2.887245   -0.087245 (VIOLATED)
_15769_/I0                              2.800000    2.887019   -0.087019 (VIOLATED)
_15728_/I0                              2.800000    2.886637   -0.086637 (VIOLATED)
_17510_/I0                              2.800000    2.886137   -0.086137 (VIOLATED)
_08989_/I                               2.800000    2.885876   -0.085876 (VIOLATED)
_17490_/I0                              2.800000    2.885804   -0.085804 (VIOLATED)
_17456_/A2                              2.800000    2.885788   -0.085788 (VIOLATED)
_17452_/A1                              2.800000    2.885767   -0.085767 (VIOLATED)
_17453_/A1                              2.800000    2.885758   -0.085758 (VIOLATED)
_16509_/I1                              2.800000    2.885631   -0.085631 (VIOLATED)
_17699_/I0                              2.800000    2.885607   -0.085607 (VIOLATED)
_17422_/I0                              2.800000    2.885480   -0.085480 (VIOLATED)
_15490_/I1                              2.800000    2.885427   -0.085427 (VIOLATED)
_17414_/I0                              2.800000    2.885287   -0.085287 (VIOLATED)
_17100_/A1                              2.800000    2.885213   -0.085213 (VIOLATED)
_17502_/I0                              2.800000    2.884990   -0.084991 (VIOLATED)
input7/Z                                2.800000    2.884557   -0.084557 (VIOLATED)
_11314_/A1                              2.800000    2.862949   -0.062949 (VIOLATED)
_11316_/C                               2.800000    2.862920   -0.062920 (VIOLATED)
_11008_/A1                              2.800000    2.862748   -0.062748 (VIOLATED)
_11007_/B                               2.800000    2.862726   -0.062726 (VIOLATED)
_11297_/A1                              2.800000    2.862593   -0.062593 (VIOLATED)
_11021_/A1                              2.800000    2.862587   -0.062587 (VIOLATED)
_11023_/C                               2.800000    2.862380   -0.062380 (VIOLATED)
_11282_/C                               2.800000    2.862226   -0.062226 (VIOLATED)
_11216_/C                               2.800000    2.862033   -0.062033 (VIOLATED)
_11217_/A1                              2.800000    2.862032   -0.062032 (VIOLATED)
_11057_/C                               2.800000    2.862012   -0.062013 (VIOLATED)
_11229_/B                               2.800000    2.862009   -0.062009 (VIOLATED)
_11230_/A1                              2.800000    2.861994   -0.061994 (VIOLATED)
_11167_/A1                              2.800000    2.861958   -0.061958 (VIOLATED)
_11166_/B                               2.800000    2.861951   -0.061951 (VIOLATED)
_11153_/B                               2.800000    2.861901   -0.061901 (VIOLATED)
_11154_/A1                              2.800000    2.861892   -0.061892 (VIOLATED)
_11299_/C                               2.800000    2.861889   -0.061889 (VIOLATED)
_11377_/A1                              2.800000    2.861820   -0.061821 (VIOLATED)
_11376_/C                               2.800000    2.861816   -0.061817 (VIOLATED)
_11180_/A1                              2.800000    2.861711   -0.061711 (VIOLATED)
_11179_/B                               2.800000    2.861687   -0.061687 (VIOLATED)
_11038_/A1                              2.800000    2.861580   -0.061581 (VIOLATED)
_11041_/B                               2.800000    2.861573   -0.061573 (VIOLATED)
max_cap114/I                            2.800000    2.861536   -0.061536 (VIOLATED)
_11247_/A1                              2.800000    2.861500   -0.061500 (VIOLATED)
_11250_/A1                              2.800000    2.861473   -0.061473 (VIOLATED)
_11090_/C                               2.800000    2.861429   -0.061430 (VIOLATED)
_11265_/C                               2.800000    2.861253   -0.061253 (VIOLATED)
_10998_/ZN                              2.800000    2.861156   -0.061156 (VIOLATED)
_16993_/C                               2.800000    2.859856   -0.059856 (VIOLATED)
_16972_/C                               2.800000    2.859708   -0.059708 (VIOLATED)
_10195_/C                               2.800000    2.859672   -0.059672 (VIOLATED)
_17089_/C                               2.800000    2.859291   -0.059291 (VIOLATED)
_10255_/C                               2.800000    2.858839   -0.058839 (VIOLATED)
_17156_/C                               2.800000    2.858782   -0.058783 (VIOLATED)
_10497_/C                               2.800000    2.858774   -0.058774 (VIOLATED)
_17239_/C                               2.800000    2.858749   -0.058749 (VIOLATED)
_10358_/C                               2.800000    2.858705   -0.058705 (VIOLATED)
_17172_/C                               2.800000    2.858688   -0.058688 (VIOLATED)
_10426_/C                               2.800000    2.858223   -0.058223 (VIOLATED)
_17212_/C                               2.800000    2.857934   -0.057934 (VIOLATED)
_17277_/C                               2.800000    2.857928   -0.057928 (VIOLATED)
_10088_/ZN                              2.800000    2.857911   -0.057911 (VIOLATED)
_10341_/B                               2.800000    2.854576   -0.054576 (VIOLATED)
_10413_/B                               2.800000    2.854522   -0.054522 (VIOLATED)
_10508_/B                               2.800000    2.854511   -0.054511 (VIOLATED)
_10436_/B                               2.800000    2.854387   -0.054387 (VIOLATED)
_10437_/A2                              2.800000    2.854306   -0.054306 (VIOLATED)
_10364_/B                               2.800000    2.854256   -0.054256 (VIOLATED)
_10116_/A2                              2.800000    2.853939   -0.053940 (VIOLATED)
max_cap154/I                            2.800000    2.853828   -0.053828 (VIOLATED)
_10180_/A2                              2.800000    2.853668   -0.053669 (VIOLATED)
_17006_/A2                              2.800000    2.853589   -0.053589 (VIOLATED)
_17051_/A2                              2.800000    2.853568   -0.053568 (VIOLATED)
_10150_/A2                              2.800000    2.853519   -0.053520 (VIOLATED)
_10206_/A2                              2.800000    2.853490   -0.053490 (VIOLATED)
_10111_/ZN                              2.800000    2.853480   -0.053481 (VIOLATED)
_16983_/A2                              2.800000    2.853480   -0.053481 (VIOLATED)
_12524_/A2                              2.800000    2.842056   -0.042056 (VIOLATED)
_12508_/A2                              2.800000    2.842012   -0.042012 (VIOLATED)
_12405_/A2                              2.800000    2.841952   -0.041952 (VIOLATED)
_12413_/A2                              2.800000    2.841872   -0.041872 (VIOLATED)
_12373_/A2                              2.800000    2.841697   -0.041698 (VIOLATED)
_12365_/A2                              2.800000    2.841595   -0.041595 (VIOLATED)
_12492_/A2                              2.800000    2.841472   -0.041472 (VIOLATED)
_12381_/A2                              2.800000    2.841297   -0.041297 (VIOLATED)
_12330_/A2                              2.800000    2.841100   -0.041100 (VIOLATED)
max_cap150/I                            2.800000    2.841082   -0.041082 (VIOLATED)
_12433_/A2                              2.800000    2.840900   -0.040901 (VIOLATED)
max_cap151/I                            2.800000    2.840854   -0.040854 (VIOLATED)
_10993_/A2                              2.800000    2.840850   -0.040850 (VIOLATED)
_10985_/ZN                              2.800000    2.840836   -0.040836 (VIOLATED)
_10994_/I1                              2.800000    2.840836   -0.040836 (VIOLATED)
_15776_/I0                              2.800000    2.822860   -0.022860 (VIOLATED)
_15735_/I0                              2.800000    2.822401   -0.022401 (VIOLATED)
_15768_/I0                              2.800000    2.822096   -0.022097 (VIOLATED)
_15727_/I0                              2.800000    2.821724   -0.021724 (VIOLATED)
_17509_/I0                              2.800000    2.821292   -0.021292 (VIOLATED)
_09542_/A3                              2.800000    2.820811   -0.020811 (VIOLATED)
_08990_/I                               2.800000    2.820688   -0.020688 (VIOLATED)
_15489_/I1                              2.800000    2.820429   -0.020429 (VIOLATED)
_17489_/I0                              2.800000    2.820135   -0.020135 (VIOLATED)
_17447_/A1                              2.800000    2.820123   -0.020123 (VIOLATED)
_17446_/A1                              2.800000    2.820111   -0.020111 (VIOLATED)
_17449_/A2                              2.800000    2.820099   -0.020099 (VIOLATED)
_17413_/I0                              2.800000    2.820091   -0.020092 (VIOLATED)
_17501_/I0                              2.800000    2.820047   -0.020047 (VIOLATED)
_17080_/A1                              2.800000    2.819951   -0.019951 (VIOLATED)
_17421_/I0                              2.800000    2.819803   -0.019803 (VIOLATED)
_16504_/I1                              2.800000    2.819765   -0.019765 (VIOLATED)
_17698_/I0                              2.800000    2.819757   -0.019757 (VIOLATED)
input6/Z                                2.800000    2.819425   -0.019425 (VIOLATED)
_15775_/I0                              2.800000    2.812359   -0.012359 (VIOLATED)
_15734_/I0                              2.800000    2.811844   -0.011844 (VIOLATED)
_15767_/I0                              2.800000    2.811469   -0.011469 (VIOLATED)
_15726_/I0                              2.800000    2.811197   -0.011197 (VIOLATED)
_17508_/I0                              2.800000    2.810485   -0.010485 (VIOLATED)
_08991_/I                               2.800000    2.810152   -0.010152 (VIOLATED)
_09542_/A4                              2.800000    2.809719   -0.009720 (VIOLATED)
_15488_/I1                              2.800000    2.809436   -0.009436 (VIOLATED)
_17488_/I0                              2.800000    2.809414   -0.009414 (VIOLATED)
_17443_/A2                              2.800000    2.809378   -0.009378 (VIOLATED)
_17441_/A1                              2.800000    2.809340   -0.009340 (VIOLATED)
_17440_/A1                              2.800000    2.809338   -0.009339 (VIOLATED)
_17058_/A1                              2.800000    2.809270   -0.009270 (VIOLATED)
_16499_/I1                              2.800000    2.809267   -0.009267 (VIOLATED)
_17697_/I0                              2.800000    2.809261   -0.009261 (VIOLATED)
_17500_/I0                              2.800000    2.809240   -0.009240 (VIOLATED)
_17412_/I0                              2.800000    2.809209   -0.009210 (VIOLATED)
_17420_/I0                              2.800000    2.808927   -0.008927 (VIOLATED)
input5/Z                                2.800000    2.808627   -0.008627 (VIOLATED)

max capacitance

Pin                                        Limit         Cap       Slack
------------------------------------------------------------------------
_09198_/ZN                              0.359900    0.496902   -0.137002 (VIOLATED)
input1/Z                                0.374400    0.464642   -0.090242 (VIOLATED)
input2/Z                                0.374400    0.463059   -0.088659 (VIOLATED)
_19688_/Q                               0.375700    0.454313   -0.078613 (VIOLATED)
_10997_/ZN                              0.210500    0.281178   -0.070678 (VIOLATED)
_10102_/ZN                              0.211100    0.278204   -0.067104 (VIOLATED)
input3/Z                                0.374400    0.437304   -0.062904 (VIOLATED)
_15547_/ZN                              0.211100    0.260937   -0.049837 (VIOLATED)
_09323_/Z                               0.376100    0.419199   -0.043099 (VIOLATED)
_10998_/ZN                              0.420200    0.454758   -0.034558 (VIOLATED)
input7/Z                                0.374400    0.401422   -0.027022 (VIOLATED)
_09036_/ZN                              0.359900    0.379996   -0.020096 (VIOLATED)
_10111_/ZN                              0.211100    0.230252   -0.019152 (VIOLATED)
_10985_/ZN                              0.211100    0.229955   -0.018855 (VIOLATED)
input6/Z                                0.374400    0.392217   -0.017817 (VIOLATED)
input5/Z                                0.374400    0.390801   -0.016401 (VIOLATED)
_10088_/ZN                              0.326700    0.342209   -0.015509 (VIOLATED)
_10126_/ZN                              0.211100    0.222856   -0.011756 (VIOLATED)
_10129_/ZN                              0.326700    0.333813   -0.007113 (VIOLATED)
_10128_/ZN                              0.211100    0.217936   -0.006836 (VIOLATED)
input4/Z                                0.374400    0.378269   -0.003869 (VIOLATED)
_09312_/ZN                              0.287700    0.289430   -0.001730 (VIOLATED)
_17902_/ZN                              0.146700    0.147884   -0.001184 (VIOLATED)
_12551_/ZN                              0.135300    0.135697   -0.000397 (VIOLATED)



===========================================================================
report_parasitic_annotation -report_unannotated
============================================================================
Found 91 unannotated drivers.
 clkload0/ZN
 clkload1/ZN
 clkload10/ZN
 clkload11/ZN
 clkload12/ZN
 clkload13/Z
 clkload14/Z
 clkload15/ZN
 clkload16/ZN
 clkload17/Z
 clkload18/ZN
 clkload19/ZN
 clkload2/ZN
 clkload20/ZN
 clkload21/Z
 clkload22/ZN
 clkload23/ZN
 clkload24/ZN
 clkload25/ZN
 clkload26/ZN
 clkload27/ZN
 clkload28/ZN
 clkload29/ZN
 clkload3/ZN
 clkload30/ZN
 clkload31/ZN
 clkload32/ZN
 clkload33/ZN
 clkload34/ZN
 clkload35/ZN
 clkload36/ZN
 clkload37/ZN
 clkload38/ZN
 clkload39/ZN
 clkload4/Z
 clkload40/ZN
 clkload41/ZN
 clkload42/ZN
 clkload43/ZN
 clkload44/ZN
 clkload45/ZN
 clkload46/ZN
 clkload47/ZN
 clkload48/ZN
 clkload49/Z
 clkload5/ZN
 clkload50/ZN
 clkload51/ZN
 clkload52/Z
 clkload53/ZN
 clkload54/ZN
 clkload55/ZN
 clkload56/ZN
 clkload57/Z
 clkload58/ZN
 clkload59/ZN
 clkload6/ZN
 clkload60/ZN
 clkload61/ZN
 clkload62/Z
 clkload63/ZN
 clkload64/ZN
 clkload65/ZN
 clkload66/ZN
 clkload67/ZN
 clkload68/ZN
 clkload69/ZN
 clkload7/Z
 clkload70/ZN
 clkload71/ZN
 clkload72/ZN
 clkload73/ZN
 clkload74/ZN
 clkload75/ZN
 clkload76/ZN
 clkload77/Z
 clkload78/ZN
 clkload79/ZN
 clkload8/ZN
 clkload80/ZN
 clkload81/ZN
 clkload82/ZN
 clkload83/Z
 clkload84/ZN
 clkload85/ZN
 clkload86/Z
 clkload87/ZN
 clkload88/ZN
 clkload89/ZN
 clkload9/ZN
 clkload90/Z
Found 0 partially unannotated drivers.

===========================================================================
max slew violation count 315
max fanout violation count 0
max cap violation count 24
============================================================================

===========================================================================
check_setup -verbose -unconstrained_endpoints -multiple_clock -no_clock -no_input_delay -loops -generated_clocks
===========================================================================
