
===========================================================================
 report_power
============================================================================
======================= nom_ff_n40C_5v50 Corner ===================================

Group                    Internal    Switching      Leakage        Total
                            Power        Power        Power        Power (Watts)
------------------------------------------------------------------------
Sequential           9.588107e-02 6.846069e-03 1.017674e-06 1.027282e-01  55.7%
Combinational        1.215803e-02 9.016070e-03 1.573444e-06 2.117567e-02  11.5%
Clock                2.613889e-02 3.452152e-02 1.985467e-06 6.066240e-02  32.9%
Macro                8.280259e-08 0.000000e+00 8.280250e-07 9.108276e-07   0.0%
Pad                  0.000000e+00 0.000000e+00 0.000000e+00 0.000000e+00   0.0%
------------------------------------------------------------------------
Total                1.341781e-01 5.038362e-02 5.404504e-06 1.845671e-01 100.0%
                            72.7%        27.3%         0.0%

