
===========================================================================
 report_power
============================================================================
======================= nom_tt_025C_5v00 Corner ===================================

Group                    Internal    Switching      Leakage        Total
                            Power        Power        Power        Power (Watts)
------------------------------------------------------------------------
Sequential           6.328896e-01 8.220283e-03 8.719955e-07 6.411108e-01  86.6%
Combinational        6.689579e-02 3.152148e-02 1.256481e-06 9.841853e-02  13.3%
Clock                0.000000e+00 0.000000e+00 3.590715e-07 3.590715e-07   0.0%
Macro                9.438670e-04 0.000000e+00 6.860300e-07 9.445531e-04   0.1%
Pad                  0.000000e+00 0.000000e+00 0.000000e+00 0.000000e+00   0.0%
------------------------------------------------------------------------
Total                7.007292e-01 3.974177e-02 3.173758e-06 7.404741e-01 100.0%
                            94.6%         5.4%         0.0%
Writing metric power__internal__total: 0.7007291913032532
Writing metric power__switching__total: 0.039741769433021545
Writing metric power__leakage__total: 3.173758159391582e-6
Writing metric power__total: 0.7404741048812866

