GDS physical/results/native_power_ring/candidate/butterfold_top.gds
OUT physical/results/native_power_ring/klayout_drc
TABLE metal1
TABLE metal2
TABLE metal3
TABLE metal4
TABLE metal5
TABLE metaltop
TABLE via1
TABLE via2
TABLE via3
TABLE via4
TABLE poly2
TABLE nplus
TABLE pplus
TABLE comp
TABLE contact
TABLE nwell
NON_FILL_DRC_TOTAL 0
  metal1: 0 items  ['physical/results/native_power_ring/klayout_drc/metal1/butterfold_top_metal1.lyrdb']
  metal2: 0 items  ['physical/results/native_power_ring/klayout_drc/metal2/butterfold_top_metal2.lyrdb']
  metal3: 0 items  ['physical/results/native_power_ring/klayout_drc/metal3/butterfold_top_metal3.lyrdb']
  metal4: 0 items  ['physical/results/native_power_ring/klayout_drc/metal4/butterfold_top_metal4.lyrdb']
  metal5: 0 items  ['physical/results/native_power_ring/klayout_drc/metal5/butterfold_top_metal5.lyrdb']
  metaltop: 0 items  ['physical/results/native_power_ring/klayout_drc/metaltop/butterfold_top_metaltop.lyrdb']
  via1: 0 items  ['physical/results/native_power_ring/klayout_drc/via1/butterfold_top_via1.lyrdb']
  via2: 0 items  ['physical/results/native_power_ring/klayout_drc/via2/butterfold_top_via2.lyrdb']
  via3: 0 items  ['physical/results/native_power_ring/klayout_drc/via3/butterfold_top_via3.lyrdb']
  via4: 0 items  ['physical/results/native_power_ring/klayout_drc/via4/butterfold_top_via4.lyrdb']
  poly2: 0 items  ['physical/results/native_power_ring/klayout_drc/poly2/butterfold_top_poly2.lyrdb']
  nplus: 0 items  ['physical/results/native_power_ring/klayout_drc/nplus/butterfold_top_nplus.lyrdb']
  pplus: 0 items  ['physical/results/native_power_ring/klayout_drc/pplus/butterfold_top_pplus.lyrdb']
  comp: 0 items  ['physical/results/native_power_ring/klayout_drc/comp/butterfold_top_comp.lyrdb']
  contact: 0 items  ['physical/results/native_power_ring/klayout_drc/contact/butterfold_top_contact.lyrdb']
  nwell: 0 items  ['physical/results/native_power_ring/klayout_drc/nwell/butterfold_top_nwell.lyrdb']
MSLOT_TOTAL 0
DRC_MSLOT_PASS
