GDS SHA 31dbce1e19295c6678531c205bba780898b013a69976e6056837821c3de9a64e
Layout: Magic GDS extract + unique-split correction butterfold_top.unique_fixed.spice
Source: butterfold_top.final.pnl.v + official CELL_SPICE_MODELS
Setup: /foss/pdks/gf180mcuD/libs.tech/netgen/gf180mcuD_setup.tcl
Number of devices: 11568
Number of nets: 11582
SRAM: 2 x gf180mcu_fd_ip_sram__sram256x8m8wm1
Pins: 22 (rst_n clk din[7:0] din_valid_i stream_status_o dout[7:0] VDD VSS)
No din_ready_o, no dout_valid_o
Final result: Circuits match uniquely.

--- report tail ---
Number of devices: 11568                   |Number of devices: 11568
Number of nets: 11582                      |Number of nets: 11582
---------------------------------------------------------------------------------------
Netlists match uniquely.

Subcircuit pins:
Circuit 1: butterfold_top                  |Circuit 2: butterfold_top
-------------------------------------------|-------------------------------------------
stream_status_o                            |stream_status_o
dout[0..7]                                 |dout[0..7]
din[0..7]                                  |din[0..7]
din_valid_i                                |din_valid_i
rst_n                                      |rst_n
clk                                        |clk
VDD                                        |VDD
VSS                                        |VSS
---------------------------------------------------------------------------------------
Cell pin lists are equivalent.
Device classes butterfold_top and butterfold_top are equivalent.

Final result: Circuits match uniquely.
