Clock: clk
Sources: clk 
Generated: no
Virtual: yes
Propagated: no
Period: 30.000000

===========================================================================
report_clock_properties
============================================================================
Clock                   Period          Waveform
----------------------------------------------------
clk                  30.000000    0.000000 15.000000

===========================================================================
report_clock_latency
============================================================================
Clock clk
rise -> rise
    min     max
0.000000 0.000000 source latency
2.501262         network latency u_transform_scheduler_core.u_fft_scratch_sram.u_lo.u_sram/CLK
        3.137960 network latency _21002_/CLK
---------------
2.501262 3.137960 latency
        0.636698 skew

fall -> fall
    min     max
0.000000 0.000000 source latency
2.284711         network latency u_transform_scheduler_core.u_fft_scratch_sram.u_lo.u_sram/CLK
        3.155103 network latency _21002_/CLK
---------------
2.284711 3.155103 latency
        0.870392 skew



===========================================================================
report_clock_min_period
============================================================================
clk period_min = 27.55 fmax = 36.29
