Clock: clk_i
Sources: clk_i 
Generated: no
Virtual: yes
Propagated: no
Period: 30.000000

===========================================================================
report_clock_properties
============================================================================
Clock                   Period          Waveform
----------------------------------------------------
clk_i                30.000000    0.000000 15.000000

===========================================================================
report_clock_latency
============================================================================
Clock clk_i
rise -> rise
    min     max
0.000000 0.000000 source latency
1.640512         network latency u_core.u_mim_lo/CLK
        1.886278 network latency _8551_/CLK
---------------
1.640512 1.886278 latency
        0.245766 skew

fall -> fall
    min     max
0.000000 0.000000 source latency
1.502952         network latency u_core.u_mim_lo/CLK
        1.796806 network latency _8551_/CLK
---------------
1.502952 1.796806 latency
        0.293854 skew



===========================================================================
report_clock_min_period
============================================================================
clk_i period_min = 21.34 fmax = 46.86
