Reading timing models for corner nom_tt_025C_5v00…
Reading timing library for the 'nom_tt_025C_5v00' corner at '/foss/pdks/gf180mcuD/libs.ref/gf180mcu_fd_sc_mcu9t5v0/lib/gf180mcu_fd_sc_mcu9t5v0__tt_025C_5v00.lib'…
Reading timing library for the 'nom_tt_025C_5v00' corner at '/foss/pdks/gf180mcuD/libs.ref/gf180mcu_fd_ip_sram/lib/gf180mcu_fd_ip_sram__sram256x8m8wm1__tt_025C_5v00.lib'…
Reading OpenROAD database at '/headless/aravindustries-repos/butterfold/butterfold_proto/physical/librelane/runs/butterfold_top_fft64_50mhz_pinaccessfix_gds/33-openroad-resizertimingpostcts/butterfold_top.odb'…
Reading design constraints file at '/headless/aravindustries-repos/butterfold/butterfold_proto/physical/constraints.sdc'…
[INFO] No information on clock propagation in input SDC file-- propagating all clocks.
[INFO] Setting signal min routing layer to: Metal2 and clock min routing layer to Metal2. 
[INFO] Setting signal max routing layer to: Metal5 and clock max routing layer to Metal5. 
+ global_route -congestion_iterations 50 -verbose
[INFO GRT-0020] Min routing layer: Metal2
[INFO GRT-0021] Max routing layer: Metal5
[INFO GRT-0022] Global adjustment: 30%
[INFO GRT-0023] Grid origin: (0, 0)
[INFO GRT-0088] Layer Metal1  Track-Pitch = 0.5600  line-2-Via Pitch: 0.4750
[INFO GRT-0088] Layer Metal2  Track-Pitch = 0.5600  line-2-Via Pitch: 0.5600
[INFO GRT-0088] Layer Metal3  Track-Pitch = 0.5600  line-2-Via Pitch: 0.5600
[INFO GRT-0088] Layer Metal4  Track-Pitch = 0.5600  line-2-Via Pitch: 0.5600
[INFO GRT-0088] Layer Metal5  Track-Pitch = 0.9000  line-2-Via Pitch: 0.8200
[INFO GRT-0003] Macros: 2
[INFO GRT-0004] Blockages: 4
[INFO GRT-0019] Found 119 clock nets.
[WARNING GRT-0281] Net rst_n has a large fanout of 1458 terminals.
[INFO GRT-0001] Minimum degree: 2
[INFO GRT-0002] Maximum degree: 1458

[INFO GRT-0053] Routing resources analysis:
          Routing      Original      Derated      Resource
Layer     Direction    Resources     Resources    Reduction (%)
---------------------------------------------------------------
Metal1     Horizontal          0             0          0.00%
Metal2     Vertical       187986        125491          33.24%
Metal3     Horizontal     191201        127454          33.34%
Metal4     Vertical       248855        166076          33.26%
Metal5     Horizontal     154880        104320          32.64%
---------------------------------------------------------------

[INFO GRT-0197] Via related to pin nodes: 78466
[INFO GRT-0198] Via related Steiner nodes: 2520
[INFO GRT-0199] Via filling finished.
[INFO GRT-0111] Final number of vias: 100268
[INFO GRT-0112] Final usage 3D: 409546

[INFO GRT-0096] Final congestion report:
Layer         Resource        Demand        Usage (%)    Max H / Max V / Total Overflow
---------------------------------------------------------------------------------------
Metal1               0             0            0.00%             0 /  0 /  0
Metal2          125491         49259           39.25%             0 /  0 /  0
Metal3          127454         49480           38.82%             0 /  0 /  0
Metal4          166076          4691            2.82%             0 /  0 /  0
Metal5          104320          5312            5.09%             0 /  0 /  0
---------------------------------------------------------------------------------------
Total           523341        108742           20.78%             0 /  0 /  0

[INFO GRT-0018] Total wirelength: 1245123 um
[INFO GRT-0014] Routed nets: 11437
[INFO GRT-0303] Global routing runtime = 00:00:02
Setting global connections for newly added cells…
[INFO] Setting global connections...
.*u_lo.*u_sram matched with u_transform_scheduler_core.u_fft_scratch_sram.u_lo.u_sram
.*u_hi.*u_sram matched with u_transform_scheduler_core.u_fft_scratch_sram.u_hi.u_sram
[INFO ODB-0403] 0 connections made, 0 conflicts skipped.
Updating metrics…
Cell type report:                       Count       Area
  Macro                                     2  294424.87
  Endcap cell                             718    4052.97
  Tap cell                               4153   23442.85
  Buffer                                   32    1264.44
  Clock buffer                            132   10363.85
  Timing Repair Buffer                    232   17755.72
  Inverter                                493    5746.41
  Clock inverter                           77    2099.87
  Timing Repair inverter                    1      50.80
  Sequential cell                        1989  173684.85
  Multi-Input combinational cell         8545  225334.77
  Total                                 16374  758221.40
Writing OpenROAD database to '/headless/aravindustries-repos/butterfold/butterfold_proto/physical/librelane/runs/butterfold_top_fft64_50mhz_pinaccessfix_gds/35-openroad-globalrouting/butterfold_top.odb'…
Writing layout to '/headless/aravindustries-repos/butterfold/butterfold_proto/physical/librelane/runs/butterfold_top_fft64_50mhz_pinaccessfix_gds/35-openroad-globalrouting/butterfold_top.def'…
