OpenROAD 26Q2-254-g61932e897 
Features included (+) or not (-): +GPU +GUI +Python
This program is licensed under the BSD-3 license. See the LICENSE file for details.
Components of this program may be licensed under more restrictive licenses which must be honored.
DIODE_BEFORE 19
[INFO ANT-0002] Found 4 net violations.
[INFO ANT-0001] Found 4 pin violations.
REPAIR
[WARNING GRT-0300] Timing is not available, setting critical nets percentage to 0.
[INFO GRT-0012] Found 16 antenna violations.
[INFO GRT-0302] Inserted 16 jumpers for 11 nets.
[INFO GRT-0012] Found 5 antenna violations.
[INFO DPL-0006] Core area: 1163895.67 um^2, Instances area: 762867.07 um^2, Utilization: 65.5%
[INFO DPL-0005] Diamond search max displacement: +/- 500 sites horizontally, +/- 100 rows vertically.
[INFO DPL-1101] Legalizing using diamond search.
Movements Summary
---------------------------------------
Total cells:                   11598
Diamond Move Success:          11598 (100.00%)
Diamond Move Failure:              0
Rip-up and replace Success:        0 (  0.00% of diamond failures)
Rip-up and replace Failure:        0
Total Placement Failures:          0
---------------------------------------
[INFO GRT-0015] Inserted 6 diodes.
[INFO GRT-0012] Found 2 antenna violations.
[INFO GRT-0302] Inserted 2 jumpers for 2 nets.
[INFO GRT-0012] Found 0 antenna violations.
DIODE_AFTER 25
[INFO ANT-0002] Found 0 net violations.
[INFO ANT-0001] Found 0 pin violations.
WROTE
