Starting…
Gating variable for step 'Verilator.Lint' set to 'False'- the step will be skipped.
Skipping step 'Verilator Lint'…
Gating variable for step 'Checker.LintTimingConstructs' set to 'False'- the step will be skipped.
Skipping step 'Lint Timing Error Checker'…
Gating variable for step 'Checker.LintErrors' set to 'False'- the step will be skipped.
Skipping step 'Lint Errors Checker'…
Gating variable for step 'Checker.LintWarnings' set to 'False'- the step will be skipped.
Skipping step 'Lint Warnings Checker'…
Skipping step 'Generate JSON Header'…
Skipping step 'Synthesis'…
Skipping step 'Unmapped Cells Checker'…
Skipping step 'Yosys Synth Checks'…
Skipping step 'Netlist Assign Statement Checker'…
Skipping step 'Check SDC Files'…
Skipping step 'Check Macro Instances'…
Skipping step 'STA (Pre-PnR)'…
Skipping step 'Floorplan Init'…
Skipping step 'Dump RC Values'…
Skipping step 'Check Antenna Properties of Macros Pins in Their LEF Views'…
Skipping step 'Set Power Connections'…
Skipping step 'Manual Macro Placement'…
Skipping step 'Cut Rows'…
Skipping step 'Tap/Decap Insertion'…
Skipping step 'Add PDN obstructions'…
Skipping step 'Generate PDN'…
Skipping step 'Remove PDN obstructions'…
Skipping step 'Add Obstructions'…
Skipping step 'Global Placement Skip IO'…
Skipping step 'I/O Placement'…
Skipping step 'Custom I/O Placement'…
Skipping step 'Apply DEF Template'…
Skipping step 'Global Placement'…
Skipping step 'Write Verilog Header'…
Skipping step 'Power Grid Violation Checker'…
Skipping step 'STA (Mid-PnR)'…
Skipping step 'Repair Design (Post-Global Placement)'…
Skipping step 'Manual Global Placement'…
Skipping step 'Detailed Placement'…
Skipping step 'Clock Tree Synthesis'…
Skipping step 'STA (Mid-PnR)'…
Skipping step 'Resizer Timing Optimizations (Post-Clock Tree Synthesis)'…
Skipping step 'STA (Mid-PnR)'…
Skipping step 'Global Routing'…
Skipping step 'Check Antennas'…
Skipping step 'Repair Design (Post-Global Routing)'…
Skipping step 'Diodes on Ports'…
Gating variable for step 'Odb.HeuristicDiodeInsertion' set to 'False'- the step will be skipped.
Skipping step 'Heuristic Diode Insertion'…
Skipping step 'Antenna Repair'…
Skipping step 'Resizer Timing Optimizations (Post-Global Routing)'…
Skipping step 'STA (Mid-PnR)'…
Skipping step 'Detailed Routing'…
Running 'Odb.RemoveRoutingObstructions' at 'runs/d03_ach_pnr_pad4_gds/01-odb-removeroutingobstructions'…
'ROUTING_OBSTRUCTIONS' is not defined. Skipping 'Odb.RemoveRoutingObstructions'…
Running 'OpenROAD.CheckAntennas-1' at 'runs/d03_ach_pnr_pad4_gds/02-openroad-checkantennas-1'…
Logging subprocess to [repr.filename]'runs/d03_ach_pnr_pad4_gds/02-openroad-checkantennas-1/openroad-checkantennas-1.log'[/repr.filename]…
Running 'Checker.TrDRC' at 'runs/d03_ach_pnr_pad4_gds/03-checker-trdrc'…
The Routing DRC errors metric was not found. Are you sure the relevant step was run?
Running 'Odb.ReportDisconnectedPins' at 'runs/d03_ach_pnr_pad4_gds/04-odb-reportdisconnectedpins'…
Logging subprocess to [repr.filename]'runs/d03_ach_pnr_pad4_gds/04-odb-reportdisconnectedpins/odb-reportdisconnectedpins.log'[/repr.filename]…
Running 'Checker.DisconnectedPins' at 'runs/d03_ach_pnr_pad4_gds/05-checker-disconnectedpins'…
Check for critical disconnected pins clear.
Running 'Odb.ReportWireLength' at 'runs/d03_ach_pnr_pad4_gds/06-odb-reportwirelength'…
Logging subprocess to [repr.filename]'runs/d03_ach_pnr_pad4_gds/06-odb-reportwirelength/odb-reportwirelength.log'[/repr.filename]…
Running 'Checker.WireLength' at 'runs/d03_ach_pnr_pad4_gds/07-checker-wirelength'…
Threshold for Threshold-surpassing long wires is not set. The checker will be skipped.
Running 'OpenROAD.FillInsertion' at 'runs/d03_ach_pnr_pad4_gds/08-openroad-fillinsertion'…
Logging subprocess to [repr.filename]'runs/d03_ach_pnr_pad4_gds/08-openroad-fillinsertion/openroad-fillinsertion.log'[/repr.filename]…
Running 'Odb.CellFrequencyTables' at 'runs/d03_ach_pnr_pad4_gds/09-odb-cellfrequencytables'…
Logging subprocess to [repr.filename]'runs/d03_ach_pnr_pad4_gds/09-odb-cellfrequencytables/buffer_list.txt'[/repr.filename]…
Logging subprocess to [repr.filename]'runs/d03_ach_pnr_pad4_gds/09-odb-cellfrequencytables/odb-cellfrequencytables.log'[/repr.filename]…
Running 'OpenROAD.RCX' at 'runs/d03_ach_pnr_pad4_gds/10-openroad-rcx'…
Running RCX for corners matching nom_* (/headless/aravindustries-repos/butterfold/butterfold_proto/physical/librelane/runs/d03_ach_pnr_pad4_gds/10-openroad-rcx/nom/rcx.log)…
Logging subprocess to [repr.filename]'runs/d03_ach_pnr_pad4_gds/10-openroad-rcx/nom/rcx.log'[/repr.filename]…
Running RCX for corners matching max_* (/headless/aravindustries-repos/butterfold/butterfold_proto/physical/librelane/runs/d03_ach_pnr_pad4_gds/10-openroad-rcx/max/rcx.log)…
Running RCX for corners matching min_* (/headless/aravindustries-repos/butterfold/butterfold_proto/physical/librelane/runs/d03_ach_pnr_pad4_gds/10-openroad-rcx/min/rcx.log)…
Logging subprocess to [repr.filename]'runs/d03_ach_pnr_pad4_gds/10-openroad-rcx/max/rcx.log'[/repr.filename]…
Logging subprocess to [repr.filename]'runs/d03_ach_pnr_pad4_gds/10-openroad-rcx/min/rcx.log'[/repr.filename]…
Finished RCX for corners matching nom_*.
Finished RCX for corners matching min_*.
Finished RCX for corners matching max_*.
Running 'OpenROAD.STAPostPNR' at 'runs/d03_ach_pnr_pad4_gds/11-openroad-stapostpnr'…
Starting STA for the nom_tt_025C_5v00 timing corner…
Starting STA for the nom_ss_125C_4v50 timing corner…
Starting STA for the nom_ff_n40C_5v50 timing corner…
Logging subprocess to [repr.filename]'runs/d03_ach_pnr_pad4_gds/11-openroad-stapostpnr/nom_tt_025C_5v00/sta.log'[/repr.filename]…
Starting STA for the min_tt_025C_5v00 timing corner…
Starting STA for the min_ss_125C_4v50 timing corner…
Logging subprocess to [repr.filename]'runs/d03_ach_pnr_pad4_gds/11-openroad-stapostpnr/nom_ss_125C_4v50/sta.log'[/repr.filename]…
Starting STA for the min_ff_n40C_5v50 timing corner…
Starting STA for the max_tt_025C_5v00 timing corner…
Logging subprocess to [repr.filename]'runs/d03_ach_pnr_pad4_gds/11-openroad-stapostpnr/min_ss_125C_4v50/sta.log'[/repr.filename]…
Logging subprocess to [repr.filename]'runs/d03_ach_pnr_pad4_gds/11-openroad-stapostpnr/nom_ff_n40C_5v50/sta.log'[/repr.filename]…
Starting STA for the max_ss_125C_4v50 timing corner…
Logging subprocess to [repr.filename]'runs/d03_ach_pnr_pad4_gds/11-openroad-stapostpnr/min_tt_025C_5v00/sta.log'[/repr.filename]…
Starting STA for the max_ff_n40C_5v50 timing corner…
Logging subprocess to [repr.filename]'runs/d03_ach_pnr_pad4_gds/11-openroad-stapostpnr/max_ss_125C_4v50/sta.log'[/repr.filename]…
Logging subprocess to [repr.filename]'runs/d03_ach_pnr_pad4_gds/11-openroad-stapostpnr/min_ff_n40C_5v50/sta.log'[/repr.filename]…
Logging subprocess to [repr.filename]'runs/d03_ach_pnr_pad4_gds/11-openroad-stapostpnr/max_tt_025C_5v00/sta.log'[/repr.filename]…
Logging subprocess to [repr.filename]'runs/d03_ach_pnr_pad4_gds/11-openroad-stapostpnr/max_ff_n40C_5v50/sta.log'[/repr.filename]…
Finished STA for the nom_ss_125C_4v50 timing corner.
Logging subprocess to [repr.filename]'runs/d03_ach_pnr_pad4_gds/11-openroad-stapostpnr/nom_ss_125C_4v50/filter_unannotated.log'[/repr.filename]…
Finished STA for the max_tt_025C_5v00 timing corner.
Logging subprocess to [repr.filename]'runs/d03_ach_pnr_pad4_gds/11-openroad-stapostpnr/max_tt_025C_5v00/filter_unannotated.log'[/repr.filename]…
Finished STA for the min_ss_125C_4v50 timing corner.
Logging subprocess to [repr.filename]'runs/d03_ach_pnr_pad4_gds/11-openroad-stapostpnr/min_ss_125C_4v50/filter_unannotated.log'[/repr.filename]…
Finished STA for the nom_ff_n40C_5v50 timing corner.
Logging subprocess to [repr.filename]'runs/d03_ach_pnr_pad4_gds/11-openroad-stapostpnr/nom_ff_n40C_5v50/filter_unannotated.log'[/repr.filename]…
Finished STA for the max_ss_125C_4v50 timing corner.
Logging subprocess to [repr.filename]'runs/d03_ach_pnr_pad4_gds/11-openroad-stapostpnr/max_ss_125C_4v50/filter_unannotated.log'[/repr.filename]…
Finished STA for the min_ff_n40C_5v50 timing corner.
Logging subprocess to [repr.filename]'runs/d03_ach_pnr_pad4_gds/11-openroad-stapostpnr/min_ff_n40C_5v50/filter_unannotated.log'[/repr.filename]…
Finished STA for the max_ff_n40C_5v50 timing corner.
Logging subprocess to [repr.filename]'runs/d03_ach_pnr_pad4_gds/11-openroad-stapostpnr/max_ff_n40C_5v50/filter_unannotated.log'[/repr.filename]…
Finished STA for the nom_tt_025C_5v00 timing corner.
Logging subprocess to [repr.filename]'runs/d03_ach_pnr_pad4_gds/11-openroad-stapostpnr/nom_tt_025C_5v00/filter_unannotated.log'[/repr.filename]…
Finished STA for the min_tt_025C_5v00 timing corner.
Logging subprocess to [repr.filename]'runs/d03_ach_pnr_pad4_gds/11-openroad-stapostpnr/min_tt_025C_5v00/filter_unannotated.log'[/repr.filename]…
Running 'OpenROAD.IRDropReport' at 'runs/d03_ach_pnr_pad4_gds/12-openroad-irdropreport'…
'VSRC_LOC_FILES' was not given a value, which may make the results of IR drop analysis inaccurate. If you are not integrating a top-level chip for manufacture, you may ignore this warning, otherwise, see the documentation for 'VSRC_LOC_FILES'.
Logging subprocess to [repr.filename]'runs/d03_ach_pnr_pad4_gds/12-openroad-irdropreport/openroad-irdropreport.log'[/repr.filename]…
[PSM-0038] Unconnected shape on net VDD at (631.360um, 1674.000um) - (640.860um, 1675.000um), layer: Metal2.
[PSM-0038] Unconnected shape on net VDD at (643.760um, 1674.000um) - (654.010um, 1675.000um), layer: Metal2.
[PSM-0038] Unconnected shape on net VDD at (655.610um, 1674.000um) - (665.860um, 1675.000um), layer: Metal2.
[PSM-0038] Unconnected shape on net VDD at (669.140um, 1674.000um) - (679.390um, 1675.000um), layer: Metal2.
[PSM-0038] Unconnected shape on net VDD at (680.990um, 1674.000um) - (691.240um, 1675.000um), layer: Metal2.
[PSM-0038] Unconnected shape on net VDD at (694.140um, 1674.000um) - (703.640um, 1675.000um), layer: Metal2.
[PSM-0069] Check connectivity failed on VDD.
