Clock: clk
Sources: clk 
Generated: no
Virtual: yes
Propagated: no
Period: 16.000000

===========================================================================
report_clock_properties
============================================================================
Clock                   Period          Waveform
----------------------------------------------------
clk                  16.000000    0.000000  8.000000

===========================================================================
report_clock_latency
============================================================================
Clock clk
rise -> rise
    min     max
0.000000 0.000000 source latency
0.293463         network latency _225_/CLK
        0.294549 network latency _221_/CLK
---------------
0.293463 0.294549 latency
        0.001085 skew

fall -> fall
    min     max
0.000000 0.000000 source latency
0.285506         network latency _225_/CLK
        0.286664 network latency _221_/CLK
---------------
0.285506 0.286664 latency
        0.001158 skew



===========================================================================
report_clock_min_period
============================================================================
clk period_min = 2.86 fmax = 349.31
