Startpoint: _20467_ (positive level-sensitive latch clocked by core_clk')
Endpoint: u_transform_scheduler_core.u_fft_scratch_sram.u_hi.u_sram
          (rising edge-triggered flip-flop clocked by core_clk)
Path Group: core_clk
Path Type: max

  Delay    Time   Description
---------------------------------------------------------
   8.14    8.14   clock core_clk' (rise edge)
   0.00    8.14   clock network delay (ideal)
   7.81   15.95   time given to startpoint
   0.00   15.95 ^ _20467_/D (gf180mcu_fd_sc_mcu9t5v0__latq_1)
   0.93   16.88 v _20467_/Q (gf180mcu_fd_sc_mcu9t5v0__latq_1)
   1.21   18.09 ^ _18118_/ZN (gf180mcu_fd_sc_mcu9t5v0__clkinv_1)
   0.00   18.09 ^ u_transform_scheduler_core.u_fft_scratch_sram.u_hi.u_sram/GWEN (gf180mcu_fd_ip_sram__sram256x8m8wm1)
          18.09   data arrival time

  16.28   16.28   clock core_clk (rise edge)
   0.00   16.28   clock network delay (ideal)
   0.00   16.28   clock reconvergence pessimism
          16.28 ^ u_transform_scheduler_core.u_fft_scratch_sram.u_hi.u_sram/CLK (gf180mcu_fd_ip_sram__sram256x8m8wm1)
  -1.23   15.05   library setup time
          15.05   data required time
---------------------------------------------------------
          15.05   data required time
         -18.09   data arrival time
---------------------------------------------------------
          -3.04   slack (VIOLATED)


Startpoint: _20467_ (positive level-sensitive latch clocked by core_clk')
Endpoint: u_transform_scheduler_core.u_fft_scratch_sram.u_lo.u_sram
          (rising edge-triggered flip-flop clocked by core_clk)
Path Group: core_clk
Path Type: max

  Delay    Time   Description
---------------------------------------------------------
   8.14    8.14   clock core_clk' (rise edge)
   0.00    8.14   clock network delay (ideal)
   7.81   15.95   time given to startpoint
   0.00   15.95 ^ _20467_/D (gf180mcu_fd_sc_mcu9t5v0__latq_1)
   0.93   16.88 v _20467_/Q (gf180mcu_fd_sc_mcu9t5v0__latq_1)
   1.21   18.09 ^ _18118_/ZN (gf180mcu_fd_sc_mcu9t5v0__clkinv_1)
   0.00   18.09 ^ u_transform_scheduler_core.u_fft_scratch_sram.u_lo.u_sram/GWEN (gf180mcu_fd_ip_sram__sram256x8m8wm1)
          18.09   data arrival time

  16.28   16.28   clock core_clk (rise edge)
   0.00   16.28   clock network delay (ideal)
   0.00   16.28   clock reconvergence pessimism
          16.28 ^ u_transform_scheduler_core.u_fft_scratch_sram.u_lo.u_sram/CLK (gf180mcu_fd_ip_sram__sram256x8m8wm1)
  -1.23   15.05   library setup time
          15.05   data required time
---------------------------------------------------------
          15.05   data required time
         -18.09   data arrival time
---------------------------------------------------------
          -3.04   slack (VIOLATED)


Startpoint: _20467_ (positive level-sensitive latch clocked by core_clk')
Endpoint: u_transform_scheduler_core.u_fft_scratch_sram.u_hi.u_sram
          (rising edge-triggered flip-flop clocked by core_clk)
Path Group: core_clk
Path Type: max

  Delay    Time   Description
---------------------------------------------------------
   8.14    8.14   clock core_clk' (rise edge)
   0.00    8.14   clock network delay (ideal)
   7.81   15.95   time given to startpoint
   0.00   15.95 ^ _20467_/D (gf180mcu_fd_sc_mcu9t5v0__latq_1)
   0.93   16.88 v _20467_/Q (gf180mcu_fd_sc_mcu9t5v0__latq_1)
   1.74   18.61 ^ _09584_/ZN (gf180mcu_fd_sc_mcu9t5v0__nand2_1)
   0.00   18.61 ^ u_transform_scheduler_core.u_fft_scratch_sram.u_hi.u_sram/WEN[0] (gf180mcu_fd_ip_sram__sram256x8m8wm1)
          18.61   data arrival time

  16.28   16.28   clock core_clk (rise edge)
   0.00   16.28   clock network delay (ideal)
   0.00   16.28   clock reconvergence pessimism
          16.28 ^ u_transform_scheduler_core.u_fft_scratch_sram.u_hi.u_sram/CLK (gf180mcu_fd_ip_sram__sram256x8m8wm1)
   0.00   16.28   library setup time
          16.28   data required time
---------------------------------------------------------
          16.28   data required time
         -18.61   data arrival time
---------------------------------------------------------
          -2.34   slack (VIOLATED)


Startpoint: _20467_ (positive level-sensitive latch clocked by core_clk')
Endpoint: u_transform_scheduler_core.u_fft_scratch_sram.u_hi.u_sram
          (rising edge-triggered flip-flop clocked by core_clk)
Path Group: core_clk
Path Type: max

  Delay    Time   Description
---------------------------------------------------------
   8.14    8.14   clock core_clk' (rise edge)
   0.00    8.14   clock network delay (ideal)
   7.81   15.95   time given to startpoint
   0.00   15.95 ^ _20467_/D (gf180mcu_fd_sc_mcu9t5v0__latq_1)
   0.93   16.88 v _20467_/Q (gf180mcu_fd_sc_mcu9t5v0__latq_1)
   1.74   18.61 ^ _09584_/ZN (gf180mcu_fd_sc_mcu9t5v0__nand2_1)
   0.00   18.61 ^ u_transform_scheduler_core.u_fft_scratch_sram.u_hi.u_sram/WEN[1] (gf180mcu_fd_ip_sram__sram256x8m8wm1)
          18.61   data arrival time

  16.28   16.28   clock core_clk (rise edge)
   0.00   16.28   clock network delay (ideal)
   0.00   16.28   clock reconvergence pessimism
          16.28 ^ u_transform_scheduler_core.u_fft_scratch_sram.u_hi.u_sram/CLK (gf180mcu_fd_ip_sram__sram256x8m8wm1)
   0.00   16.28   library setup time
          16.28   data required time
---------------------------------------------------------
          16.28   data required time
         -18.61   data arrival time
---------------------------------------------------------
          -2.34   slack (VIOLATED)


Startpoint: _20467_ (positive level-sensitive latch clocked by core_clk')
Endpoint: u_transform_scheduler_core.u_fft_scratch_sram.u_hi.u_sram
          (rising edge-triggered flip-flop clocked by core_clk)
Path Group: core_clk
Path Type: max

  Delay    Time   Description
---------------------------------------------------------
   8.14    8.14   clock core_clk' (rise edge)
   0.00    8.14   clock network delay (ideal)
   7.81   15.95   time given to startpoint
   0.00   15.95 ^ _20467_/D (gf180mcu_fd_sc_mcu9t5v0__latq_1)
   0.93   16.88 v _20467_/Q (gf180mcu_fd_sc_mcu9t5v0__latq_1)
   1.74   18.61 ^ _09584_/ZN (gf180mcu_fd_sc_mcu9t5v0__nand2_1)
   0.00   18.61 ^ u_transform_scheduler_core.u_fft_scratch_sram.u_hi.u_sram/WEN[2] (gf180mcu_fd_ip_sram__sram256x8m8wm1)
          18.61   data arrival time

  16.28   16.28   clock core_clk (rise edge)
   0.00   16.28   clock network delay (ideal)
   0.00   16.28   clock reconvergence pessimism
          16.28 ^ u_transform_scheduler_core.u_fft_scratch_sram.u_hi.u_sram/CLK (gf180mcu_fd_ip_sram__sram256x8m8wm1)
   0.00   16.28   library setup time
          16.28   data required time
---------------------------------------------------------
          16.28   data required time
         -18.61   data arrival time
---------------------------------------------------------
          -2.34   slack (VIOLATED)


Startpoint: _20467_ (positive level-sensitive latch clocked by core_clk')
Endpoint: u_transform_scheduler_core.u_fft_scratch_sram.u_hi.u_sram
          (rising edge-triggered flip-flop clocked by core_clk)
Path Group: core_clk
Path Type: max

  Delay    Time   Description
---------------------------------------------------------
   8.14    8.14   clock core_clk' (rise edge)
   0.00    8.14   clock network delay (ideal)
   7.81   15.95   time given to startpoint
   0.00   15.95 ^ _20467_/D (gf180mcu_fd_sc_mcu9t5v0__latq_1)
   0.93   16.88 v _20467_/Q (gf180mcu_fd_sc_mcu9t5v0__latq_1)
   1.74   18.61 ^ _09584_/ZN (gf180mcu_fd_sc_mcu9t5v0__nand2_1)
   0.00   18.61 ^ u_transform_scheduler_core.u_fft_scratch_sram.u_hi.u_sram/WEN[3] (gf180mcu_fd_ip_sram__sram256x8m8wm1)
          18.61   data arrival time

  16.28   16.28   clock core_clk (rise edge)
   0.00   16.28   clock network delay (ideal)
   0.00   16.28   clock reconvergence pessimism
          16.28 ^ u_transform_scheduler_core.u_fft_scratch_sram.u_hi.u_sram/CLK (gf180mcu_fd_ip_sram__sram256x8m8wm1)
   0.00   16.28   library setup time
          16.28   data required time
---------------------------------------------------------
          16.28   data required time
         -18.61   data arrival time
---------------------------------------------------------
          -2.34   slack (VIOLATED)


Startpoint: _20467_ (positive level-sensitive latch clocked by core_clk')
Endpoint: u_transform_scheduler_core.u_fft_scratch_sram.u_hi.u_sram
          (rising edge-triggered flip-flop clocked by core_clk)
Path Group: core_clk
Path Type: max

  Delay    Time   Description
---------------------------------------------------------
   8.14    8.14   clock core_clk' (rise edge)
   0.00    8.14   clock network delay (ideal)
   7.81   15.95   time given to startpoint
   0.00   15.95 ^ _20467_/D (gf180mcu_fd_sc_mcu9t5v0__latq_1)
   0.93   16.88 v _20467_/Q (gf180mcu_fd_sc_mcu9t5v0__latq_1)
   1.74   18.61 ^ _09584_/ZN (gf180mcu_fd_sc_mcu9t5v0__nand2_1)
   0.00   18.61 ^ u_transform_scheduler_core.u_fft_scratch_sram.u_hi.u_sram/WEN[4] (gf180mcu_fd_ip_sram__sram256x8m8wm1)
          18.61   data arrival time

  16.28   16.28   clock core_clk (rise edge)
   0.00   16.28   clock network delay (ideal)
   0.00   16.28   clock reconvergence pessimism
          16.28 ^ u_transform_scheduler_core.u_fft_scratch_sram.u_hi.u_sram/CLK (gf180mcu_fd_ip_sram__sram256x8m8wm1)
   0.00   16.28   library setup time
          16.28   data required time
---------------------------------------------------------
          16.28   data required time
         -18.61   data arrival time
---------------------------------------------------------
          -2.34   slack (VIOLATED)


Startpoint: _20467_ (positive level-sensitive latch clocked by core_clk')
Endpoint: u_transform_scheduler_core.u_fft_scratch_sram.u_hi.u_sram
          (rising edge-triggered flip-flop clocked by core_clk)
Path Group: core_clk
Path Type: max

  Delay    Time   Description
---------------------------------------------------------
   8.14    8.14   clock core_clk' (rise edge)
   0.00    8.14   clock network delay (ideal)
   7.81   15.95   time given to startpoint
   0.00   15.95 ^ _20467_/D (gf180mcu_fd_sc_mcu9t5v0__latq_1)
   0.93   16.88 v _20467_/Q (gf180mcu_fd_sc_mcu9t5v0__latq_1)
   1.74   18.61 ^ _09584_/ZN (gf180mcu_fd_sc_mcu9t5v0__nand2_1)
   0.00   18.61 ^ u_transform_scheduler_core.u_fft_scratch_sram.u_hi.u_sram/WEN[5] (gf180mcu_fd_ip_sram__sram256x8m8wm1)
          18.61   data arrival time

  16.28   16.28   clock core_clk (rise edge)
   0.00   16.28   clock network delay (ideal)
   0.00   16.28   clock reconvergence pessimism
          16.28 ^ u_transform_scheduler_core.u_fft_scratch_sram.u_hi.u_sram/CLK (gf180mcu_fd_ip_sram__sram256x8m8wm1)
   0.00   16.28   library setup time
          16.28   data required time
---------------------------------------------------------
          16.28   data required time
         -18.61   data arrival time
---------------------------------------------------------
          -2.34   slack (VIOLATED)


Startpoint: _20467_ (positive level-sensitive latch clocked by core_clk')
Endpoint: u_transform_scheduler_core.u_fft_scratch_sram.u_hi.u_sram
          (rising edge-triggered flip-flop clocked by core_clk)
Path Group: core_clk
Path Type: max

  Delay    Time   Description
---------------------------------------------------------
   8.14    8.14   clock core_clk' (rise edge)
   0.00    8.14   clock network delay (ideal)
   7.81   15.95   time given to startpoint
   0.00   15.95 ^ _20467_/D (gf180mcu_fd_sc_mcu9t5v0__latq_1)
   0.93   16.88 v _20467_/Q (gf180mcu_fd_sc_mcu9t5v0__latq_1)
   1.74   18.61 ^ _09584_/ZN (gf180mcu_fd_sc_mcu9t5v0__nand2_1)
   0.00   18.61 ^ u_transform_scheduler_core.u_fft_scratch_sram.u_hi.u_sram/WEN[6] (gf180mcu_fd_ip_sram__sram256x8m8wm1)
          18.61   data arrival time

  16.28   16.28   clock core_clk (rise edge)
   0.00   16.28   clock network delay (ideal)
   0.00   16.28   clock reconvergence pessimism
          16.28 ^ u_transform_scheduler_core.u_fft_scratch_sram.u_hi.u_sram/CLK (gf180mcu_fd_ip_sram__sram256x8m8wm1)
   0.00   16.28   library setup time
          16.28   data required time
---------------------------------------------------------
          16.28   data required time
         -18.61   data arrival time
---------------------------------------------------------
          -2.34   slack (VIOLATED)


Startpoint: _20467_ (positive level-sensitive latch clocked by core_clk')
Endpoint: u_transform_scheduler_core.u_fft_scratch_sram.u_hi.u_sram
          (rising edge-triggered flip-flop clocked by core_clk)
Path Group: core_clk
Path Type: max

  Delay    Time   Description
---------------------------------------------------------
   8.14    8.14   clock core_clk' (rise edge)
   0.00    8.14   clock network delay (ideal)
   7.81   15.95   time given to startpoint
   0.00   15.95 ^ _20467_/D (gf180mcu_fd_sc_mcu9t5v0__latq_1)
   0.93   16.88 v _20467_/Q (gf180mcu_fd_sc_mcu9t5v0__latq_1)
   1.74   18.61 ^ _09584_/ZN (gf180mcu_fd_sc_mcu9t5v0__nand2_1)
   0.00   18.61 ^ u_transform_scheduler_core.u_fft_scratch_sram.u_hi.u_sram/WEN[7] (gf180mcu_fd_ip_sram__sram256x8m8wm1)
          18.61   data arrival time

  16.28   16.28   clock core_clk (rise edge)
   0.00   16.28   clock network delay (ideal)
   0.00   16.28   clock reconvergence pessimism
          16.28 ^ u_transform_scheduler_core.u_fft_scratch_sram.u_hi.u_sram/CLK (gf180mcu_fd_ip_sram__sram256x8m8wm1)
   0.00   16.28   library setup time
          16.28   data required time
---------------------------------------------------------
          16.28   data required time
         -18.61   data arrival time
---------------------------------------------------------
          -2.34   slack (VIOLATED)


