max_delay/setup group core_clk

                                     Required  Actual
Endpoint                               Delay   Delay   Slack
------------------------------------------------------------
u_transform_scheduler_core.u_fft_scratch_sram.u_hi.u_sram/GWEN (gf180mcu_fd_ip_sram__sram256x8m8wm1)   15.05   18.09   -3.04 (VIOLATED)
u_transform_scheduler_core.u_fft_scratch_sram.u_lo.u_sram/GWEN (gf180mcu_fd_ip_sram__sram256x8m8wm1)   15.05   18.09   -3.04 (VIOLATED)
u_transform_scheduler_core.u_fft_scratch_sram.u_hi.u_sram/WEN[0] (gf180mcu_fd_ip_sram__sram256x8m8wm1)   16.28   18.61   -2.34 (VIOLATED)
u_transform_scheduler_core.u_fft_scratch_sram.u_hi.u_sram/WEN[1] (gf180mcu_fd_ip_sram__sram256x8m8wm1)   16.28   18.61   -2.34 (VIOLATED)
u_transform_scheduler_core.u_fft_scratch_sram.u_hi.u_sram/WEN[2] (gf180mcu_fd_ip_sram__sram256x8m8wm1)   16.28   18.61   -2.34 (VIOLATED)
u_transform_scheduler_core.u_fft_scratch_sram.u_hi.u_sram/WEN[3] (gf180mcu_fd_ip_sram__sram256x8m8wm1)   16.28   18.61   -2.34 (VIOLATED)
u_transform_scheduler_core.u_fft_scratch_sram.u_hi.u_sram/WEN[4] (gf180mcu_fd_ip_sram__sram256x8m8wm1)   16.28   18.61   -2.34 (VIOLATED)
u_transform_scheduler_core.u_fft_scratch_sram.u_hi.u_sram/WEN[5] (gf180mcu_fd_ip_sram__sram256x8m8wm1)   16.28   18.61   -2.34 (VIOLATED)
u_transform_scheduler_core.u_fft_scratch_sram.u_hi.u_sram/WEN[6] (gf180mcu_fd_ip_sram__sram256x8m8wm1)   16.28   18.61   -2.34 (VIOLATED)
u_transform_scheduler_core.u_fft_scratch_sram.u_hi.u_sram/WEN[7] (gf180mcu_fd_ip_sram__sram256x8m8wm1)   16.28   18.61   -2.34 (VIOLATED)
u_transform_scheduler_core.u_fft_scratch_sram.u_lo.u_sram/WEN[0] (gf180mcu_fd_ip_sram__sram256x8m8wm1)   16.28   18.61   -2.34 (VIOLATED)
u_transform_scheduler_core.u_fft_scratch_sram.u_lo.u_sram/WEN[1] (gf180mcu_fd_ip_sram__sram256x8m8wm1)   16.28   18.61   -2.34 (VIOLATED)
u_transform_scheduler_core.u_fft_scratch_sram.u_lo.u_sram/WEN[2] (gf180mcu_fd_ip_sram__sram256x8m8wm1)   16.28   18.61   -2.34 (VIOLATED)
u_transform_scheduler_core.u_fft_scratch_sram.u_lo.u_sram/WEN[3] (gf180mcu_fd_ip_sram__sram256x8m8wm1)   16.28   18.61   -2.34 (VIOLATED)
u_transform_scheduler_core.u_fft_scratch_sram.u_lo.u_sram/WEN[4] (gf180mcu_fd_ip_sram__sram256x8m8wm1)   16.28   18.61   -2.34 (VIOLATED)
u_transform_scheduler_core.u_fft_scratch_sram.u_lo.u_sram/WEN[5] (gf180mcu_fd_ip_sram__sram256x8m8wm1)   16.28   18.61   -2.34 (VIOLATED)
u_transform_scheduler_core.u_fft_scratch_sram.u_lo.u_sram/WEN[6] (gf180mcu_fd_ip_sram__sram256x8m8wm1)   16.28   18.61   -2.34 (VIOLATED)
u_transform_scheduler_core.u_fft_scratch_sram.u_lo.u_sram/WEN[7] (gf180mcu_fd_ip_sram__sram256x8m8wm1)   16.28   18.61   -2.34 (VIOLATED)
_20268_/D (gf180mcu_fd_sc_mcu9t5v0__dffrnq_1)   15.78   18.05   -2.28 (VIOLATED)
_20267_/D (gf180mcu_fd_sc_mcu9t5v0__dffrnq_1)   15.90   18.08   -2.19 (VIOLATED)
_20159_/D (gf180mcu_fd_sc_mcu9t5v0__dffrnq_1)   15.70   17.71   -2.00 (VIOLATED)
u_transform_scheduler_core.u_fft_scratch_sram.u_hi.u_sram/A[2] (gf180mcu_fd_ip_sram__sram256x8m8wm1)   15.02   16.99   -1.97 (VIOLATED)
u_transform_scheduler_core.u_fft_scratch_sram.u_lo.u_sram/A[2] (gf180mcu_fd_ip_sram__sram256x8m8wm1)   15.02   16.99   -1.97 (VIOLATED)
_20266_/D (gf180mcu_fd_sc_mcu9t5v0__dffrnq_1)   15.90   17.87   -1.97 (VIOLATED)
u_transform_scheduler_core.u_fft_scratch_sram.u_hi.u_sram/A[1] (gf180mcu_fd_ip_sram__sram256x8m8wm1)   15.02   16.97   -1.95 (VIOLATED)
u_transform_scheduler_core.u_fft_scratch_sram.u_lo.u_sram/A[1] (gf180mcu_fd_ip_sram__sram256x8m8wm1)   15.02   16.97   -1.95 (VIOLATED)
_18820_/D (gf180mcu_fd_sc_mcu9t5v0__dffq_1)   15.85   17.75   -1.90 (VIOLATED)
_18821_/D (gf180mcu_fd_sc_mcu9t5v0__dffq_1)   15.85   17.75   -1.90 (VIOLATED)
_18822_/D (gf180mcu_fd_sc_mcu9t5v0__dffq_1)   15.85   17.75   -1.90 (VIOLATED)
_18823_/D (gf180mcu_fd_sc_mcu9t5v0__dffq_1)   15.85   17.75   -1.90 (VIOLATED)
_18824_/D (gf180mcu_fd_sc_mcu9t5v0__dffq_1)   15.85   17.75   -1.90 (VIOLATED)
_18825_/D (gf180mcu_fd_sc_mcu9t5v0__dffq_1)   15.85   17.75   -1.90 (VIOLATED)
_18826_/D (gf180mcu_fd_sc_mcu9t5v0__dffq_1)   15.85   17.75   -1.90 (VIOLATED)
_18827_/D (gf180mcu_fd_sc_mcu9t5v0__dffq_1)   15.85   17.75   -1.90 (VIOLATED)
_18828_/D (gf180mcu_fd_sc_mcu9t5v0__dffq_1)   15.85   17.75   -1.90 (VIOLATED)
_18829_/D (gf180mcu_fd_sc_mcu9t5v0__dffq_1)   15.85   17.75   -1.90 (VIOLATED)
_18830_/D (gf180mcu_fd_sc_mcu9t5v0__dffq_1)   15.85   17.75   -1.90 (VIOLATED)
_18831_/D (gf180mcu_fd_sc_mcu9t5v0__dffq_1)   15.85   17.75   -1.90 (VIOLATED)
_18832_/D (gf180mcu_fd_sc_mcu9t5v0__dffq_1)   15.85   17.75   -1.90 (VIOLATED)
_19010_/D (gf180mcu_fd_sc_mcu9t5v0__dffq_1)   15.85   17.75   -1.90 (VIOLATED)
_19011_/D (gf180mcu_fd_sc_mcu9t5v0__dffq_1)   15.85   17.75   -1.90 (VIOLATED)
_19012_/D (gf180mcu_fd_sc_mcu9t5v0__dffq_1)   15.85   17.75   -1.90 (VIOLATED)
_19013_/D (gf180mcu_fd_sc_mcu9t5v0__dffq_1)   15.85   17.75   -1.90 (VIOLATED)
_19014_/D (gf180mcu_fd_sc_mcu9t5v0__dffq_1)   15.85   17.75   -1.90 (VIOLATED)
_19015_/D (gf180mcu_fd_sc_mcu9t5v0__dffq_1)   15.85   17.75   -1.90 (VIOLATED)
_19016_/D (gf180mcu_fd_sc_mcu9t5v0__dffq_1)   15.85   17.75   -1.90 (VIOLATED)
u_transform_scheduler_core.u_fft_scratch_sram.u_hi.u_sram/A[6] (gf180mcu_fd_ip_sram__sram256x8m8wm1)   15.02   16.89   -1.87 (VIOLATED)
u_transform_scheduler_core.u_fft_scratch_sram.u_lo.u_sram/A[6] (gf180mcu_fd_ip_sram__sram256x8m8wm1)   15.02   16.89   -1.87 (VIOLATED)
_18958_/D (gf180mcu_fd_sc_mcu9t5v0__dffq_1)   15.85   17.70   -1.86 (VIOLATED)
_18959_/D (gf180mcu_fd_sc_mcu9t5v0__dffq_1)   15.85   17.70   -1.86 (VIOLATED)
u_transform_scheduler_core.u_fft_scratch_sram.u_hi.u_sram/A[7] (gf180mcu_fd_ip_sram__sram256x8m8wm1)   15.02   16.85   -1.83 (VIOLATED)
u_transform_scheduler_core.u_fft_scratch_sram.u_lo.u_sram/A[7] (gf180mcu_fd_ip_sram__sram256x8m8wm1)   15.02   16.85   -1.83 (VIOLATED)
_18718_/D (gf180mcu_fd_sc_mcu9t5v0__dffq_1)   15.84   17.66   -1.83 (VIOLATED)
_18904_/D (gf180mcu_fd_sc_mcu9t5v0__dffq_1)   15.84   17.66   -1.82 (VIOLATED)
_18946_/D (gf180mcu_fd_sc_mcu9t5v0__dffq_1)   15.94   17.71   -1.77 (VIOLATED)
_18950_/D (gf180mcu_fd_sc_mcu9t5v0__dffq_1)   15.94   17.71   -1.77 (VIOLATED)
_18951_/D (gf180mcu_fd_sc_mcu9t5v0__dffq_1)   15.94   17.71   -1.77 (VIOLATED)
_18952_/D (gf180mcu_fd_sc_mcu9t5v0__dffq_1)   15.94   17.71   -1.77 (VIOLATED)
_18758_/D (gf180mcu_fd_sc_mcu9t5v0__dffq_1)   15.95   17.71   -1.76 (VIOLATED)
_18754_/D (gf180mcu_fd_sc_mcu9t5v0__dffq_1)   15.95   17.71   -1.76 (VIOLATED)
_18757_/D (gf180mcu_fd_sc_mcu9t5v0__dffq_1)   15.95   17.71   -1.76 (VIOLATED)
_18760_/D (gf180mcu_fd_sc_mcu9t5v0__dffq_1)   15.95   17.71   -1.76 (VIOLATED)
_18767_/D (gf180mcu_fd_sc_mcu9t5v0__dffq_1)   15.95   17.71   -1.76 (VIOLATED)
_18947_/D (gf180mcu_fd_sc_mcu9t5v0__dffq_1)   15.95   17.71   -1.76 (VIOLATED)
_18948_/D (gf180mcu_fd_sc_mcu9t5v0__dffq_1)   15.95   17.71   -1.76 (VIOLATED)
_18949_/D (gf180mcu_fd_sc_mcu9t5v0__dffq_1)   15.95   17.71   -1.76 (VIOLATED)
_18936_/D (gf180mcu_fd_sc_mcu9t5v0__dffq_1)   15.76   17.51   -1.75 (VIOLATED)
_18744_/D (gf180mcu_fd_sc_mcu9t5v0__dffq_1)   15.83   17.57   -1.74 (VIOLATED)
_18750_/D (gf180mcu_fd_sc_mcu9t5v0__dffq_1)   15.83   17.57   -1.74 (VIOLATED)
_18752_/D (gf180mcu_fd_sc_mcu9t5v0__dffq_1)   15.83   17.57   -1.74 (VIOLATED)
_18930_/D (gf180mcu_fd_sc_mcu9t5v0__dffq_1)   15.83   17.57   -1.74 (VIOLATED)
_18931_/D (gf180mcu_fd_sc_mcu9t5v0__dffq_1)   15.83   17.57   -1.74 (VIOLATED)
_18932_/D (gf180mcu_fd_sc_mcu9t5v0__dffq_1)   15.83   17.57   -1.74 (VIOLATED)
_18933_/D (gf180mcu_fd_sc_mcu9t5v0__dffq_1)   15.83   17.57   -1.74 (VIOLATED)
_18934_/D (gf180mcu_fd_sc_mcu9t5v0__dffq_1)   15.83   17.57   -1.74 (VIOLATED)
_18935_/D (gf180mcu_fd_sc_mcu9t5v0__dffq_1)   15.83   17.57   -1.74 (VIOLATED)
_18908_/D (gf180mcu_fd_sc_mcu9t5v0__dffq_1)   15.96   17.66   -1.71 (VIOLATED)
_18909_/D (gf180mcu_fd_sc_mcu9t5v0__dffq_1)   15.96   17.66   -1.71 (VIOLATED)
_18907_/D (gf180mcu_fd_sc_mcu9t5v0__dffq_1)   15.96   17.66   -1.71 (VIOLATED)
_18911_/D (gf180mcu_fd_sc_mcu9t5v0__dffq_1)   15.96   17.66   -1.71 (VIOLATED)
_18713_/D (gf180mcu_fd_sc_mcu9t5v0__dffq_1)   15.80   17.50   -1.70 (VIOLATED)
_18720_/D (gf180mcu_fd_sc_mcu9t5v0__dffq_1)   15.80   17.50   -1.70 (VIOLATED)
_18900_/D (gf180mcu_fd_sc_mcu9t5v0__dffq_1)   15.80   17.50   -1.70 (VIOLATED)
_18906_/D (gf180mcu_fd_sc_mcu9t5v0__dffq_1)   15.80   17.50   -1.70 (VIOLATED)
_18914_/D (gf180mcu_fd_sc_mcu9t5v0__dffq_1)   15.80   17.49   -1.69 (VIOLATED)
_18915_/D (gf180mcu_fd_sc_mcu9t5v0__dffq_1)   15.80   17.49   -1.69 (VIOLATED)
_18919_/D (gf180mcu_fd_sc_mcu9t5v0__dffq_1)   15.80   17.49   -1.69 (VIOLATED)
_18920_/D (gf180mcu_fd_sc_mcu9t5v0__dffq_1)   15.80   17.49   -1.69 (VIOLATED)
_18921_/D (gf180mcu_fd_sc_mcu9t5v0__dffq_1)   15.80   17.49   -1.69 (VIOLATED)
_18922_/D (gf180mcu_fd_sc_mcu9t5v0__dffq_1)   15.80   17.49   -1.69 (VIOLATED)
_18925_/D (gf180mcu_fd_sc_mcu9t5v0__dffq_1)   15.80   17.49   -1.69 (VIOLATED)
_19803_/D (gf180mcu_fd_sc_mcu9t5v0__dffrnq_1)   15.89   17.57   -1.68 (VIOLATED)
_19804_/D (gf180mcu_fd_sc_mcu9t5v0__dffrnq_1)   15.89   17.57   -1.68 (VIOLATED)
_18833_/D (gf180mcu_fd_sc_mcu9t5v0__dffq_1)   15.88   17.56   -1.67 (VIOLATED)
_19019_/D (gf180mcu_fd_sc_mcu9t5v0__dffq_1)   15.88   17.56   -1.67 (VIOLATED)
_19025_/D (gf180mcu_fd_sc_mcu9t5v0__dffq_1)   15.88   17.56   -1.67 (VIOLATED)
_19888_/D (gf180mcu_fd_sc_mcu9t5v0__dffrnq_1)   15.89   17.57   -1.67 (VIOLATED)
_19821_/D (gf180mcu_fd_sc_mcu9t5v0__dffrnq_1)   15.89   17.57   -1.67 (VIOLATED)
_19839_/D (gf180mcu_fd_sc_mcu9t5v0__dffrnq_1)   15.89   17.57   -1.67 (VIOLATED)
_19840_/D (gf180mcu_fd_sc_mcu9t5v0__dffrnq_1)   15.90   17.57   -1.67 (VIOLATED)
_18794_/D (gf180mcu_fd_sc_mcu9t5v0__dffq_1)   15.96   17.63   -1.67 (VIOLATED)
_18797_/D (gf180mcu_fd_sc_mcu9t5v0__dffq_1)   15.96   17.63   -1.67 (VIOLATED)
_18799_/D (gf180mcu_fd_sc_mcu9t5v0__dffq_1)   15.96   17.63   -1.67 (VIOLATED)
_18985_/D (gf180mcu_fd_sc_mcu9t5v0__dffq_1)   15.96   17.63   -1.67 (VIOLATED)
_18786_/D (gf180mcu_fd_sc_mcu9t5v0__dffq_1)   15.96   17.63   -1.67 (VIOLATED)
_18787_/D (gf180mcu_fd_sc_mcu9t5v0__dffq_1)   15.96   17.63   -1.67 (VIOLATED)
_18788_/D (gf180mcu_fd_sc_mcu9t5v0__dffq_1)   15.96   17.63   -1.67 (VIOLATED)
_18789_/D (gf180mcu_fd_sc_mcu9t5v0__dffq_1)   15.96   17.63   -1.67 (VIOLATED)
_18790_/D (gf180mcu_fd_sc_mcu9t5v0__dffq_1)   15.96   17.63   -1.67 (VIOLATED)
_18791_/D (gf180mcu_fd_sc_mcu9t5v0__dffq_1)   15.96   17.63   -1.67 (VIOLATED)
_18792_/D (gf180mcu_fd_sc_mcu9t5v0__dffq_1)   15.96   17.63   -1.67 (VIOLATED)
_18793_/D (gf180mcu_fd_sc_mcu9t5v0__dffq_1)   15.96   17.63   -1.67 (VIOLATED)
_18795_/D (gf180mcu_fd_sc_mcu9t5v0__dffq_1)   15.96   17.63   -1.67 (VIOLATED)
_18796_/D (gf180mcu_fd_sc_mcu9t5v0__dffq_1)   15.96   17.63   -1.67 (VIOLATED)
_18798_/D (gf180mcu_fd_sc_mcu9t5v0__dffq_1)   15.96   17.63   -1.67 (VIOLATED)
_18800_/D (gf180mcu_fd_sc_mcu9t5v0__dffq_1)   15.96   17.63   -1.67 (VIOLATED)
_18978_/D (gf180mcu_fd_sc_mcu9t5v0__dffq_1)   15.96   17.63   -1.67 (VIOLATED)
_18979_/D (gf180mcu_fd_sc_mcu9t5v0__dffq_1)   15.96   17.63   -1.67 (VIOLATED)
_18980_/D (gf180mcu_fd_sc_mcu9t5v0__dffq_1)   15.96   17.63   -1.67 (VIOLATED)
_18981_/D (gf180mcu_fd_sc_mcu9t5v0__dffq_1)   15.96   17.63   -1.67 (VIOLATED)
_18982_/D (gf180mcu_fd_sc_mcu9t5v0__dffq_1)   15.96   17.63   -1.67 (VIOLATED)
_18983_/D (gf180mcu_fd_sc_mcu9t5v0__dffq_1)   15.96   17.63   -1.67 (VIOLATED)
_18984_/D (gf180mcu_fd_sc_mcu9t5v0__dffq_1)   15.96   17.63   -1.67 (VIOLATED)
_18986_/D (gf180mcu_fd_sc_mcu9t5v0__dffq_1)   15.96   17.63   -1.67 (VIOLATED)
_18987_/D (gf180mcu_fd_sc_mcu9t5v0__dffq_1)   15.96   17.63   -1.67 (VIOLATED)
_18988_/D (gf180mcu_fd_sc_mcu9t5v0__dffq_1)   15.96   17.63   -1.67 (VIOLATED)
_18989_/D (gf180mcu_fd_sc_mcu9t5v0__dffq_1)   15.96   17.63   -1.67 (VIOLATED)
_18990_/D (gf180mcu_fd_sc_mcu9t5v0__dffq_1)   15.96   17.63   -1.67 (VIOLATED)
_18991_/D (gf180mcu_fd_sc_mcu9t5v0__dffq_1)   15.96   17.63   -1.67 (VIOLATED)
_18992_/D (gf180mcu_fd_sc_mcu9t5v0__dffq_1)   15.96   17.63   -1.67 (VIOLATED)
_19822_/D (gf180mcu_fd_sc_mcu9t5v0__dffrnq_1)   15.90   17.57   -1.67 (VIOLATED)
_19889_/D (gf180mcu_fd_sc_mcu9t5v0__dffrnq_1)   15.90   17.57   -1.67 (VIOLATED)
_18961_/D (gf180mcu_fd_sc_mcu9t5v0__dffq_1)   15.95   17.62   -1.67 (VIOLATED)
_18953_/D (gf180mcu_fd_sc_mcu9t5v0__dffq_1)   15.85   17.51   -1.66 (VIOLATED)
_18955_/D (gf180mcu_fd_sc_mcu9t5v0__dffq_1)   15.85   17.51   -1.66 (VIOLATED)
_18956_/D (gf180mcu_fd_sc_mcu9t5v0__dffq_1)   15.85   17.51   -1.66 (VIOLATED)
_18954_/D (gf180mcu_fd_sc_mcu9t5v0__dffq_1)   15.85   17.51   -1.66 (VIOLATED)
_18957_/D (gf180mcu_fd_sc_mcu9t5v0__dffq_1)   15.85   17.51   -1.66 (VIOLATED)
_20192_/D (gf180mcu_fd_sc_mcu9t5v0__dffrnq_1)   15.70   17.36   -1.65 (VIOLATED)
_18761_/D (gf180mcu_fd_sc_mcu9t5v0__dffq_1)   15.95   17.60   -1.65 (VIOLATED)
_18762_/D (gf180mcu_fd_sc_mcu9t5v0__dffq_1)   15.95   17.60   -1.65 (VIOLATED)
_18764_/D (gf180mcu_fd_sc_mcu9t5v0__dffq_1)   15.95   17.60   -1.65 (VIOLATED)
_18769_/D (gf180mcu_fd_sc_mcu9t5v0__dffq_1)   15.95   17.60   -1.65 (VIOLATED)
_18861_/D (gf180mcu_fd_sc_mcu9t5v0__dffq_1)   15.96   17.60   -1.64 (VIOLATED)
_18863_/D (gf180mcu_fd_sc_mcu9t5v0__dffq_1)   15.96   17.60   -1.64 (VIOLATED)
_19045_/D (gf180mcu_fd_sc_mcu9t5v0__dffq_1)   15.96   17.60   -1.64 (VIOLATED)
_19042_/D (gf180mcu_fd_sc_mcu9t5v0__dffq_1)   15.96   17.60   -1.64 (VIOLATED)
_19046_/D (gf180mcu_fd_sc_mcu9t5v0__dffq_1)   15.96   17.60   -1.64 (VIOLATED)
_18862_/D (gf180mcu_fd_sc_mcu9t5v0__dffq_1)   15.96   17.60   -1.64 (VIOLATED)
_18864_/D (gf180mcu_fd_sc_mcu9t5v0__dffq_1)   15.96   17.60   -1.64 (VIOLATED)
_19043_/D (gf180mcu_fd_sc_mcu9t5v0__dffq_1)   15.96   17.60   -1.64 (VIOLATED)
_18860_/D (gf180mcu_fd_sc_mcu9t5v0__dffq_1)   15.96   17.60   -1.64 (VIOLATED)
_19044_/D (gf180mcu_fd_sc_mcu9t5v0__dffq_1)   15.96   17.60   -1.64 (VIOLATED)
_19017_/D (gf180mcu_fd_sc_mcu9t5v0__dffq_1)   15.95   17.60   -1.64 (VIOLATED)
_18759_/D (gf180mcu_fd_sc_mcu9t5v0__dffq_1)   15.84   17.48   -1.64 (VIOLATED)
_19018_/D (gf180mcu_fd_sc_mcu9t5v0__dffq_1)   15.96   17.60   -1.64 (VIOLATED)
_19020_/D (gf180mcu_fd_sc_mcu9t5v0__dffq_1)   15.96   17.60   -1.64 (VIOLATED)
_19021_/D (gf180mcu_fd_sc_mcu9t5v0__dffq_1)   15.96   17.60   -1.64 (VIOLATED)
_19022_/D (gf180mcu_fd_sc_mcu9t5v0__dffq_1)   15.96   17.60   -1.64 (VIOLATED)
_19023_/D (gf180mcu_fd_sc_mcu9t5v0__dffq_1)   15.96   17.60   -1.64 (VIOLATED)
_18732_/D (gf180mcu_fd_sc_mcu9t5v0__dffq_1)   15.82   17.46   -1.64 (VIOLATED)
_18926_/D (gf180mcu_fd_sc_mcu9t5v0__dffq_1)   15.94   17.58   -1.64 (VIOLATED)
u_transform_scheduler_core.u_fft_scratch_sram.u_hi.u_sram/A[5] (gf180mcu_fd_ip_sram__sram256x8m8wm1)   15.02   16.66   -1.64 (VIOLATED)
u_transform_scheduler_core.u_fft_scratch_sram.u_lo.u_sram/A[5] (gf180mcu_fd_ip_sram__sram256x8m8wm1)   15.02   16.66   -1.64 (VIOLATED)
_18725_/D (gf180mcu_fd_sc_mcu9t5v0__dffq_1)   15.95   17.58   -1.63 (VIOLATED)
_18726_/D (gf180mcu_fd_sc_mcu9t5v0__dffq_1)   15.95   17.58   -1.63 (VIOLATED)
_18731_/D (gf180mcu_fd_sc_mcu9t5v0__dffq_1)   15.95   17.58   -1.63 (VIOLATED)
_18916_/D (gf180mcu_fd_sc_mcu9t5v0__dffq_1)   15.95   17.58   -1.63 (VIOLATED)
_18918_/D (gf180mcu_fd_sc_mcu9t5v0__dffq_1)   15.95   17.58   -1.63 (VIOLATED)
_18924_/D (gf180mcu_fd_sc_mcu9t5v0__dffq_1)   15.95   17.58   -1.63 (VIOLATED)
_18905_/D (gf180mcu_fd_sc_mcu9t5v0__dffq_1)   15.81   17.44   -1.63 (VIOLATED)
u_transform_scheduler_core.u_fft_scratch_sram.u_hi.u_sram/A[3] (gf180mcu_fd_ip_sram__sram256x8m8wm1)   15.02   16.65   -1.63 (VIOLATED)
u_transform_scheduler_core.u_fft_scratch_sram.u_lo.u_sram/A[3] (gf180mcu_fd_ip_sram__sram256x8m8wm1)   15.02   16.65   -1.63 (VIOLATED)
_19024_/D (gf180mcu_fd_sc_mcu9t5v0__dffq_1)   15.96   17.59   -1.63 (VIOLATED)
_18901_/D (gf180mcu_fd_sc_mcu9t5v0__dffq_1)   15.96   17.58   -1.62 (VIOLATED)
_18912_/D (gf180mcu_fd_sc_mcu9t5v0__dffq_1)   15.96   17.58   -1.62 (VIOLATED)
u_transform_scheduler_core.u_fft_scratch_sram.u_hi.u_sram/A[4] (gf180mcu_fd_ip_sram__sram256x8m8wm1)   15.02   16.64   -1.62 (VIOLATED)
u_transform_scheduler_core.u_fft_scratch_sram.u_lo.u_sram/A[4] (gf180mcu_fd_ip_sram__sram256x8m8wm1)   15.02   16.64   -1.62 (VIOLATED)
_18728_/D (gf180mcu_fd_sc_mcu9t5v0__dffq_1)   15.81   17.42   -1.61 (VIOLATED)
_18923_/D (gf180mcu_fd_sc_mcu9t5v0__dffq_1)   15.81   17.42   -1.61 (VIOLATED)
_18927_/D (gf180mcu_fd_sc_mcu9t5v0__dffq_1)   15.81   17.42   -1.61 (VIOLATED)
_18724_/D (gf180mcu_fd_sc_mcu9t5v0__dffq_1)   15.80   17.41   -1.61 (VIOLATED)
_18734_/D (gf180mcu_fd_sc_mcu9t5v0__dffq_1)   15.80   17.41   -1.61 (VIOLATED)
_20191_/D (gf180mcu_fd_sc_mcu9t5v0__dffrnq_1)   15.69   17.29   -1.61 (VIOLATED)
_18929_/D (gf180mcu_fd_sc_mcu9t5v0__dffq_1)   15.80   17.41   -1.61 (VIOLATED)
_18815_/D (gf180mcu_fd_sc_mcu9t5v0__dffq_1)   15.96   17.56   -1.60 (VIOLATED)
_19003_/D (gf180mcu_fd_sc_mcu9t5v0__dffq_1)   15.96   17.56   -1.60 (VIOLATED)
_18806_/D (gf180mcu_fd_sc_mcu9t5v0__dffq_1)   15.96   17.56   -1.60 (VIOLATED)
_18810_/D (gf180mcu_fd_sc_mcu9t5v0__dffq_1)   15.96   17.56   -1.60 (VIOLATED)
_18997_/D (gf180mcu_fd_sc_mcu9t5v0__dffq_1)   15.96   17.56   -1.60 (VIOLATED)
_18803_/D (gf180mcu_fd_sc_mcu9t5v0__dffq_1)   15.96   17.56   -1.60 (VIOLATED)
_18804_/D (gf180mcu_fd_sc_mcu9t5v0__dffq_1)   15.96   17.56   -1.60 (VIOLATED)
_18807_/D (gf180mcu_fd_sc_mcu9t5v0__dffq_1)   15.96   17.56   -1.60 (VIOLATED)
_18808_/D (gf180mcu_fd_sc_mcu9t5v0__dffq_1)   15.96   17.56   -1.60 (VIOLATED)
_18809_/D (gf180mcu_fd_sc_mcu9t5v0__dffq_1)   15.96   17.56   -1.60 (VIOLATED)
_18811_/D (gf180mcu_fd_sc_mcu9t5v0__dffq_1)   15.96   17.56   -1.60 (VIOLATED)
_18813_/D (gf180mcu_fd_sc_mcu9t5v0__dffq_1)   15.96   17.56   -1.60 (VIOLATED)
_18814_/D (gf180mcu_fd_sc_mcu9t5v0__dffq_1)   15.96   17.56   -1.60 (VIOLATED)
_18816_/D (gf180mcu_fd_sc_mcu9t5v0__dffq_1)   15.96   17.56   -1.60 (VIOLATED)
_18994_/D (gf180mcu_fd_sc_mcu9t5v0__dffq_1)   15.96   17.56   -1.60 (VIOLATED)
_18995_/D (gf180mcu_fd_sc_mcu9t5v0__dffq_1)   15.96   17.56   -1.60 (VIOLATED)
_18996_/D (gf180mcu_fd_sc_mcu9t5v0__dffq_1)   15.96   17.56   -1.60 (VIOLATED)
_18998_/D (gf180mcu_fd_sc_mcu9t5v0__dffq_1)   15.96   17.56   -1.60 (VIOLATED)
_18999_/D (gf180mcu_fd_sc_mcu9t5v0__dffq_1)   15.96   17.56   -1.60 (VIOLATED)
_19000_/D (gf180mcu_fd_sc_mcu9t5v0__dffq_1)   15.96   17.56   -1.60 (VIOLATED)
_19001_/D (gf180mcu_fd_sc_mcu9t5v0__dffq_1)   15.96   17.56   -1.60 (VIOLATED)
_19002_/D (gf180mcu_fd_sc_mcu9t5v0__dffq_1)   15.96   17.56   -1.60 (VIOLATED)
_19004_/D (gf180mcu_fd_sc_mcu9t5v0__dffq_1)   15.96   17.56   -1.60 (VIOLATED)
_19005_/D (gf180mcu_fd_sc_mcu9t5v0__dffq_1)   15.96   17.56   -1.60 (VIOLATED)
_19006_/D (gf180mcu_fd_sc_mcu9t5v0__dffq_1)   15.96   17.56   -1.60 (VIOLATED)
_19007_/D (gf180mcu_fd_sc_mcu9t5v0__dffq_1)   15.96   17.56   -1.60 (VIOLATED)
_19008_/D (gf180mcu_fd_sc_mcu9t5v0__dffq_1)   15.96   17.56   -1.60 (VIOLATED)
_18802_/D (gf180mcu_fd_sc_mcu9t5v0__dffq_1)   15.96   17.56   -1.60 (VIOLATED)
_18805_/D (gf180mcu_fd_sc_mcu9t5v0__dffq_1)   15.96   17.56   -1.60 (VIOLATED)
_18812_/D (gf180mcu_fd_sc_mcu9t5v0__dffq_1)   15.96   17.56   -1.60 (VIOLATED)
_18736_/D (gf180mcu_fd_sc_mcu9t5v0__dffq_1)   15.80   17.41   -1.60 (VIOLATED)
_18939_/D (gf180mcu_fd_sc_mcu9t5v0__dffq_1)   15.96   17.56   -1.60 (VIOLATED)
_18943_/D (gf180mcu_fd_sc_mcu9t5v0__dffq_1)   15.96   17.56   -1.60 (VIOLATED)
_18944_/D (gf180mcu_fd_sc_mcu9t5v0__dffq_1)   15.96   17.56   -1.60 (VIOLATED)
_18745_/D (gf180mcu_fd_sc_mcu9t5v0__dffq_1)   15.96   17.56   -1.60 (VIOLATED)
_18747_/D (gf180mcu_fd_sc_mcu9t5v0__dffq_1)   15.96   17.56   -1.60 (VIOLATED)
_18751_/D (gf180mcu_fd_sc_mcu9t5v0__dffq_1)   15.96   17.56   -1.60 (VIOLATED)
_18938_/D (gf180mcu_fd_sc_mcu9t5v0__dffq_1)   15.96   17.56   -1.60 (VIOLATED)
_18941_/D (gf180mcu_fd_sc_mcu9t5v0__dffq_1)   15.96   17.56   -1.60 (VIOLATED)
_18729_/D (gf180mcu_fd_sc_mcu9t5v0__dffq_1)   15.80   17.40   -1.60 (VIOLATED)
_18852_/D (gf180mcu_fd_sc_mcu9t5v0__dffq_1)   15.96   17.55   -1.60 (VIOLATED)
_18857_/D (gf180mcu_fd_sc_mcu9t5v0__dffq_1)   15.96   17.55   -1.60 (VIOLATED)
_18858_/D (gf180mcu_fd_sc_mcu9t5v0__dffq_1)   15.96   17.55   -1.60 (VIOLATED)
_18856_/D (gf180mcu_fd_sc_mcu9t5v0__dffq_1)   15.96   17.55   -1.60 (VIOLATED)
_19047_/D (gf180mcu_fd_sc_mcu9t5v0__dffq_1)   15.96   17.55   -1.60 (VIOLATED)
_19052_/D (gf180mcu_fd_sc_mcu9t5v0__dffq_1)   15.96   17.55   -1.60 (VIOLATED)
_19054_/D (gf180mcu_fd_sc_mcu9t5v0__dffq_1)   15.96   17.55   -1.60 (VIOLATED)
_19049_/D (gf180mcu_fd_sc_mcu9t5v0__dffq_1)   15.96   17.55   -1.60 (VIOLATED)
_19050_/D (gf180mcu_fd_sc_mcu9t5v0__dffq_1)   15.96   17.55   -1.60 (VIOLATED)
_18859_/D (gf180mcu_fd_sc_mcu9t5v0__dffq_1)   15.96   17.55   -1.60 (VIOLATED)
_19053_/D (gf180mcu_fd_sc_mcu9t5v0__dffq_1)   15.96   17.55   -1.60 (VIOLATED)
_19055_/D (gf180mcu_fd_sc_mcu9t5v0__dffq_1)   15.96   17.55   -1.60 (VIOLATED)
_19056_/D (gf180mcu_fd_sc_mcu9t5v0__dffq_1)   15.96   17.55   -1.60 (VIOLATED)
_19051_/D (gf180mcu_fd_sc_mcu9t5v0__dffq_1)   15.96   17.55   -1.60 (VIOLATED)
_18855_/D (gf180mcu_fd_sc_mcu9t5v0__dffq_1)   15.96   17.55   -1.60 (VIOLATED)
_19048_/D (gf180mcu_fd_sc_mcu9t5v0__dffq_1)   15.96   17.55   -1.60 (VIOLATED)
_18850_/D (gf180mcu_fd_sc_mcu9t5v0__dffq_1)   15.96   17.55   -1.60 (VIOLATED)
_18851_/D (gf180mcu_fd_sc_mcu9t5v0__dffq_1)   15.96   17.55   -1.60 (VIOLATED)
_18854_/D (gf180mcu_fd_sc_mcu9t5v0__dffq_1)   15.96   17.55   -1.60 (VIOLATED)
_18853_/D (gf180mcu_fd_sc_mcu9t5v0__dffq_1)   15.96   17.55   -1.60 (VIOLATED)
_18971_/D (gf180mcu_fd_sc_mcu9t5v0__dffq_1)   15.96   17.55   -1.59 (VIOLATED)
_18771_/D (gf180mcu_fd_sc_mcu9t5v0__dffq_1)   15.96   17.55   -1.59 (VIOLATED)
_18772_/D (gf180mcu_fd_sc_mcu9t5v0__dffq_1)   15.96   17.55   -1.59 (VIOLATED)
_18776_/D (gf180mcu_fd_sc_mcu9t5v0__dffq_1)   15.96   17.55   -1.59 (VIOLATED)
_18779_/D (gf180mcu_fd_sc_mcu9t5v0__dffq_1)   15.96   17.55   -1.59 (VIOLATED)
_18782_/D (gf180mcu_fd_sc_mcu9t5v0__dffq_1)   15.96   17.55   -1.59 (VIOLATED)
_18964_/D (gf180mcu_fd_sc_mcu9t5v0__dffq_1)   15.96   17.55   -1.59 (VIOLATED)
_18965_/D (gf180mcu_fd_sc_mcu9t5v0__dffq_1)   15.96   17.55   -1.59 (VIOLATED)
_18968_/D (gf180mcu_fd_sc_mcu9t5v0__dffq_1)   15.96   17.55   -1.59 (VIOLATED)
_18973_/D (gf180mcu_fd_sc_mcu9t5v0__dffq_1)   15.96   17.55   -1.59 (VIOLATED)
_18976_/D (gf180mcu_fd_sc_mcu9t5v0__dffq_1)   15.96   17.55   -1.59 (VIOLATED)
_18770_/D (gf180mcu_fd_sc_mcu9t5v0__dffq_1)   15.96   17.55   -1.59 (VIOLATED)
_18773_/D (gf180mcu_fd_sc_mcu9t5v0__dffq_1)   15.96   17.55   -1.59 (VIOLATED)
_18774_/D (gf180mcu_fd_sc_mcu9t5v0__dffq_1)   15.96   17.55   -1.59 (VIOLATED)
_18775_/D (gf180mcu_fd_sc_mcu9t5v0__dffq_1)   15.96   17.55   -1.59 (VIOLATED)
_18777_/D (gf180mcu_fd_sc_mcu9t5v0__dffq_1)   15.96   17.55   -1.59 (VIOLATED)
_18778_/D (gf180mcu_fd_sc_mcu9t5v0__dffq_1)   15.96   17.55   -1.59 (VIOLATED)
_18780_/D (gf180mcu_fd_sc_mcu9t5v0__dffq_1)   15.96   17.55   -1.59 (VIOLATED)
_18781_/D (gf180mcu_fd_sc_mcu9t5v0__dffq_1)   15.96   17.55   -1.59 (VIOLATED)
_18783_/D (gf180mcu_fd_sc_mcu9t5v0__dffq_1)   15.96   17.55   -1.59 (VIOLATED)
_18784_/D (gf180mcu_fd_sc_mcu9t5v0__dffq_1)   15.96   17.55   -1.59 (VIOLATED)
_18962_/D (gf180mcu_fd_sc_mcu9t5v0__dffq_1)   15.96   17.55   -1.59 (VIOLATED)
_18963_/D (gf180mcu_fd_sc_mcu9t5v0__dffq_1)   15.96   17.55   -1.59 (VIOLATED)
_18966_/D (gf180mcu_fd_sc_mcu9t5v0__dffq_1)   15.96   17.55   -1.59 (VIOLATED)
_18967_/D (gf180mcu_fd_sc_mcu9t5v0__dffq_1)   15.96   17.55   -1.59 (VIOLATED)
_18969_/D (gf180mcu_fd_sc_mcu9t5v0__dffq_1)   15.96   17.55   -1.59 (VIOLATED)
_18970_/D (gf180mcu_fd_sc_mcu9t5v0__dffq_1)   15.96   17.55   -1.59 (VIOLATED)
_18972_/D (gf180mcu_fd_sc_mcu9t5v0__dffq_1)   15.96   17.55   -1.59 (VIOLATED)
_18974_/D (gf180mcu_fd_sc_mcu9t5v0__dffq_1)   15.96   17.55   -1.59 (VIOLATED)
_18975_/D (gf180mcu_fd_sc_mcu9t5v0__dffq_1)   15.96   17.55   -1.59 (VIOLATED)
_18722_/D (gf180mcu_fd_sc_mcu9t5v0__dffq_1)   15.80   17.39   -1.59 (VIOLATED)
_18723_/D (gf180mcu_fd_sc_mcu9t5v0__dffq_1)   15.80   17.39   -1.59 (VIOLATED)
_18910_/D (gf180mcu_fd_sc_mcu9t5v0__dffq_1)   15.96   17.52   -1.57 (VIOLATED)
u_transform_scheduler_core.u_fft_scratch_sram.u_hi.u_sram/A[0] (gf180mcu_fd_ip_sram__sram256x8m8wm1)   15.30   16.87   -1.57 (VIOLATED)
u_transform_scheduler_core.u_fft_scratch_sram.u_lo.u_sram/A[0] (gf180mcu_fd_ip_sram__sram256x8m8wm1)   15.30   16.87   -1.57 (VIOLATED)
_18890_/D (gf180mcu_fd_sc_mcu9t5v0__dffq_1)   15.84   17.41   -1.57 (VIOLATED)
_18893_/D (gf180mcu_fd_sc_mcu9t5v0__dffq_1)   15.84   17.41   -1.57 (VIOLATED)
_19081_/D (gf180mcu_fd_sc_mcu9t5v0__dffq_1)   15.84   17.41   -1.57 (VIOLATED)
_18895_/D (gf180mcu_fd_sc_mcu9t5v0__dffq_1)   15.84   17.41   -1.57 (VIOLATED)
_19084_/D (gf180mcu_fd_sc_mcu9t5v0__dffq_1)   15.84   17.41   -1.57 (VIOLATED)
_19088_/D (gf180mcu_fd_sc_mcu9t5v0__dffq_1)   15.84   17.41   -1.57 (VIOLATED)
_19086_/D (gf180mcu_fd_sc_mcu9t5v0__dffq_1)   15.84   17.41   -1.57 (VIOLATED)
_18883_/D (gf180mcu_fd_sc_mcu9t5v0__dffq_1)   15.84   17.41   -1.56 (VIOLATED)
_19080_/D (gf180mcu_fd_sc_mcu9t5v0__dffq_1)   15.84   17.41   -1.56 (VIOLATED)
_19074_/D (gf180mcu_fd_sc_mcu9t5v0__dffq_1)   15.84   17.41   -1.56 (VIOLATED)
_19075_/D (gf180mcu_fd_sc_mcu9t5v0__dffq_1)   15.84   17.41   -1.56 (VIOLATED)
_19076_/D (gf180mcu_fd_sc_mcu9t5v0__dffq_1)   15.84   17.41   -1.56 (VIOLATED)
_19077_/D (gf180mcu_fd_sc_mcu9t5v0__dffq_1)   15.84   17.41   -1.56 (VIOLATED)
_19078_/D (gf180mcu_fd_sc_mcu9t5v0__dffq_1)   15.84   17.41   -1.56 (VIOLATED)
_19079_/D (gf180mcu_fd_sc_mcu9t5v0__dffq_1)   15.84   17.41   -1.56 (VIOLATED)
_18882_/D (gf180mcu_fd_sc_mcu9t5v0__dffq_1)   15.84   17.41   -1.56 (VIOLATED)
_18884_/D (gf180mcu_fd_sc_mcu9t5v0__dffq_1)   15.84   17.41   -1.56 (VIOLATED)
_18885_/D (gf180mcu_fd_sc_mcu9t5v0__dffq_1)   15.84   17.41   -1.56 (VIOLATED)
_18886_/D (gf180mcu_fd_sc_mcu9t5v0__dffq_1)   15.84   17.41   -1.56 (VIOLATED)
_18887_/D (gf180mcu_fd_sc_mcu9t5v0__dffq_1)   15.84   17.41   -1.56 (VIOLATED)
_18894_/D (gf180mcu_fd_sc_mcu9t5v0__dffq_1)   15.85   17.41   -1.56 (VIOLATED)
_18896_/D (gf180mcu_fd_sc_mcu9t5v0__dffq_1)   15.85   17.41   -1.56 (VIOLATED)
_18888_/D (gf180mcu_fd_sc_mcu9t5v0__dffq_1)   15.85   17.41   -1.56 (VIOLATED)
_18889_/D (gf180mcu_fd_sc_mcu9t5v0__dffq_1)   15.85   17.41   -1.56 (VIOLATED)
_18891_/D (gf180mcu_fd_sc_mcu9t5v0__dffq_1)   15.85   17.41   -1.56 (VIOLATED)
_18892_/D (gf180mcu_fd_sc_mcu9t5v0__dffq_1)   15.85   17.41   -1.56 (VIOLATED)
_19082_/D (gf180mcu_fd_sc_mcu9t5v0__dffq_1)   15.85   17.41   -1.56 (VIOLATED)
_19083_/D (gf180mcu_fd_sc_mcu9t5v0__dffq_1)   15.85   17.41   -1.56 (VIOLATED)
_19085_/D (gf180mcu_fd_sc_mcu9t5v0__dffq_1)   15.85   17.41   -1.56 (VIOLATED)
_19087_/D (gf180mcu_fd_sc_mcu9t5v0__dffq_1)   15.85   17.41   -1.56 (VIOLATED)
_18937_/D (gf180mcu_fd_sc_mcu9t5v0__dffq_1)   15.84   17.40   -1.56 (VIOLATED)
_18942_/D (gf180mcu_fd_sc_mcu9t5v0__dffq_1)   15.84   17.40   -1.56 (VIOLATED)
_18737_/D (gf180mcu_fd_sc_mcu9t5v0__dffq_1)   15.82   17.37   -1.55 (VIOLATED)
_20006_/D (gf180mcu_fd_sc_mcu9t5v0__dffrnq_1)   15.90   17.43   -1.53 (VIOLATED)
_18960_/D (gf180mcu_fd_sc_mcu9t5v0__dffq_1)   15.94   17.46   -1.53 (VIOLATED)
_18730_/D (gf180mcu_fd_sc_mcu9t5v0__dffq_1)   15.80   17.31   -1.51 (VIOLATED)
_18733_/D (gf180mcu_fd_sc_mcu9t5v0__dffq_1)   15.80   17.31   -1.51 (VIOLATED)
_18765_/D (gf180mcu_fd_sc_mcu9t5v0__dffq_1)   15.94   17.44   -1.50 (VIOLATED)
_18707_/D (gf180mcu_fd_sc_mcu9t5v0__dffq_1)   15.84   17.33   -1.50 (VIOLATED)
_18714_/D (gf180mcu_fd_sc_mcu9t5v0__dffq_1)   15.84   17.33   -1.50 (VIOLATED)
_18715_/D (gf180mcu_fd_sc_mcu9t5v0__dffq_1)   15.84   17.33   -1.50 (VIOLATED)
_18717_/D (gf180mcu_fd_sc_mcu9t5v0__dffq_1)   15.84   17.33   -1.50 (VIOLATED)
_18766_/D (gf180mcu_fd_sc_mcu9t5v0__dffq_1)   15.95   17.44   -1.49 (VIOLATED)
_18768_/D (gf180mcu_fd_sc_mcu9t5v0__dffq_1)   15.95   17.44   -1.49 (VIOLATED)
_18763_/D (gf180mcu_fd_sc_mcu9t5v0__dffq_1)   15.95   17.44   -1.49 (VIOLATED)
_19035_/D (gf180mcu_fd_sc_mcu9t5v0__dffq_1)   15.96   17.45   -1.49 (VIOLATED)
_18834_/D (gf180mcu_fd_sc_mcu9t5v0__dffq_1)   15.96   17.45   -1.49 (VIOLATED)
_19067_/D (gf180mcu_fd_sc_mcu9t5v0__dffq_1)   15.96   17.45   -1.49 (VIOLATED)
_18835_/D (gf180mcu_fd_sc_mcu9t5v0__dffq_1)   15.96   17.45   -1.49 (VIOLATED)
_18836_/D (gf180mcu_fd_sc_mcu9t5v0__dffq_1)   15.96   17.45   -1.49 (VIOLATED)
_18837_/D (gf180mcu_fd_sc_mcu9t5v0__dffq_1)   15.96   17.45   -1.49 (VIOLATED)
_18838_/D (gf180mcu_fd_sc_mcu9t5v0__dffq_1)   15.96   17.45   -1.49 (VIOLATED)
_18839_/D (gf180mcu_fd_sc_mcu9t5v0__dffq_1)   15.96   17.45   -1.49 (VIOLATED)
_18840_/D (gf180mcu_fd_sc_mcu9t5v0__dffq_1)   15.96   17.45   -1.49 (VIOLATED)
_18841_/D (gf180mcu_fd_sc_mcu9t5v0__dffq_1)   15.96   17.45   -1.49 (VIOLATED)
_18842_/D (gf180mcu_fd_sc_mcu9t5v0__dffq_1)   15.96   17.45   -1.49 (VIOLATED)
_18843_/D (gf180mcu_fd_sc_mcu9t5v0__dffq_1)   15.96   17.45   -1.49 (VIOLATED)
_18844_/D (gf180mcu_fd_sc_mcu9t5v0__dffq_1)   15.96   17.45   -1.49 (VIOLATED)
_18845_/D (gf180mcu_fd_sc_mcu9t5v0__dffq_1)   15.96   17.45   -1.49 (VIOLATED)
_18846_/D (gf180mcu_fd_sc_mcu9t5v0__dffq_1)   15.96   17.45   -1.49 (VIOLATED)
_18847_/D (gf180mcu_fd_sc_mcu9t5v0__dffq_1)   15.96   17.45   -1.49 (VIOLATED)
_18848_/D (gf180mcu_fd_sc_mcu9t5v0__dffq_1)   15.96   17.45   -1.49 (VIOLATED)
_18866_/D (gf180mcu_fd_sc_mcu9t5v0__dffq_1)   15.96   17.45   -1.49 (VIOLATED)
_19026_/D (gf180mcu_fd_sc_mcu9t5v0__dffq_1)   15.96   17.45   -1.49 (VIOLATED)
_19027_/D (gf180mcu_fd_sc_mcu9t5v0__dffq_1)   15.96   17.45   -1.49 (VIOLATED)
_19028_/D (gf180mcu_fd_sc_mcu9t5v0__dffq_1)   15.96   17.45   -1.49 (VIOLATED)
_19029_/D (gf180mcu_fd_sc_mcu9t5v0__dffq_1)   15.96   17.45   -1.49 (VIOLATED)
_19030_/D (gf180mcu_fd_sc_mcu9t5v0__dffq_1)   15.96   17.45   -1.49 (VIOLATED)
_19031_/D (gf180mcu_fd_sc_mcu9t5v0__dffq_1)   15.96   17.45   -1.49 (VIOLATED)
_19032_/D (gf180mcu_fd_sc_mcu9t5v0__dffq_1)   15.96   17.45   -1.49 (VIOLATED)
_19033_/D (gf180mcu_fd_sc_mcu9t5v0__dffq_1)   15.96   17.45   -1.49 (VIOLATED)
_19034_/D (gf180mcu_fd_sc_mcu9t5v0__dffq_1)   15.96   17.45   -1.49 (VIOLATED)
_19036_/D (gf180mcu_fd_sc_mcu9t5v0__dffq_1)   15.96   17.45   -1.49 (VIOLATED)
_19037_/D (gf180mcu_fd_sc_mcu9t5v0__dffq_1)   15.96   17.45   -1.49 (VIOLATED)
_19038_/D (gf180mcu_fd_sc_mcu9t5v0__dffq_1)   15.96   17.45   -1.49 (VIOLATED)
_19039_/D (gf180mcu_fd_sc_mcu9t5v0__dffq_1)   15.96   17.45   -1.49 (VIOLATED)
_19040_/D (gf180mcu_fd_sc_mcu9t5v0__dffq_1)   15.96   17.45   -1.49 (VIOLATED)
_18879_/D (gf180mcu_fd_sc_mcu9t5v0__dffq_1)   15.96   17.45   -1.49 (VIOLATED)
_18867_/D (gf180mcu_fd_sc_mcu9t5v0__dffq_1)   15.96   17.45   -1.49 (VIOLATED)
_18868_/D (gf180mcu_fd_sc_mcu9t5v0__dffq_1)   15.96   17.45   -1.49 (VIOLATED)
_18869_/D (gf180mcu_fd_sc_mcu9t5v0__dffq_1)   15.96   17.45   -1.49 (VIOLATED)
_18870_/D (gf180mcu_fd_sc_mcu9t5v0__dffq_1)   15.96   17.45   -1.49 (VIOLATED)
_18872_/D (gf180mcu_fd_sc_mcu9t5v0__dffq_1)   15.96   17.45   -1.49 (VIOLATED)
_18873_/D (gf180mcu_fd_sc_mcu9t5v0__dffq_1)   15.96   17.45   -1.49 (VIOLATED)
_18874_/D (gf180mcu_fd_sc_mcu9t5v0__dffq_1)   15.96   17.45   -1.49 (VIOLATED)
_18875_/D (gf180mcu_fd_sc_mcu9t5v0__dffq_1)   15.96   17.45   -1.49 (VIOLATED)
_18876_/D (gf180mcu_fd_sc_mcu9t5v0__dffq_1)   15.96   17.45   -1.49 (VIOLATED)
_18877_/D (gf180mcu_fd_sc_mcu9t5v0__dffq_1)   15.96   17.45   -1.49 (VIOLATED)
_18878_/D (gf180mcu_fd_sc_mcu9t5v0__dffq_1)   15.96   17.45   -1.49 (VIOLATED)
_18880_/D (gf180mcu_fd_sc_mcu9t5v0__dffq_1)   15.96   17.45   -1.49 (VIOLATED)
_19058_/D (gf180mcu_fd_sc_mcu9t5v0__dffq_1)   15.96   17.45   -1.49 (VIOLATED)
_19059_/D (gf180mcu_fd_sc_mcu9t5v0__dffq_1)   15.96   17.45   -1.49 (VIOLATED)
_19060_/D (gf180mcu_fd_sc_mcu9t5v0__dffq_1)   15.96   17.45   -1.49 (VIOLATED)
_19062_/D (gf180mcu_fd_sc_mcu9t5v0__dffq_1)   15.96   17.45   -1.49 (VIOLATED)
_19063_/D (gf180mcu_fd_sc_mcu9t5v0__dffq_1)   15.96   17.45   -1.49 (VIOLATED)
_19064_/D (gf180mcu_fd_sc_mcu9t5v0__dffq_1)   15.96   17.45   -1.49 (VIOLATED)
_19065_/D (gf180mcu_fd_sc_mcu9t5v0__dffq_1)   15.96   17.45   -1.49 (VIOLATED)
_19066_/D (gf180mcu_fd_sc_mcu9t5v0__dffq_1)   15.96   17.45   -1.49 (VIOLATED)
_19068_/D (gf180mcu_fd_sc_mcu9t5v0__dffq_1)   15.96   17.45   -1.49 (VIOLATED)
_19069_/D (gf180mcu_fd_sc_mcu9t5v0__dffq_1)   15.96   17.45   -1.49 (VIOLATED)
_19070_/D (gf180mcu_fd_sc_mcu9t5v0__dffq_1)   15.96   17.45   -1.49 (VIOLATED)
_19071_/D (gf180mcu_fd_sc_mcu9t5v0__dffq_1)   15.96   17.45   -1.49 (VIOLATED)
_19072_/D (gf180mcu_fd_sc_mcu9t5v0__dffq_1)   15.96   17.45   -1.49 (VIOLATED)
_18871_/D (gf180mcu_fd_sc_mcu9t5v0__dffq_1)   15.96   17.45   -1.49 (VIOLATED)
_19061_/D (gf180mcu_fd_sc_mcu9t5v0__dffq_1)   15.96   17.45   -1.49 (VIOLATED)
_20190_/D (gf180mcu_fd_sc_mcu9t5v0__dffrnq_1)   15.70   17.18   -1.48 (VIOLATED)
_18917_/D (gf180mcu_fd_sc_mcu9t5v0__dffq_1)   15.96   17.43   -1.47 (VIOLATED)
_18727_/D (gf180mcu_fd_sc_mcu9t5v0__dffq_1)   15.96   17.43   -1.47 (VIOLATED)
_18719_/D (gf180mcu_fd_sc_mcu9t5v0__dffq_1)   15.85   17.32   -1.47 (VIOLATED)
_18711_/D (gf180mcu_fd_sc_mcu9t5v0__dffq_1)   15.85   17.29   -1.44 (VIOLATED)
_18721_/D (gf180mcu_fd_sc_mcu9t5v0__dffq_1)   15.85   17.29   -1.44 (VIOLATED)
_18913_/D (gf180mcu_fd_sc_mcu9t5v0__dffq_1)   15.85   17.29   -1.44 (VIOLATED)
_18712_/D (gf180mcu_fd_sc_mcu9t5v0__dffq_1)   15.85   17.29   -1.44 (VIOLATED)
_19802_/D (gf180mcu_fd_sc_mcu9t5v0__dffrnq_1)   15.71   17.15   -1.44 (VIOLATED)
_20158_/D (gf180mcu_fd_sc_mcu9t5v0__dffrnq_1)   15.83   17.27   -1.44 (VIOLATED)
_19820_/D (gf180mcu_fd_sc_mcu9t5v0__dffrnq_1)   15.72   17.15   -1.44 (VIOLATED)
_19838_/D (gf180mcu_fd_sc_mcu9t5v0__dffrnq_1)   15.72   17.15   -1.44 (VIOLATED)
_19988_/D (gf180mcu_fd_sc_mcu9t5v0__dffrnq_1)   15.76   17.20   -1.43 (VIOLATED)
_18898_/D (gf180mcu_fd_sc_mcu9t5v0__dffq_1)   15.85   17.26   -1.42 (VIOLATED)
_18899_/D (gf180mcu_fd_sc_mcu9t5v0__dffq_1)   15.85   17.26   -1.42 (VIOLATED)
_18902_/D (gf180mcu_fd_sc_mcu9t5v0__dffq_1)   15.85   17.26   -1.42 (VIOLATED)
_18903_/D (gf180mcu_fd_sc_mcu9t5v0__dffq_1)   15.85   17.26   -1.42 (VIOLATED)
_19887_/D (gf180mcu_fd_sc_mcu9t5v0__dffrnq_1)   15.72   17.13   -1.41 (VIOLATED)
_20456_/D (gf180mcu_fd_sc_mcu9t5v0__latq_1)   15.35   16.75   -1.41 (VIOLATED)
_20458_/D (gf180mcu_fd_sc_mcu9t5v0__latq_1)   15.35   16.75   -1.40 (VIOLATED)
_18708_/D (gf180mcu_fd_sc_mcu9t5v0__dffq_1)   15.85   17.24   -1.40 (VIOLATED)
_18709_/D (gf180mcu_fd_sc_mcu9t5v0__dffq_1)   15.85   17.24   -1.40 (VIOLATED)
_18710_/D (gf180mcu_fd_sc_mcu9t5v0__dffq_1)   15.85   17.24   -1.40 (VIOLATED)
_18716_/D (gf180mcu_fd_sc_mcu9t5v0__dffq_1)   15.85   17.24   -1.40 (VIOLATED)
_18706_/D (gf180mcu_fd_sc_mcu9t5v0__dffq_1)   15.80   17.20   -1.39 (VIOLATED)
_18928_/D (gf180mcu_fd_sc_mcu9t5v0__dffq_1)   15.91   17.30   -1.39 (VIOLATED)
_18755_/D (gf180mcu_fd_sc_mcu9t5v0__dffq_1)   15.94   17.31   -1.37 (VIOLATED)
_18756_/D (gf180mcu_fd_sc_mcu9t5v0__dffq_1)   15.94   17.27   -1.33 (VIOLATED)
_20467_/D (gf180mcu_fd_sc_mcu9t5v0__latq_1)   15.38   16.68   -1.30 (VIOLATED)
_18735_/D (gf180mcu_fd_sc_mcu9t5v0__dffq_1)   15.91   17.17   -1.26 (VIOLATED)
_18818_/D (gf180mcu_fd_sc_mcu9t5v0__dffq_1)   15.84   17.04   -1.20 (VIOLATED)
_18819_/D (gf180mcu_fd_sc_mcu9t5v0__dffq_1)   15.84   17.04   -1.20 (VIOLATED)
_18738_/D (gf180mcu_fd_sc_mcu9t5v0__dffq_1)   15.82   17.01   -1.19 (VIOLATED)
_18739_/D (gf180mcu_fd_sc_mcu9t5v0__dffq_1)   15.82   17.01   -1.19 (VIOLATED)
_18740_/D (gf180mcu_fd_sc_mcu9t5v0__dffq_1)   15.82   17.01   -1.19 (VIOLATED)
_18741_/D (gf180mcu_fd_sc_mcu9t5v0__dffq_1)   15.82   17.01   -1.19 (VIOLATED)
_18742_/D (gf180mcu_fd_sc_mcu9t5v0__dffq_1)   15.82   17.01   -1.19 (VIOLATED)
_18743_/D (gf180mcu_fd_sc_mcu9t5v0__dffq_1)   15.82   17.01   -1.19 (VIOLATED)
_18945_/D (gf180mcu_fd_sc_mcu9t5v0__dffq_1)   15.82   17.01   -1.19 (VIOLATED)
_19906_/D (gf180mcu_fd_sc_mcu9t5v0__dffrnq_1)   15.70   16.88   -1.19 (VIOLATED)
_19972_/D (gf180mcu_fd_sc_mcu9t5v0__dffrnq_1)   15.83   16.97   -1.14 (VIOLATED)
_20265_/D (gf180mcu_fd_sc_mcu9t5v0__dffrnq_1)   15.73   16.87   -1.13 (VIOLATED)
_20418_/D (gf180mcu_fd_sc_mcu9t5v0__latq_1)   15.37   16.42   -1.06 (VIOLATED)
_20420_/D (gf180mcu_fd_sc_mcu9t5v0__latq_1)   15.37   16.42   -1.06 (VIOLATED)
_20422_/D (gf180mcu_fd_sc_mcu9t5v0__latq_1)   15.37   16.42   -1.06 (VIOLATED)
_20424_/D (gf180mcu_fd_sc_mcu9t5v0__latq_1)   15.37   16.42   -1.06 (VIOLATED)
_20426_/D (gf180mcu_fd_sc_mcu9t5v0__latq_1)   15.37   16.42   -1.06 (VIOLATED)
_20416_/D (gf180mcu_fd_sc_mcu9t5v0__latq_1)   15.37   16.42   -1.06 (VIOLATED)
_20414_/D (gf180mcu_fd_sc_mcu9t5v0__latq_1)   15.37   16.42   -1.05 (VIOLATED)
u_transform_scheduler_core.u_fft_scratch_sram.u_hi.u_sram/CEN (gf180mcu_fd_ip_sram__sram256x8m8wm1)   15.55   16.59   -1.04 (VIOLATED)
u_transform_scheduler_core.u_fft_scratch_sram.u_lo.u_sram/CEN (gf180mcu_fd_ip_sram__sram256x8m8wm1)   15.55   16.59   -1.04 (VIOLATED)
_18940_/D (gf180mcu_fd_sc_mcu9t5v0__dffq_1)   15.80   16.81   -1.01 (VIOLATED)
_19391_/D (gf180mcu_fd_sc_mcu9t5v0__dffrnq_1)   15.86   16.83   -0.98 (VIOLATED)
_18801_/D (gf180mcu_fd_sc_mcu9t5v0__dffq_1)   15.84   16.78   -0.93 (VIOLATED)
_18993_/D (gf180mcu_fd_sc_mcu9t5v0__dffq_1)   15.84   16.78   -0.93 (VIOLATED)
_19390_/D (gf180mcu_fd_sc_mcu9t5v0__dffrnq_1)   15.72   16.65   -0.93 (VIOLATED)
_18746_/D (gf180mcu_fd_sc_mcu9t5v0__dffq_1)   15.80   16.73   -0.93 (VIOLATED)
_18748_/D (gf180mcu_fd_sc_mcu9t5v0__dffq_1)   15.80   16.73   -0.93 (VIOLATED)
_18749_/D (gf180mcu_fd_sc_mcu9t5v0__dffq_1)   15.80   16.73   -0.93 (VIOLATED)
_20442_/D (gf180mcu_fd_sc_mcu9t5v0__latq_1)   15.33   16.24   -0.91 (VIOLATED)
_19886_/D (gf180mcu_fd_sc_mcu9t5v0__dffrnq_1)   15.83   16.72   -0.90 (VIOLATED)
_19971_/D (gf180mcu_fd_sc_mcu9t5v0__dffrnq_1)   15.83   16.70   -0.87 (VIOLATED)
_19089_/D (gf180mcu_fd_sc_mcu9t5v0__dffq_1)   15.84   16.71   -0.86 (VIOLATED)
_18897_/D (gf180mcu_fd_sc_mcu9t5v0__dffq_1)   15.85   16.71   -0.86 (VIOLATED)
_18865_/D (gf180mcu_fd_sc_mcu9t5v0__dffq_1)   15.84   16.70   -0.86 (VIOLATED)
_19057_/D (gf180mcu_fd_sc_mcu9t5v0__dffq_1)   15.84   16.70   -0.86 (VIOLATED)
u_transform_scheduler_core.u_fft_scratch_sram.u_hi.u_sram/D[5] (gf180mcu_fd_ip_sram__sram256x8m8wm1)   16.11   16.96   -0.85 (VIOLATED)
u_transform_scheduler_core.u_fft_scratch_sram.u_hi.u_sram/D[6] (gf180mcu_fd_ip_sram__sram256x8m8wm1)   16.11   16.96   -0.85 (VIOLATED)
_18753_/D (gf180mcu_fd_sc_mcu9t5v0__dffq_1)   15.96   16.80   -0.84 (VIOLATED)
u_transform_scheduler_core.u_fft_scratch_sram.u_hi.u_sram/D[0] (gf180mcu_fd_ip_sram__sram256x8m8wm1)   16.11   16.95   -0.84 (VIOLATED)
u_transform_scheduler_core.u_fft_scratch_sram.u_hi.u_sram/D[1] (gf180mcu_fd_ip_sram__sram256x8m8wm1)   16.11   16.95   -0.84 (VIOLATED)
u_transform_scheduler_core.u_fft_scratch_sram.u_hi.u_sram/D[2] (gf180mcu_fd_ip_sram__sram256x8m8wm1)   16.11   16.95   -0.84 (VIOLATED)
u_transform_scheduler_core.u_fft_scratch_sram.u_hi.u_sram/D[3] (gf180mcu_fd_ip_sram__sram256x8m8wm1)   16.11   16.95   -0.84 (VIOLATED)
u_transform_scheduler_core.u_fft_scratch_sram.u_hi.u_sram/D[4] (gf180mcu_fd_ip_sram__sram256x8m8wm1)   16.11   16.95   -0.84 (VIOLATED)
u_transform_scheduler_core.u_fft_scratch_sram.u_hi.u_sram/D[7] (gf180mcu_fd_ip_sram__sram256x8m8wm1)   16.11   16.95   -0.84 (VIOLATED)
_18817_/D (gf180mcu_fd_sc_mcu9t5v0__dffq_1)   15.96   16.79   -0.83 (VIOLATED)
_19009_/D (gf180mcu_fd_sc_mcu9t5v0__dffq_1)   15.96   16.79   -0.83 (VIOLATED)
u_transform_scheduler_core.u_fft_scratch_sram.u_lo.u_sram/D[7] (gf180mcu_fd_ip_sram__sram256x8m8wm1)   16.11   16.94   -0.83 (VIOLATED)
_19801_/D (gf180mcu_fd_sc_mcu9t5v0__dffrnq_1)   15.82   16.64   -0.83 (VIOLATED)
u_transform_scheduler_core.u_fft_scratch_sram.u_lo.u_sram/D[2] (gf180mcu_fd_ip_sram__sram256x8m8wm1)   16.11   16.93   -0.82 (VIOLATED)
u_transform_scheduler_core.u_fft_scratch_sram.u_lo.u_sram/D[3] (gf180mcu_fd_ip_sram__sram256x8m8wm1)   16.11   16.93   -0.82 (VIOLATED)
u_transform_scheduler_core.u_fft_scratch_sram.u_lo.u_sram/D[1] (gf180mcu_fd_ip_sram__sram256x8m8wm1)   16.11   16.93   -0.82 (VIOLATED)
u_transform_scheduler_core.u_fft_scratch_sram.u_lo.u_sram/D[4] (gf180mcu_fd_ip_sram__sram256x8m8wm1)   16.11   16.93   -0.82 (VIOLATED)
u_transform_scheduler_core.u_fft_scratch_sram.u_lo.u_sram/D[5] (gf180mcu_fd_ip_sram__sram256x8m8wm1)   16.11   16.93   -0.82 (VIOLATED)
u_transform_scheduler_core.u_fft_scratch_sram.u_lo.u_sram/D[6] (gf180mcu_fd_ip_sram__sram256x8m8wm1)   16.11   16.93   -0.82 (VIOLATED)
u_transform_scheduler_core.u_fft_scratch_sram.u_lo.u_sram/D[0] (gf180mcu_fd_ip_sram__sram256x8m8wm1)   16.11   16.93   -0.82 (VIOLATED)
_18785_/D (gf180mcu_fd_sc_mcu9t5v0__dffq_1)   15.96   16.77   -0.82 (VIOLATED)
_18977_/D (gf180mcu_fd_sc_mcu9t5v0__dffq_1)   15.96   16.77   -0.82 (VIOLATED)
_19819_/D (gf180mcu_fd_sc_mcu9t5v0__dffrnq_1)   15.83   16.64   -0.82 (VIOLATED)
_19837_/D (gf180mcu_fd_sc_mcu9t5v0__dffrnq_1)   15.83   16.64   -0.82 (VIOLATED)
_19922_/D (gf180mcu_fd_sc_mcu9t5v0__dffrnq_1)   15.73   16.54   -0.81 (VIOLATED)
_20463_/D (gf180mcu_fd_sc_mcu9t5v0__dffrnq_1)   15.88   16.67   -0.80 (VIOLATED)
_19970_/D (gf180mcu_fd_sc_mcu9t5v0__dffrnq_1)   15.70   16.48   -0.78 (VIOLATED)
_20438_/D (gf180mcu_fd_sc_mcu9t5v0__latq_1)   15.35   16.13   -0.78 (VIOLATED)
_20264_/D (gf180mcu_fd_sc_mcu9t5v0__dffrnq_1)   15.76   16.50   -0.74 (VIOLATED)
_19940_/D (gf180mcu_fd_sc_mcu9t5v0__dffrnq_1)   15.69   16.42   -0.73 (VIOLATED)
_18849_/D (gf180mcu_fd_sc_mcu9t5v0__dffq_1)   15.96   16.68   -0.72 (VIOLATED)
_19041_/D (gf180mcu_fd_sc_mcu9t5v0__dffq_1)   15.96   16.68   -0.72 (VIOLATED)
_18881_/D (gf180mcu_fd_sc_mcu9t5v0__dffq_1)   15.96   16.68   -0.72 (VIOLATED)
_19073_/D (gf180mcu_fd_sc_mcu9t5v0__dffq_1)   15.96   16.68   -0.72 (VIOLATED)
_20432_/D (gf180mcu_fd_sc_mcu9t5v0__latq_1)   15.30   16.02   -0.71 (VIOLATED)
_20434_/D (gf180mcu_fd_sc_mcu9t5v0__latq_1)   15.30   16.02   -0.71 (VIOLATED)
_20444_/D (gf180mcu_fd_sc_mcu9t5v0__latq_1)   15.31   16.00   -0.70 (VIOLATED)
_19097_/D (gf180mcu_fd_sc_mcu9t5v0__dffrnq_1)   15.74   16.38   -0.64 (VIOLATED)
_19098_/D (gf180mcu_fd_sc_mcu9t5v0__dffrnq_1)   15.74   16.38   -0.64 (VIOLATED)
_19099_/D (gf180mcu_fd_sc_mcu9t5v0__dffrnq_1)   15.74   16.38   -0.64 (VIOLATED)
_19100_/D (gf180mcu_fd_sc_mcu9t5v0__dffrnq_1)   15.74   16.38   -0.64 (VIOLATED)
_19101_/D (gf180mcu_fd_sc_mcu9t5v0__dffrnq_1)   15.74   16.38   -0.64 (VIOLATED)
_19102_/D (gf180mcu_fd_sc_mcu9t5v0__dffrnq_1)   15.74   16.38   -0.64 (VIOLATED)
_19103_/D (gf180mcu_fd_sc_mcu9t5v0__dffrnq_1)   15.74   16.38   -0.64 (VIOLATED)
_19486_/D (gf180mcu_fd_sc_mcu9t5v0__dffrnq_1)   15.92   16.54   -0.61 (VIOLATED)
_19905_/D (gf180mcu_fd_sc_mcu9t5v0__dffrnq_1)   15.90   16.48   -0.58 (VIOLATED)
_20430_/D (gf180mcu_fd_sc_mcu9t5v0__latq_1)   15.35   15.92   -0.58 (VIOLATED)
_20436_/D (gf180mcu_fd_sc_mcu9t5v0__latq_1)   15.32   15.86   -0.54 (VIOLATED)
_20440_/D (gf180mcu_fd_sc_mcu9t5v0__latq_1)   15.32   15.86   -0.54 (VIOLATED)
_20428_/D (gf180mcu_fd_sc_mcu9t5v0__latq_1)   15.35   15.82   -0.47 (VIOLATED)
_20446_/D (gf180mcu_fd_sc_mcu9t5v0__latq_1)   15.35   15.81   -0.47 (VIOLATED)
_20448_/D (gf180mcu_fd_sc_mcu9t5v0__latq_1)   15.35   15.81   -0.47 (VIOLATED)
_20450_/D (gf180mcu_fd_sc_mcu9t5v0__latq_1)   15.35   15.81   -0.47 (VIOLATED)
_20452_/D (gf180mcu_fd_sc_mcu9t5v0__latq_1)   15.35   15.81   -0.47 (VIOLATED)
_20454_/D (gf180mcu_fd_sc_mcu9t5v0__latq_1)   15.35   15.81   -0.47 (VIOLATED)
_20460_/D (gf180mcu_fd_sc_mcu9t5v0__latq_1)   15.35   15.81   -0.47 (VIOLATED)
_19381_/D (gf180mcu_fd_sc_mcu9t5v0__dffrnq_1)   15.72   16.16   -0.44 (VIOLATED)
_20398_/D (gf180mcu_fd_sc_mcu9t5v0__dffrnq_1)   15.76   16.18   -0.42 (VIOLATED)
_19104_/D (gf180mcu_fd_sc_mcu9t5v0__dffrnq_1)   15.71   16.12   -0.41 (VIOLATED)
_19105_/D (gf180mcu_fd_sc_mcu9t5v0__dffrnq_1)   15.71   16.12   -0.41 (VIOLATED)
_19106_/D (gf180mcu_fd_sc_mcu9t5v0__dffrnq_1)   15.71   16.12   -0.41 (VIOLATED)
_19107_/D (gf180mcu_fd_sc_mcu9t5v0__dffrnq_1)   15.71   16.12   -0.41 (VIOLATED)
_19108_/D (gf180mcu_fd_sc_mcu9t5v0__dffrnq_1)   15.71   16.12   -0.41 (VIOLATED)
_19109_/D (gf180mcu_fd_sc_mcu9t5v0__dffrnq_1)   15.71   16.12   -0.41 (VIOLATED)
_19110_/D (gf180mcu_fd_sc_mcu9t5v0__dffrnq_1)   15.71   16.12   -0.41 (VIOLATED)
_19112_/D (gf180mcu_fd_sc_mcu9t5v0__dffrnq_1)   15.71   16.12   -0.41 (VIOLATED)
_19382_/D (gf180mcu_fd_sc_mcu9t5v0__dffrnq_1)   15.71   16.10   -0.40 (VIOLATED)
_19800_/D (gf180mcu_fd_sc_mcu9t5v0__dffrnq_1)   15.71   16.10   -0.39 (VIOLATED)
_19735_/D (gf180mcu_fd_sc_mcu9t5v0__dffrnq_1)   15.71   16.10   -0.39 (VIOLATED)
_19749_/D (gf180mcu_fd_sc_mcu9t5v0__dffrnq_1)   15.71   16.10   -0.39 (VIOLATED)
_19763_/D (gf180mcu_fd_sc_mcu9t5v0__dffrnq_1)   15.71   16.10   -0.39 (VIOLATED)
_19885_/D (gf180mcu_fd_sc_mcu9t5v0__dffrnq_1)   15.72   16.10   -0.38 (VIOLATED)
_19818_/D (gf180mcu_fd_sc_mcu9t5v0__dffrnq_1)   15.72   16.10   -0.38 (VIOLATED)
_19836_/D (gf180mcu_fd_sc_mcu9t5v0__dffrnq_1)   15.72   16.10   -0.38 (VIOLATED)
_20157_/D (gf180mcu_fd_sc_mcu9t5v0__dffrnq_1)   15.83   16.19   -0.36 (VIOLATED)
_19111_/D (gf180mcu_fd_sc_mcu9t5v0__dffrnq_1)   15.71   16.02   -0.31 (VIOLATED)
_20189_/D (gf180mcu_fd_sc_mcu9t5v0__dffrnq_1)   15.70   16.01   -0.30 (VIOLATED)
_19485_/D (gf180mcu_fd_sc_mcu9t5v0__dffrnq_1)   15.72   16.00   -0.28 (VIOLATED)
_19389_/D (gf180mcu_fd_sc_mcu9t5v0__dffrnq_1)   15.90   16.12   -0.22 (VIOLATED)
_19734_/D (gf180mcu_fd_sc_mcu9t5v0__dffrnq_1)   15.76   15.98   -0.22 (VIOLATED)
_19748_/D (gf180mcu_fd_sc_mcu9t5v0__dffrnq_1)   15.76   15.98   -0.22 (VIOLATED)
_19762_/D (gf180mcu_fd_sc_mcu9t5v0__dffrnq_1)   15.76   15.98   -0.22 (VIOLATED)
_19799_/D (gf180mcu_fd_sc_mcu9t5v0__dffrnq_1)   15.76   15.97   -0.22 (VIOLATED)
_19884_/D (gf180mcu_fd_sc_mcu9t5v0__dffrnq_1)   15.76   15.98   -0.21 (VIOLATED)
_19817_/D (gf180mcu_fd_sc_mcu9t5v0__dffrnq_1)   15.76   15.98   -0.21 (VIOLATED)
_19835_/D (gf180mcu_fd_sc_mcu9t5v0__dffrnq_1)   15.76   15.98   -0.21 (VIOLATED)
_20188_/D (gf180mcu_fd_sc_mcu9t5v0__dffrnq_1)   15.70   15.87   -0.17 (VIOLATED)
_19987_/D (gf180mcu_fd_sc_mcu9t5v0__dffrnq_1)   15.90   16.04   -0.14 (VIOLATED)
_20005_/D (gf180mcu_fd_sc_mcu9t5v0__dffrnq_1)   15.90   16.03   -0.14 (VIOLATED)
_19969_/D (gf180mcu_fd_sc_mcu9t5v0__dffrnq_1)   15.83   15.96   -0.13 (VIOLATED)
_19921_/D (gf180mcu_fd_sc_mcu9t5v0__dffrnq_1)   15.70   15.70   -0.01 (VIOLATED)
_20465_/D (gf180mcu_fd_sc_mcu9t5v0__latq_1)   15.03   15.03    0.00 (MET)

