Clock: core_clk
Sources: clk 
Generated: no
Virtual: yes
Propagated: no
Period: 26.041668

===========================================================================
report_clock_properties
============================================================================
Clock                   Period          Waveform
----------------------------------------------------
core_clk             26.041668    0.000000 13.020834

===========================================================================
report_clock_latency
============================================================================
Clock core_clk
rise -> rise
    min     max
0.000000 0.000000 source latency
0.049030         network latency _18389_/CLK
        1.726845 network latency _18055_/CLK
---------------
0.049030 1.726845 latency
        1.677815 skew

fall -> fall
    min     max
0.000000 0.000000 source latency
0.049030         network latency _18389_/CLK
        1.726845 network latency _18055_/CLK
---------------
0.049030 1.726845 latency
        1.677815 skew



===========================================================================
report_clock_min_period
============================================================================
core_clk period_min = 61.97 fmax = 16.14
