+ define_corners max_ff_n40C_5v50
Reading timing models for corner max_ff_n40C_5v50…
Reading cell library for the 'max_ff_n40C_5v50' corner at '/foss/pdks/gf180mcuD/libs.ref/gf180mcu_fd_sc_mcu7t5v0/lib/gf180mcu_fd_sc_mcu7t5v0__ff_n40C_5v50.lib'…
Reading top-level netlist at '/foss/designs/runs/RUN_2026-05-31_16-56-33/52-openroad-fillinsertion/counter.nl.v'…
Linking design 'counter' from netlist…
Reading design constraints file at '/usr/local/lib/python3.12/dist-packages/librelane/scripts/base.sdc'…
[INFO] Using clock clk…
[INFO] Setting output delay to: 10
[INFO] Setting input delay to: 10
[INFO] Setting load to: 0.07291
[INFO] Setting clock uncertainty to: 0.25
[INFO] Setting clock transition to: 0.1499999999999999944488848768742172978818416595458984375
[INFO] Setting timing derate to: 5%
Reading top-level design parasitics for the 'max_ff_n40C_5v50' corner at '/foss/designs/runs/RUN_2026-05-31_16-56-33/54-openroad-rcx/max/counter.max.spef'…
%OL_CREATE_REPORT min.rpt

===========================================================================
report_checks -path_delay min (Hold)
============================================================================
======================= max_ff_n40C_5v50 Corner ===================================

Startpoint: _19_ (rising edge-triggered flip-flop clocked by clk)
Endpoint: _19_ (rising edge-triggered flip-flop clocked by clk)
Path Group: clk
Path Type: min

Fanout         Cap        Slew       Delay        Time   Description
---------------------------------------------------------------------------------------------
                                  0.000000    0.000000   clock clk (rise edge)
                                  0.000000    0.000000   clock source latency
     2    0.041422    0.132015    0.070516    0.070516 ^ clk (in)
                                                         clk (net)
                      0.132102    0.000000    0.070516 ^ clkbuf_0_clk/I (gf180mcu_fd_sc_mcu7t5v0__clkbuf_16)
     2    0.048542    0.073358    0.170327    0.240843 ^ clkbuf_0_clk/Z (gf180mcu_fd_sc_mcu7t5v0__clkbuf_16)
                                                         clknet_0_clk (net)
                      0.073359    0.000418    0.241261 ^ clkbuf_1_0__f_clk/I (gf180mcu_fd_sc_mcu7t5v0__clkbuf_16)
     2    0.010840    0.050811    0.139962    0.381223 ^ clkbuf_1_0__f_clk/Z (gf180mcu_fd_sc_mcu7t5v0__clkbuf_16)
                                                         clknet_1_0__leaf_clk (net)
                      0.050811    0.000228    0.381450 ^ _19_/CLK (gf180mcu_fd_sc_mcu7t5v0__dffq_1)
     2    0.024765    0.187450    0.490713    0.872164 v _19_/Q (gf180mcu_fd_sc_mcu7t5v0__dffq_1)
                                                         net5 (net)
                      0.187451    0.000270    0.872433 v _11_/A1 (gf180mcu_fd_sc_mcu7t5v0__xnor2_1)
     1    0.004982    0.178350    0.173163    1.045596 ^ _11_/ZN (gf180mcu_fd_sc_mcu7t5v0__xnor2_1)
                                                         _06_ (net)
                      0.178350    0.000053    1.045649 ^ _12_/A2 (gf180mcu_fd_sc_mcu7t5v0__nor2_1)
     1    0.003657    0.108522    0.088239    1.133888 v _12_/ZN (gf180mcu_fd_sc_mcu7t5v0__nor2_1)
                                                         _01_ (net)
                      0.108522    0.000041    1.133929 v _19_/D (gf180mcu_fd_sc_mcu7t5v0__dffq_1)
                                              1.133929   data arrival time

                                  0.000000    0.000000   clock clk (rise edge)
                                  0.000000    0.000000   clock source latency
     2    0.041422    0.132015    0.070516    0.070516 ^ clk (in)
                                                         clk (net)
                      0.132102    0.000000    0.070516 ^ clkbuf_0_clk/I (gf180mcu_fd_sc_mcu7t5v0__clkbuf_16)
     2    0.048542    0.073358    0.170327    0.240843 ^ clkbuf_0_clk/Z (gf180mcu_fd_sc_mcu7t5v0__clkbuf_16)
                                                         clknet_0_clk (net)
                      0.073359    0.000418    0.241261 ^ clkbuf_1_0__f_clk/I (gf180mcu_fd_sc_mcu7t5v0__clkbuf_16)
     2    0.010840    0.050811    0.139962    0.381223 ^ clkbuf_1_0__f_clk/Z (gf180mcu_fd_sc_mcu7t5v0__clkbuf_16)
                                                         clknet_1_0__leaf_clk (net)
                      0.050811    0.000228    0.381450 ^ _19_/CLK (gf180mcu_fd_sc_mcu7t5v0__dffq_1)
                                  0.250000    0.631450   clock uncertainty
                                  0.000000    0.631450   clock reconvergence pessimism
                                  0.050907    0.682358   library hold time
                                              0.682358   data required time
---------------------------------------------------------------------------------------------
                                              0.682358   data required time
                                             -1.133929   data arrival time
---------------------------------------------------------------------------------------------
                                              0.451571   slack (MET)


Startpoint: _16_ (rising edge-triggered flip-flop clocked by clk)
Endpoint: _16_ (rising edge-triggered flip-flop clocked by clk)
Path Group: clk
Path Type: min

Fanout         Cap        Slew       Delay        Time   Description
---------------------------------------------------------------------------------------------
                                  0.000000    0.000000   clock clk (rise edge)
                                  0.000000    0.000000   clock source latency
     2    0.041422    0.132015    0.070516    0.070516 ^ clk (in)
                                                         clk (net)
                      0.132102    0.000000    0.070516 ^ clkbuf_0_clk/I (gf180mcu_fd_sc_mcu7t5v0__clkbuf_16)
     2    0.048542    0.073358    0.170327    0.240843 ^ clkbuf_0_clk/Z (gf180mcu_fd_sc_mcu7t5v0__clkbuf_16)
                                                         clknet_0_clk (net)
                      0.073359    0.000418    0.241261 ^ clkbuf_1_0__f_clk/I (gf180mcu_fd_sc_mcu7t5v0__clkbuf_16)
     2    0.010840    0.050811    0.139962    0.381223 ^ clkbuf_1_0__f_clk/Z (gf180mcu_fd_sc_mcu7t5v0__clkbuf_16)
                                                         clknet_1_0__leaf_clk (net)
                      0.050811    0.000208    0.381431 ^ _16_/CLK (gf180mcu_fd_sc_mcu7t5v0__dffq_1)
     5    0.049493    0.340083    0.589602    0.971033 v _16_/Q (gf180mcu_fd_sc_mcu7t5v0__dffq_1)
                                                         net2 (net)
                      0.340089    0.000834    0.971867 v _13_/A1 (gf180mcu_fd_sc_mcu7t5v0__nor2_1)
     1    0.002859    0.160198    0.162049    1.133916 ^ _13_/ZN (gf180mcu_fd_sc_mcu7t5v0__nor2_1)
                                                         _02_ (net)
                      0.160198    0.000028    1.133944 ^ _16_/D (gf180mcu_fd_sc_mcu7t5v0__dffq_1)
                                              1.133944   data arrival time

                                  0.000000    0.000000   clock clk (rise edge)
                                  0.000000    0.000000   clock source latency
     2    0.041422    0.132015    0.070516    0.070516 ^ clk (in)
                                                         clk (net)
                      0.132102    0.000000    0.070516 ^ clkbuf_0_clk/I (gf180mcu_fd_sc_mcu7t5v0__clkbuf_16)
     2    0.048542    0.073358    0.170327    0.240843 ^ clkbuf_0_clk/Z (gf180mcu_fd_sc_mcu7t5v0__clkbuf_16)
                                                         clknet_0_clk (net)
                      0.073359    0.000418    0.241261 ^ clkbuf_1_0__f_clk/I (gf180mcu_fd_sc_mcu7t5v0__clkbuf_16)
     2    0.010840    0.050811    0.139962    0.381223 ^ clkbuf_1_0__f_clk/Z (gf180mcu_fd_sc_mcu7t5v0__clkbuf_16)
                                                         clknet_1_0__leaf_clk (net)
                      0.050811    0.000208    0.381431 ^ _16_/CLK (gf180mcu_fd_sc_mcu7t5v0__dffq_1)
                                  0.250000    0.631431   clock uncertainty
                                  0.000000    0.631431   clock reconvergence pessimism
                                  0.028493    0.659923   library hold time
                                              0.659923   data required time
---------------------------------------------------------------------------------------------
                                              0.659923   data required time
                                             -1.133944   data arrival time
---------------------------------------------------------------------------------------------
                                              0.474021   slack (MET)


Startpoint: _18_ (rising edge-triggered flip-flop clocked by clk)
Endpoint: _18_ (rising edge-triggered flip-flop clocked by clk)
Path Group: clk
Path Type: min

Fanout         Cap        Slew       Delay        Time   Description
---------------------------------------------------------------------------------------------
                                  0.000000    0.000000   clock clk (rise edge)
                                  0.000000    0.000000   clock source latency
     2    0.041422    0.132015    0.070516    0.070516 ^ clk (in)
                                                         clk (net)
                      0.132102    0.000000    0.070516 ^ clkbuf_0_clk/I (gf180mcu_fd_sc_mcu7t5v0__clkbuf_16)
     2    0.048542    0.073358    0.170327    0.240843 ^ clkbuf_0_clk/Z (gf180mcu_fd_sc_mcu7t5v0__clkbuf_16)
                                                         clknet_0_clk (net)
                      0.073358    0.000298    0.241141 ^ clkbuf_1_1__f_clk/I (gf180mcu_fd_sc_mcu7t5v0__clkbuf_16)
     2    0.009894    0.050222    0.139441    0.380581 ^ clkbuf_1_1__f_clk/Z (gf180mcu_fd_sc_mcu7t5v0__clkbuf_16)
                                                         clknet_1_1__leaf_clk (net)
                      0.050222    0.000183    0.380765 ^ _18_/CLK (gf180mcu_fd_sc_mcu7t5v0__dffq_1)
     3    0.027324    0.202740    0.501052    0.881817 v _18_/Q (gf180mcu_fd_sc_mcu7t5v0__dffq_1)
                                                         net4 (net)
                      0.202740    0.000181    0.881998 v _08_/B (gf180mcu_fd_sc_mcu7t5v0__aoi21_1)
     1    0.009219    0.221097    0.178718    1.060716 ^ _08_/ZN (gf180mcu_fd_sc_mcu7t5v0__aoi21_1)
                                                         _04_ (net)
                      0.221097    0.000239    1.060955 ^ _10_/A2 (gf180mcu_fd_sc_mcu7t5v0__nor3_1)
     1    0.003175    0.130053    0.107852    1.168807 v _10_/ZN (gf180mcu_fd_sc_mcu7t5v0__nor3_1)
                                                         _00_ (net)
                      0.130053    0.000032    1.168839 v _18_/D (gf180mcu_fd_sc_mcu7t5v0__dffq_1)
                                              1.168839   data arrival time

                                  0.000000    0.000000   clock clk (rise edge)
                                  0.000000    0.000000   clock source latency
     2    0.041422    0.132015    0.070516    0.070516 ^ clk (in)
                                                         clk (net)
                      0.132102    0.000000    0.070516 ^ clkbuf_0_clk/I (gf180mcu_fd_sc_mcu7t5v0__clkbuf_16)
     2    0.048542    0.073358    0.170327    0.240843 ^ clkbuf_0_clk/Z (gf180mcu_fd_sc_mcu7t5v0__clkbuf_16)
                                                         clknet_0_clk (net)
                      0.073358    0.000298    0.241141 ^ clkbuf_1_1__f_clk/I (gf180mcu_fd_sc_mcu7t5v0__clkbuf_16)
     2    0.009894    0.050222    0.139441    0.380581 ^ clkbuf_1_1__f_clk/Z (gf180mcu_fd_sc_mcu7t5v0__clkbuf_16)
                                                         clknet_1_1__leaf_clk (net)
                      0.050222    0.000183    0.380765 ^ _18_/CLK (gf180mcu_fd_sc_mcu7t5v0__dffq_1)
                                  0.250000    0.630764   clock uncertainty
                                  0.000000    0.630764   clock reconvergence pessimism
                                  0.044241    0.675006   library hold time
                                              0.675006   data required time
---------------------------------------------------------------------------------------------
                                              0.675006   data required time
                                             -1.168839   data arrival time
---------------------------------------------------------------------------------------------
                                              0.493833   slack (MET)


Startpoint: _17_ (rising edge-triggered flip-flop clocked by clk)
Endpoint: _17_ (rising edge-triggered flip-flop clocked by clk)
Path Group: clk
Path Type: min

Fanout         Cap        Slew       Delay        Time   Description
---------------------------------------------------------------------------------------------
                                  0.000000    0.000000   clock clk (rise edge)
                                  0.000000    0.000000   clock source latency
     2    0.041422    0.132015    0.070516    0.070516 ^ clk (in)
                                                         clk (net)
                      0.132102    0.000000    0.070516 ^ clkbuf_0_clk/I (gf180mcu_fd_sc_mcu7t5v0__clkbuf_16)
     2    0.048542    0.073358    0.170327    0.240843 ^ clkbuf_0_clk/Z (gf180mcu_fd_sc_mcu7t5v0__clkbuf_16)
                                                         clknet_0_clk (net)
                      0.073358    0.000298    0.241141 ^ clkbuf_1_1__f_clk/I (gf180mcu_fd_sc_mcu7t5v0__clkbuf_16)
     2    0.009894    0.050222    0.139441    0.380581 ^ clkbuf_1_1__f_clk/Z (gf180mcu_fd_sc_mcu7t5v0__clkbuf_16)
                                                         clknet_1_1__leaf_clk (net)
                      0.050222    0.000206    0.380787 ^ _17_/CLK (gf180mcu_fd_sc_mcu7t5v0__dffq_1)
     4    0.046008    0.317924    0.575384    0.956172 v _17_/Q (gf180mcu_fd_sc_mcu7t5v0__dffq_1)
                                                         net3 (net)
                      0.317934    0.001010    0.957182 v _14_/A2 (gf180mcu_fd_sc_mcu7t5v0__xnor2_1)
     1    0.005765    0.185968    0.211646    1.168828 ^ _14_/ZN (gf180mcu_fd_sc_mcu7t5v0__xnor2_1)
                                                         _07_ (net)
                      0.185968    0.000119    1.168947 ^ _15_/A2 (gf180mcu_fd_sc_mcu7t5v0__nor2_1)
     1    0.004105    0.113847    0.092382    1.261329 v _15_/ZN (gf180mcu_fd_sc_mcu7t5v0__nor2_1)
                                                         _03_ (net)
                      0.113847    0.000083    1.261412 v _17_/D (gf180mcu_fd_sc_mcu7t5v0__dffq_1)
                                              1.261412   data arrival time

                                  0.000000    0.000000   clock clk (rise edge)
                                  0.000000    0.000000   clock source latency
     2    0.041422    0.132015    0.070516    0.070516 ^ clk (in)
                                                         clk (net)
                      0.132102    0.000000    0.070516 ^ clkbuf_0_clk/I (gf180mcu_fd_sc_mcu7t5v0__clkbuf_16)
     2    0.048542    0.073358    0.170327    0.240843 ^ clkbuf_0_clk/Z (gf180mcu_fd_sc_mcu7t5v0__clkbuf_16)
                                                         clknet_0_clk (net)
                      0.073358    0.000298    0.241141 ^ clkbuf_1_1__f_clk/I (gf180mcu_fd_sc_mcu7t5v0__clkbuf_16)
     2    0.009894    0.050222    0.139441    0.380581 ^ clkbuf_1_1__f_clk/Z (gf180mcu_fd_sc_mcu7t5v0__clkbuf_16)
                                                         clknet_1_1__leaf_clk (net)
                      0.050222    0.000206    0.380787 ^ _17_/CLK (gf180mcu_fd_sc_mcu7t5v0__dffq_1)
                                  0.250000    0.630787   clock uncertainty
                                  0.000000    0.630787   clock reconvergence pessimism
                                  0.049190    0.679977   library hold time
                                              0.679977   data required time
---------------------------------------------------------------------------------------------
                                              0.679977   data required time
                                             -1.261412   data arrival time
---------------------------------------------------------------------------------------------
                                              0.581434   slack (MET)


Startpoint: _19_ (rising edge-triggered flip-flop clocked by clk)
Endpoint: q[3] (output port clocked by clk)
Path Group: clk
Path Type: min

Fanout         Cap        Slew       Delay        Time   Description
---------------------------------------------------------------------------------------------
                                  0.000000    0.000000   clock clk (rise edge)
                                  0.000000    0.000000   clock source latency
     2    0.041422    0.132015    0.070516    0.070516 ^ clk (in)
                                                         clk (net)
                      0.132102    0.000000    0.070516 ^ clkbuf_0_clk/I (gf180mcu_fd_sc_mcu7t5v0__clkbuf_16)
     2    0.048542    0.073358    0.170327    0.240843 ^ clkbuf_0_clk/Z (gf180mcu_fd_sc_mcu7t5v0__clkbuf_16)
                                                         clknet_0_clk (net)
                      0.073359    0.000418    0.241261 ^ clkbuf_1_0__f_clk/I (gf180mcu_fd_sc_mcu7t5v0__clkbuf_16)
     2    0.010840    0.050811    0.139962    0.381223 ^ clkbuf_1_0__f_clk/Z (gf180mcu_fd_sc_mcu7t5v0__clkbuf_16)
                                                         clknet_1_0__leaf_clk (net)
                      0.050811    0.000228    0.381450 ^ _19_/CLK (gf180mcu_fd_sc_mcu7t5v0__dffq_1)
     2    0.024765    0.187450    0.490713    0.872164 v _19_/Q (gf180mcu_fd_sc_mcu7t5v0__dffq_1)
                                                         net5 (net)
                      0.187459    0.000781    0.872945 v output5/I (gf180mcu_fd_sc_mcu7t5v0__dlyb_1)
     1    0.074163    0.530352    0.948456    1.821401 v output5/Z (gf180mcu_fd_sc_mcu7t5v0__dlyb_1)
                                                         q[3] (net)
                      0.530357    0.000906    1.822308 v q[3] (out)
                                              1.822308   data arrival time

                                  0.000000    0.000000   clock clk (rise edge)
                                  0.000000    0.000000   clock network delay (propagated)
                                  0.250000    0.250000   clock uncertainty
                                  0.000000    0.250000   clock reconvergence pessimism
                                -10.000000   -9.750000   output external delay
                                             -9.750000   data required time
---------------------------------------------------------------------------------------------
                                             -9.750000   data required time
                                             -1.822308   data arrival time
---------------------------------------------------------------------------------------------
                                             11.572308   slack (MET)


Startpoint: _18_ (rising edge-triggered flip-flop clocked by clk)
Endpoint: q[2] (output port clocked by clk)
Path Group: clk
Path Type: min

Fanout         Cap        Slew       Delay        Time   Description
---------------------------------------------------------------------------------------------
                                  0.000000    0.000000   clock clk (rise edge)
                                  0.000000    0.000000   clock source latency
     2    0.041422    0.132015    0.070516    0.070516 ^ clk (in)
                                                         clk (net)
                      0.132102    0.000000    0.070516 ^ clkbuf_0_clk/I (gf180mcu_fd_sc_mcu7t5v0__clkbuf_16)
     2    0.048542    0.073358    0.170327    0.240843 ^ clkbuf_0_clk/Z (gf180mcu_fd_sc_mcu7t5v0__clkbuf_16)
                                                         clknet_0_clk (net)
                      0.073358    0.000298    0.241141 ^ clkbuf_1_1__f_clk/I (gf180mcu_fd_sc_mcu7t5v0__clkbuf_16)
     2    0.009894    0.050222    0.139441    0.380581 ^ clkbuf_1_1__f_clk/Z (gf180mcu_fd_sc_mcu7t5v0__clkbuf_16)
                                                         clknet_1_1__leaf_clk (net)
                      0.050222    0.000183    0.380765 ^ _18_/CLK (gf180mcu_fd_sc_mcu7t5v0__dffq_1)
     3    0.027324    0.202740    0.501052    0.881817 v _18_/Q (gf180mcu_fd_sc_mcu7t5v0__dffq_1)
                                                         net4 (net)
                      0.202749    0.000838    0.882654 v output4/I (gf180mcu_fd_sc_mcu7t5v0__dlyb_1)
     1    0.074347    0.531433    0.954315    1.836969 v output4/Z (gf180mcu_fd_sc_mcu7t5v0__dlyb_1)
                                                         q[2] (net)
                      0.531444    0.001400    1.838370 v q[2] (out)
                                              1.838370   data arrival time

                                  0.000000    0.000000   clock clk (rise edge)
                                  0.000000    0.000000   clock network delay (propagated)
                                  0.250000    0.250000   clock uncertainty
                                  0.000000    0.250000   clock reconvergence pessimism
                                -10.000000   -9.750000   output external delay
                                             -9.750000   data required time
---------------------------------------------------------------------------------------------
                                             -9.750000   data required time
                                             -1.838370   data arrival time
---------------------------------------------------------------------------------------------
                                             11.588369   slack (MET)


Startpoint: _17_ (rising edge-triggered flip-flop clocked by clk)
Endpoint: q[1] (output port clocked by clk)
Path Group: clk
Path Type: min

Fanout         Cap        Slew       Delay        Time   Description
---------------------------------------------------------------------------------------------
                                  0.000000    0.000000   clock clk (rise edge)
                                  0.000000    0.000000   clock source latency
     2    0.041422    0.132015    0.070516    0.070516 ^ clk (in)
                                                         clk (net)
                      0.132102    0.000000    0.070516 ^ clkbuf_0_clk/I (gf180mcu_fd_sc_mcu7t5v0__clkbuf_16)
     2    0.048542    0.073358    0.170327    0.240843 ^ clkbuf_0_clk/Z (gf180mcu_fd_sc_mcu7t5v0__clkbuf_16)
                                                         clknet_0_clk (net)
                      0.073358    0.000298    0.241141 ^ clkbuf_1_1__f_clk/I (gf180mcu_fd_sc_mcu7t5v0__clkbuf_16)
     2    0.009894    0.050222    0.139441    0.380581 ^ clkbuf_1_1__f_clk/Z (gf180mcu_fd_sc_mcu7t5v0__clkbuf_16)
                                                         clknet_1_1__leaf_clk (net)
                      0.050222    0.000206    0.380787 ^ _17_/CLK (gf180mcu_fd_sc_mcu7t5v0__dffq_1)
     4    0.046008    0.317924    0.575384    0.956172 v _17_/Q (gf180mcu_fd_sc_mcu7t5v0__dffq_1)
                                                         net3 (net)
                      0.317984    0.002488    0.958659 v output3/I (gf180mcu_fd_sc_mcu7t5v0__dlyb_1)
     1    0.074400    0.531768    0.997199    1.955858 v output3/Z (gf180mcu_fd_sc_mcu7t5v0__dlyb_1)
                                                         q[1] (net)
                      0.531771    0.000686    1.956544 v q[1] (out)
                                              1.956544   data arrival time

                                  0.000000    0.000000   clock clk (rise edge)
                                  0.000000    0.000000   clock network delay (propagated)
                                  0.250000    0.250000   clock uncertainty
                                  0.000000    0.250000   clock reconvergence pessimism
                                -10.000000   -9.750000   output external delay
                                             -9.750000   data required time
---------------------------------------------------------------------------------------------
                                             -9.750000   data required time
                                             -1.956544   data arrival time
---------------------------------------------------------------------------------------------
                                             11.706544   slack (MET)


Startpoint: _16_ (rising edge-triggered flip-flop clocked by clk)
Endpoint: q[0] (output port clocked by clk)
Path Group: clk
Path Type: min

Fanout         Cap        Slew       Delay        Time   Description
---------------------------------------------------------------------------------------------
                                  0.000000    0.000000   clock clk (rise edge)
                                  0.000000    0.000000   clock source latency
     2    0.041422    0.132015    0.070516    0.070516 ^ clk (in)
                                                         clk (net)
                      0.132102    0.000000    0.070516 ^ clkbuf_0_clk/I (gf180mcu_fd_sc_mcu7t5v0__clkbuf_16)
     2    0.048542    0.073358    0.170327    0.240843 ^ clkbuf_0_clk/Z (gf180mcu_fd_sc_mcu7t5v0__clkbuf_16)
                                                         clknet_0_clk (net)
                      0.073359    0.000418    0.241261 ^ clkbuf_1_0__f_clk/I (gf180mcu_fd_sc_mcu7t5v0__clkbuf_16)
     2    0.010840    0.050811    0.139962    0.381223 ^ clkbuf_1_0__f_clk/Z (gf180mcu_fd_sc_mcu7t5v0__clkbuf_16)
                                                         clknet_1_0__leaf_clk (net)
                      0.050811    0.000208    0.381431 ^ _16_/CLK (gf180mcu_fd_sc_mcu7t5v0__dffq_1)
     5    0.049493    0.340083    0.589602    0.971033 v _16_/Q (gf180mcu_fd_sc_mcu7t5v0__dffq_1)
                                                         net2 (net)
                      0.340127    0.002213    0.973247 v output2/I (gf180mcu_fd_sc_mcu7t5v0__dlyb_1)
     1    0.074027    0.529524    1.003829    1.977075 v output2/Z (gf180mcu_fd_sc_mcu7t5v0__dlyb_1)
                                                         q[0] (net)
                      0.529526    0.000614    1.977690 v q[0] (out)
                                              1.977690   data arrival time

                                  0.000000    0.000000   clock clk (rise edge)
                                  0.000000    0.000000   clock network delay (propagated)
                                  0.250000    0.250000   clock uncertainty
                                  0.000000    0.250000   clock reconvergence pessimism
                                -10.000000   -9.750000   output external delay
                                             -9.750000   data required time
---------------------------------------------------------------------------------------------
                                             -9.750000   data required time
                                             -1.977690   data arrival time
---------------------------------------------------------------------------------------------
                                             11.727690   slack (MET)



%OL_END_REPORT
%OL_CREATE_REPORT max.rpt

===========================================================================
report_checks -path_delay max (Setup)
============================================================================
======================= max_ff_n40C_5v50 Corner ===================================

Startpoint: _16_ (rising edge-triggered flip-flop clocked by clk)
Endpoint: q[0] (output port clocked by clk)
Path Group: clk
Path Type: max

Fanout         Cap        Slew       Delay        Time   Description
---------------------------------------------------------------------------------------------
                                  0.000000    0.000000   clock clk (rise edge)
                                  0.000000    0.000000   clock source latency
     2    0.041422    0.132015    0.070516    0.070516 ^ clk (in)
                                                         clk (net)
                      0.132102    0.000000    0.070516 ^ clkbuf_0_clk/I (gf180mcu_fd_sc_mcu7t5v0__clkbuf_16)
     2    0.048542    0.073358    0.170327    0.240843 ^ clkbuf_0_clk/Z (gf180mcu_fd_sc_mcu7t5v0__clkbuf_16)
                                                         clknet_0_clk (net)
                      0.073359    0.000418    0.241261 ^ clkbuf_1_0__f_clk/I (gf180mcu_fd_sc_mcu7t5v0__clkbuf_16)
     2    0.010840    0.050811    0.139962    0.381223 ^ clkbuf_1_0__f_clk/Z (gf180mcu_fd_sc_mcu7t5v0__clkbuf_16)
                                                         clknet_1_0__leaf_clk (net)
                      0.050811    0.000208    0.381431 ^ _16_/CLK (gf180mcu_fd_sc_mcu7t5v0__dffq_1)
     5    0.049493    0.556019    0.719146    1.100577 ^ _16_/Q (gf180mcu_fd_sc_mcu7t5v0__dffq_1)
                                                         net2 (net)
                      0.556046    0.002214    1.102791 ^ output2/I (gf180mcu_fd_sc_mcu7t5v0__dlyb_1)
     1    0.074027    0.820162    0.969368    2.072159 ^ output2/Z (gf180mcu_fd_sc_mcu7t5v0__dlyb_1)
                                                         q[0] (net)
                      0.820162    0.000615    2.072773 ^ q[0] (out)
                                              2.072773   data arrival time

                                 50.000000   50.000000   clock clk (rise edge)
                                  0.000000   50.000000   clock network delay (propagated)
                                 -0.250000   49.749996   clock uncertainty
                                  0.000000   49.749996   clock reconvergence pessimism
                                -10.000000   39.749996   output external delay
                                             39.749996   data required time
---------------------------------------------------------------------------------------------
                                             39.749996   data required time
                                             -2.072773   data arrival time
---------------------------------------------------------------------------------------------
                                             37.677223   slack (MET)


Startpoint: _17_ (rising edge-triggered flip-flop clocked by clk)
Endpoint: q[1] (output port clocked by clk)
Path Group: clk
Path Type: max

Fanout         Cap        Slew       Delay        Time   Description
---------------------------------------------------------------------------------------------
                                  0.000000    0.000000   clock clk (rise edge)
                                  0.000000    0.000000   clock source latency
     2    0.041422    0.132015    0.070516    0.070516 ^ clk (in)
                                                         clk (net)
                      0.132102    0.000000    0.070516 ^ clkbuf_0_clk/I (gf180mcu_fd_sc_mcu7t5v0__clkbuf_16)
     2    0.048542    0.073358    0.170327    0.240843 ^ clkbuf_0_clk/Z (gf180mcu_fd_sc_mcu7t5v0__clkbuf_16)
                                                         clknet_0_clk (net)
                      0.073358    0.000298    0.241141 ^ clkbuf_1_1__f_clk/I (gf180mcu_fd_sc_mcu7t5v0__clkbuf_16)
     2    0.009894    0.050222    0.139441    0.380581 ^ clkbuf_1_1__f_clk/Z (gf180mcu_fd_sc_mcu7t5v0__clkbuf_16)
                                                         clknet_1_1__leaf_clk (net)
                      0.050222    0.000206    0.380787 ^ _17_/CLK (gf180mcu_fd_sc_mcu7t5v0__dffq_1)
     4    0.046008    0.518943    0.697042    1.077829 ^ _17_/Q (gf180mcu_fd_sc_mcu7t5v0__dffq_1)
                                                         net3 (net)
                      0.518981    0.002489    1.080318 ^ output3/I (gf180mcu_fd_sc_mcu7t5v0__dlyb_1)
     1    0.074400    0.823961    0.972499    2.052817 ^ output3/Z (gf180mcu_fd_sc_mcu7t5v0__dlyb_1)
                                                         q[1] (net)
                      0.823961    0.000686    2.053503 ^ q[1] (out)
                                              2.053503   data arrival time

                                 50.000000   50.000000   clock clk (rise edge)
                                  0.000000   50.000000   clock network delay (propagated)
                                 -0.250000   49.749996   clock uncertainty
                                  0.000000   49.749996   clock reconvergence pessimism
                                -10.000000   39.749996   output external delay
                                             39.749996   data required time
---------------------------------------------------------------------------------------------
                                             39.749996   data required time
                                             -2.053503   data arrival time
---------------------------------------------------------------------------------------------
                                             37.696491   slack (MET)


Startpoint: _18_ (rising edge-triggered flip-flop clocked by clk)
Endpoint: q[2] (output port clocked by clk)
Path Group: clk
Path Type: max

Fanout         Cap        Slew       Delay        Time   Description
---------------------------------------------------------------------------------------------
                                  0.000000    0.000000   clock clk (rise edge)
                                  0.000000    0.000000   clock source latency
     2    0.041422    0.132015    0.070516    0.070516 ^ clk (in)
                                                         clk (net)
                      0.132102    0.000000    0.070516 ^ clkbuf_0_clk/I (gf180mcu_fd_sc_mcu7t5v0__clkbuf_16)
     2    0.048542    0.073358    0.170327    0.240843 ^ clkbuf_0_clk/Z (gf180mcu_fd_sc_mcu7t5v0__clkbuf_16)
                                                         clknet_0_clk (net)
                      0.073358    0.000298    0.241141 ^ clkbuf_1_1__f_clk/I (gf180mcu_fd_sc_mcu7t5v0__clkbuf_16)
     2    0.009894    0.050222    0.139441    0.380581 ^ clkbuf_1_1__f_clk/Z (gf180mcu_fd_sc_mcu7t5v0__clkbuf_16)
                                                         clknet_1_1__leaf_clk (net)
                      0.050222    0.000183    0.380765 ^ _18_/CLK (gf180mcu_fd_sc_mcu7t5v0__dffq_1)
     3    0.027324    0.322020    0.581653    0.962417 ^ _18_/Q (gf180mcu_fd_sc_mcu7t5v0__dffq_1)
                                                         net4 (net)
                      0.322027    0.000838    0.963255 ^ output4/I (gf180mcu_fd_sc_mcu7t5v0__dlyb_1)
     1    0.074347    0.823131    0.972437    1.935692 ^ output4/Z (gf180mcu_fd_sc_mcu7t5v0__dlyb_1)
                                                         q[2] (net)
                      0.823139    0.001400    1.937093 ^ q[2] (out)
                                              1.937093   data arrival time

                                 50.000000   50.000000   clock clk (rise edge)
                                  0.000000   50.000000   clock network delay (propagated)
                                 -0.250000   49.749996   clock uncertainty
                                  0.000000   49.749996   clock reconvergence pessimism
                                -10.000000   39.749996   output external delay
                                             39.749996   data required time
---------------------------------------------------------------------------------------------
                                             39.749996   data required time
                                             -1.937093   data arrival time
---------------------------------------------------------------------------------------------
                                             37.812904   slack (MET)


Startpoint: _19_ (rising edge-triggered flip-flop clocked by clk)
Endpoint: q[3] (output port clocked by clk)
Path Group: clk
Path Type: max

Fanout         Cap        Slew       Delay        Time   Description
---------------------------------------------------------------------------------------------
                                  0.000000    0.000000   clock clk (rise edge)
                                  0.000000    0.000000   clock source latency
     2    0.041422    0.132015    0.070516    0.070516 ^ clk (in)
                                                         clk (net)
                      0.132102    0.000000    0.070516 ^ clkbuf_0_clk/I (gf180mcu_fd_sc_mcu7t5v0__clkbuf_16)
     2    0.048542    0.073358    0.170327    0.240843 ^ clkbuf_0_clk/Z (gf180mcu_fd_sc_mcu7t5v0__clkbuf_16)
                                                         clknet_0_clk (net)
                      0.073359    0.000418    0.241261 ^ clkbuf_1_0__f_clk/I (gf180mcu_fd_sc_mcu7t5v0__clkbuf_16)
     2    0.010840    0.050811    0.139962    0.381223 ^ clkbuf_1_0__f_clk/Z (gf180mcu_fd_sc_mcu7t5v0__clkbuf_16)
                                                         clknet_1_0__leaf_clk (net)
                      0.050811    0.000228    0.381450 ^ _19_/CLK (gf180mcu_fd_sc_mcu7t5v0__dffq_1)
     2    0.024765    0.295187    0.565919    0.947369 ^ _19_/Q (gf180mcu_fd_sc_mcu7t5v0__dffq_1)
                                                         net5 (net)
                      0.295194    0.000782    0.948151 ^ output5/I (gf180mcu_fd_sc_mcu7t5v0__dlyb_1)
     1    0.074163    0.821425    0.971130    1.919281 ^ output5/Z (gf180mcu_fd_sc_mcu7t5v0__dlyb_1)
                                                         q[3] (net)
                      0.821428    0.000907    1.920187 ^ q[3] (out)
                                              1.920187   data arrival time

                                 50.000000   50.000000   clock clk (rise edge)
                                  0.000000   50.000000   clock network delay (propagated)
                                 -0.250000   49.749996   clock uncertainty
                                  0.000000   49.749996   clock reconvergence pessimism
                                -10.000000   39.749996   output external delay
                                             39.749996   data required time
---------------------------------------------------------------------------------------------
                                             39.749996   data required time
                                             -1.920187   data arrival time
---------------------------------------------------------------------------------------------
                                             37.829807   slack (MET)


Startpoint: rst (input port clocked by clk)
Endpoint: _18_ (rising edge-triggered flip-flop clocked by clk)
Path Group: clk
Path Type: max

Fanout         Cap        Slew       Delay        Time   Description
---------------------------------------------------------------------------------------------
                                  0.000000    0.000000   clock clk (rise edge)
                                  0.000000    0.000000   clock network delay (propagated)
                                 10.000000   10.000000 v input external delay
     2    0.005489    0.052180    0.022600   10.022600 v rst (in)
                                                         rst (net)
                      0.052180    0.000000   10.022600 v input1/I (gf180mcu_fd_sc_mcu7t5v0__dlyb_1)
     4    0.035026    0.302081    0.735040   10.757641 v input1/Z (gf180mcu_fd_sc_mcu7t5v0__dlyb_1)
                                                         net1 (net)
                      0.302118    0.001995   10.759635 v _10_/A1 (gf180mcu_fd_sc_mcu7t5v0__nor3_1)
     1    0.003175    0.225505    0.191061   10.950697 ^ _10_/ZN (gf180mcu_fd_sc_mcu7t5v0__nor3_1)
                                                         _00_ (net)
                      0.225505    0.000032   10.950728 ^ _18_/D (gf180mcu_fd_sc_mcu7t5v0__dffq_1)
                                             10.950728   data arrival time

                                 50.000000   50.000000   clock clk (rise edge)
                                  0.000000   50.000000   clock source latency
     2    0.041422    0.132015    0.070518   50.070515 ^ clk (in)
                                                         clk (net)
                      0.132102    0.000000   50.070515 ^ clkbuf_0_clk/I (gf180mcu_fd_sc_mcu7t5v0__clkbuf_16)
     2    0.048542    0.073358    0.170324   50.240841 ^ clkbuf_0_clk/Z (gf180mcu_fd_sc_mcu7t5v0__clkbuf_16)
                                                         clknet_0_clk (net)
                      0.073358    0.000298   50.241138 ^ clkbuf_1_1__f_clk/I (gf180mcu_fd_sc_mcu7t5v0__clkbuf_16)
     2    0.009894    0.050222    0.139440   50.380581 ^ clkbuf_1_1__f_clk/Z (gf180mcu_fd_sc_mcu7t5v0__clkbuf_16)
                                                         clknet_1_1__leaf_clk (net)
                      0.050222    0.000185   50.380764 ^ _18_/CLK (gf180mcu_fd_sc_mcu7t5v0__dffq_1)
                                 -0.250000   50.130764   clock uncertainty
                                  0.000000   50.130764   clock reconvergence pessimism
                                 -0.148357   49.982407   library setup time
                                             49.982407   data required time
---------------------------------------------------------------------------------------------
                                             49.982407   data required time
                                            -10.950728   data arrival time
---------------------------------------------------------------------------------------------
                                             39.031677   slack (MET)


Startpoint: rst (input port clocked by clk)
Endpoint: _17_ (rising edge-triggered flip-flop clocked by clk)
Path Group: clk
Path Type: max

Fanout         Cap        Slew       Delay        Time   Description
---------------------------------------------------------------------------------------------
                                  0.000000    0.000000   clock clk (rise edge)
                                  0.000000    0.000000   clock network delay (propagated)
                                 10.000000   10.000000 v input external delay
     2    0.005489    0.052180    0.022600   10.022600 v rst (in)
                                                         rst (net)
                      0.052180    0.000000   10.022600 v input1/I (gf180mcu_fd_sc_mcu7t5v0__dlyb_1)
     4    0.035026    0.302081    0.735040   10.757641 v input1/Z (gf180mcu_fd_sc_mcu7t5v0__dlyb_1)
                                                         net1 (net)
                      0.302112    0.001844   10.759484 v _15_/A1 (gf180mcu_fd_sc_mcu7t5v0__nor2_1)
     1    0.004105    0.172640    0.166645   10.926129 ^ _15_/ZN (gf180mcu_fd_sc_mcu7t5v0__nor2_1)
                                                         _03_ (net)
                      0.172640    0.000083   10.926212 ^ _17_/D (gf180mcu_fd_sc_mcu7t5v0__dffq_1)
                                             10.926212   data arrival time

                                 50.000000   50.000000   clock clk (rise edge)
                                  0.000000   50.000000   clock source latency
     2    0.041422    0.132015    0.070518   50.070515 ^ clk (in)
                                                         clk (net)
                      0.132102    0.000000   50.070515 ^ clkbuf_0_clk/I (gf180mcu_fd_sc_mcu7t5v0__clkbuf_16)
     2    0.048542    0.073358    0.170324   50.240841 ^ clkbuf_0_clk/Z (gf180mcu_fd_sc_mcu7t5v0__clkbuf_16)
                                                         clknet_0_clk (net)
                      0.073358    0.000298   50.241138 ^ clkbuf_1_1__f_clk/I (gf180mcu_fd_sc_mcu7t5v0__clkbuf_16)
     2    0.009894    0.050222    0.139440   50.380581 ^ clkbuf_1_1__f_clk/Z (gf180mcu_fd_sc_mcu7t5v0__clkbuf_16)
                                                         clknet_1_1__leaf_clk (net)
                      0.050222    0.000206   50.380787 ^ _17_/CLK (gf180mcu_fd_sc_mcu7t5v0__dffq_1)
                                 -0.250000   50.130783   clock uncertainty
                                  0.000000   50.130783   clock reconvergence pessimism
                                 -0.142882   49.987900   library setup time
                                             49.987900   data required time
---------------------------------------------------------------------------------------------
                                             49.987900   data required time
                                            -10.926212   data arrival time
---------------------------------------------------------------------------------------------
                                             39.061691   slack (MET)


Startpoint: rst (input port clocked by clk)
Endpoint: _19_ (rising edge-triggered flip-flop clocked by clk)
Path Group: clk
Path Type: max

Fanout         Cap        Slew       Delay        Time   Description
---------------------------------------------------------------------------------------------
                                  0.000000    0.000000   clock clk (rise edge)
                                  0.000000    0.000000   clock network delay (propagated)
                                 10.000000   10.000000 v input external delay
     2    0.005489    0.052180    0.022600   10.022600 v rst (in)
                                                         rst (net)
                      0.052180    0.000000   10.022600 v input1/I (gf180mcu_fd_sc_mcu7t5v0__dlyb_1)
     4    0.035026    0.302081    0.735040   10.757641 v input1/Z (gf180mcu_fd_sc_mcu7t5v0__dlyb_1)
                                                         net1 (net)
                      0.302106    0.001678   10.759318 v _12_/A1 (gf180mcu_fd_sc_mcu7t5v0__nor2_1)
     1    0.003657    0.165841    0.161421   10.920739 ^ _12_/ZN (gf180mcu_fd_sc_mcu7t5v0__nor2_1)
                                                         _01_ (net)
                      0.165841    0.000041   10.920780 ^ _19_/D (gf180mcu_fd_sc_mcu7t5v0__dffq_1)
                                             10.920780   data arrival time

                                 50.000000   50.000000   clock clk (rise edge)
                                  0.000000   50.000000   clock source latency
     2    0.041422    0.132015    0.070518   50.070515 ^ clk (in)
                                                         clk (net)
                      0.132102    0.000000   50.070515 ^ clkbuf_0_clk/I (gf180mcu_fd_sc_mcu7t5v0__clkbuf_16)
     2    0.048542    0.073358    0.170324   50.240841 ^ clkbuf_0_clk/Z (gf180mcu_fd_sc_mcu7t5v0__clkbuf_16)
                                                         clknet_0_clk (net)
                      0.073359    0.000419   50.241261 ^ clkbuf_1_0__f_clk/I (gf180mcu_fd_sc_mcu7t5v0__clkbuf_16)
     2    0.010840    0.050811    0.139963   50.381222 ^ clkbuf_1_0__f_clk/Z (gf180mcu_fd_sc_mcu7t5v0__clkbuf_16)
                                                         clknet_1_0__leaf_clk (net)
                      0.050811    0.000227   50.381451 ^ _19_/CLK (gf180mcu_fd_sc_mcu7t5v0__dffq_1)
                                 -0.250000   50.131451   clock uncertainty
                                  0.000000   50.131451   clock reconvergence pessimism
                                 -0.141955   49.989494   library setup time
                                             49.989494   data required time
---------------------------------------------------------------------------------------------
                                             49.989494   data required time
                                            -10.920780   data arrival time
---------------------------------------------------------------------------------------------
                                             39.068714   slack (MET)


Startpoint: rst (input port clocked by clk)
Endpoint: _16_ (rising edge-triggered flip-flop clocked by clk)
Path Group: clk
Path Type: max

Fanout         Cap        Slew       Delay        Time   Description
---------------------------------------------------------------------------------------------
                                  0.000000    0.000000   clock clk (rise edge)
                                  0.000000    0.000000   clock network delay (propagated)
                                 10.000000   10.000000 v input external delay
     2    0.005489    0.052180    0.022600   10.022600 v rst (in)
                                                         rst (net)
                      0.052180    0.000000   10.022600 v input1/I (gf180mcu_fd_sc_mcu7t5v0__dlyb_1)
     4    0.035026    0.302081    0.735040   10.757641 v input1/Z (gf180mcu_fd_sc_mcu7t5v0__dlyb_1)
                                                         net1 (net)
                      0.302120    0.002038   10.759679 v _13_/A2 (gf180mcu_fd_sc_mcu7t5v0__nor2_1)
     1    0.002859    0.160750    0.140253   10.899932 ^ _13_/ZN (gf180mcu_fd_sc_mcu7t5v0__nor2_1)
                                                         _02_ (net)
                      0.160750    0.000028   10.899960 ^ _16_/D (gf180mcu_fd_sc_mcu7t5v0__dffq_1)
                                             10.899960   data arrival time

                                 50.000000   50.000000   clock clk (rise edge)
                                  0.000000   50.000000   clock source latency
     2    0.041422    0.132015    0.070518   50.070515 ^ clk (in)
                                                         clk (net)
                      0.132102    0.000000   50.070515 ^ clkbuf_0_clk/I (gf180mcu_fd_sc_mcu7t5v0__clkbuf_16)
     2    0.048542    0.073358    0.170324   50.240841 ^ clkbuf_0_clk/Z (gf180mcu_fd_sc_mcu7t5v0__clkbuf_16)
                                                         clknet_0_clk (net)
                      0.073359    0.000419   50.241261 ^ clkbuf_1_0__f_clk/I (gf180mcu_fd_sc_mcu7t5v0__clkbuf_16)
     2    0.010840    0.050811    0.139963   50.381222 ^ clkbuf_1_0__f_clk/Z (gf180mcu_fd_sc_mcu7t5v0__clkbuf_16)
                                                         clknet_1_0__leaf_clk (net)
                      0.050811    0.000206   50.381428 ^ _16_/CLK (gf180mcu_fd_sc_mcu7t5v0__dffq_1)
                                 -0.250000   50.131428   clock uncertainty
                                  0.000000   50.131428   clock reconvergence pessimism
                                 -0.141375   49.990051   library setup time
                                             49.990051   data required time
---------------------------------------------------------------------------------------------
                                             49.990051   data required time
                                            -10.899960   data arrival time
---------------------------------------------------------------------------------------------
                                             39.090092   slack (MET)



%OL_END_REPORT
%OL_CREATE_REPORT checks.rpt

===========================================================================
report_checks -unconstrained
===========================================================================
======================= max_ff_n40C_5v50 Corner ===================================

Startpoint: _16_ (rising edge-triggered flip-flop clocked by clk)
Endpoint: q[0] (output port clocked by clk)
Path Group: clk
Path Type: max

Fanout         Cap        Slew       Delay        Time   Description
---------------------------------------------------------------------------------------------
                                  0.000000    0.000000   clock clk (rise edge)
                                  0.000000    0.000000   clock source latency
     2    0.041422    0.132015    0.070516    0.070516 ^ clk (in)
                                                         clk (net)
                      0.132102    0.000000    0.070516 ^ clkbuf_0_clk/I (gf180mcu_fd_sc_mcu7t5v0__clkbuf_16)
     2    0.048542    0.073358    0.170327    0.240843 ^ clkbuf_0_clk/Z (gf180mcu_fd_sc_mcu7t5v0__clkbuf_16)
                                                         clknet_0_clk (net)
                      0.073359    0.000418    0.241261 ^ clkbuf_1_0__f_clk/I (gf180mcu_fd_sc_mcu7t5v0__clkbuf_16)
     2    0.010840    0.050811    0.139962    0.381223 ^ clkbuf_1_0__f_clk/Z (gf180mcu_fd_sc_mcu7t5v0__clkbuf_16)
                                                         clknet_1_0__leaf_clk (net)
                      0.050811    0.000208    0.381431 ^ _16_/CLK (gf180mcu_fd_sc_mcu7t5v0__dffq_1)
     5    0.049493    0.556019    0.719146    1.100577 ^ _16_/Q (gf180mcu_fd_sc_mcu7t5v0__dffq_1)
                                                         net2 (net)
                      0.556046    0.002214    1.102791 ^ output2/I (gf180mcu_fd_sc_mcu7t5v0__dlyb_1)
     1    0.074027    0.820162    0.969368    2.072159 ^ output2/Z (gf180mcu_fd_sc_mcu7t5v0__dlyb_1)
                                                         q[0] (net)
                      0.820162    0.000615    2.072773 ^ q[0] (out)
                                              2.072773   data arrival time

                                 50.000000   50.000000   clock clk (rise edge)
                                  0.000000   50.000000   clock network delay (propagated)
                                 -0.250000   49.749996   clock uncertainty
                                  0.000000   49.749996   clock reconvergence pessimism
                                -10.000000   39.749996   output external delay
                                             39.749996   data required time
---------------------------------------------------------------------------------------------
                                             39.749996   data required time
                                             -2.072773   data arrival time
---------------------------------------------------------------------------------------------
                                             37.677223   slack (MET)




===========================================================================
report_checks --slack_max -0.01
============================================================================
======================= max_ff_n40C_5v50 Corner ===================================

No paths found.


===========================================================================
 report_check_types -max_slew -max_cap -max_fanout -violators
============================================================================
======================= max_ff_n40C_5v50 Corner ===================================



===========================================================================
report_parasitic_annotation -report_unannotated
============================================================================
Found 0 unannotated drivers.
Found 0 partially unannotated drivers.

===========================================================================
max slew violation count 0
%OL_METRIC_I design__max_slew_violation__count__corner:max_ff_n40C_5v50 0
max fanout violation count 0
%OL_METRIC_I design__max_fanout_violation__count__corner:max_ff_n40C_5v50 0
max cap violation count 0
%OL_METRIC_I design__max_cap_violation__count__corner:max_ff_n40C_5v50 0
============================================================================

===========================================================================
check_setup -verbose -unconstrained_endpoints -multiple_clock -no_clock -no_input_delay -loops -generated_clocks
===========================================================================
%OL_END_REPORT
%OL_CREATE_REPORT power.rpt

===========================================================================
 report_power
============================================================================
======================= max_ff_n40C_5v50 Corner ===================================

Group                    Internal    Switching      Leakage        Total
                            Power        Power        Power        Power (Watts)
------------------------------------------------------------------------
Sequential           5.236558e-05 5.986836e-06 1.948968e-09 5.835437e-05  15.2%
Combinational        8.961826e-06 1.341836e-05 1.992134e-09 2.238218e-05   5.8%
Clock                2.611896e-04 4.191184e-05 1.194429e-07 3.032208e-04  79.0%
Macro                0.000000e+00 0.000000e+00 0.000000e+00 0.000000e+00   0.0%
Pad                  0.000000e+00 0.000000e+00 0.000000e+00 0.000000e+00   0.0%
------------------------------------------------------------------------
Total                3.225170e-04 6.131703e-05 1.233840e-07 3.839574e-04 100.0%
                            84.0%        16.0%         0.0%
%OL_METRIC_F power__internal__total 0.0003225170075893402
%OL_METRIC_F power__switching__total 6.131703412393108e-5
%OL_METRIC_F power__leakage__total 1.2338399812961143e-7
%OL_METRIC_F power__total 0.00038395740557461977

%OL_END_REPORT
%OL_CREATE_REPORT skew.min.rpt

===========================================================================
Clock Skew (Hold)
============================================================================
%OL_METRIC_F clock__skew__worst_hold__corner:max_ff_n40C_5v50 -0.2506859513151647
======================= max_ff_n40C_5v50 Corner ===================================

Clock clk
0.380765 source latency _18_/CLK ^
-0.381450 target latency _19_/CLK ^
-0.250000 clock uncertainty
0.000000 CRPR
--------------
-0.250686 hold skew

%OL_END_REPORT
%OL_CREATE_REPORT skew.max.rpt

===========================================================================
Clock Skew (Setup)
============================================================================
%OL_METRIC_F clock__skew__worst_setup__corner:max_ff_n40C_5v50 0.25066605056688546
======================= max_ff_n40C_5v50 Corner ===================================

Clock clk
0.381431 source latency _16_/CLK ^
-0.380765 target latency _18_/CLK ^
0.250000 clock uncertainty
0.000000 CRPR
--------------
0.250666 setup skew

%OL_END_REPORT
%OL_CREATE_REPORT ws.min.rpt

===========================================================================
Worst Slack (Hold)
============================================================================
%OL_METRIC_F timing__hold__ws__corner:max_ff_n40C_5v50 0.4515709600731593
max_ff_n40C_5v50: 0.4515709600731593
%OL_END_REPORT
%OL_CREATE_REPORT ws.max.rpt

===========================================================================
Worst Slack (Setup)
============================================================================
%OL_METRIC_F timing__setup__ws__corner:max_ff_n40C_5v50 37.6772224084313
max_ff_n40C_5v50: 37.6772224084313
%OL_END_REPORT
%OL_CREATE_REPORT tns.min.rpt

===========================================================================
Total Negative Slack (Hold)
============================================================================
%OL_METRIC_F timing__hold__tns__corner:max_ff_n40C_5v50 0.0
max_ff_n40C_5v50: 0.0
%OL_END_REPORT
%OL_CREATE_REPORT tns.max.rpt

===========================================================================
Total Negative Slack (Setup)
============================================================================
%OL_METRIC_F timing__setup__tns__corner:max_ff_n40C_5v50 0.0
max_ff_n40C_5v50: 0.0
%OL_END_REPORT
%OL_CREATE_REPORT wns.min.rpt

===========================================================================
Worst Negative Slack (Hold)
============================================================================
%OL_METRIC_F timing__hold__wns__corner:max_ff_n40C_5v50 0
max_ff_n40C_5v50: 0
%OL_END_REPORT
%OL_CREATE_REPORT wns.max.rpt

===========================================================================
Worst Negative Slack (Setup)
============================================================================
%OL_METRIC_F timing__setup__wns__corner:max_ff_n40C_5v50 0.0
max_ff_n40C_5v50: 0.0
%OL_END_REPORT
%OL_CREATE_REPORT violator_list.rpt

===========================================================================
Violator List
============================================================================
%OL_METRIC_I timing__hold_vio__count__corner:max_ff_n40C_5v50 0
%OL_METRIC_F timing__hold_r2r__ws__corner:max_ff_n40C_5v50 0.451571
%OL_METRIC_I timing__hold_r2r_vio__count__corner:max_ff_n40C_5v50 0
%OL_METRIC_I timing__setup_vio__count__corner:max_ff_n40C_5v50 0
%OL_METRIC_F timing__setup_r2r__ws__corner:max_ff_n40C_5v50 inf
%OL_METRIC_I timing__setup_r2r_vio__count__corner:max_ff_n40C_5v50 0
%OL_END_REPORT
%OL_CREATE_REPORT unpropagated.rpt
%OL_END_REPORT
%OL_CREATE_REPORT clock.rpt
Clock: clk
Sources: clk 
Generated: no
Virtual: yes
Propagated: no
Period: 50.000000

===========================================================================
report_clock_properties
============================================================================
Clock                   Period          Waveform
----------------------------------------------------
clk                  50.000000    0.000000 25.000000

===========================================================================
report_clock_latency
============================================================================
Clock clk
rise -> rise
    min     max
0.000000 0.000000 source latency
0.380765         network latency _18_/CLK
        0.381450 network latency _19_/CLK
---------------
0.380765 0.381450 latency
        0.000686 skew

fall -> fall
    min     max
0.000000 0.000000 source latency
0.339087         network latency _18_/CLK
        0.339801 network latency _19_/CLK
---------------
0.339087 0.339801 latency
        0.000714 skew



===========================================================================
report_clock_min_period
============================================================================
clk period_min = 1.84 fmax = 543.95
%OL_END_REPORT
Writing SDF files for all corners…
Removing Clock latencies before writing libs…
Writing timing models for all corners…
Writing timing models for the max_ff_n40C_5v50 corner to /foss/designs/runs/RUN_2026-05-31_16-56-33/55-openroad-stapostpnr/max_ff_n40C_5v50/counter__max_ff_n40C_5v50.lib…
