Reading timing models for corner nom_tt_025C_5v00…
Reading timing library for the 'nom_tt_025C_5v00' corner at '/foss/pdks/gf180mcuD/libs.ref/gf180mcu_fd_sc_mcu9t5v0/lib/gf180mcu_fd_sc_mcu9t5v0__tt_025C_5v00.lib'…
Reading timing library for the 'nom_tt_025C_5v00' corner at '/foss/pdks/gf180mcuD/libs.ref/gf180mcu_fd_ip_sram/lib/gf180mcu_fd_ip_sram__sram256x8m8wm1__tt_025C_5v00.lib'…
Reading OpenROAD database at '/headless/aravindustries-repos/butterfold/butterfold_proto/physical/librelane/runs/d03_ach_pnr/17-openroad-resizertimingpostgrt/butterfold_top.odb'…
Reading design constraints file at '/headless/aravindustries-repos/butterfold/butterfold_proto/physical/constraints.sdc'…
[INFO] No information on clock propagation in input SDC file-- propagating all clocks.
[INFO ORD-0030] Using 22 thread(s).
+ detailed_route -droute_end_iter 64 -or_seed 42 -verbose 1 -output_drc /headless/aravindustries-repos/butterfold/butterfold_proto/physical/librelane/runs/d03_ach_pnr/19-openroad-detailedrouting/drt-run-0/butterfold_top.drc
[INFO DRT-0149] Reading tech and libs.
[WARNING DRT-0349] LEF58_ENCLOSURE with no CUTCLASS is not supported. Skipping for layer Via1
[WARNING DRT-0349] LEF58_ENCLOSURE with no CUTCLASS is not supported. Skipping for layer Via1
[WARNING DRT-0349] LEF58_ENCLOSURE with no CUTCLASS is not supported. Skipping for layer Via2
[WARNING DRT-0349] LEF58_ENCLOSURE with no CUTCLASS is not supported. Skipping for layer Via2
[WARNING DRT-0349] LEF58_ENCLOSURE with no CUTCLASS is not supported. Skipping for layer Via3
[WARNING DRT-0349] LEF58_ENCLOSURE with no CUTCLASS is not supported. Skipping for layer Via3
[WARNING DRT-0349] LEF58_ENCLOSURE with no CUTCLASS is not supported. Skipping for layer Via4
[WARNING DRT-0349] LEF58_ENCLOSURE with no CUTCLASS is not supported. Skipping for layer Via4

Units:                2000
Number of layers:     11
Number of macros:     230
Number of vias:       88
Number of viarulegen: 16

[INFO DRT-0150] Reading design.
[WARNING DRT-0120] Large net rst_n has 1461 pins which may impact routing performance. Consider optimization.

Design:                   butterfold_top
Die area:                 ( 0 0 ) ( 2220000 3350000 )
Number of track patterns: 10
Number of DEF vias:       0
Number of components:     19801
Number of terminals:      23
Number of snets:          2
Number of nets:           11485

[INFO DRT-0167] List of default vias:
  Layer Via2
    default via: Via2_VH
  Layer Via3
    default via: Via3_HV
  Layer Via4
    default via: Via4_VH
[INFO DRT-0162] Library cell analysis.
[INFO DRT-0163] Instance analysis.
[INFO DRT-0164] Number of unique instances = 259.
[INFO DRT-0168] Init region query.
[INFO DRT-0024]   Complete Poly2.
[INFO DRT-0024]   Complete CON.
[INFO DRT-0024]   Complete Metal1.
[INFO DRT-0024]   Complete Via1.
[INFO DRT-0024]   Complete Metal2.
[INFO DRT-0024]   Complete Via2.
[INFO DRT-0024]   Complete Metal3.
[INFO DRT-0024]   Complete Via3.
[INFO DRT-0024]   Complete Metal4.
[INFO DRT-0024]   Complete Via4.
[INFO DRT-0024]   Complete Metal5.
[INFO DRT-0033] Poly2 shape region query size = 0.
[INFO DRT-0033] CON shape region query size = 0.
[INFO DRT-0033] Metal1 shape region query size = 318715.
[INFO DRT-0033] Via1 shape region query size = 6732.
[INFO DRT-0033] Metal2 shape region query size = 4763.
[INFO DRT-0033] Via2 shape region query size = 6732.
[INFO DRT-0033] Metal3 shape region query size = 5128.
[INFO DRT-0033] Via3 shape region query size = 8232.
[INFO DRT-0033] Metal4 shape region query size = 2524.
[INFO DRT-0033] Via4 shape region query size = 1800.
[INFO DRT-0033] Metal5 shape region query size = 222.
[INFO DRT-0165] Start pin access.
[INFO DRT-0076]   Complete 1000 pins.
[INFO DRT-0076]   Complete 2000 pins.
[INFO DRT-0078]   Complete 2147 pins.
[INFO DRT-0079]   Complete 100 unique inst patterns.
[INFO DRT-0079]   Complete 200 unique inst patterns.
[INFO DRT-0081]   Complete 270 unique inst patterns.
[INFO DRT-0082]   Complete 10000 groups.
[INFO DRT-0084]   Complete 11545 groups.
#scanned instances     = 19801
#unique  instances     = 276
#stdCellGenAp          = 8600
#stdCellValidPlanarAp  = 0
#stdCellValidViaAp     = 6869
#stdCellPinNoAp        = 0
#stdCellPinCnt         = 42227
#instTermValidViaApCnt = 0
#macroGenAp            = 1120
#macroValidPlanarAp    = 1120
#macroValidViaAp       = 344
#macroNoAp             = 0
[INFO DRT-0166] Complete pin access.
[INFO DRT-0267] cpu time = 00:00:45, elapsed time = 00:00:02, memory = 210.40 (MB), peak = 209.89 (MB)
[INFO DRT-0156] guideIn read 100000 guides.

[INFO DRT-0157] Number of guides:     111013

[INFO DRT-0169] Post process guides.
[INFO DRT-0176] GCELLGRID X 0 DO 132 STEP 16800 ;
[INFO DRT-0177] GCELLGRID Y 0 DO 199 STEP 16800 ;
[INFO DRT-0026]   Complete 100000 origin guides.
[INFO DRT-0028]   Complete Poly2.
[INFO DRT-0028]   Complete CON.
[INFO DRT-0028]   Complete Metal1.
[INFO DRT-0028]   Complete Via1.
[INFO DRT-0028]   Complete Metal2.
[INFO DRT-0028]   Complete Via2.
[INFO DRT-0028]   Complete Metal3.
[INFO DRT-0028]   Complete Via3.
[INFO DRT-0028]   Complete Metal4.
[INFO DRT-0028]   Complete Via4.
[INFO DRT-0028]   Complete Metal5.
[INFO DRT-0178] Init guide query.
[INFO DRT-0035]   Complete Poly2 (guide).
[INFO DRT-0035]   Complete CON (guide).
[INFO DRT-0035]   Complete Metal1 (guide).
[INFO DRT-0035]   Complete Via1 (guide).
[INFO DRT-0035]   Complete Metal2 (guide).
[INFO DRT-0035]   Complete Via2 (guide).
[INFO DRT-0035]   Complete Metal3 (guide).
[INFO DRT-0035]   Complete Via3 (guide).
[INFO DRT-0035]   Complete Metal4 (guide).
[INFO DRT-0035]   Complete Via4 (guide).
[INFO DRT-0035]   Complete Metal5 (guide).
[INFO DRT-0036] Poly2 guide region query size = 0.
[INFO DRT-0036] CON guide region query size = 0.
[INFO DRT-0036] Metal1 guide region query size = 38332.
[INFO DRT-0036] Via1 guide region query size = 0.
[INFO DRT-0036] Metal2 guide region query size = 35658.
[INFO DRT-0036] Via2 guide region query size = 0.
[INFO DRT-0036] Metal3 guide region query size = 17706.
[INFO DRT-0036] Via3 guide region query size = 0.
[INFO DRT-0036] Metal4 guide region query size = 749.
[INFO DRT-0036] Via4 guide region query size = 0.
[INFO DRT-0036] Metal5 guide region query size = 122.
[INFO DRT-0179] Init gr pin query.
[INFO DRT-0267] cpu time = 00:00:05, elapsed time = 00:00:01, memory = 251.81 (MB), peak = 249.61 (MB)
[INFO DRT-0245] skipped writing guide updates to database.
[INFO DRT-0185] Post process initialize RPin region query.
[INFO DRT-0181] Start track assignment.
[INFO DRT-0184] Done with 36407 vertical wires in 3 frboxes and 56160 horizontal wires in 4 frboxes.
[INFO DRT-0186] Done with 8294 vertical wires in 3 frboxes and 5551 horizontal wires in 4 frboxes.
[INFO DRT-0182] Complete track assignment.
[INFO DRT-0267] cpu time = 00:00:05, elapsed time = 00:00:01, memory = 499.42 (MB), peak = 497.29 (MB)
[INFO DRT-0187] Start routing data preparation.
[INFO DRT-0267] cpu time = 00:00:00, elapsed time = 00:00:00, memory = 499.61 (MB), peak = 497.47 (MB)
[INFO DRT-0194] Start detail routing.
[INFO DRT-0195] Start 0th optimization iteration.
    Completing 10% with 0 violations.
    elapsed time = 00:00:01, memory = 678.52 (MB).
    Completing 20% with 0 violations.
    elapsed time = 00:00:02, memory = 732.82 (MB).
    Completing 30% with 516 violations.
    elapsed time = 00:00:03, memory = 758.89 (MB).
    Completing 40% with 516 violations.
    elapsed time = 00:00:05, memory = 794.79 (MB).
    Completing 50% with 516 violations.
    elapsed time = 00:00:05, memory = 802.11 (MB).
    Completing 60% with 987 violations.
    elapsed time = 00:00:07, memory = 833.14 (MB).
    Completing 70% with 987 violations.
    elapsed time = 00:00:08, memory = 852.24 (MB).
    Completing 80% with 1491 violations.
    elapsed time = 00:00:09, memory = 858.43 (MB).
    Completing 90% with 1491 violations.
    elapsed time = 00:00:10, memory = 870.02 (MB).
    Completing 100% with 1887 violations.
    elapsed time = 00:00:11, memory = 882.25 (MB).
[INFO DRT-0199]   Number of violations = 2845.
Viol/Layer      Metal1   Via1 Metal2 Metal3
Cut Spacing          0      1      0      0
Metal Spacing        0      0    190      4
Recheck             11      0    764    183
Short                0      1   1579    112
[INFO DRT-0267] cpu time = 00:03:24, elapsed time = 00:00:12, memory = 1158.91 (MB), peak = 1156.45 (MB)
Total wire length = 1074897 um.
Total wire length on LAYER Metal1 = 0 um.
Total wire length on LAYER Metal2 = 479672 um.
Total wire length on LAYER Metal3 = 365557 um.
Total wire length on LAYER Metal4 = 215804 um.
Total wire length on LAYER Metal5 = 13862 um.
Total number of vias = 86737.
Up-via summary (total 86737):

----------------
  Poly2        0
 Metal1    42903
 Metal2    42035
 Metal3     1561
 Metal4      238
----------------
       86737


[INFO DRT-0195] Start 1st optimization iteration.
    Completing 10% with 2845 violations.
    elapsed time = 00:00:01, memory = 1162.50 (MB).
    Completing 20% with 2845 violations.
    elapsed time = 00:00:01, memory = 1169.58 (MB).
    Completing 30% with 2283 violations.
    elapsed time = 00:00:02, memory = 1181.00 (MB).
    Completing 40% with 2283 violations.
    elapsed time = 00:00:04, memory = 1195.56 (MB).
    Completing 50% with 2283 violations.
    elapsed time = 00:00:05, memory = 1195.71 (MB).
    Completing 60% with 1750 violations.
    elapsed time = 00:00:06, memory = 1195.71 (MB).
    Completing 70% with 1750 violations.
    elapsed time = 00:00:06, memory = 1199.73 (MB).
    Completing 80% with 1268 violations.
    elapsed time = 00:00:08, memory = 1204.78 (MB).
    Completing 90% with 1268 violations.
    elapsed time = 00:00:10, memory = 1212.78 (MB).
    Completing 100% with 669 violations.
    elapsed time = 00:00:10, memory = 1215.89 (MB).
[INFO DRT-0199]   Number of violations = 669.
Viol/Layer      Metal2 Metal3
Metal Spacing      125      0
Recheck              1      0
Short              521     22
[INFO DRT-0267] cpu time = 00:03:19, elapsed time = 00:00:11, memory = 1218.89 (MB), peak = 1216.44 (MB)
Total wire length = 1071586 um.
Total wire length on LAYER Metal1 = 0 um.
Total wire length on LAYER Metal2 = 476786 um.
Total wire length on LAYER Metal3 = 364652 um.
Total wire length on LAYER Metal4 = 216279 um.
Total wire length on LAYER Metal5 = 13868 um.
Total number of vias = 86391.
Up-via summary (total 86391):

----------------
  Poly2        0
 Metal1    42910
 Metal2    41523
 Metal3     1726
 Metal4      232
----------------
       86391


[INFO DRT-0195] Start 2nd optimization iteration.
    Completing 10% with 669 violations.
    elapsed time = 00:00:00, memory = 1218.89 (MB).
    Completing 20% with 669 violations.
    elapsed time = 00:00:01, memory = 1220.20 (MB).
    Completing 30% with 637 violations.
    elapsed time = 00:00:02, memory = 1221.04 (MB).
    Completing 40% with 637 violations.
    elapsed time = 00:00:03, memory = 1221.04 (MB).
    Completing 50% with 637 violations.
    elapsed time = 00:00:04, memory = 1221.42 (MB).
    Completing 60% with 592 violations.
    elapsed time = 00:00:05, memory = 1221.42 (MB).
    Completing 70% with 592 violations.
    elapsed time = 00:00:06, memory = 1221.42 (MB).
    Completing 80% with 576 violations.
    elapsed time = 00:00:07, memory = 1225.26 (MB).
    Completing 90% with 576 violations.
    elapsed time = 00:00:08, memory = 1225.26 (MB).
    Completing 100% with 497 violations.
    elapsed time = 00:00:09, memory = 1231.50 (MB).
[INFO DRT-0199]   Number of violations = 497.
Viol/Layer      Metal2 Metal3
Metal Spacing      127      1
Short              358     11
[INFO DRT-0267] cpu time = 00:02:37, elapsed time = 00:00:10, memory = 1234.50 (MB), peak = 1232.25 (MB)
Total wire length = 1071041 um.
Total wire length on LAYER Metal1 = 0 um.
Total wire length on LAYER Metal2 = 476501 um.
Total wire length on LAYER Metal3 = 364282 um.
Total wire length on LAYER Metal4 = 216408 um.
Total wire length on LAYER Metal5 = 13849 um.
Total number of vias = 86188.
Up-via summary (total 86188):

----------------
  Poly2        0
 Metal1    42908
 Metal2    41329
 Metal3     1719
 Metal4      232
----------------
       86188


[INFO DRT-0195] Start 3rd optimization iteration.
    Completing 10% with 497 violations.
    elapsed time = 00:00:00, memory = 1234.50 (MB).
    Completing 20% with 497 violations.
    elapsed time = 00:00:00, memory = 1234.50 (MB).
    Completing 30% with 347 violations.
    elapsed time = 00:00:01, memory = 1238.34 (MB).
    Completing 40% with 347 violations.
    elapsed time = 00:00:02, memory = 1238.34 (MB).
    Completing 50% with 347 violations.
    elapsed time = 00:00:02, memory = 1238.34 (MB).
    Completing 60% with 225 violations.
    elapsed time = 00:00:03, memory = 1240.54 (MB).
    Completing 70% with 225 violations.
    elapsed time = 00:00:03, memory = 1240.54 (MB).
    Completing 80% with 105 violations.
    elapsed time = 00:00:04, memory = 1240.54 (MB).
    Completing 90% with 105 violations.
    elapsed time = 00:00:04, memory = 1240.54 (MB).
    Completing 100% with 13 violations.
    elapsed time = 00:00:06, memory = 1240.54 (MB).
[INFO DRT-0199]   Number of violations = 13.
Viol/Layer      Metal2   Via2
Cut Spacing          0      1
Metal Spacing        4      0
Short                8      0
[INFO DRT-0267] cpu time = 00:01:14, elapsed time = 00:00:07, memory = 1240.54 (MB), peak = 1238.09 (MB)
Total wire length = 1070657 um.
Total wire length on LAYER Metal1 = 0 um.
Total wire length on LAYER Metal2 = 469163 um.
Total wire length on LAYER Metal3 = 364579 um.
Total wire length on LAYER Metal4 = 222994 um.
Total wire length on LAYER Metal5 = 13920 um.
Total number of vias = 86999.
Up-via summary (total 86999):

----------------
  Poly2        0
 Metal1    42907
 Metal2    41565
 Metal3     2288
 Metal4      239
----------------
       86999


[INFO DRT-0195] Start 4th guides tiles iteration.
    Completing 10% with 13 violations.
    elapsed time = 00:00:00, memory = 1240.54 (MB).
    Completing 20% with 13 violations.
    elapsed time = 00:00:00, memory = 1265.43 (MB).
    Completing 30% with 13 violations.
    elapsed time = 00:00:00, memory = 1265.43 (MB).
    Completing 40% with 13 violations.
    elapsed time = 00:00:00, memory = 1240.54 (MB).
    Completing 50% with 0 violations.
    elapsed time = 00:00:00, memory = 1240.54 (MB).
    Completing 60% with 0 violations.
    elapsed time = 00:00:00, memory = 1240.54 (MB).
    Completing 70% with 0 violations.
    elapsed time = 00:00:00, memory = 1240.54 (MB).
    Completing 80% with 0 violations.
    elapsed time = 00:00:00, memory = 1240.54 (MB).
    Completing 100% with 0 violations.
    elapsed time = 00:00:00, memory = 1240.54 (MB).
[INFO DRT-0199]   Number of violations = 0.
[INFO DRT-0267] cpu time = 00:00:08, elapsed time = 00:00:01, memory = 1240.54 (MB), peak = 1263.02 (MB)
Total wire length = 1070628 um.
Total wire length on LAYER Metal1 = 0 um.
Total wire length on LAYER Metal2 = 468501 um.
Total wire length on LAYER Metal3 = 364581 um.
Total wire length on LAYER Metal4 = 223627 um.
Total wire length on LAYER Metal5 = 13918 um.
Total number of vias = 87000.
Up-via summary (total 87000):

----------------
  Poly2        0
 Metal1    42907
 Metal2    41550
 Metal3     2306
 Metal4      237
----------------
       87000


[INFO DRT-0198] Complete detail routing.
Total wire length = 1070628 um.
Total wire length on LAYER Metal1 = 0 um.
Total wire length on LAYER Metal2 = 468501 um.
Total wire length on LAYER Metal3 = 364581 um.
Total wire length on LAYER Metal4 = 223627 um.
Total wire length on LAYER Metal5 = 13918 um.
Total number of vias = 87000.
Up-via summary (total 87000):

----------------
  Poly2        0
 Metal1    42907
 Metal2    41550
 Metal3     2306
 Metal4      237
----------------
       87000


[INFO DRT-0267] cpu time = 00:10:44, elapsed time = 00:00:44, memory = 1240.54 (MB), peak = 1263.02 (MB)

[INFO DRT-0180] Post processing.
+ check_antennas 
[INFO ANT-0002] Found 8 net violations.
[INFO ANT-0001] Found 8 pin violations.
[INFO] Running antenna repair iteration 1…
+ repair_antennas gf180mcu_fd_sc_mcu9t5v0__antenna -ratio_margin 10
[WARNING GRT-0281] Net rst_n has a large fanout of 1461 terminals.
[WARNING GRT-0281] Net rst_n has a large fanout of 1461 terminals.
[INFO GRT-0012] Found 9 antenna violations.
[INFO GRT-0015] Inserted 10 diodes.
+ detailed_route -droute_end_iter 64 -or_seed 42 -verbose 1 -output_drc /headless/aravindustries-repos/butterfold/butterfold_proto/physical/librelane/runs/d03_ach_pnr/19-openroad-detailedrouting/drt-run-1/butterfold_top.drc
[WARNING DRT-0120] Large net rst_n has 1461 pins which may impact routing performance. Consider optimization.
[INFO DRT-0024]   Complete Poly2.
[INFO DRT-0024]   Complete CON.
[INFO DRT-0024]   Complete Metal1.
[INFO DRT-0024]   Complete Via1.
[INFO DRT-0024]   Complete Metal2.
[INFO DRT-0024]   Complete Via2.
[INFO DRT-0024]   Complete Metal3.
[INFO DRT-0024]   Complete Via3.
[INFO DRT-0024]   Complete Metal4.
[INFO DRT-0024]   Complete Via4.
[INFO DRT-0024]   Complete Metal5.
[INFO DRT-0165] Start pin access.
[INFO DRT-0076]   Complete 1000 pins.
[INFO DRT-0076]   Complete 2000 pins.
[ERROR DRT-0073] No access point for clkbuf_3_7_0_clk_regs/I (gf180mcu_fd_sc_mcu9t5v0__clkbuf_8).
[ERROR DRT-0073] No access point for clkbuf_3_6_0_clk_regs/I (gf180mcu_fd_sc_mcu9t5v0__clkbuf_8).
Error: drt.tcl, 122 DRT-0073
