2026-08-28 15:40:39 +0200: Memory Usage (443068K) : Starting running GF180MCU Klayout DRC runset on /headless/aravindustries-repos/butterfold/butterfold_proto/physical/results/d03_ach_candidate/butterfold_top.gds
2026-08-28 15:40:39 +0200: Memory Usage (443068K) : Ruby Version for klayout: 3.2.3
2026-08-28 15:40:40 +0200: Memory Usage (490884K) : Loading database to memory is complete.
2026-08-28 15:40:40 +0200: Memory Usage (490884K) : GF180MCU Klayout DRC runset output at: /headless/aravindustries-repos/butterfold/butterfold_proto/physical/results/d03_ach_candidate/klayout_mslot/butterfold_top_mslot.lyrdb
2026-08-28 15:40:40 +0200: Memory Usage (491076K) : Evaluate switches.
2026-08-28 15:40:40 +0200: Memory Usage (491076K) : table_name selected  main
2026-08-28 15:40:40 +0200: Memory Usage (491076K) : CONNECTIVITY_RULES enabled: false
2026-08-28 15:40:40 +0200: Memory Usage (491076K) : Wedge enabled: false
2026-08-28 15:40:40 +0200: Memory Usage (491076K) : Ball enabled: false
2026-08-28 15:40:40 +0200: Memory Usage (491076K) : Gold enabled: false
2026-08-28 15:40:40 +0200: Memory Usage (491076K) : MIM Option selected: B
2026-08-28 15:40:40 +0200: Memory Usage (491076K) : Offgrid enabled:  true
2026-08-28 15:40:40 +0200: Memory Usage (491076K) : Number of threads to use 8
2026-08-28 15:40:40 +0200: Memory Usage (491076K) : Verbose mode: true
2026-08-28 15:40:40 +0200: Memory Usage (491076K) : flat  mode is enabled for main table
2026-08-28 15:40:40 +0200: Memory Usage (491076K) : METAL_TOP Selected is 11K
2026-08-28 15:40:40 +0200: Memory Usage (491076K) : METAL_STACK Selected is 5LM
2026-08-28 15:40:40 +0200: Memory Usage (491076K) : FEOL enabled: true
2026-08-28 15:40:40 +0200: Memory Usage (491076K) : BEOL enabled: true
2026-08-28 15:40:40 +0200: Memory Usage (491076K) : DUMMY enabled: false
2026-08-28 15:40:40 +0200: Memory Usage (491076K) : SLOW_VIA enabled: false
2026-08-28 15:40:40 +0200: Memory Usage (491076K) : Read in polygons from layers.
"polygons" in: layers_def.drc:27
    Polygons (raw): 238122 (flat)  1068 (hierarchical)
    Elapsed: 0.010s  Memory: 479.00M
"merged" in: layers_def.drc:28
    Polygons (raw): 216638 (flat)  216638 (hierarchical)
    Elapsed: 1.290s  Memory: 513.00M
2026-08-28 15:40:41 +0200: Memory Usage (525652K) : comp has 216638 polygons
"polygons" in: layers_def.drc:27
    Polygons (raw): 0 (flat)  0 (hierarchical)
    Elapsed: 0.010s  Memory: 513.00M
"merged" in: layers_def.drc:28
    Polygons (raw): 0 (flat)  0 (hierarchical)
    Elapsed: 0.000s  Memory: 513.00M
2026-08-28 15:40:41 +0200: Memory Usage (525652K) : dnwell has 0 polygons
"polygons" in: layers_def.drc:27
    Polygons (raw): 65296 (flat)  384 (hierarchical)
    Elapsed: 0.000s  Memory: 513.00M
"merged" in: layers_def.drc:28
    Polygons (raw): 422 (flat)  422 (hierarchical)
    Elapsed: 0.280s  Memory: 528.00M
2026-08-28 15:40:42 +0200: Memory Usage (540968K) : nwell has 422 polygons
"polygons" in: layers_def.drc:27
    Polygons (raw): 59032 (flat)  127 (hierarchical)
    Elapsed: 0.000s  Memory: 528.00M
"merged" in: layers_def.drc:28
    Polygons (raw): 307 (flat)  307 (hierarchical)
    Elapsed: 0.220s  Memory: 528.00M
2026-08-28 15:40:42 +0200: Memory Usage (540968K) : lvpwell has 307 polygons
"polygons" in: layers_def.drc:27
    Polygons (raw): 63662 (flat)  247 (hierarchical)
    Elapsed: 0.010s  Memory: 528.00M
"merged" in: layers_def.drc:28
    Polygons (raw): 3 (flat)  3 (hierarchical)
    Elapsed: 0.290s  Memory: 539.00M
2026-08-28 15:40:42 +0200: Memory Usage (552584K) : dualgate has 3 polygons
"polygons" in: layers_def.drc:27
    Polygons (raw): 269897 (flat)  2122 (hierarchical)
    Elapsed: 0.000s  Memory: 539.00M
"merged" in: layers_def.drc:28
    Polygons (raw): 232293 (flat)  232293 (hierarchical)
    Elapsed: 1.440s  Memory: 543.00M
2026-08-28 15:40:44 +0200: Memory Usage (556420K) : poly2 has 232293 polygons
"polygons" in: layers_def.drc:27
    Polygons (raw): 65272 (flat)  378 (hierarchical)
    Elapsed: 0.020s  Memory: 543.00M
"merged" in: layers_def.drc:28
    Polygons (raw): 1417 (flat)  1417 (hierarchical)
    Elapsed: 0.320s  Memory: 561.00M
2026-08-28 15:40:44 +0200: Memory Usage (575012K) : nplus has 1417 polygons
"polygons" in: layers_def.drc:27
    Polygons (raw): 74126 (flat)  381 (hierarchical)
    Elapsed: 0.000s  Memory: 561.00M
"merged" in: layers_def.drc:28
    Polygons (raw): 10152 (flat)  10152 (hierarchical)
    Elapsed: 0.320s  Memory: 561.00M
2026-08-28 15:40:44 +0200: Memory Usage (575012K) : pplus has 10152 polygons
"polygons" in: layers_def.drc:27
    Polygons (raw): 0 (flat)  0 (hierarchical)
    Elapsed: 0.010s  Memory: 561.00M
"merged" in: layers_def.drc:28
    Polygons (raw): 0 (flat)  0 (hierarchical)
    Elapsed: 0.000s  Memory: 561.00M
2026-08-28 15:40:44 +0200: Memory Usage (575012K) : sab has 0 polygons
"polygons" in: layers_def.drc:27
    Polygons (raw): 0 (flat)  0 (hierarchical)
    Elapsed: 0.000s  Memory: 561.00M
"merged" in: layers_def.drc:28
    Polygons (raw): 0 (flat)  0 (hierarchical)
    Elapsed: 0.000s  Memory: 561.00M
2026-08-28 15:40:44 +0200: Memory Usage (575012K) : esd has 0 polygons
"polygons" in: layers_def.drc:27
    Polygons (raw): 0 (flat)  0 (hierarchical)
    Elapsed: 0.000s  Memory: 561.00M
"merged" in: layers_def.drc:28
    Polygons (raw): 0 (flat)  0 (hierarchical)
    Elapsed: 0.000s  Memory: 561.00M
2026-08-28 15:40:44 +0200: Memory Usage (575012K) : resistor has 0 polygons
"polygons" in: layers_def.drc:27
    Polygons (raw): 0 (flat)  0 (hierarchical)
    Elapsed: 0.000s  Memory: 561.00M
"merged" in: layers_def.drc:28
    Polygons (raw): 0 (flat)  0 (hierarchical)
    Elapsed: 0.000s  Memory: 561.00M
2026-08-28 15:40:44 +0200: Memory Usage (575012K) : fhres has 0 polygons
"polygons" in: layers_def.drc:27
    Polygons (raw): 0 (flat)  0 (hierarchical)
    Elapsed: 0.000s  Memory: 561.00M
"merged" in: layers_def.drc:28
    Polygons (raw): 0 (flat)  0 (hierarchical)
    Elapsed: 0.000s  Memory: 561.00M
2026-08-28 15:40:44 +0200: Memory Usage (575012K) : fusetop has 0 polygons
"polygons" in: layers_def.drc:27
    Polygons (raw): 0 (flat)  0 (hierarchical)
    Elapsed: 0.000s  Memory: 561.00M
"merged" in: layers_def.drc:28
    Polygons (raw): 0 (flat)  0 (hierarchical)
    Elapsed: 0.000s  Memory: 561.00M
2026-08-28 15:40:44 +0200: Memory Usage (575012K) : fusewindow_d has 0 polygons
"polygons" in: layers_def.drc:27
    Polygons (raw): 0 (flat)  0 (hierarchical)
    Elapsed: 0.000s  Memory: 561.00M
"merged" in: layers_def.drc:28
    Polygons (raw): 0 (flat)  0 (hierarchical)
    Elapsed: 0.000s  Memory: 561.00M
2026-08-28 15:40:44 +0200: Memory Usage (575012K) : polyfuse has 0 polygons
"polygons" in: layers_def.drc:27
    Polygons (raw): 0 (flat)  0 (hierarchical)
    Elapsed: 0.000s  Memory: 561.00M
"merged" in: layers_def.drc:28
    Polygons (raw): 0 (flat)  0 (hierarchical)
    Elapsed: 0.000s  Memory: 561.00M
2026-08-28 15:40:44 +0200: Memory Usage (575012K) : mvsd has 0 polygons
"polygons" in: layers_def.drc:27
    Polygons (raw): 0 (flat)  0 (hierarchical)
    Elapsed: 0.000s  Memory: 561.00M
"merged" in: layers_def.drc:28
    Polygons (raw): 0 (flat)  0 (hierarchical)
    Elapsed: 0.000s  Memory: 561.00M
2026-08-28 15:40:44 +0200: Memory Usage (575012K) : mvpsd has 0 polygons
"polygons" in: layers_def.drc:27
    Polygons (raw): 0 (flat)  0 (hierarchical)
    Elapsed: 0.010s  Memory: 561.00M
"merged" in: layers_def.drc:28
    Polygons (raw): 0 (flat)  0 (hierarchical)
    Elapsed: 0.000s  Memory: 561.00M
2026-08-28 15:40:44 +0200: Memory Usage (575012K) : nat has 0 polygons
"polygons" in: layers_def.drc:27
    Polygons (raw): 0 (flat)  0 (hierarchical)
    Elapsed: 0.000s  Memory: 561.00M
"merged" in: layers_def.drc:28
    Polygons (raw): 0 (flat)  0 (hierarchical)
    Elapsed: 0.000s  Memory: 561.00M
2026-08-28 15:40:44 +0200: Memory Usage (575012K) : comp_dummy has 0 polygons
"polygons" in: layers_def.drc:27
    Polygons (raw): 0 (flat)  0 (hierarchical)
    Elapsed: 0.000s  Memory: 561.00M
"merged" in: layers_def.drc:28
    Polygons (raw): 0 (flat)  0 (hierarchical)
    Elapsed: 0.000s  Memory: 561.00M
2026-08-28 15:40:44 +0200: Memory Usage (575012K) : poly2_dummy has 0 polygons
"polygons" in: layers_def.drc:27
    Polygons (raw): 0 (flat)  0 (hierarchical)
    Elapsed: 0.000s  Memory: 561.00M
"merged" in: layers_def.drc:28
    Polygons (raw): 0 (flat)  0 (hierarchical)
    Elapsed: 0.000s  Memory: 561.00M
2026-08-28 15:40:44 +0200: Memory Usage (575012K) : schottky_diode has 0 polygons
"polygons" in: layers_def.drc:27
    Polygons (raw): 0 (flat)  0 (hierarchical)
    Elapsed: 0.000s  Memory: 561.00M
"merged" in: layers_def.drc:28
    Polygons (raw): 0 (flat)  0 (hierarchical)
    Elapsed: 0.000s  Memory: 561.00M
2026-08-28 15:40:44 +0200: Memory Usage (575012K) : zener has 0 polygons
"polygons" in: layers_def.drc:27
    Polygons (raw): 0 (flat)  0 (hierarchical)
    Elapsed: 0.000s  Memory: 561.00M
"merged" in: layers_def.drc:28
    Polygons (raw): 0 (flat)  0 (hierarchical)
    Elapsed: 0.000s  Memory: 561.00M
2026-08-28 15:40:44 +0200: Memory Usage (575012K) : res_mk has 0 polygons
"polygons" in: layers_def.drc:27
    Polygons (raw): 0 (flat)  0 (hierarchical)
    Elapsed: 0.000s  Memory: 561.00M
"merged" in: layers_def.drc:28
    Polygons (raw): 0 (flat)  0 (hierarchical)
    Elapsed: 0.000s  Memory: 561.00M
2026-08-28 15:40:44 +0200: Memory Usage (575012K) : opc_drc has 0 polygons
"polygons" in: layers_def.drc:27
    Polygons (raw): 63664 (flat)  248 (hierarchical)
    Elapsed: 0.000s  Memory: 561.00M
"merged" in: layers_def.drc:28
    Polygons (raw): 3 (flat)  3 (hierarchical)
    Elapsed: 0.210s  Memory: 561.00M
2026-08-28 15:40:44 +0200: Memory Usage (575012K) : v5_xtor has 3 polygons
"polygons" in: layers_def.drc:27
    Polygons (raw): 0 (flat)  0 (hierarchical)
    Elapsed: 0.000s  Memory: 561.00M
"merged" in: layers_def.drc:28
    Polygons (raw): 0 (flat)  0 (hierarchical)
    Elapsed: 0.000s  Memory: 561.00M
2026-08-28 15:40:44 +0200: Memory Usage (575012K) : cap_mk has 0 polygons
"polygons" in: layers_def.drc:27
    Polygons (raw): 0 (flat)  0 (hierarchical)
    Elapsed: 0.000s  Memory: 561.00M
"merged" in: layers_def.drc:28
    Polygons (raw): 0 (flat)  0 (hierarchical)
    Elapsed: 0.000s  Memory: 561.00M
2026-08-28 15:40:44 +0200: Memory Usage (575012K) : mos_cap_mk has 0 polygons
"polygons" in: layers_def.drc:27
    Polygons (raw): 0 (flat)  0 (hierarchical)
    Elapsed: 0.000s  Memory: 561.00M
"merged" in: layers_def.drc:28
    Polygons (raw): 0 (flat)  0 (hierarchical)
    Elapsed: 0.000s  Memory: 561.00M
2026-08-28 15:40:44 +0200: Memory Usage (575012K) : ind_mk has 0 polygons
"polygons" in: layers_def.drc:27
    Polygons (raw): 26 (flat)  1 (hierarchical)
    Elapsed: 0.000s  Memory: 561.00M
"merged" in: layers_def.drc:28
    Polygons (raw): 26 (flat)  26 (hierarchical)
    Elapsed: 0.020s  Memory: 561.00M
2026-08-28 15:40:44 +0200: Memory Usage (575012K) : diode_mk has 26 polygons
"polygons" in: layers_def.drc:27
    Polygons (raw): 0 (flat)  0 (hierarchical)
    Elapsed: 0.000s  Memory: 561.00M
"merged" in: layers_def.drc:28
    Polygons (raw): 0 (flat)  0 (hierarchical)
    Elapsed: 0.000s  Memory: 561.00M
2026-08-28 15:40:44 +0200: Memory Usage (575012K) : drc_bjt has 0 polygons
"polygons" in: layers_def.drc:27
    Polygons (raw): 0 (flat)  0 (hierarchical)
    Elapsed: 0.000s  Memory: 561.00M
"merged" in: layers_def.drc:28
    Polygons (raw): 0 (flat)  0 (hierarchical)
    Elapsed: 0.000s  Memory: 561.00M
2026-08-28 15:40:44 +0200: Memory Usage (575012K) : lvs_bjt has 0 polygons
"polygons" in: layers_def.drc:27
    Polygons (raw): 0 (flat)  0 (hierarchical)
    Elapsed: 0.000s  Memory: 561.00M
"merged" in: layers_def.drc:28
    Polygons (raw): 0 (flat)  0 (hierarchical)
    Elapsed: 0.000s  Memory: 561.00M
2026-08-28 15:40:44 +0200: Memory Usage (575012K) : mim_l_mk has 0 polygons
"polygons" in: layers_def.drc:27
    Polygons (raw): 0 (flat)  0 (hierarchical)
    Elapsed: 0.000s  Memory: 561.00M
"merged" in: layers_def.drc:28
    Polygons (raw): 0 (flat)  0 (hierarchical)
    Elapsed: 0.000s  Memory: 561.00M
2026-08-28 15:40:44 +0200: Memory Usage (575012K) : latchup_mk has 0 polygons
"polygons" in: layers_def.drc:27
    Polygons (raw): 0 (flat)  0 (hierarchical)
    Elapsed: 0.000s  Memory: 561.00M
"merged" in: layers_def.drc:28
    Polygons (raw): 0 (flat)  0 (hierarchical)
    Elapsed: 0.000s  Memory: 561.00M
2026-08-28 15:40:44 +0200: Memory Usage (575012K) : guard_ring_mk has 0 polygons
"polygons" in: layers_def.drc:27
    Polygons (raw): 0 (flat)  0 (hierarchical)
    Elapsed: 0.000s  Memory: 561.00M
"merged" in: layers_def.drc:28
    Polygons (raw): 0 (flat)  0 (hierarchical)
    Elapsed: 0.000s  Memory: 561.00M
2026-08-28 15:40:44 +0200: Memory Usage (575012K) : otp_mk has 0 polygons
"polygons" in: layers_def.drc:27
    Polygons (raw): 0 (flat)  0 (hierarchical)
    Elapsed: 0.000s  Memory: 561.00M
"merged" in: layers_def.drc:28
    Polygons (raw): 0 (flat)  0 (hierarchical)
    Elapsed: 0.000s  Memory: 561.00M
2026-08-28 15:40:44 +0200: Memory Usage (575012K) : mtpmark has 0 polygons
"polygons" in: layers_def.drc:27
    Polygons (raw): 0 (flat)  0 (hierarchical)
    Elapsed: 0.000s  Memory: 561.00M
"merged" in: layers_def.drc:28
    Polygons (raw): 0 (flat)  0 (hierarchical)
    Elapsed: 0.000s  Memory: 561.00M
2026-08-28 15:40:44 +0200: Memory Usage (575012K) : neo_ee_mk has 0 polygons
"polygons" in: layers_def.drc:27
    Polygons (raw): 5300 (flat)  6 (hierarchical)
    Elapsed: 0.000s  Memory: 561.00M
"merged" in: layers_def.drc:28
    Polygons (raw): 4 (flat)  4 (hierarchical)
    Elapsed: 0.040s  Memory: 561.00M
2026-08-28 15:40:45 +0200: Memory Usage (575012K) : sramcore has 4 polygons
"polygons" in: layers_def.drc:27
    Polygons (raw): 0 (flat)  0 (hierarchical)
    Elapsed: 0.000s  Memory: 561.00M
"merged" in: layers_def.drc:28
    Polygons (raw): 0 (flat)  0 (hierarchical)
    Elapsed: 0.000s  Memory: 561.00M
2026-08-28 15:40:45 +0200: Memory Usage (575012K) : lvs_rf has 0 polygons
"polygons" in: layers_def.drc:27
    Polygons (raw): 0 (flat)  0 (hierarchical)
    Elapsed: 0.000s  Memory: 561.00M
"merged" in: layers_def.drc:28
    Polygons (raw): 0 (flat)  0 (hierarchical)
    Elapsed: 0.000s  Memory: 561.00M
2026-08-28 15:40:45 +0200: Memory Usage (575012K) : lvs_drain has 0 polygons
"polygons" in: layers_def.drc:27
    Polygons (raw): 0 (flat)  0 (hierarchical)
    Elapsed: 0.000s  Memory: 561.00M
"merged" in: layers_def.drc:28
    Polygons (raw): 0 (flat)  0 (hierarchical)
    Elapsed: 0.000s  Memory: 561.00M
2026-08-28 15:40:45 +0200: Memory Usage (575012K) : ind_mk has 0 polygons
"polygons" in: layers_def.drc:27
    Polygons (raw): 0 (flat)  0 (hierarchical)
    Elapsed: 0.000s  Memory: 561.00M
"merged" in: layers_def.drc:28
    Polygons (raw): 0 (flat)  0 (hierarchical)
    Elapsed: 0.000s  Memory: 561.00M
2026-08-28 15:40:45 +0200: Memory Usage (575012K) : hvpolyrs has 0 polygons
"polygons" in: layers_def.drc:27
    Polygons (raw): 0 (flat)  0 (hierarchical)
    Elapsed: 0.000s  Memory: 561.00M
"merged" in: layers_def.drc:28
    Polygons (raw): 0 (flat)  0 (hierarchical)
    Elapsed: 0.000s  Memory: 561.00M
2026-08-28 15:40:45 +0200: Memory Usage (575012K) : lvs_io has 0 polygons
"polygons" in: layers_def.drc:27
    Polygons (raw): 0 (flat)  0 (hierarchical)
    Elapsed: 0.000s  Memory: 561.00M
"merged" in: layers_def.drc:28
    Polygons (raw): 0 (flat)  0 (hierarchical)
    Elapsed: 0.000s  Memory: 561.00M
2026-08-28 15:40:45 +0200: Memory Usage (575012K) : probe_mk has 0 polygons
"polygons" in: layers_def.drc:27
    Polygons (raw): 0 (flat)  0 (hierarchical)
    Elapsed: 0.000s  Memory: 561.00M
"merged" in: layers_def.drc:28
    Polygons (raw): 0 (flat)  0 (hierarchical)
    Elapsed: 0.000s  Memory: 561.00M
2026-08-28 15:40:45 +0200: Memory Usage (575012K) : esd_mk has 0 polygons
"polygons" in: layers_def.drc:27
    Polygons (raw): 0 (flat)  0 (hierarchical)
    Elapsed: 0.000s  Memory: 561.00M
"merged" in: layers_def.drc:28
    Polygons (raw): 0 (flat)  0 (hierarchical)
    Elapsed: 0.000s  Memory: 561.00M
2026-08-28 15:40:45 +0200: Memory Usage (575012K) : lvs_source has 0 polygons
"polygons" in: layers_def.drc:27
    Polygons (raw): 0 (flat)  0 (hierarchical)
    Elapsed: 0.000s  Memory: 561.00M
"merged" in: layers_def.drc:28
    Polygons (raw): 0 (flat)  0 (hierarchical)
    Elapsed: 0.000s  Memory: 561.00M
2026-08-28 15:40:45 +0200: Memory Usage (575012K) : well_diode_mk has 0 polygons
"polygons" in: layers_def.drc:27
    Polygons (raw): 0 (flat)  0 (hierarchical)
    Elapsed: 0.000s  Memory: 561.00M
"merged" in: layers_def.drc:28
    Polygons (raw): 0 (flat)  0 (hierarchical)
    Elapsed: 0.000s  Memory: 561.00M
2026-08-28 15:40:45 +0200: Memory Usage (575012K) : ldmos_xtor has 0 polygons
"polygons" in: layers_def.drc:27
    Polygons (raw): 0 (flat)  0 (hierarchical)
    Elapsed: 0.000s  Memory: 561.00M
"merged" in: layers_def.drc:28
    Polygons (raw): 0 (flat)  0 (hierarchical)
    Elapsed: 0.000s  Memory: 561.00M
2026-08-28 15:40:45 +0200: Memory Usage (575012K) : plfuse has 0 polygons
"polygons" in: layers_def.drc:27
    Polygons (raw): 0 (flat)  0 (hierarchical)
    Elapsed: 0.000s  Memory: 561.00M
"merged" in: layers_def.drc:28
    Polygons (raw): 0 (flat)  0 (hierarchical)
    Elapsed: 0.000s  Memory: 561.00M
2026-08-28 15:40:45 +0200: Memory Usage (575012K) : efuse_mk has 0 polygons
"polygons" in: layers_def.drc:27
    Polygons (raw): 0 (flat)  0 (hierarchical)
    Elapsed: 0.000s  Memory: 561.00M
"merged" in: layers_def.drc:28
    Polygons (raw): 0 (flat)  0 (hierarchical)
    Elapsed: 0.000s  Memory: 561.00M
2026-08-28 15:40:45 +0200: Memory Usage (575012K) : mcell_feol_mk has 0 polygons
"polygons" in: layers_def.drc:27
    Polygons (raw): 0 (flat)  0 (hierarchical)
    Elapsed: 0.000s  Memory: 561.00M
"merged" in: layers_def.drc:28
    Polygons (raw): 0 (flat)  0 (hierarchical)
    Elapsed: 0.000s  Memory: 561.00M
2026-08-28 15:40:45 +0200: Memory Usage (575012K) : ymtp_mk has 0 polygons
"polygons" in: layers_def.drc:27
    Polygons (raw): 0 (flat)  0 (hierarchical)
    Elapsed: 0.000s  Memory: 561.00M
"merged" in: layers_def.drc:28
    Polygons (raw): 0 (flat)  0 (hierarchical)
    Elapsed: 0.000s  Memory: 561.00M
2026-08-28 15:40:45 +0200: Memory Usage (575012K) : dev_wf_mk has 0 polygons
"polygons" in: layers_def.drc:27
    Polygons (raw): 0 (flat)  0 (hierarchical)
    Elapsed: 0.010s  Memory: 561.00M
"merged" in: layers_def.drc:28
    Polygons (raw): 0 (flat)  0 (hierarchical)
    Elapsed: 0.000s  Memory: 561.00M
2026-08-28 15:40:45 +0200: Memory Usage (575012K) : comp_label has 0 polygons
"polygons" in: layers_def.drc:27
    Polygons (raw): 0 (flat)  0 (hierarchical)
    Elapsed: 0.000s  Memory: 561.00M
"merged" in: layers_def.drc:28
    Polygons (raw): 0 (flat)  0 (hierarchical)
    Elapsed: 0.000s  Memory: 561.00M
2026-08-28 15:40:45 +0200: Memory Usage (575012K) : poly2_label has 0 polygons
"polygons" in: layers_def.drc:27
    Polygons (raw): 0 (flat)  0 (hierarchical)
    Elapsed: 0.000s  Memory: 561.00M
"merged" in: layers_def.drc:28
    Polygons (raw): 0 (flat)  0 (hierarchical)
    Elapsed: 0.000s  Memory: 561.00M
2026-08-28 15:40:45 +0200: Memory Usage (575012K) : mdiode has 0 polygons
"polygons" in: layers_def.drc:27
    Polygons (raw): 0 (flat)  0 (hierarchical)
    Elapsed: 0.000s  Memory: 561.00M
"merged" in: layers_def.drc:28
    Polygons (raw): 0 (flat)  0 (hierarchical)
    Elapsed: 0.000s  Memory: 561.00M
2026-08-28 15:40:45 +0200: Memory Usage (575012K) : ndmy has 0 polygons
"polygons" in: layers_def.drc:27
    Polygons (raw): 0 (flat)  0 (hierarchical)
    Elapsed: 0.000s  Memory: 561.00M
"merged" in: layers_def.drc:28
    Polygons (raw): 0 (flat)  0 (hierarchical)
    Elapsed: 0.000s  Memory: 561.00M
2026-08-28 15:40:45 +0200: Memory Usage (575012K) : pmndmy has 0 polygons
"polygons" in: layers_def.drc:27
    Polygons (raw): 1407186 (flat)  23869 (hierarchical)
    Elapsed: 0.000s  Memory: 561.00M
"merged" in: layers_def.drc:28
    Polygons (raw): 1380000 (flat)  1380000 (hierarchical)
    Elapsed: 4.530s  Memory: 731.00M
2026-08-28 15:40:49 +0200: Memory Usage (749200K) : contact has 1380000 polygons
"polygons" in: layers_def.drc:27
    Polygons (raw): 460213 (flat)  46462 (hierarchical)
    Elapsed: 0.120s  Memory: 731.00M
"merged" in: layers_def.drc:28
    Polygons (raw): 251861 (flat)  251861 (hierarchical)
    Elapsed: 4.390s  Memory: 748.00M
2026-08-28 15:40:54 +0200: Memory Usage (766092K) : metal1_drawn has 251861 polygons
"polygons" in: layers_def.drc:27
    Polygons (raw): 0 (flat)  0 (hierarchical)
    Elapsed: 0.010s  Memory: 748.00M
"merged" in: layers_def.drc:28
    Polygons (raw): 0 (flat)  0 (hierarchical)
    Elapsed: 0.000s  Memory: 748.00M
2026-08-28 15:40:54 +0200: Memory Usage (766092K) : metal1_dummy has 0 polygons
"+" in: layers_def.drc:342
    Polygons (raw): 251861 (flat)  251861 (hierarchical)
    Elapsed: 0.000s  Memory: 748.00M
"polygons" in: layers_def.drc:27
    Polygons (raw): 0 (flat)  0 (hierarchical)
    Elapsed: 0.000s  Memory: 750.00M
"merged" in: layers_def.drc:28
    Polygons (raw): 0 (flat)  0 (hierarchical)
    Elapsed: 0.010s  Memory: 750.00M
2026-08-28 15:40:54 +0200: Memory Usage (768908K) : metal1_label has 0 polygons
"polygons" in: layers_def.drc:27
    Polygons (raw): 0 (flat)  0 (hierarchical)
    Elapsed: 0.000s  Memory: 750.00M
"merged" in: layers_def.drc:28
    Polygons (raw): 0 (flat)  0 (hierarchical)
    Elapsed: 0.000s  Memory: 750.00M
2026-08-28 15:40:54 +0200: Memory Usage (768908K) : metal1_slot has 0 polygons
"polygons" in: layers_def.drc:27
    Polygons (raw): 0 (flat)  0 (hierarchical)
    Elapsed: 0.000s  Memory: 750.00M
"merged" in: layers_def.drc:28
    Polygons (raw): 0 (flat)  0 (hierarchical)
    Elapsed: 0.000s  Memory: 750.00M
2026-08-28 15:40:54 +0200: Memory Usage (768908K) : metal1_blk has 0 polygons
"polygons" in: layers_def.drc:27
    Polygons (raw): 105572 (flat)  51697 (hierarchical)
    Elapsed: 0.000s  Memory: 750.00M
"merged" in: layers_def.drc:28
    Polygons (raw): 96410 (flat)  96410 (hierarchical)
    Elapsed: 0.220s  Memory: 763.00M
2026-08-28 15:40:54 +0200: Memory Usage (782108K) : via1 has 96410 polygons
"polygons" in: layers_def.drc:27
    Polygons (raw): 81603 (flat)  44491 (hierarchical)
    Elapsed: 0.000s  Memory: 763.00M
"merged" in: layers_def.drc:28
    Polygons (raw): 51057 (flat)  51057 (hierarchical)
    Elapsed: 0.460s  Memory: 766.00M
2026-08-28 15:40:54 +0200: Memory Usage (785100K) : metal2_drawn has 51057 polygons
"polygons" in: layers_def.drc:27
    Polygons (raw): 0 (flat)  0 (hierarchical)
    Elapsed: 0.010s  Memory: 766.00M
"merged" in: layers_def.drc:28
    Polygons (raw): 0 (flat)  0 (hierarchical)
    Elapsed: 0.000s  Memory: 766.00M
2026-08-28 15:40:54 +0200: Memory Usage (785100K) : metal2_dummy has 0 polygons
"+" in: layers_def.drc:380
    Polygons (raw): 51057 (flat)  51057 (hierarchical)
    Elapsed: 0.000s  Memory: 766.00M
"polygons" in: layers_def.drc:27
    Polygons (raw): 33 (flat)  33 (hierarchical)
    Elapsed: 0.000s  Memory: 766.00M
"merged" in: layers_def.drc:28
    Polygons (raw): 33 (flat)  33 (hierarchical)
    Elapsed: 0.020s  Memory: 766.00M
2026-08-28 15:40:54 +0200: Memory Usage (785100K) : metal2_label has 33 polygons
"polygons" in: layers_def.drc:27
    Polygons (raw): 0 (flat)  0 (hierarchical)
    Elapsed: 0.000s  Memory: 766.00M
"merged" in: layers_def.drc:28
    Polygons (raw): 0 (flat)  0 (hierarchical)
    Elapsed: 0.000s  Memory: 766.00M
2026-08-28 15:40:54 +0200: Memory Usage (785100K) : metal2_slot has 0 polygons
"polygons" in: layers_def.drc:27
    Polygons (raw): 0 (flat)  0 (hierarchical)
    Elapsed: 0.000s  Memory: 766.00M
"merged" in: layers_def.drc:28
    Polygons (raw): 0 (flat)  0 (hierarchical)
    Elapsed: 0.000s  Memory: 766.00M
2026-08-28 15:40:54 +0200: Memory Usage (785100K) : metal2_blk has 0 polygons
"polygons" in: layers_def.drc:27
    Polygons (raw): 96577 (flat)  58325 (hierarchical)
    Elapsed: 0.000s  Memory: 766.00M
"merged" in: layers_def.drc:28
    Polygons (raw): 93151 (flat)  93151 (hierarchical)
    Elapsed: 0.210s  Memory: 774.00M
2026-08-28 15:40:55 +0200: Memory Usage (793372K) : via2 has 93151 polygons
"polygons" in: layers_def.drc:27
    Polygons (raw): 44438 (flat)  26152 (hierarchical)
    Elapsed: 0.000s  Memory: 774.00M
"merged" in: layers_def.drc:28
    Polygons (raw): 25644 (flat)  25644 (hierarchical)
    Elapsed: 0.140s  Memory: 774.00M
2026-08-28 15:40:55 +0200: Memory Usage (793372K) : metal3_drawn has 25644 polygons
"polygons" in: layers_def.drc:27
    Polygons (raw): 0 (flat)  0 (hierarchical)
    Elapsed: 0.000s  Memory: 774.00M
"merged" in: layers_def.drc:28
    Polygons (raw): 0 (flat)  0 (hierarchical)
    Elapsed: 0.000s  Memory: 774.00M
2026-08-28 15:40:55 +0200: Memory Usage (793372K) : metal3_dummy has 0 polygons
"+" in: layers_def.drc:421
    Polygons (raw): 25644 (flat)  25644 (hierarchical)
    Elapsed: 0.000s  Memory: 774.00M
"polygons" in: layers_def.drc:27
    Polygons (raw): 0 (flat)  0 (hierarchical)
    Elapsed: 0.000s  Memory: 774.00M
"merged" in: layers_def.drc:28
    Polygons (raw): 0 (flat)  0 (hierarchical)
    Elapsed: 0.010s  Memory: 774.00M
2026-08-28 15:40:55 +0200: Memory Usage (793372K) : metal3_label has 0 polygons
"polygons" in: layers_def.drc:27
    Polygons (raw): 0 (flat)  0 (hierarchical)
    Elapsed: 0.000s  Memory: 774.00M
"merged" in: layers_def.drc:28
    Polygons (raw): 0 (flat)  0 (hierarchical)
    Elapsed: 0.000s  Memory: 774.00M
2026-08-28 15:40:55 +0200: Memory Usage (793372K) : metal3_slot has 0 polygons
"polygons" in: layers_def.drc:27
    Polygons (raw): 0 (flat)  0 (hierarchical)
    Elapsed: 0.000s  Memory: 774.00M
"merged" in: layers_def.drc:28
    Polygons (raw): 0 (flat)  0 (hierarchical)
    Elapsed: 0.000s  Memory: 774.00M
2026-08-28 15:40:55 +0200: Memory Usage (793372K) : metal3_blk has 0 polygons
"polygons" in: layers_def.drc:27
    Polygons (raw): 12362 (flat)  12362 (hierarchical)
    Elapsed: 0.000s  Memory: 774.00M
"merged" in: layers_def.drc:28
    Polygons (raw): 12362 (flat)  12362 (hierarchical)
    Elapsed: 0.030s  Memory: 774.00M
2026-08-28 15:40:55 +0200: Memory Usage (793372K) : via3 has 12362 polygons
"polygons" in: layers_def.drc:27
    Polygons (raw): 2331 (flat)  2331 (hierarchical)
    Elapsed: 0.000s  Memory: 774.00M
"merged" in: layers_def.drc:28
    Polygons (raw): 2331 (flat)  2331 (hierarchical)
    Elapsed: 0.020s  Memory: 774.00M
2026-08-28 15:40:55 +0200: Memory Usage (793372K) : metal4_drawn has 2331 polygons
"polygons" in: layers_def.drc:27
    Polygons (raw): 0 (flat)  0 (hierarchical)
    Elapsed: 0.000s  Memory: 774.00M
"merged" in: layers_def.drc:28
    Polygons (raw): 0 (flat)  0 (hierarchical)
    Elapsed: 0.000s  Memory: 774.00M
2026-08-28 15:40:55 +0200: Memory Usage (793372K) : metal4_dummy has 0 polygons
"+" in: layers_def.drc:456
    Polygons (raw): 2331 (flat)  2331 (hierarchical)
    Elapsed: 0.000s  Memory: 774.00M
"polygons" in: layers_def.drc:27
    Polygons (raw): 0 (flat)  0 (hierarchical)
    Elapsed: 0.000s  Memory: 774.00M
"merged" in: layers_def.drc:28
    Polygons (raw): 0 (flat)  0 (hierarchical)
    Elapsed: 0.000s  Memory: 774.00M
2026-08-28 15:40:55 +0200: Memory Usage (793372K) : metal4_label has 0 polygons
"polygons" in: layers_def.drc:27
    Polygons (raw): 0 (flat)  0 (hierarchical)
    Elapsed: 0.000s  Memory: 774.00M
"merged" in: layers_def.drc:28
    Polygons (raw): 0 (flat)  0 (hierarchical)
    Elapsed: 0.000s  Memory: 774.00M
2026-08-28 15:40:55 +0200: Memory Usage (793372K) : metal4_slot has 0 polygons
"polygons" in: layers_def.drc:27
    Polygons (raw): 0 (flat)  0 (hierarchical)
    Elapsed: 0.000s  Memory: 774.00M
"merged" in: layers_def.drc:28
    Polygons (raw): 0 (flat)  0 (hierarchical)
    Elapsed: 0.000s  Memory: 774.00M
2026-08-28 15:40:55 +0200: Memory Usage (793372K) : metal4_blk has 0 polygons
"polygons" in: layers_def.drc:27
    Polygons (raw): 2642 (flat)  2642 (hierarchical)
    Elapsed: 0.000s  Memory: 774.00M
"merged" in: layers_def.drc:28
    Polygons (raw): 2642 (flat)  2642 (hierarchical)
    Elapsed: 0.020s  Memory: 774.00M
2026-08-28 15:40:55 +0200: Memory Usage (793372K) : via4 has 2642 polygons
"polygons" in: layers_def.drc:27
    Polygons (raw): 491 (flat)  491 (hierarchical)
    Elapsed: 0.010s  Memory: 774.00M
"merged" in: layers_def.drc:28
    Polygons (raw): 491 (flat)  491 (hierarchical)
    Elapsed: 0.020s  Memory: 774.00M
2026-08-28 15:40:55 +0200: Memory Usage (793372K) : metal5_drawn has 491 polygons
"polygons" in: layers_def.drc:27
    Polygons (raw): 0 (flat)  0 (hierarchical)
    Elapsed: 0.000s  Memory: 774.00M
"merged" in: layers_def.drc:28
    Polygons (raw): 0 (flat)  0 (hierarchical)
    Elapsed: 0.000s  Memory: 774.00M
2026-08-28 15:40:55 +0200: Memory Usage (793372K) : metal5_dummy has 0 polygons
"+" in: layers_def.drc:491
    Polygons (raw): 491 (flat)  491 (hierarchical)
    Elapsed: 0.000s  Memory: 774.00M
"polygons" in: layers_def.drc:27
    Polygons (raw): 0 (flat)  0 (hierarchical)
    Elapsed: 0.000s  Memory: 774.00M
"merged" in: layers_def.drc:28
    Polygons (raw): 0 (flat)  0 (hierarchical)
    Elapsed: 0.000s  Memory: 774.00M
2026-08-28 15:40:55 +0200: Memory Usage (793372K) : metal5_label has 0 polygons
"polygons" in: layers_def.drc:27
    Polygons (raw): 0 (flat)  0 (hierarchical)
    Elapsed: 0.000s  Memory: 774.00M
"merged" in: layers_def.drc:28
    Polygons (raw): 0 (flat)  0 (hierarchical)
    Elapsed: 0.000s  Memory: 774.00M
2026-08-28 15:40:55 +0200: Memory Usage (793372K) : metal5_slot has 0 polygons
"polygons" in: layers_def.drc:27
    Polygons (raw): 0 (flat)  0 (hierarchical)
    Elapsed: 0.000s  Memory: 774.00M
"merged" in: layers_def.drc:28
    Polygons (raw): 0 (flat)  0 (hierarchical)
    Elapsed: 0.000s  Memory: 774.00M
2026-08-28 15:40:55 +0200: Memory Usage (793372K) : metal5_blk has 0 polygons
"polygons" in: layers_def.drc:27
    Polygons (raw): 0 (flat)  0 (hierarchical)
    Elapsed: 0.000s  Memory: 774.00M
"merged" in: layers_def.drc:28
    Polygons (raw): 0 (flat)  0 (hierarchical)
    Elapsed: 0.000s  Memory: 774.00M
2026-08-28 15:40:55 +0200: Memory Usage (793372K) : pad has 0 polygons
"polygons" in: layers_def.drc:27
    Polygons (raw): 0 (flat)  0 (hierarchical)
    Elapsed: 0.000s  Memory: 774.00M
"merged" in: layers_def.drc:28
    Polygons (raw): 0 (flat)  0 (hierarchical)
    Elapsed: 0.000s  Memory: 774.00M
2026-08-28 15:40:55 +0200: Memory Usage (793372K) : ubmpperi has 0 polygons
"polygons" in: layers_def.drc:27
    Polygons (raw): 0 (flat)  0 (hierarchical)
    Elapsed: 0.000s  Memory: 774.00M
"merged" in: layers_def.drc:28
    Polygons (raw): 0 (flat)  0 (hierarchical)
    Elapsed: 0.000s  Memory: 774.00M
2026-08-28 15:40:55 +0200: Memory Usage (793372K) : ubmparray has 0 polygons
"polygons" in: layers_def.drc:27
    Polygons (raw): 0 (flat)  0 (hierarchical)
    Elapsed: 0.000s  Memory: 774.00M
"merged" in: layers_def.drc:28
    Polygons (raw): 0 (flat)  0 (hierarchical)
    Elapsed: 0.000s  Memory: 774.00M
2026-08-28 15:40:55 +0200: Memory Usage (793372K) : ubmeplate has 0 polygons
"polygons" in: layers_def.drc:27
    Polygons (raw): 0 (flat)  0 (hierarchical)
    Elapsed: 0.000s  Memory: 774.00M
"merged" in: layers_def.drc:28
    Polygons (raw): 0 (flat)  0 (hierarchical)
    Elapsed: 0.000s  Memory: 774.00M
2026-08-28 15:40:55 +0200: Memory Usage (793372K) : metal1_res has 0 polygons
"polygons" in: layers_def.drc:27
    Polygons (raw): 0 (flat)  0 (hierarchical)
    Elapsed: 0.000s  Memory: 774.00M
"merged" in: layers_def.drc:28
    Polygons (raw): 0 (flat)  0 (hierarchical)
    Elapsed: 0.000s  Memory: 774.00M
2026-08-28 15:40:55 +0200: Memory Usage (793372K) : metal2_res has 0 polygons
"polygons" in: layers_def.drc:27
    Polygons (raw): 0 (flat)  0 (hierarchical)
    Elapsed: 0.000s  Memory: 774.00M
"merged" in: layers_def.drc:28
    Polygons (raw): 0 (flat)  0 (hierarchical)
    Elapsed: 0.000s  Memory: 774.00M
2026-08-28 15:40:55 +0200: Memory Usage (793372K) : metal3_res has 0 polygons
"polygons" in: layers_def.drc:27
    Polygons (raw): 0 (flat)  0 (hierarchical)
    Elapsed: 0.000s  Memory: 774.00M
"merged" in: layers_def.drc:28
    Polygons (raw): 0 (flat)  0 (hierarchical)
    Elapsed: 0.000s  Memory: 774.00M
2026-08-28 15:40:55 +0200: Memory Usage (793372K) : metal4_res has 0 polygons
"polygons" in: layers_def.drc:27
    Polygons (raw): 0 (flat)  0 (hierarchical)
    Elapsed: 0.000s  Memory: 774.00M
"merged" in: layers_def.drc:28
    Polygons (raw): 0 (flat)  0 (hierarchical)
    Elapsed: 0.000s  Memory: 774.00M
2026-08-28 15:40:55 +0200: Memory Usage (793372K) : metal5_res has 0 polygons
"polygons" in: layers_def.drc:27
    Polygons (raw): 0 (flat)  0 (hierarchical)
    Elapsed: 0.000s  Memory: 774.00M
"merged" in: layers_def.drc:28
    Polygons (raw): 0 (flat)  0 (hierarchical)
    Elapsed: 0.000s  Memory: 774.00M
2026-08-28 15:40:55 +0200: Memory Usage (793372K) : metal6_res has 0 polygons
"polygons" in: layers_def.drc:27
    Polygons (raw): 64345 (flat)  137 (hierarchical)
    Elapsed: 0.000s  Memory: 774.00M
"merged" in: layers_def.drc:28
    Polygons (raw): 1 (flat)  1 (hierarchical)
    Elapsed: 0.210s  Memory: 789.00M
2026-08-28 15:40:55 +0200: Memory Usage (807980K) : pr_bndry has 1 polygons
"polygons" in: layers_def.drc:27
    Polygons (raw): 0 (flat)  0 (hierarchical)
    Elapsed: 0.000s  Memory: 789.00M
"merged" in: layers_def.drc:28
    Polygons (raw): 0 (flat)  0 (hierarchical)
    Elapsed: 0.000s  Memory: 789.00M
2026-08-28 15:40:55 +0200: Memory Usage (807980K) : border has 0 polygons
2026-08-28 15:40:55 +0200: Memory Usage (807980K) : Total no. of polygons in the design is 2377248
2026-08-28 15:40:55 +0200: Memory Usage (807980K) : Starting deriving base layers.
"-" in: mslot_unified.drc:196
    Polygons (raw): 0 (flat)  0 (hierarchical)
    Elapsed: 0.000s  Memory: 789.00M
"&" in: mslot_unified.drc:197
    Polygons (raw): 0 (flat)  0 (hierarchical)
    Elapsed: 0.000s  Memory: 789.00M
"join" in: mslot_unified.drc:199
    Polygons (raw): 422 (flat)  422 (hierarchical)
    Elapsed: 0.000s  Memory: 789.00M
"&" in: mslot_unified.drc:201
    Polygons (raw): 107454 (flat)  107454 (hierarchical)
    Elapsed: 0.640s  Memory: 789.00M
"&" in: mslot_unified.drc:202
    Polygons (raw): 109184 (flat)  109184 (hierarchical)
    Elapsed: 0.530s  Memory: 795.00M
"&" in: mslot_unified.drc:203
    Polygons (raw): 343194 (flat)  343194 (hierarchical)
    Elapsed: 1.900s  Memory: 868.00M
"-" in: mslot_unified.drc:203
    Polygons (raw): 343194 (flat)  343194 (hierarchical)
    Elapsed: 0.020s  Memory: 868.00M
"-" in: mslot_unified.drc:205
    Polygons (raw): 98280 (flat)  98280 (hierarchical)
    Elapsed: 0.260s  Memory: 888.00M
"&" in: mslot_unified.drc:206
    Polygons (raw): 175506 (flat)  175506 (hierarchical)
    Elapsed: 0.900s  Memory: 929.00M
"interacting" in: mslot_unified.drc:207
    Polygons (raw): 98252 (flat)  98252 (hierarchical)
    Elapsed: 1.190s  Memory: 983.00M
"-" in: mslot_unified.drc:207
    Polygons (raw): 271614 (flat)  271614 (hierarchical)
    Elapsed: 0.600s  Memory: 1017.00M
"-" in: mslot_unified.drc:207
    Polygons (raw): 271614 (flat)  271614 (hierarchical)
    Elapsed: 0.030s  Memory: 1017.00M
"-" in: mslot_unified.drc:208
    Polygons (raw): 9274 (flat)  9274 (hierarchical)
    Elapsed: 0.220s  Memory: 1017.00M
"-" in: mslot_unified.drc:208
    Polygons (raw): 9274 (flat)  9274 (hierarchical)
    Elapsed: 0.000s  Memory: 1017.00M
"&" in: mslot_unified.drc:210
    Polygons (raw): 99910 (flat)  99910 (hierarchical)
    Elapsed: 0.220s  Memory: 1017.00M
"&" in: mslot_unified.drc:211
    Polygons (raw): 167688 (flat)  167688 (hierarchical)
    Elapsed: 0.690s  Memory: 1044.00M
"interacting" in: mslot_unified.drc:212
    Polygons (raw): 99884 (flat)  99884 (hierarchical)
    Elapsed: 1.100s  Memory: 1054.00M
"-" in: mslot_unified.drc:212
    Polygons (raw): 267572 (flat)  267572 (hierarchical)
    Elapsed: 0.560s  Memory: 1078.00M
"-" in: mslot_unified.drc:212
    Polygons (raw): 267572 (flat)  267572 (hierarchical)
    Elapsed: 0.030s  Memory: 1078.00M
"&" in: mslot_unified.drc:213
    Polygons (raw): 9174 (flat)  9174 (hierarchical)
    Elapsed: 0.140s  Memory: 1078.00M
"-" in: mslot_unified.drc:213
    Polygons (raw): 9174 (flat)  9174 (hierarchical)
    Elapsed: 0.000s  Memory: 1078.00M
"&" in: mslot_unified.drc:215
    Polygons (raw): 0 (flat)  0 (hierarchical)
    Elapsed: 0.000s  Memory: 1078.00M
"&" in: mslot_unified.drc:216
    Polygons (raw): 0 (flat)  0 (hierarchical)
    Elapsed: 0.000s  Memory: 1078.00M
"outside" in: mslot_unified.drc:216
    Polygons (raw): 0 (flat)  0 (hierarchical)
    Elapsed: 0.010s  Memory: 1078.00M
"&" in: mslot_unified.drc:218
    Polygons (raw): 0 (flat)  0 (hierarchical)
    Elapsed: 0.000s  Memory: 1078.00M
"&" in: mslot_unified.drc:219
    Polygons (raw): 0 (flat)  0 (hierarchical)
    Elapsed: 0.000s  Memory: 1078.00M
"&" in: mslot_unified.drc:221
    Polygons (raw): 0 (flat)  0 (hierarchical)
    Elapsed: 0.000s  Memory: 1078.00M
"interacting" in: mslot_unified.drc:221
    Polygons (raw): 0 (flat)  0 (hierarchical)
    Elapsed: 0.000s  Memory: 1078.00M
"-" in: mslot_unified.drc:221
    Polygons (raw): 0 (flat)  0 (hierarchical)
    Elapsed: 0.000s  Memory: 1078.00M
"-" in: mslot_unified.drc:221
    Polygons (raw): 0 (flat)  0 (hierarchical)
    Elapsed: 0.000s  Memory: 1078.00M
"&" in: mslot_unified.drc:222
    Polygons (raw): 0 (flat)  0 (hierarchical)
    Elapsed: 0.000s  Memory: 1078.00M
"interacting" in: mslot_unified.drc:222
    Polygons (raw): 0 (flat)  0 (hierarchical)
    Elapsed: 0.000s  Memory: 1078.00M
"-" in: mslot_unified.drc:222
    Polygons (raw): 0 (flat)  0 (hierarchical)
    Elapsed: 0.000s  Memory: 1078.00M
"-" in: mslot_unified.drc:222
    Polygons (raw): 0 (flat)  0 (hierarchical)
    Elapsed: 0.000s  Memory: 1078.00M
"&" in: mslot_unified.drc:224
    Polygons (raw): 0 (flat)  0 (hierarchical)
    Elapsed: 0.000s  Memory: 1078.00M
"-" in: mslot_unified.drc:227
    Polygons (raw): 0 (flat)  0 (hierarchical)
    Elapsed: 0.600s  Memory: 1078.00M
"&" in: mslot_unified.drc:228
    Polygons (raw): 343194 (flat)  343194 (hierarchical)
    Elapsed: 0.820s  Memory: 1029.00M
"&" in: mslot_unified.drc:230
    Polygons (raw): 175506 (flat)  175506 (hierarchical)
    Elapsed: 0.400s  Memory: 1051.00M
"&" in: mslot_unified.drc:231
    Polygons (raw): 167688 (flat)  167688 (hierarchical)
    Elapsed: 0.380s  Memory: 1056.00M
"&" in: mslot_unified.drc:233
    Polygons (raw): 175506 (flat)  175506 (hierarchical)
    Elapsed: 0.750s  Memory: 1078.00M
"&" in: mslot_unified.drc:234
    Polygons (raw): 167688 (flat)  167688 (hierarchical)
    Elapsed: 0.630s  Memory: 1083.00M
"-" in: mslot_unified.drc:236
    Polygons (raw): 0 (flat)  0 (hierarchical)
    Elapsed: 0.840s  Memory: 1104.00M
"-" in: mslot_unified.drc:237
    Polygons (raw): 0 (flat)  0 (hierarchical)
    Elapsed: 0.280s  Memory: 1104.00M
"not_interacting" in: mslot_unified.drc:240
    Polygons (raw): 0 (flat)  0 (hierarchical)
    Elapsed: 0.000s  Memory: 1104.00M
"not_interacting" in: mslot_unified.drc:240
    Polygons (raw): 0 (flat)  0 (hierarchical)
    Elapsed: 0.000s  Memory: 1104.00M
"overlapping" in: mslot_unified.drc:241
    Polygons (raw): 0 (flat)  0 (hierarchical)
    Elapsed: 0.000s  Memory: 1104.00M
"interacting" in: mslot_unified.drc:244
    Polygons (raw): 0 (flat)  0 (hierarchical)
    Elapsed: 0.000s  Memory: 1104.00M
"not_interacting" in: mslot_unified.drc:245
    Polygons (raw): 307 (flat)  307 (hierarchical)
    Elapsed: 0.000s  Memory: 1104.00M
"&" in: mslot_unified.drc:247
    Polygons (raw): 0 (flat)  0 (hierarchical)
    Elapsed: 0.000s  Memory: 1104.00M
"&" in: mslot_unified.drc:248
    Polygons (raw): 0 (flat)  0 (hierarchical)
    Elapsed: 0.000s  Memory: 1104.00M
"interacting" in: mslot_unified.drc:251
    Polygons (raw): 0 (flat)  0 (hierarchical)
    Elapsed: 0.000s  Memory: 1104.00M
"not_interacting" in: mslot_unified.drc:252
    Polygons (raw): 422 (flat)  422 (hierarchical)
    Elapsed: 0.000s  Memory: 1104.00M
"extent" in: mslot_unified.drc:410
    Polygons (raw): 0 (flat)  0 (hierarchical)
    Elapsed: 0.000s  Memory: 1104.00M
"sized" in: mslot_unified.drc:410
    Polygons (raw): 1 (flat)  1 (hierarchical)
    Elapsed: 0.000s  Memory: 1104.00M
"area" in: mslot_unified.drc:411
    Elapsed: 0.000s  Memory: 1104.00M
2026-08-28 15:41:09 +0200: Memory Usage (1131364K) : Total area of the design is 1859250.0 um^2.
2026-08-28 15:41:09 +0200: Memory Usage (1131364K) : Starting GF180MCU DRC rules.
2026-08-28 15:41:09 +0200: Memory Usage (1131364K) : Running all FEOL rules
2026-08-28 15:41:09 +0200: Memory Usage (1131364K) : Running all BEOL rules
2026-08-28 15:41:09 +0200: Memory Usage (1131364K) : Starting Metal Slotting rules derivations
"&" in: mslot_unified.drc:454
    Polygons (raw): 0 (flat)  0 (hierarchical)
    Elapsed: 0.000s  Memory: 1104.00M
"sized" in: mslot_unified.drc:454
    Polygons (raw): 0 (flat)  0 (hierarchical)
    Elapsed: 0.000s  Memory: 1104.00M
"&" in: mslot_unified.drc:455
    Polygons (raw): 0 (flat)  0 (hierarchical)
    Elapsed: 0.000s  Memory: 1104.00M
"sized" in: mslot_unified.drc:455
    Polygons (raw): 0 (flat)  0 (hierarchical)
    Elapsed: 0.000s  Memory: 1104.00M
"&" in: mslot_unified.drc:456
    Polygons (raw): 0 (flat)  0 (hierarchical)
    Elapsed: 0.000s  Memory: 1104.00M
"sized" in: mslot_unified.drc:456
    Polygons (raw): 0 (flat)  0 (hierarchical)
    Elapsed: 0.000s  Memory: 1104.00M
"&" in: mslot_unified.drc:457
    Polygons (raw): 0 (flat)  0 (hierarchical)
    Elapsed: 0.000s  Memory: 1104.00M
"sized" in: mslot_unified.drc:457
    Polygons (raw): 0 (flat)  0 (hierarchical)
    Elapsed: 0.000s  Memory: 1104.00M
"&" in: mslot_unified.drc:457
    Polygons (raw): 0 (flat)  0 (hierarchical)
    Elapsed: 0.000s  Memory: 1104.00M
"sized" in: mslot_unified.drc:457
    Polygons (raw): 0 (flat)  0 (hierarchical)
    Elapsed: 0.010s  Memory: 1104.00M
"|" in: mslot_unified.drc:457
    Polygons (raw): 0 (flat)  0 (hierarchical)
    Elapsed: 0.000s  Memory: 1104.00M
"&" in: mslot_unified.drc:457
    Polygons (raw): 0 (flat)  0 (hierarchical)
    Elapsed: 0.000s  Memory: 1104.00M
"sized" in: mslot_unified.drc:457
    Polygons (raw): 0 (flat)  0 (hierarchical)
    Elapsed: 0.000s  Memory: 1104.00M
"|" in: mslot_unified.drc:457
    Polygons (raw): 0 (flat)  0 (hierarchical)
    Elapsed: 0.000s  Memory: 1104.00M
"|" in: mslot_unified.drc:459
    Polygons (raw): 0 (flat)  0 (hierarchical)
    Elapsed: 0.000s  Memory: 1104.00M
"|" in: mslot_unified.drc:459
    Polygons (raw): 0 (flat)  0 (hierarchical)
    Elapsed: 0.000s  Memory: 1104.00M
"|" in: mslot_unified.drc:459
    Polygons (raw): 0 (flat)  0 (hierarchical)
    Elapsed: 0.000s  Memory: 1104.00M
2026-08-28 15:41:09 +0200: Memory Usage (1131364K) : Checking slots for: metal1
"-" in: mslot_unified.drc:470
    Polygons (raw): 251861 (flat)  251861 (hierarchical)
    Elapsed: 0.010s  Memory: 1104.00M
"-" in: mslot_unified.drc:470
    Polygons (raw): 251861 (flat)  251861 (hierarchical)
    Elapsed: 0.080s  Memory: 1113.00M
"sized" in: mslot_unified.drc:470
    Polygons (raw): 1380000 (flat)  1380000 (hierarchical)
    Elapsed: 7.260s  Memory: 1245.00M
"-" in: mslot_unified.drc:470
    Polygons (raw): 287676 (flat)  287676 (hierarchical)
    Elapsed: 17.090s  Memory: 1044.00M
"sized" in: mslot_unified.drc:470
    Polygons (raw): 96410 (flat)  96410 (hierarchical)
    Elapsed: 0.330s  Memory: 995.00M
"-" in: mslot_unified.drc:470
    Polygons (raw): 288179 (flat)  288179 (hierarchical)
    Elapsed: 2.340s  Memory: 991.00M
"rectangles" in: mslot_unified.drc:471
    Polygons (raw): 0 (flat)  0 (hierarchical)
    Elapsed: 0.060s  Memory: 993.00M
"non_rectangles" in: mslot_unified.drc:472
    Polygons (raw): 0 (flat)  0 (hierarchical)
    Elapsed: 0.000s  Memory: 993.00M
"output" in: mslot_unified.drc:475
    Polygons (raw): 0 (flat)  0 (hierarchical)
    Elapsed: 0.010s  Memory: 996.00M
2026-08-28 15:41:37 +0200: Memory Usage (1019920K) : Executing rule MSLOT.1
"sized" in: mslot_unified.drc:479
    Polygons (raw): 66 (flat)  66 (hierarchical)
    Elapsed: 2.710s  Memory: 992.00M
"sized" in: mslot_unified.drc:479
    Polygons (raw): 0 (flat)  0 (hierarchical)
    Elapsed: 0.040s  Memory: 992.00M
"sized" in: mslot_unified.drc:479
    Polygons (raw): 0 (flat)  0 (hierarchical)
    Elapsed: 0.000s  Memory: 992.00M
"sized" in: mslot_unified.drc:479
    Polygons (raw): 0 (flat)  0 (hierarchical)
    Elapsed: 0.000s  Memory: 992.00M
"output" in: mslot_unified.drc:480
    Polygons (raw): 0 (flat)  0 (hierarchical)
    Elapsed: 0.010s  Memory: 993.00M
2026-08-28 15:41:39 +0200: Memory Usage (1016976K) : Executing rule MSLOT.2
"drc" in: mslot_unified.drc:485
    Polygons (raw): 0 (flat)  0 (hierarchical)
    Elapsed: 0.010s  Memory: 995.00M
"output" in: mslot_unified.drc:486
    Polygons (raw): 0 (flat)  0 (hierarchical)
    Elapsed: 0.000s  Memory: 995.00M
2026-08-28 15:41:39 +0200: Memory Usage (1019180K) : Executing rule MSLOT.3
"drc" in: mslot_unified.drc:491
    Polygons (raw): 0 (flat)  0 (hierarchical)
    Elapsed: 0.000s  Memory: 991.00M
"output" in: mslot_unified.drc:492
    Polygons (raw): 0 (flat)  0 (hierarchical)
    Elapsed: 0.000s  Memory: 991.00M
2026-08-28 15:41:39 +0200: Memory Usage (1014840K) : Executing rule MSLOT.4
"drc" in: mslot_unified.drc:497
    Edge pairs: 0 (flat)  0 (hierarchical)
    Elapsed: 0.000s  Memory: 991.00M
"output" in: mslot_unified.drc:498
    Edge pairs: 0 (flat)  0 (hierarchical)
    Elapsed: 0.000s  Memory: 991.00M
2026-08-28 15:41:39 +0200: Memory Usage (1015468K) : Executing rule MSLOT.5
"drc" in: mslot_unified.drc:503
    Edge pairs: 0 (flat)  0 (hierarchical)
    Elapsed: 0.000s  Memory: 991.00M
"output" in: mslot_unified.drc:504
    Edge pairs: 0 (flat)  0 (hierarchical)
    Elapsed: 0.000s  Memory: 991.00M
2026-08-28 15:41:39 +0200: Memory Usage (1015468K) : Executing rule MSLOT.7
"drc" in: mslot_unified.drc:509
    Edge pairs: 0 (flat)  0 (hierarchical)
    Elapsed: 0.000s  Memory: 991.00M
"output" in: mslot_unified.drc:510
    Edge pairs: 0 (flat)  0 (hierarchical)
    Elapsed: 0.000s  Memory: 991.00M
2026-08-28 15:41:39 +0200: Memory Usage (1015468K) : Executing rule MSLOT.8
"drc" in: mslot_unified.drc:515
    Edge pairs: 0 (flat)  0 (hierarchical)
    Elapsed: 0.000s  Memory: 991.00M
"output" in: mslot_unified.drc:516
    Edge pairs: 0 (flat)  0 (hierarchical)
    Elapsed: 0.000s  Memory: 991.00M
2026-08-28 15:41:39 +0200: Memory Usage (1015468K) : Executing rule MSLOT.9
"drc" in: mslot_unified.drc:521
    Edge pairs: 0 (flat)  0 (hierarchical)
    Elapsed: 0.000s  Memory: 991.00M
"output" in: mslot_unified.drc:522
    Edge pairs: 0 (flat)  0 (hierarchical)
    Elapsed: 0.000s  Memory: 991.00M
2026-08-28 15:41:39 +0200: Memory Usage (1015468K) : Checking slots for: metal2
"-" in: mslot_unified.drc:470
    Polygons (raw): 51057 (flat)  51057 (hierarchical)
    Elapsed: 0.020s  Memory: 991.00M
"-" in: mslot_unified.drc:470
    Polygons (raw): 51057 (flat)  51057 (hierarchical)
    Elapsed: 0.010s  Memory: 991.00M
"sized" in: mslot_unified.drc:470
    Polygons (raw): 96410 (flat)  96410 (hierarchical)
    Elapsed: 0.090s  Memory: 991.00M
"-" in: mslot_unified.drc:470
    Polygons (raw): 53296 (flat)  53296 (hierarchical)
    Elapsed: 0.800s  Memory: 996.00M
"sized" in: mslot_unified.drc:470
    Polygons (raw): 93151 (flat)  93151 (hierarchical)
    Elapsed: 0.260s  Memory: 997.00M
"-" in: mslot_unified.drc:470
    Polygons (raw): 53769 (flat)  53769 (hierarchical)
    Elapsed: 0.590s  Memory: 998.00M
"rectangles" in: mslot_unified.drc:471
    Polygons (raw): 0 (flat)  0 (hierarchical)
    Elapsed: 0.020s  Memory: 998.00M
"non_rectangles" in: mslot_unified.drc:472
    Polygons (raw): 0 (flat)  0 (hierarchical)
    Elapsed: 0.000s  Memory: 998.00M
"output" in: mslot_unified.drc:475
    Polygons (raw): 0 (flat)  0 (hierarchical)
    Elapsed: 0.070s  Memory: 1000.00M
2026-08-28 15:41:41 +0200: Memory Usage (1024556K) : Executing rule MSLOT.1
"sized" in: mslot_unified.drc:479
    Polygons (raw): 4544 (flat)  4544 (hierarchical)
    Elapsed: 0.320s  Memory: 999.00M
"sized" in: mslot_unified.drc:479
    Polygons (raw): 0 (flat)  0 (hierarchical)
    Elapsed: 0.030s  Memory: 999.00M
"sized" in: mslot_unified.drc:479
    Polygons (raw): 0 (flat)  0 (hierarchical)
    Elapsed: 0.000s  Memory: 999.00M
"sized" in: mslot_unified.drc:479
    Polygons (raw): 0 (flat)  0 (hierarchical)
    Elapsed: 0.000s  Memory: 999.00M
"output" in: mslot_unified.drc:480
    Polygons (raw): 0 (flat)  0 (hierarchical)
    Elapsed: 0.010s  Memory: 999.00M
2026-08-28 15:41:42 +0200: Memory Usage (1023244K) : Executing rule MSLOT.2
"drc" in: mslot_unified.drc:485
    Polygons (raw): 0 (flat)  0 (hierarchical)
    Elapsed: 0.000s  Memory: 999.00M
"output" in: mslot_unified.drc:486
    Polygons (raw): 0 (flat)  0 (hierarchical)
    Elapsed: 0.000s  Memory: 999.00M
2026-08-28 15:41:42 +0200: Memory Usage (1023484K) : Executing rule MSLOT.3
"drc" in: mslot_unified.drc:491
    Polygons (raw): 0 (flat)  0 (hierarchical)
    Elapsed: 0.000s  Memory: 999.00M
"output" in: mslot_unified.drc:492
    Polygons (raw): 0 (flat)  0 (hierarchical)
    Elapsed: 0.000s  Memory: 999.00M
2026-08-28 15:41:42 +0200: Memory Usage (1023892K) : Executing rule MSLOT.4
"drc" in: mslot_unified.drc:497
    Edge pairs: 0 (flat)  0 (hierarchical)
    Elapsed: 0.000s  Memory: 1000.00M
"output" in: mslot_unified.drc:498
    Edge pairs: 0 (flat)  0 (hierarchical)
    Elapsed: 0.000s  Memory: 1000.00M
2026-08-28 15:41:42 +0200: Memory Usage (1024300K) : Executing rule MSLOT.5
"drc" in: mslot_unified.drc:503
    Edge pairs: 0 (flat)  0 (hierarchical)
    Elapsed: 0.000s  Memory: 1000.00M
"output" in: mslot_unified.drc:504
    Edge pairs: 0 (flat)  0 (hierarchical)
    Elapsed: 0.000s  Memory: 1000.00M
2026-08-28 15:41:42 +0200: Memory Usage (1024300K) : Executing rule MSLOT.7
"drc" in: mslot_unified.drc:509
    Edge pairs: 0 (flat)  0 (hierarchical)
    Elapsed: 0.000s  Memory: 1000.00M
"output" in: mslot_unified.drc:510
    Edge pairs: 0 (flat)  0 (hierarchical)
    Elapsed: 0.000s  Memory: 1000.00M
2026-08-28 15:41:42 +0200: Memory Usage (1024300K) : Executing rule MSLOT.8
"drc" in: mslot_unified.drc:515
    Edge pairs: 0 (flat)  0 (hierarchical)
    Elapsed: 0.000s  Memory: 1000.00M
"output" in: mslot_unified.drc:516
    Edge pairs: 0 (flat)  0 (hierarchical)
    Elapsed: 0.000s  Memory: 1000.00M
2026-08-28 15:41:42 +0200: Memory Usage (1024300K) : Executing rule MSLOT.9
"drc" in: mslot_unified.drc:521
    Edge pairs: 0 (flat)  0 (hierarchical)
    Elapsed: 0.000s  Memory: 1000.00M
"output" in: mslot_unified.drc:522
    Edge pairs: 0 (flat)  0 (hierarchical)
    Elapsed: 0.000s  Memory: 1000.00M
2026-08-28 15:41:42 +0200: Memory Usage (1024300K) : Checking slots for: metal3
"-" in: mslot_unified.drc:470
    Polygons (raw): 25644 (flat)  25644 (hierarchical)
    Elapsed: 0.010s  Memory: 1000.00M
"-" in: mslot_unified.drc:470
    Polygons (raw): 25644 (flat)  25644 (hierarchical)
    Elapsed: 0.000s  Memory: 1000.00M
"sized" in: mslot_unified.drc:470
    Polygons (raw): 93151 (flat)  93151 (hierarchical)
    Elapsed: 0.090s  Memory: 1000.00M
"-" in: mslot_unified.drc:470
    Polygons (raw): 30528 (flat)  30528 (hierarchical)
    Elapsed: 0.330s  Memory: 999.00M
"sized" in: mslot_unified.drc:470
    Polygons (raw): 12362 (flat)  12362 (hierarchical)
    Elapsed: 0.020s  Memory: 999.00M
"-" in: mslot_unified.drc:470
    Polygons (raw): 30645 (flat)  30645 (hierarchical)
    Elapsed: 0.130s  Memory: 999.00M
"rectangles" in: mslot_unified.drc:471
    Polygons (raw): 0 (flat)  0 (hierarchical)
    Elapsed: 0.010s  Memory: 999.00M
"non_rectangles" in: mslot_unified.drc:472
    Polygons (raw): 0 (flat)  0 (hierarchical)
    Elapsed: 0.000s  Memory: 999.00M
"output" in: mslot_unified.drc:475
    Polygons (raw): 0 (flat)  0 (hierarchical)
    Elapsed: 0.000s  Memory: 999.00M
2026-08-28 15:41:42 +0200: Memory Usage (1023596K) : Executing rule MSLOT.1
"sized" in: mslot_unified.drc:479
    Polygons (raw): 0 (flat)  0 (hierarchical)
    Elapsed: 0.130s  Memory: 999.00M
"sized" in: mslot_unified.drc:479
    Polygons (raw): 0 (flat)  0 (hierarchical)
    Elapsed: 0.000s  Memory: 999.00M
"sized" in: mslot_unified.drc:479
    Polygons (raw): 0 (flat)  0 (hierarchical)
    Elapsed: 0.000s  Memory: 999.00M
"sized" in: mslot_unified.drc:479
    Polygons (raw): 0 (flat)  0 (hierarchical)
    Elapsed: 0.000s  Memory: 999.00M
"output" in: mslot_unified.drc:480
    Polygons (raw): 0 (flat)  0 (hierarchical)
    Elapsed: 0.000s  Memory: 999.00M
2026-08-28 15:41:43 +0200: Memory Usage (1023596K) : Executing rule MSLOT.2
"drc" in: mslot_unified.drc:485
    Polygons (raw): 0 (flat)  0 (hierarchical)
    Elapsed: 0.000s  Memory: 999.00M
"output" in: mslot_unified.drc:486
    Polygons (raw): 0 (flat)  0 (hierarchical)
    Elapsed: 0.000s  Memory: 999.00M
2026-08-28 15:41:43 +0200: Memory Usage (1023596K) : Executing rule MSLOT.3
"drc" in: mslot_unified.drc:491
    Polygons (raw): 0 (flat)  0 (hierarchical)
    Elapsed: 0.000s  Memory: 999.00M
"output" in: mslot_unified.drc:492
    Polygons (raw): 0 (flat)  0 (hierarchical)
    Elapsed: 0.010s  Memory: 999.00M
2026-08-28 15:41:43 +0200: Memory Usage (1023596K) : Executing rule MSLOT.4
"drc" in: mslot_unified.drc:497
    Edge pairs: 0 (flat)  0 (hierarchical)
    Elapsed: 0.000s  Memory: 999.00M
"output" in: mslot_unified.drc:498
    Edge pairs: 0 (flat)  0 (hierarchical)
    Elapsed: 0.000s  Memory: 999.00M
2026-08-28 15:41:43 +0200: Memory Usage (1023596K) : Executing rule MSLOT.5
"drc" in: mslot_unified.drc:503
    Edge pairs: 0 (flat)  0 (hierarchical)
    Elapsed: 0.000s  Memory: 999.00M
"output" in: mslot_unified.drc:504
    Edge pairs: 0 (flat)  0 (hierarchical)
    Elapsed: 0.000s  Memory: 999.00M
2026-08-28 15:41:43 +0200: Memory Usage (1023596K) : Executing rule MSLOT.7
"drc" in: mslot_unified.drc:509
    Edge pairs: 0 (flat)  0 (hierarchical)
    Elapsed: 0.000s  Memory: 999.00M
"output" in: mslot_unified.drc:510
    Edge pairs: 0 (flat)  0 (hierarchical)
    Elapsed: 0.000s  Memory: 999.00M
2026-08-28 15:41:43 +0200: Memory Usage (1023596K) : Executing rule MSLOT.8
"drc" in: mslot_unified.drc:515
    Edge pairs: 0 (flat)  0 (hierarchical)
    Elapsed: 0.000s  Memory: 999.00M
"output" in: mslot_unified.drc:516
    Edge pairs: 0 (flat)  0 (hierarchical)
    Elapsed: 0.000s  Memory: 999.00M
2026-08-28 15:41:43 +0200: Memory Usage (1023596K) : Executing rule MSLOT.9
"drc" in: mslot_unified.drc:521
    Edge pairs: 0 (flat)  0 (hierarchical)
    Elapsed: 0.000s  Memory: 999.00M
"output" in: mslot_unified.drc:522
    Edge pairs: 0 (flat)  0 (hierarchical)
    Elapsed: 0.000s  Memory: 999.00M
2026-08-28 15:41:43 +0200: Memory Usage (1023596K) : Checking slots for: metal4
"-" in: mslot_unified.drc:470
    Polygons (raw): 2331 (flat)  2331 (hierarchical)
    Elapsed: 0.000s  Memory: 999.00M
"-" in: mslot_unified.drc:470
    Polygons (raw): 2331 (flat)  2331 (hierarchical)
    Elapsed: 0.000s  Memory: 999.00M
"sized" in: mslot_unified.drc:470
    Polygons (raw): 12362 (flat)  12362 (hierarchical)
    Elapsed: 0.010s  Memory: 999.00M
"-" in: mslot_unified.drc:470
    Polygons (raw): 4914 (flat)  4914 (hierarchical)
    Elapsed: 0.050s  Memory: 999.00M
"sized" in: mslot_unified.drc:470
    Polygons (raw): 2642 (flat)  2642 (hierarchical)
    Elapsed: 0.000s  Memory: 999.00M
"-" in: mslot_unified.drc:470
    Polygons (raw): 4995 (flat)  4995 (hierarchical)
    Elapsed: 0.030s  Memory: 999.00M
"rectangles" in: mslot_unified.drc:471
    Polygons (raw): 0 (flat)  0 (hierarchical)
    Elapsed: 0.000s  Memory: 999.00M
"non_rectangles" in: mslot_unified.drc:472
    Polygons (raw): 0 (flat)  0 (hierarchical)
    Elapsed: 0.000s  Memory: 999.00M
"output" in: mslot_unified.drc:475
    Polygons (raw): 0 (flat)  0 (hierarchical)
    Elapsed: 0.000s  Memory: 999.00M
2026-08-28 15:41:43 +0200: Memory Usage (1023596K) : Executing rule MSLOT.1
"sized" in: mslot_unified.drc:479
    Polygons (raw): 1468 (flat)  1468 (hierarchical)
    Elapsed: 0.010s  Memory: 999.00M
"sized" in: mslot_unified.drc:479
    Polygons (raw): 0 (flat)  0 (hierarchical)
    Elapsed: 0.010s  Memory: 999.00M
"sized" in: mslot_unified.drc:479
    Polygons (raw): 0 (flat)  0 (hierarchical)
    Elapsed: 0.000s  Memory: 999.00M
"sized" in: mslot_unified.drc:479
    Polygons (raw): 0 (flat)  0 (hierarchical)
    Elapsed: 0.000s  Memory: 999.00M
"output" in: mslot_unified.drc:480
    Polygons (raw): 0 (flat)  0 (hierarchical)
    Elapsed: 0.010s  Memory: 999.00M
2026-08-28 15:41:43 +0200: Memory Usage (1023596K) : Executing rule MSLOT.2
"drc" in: mslot_unified.drc:485
    Polygons (raw): 0 (flat)  0 (hierarchical)
    Elapsed: 0.000s  Memory: 999.00M
"output" in: mslot_unified.drc:486
    Polygons (raw): 0 (flat)  0 (hierarchical)
    Elapsed: 0.000s  Memory: 999.00M
2026-08-28 15:41:43 +0200: Memory Usage (1023596K) : Executing rule MSLOT.3
"drc" in: mslot_unified.drc:491
    Polygons (raw): 0 (flat)  0 (hierarchical)
    Elapsed: 0.000s  Memory: 999.00M
"output" in: mslot_unified.drc:492
    Polygons (raw): 0 (flat)  0 (hierarchical)
    Elapsed: 0.000s  Memory: 999.00M
2026-08-28 15:41:43 +0200: Memory Usage (1023596K) : Executing rule MSLOT.4
"drc" in: mslot_unified.drc:497
    Edge pairs: 0 (flat)  0 (hierarchical)
    Elapsed: 0.000s  Memory: 999.00M
"output" in: mslot_unified.drc:498
    Edge pairs: 0 (flat)  0 (hierarchical)
    Elapsed: 0.000s  Memory: 999.00M
2026-08-28 15:41:43 +0200: Memory Usage (1023596K) : Executing rule MSLOT.5
"drc" in: mslot_unified.drc:503
    Edge pairs: 0 (flat)  0 (hierarchical)
    Elapsed: 0.000s  Memory: 999.00M
"output" in: mslot_unified.drc:504
    Edge pairs: 0 (flat)  0 (hierarchical)
    Elapsed: 0.000s  Memory: 999.00M
2026-08-28 15:41:43 +0200: Memory Usage (1023596K) : Executing rule MSLOT.7
"drc" in: mslot_unified.drc:509
    Edge pairs: 0 (flat)  0 (hierarchical)
    Elapsed: 0.000s  Memory: 999.00M
"output" in: mslot_unified.drc:510
    Edge pairs: 0 (flat)  0 (hierarchical)
    Elapsed: 0.000s  Memory: 999.00M
2026-08-28 15:41:43 +0200: Memory Usage (1023596K) : Executing rule MSLOT.8
"drc" in: mslot_unified.drc:515
    Edge pairs: 0 (flat)  0 (hierarchical)
    Elapsed: 0.000s  Memory: 999.00M
"output" in: mslot_unified.drc:516
    Edge pairs: 0 (flat)  0 (hierarchical)
    Elapsed: 0.000s  Memory: 999.00M
2026-08-28 15:41:43 +0200: Memory Usage (1023596K) : Executing rule MSLOT.9
"drc" in: mslot_unified.drc:521
    Edge pairs: 0 (flat)  0 (hierarchical)
    Elapsed: 0.000s  Memory: 999.00M
"output" in: mslot_unified.drc:522
    Edge pairs: 0 (flat)  0 (hierarchical)
    Elapsed: 0.000s  Memory: 999.00M
2026-08-28 15:41:43 +0200: Memory Usage (1023596K) : Checking slots for: metal5
"-" in: mslot_unified.drc:470
    Polygons (raw): 491 (flat)  491 (hierarchical)
    Elapsed: 0.000s  Memory: 999.00M
"-" in: mslot_unified.drc:470
    Polygons (raw): 491 (flat)  491 (hierarchical)
    Elapsed: 0.000s  Memory: 999.00M
"sized" in: mslot_unified.drc:470
    Polygons (raw): 2642 (flat)  2642 (hierarchical)
    Elapsed: 0.010s  Memory: 999.00M
"-" in: mslot_unified.drc:470
    Polygons (raw): 754 (flat)  754 (hierarchical)
    Elapsed: 0.000s  Memory: 999.00M
"sized" in: mslot_unified.drc:470
    Polygons (raw): 0 (flat)  0 (hierarchical)
    Elapsed: 0.000s  Memory: 999.00M
"-" in: mslot_unified.drc:470
    Polygons (raw): 754 (flat)  754 (hierarchical)
    Elapsed: 0.000s  Memory: 999.00M
"rectangles" in: mslot_unified.drc:471
    Polygons (raw): 0 (flat)  0 (hierarchical)
    Elapsed: 0.000s  Memory: 999.00M
"non_rectangles" in: mslot_unified.drc:472
    Polygons (raw): 0 (flat)  0 (hierarchical)
    Elapsed: 0.000s  Memory: 999.00M
"output" in: mslot_unified.drc:475
    Polygons (raw): 0 (flat)  0 (hierarchical)
    Elapsed: 0.000s  Memory: 999.00M
2026-08-28 15:41:43 +0200: Memory Usage (1023596K) : Executing rule MSLOT.1
"sized" in: mslot_unified.drc:479
    Polygons (raw): 0 (flat)  0 (hierarchical)
    Elapsed: 0.000s  Memory: 999.00M
"sized" in: mslot_unified.drc:479
    Polygons (raw): 0 (flat)  0 (hierarchical)
    Elapsed: 0.000s  Memory: 999.00M
"sized" in: mslot_unified.drc:479
    Polygons (raw): 0 (flat)  0 (hierarchical)
    Elapsed: 0.000s  Memory: 999.00M
"sized" in: mslot_unified.drc:479
    Polygons (raw): 0 (flat)  0 (hierarchical)
    Elapsed: 0.000s  Memory: 999.00M
"output" in: mslot_unified.drc:480
    Polygons (raw): 0 (flat)  0 (hierarchical)
    Elapsed: 0.000s  Memory: 999.00M
2026-08-28 15:41:43 +0200: Memory Usage (1023596K) : Executing rule MSLOT.2
"drc" in: mslot_unified.drc:485
    Polygons (raw): 0 (flat)  0 (hierarchical)
    Elapsed: 0.000s  Memory: 999.00M
"output" in: mslot_unified.drc:486
    Polygons (raw): 0 (flat)  0 (hierarchical)
    Elapsed: 0.000s  Memory: 999.00M
2026-08-28 15:41:43 +0200: Memory Usage (1023596K) : Executing rule MSLOT.3
"drc" in: mslot_unified.drc:491
    Polygons (raw): 0 (flat)  0 (hierarchical)
    Elapsed: 0.000s  Memory: 999.00M
"output" in: mslot_unified.drc:492
    Polygons (raw): 0 (flat)  0 (hierarchical)
    Elapsed: 0.000s  Memory: 999.00M
2026-08-28 15:41:43 +0200: Memory Usage (1023596K) : Executing rule MSLOT.4
"drc" in: mslot_unified.drc:497
    Edge pairs: 0 (flat)  0 (hierarchical)
    Elapsed: 0.000s  Memory: 999.00M
"output" in: mslot_unified.drc:498
    Edge pairs: 0 (flat)  0 (hierarchical)
    Elapsed: 0.000s  Memory: 999.00M
2026-08-28 15:41:43 +0200: Memory Usage (1023596K) : Executing rule MSLOT.5
"drc" in: mslot_unified.drc:503
    Edge pairs: 0 (flat)  0 (hierarchical)
    Elapsed: 0.000s  Memory: 999.00M
"output" in: mslot_unified.drc:504
    Edge pairs: 0 (flat)  0 (hierarchical)
    Elapsed: 0.000s  Memory: 999.00M
2026-08-28 15:41:43 +0200: Memory Usage (1023596K) : Executing rule MSLOT.7
"drc" in: mslot_unified.drc:509
    Edge pairs: 0 (flat)  0 (hierarchical)
    Elapsed: 0.000s  Memory: 999.00M
"output" in: mslot_unified.drc:510
    Edge pairs: 0 (flat)  0 (hierarchical)
    Elapsed: 0.000s  Memory: 999.00M
2026-08-28 15:41:43 +0200: Memory Usage (1023596K) : Executing rule MSLOT.8
"drc" in: mslot_unified.drc:515
    Edge pairs: 0 (flat)  0 (hierarchical)
    Elapsed: 0.000s  Memory: 999.00M
"output" in: mslot_unified.drc:516
    Edge pairs: 0 (flat)  0 (hierarchical)
    Elapsed: 0.000s  Memory: 999.00M
2026-08-28 15:41:43 +0200: Memory Usage (1023596K) : Executing rule MSLOT.9
"drc" in: mslot_unified.drc:521
    Edge pairs: 0 (flat)  0 (hierarchical)
    Elapsed: 0.000s  Memory: 999.00M
"output" in: mslot_unified.drc:522
    Edge pairs: 0 (flat)  0 (hierarchical)
    Elapsed: 0.000s  Memory: 999.00M
2026-08-28 15:41:43 +0200: Memory Usage (1023784K) : main DRC Total Run time 63.694441574 seconds
Writing report database: /headless/aravindustries-repos/butterfold/butterfold_proto/physical/results/d03_ach_candidate/klayout_mslot/butterfold_top_mslot.lyrdb ..
Total elapsed: 63.330s  Memory: 1005.00M
