/foss/pdks/gf180mcuD/libs.tech/klayout/tech/drc/run_drc.py:729: DeprecationWarning: datetime.datetime.utcnow() is deprecated and scheduled for removal in a future version. Use timezone-aware objects to represent datetimes in UTC: datetime.datetime.now(datetime.UTC).
  now_str = datetime.utcnow().strftime("drc_run_%Y_%m_%d_%H_%M_%S")
29-Aug-2026 03:18:07 | INFO    | Your Klayout version is: KLayout 0.30.8
29-Aug-2026 03:18:07 | INFO    | ## Generating template with for the following rule tables: ['metaltop.drc']
29-Aug-2026 03:18:07 | INFO    | ## Your run dir located at: /headless/aravindustries-repos/butterfold/butterfold_proto/physical/results/d03_ach_candidate/klayout_drc_co6a32
29-Aug-2026 03:18:07 | INFO    | Running Global Foundries 180nm MCU /headless/aravindustries-repos/butterfold/butterfold_proto/physical/results/d03_ach_candidate/co6a32_gds/butterfold_top.magic.gds checks on design metaltop on cell butterfold_top:
2026-08-29 03:18:09 +0200: Memory Usage (443576K) : Starting running GF180MCU Klayout DRC runset on /headless/aravindustries-repos/butterfold/butterfold_proto/physical/results/d03_ach_candidate/co6a32_gds/butterfold_top.magic.gds
2026-08-29 03:18:09 +0200: Memory Usage (443576K) : Ruby Version for klayout: 3.2.3
2026-08-29 03:18:09 +0200: Memory Usage (489216K) : Loading database to memory is complete.
2026-08-29 03:18:09 +0200: Memory Usage (489216K) : GF180MCU Klayout DRC runset output at: /headless/aravindustries-repos/butterfold/butterfold_proto/physical/results/d03_ach_candidate/klayout_drc_co6a32/butterfold_top_metaltop.lyrdb
2026-08-29 03:18:09 +0200: Memory Usage (489216K) : Evaluate switches.
2026-08-29 03:18:09 +0200: Memory Usage (489216K) : table_name selected  metaltop
2026-08-29 03:18:09 +0200: Memory Usage (489216K) : CONNECTIVITY_RULES enabled: false
2026-08-29 03:18:09 +0200: Memory Usage (489216K) : Wedge enabled: false
2026-08-29 03:18:09 +0200: Memory Usage (489216K) : Ball enabled: false
2026-08-29 03:18:09 +0200: Memory Usage (489216K) : Gold enabled: false
2026-08-29 03:18:09 +0200: Memory Usage (489216K) : MIM Option selected: B
2026-08-29 03:18:09 +0200: Memory Usage (489216K) : Offgrid enabled:  true
2026-08-29 03:18:09 +0200: Memory Usage (489216K) : Number of threads to use 2
2026-08-29 03:18:09 +0200: Memory Usage (489216K) : Verbose mode: false
2026-08-29 03:18:09 +0200: Memory Usage (489216K) : flat  mode is enabled for metaltop table
2026-08-29 03:18:09 +0200: Memory Usage (489216K) : METAL_TOP Selected is 11K
2026-08-29 03:18:09 +0200: Memory Usage (489216K) : METAL_STACK Selected is 5LM
2026-08-29 03:18:09 +0200: Memory Usage (489216K) : FEOL enabled: true
2026-08-29 03:18:09 +0200: Memory Usage (489216K) : BEOL enabled: true
2026-08-29 03:18:09 +0200: Memory Usage (489216K) : DUMMY enabled: false
2026-08-29 03:18:09 +0200: Memory Usage (489216K) : SLOW_VIA enabled: false
2026-08-29 03:18:09 +0200: Memory Usage (489216K) : Read in polygons from layers.
2026-08-29 03:18:10 +0200: Memory Usage (526896K) : comp has 216638 polygons
2026-08-29 03:18:10 +0200: Memory Usage (526896K) : dnwell has 0 polygons
2026-08-29 03:18:10 +0200: Memory Usage (542212K) : nwell has 422 polygons
2026-08-29 03:18:11 +0200: Memory Usage (542212K) : lvpwell has 307 polygons
2026-08-29 03:18:11 +0200: Memory Usage (553476K) : dualgate has 3 polygons
2026-08-29 03:18:12 +0200: Memory Usage (554708K) : poly2 has 232293 polygons
2026-08-29 03:18:12 +0200: Memory Usage (580096K) : nplus has 1417 polygons
2026-08-29 03:18:13 +0200: Memory Usage (580096K) : pplus has 10152 polygons
2026-08-29 03:18:13 +0200: Memory Usage (580096K) : sab has 0 polygons
2026-08-29 03:18:13 +0200: Memory Usage (580096K) : esd has 0 polygons
2026-08-29 03:18:13 +0200: Memory Usage (580096K) : resistor has 0 polygons
2026-08-29 03:18:13 +0200: Memory Usage (580096K) : fhres has 0 polygons
2026-08-29 03:18:13 +0200: Memory Usage (580096K) : fusetop has 0 polygons
2026-08-29 03:18:13 +0200: Memory Usage (580096K) : fusewindow_d has 0 polygons
2026-08-29 03:18:13 +0200: Memory Usage (580096K) : polyfuse has 0 polygons
2026-08-29 03:18:13 +0200: Memory Usage (580096K) : mvsd has 0 polygons
2026-08-29 03:18:13 +0200: Memory Usage (580096K) : mvpsd has 0 polygons
2026-08-29 03:18:13 +0200: Memory Usage (580096K) : nat has 0 polygons
2026-08-29 03:18:13 +0200: Memory Usage (580096K) : comp_dummy has 0 polygons
2026-08-29 03:18:13 +0200: Memory Usage (580096K) : poly2_dummy has 0 polygons
2026-08-29 03:18:13 +0200: Memory Usage (580096K) : schottky_diode has 0 polygons
2026-08-29 03:18:13 +0200: Memory Usage (580096K) : zener has 0 polygons
2026-08-29 03:18:13 +0200: Memory Usage (580096K) : res_mk has 0 polygons
2026-08-29 03:18:13 +0200: Memory Usage (580096K) : opc_drc has 0 polygons
2026-08-29 03:18:13 +0200: Memory Usage (580096K) : v5_xtor has 3 polygons
2026-08-29 03:18:13 +0200: Memory Usage (580096K) : cap_mk has 0 polygons
2026-08-29 03:18:13 +0200: Memory Usage (580096K) : mos_cap_mk has 0 polygons
2026-08-29 03:18:13 +0200: Memory Usage (580096K) : ind_mk has 0 polygons
2026-08-29 03:18:13 +0200: Memory Usage (580096K) : diode_mk has 26 polygons
2026-08-29 03:18:13 +0200: Memory Usage (580096K) : drc_bjt has 0 polygons
2026-08-29 03:18:13 +0200: Memory Usage (580096K) : lvs_bjt has 0 polygons
2026-08-29 03:18:13 +0200: Memory Usage (580096K) : mim_l_mk has 0 polygons
2026-08-29 03:18:13 +0200: Memory Usage (580096K) : latchup_mk has 0 polygons
2026-08-29 03:18:13 +0200: Memory Usage (580096K) : guard_ring_mk has 0 polygons
2026-08-29 03:18:13 +0200: Memory Usage (580096K) : otp_mk has 0 polygons
2026-08-29 03:18:13 +0200: Memory Usage (580096K) : mtpmark has 0 polygons
2026-08-29 03:18:13 +0200: Memory Usage (580096K) : neo_ee_mk has 0 polygons
2026-08-29 03:18:13 +0200: Memory Usage (580096K) : sramcore has 4 polygons
2026-08-29 03:18:13 +0200: Memory Usage (580096K) : lvs_rf has 0 polygons
2026-08-29 03:18:13 +0200: Memory Usage (580096K) : lvs_drain has 0 polygons
2026-08-29 03:18:13 +0200: Memory Usage (580096K) : ind_mk has 0 polygons
2026-08-29 03:18:13 +0200: Memory Usage (580096K) : hvpolyrs has 0 polygons
2026-08-29 03:18:13 +0200: Memory Usage (580096K) : lvs_io has 0 polygons
2026-08-29 03:18:13 +0200: Memory Usage (580096K) : probe_mk has 0 polygons
2026-08-29 03:18:13 +0200: Memory Usage (580096K) : esd_mk has 0 polygons
2026-08-29 03:18:13 +0200: Memory Usage (580096K) : lvs_source has 0 polygons
2026-08-29 03:18:13 +0200: Memory Usage (580096K) : well_diode_mk has 0 polygons
2026-08-29 03:18:13 +0200: Memory Usage (580096K) : ldmos_xtor has 0 polygons
2026-08-29 03:18:13 +0200: Memory Usage (580096K) : plfuse has 0 polygons
2026-08-29 03:18:13 +0200: Memory Usage (580096K) : efuse_mk has 0 polygons
2026-08-29 03:18:13 +0200: Memory Usage (580096K) : mcell_feol_mk has 0 polygons
2026-08-29 03:18:13 +0200: Memory Usage (580096K) : ymtp_mk has 0 polygons
2026-08-29 03:18:13 +0200: Memory Usage (580096K) : dev_wf_mk has 0 polygons
2026-08-29 03:18:13 +0200: Memory Usage (580096K) : comp_label has 0 polygons
2026-08-29 03:18:13 +0200: Memory Usage (580096K) : poly2_label has 0 polygons
2026-08-29 03:18:13 +0200: Memory Usage (580096K) : mdiode has 0 polygons
2026-08-29 03:18:13 +0200: Memory Usage (580096K) : ndmy has 0 polygons
2026-08-29 03:18:13 +0200: Memory Usage (580096K) : pmndmy has 0 polygons
2026-08-29 03:18:18 +0200: Memory Usage (625608K) : metal1_drawn has 251877 polygons
2026-08-29 03:18:18 +0200: Memory Usage (625608K) : metal1_dummy has 0 polygons
2026-08-29 03:18:18 +0200: Memory Usage (625608K) : metal1_label has 0 polygons
2026-08-29 03:18:18 +0200: Memory Usage (625608K) : metal1_slot has 0 polygons
2026-08-29 03:18:18 +0200: Memory Usage (625608K) : metal1_blk has 0 polygons
2026-08-29 03:18:18 +0200: Memory Usage (631592K) : metal2_drawn has 50987 polygons
2026-08-29 03:18:18 +0200: Memory Usage (631592K) : metal2_dummy has 0 polygons
2026-08-29 03:18:18 +0200: Memory Usage (631592K) : metal2_label has 33 polygons
2026-08-29 03:18:18 +0200: Memory Usage (631592K) : metal2_slot has 0 polygons
2026-08-29 03:18:18 +0200: Memory Usage (631592K) : metal2_blk has 0 polygons
2026-08-29 03:18:19 +0200: Memory Usage (631592K) : metal3_drawn has 25645 polygons
2026-08-29 03:18:19 +0200: Memory Usage (631592K) : metal3_dummy has 0 polygons
2026-08-29 03:18:19 +0200: Memory Usage (631592K) : metal3_label has 0 polygons
2026-08-29 03:18:19 +0200: Memory Usage (631592K) : metal3_slot has 0 polygons
2026-08-29 03:18:19 +0200: Memory Usage (631592K) : metal3_blk has 0 polygons
2026-08-29 03:18:19 +0200: Memory Usage (631592K) : via3 has 12363 polygons
2026-08-29 03:18:19 +0200: Memory Usage (631592K) : metal4_drawn has 2332 polygons
2026-08-29 03:18:19 +0200: Memory Usage (631592K) : metal4_dummy has 0 polygons
2026-08-29 03:18:19 +0200: Memory Usage (631592K) : metal4_label has 0 polygons
2026-08-29 03:18:19 +0200: Memory Usage (631592K) : metal4_slot has 0 polygons
2026-08-29 03:18:19 +0200: Memory Usage (631592K) : metal4_blk has 0 polygons
2026-08-29 03:18:19 +0200: Memory Usage (631592K) : via4 has 2643 polygons
2026-08-29 03:18:19 +0200: Memory Usage (631592K) : metal5_drawn has 491 polygons
2026-08-29 03:18:19 +0200: Memory Usage (631592K) : metal5_dummy has 0 polygons
2026-08-29 03:18:19 +0200: Memory Usage (631592K) : metal5_label has 0 polygons
2026-08-29 03:18:19 +0200: Memory Usage (631592K) : metal5_slot has 0 polygons
2026-08-29 03:18:19 +0200: Memory Usage (631592K) : metal5_blk has 0 polygons
2026-08-29 03:18:19 +0200: Memory Usage (631592K) : pad has 0 polygons
2026-08-29 03:18:19 +0200: Memory Usage (631592K) : ubmpperi has 0 polygons
2026-08-29 03:18:19 +0200: Memory Usage (631592K) : ubmparray has 0 polygons
2026-08-29 03:18:19 +0200: Memory Usage (631592K) : ubmeplate has 0 polygons
2026-08-29 03:18:19 +0200: Memory Usage (631592K) : metal1_res has 0 polygons
2026-08-29 03:18:19 +0200: Memory Usage (631592K) : metal2_res has 0 polygons
2026-08-29 03:18:19 +0200: Memory Usage (631592K) : metal3_res has 0 polygons
2026-08-29 03:18:19 +0200: Memory Usage (631592K) : metal4_res has 0 polygons
2026-08-29 03:18:19 +0200: Memory Usage (631592K) : metal5_res has 0 polygons
2026-08-29 03:18:19 +0200: Memory Usage (631592K) : metal6_res has 0 polygons
2026-08-29 03:18:19 +0200: Memory Usage (631592K) : pr_bndry has 1 polygons
2026-08-29 03:18:19 +0200: Memory Usage (631592K) : border has 0 polygons
2026-08-29 03:18:19 +0200: Memory Usage (631592K) : Total no. of polygons in the design is 807637
2026-08-29 03:18:19 +0200: Memory Usage (631592K) : Starting deriving base layers.
2026-08-29 03:18:34 +0200: Memory Usage (928312K) : Total area of the design is 1859250.0 um^2.
2026-08-29 03:18:34 +0200: Memory Usage (928312K) : Starting GF180MCU DRC rules.
2026-08-29 03:18:34 +0200: Memory Usage (928312K) : Running all FEOL rules
2026-08-29 03:18:34 +0200: Memory Usage (928312K) : Running all BEOL rules
2026-08-29 03:18:34 +0200: Memory Usage (928312K) : MetalTop thickness 9k/11k section
2026-08-29 03:18:34 +0200: Memory Usage (928312K) : Executing rule MT.1
2026-08-29 03:18:34 +0200: Memory Usage (928504K) : Executing rule MT.2a
2026-08-29 03:18:34 +0200: Memory Usage (929072K) : Executing rule MT.2b
2026-08-29 03:18:34 +0200: Memory Usage (929072K) : Executing rule MT.4
2026-08-29 03:18:34 +0200: Memory Usage (929072K) : metaltop DRC Total Run time 24.690573942 seconds
29-Aug-2026 03:18:34 | INFO    | Klayout DRC run is clean. GDS has no DRC violations.
