
===========================================================================
report_checks -path_delay max (Setup)
============================================================================
======================= nom_ff_n40C_5v50 Corner ===================================

Startpoint: result_radix_i[0] (input port clocked by clk)
Endpoint: result_ready_o (output port clocked by clk)
Path Group: clk
Path Type: max

Fanout         Cap        Slew       Delay        Time   Description
---------------------------------------------------------------------------------------------
                                  0.000000    0.000000   clock clk (rise edge)
                                  0.000000    0.000000   clock network delay (propagated)
                                  3.200000    3.200000 ^ input external delay
     2    0.009195    0.047338    0.016207    3.216207 ^ result_radix_i[0] (in)
                                                         result_radix_i[0] (net)
                      0.047338    0.000000    3.216207 ^ input120/I (gf180mcu_fd_sc_mcu7t5v0__dlyb_1)
     2    0.169748    1.828556    1.541039    4.757246 ^ input120/Z (gf180mcu_fd_sc_mcu7t5v0__dlyb_1)
                                                         net120 (net)
                      1.830019    0.029379    4.786624 ^ _111_/A3 (gf180mcu_fd_sc_mcu7t5v0__and4_1)
     1    0.006974    0.184649    0.388381    5.175005 ^ _111_/Z (gf180mcu_fd_sc_mcu7t5v0__and4_1)
                                                         _013_ (net)
                      0.184649    0.000187    5.175192 ^ _113_/A2 (gf180mcu_fd_sc_mcu7t5v0__oai211_1)
     4    0.025282    0.484915    0.273995    5.449187 v _113_/ZN (gf180mcu_fd_sc_mcu7t5v0__oai211_1)
                                                         _015_ (net)
                      0.484915    0.000612    5.449799 v _114_/A2 (gf180mcu_fd_sc_mcu7t5v0__nor2_1)
     4    0.018513    0.429644    0.341179    5.790977 ^ _114_/ZN (gf180mcu_fd_sc_mcu7t5v0__nor2_1)
                                                         _002_ (net)
                      0.429644    0.000174    5.791152 ^ _117_/A2 (gf180mcu_fd_sc_mcu7t5v0__and2_1)
     1    0.005208    0.106208    0.205294    5.996446 ^ _117_/Z (gf180mcu_fd_sc_mcu7t5v0__and2_1)
                                                         net135 (net)
                      0.106208    0.000103    5.996549 ^ output135/I (gf180mcu_fd_sc_mcu7t5v0__dlyb_1)
     1    0.051105    0.576614    0.815159    6.811708 ^ output135/Z (gf180mcu_fd_sc_mcu7t5v0__dlyb_1)
                                                         result_ready_o (net)
                      0.576618    0.000871    6.812579 ^ result_ready_o (out)
                                              6.812579   data arrival time

                                 16.000000   16.000000   clock clk (rise edge)
                                  0.000000   16.000000   clock network delay (propagated)
                                 -0.250000   15.750001   clock uncertainty
                                  0.000000   15.750001   clock reconvergence pessimism
                                 -3.200000   12.550000   output external delay
                                             12.550000   data required time
---------------------------------------------------------------------------------------------
                                             12.550000   data required time
                                             -6.812579   data arrival time
---------------------------------------------------------------------------------------------
                                              5.737422   slack (MET)


Startpoint: X2_i_i[10] (input port clocked by clk)
Endpoint: dout_o[2] (output port clocked by clk)
Path Group: clk
Path Type: max

Fanout         Cap        Slew       Delay        Time   Description
---------------------------------------------------------------------------------------------
                                  0.000000    0.000000   clock clk (rise edge)
                                  0.000000    0.000000   clock network delay (propagated)
                                  3.200000    3.200000 v input external delay
     2    0.013519    0.032673    0.012842    3.212842 v X2_i_i[10] (in)
                                                         X2_i_i[10] (net)
                      0.032674    0.000000    3.212842 v input66/I (gf180mcu_fd_sc_mcu7t5v0__dlyb_1)
     1    0.009788    0.159132    0.601337    3.814179 v input66/Z (gf180mcu_fd_sc_mcu7t5v0__dlyb_1)
                                                         net66 (net)
                      0.159132    0.000248    3.814427 v _157_/B2 (gf180mcu_fd_sc_mcu7t5v0__aoi22_1)
     1    0.005260    0.257886    0.212310    4.026737 ^ _157_/ZN (gf180mcu_fd_sc_mcu7t5v0__aoi22_1)
                                                         _053_ (net)
                      0.257886    0.000112    4.026849 ^ _161_/A1 (gf180mcu_fd_sc_mcu7t5v0__and4_1)
     4    0.098548    1.079717    0.887895    4.914744 ^ _161_/Z (gf180mcu_fd_sc_mcu7t5v0__and4_1)
                                                         _057_ (net)
                      1.080787    0.019197    4.933940 ^ _162_/A4 (gf180mcu_fd_sc_mcu7t5v0__nand4_1)
     1    0.006881    0.345730    0.099008    5.032949 v _162_/ZN (gf180mcu_fd_sc_mcu7t5v0__nand4_1)
                                                         net127 (net)
                      0.345730    0.000161    5.033110 v output127/I (gf180mcu_fd_sc_mcu7t5v0__dlyb_1)
     1    0.052695    0.404119    0.916669    5.949779 v output127/Z (gf180mcu_fd_sc_mcu7t5v0__dlyb_1)
                                                         dout_o[2] (net)
                      0.404120    0.000592    5.950371 v dout_o[2] (out)
                                              5.950371   data arrival time

                                 16.000000   16.000000   clock clk (rise edge)
                                  0.000000   16.000000   clock network delay (propagated)
                                 -0.250000   15.750001   clock uncertainty
                                  0.000000   15.750001   clock reconvergence pessimism
                                 -3.200000   12.550000   output external delay
                                             12.550000   data required time
---------------------------------------------------------------------------------------------
                                             12.550000   data required time
                                             -5.950371   data arrival time
---------------------------------------------------------------------------------------------
                                              6.599630   slack (MET)


Startpoint: X2_i_i[15] (input port clocked by clk)
Endpoint: dout_o[7] (output port clocked by clk)
Path Group: clk
Path Type: max

Fanout         Cap        Slew       Delay        Time   Description
---------------------------------------------------------------------------------------------
                                  0.000000    0.000000   clock clk (rise edge)
                                  0.000000    0.000000   clock network delay (propagated)
                                  3.200000    3.200000 v input external delay
     2    0.014249    0.033884    0.013663    3.213663 v X2_i_i[15] (in)
                                                         X2_i_i[15] (net)
                      0.033886    0.000000    3.213663 v input71/I (gf180mcu_fd_sc_mcu7t5v0__dlyb_1)
     1    0.019844    0.217506    0.657836    3.871499 v input71/Z (gf180mcu_fd_sc_mcu7t5v0__dlyb_1)
                                                         net71 (net)
                      0.217506    0.000865    3.872364 v _200_/B2 (gf180mcu_fd_sc_mcu7t5v0__aoi22_1)
     1    0.010119    0.377270    0.272908    4.145272 ^ _200_/ZN (gf180mcu_fd_sc_mcu7t5v0__aoi22_1)
                                                         _091_ (net)
                      0.377270    0.000346    4.145618 ^ _204_/A2 (gf180mcu_fd_sc_mcu7t5v0__and4_1)
     1    0.012222    0.196780    0.367687    4.513305 ^ _204_/Z (gf180mcu_fd_sc_mcu7t5v0__and4_1)
                                                         _095_ (net)
                      0.196780    0.000447    4.513752 ^ _206_/A2 (gf180mcu_fd_sc_mcu7t5v0__nand3_1)
     1    0.010670    0.223196    0.147341    4.661093 v _206_/ZN (gf180mcu_fd_sc_mcu7t5v0__nand3_1)
                                                         net132 (net)
                      0.223196    0.000380    4.661473 v output132/I (gf180mcu_fd_sc_mcu7t5v0__dlyb_1)
     1    0.059690    0.443369    0.900864    5.562337 v output132/Z (gf180mcu_fd_sc_mcu7t5v0__dlyb_1)
                                                         dout_o[7] (net)
                      0.443404    0.002212    5.564550 v dout_o[7] (out)
                                              5.564550   data arrival time

                                 16.000000   16.000000   clock clk (rise edge)
                                  0.000000   16.000000   clock network delay (propagated)
                                 -0.250000   15.750001   clock uncertainty
                                  0.000000   15.750001   clock reconvergence pessimism
                                 -3.200000   12.550000   output external delay
                                             12.550000   data required time
---------------------------------------------------------------------------------------------
                                             12.550000   data required time
                                             -5.564550   data arrival time
---------------------------------------------------------------------------------------------
                                              6.985451   slack (MET)


Startpoint: X1_i_i[13] (input port clocked by clk)
Endpoint: dout_o[5] (output port clocked by clk)
Path Group: clk
Path Type: max

Fanout         Cap        Slew       Delay        Time   Description
---------------------------------------------------------------------------------------------
                                  0.000000    0.000000   clock clk (rise edge)
                                  0.000000    0.000000   clock network delay (propagated)
                                  3.200000    3.200000 v input external delay
     2    0.017562    0.039562    0.017124    3.217124 v X1_i_i[13] (in)
                                                         X1_i_i[13] (net)
                      0.039565    0.000000    3.217124 v input37/I (gf180mcu_fd_sc_mcu7t5v0__dlyb_1)
     1    0.022632    0.232797    0.672466    3.889590 v input37/Z (gf180mcu_fd_sc_mcu7t5v0__dlyb_1)
                                                         net37 (net)
                      0.232797    0.000937    3.890527 v _185_/B2 (gf180mcu_fd_sc_mcu7t5v0__aoi22_1)
     1    0.005518    0.371500    0.228330    4.118857 ^ _185_/ZN (gf180mcu_fd_sc_mcu7t5v0__aoi22_1)
                                                         _078_ (net)
                      0.371500    0.000118    4.118975 ^ _188_/A2 (gf180mcu_fd_sc_mcu7t5v0__and4_1)
     1    0.008607    0.162303    0.342656    4.461631 ^ _188_/Z (gf180mcu_fd_sc_mcu7t5v0__and4_1)
                                                         _081_ (net)
                      0.162303    0.000203    4.461833 ^ _189_/A4 (gf180mcu_fd_sc_mcu7t5v0__nand4_1)
     1    0.009062    0.276889    0.166333    4.628166 v _189_/ZN (gf180mcu_fd_sc_mcu7t5v0__nand4_1)
                                                         net130 (net)
                      0.276889    0.000238    4.628404 v output130/I (gf180mcu_fd_sc_mcu7t5v0__dlyb_1)
     1    0.058743    0.439025    0.916788    5.545192 v output130/Z (gf180mcu_fd_sc_mcu7t5v0__dlyb_1)
                                                         dout_o[5] (net)
                      0.439046    0.001723    5.546915 v dout_o[5] (out)
                                              5.546915   data arrival time

                                 16.000000   16.000000   clock clk (rise edge)
                                  0.000000   16.000000   clock network delay (propagated)
                                 -0.250000   15.750001   clock uncertainty
                                  0.000000   15.750001   clock reconvergence pessimism
                                 -3.200000   12.550000   output external delay
                                             12.550000   data required time
---------------------------------------------------------------------------------------------
                                             12.550000   data required time
                                             -5.546915   data arrival time
---------------------------------------------------------------------------------------------
                                              7.003086   slack (MET)


Startpoint: X1_i_i[8] (input port clocked by clk)
Endpoint: dout_o[0] (output port clocked by clk)
Path Group: clk
Path Type: max

Fanout         Cap        Slew       Delay        Time   Description
---------------------------------------------------------------------------------------------
                                  0.000000    0.000000   clock clk (rise edge)
                                  0.000000    0.000000   clock network delay (propagated)
                                  3.200000    3.200000 v input external delay
     2    0.010940    0.028182    0.010221    3.210221 v X1_i_i[8] (in)
                                                         X1_i_i[8] (net)
                      0.028184    0.000000    3.210221 v input47/I (gf180mcu_fd_sc_mcu7t5v0__dlyb_1)
     1    0.013043    0.177538    0.618877    3.829098 v input47/Z (gf180mcu_fd_sc_mcu7t5v0__dlyb_1)
                                                         net47 (net)
                      0.177538    0.000393    3.829491 v _139_/B2 (gf180mcu_fd_sc_mcu7t5v0__aoi22_1)
     1    0.010384    0.349803    0.269259    4.098750 ^ _139_/ZN (gf180mcu_fd_sc_mcu7t5v0__aoi22_1)
                                                         _037_ (net)
                      0.349803    0.000298    4.099048 ^ _143_/A1 (gf180mcu_fd_sc_mcu7t5v0__and4_1)
     1    0.008732    0.163423    0.344144    4.443192 ^ _143_/Z (gf180mcu_fd_sc_mcu7t5v0__and4_1)
                                                         _041_ (net)
                      0.163423    0.000282    4.443474 ^ _144_/A4 (gf180mcu_fd_sc_mcu7t5v0__nand4_1)
     1    0.010250    0.311633    0.176904    4.620378 v _144_/ZN (gf180mcu_fd_sc_mcu7t5v0__nand4_1)
                                                         net125 (net)
                      0.311633    0.000283    4.620661 v output125/I (gf180mcu_fd_sc_mcu7t5v0__dlyb_1)
     1    0.051695    0.398204    0.899979    5.520640 v output125/Z (gf180mcu_fd_sc_mcu7t5v0__dlyb_1)
                                                         dout_o[0] (net)
                      0.398204    0.000419    5.521060 v dout_o[0] (out)
                                              5.521060   data arrival time

                                 16.000000   16.000000   clock clk (rise edge)
                                  0.000000   16.000000   clock network delay (propagated)
                                 -0.250000   15.750001   clock uncertainty
                                  0.000000   15.750001   clock reconvergence pessimism
                                 -3.200000   12.550000   output external delay
                                             12.550000   data required time
---------------------------------------------------------------------------------------------
                                             12.550000   data required time
                                             -5.521060   data arrival time
---------------------------------------------------------------------------------------------
                                              7.028941   slack (MET)


Startpoint: X0_i_i[12] (input port clocked by clk)
Endpoint: dout_o[4] (output port clocked by clk)
Path Group: clk
Path Type: max

Fanout         Cap        Slew       Delay        Time   Description
---------------------------------------------------------------------------------------------
                                  0.000000    0.000000   clock clk (rise edge)
                                  0.000000    0.000000   clock network delay (propagated)
                                  3.200000    3.200000 v input external delay
     2    0.015095    0.035289    0.014604    3.214604 v X0_i_i[12] (in)
                                                         X0_i_i[12] (net)
                      0.035293    0.000000    3.214604 v input4/I (gf180mcu_fd_sc_mcu7t5v0__dlyb_1)
     1    0.016427    0.196782    0.639349    3.853952 v input4/Z (gf180mcu_fd_sc_mcu7t5v0__dlyb_1)
                                                         net4 (net)
                      0.196782    0.000826    3.854778 v _176_/B2 (gf180mcu_fd_sc_mcu7t5v0__aoi22_1)
     1    0.009354    0.429140    0.261593    4.116371 ^ _176_/ZN (gf180mcu_fd_sc_mcu7t5v0__aoi22_1)
                                                         _070_ (net)
                      0.429140    0.000244    4.116615 ^ _179_/A2 (gf180mcu_fd_sc_mcu7t5v0__and4_1)
     1    0.011117    0.186981    0.366903    4.483518 ^ _179_/Z (gf180mcu_fd_sc_mcu7t5v0__and4_1)
                                                         _073_ (net)
                      0.186981    0.000300    4.483819 ^ _180_/A4 (gf180mcu_fd_sc_mcu7t5v0__nand4_1)
     1    0.005246    0.237614    0.131533    4.615352 v _180_/ZN (gf180mcu_fd_sc_mcu7t5v0__nand4_1)
                                                         net129 (net)
                      0.237614    0.000109    4.615461 v output129/I (gf180mcu_fd_sc_mcu7t5v0__dlyb_1)
     1    0.057168    0.430191    0.895753    5.511214 v output129/Z (gf180mcu_fd_sc_mcu7t5v0__dlyb_1)
                                                         dout_o[4] (net)
                      0.430207    0.001498    5.512712 v dout_o[4] (out)
                                              5.512712   data arrival time

                                 16.000000   16.000000   clock clk (rise edge)
                                  0.000000   16.000000   clock network delay (propagated)
                                 -0.250000   15.750001   clock uncertainty
                                  0.000000   15.750001   clock reconvergence pessimism
                                 -3.200000   12.550000   output external delay
                                             12.550000   data required time
---------------------------------------------------------------------------------------------
                                             12.550000   data required time
                                             -5.512712   data arrival time
---------------------------------------------------------------------------------------------
                                              7.037288   slack (MET)


Startpoint: X2_q_i[11] (input port clocked by clk)
Endpoint: dout_o[3] (output port clocked by clk)
Path Group: clk
Path Type: max

Fanout         Cap        Slew       Delay        Time   Description
---------------------------------------------------------------------------------------------
                                  0.000000    0.000000   clock clk (rise edge)
                                  0.000000    0.000000   clock network delay (propagated)
                                  3.200000    3.200000 v input external delay
     2    0.010576    0.027544    0.009845    3.209845 v X2_q_i[11] (in)
                                                         X2_q_i[11] (net)
                      0.027546    0.000000    3.209845 v input83/I (gf180mcu_fd_sc_mcu7t5v0__dlyb_1)
     1    0.013174    0.178270    0.619429    3.829274 v input83/Z (gf180mcu_fd_sc_mcu7t5v0__dlyb_1)
                                                         net83 (net)
                      0.178270    0.000500    3.829773 v _169_/B2 (gf180mcu_fd_sc_mcu7t5v0__aoi22_1)
     1    0.007976    0.306727    0.244139    4.073913 ^ _169_/ZN (gf180mcu_fd_sc_mcu7t5v0__aoi22_1)
                                                         _064_ (net)
                      0.306727    0.000133    4.074046 ^ _170_/A4 (gf180mcu_fd_sc_mcu7t5v0__and4_1)
     1    0.009238    0.167526    0.328146    4.402192 ^ _170_/Z (gf180mcu_fd_sc_mcu7t5v0__and4_1)
                                                         _065_ (net)
                      0.167526    0.000307    4.402499 ^ _171_/A4 (gf180mcu_fd_sc_mcu7t5v0__nand4_1)
     1    0.010254    0.291458    0.176841    4.579340 v _171_/ZN (gf180mcu_fd_sc_mcu7t5v0__nand4_1)
                                                         net128 (net)
                      0.291458    0.000282    4.579623 v output128/I (gf180mcu_fd_sc_mcu7t5v0__dlyb_1)
     1    0.054905    0.416920    0.905798    5.485420 v output128/Z (gf180mcu_fd_sc_mcu7t5v0__dlyb_1)
                                                         dout_o[3] (net)
                      0.417024    0.001322    5.486743 v dout_o[3] (out)
                                              5.486743   data arrival time

                                 16.000000   16.000000   clock clk (rise edge)
                                  0.000000   16.000000   clock network delay (propagated)
                                 -0.250000   15.750001   clock uncertainty
                                  0.000000   15.750001   clock reconvergence pessimism
                                 -3.200000   12.550000   output external delay
                                             12.550000   data required time
---------------------------------------------------------------------------------------------
                                             12.550000   data required time
                                             -5.486743   data arrival time
---------------------------------------------------------------------------------------------
                                              7.063258   slack (MET)


Startpoint: result_addr2_i[6] (input port clocked by clk)
Endpoint: dout_o[6] (output port clocked by clk)
Path Group: clk
Path Type: max

Fanout         Cap        Slew       Delay        Time   Description
---------------------------------------------------------------------------------------------
                                  0.000000    0.000000   clock clk (rise edge)
                                  0.000000    0.000000   clock network delay (propagated)
                                  3.200000    3.200000 v input external delay
     2    0.014038    0.033525    0.013393    3.213392 v result_addr2_i[6] (in)
                                                         result_addr2_i[6] (net)
                      0.033526    0.000000    3.213392 v input118/I (gf180mcu_fd_sc_mcu7t5v0__dlyb_1)
     1    0.016889    0.199528    0.641618    3.855011 v input118/Z (gf180mcu_fd_sc_mcu7t5v0__dlyb_1)
                                                         net118 (net)
                      0.199528    0.000839    3.855850 v _194_/B2 (gf180mcu_fd_sc_mcu7t5v0__aoi22_1)
     1    0.003469    0.228289    0.200679    4.056529 ^ _194_/ZN (gf180mcu_fd_sc_mcu7t5v0__aoi22_1)
                                                         _086_ (net)
                      0.228289    0.000033    4.056562 ^ _197_/A2 (gf180mcu_fd_sc_mcu7t5v0__and4_1)
     1    0.006526    0.140313    0.307752    4.364314 ^ _197_/Z (gf180mcu_fd_sc_mcu7t5v0__and4_1)
                                                         _089_ (net)
                      0.140313    0.000132    4.364446 ^ _198_/A4 (gf180mcu_fd_sc_mcu7t5v0__nand4_1)
     1    0.006456    0.243680    0.143600    4.508046 v _198_/ZN (gf180mcu_fd_sc_mcu7t5v0__nand4_1)
                                                         net131 (net)
                      0.243680    0.000149    4.508195 v output131/I (gf180mcu_fd_sc_mcu7t5v0__dlyb_1)
     1    0.056632    0.427053    0.895763    5.403958 v output131/Z (gf180mcu_fd_sc_mcu7t5v0__dlyb_1)
                                                         dout_o[6] (net)
                      0.427066    0.001352    5.405310 v dout_o[6] (out)
                                              5.405310   data arrival time

                                 16.000000   16.000000   clock clk (rise edge)
                                  0.000000   16.000000   clock network delay (propagated)
                                 -0.250000   15.750001   clock uncertainty
                                  0.000000   15.750001   clock reconvergence pessimism
                                 -3.200000   12.550000   output external delay
                                             12.550000   data required time
---------------------------------------------------------------------------------------------
                                             12.550000   data required time
                                             -5.405310   data arrival time
---------------------------------------------------------------------------------------------
                                              7.144691   slack (MET)


Startpoint: X0_q_i[1] (input port clocked by clk)
Endpoint: dout_o[1] (output port clocked by clk)
Path Group: clk
Path Type: max

Fanout         Cap        Slew       Delay        Time   Description
---------------------------------------------------------------------------------------------
                                  0.000000    0.000000   clock clk (rise edge)
                                  0.000000    0.000000   clock network delay (propagated)
                                  3.200000    3.200000 v input external delay
     2    0.011194    0.028601    0.010527    3.210527 v X0_q_i[1] (in)
                                                         X0_q_i[1] (net)
                      0.028603    0.000000    3.210527 v input24/I (gf180mcu_fd_sc_mcu7t5v0__dlyb_1)
     1    0.009502    0.157514    0.598849    3.809376 v input24/Z (gf180mcu_fd_sc_mcu7t5v0__dlyb_1)
                                                         net24 (net)
                      0.157514    0.000298    3.809674 v _148_/B2 (gf180mcu_fd_sc_mcu7t5v0__aoi22_1)
     1    0.009986    0.342322    0.261795    4.071469 ^ _148_/ZN (gf180mcu_fd_sc_mcu7t5v0__aoi22_1)
                                                         _045_ (net)
                      0.342322    0.000426    4.071896 ^ _152_/A1 (gf180mcu_fd_sc_mcu7t5v0__and4_1)
     1    0.005376    0.130693    0.316901    4.388796 ^ _152_/Z (gf180mcu_fd_sc_mcu7t5v0__and4_1)
                                                         _049_ (net)
                      0.130693    0.000060    4.388856 ^ _153_/A4 (gf180mcu_fd_sc_mcu7t5v0__nand4_1)
     1    0.003398    0.222919    0.116146    4.505002 v _153_/ZN (gf180mcu_fd_sc_mcu7t5v0__nand4_1)
                                                         net126 (net)
                      0.222919    0.000064    4.505066 v output126/I (gf180mcu_fd_sc_mcu7t5v0__dlyb_1)
     1    0.055435    0.419965    0.883006    5.388072 v output126/Z (gf180mcu_fd_sc_mcu7t5v0__dlyb_1)
                                                         dout_o[1] (net)
                      0.419977    0.001310    5.389381 v dout_o[1] (out)
                                              5.389381   data arrival time

                                 16.000000   16.000000   clock clk (rise edge)
                                  0.000000   16.000000   clock network delay (propagated)
                                 -0.250000   15.750001   clock uncertainty
                                  0.000000   15.750001   clock reconvergence pessimism
                                 -3.200000   12.550000   output external delay
                                             12.550000   data required time
---------------------------------------------------------------------------------------------
                                             12.550000   data required time
                                             -5.389381   data arrival time
---------------------------------------------------------------------------------------------
                                              7.160619   slack (MET)


Startpoint: result_radix_i[0] (input port clocked by clk)
Endpoint: _225_ (rising edge-triggered flip-flop clocked by clk)
Path Group: clk
Path Type: max

Fanout         Cap        Slew       Delay        Time   Description
---------------------------------------------------------------------------------------------
                                  0.000000    0.000000   clock clk (rise edge)
                                  0.000000    0.000000   clock network delay (propagated)
                                  3.200000    3.200000 ^ input external delay
     2    0.009195    0.047338    0.016207    3.216207 ^ result_radix_i[0] (in)
                                                         result_radix_i[0] (net)
                      0.047338    0.000000    3.216207 ^ input120/I (gf180mcu_fd_sc_mcu7t5v0__dlyb_1)
     2    0.169748    1.828556    1.541039    4.757246 ^ input120/Z (gf180mcu_fd_sc_mcu7t5v0__dlyb_1)
                                                         net120 (net)
                      1.830019    0.029379    4.786624 ^ _111_/A3 (gf180mcu_fd_sc_mcu7t5v0__and4_1)
     1    0.006974    0.184649    0.388381    5.175005 ^ _111_/Z (gf180mcu_fd_sc_mcu7t5v0__and4_1)
                                                         _013_ (net)
                      0.184649    0.000187    5.175192 ^ _113_/A2 (gf180mcu_fd_sc_mcu7t5v0__oai211_1)
     4    0.025282    0.484915    0.273995    5.449187 v _113_/ZN (gf180mcu_fd_sc_mcu7t5v0__oai211_1)
                                                         _015_ (net)
                      0.484915    0.000612    5.449799 v _114_/A2 (gf180mcu_fd_sc_mcu7t5v0__nor2_1)
     4    0.018513    0.429644    0.341179    5.790977 ^ _114_/ZN (gf180mcu_fd_sc_mcu7t5v0__nor2_1)
                                                         _002_ (net)
                      0.429644    0.000133    5.791111 ^ _118_/A2 (gf180mcu_fd_sc_mcu7t5v0__and2_1)
     1    0.007363    0.126351    0.219758    6.010870 ^ _118_/Z (gf180mcu_fd_sc_mcu7t5v0__and2_1)
                                                         _001_ (net)
                      0.126351    0.000175    6.011045 ^ _225_/D (gf180mcu_fd_sc_mcu7t5v0__dffrnq_1)
                                              6.011045   data arrival time

                                 16.000000   16.000000   clock clk (rise edge)
                                  0.000000   16.000000   clock source latency
     2    0.030873    0.000000    0.000000   16.000000 ^ clk (in)
                                                         clk (net)
                      0.000577    0.000236   16.000237 ^ clkbuf_0_clk/I (gf180mcu_fd_sc_mcu7t5v0__clkbuf_16)
     2    0.049354    0.073819    0.146223   16.146460 ^ clkbuf_0_clk/Z (gf180mcu_fd_sc_mcu7t5v0__clkbuf_16)
                                                         clknet_0_clk (net)
                      0.073821    0.000655   16.147114 ^ clkbuf_1_0__f_clk/I (gf180mcu_fd_sc_mcu7t5v0__clkbuf_16)
     4    0.020242    0.056525    0.145185   16.292299 ^ clkbuf_1_0__f_clk/Z (gf180mcu_fd_sc_mcu7t5v0__clkbuf_16)
                                                         clknet_1_0__leaf_clk (net)
                      0.056525    0.000332   16.292631 ^ _225_/CLK (gf180mcu_fd_sc_mcu7t5v0__dffrnq_1)
                                 -0.250000   16.042633   clock uncertainty
                                  0.000000   16.042633   clock reconvergence pessimism
                                 -0.198630   15.844002   library setup time
                                             15.844002   data required time
---------------------------------------------------------------------------------------------
                                             15.844002   data required time
                                             -6.011045   data arrival time
---------------------------------------------------------------------------------------------
                                              9.832958   slack (MET)


Startpoint: result_radix_i[0] (input port clocked by clk)
Endpoint: _221_ (rising edge-triggered flip-flop clocked by clk)
Path Group: clk
Path Type: max

Fanout         Cap        Slew       Delay        Time   Description
---------------------------------------------------------------------------------------------
                                  0.000000    0.000000   clock clk (rise edge)
                                  0.000000    0.000000   clock network delay (propagated)
                                  3.200000    3.200000 ^ input external delay
     2    0.009195    0.047338    0.016207    3.216207 ^ result_radix_i[0] (in)
                                                         result_radix_i[0] (net)
                      0.047338    0.000000    3.216207 ^ input120/I (gf180mcu_fd_sc_mcu7t5v0__dlyb_1)
     2    0.169748    1.828556    1.541039    4.757246 ^ input120/Z (gf180mcu_fd_sc_mcu7t5v0__dlyb_1)
                                                         net120 (net)
                      1.830019    0.029379    4.786624 ^ _111_/A3 (gf180mcu_fd_sc_mcu7t5v0__and4_1)
     1    0.006974    0.184649    0.388381    5.175005 ^ _111_/Z (gf180mcu_fd_sc_mcu7t5v0__and4_1)
                                                         _013_ (net)
                      0.184649    0.000187    5.175192 ^ _113_/A2 (gf180mcu_fd_sc_mcu7t5v0__oai211_1)
     4    0.025282    0.484915    0.273995    5.449187 v _113_/ZN (gf180mcu_fd_sc_mcu7t5v0__oai211_1)
                                                         _015_ (net)
                      0.484915    0.000351    5.449538 v _213_/A2 (gf180mcu_fd_sc_mcu7t5v0__aoi21_1)
     2    0.013181    0.383079    0.351413    5.800951 ^ _213_/ZN (gf180mcu_fd_sc_mcu7t5v0__aoi21_1)
                                                         _101_ (net)
                      0.383079    0.000278    5.801228 ^ _216_/C (gf180mcu_fd_sc_mcu7t5v0__aoi211_1)
     1    0.005177    0.314835    0.190246    5.991474 v _216_/ZN (gf180mcu_fd_sc_mcu7t5v0__aoi211_1)
                                                         _005_ (net)
                      0.314835    0.000108    5.991582 v _221_/D (gf180mcu_fd_sc_mcu7t5v0__dffrnq_1)
                                              5.991582   data arrival time

                                 16.000000   16.000000   clock clk (rise edge)
                                  0.000000   16.000000   clock source latency
     2    0.030873    0.000000    0.000000   16.000000 ^ clk (in)
                                                         clk (net)
                      0.000577    0.000236   16.000237 ^ clkbuf_0_clk/I (gf180mcu_fd_sc_mcu7t5v0__clkbuf_16)
     2    0.049354    0.073819    0.146223   16.146460 ^ clkbuf_0_clk/Z (gf180mcu_fd_sc_mcu7t5v0__clkbuf_16)
                                                         clknet_0_clk (net)
                      0.073820    0.000266   16.146725 ^ clkbuf_1_1__f_clk/I (gf180mcu_fd_sc_mcu7t5v0__clkbuf_16)
     4    0.022296    0.057751    0.146299   16.293024 ^ clkbuf_1_1__f_clk/Z (gf180mcu_fd_sc_mcu7t5v0__clkbuf_16)
                                                         clknet_1_1__leaf_clk (net)
                      0.057753    0.000547   16.293571 ^ _221_/CLK (gf180mcu_fd_sc_mcu7t5v0__dffrnq_1)
                                 -0.250000   16.043571   clock uncertainty
                                  0.000000   16.043571   clock reconvergence pessimism
                                 -0.154958   15.888616   library setup time
                                             15.888616   data required time
---------------------------------------------------------------------------------------------
                                             15.888616   data required time
                                             -5.991582   data arrival time
---------------------------------------------------------------------------------------------
                                              9.897033   slack (MET)


Startpoint: result_radix_i[0] (input port clocked by clk)
Endpoint: _224_ (rising edge-triggered flip-flop clocked by clk)
Path Group: clk
Path Type: max

Fanout         Cap        Slew       Delay        Time   Description
---------------------------------------------------------------------------------------------
                                  0.000000    0.000000   clock clk (rise edge)
                                  0.000000    0.000000   clock network delay (propagated)
                                  3.200000    3.200000 ^ input external delay
     2    0.009195    0.047338    0.016207    3.216207 ^ result_radix_i[0] (in)
                                                         result_radix_i[0] (net)
                      0.047338    0.000000    3.216207 ^ input120/I (gf180mcu_fd_sc_mcu7t5v0__dlyb_1)
     2    0.169748    1.828556    1.541039    4.757246 ^ input120/Z (gf180mcu_fd_sc_mcu7t5v0__dlyb_1)
                                                         net120 (net)
                      1.830019    0.029379    4.786624 ^ _111_/A3 (gf180mcu_fd_sc_mcu7t5v0__and4_1)
     1    0.006974    0.184649    0.388381    5.175005 ^ _111_/Z (gf180mcu_fd_sc_mcu7t5v0__and4_1)
                                                         _013_ (net)
                      0.184649    0.000187    5.175192 ^ _113_/A2 (gf180mcu_fd_sc_mcu7t5v0__oai211_1)
     4    0.025282    0.484915    0.273995    5.449187 v _113_/ZN (gf180mcu_fd_sc_mcu7t5v0__oai211_1)
                                                         _015_ (net)
                      0.484915    0.000612    5.449799 v _114_/A2 (gf180mcu_fd_sc_mcu7t5v0__nor2_1)
     4    0.018513    0.429644    0.341179    5.790977 ^ _114_/ZN (gf180mcu_fd_sc_mcu7t5v0__nor2_1)
                                                         _002_ (net)
                      0.429644    0.000219    5.791196 ^ _224_/D (gf180mcu_fd_sc_mcu7t5v0__dffrnq_1)
                                              5.791196   data arrival time

                                 16.000000   16.000000   clock clk (rise edge)
                                  0.000000   16.000000   clock source latency
     2    0.030873    0.000000    0.000000   16.000000 ^ clk (in)
                                                         clk (net)
                      0.000577    0.000236   16.000237 ^ clkbuf_0_clk/I (gf180mcu_fd_sc_mcu7t5v0__clkbuf_16)
     2    0.049354    0.073819    0.146223   16.146460 ^ clkbuf_0_clk/Z (gf180mcu_fd_sc_mcu7t5v0__clkbuf_16)
                                                         clknet_0_clk (net)
                      0.073821    0.000655   16.147114 ^ clkbuf_1_0__f_clk/I (gf180mcu_fd_sc_mcu7t5v0__clkbuf_16)
     4    0.020242    0.056525    0.145185   16.292299 ^ clkbuf_1_0__f_clk/Z (gf180mcu_fd_sc_mcu7t5v0__clkbuf_16)
                                                         clknet_1_0__leaf_clk (net)
                      0.056525    0.000476   16.292776 ^ _224_/CLK (gf180mcu_fd_sc_mcu7t5v0__dffrnq_1)
                                 -0.250000   16.042776   clock uncertainty
                                  0.000000   16.042776   clock reconvergence pessimism
                                 -0.245771   15.797005   library setup time
                                             15.797005   data required time
---------------------------------------------------------------------------------------------
                                             15.797005   data required time
                                             -5.791196   data arrival time
---------------------------------------------------------------------------------------------
                                             10.005808   slack (MET)


Startpoint: result_radix_i[0] (input port clocked by clk)
Endpoint: _223_ (rising edge-triggered flip-flop clocked by clk)
Path Group: clk
Path Type: max

Fanout         Cap        Slew       Delay        Time   Description
---------------------------------------------------------------------------------------------
                                  0.000000    0.000000   clock clk (rise edge)
                                  0.000000    0.000000   clock network delay (propagated)
                                  3.200000    3.200000 ^ input external delay
     2    0.009195    0.047338    0.016207    3.216207 ^ result_radix_i[0] (in)
                                                         result_radix_i[0] (net)
                      0.047338    0.000000    3.216207 ^ input120/I (gf180mcu_fd_sc_mcu7t5v0__dlyb_1)
     2    0.169748    1.828556    1.541039    4.757246 ^ input120/Z (gf180mcu_fd_sc_mcu7t5v0__dlyb_1)
                                                         net120 (net)
                      1.830019    0.029379    4.786624 ^ _111_/A3 (gf180mcu_fd_sc_mcu7t5v0__and4_1)
     1    0.006974    0.184649    0.388381    5.175005 ^ _111_/Z (gf180mcu_fd_sc_mcu7t5v0__and4_1)
                                                         _013_ (net)
                      0.184649    0.000187    5.175192 ^ _113_/A2 (gf180mcu_fd_sc_mcu7t5v0__oai211_1)
     4    0.025282    0.484915    0.273995    5.449187 v _113_/ZN (gf180mcu_fd_sc_mcu7t5v0__oai211_1)
                                                         _015_ (net)
                      0.484915    0.000612    5.449799 v _114_/A2 (gf180mcu_fd_sc_mcu7t5v0__nor2_1)
     4    0.018513    0.429644    0.341179    5.790977 ^ _114_/ZN (gf180mcu_fd_sc_mcu7t5v0__nor2_1)
                                                         _002_ (net)
                      0.429644    0.000242    5.791219 ^ _116_/A1 (gf180mcu_fd_sc_mcu7t5v0__nor2_1)
     1    0.004371    0.237000    0.082881    5.874101 v _116_/ZN (gf180mcu_fd_sc_mcu7t5v0__nor2_1)
                                                         _000_ (net)
                      0.237000    0.000085    5.874186 v _223_/D (gf180mcu_fd_sc_mcu7t5v0__dffrnq_1)
                                              5.874186   data arrival time

                                 16.000000   16.000000   clock clk (rise edge)
                                  0.000000   16.000000   clock source latency
     2    0.030873    0.000000    0.000000   16.000000 ^ clk (in)
                                                         clk (net)
                      0.000577    0.000236   16.000237 ^ clkbuf_0_clk/I (gf180mcu_fd_sc_mcu7t5v0__clkbuf_16)
     2    0.049354    0.073819    0.146223   16.146460 ^ clkbuf_0_clk/Z (gf180mcu_fd_sc_mcu7t5v0__clkbuf_16)
                                                         clknet_0_clk (net)
                      0.073821    0.000655   16.147114 ^ clkbuf_1_0__f_clk/I (gf180mcu_fd_sc_mcu7t5v0__clkbuf_16)
     4    0.020242    0.056525    0.145185   16.292299 ^ clkbuf_1_0__f_clk/Z (gf180mcu_fd_sc_mcu7t5v0__clkbuf_16)
                                                         clknet_1_0__leaf_clk (net)
                      0.056525    0.000449   16.292749 ^ _223_/CLK (gf180mcu_fd_sc_mcu7t5v0__dffrnq_1)
                                 -0.250000   16.042749   clock uncertainty
                                  0.000000   16.042749   clock reconvergence pessimism
                                 -0.134170   15.908580   library setup time
                                             15.908580   data required time
---------------------------------------------------------------------------------------------
                                             15.908580   data required time
                                             -5.874186   data arrival time
---------------------------------------------------------------------------------------------
                                             10.034394   slack (MET)


Startpoint: result_radix_i[0] (input port clocked by clk)
Endpoint: _222_ (rising edge-triggered flip-flop clocked by clk)
Path Group: clk
Path Type: max

Fanout         Cap        Slew       Delay        Time   Description
---------------------------------------------------------------------------------------------
                                  0.000000    0.000000   clock clk (rise edge)
                                  0.000000    0.000000   clock network delay (propagated)
                                  3.200000    3.200000 ^ input external delay
     2    0.009195    0.047338    0.016207    3.216207 ^ result_radix_i[0] (in)
                                                         result_radix_i[0] (net)
                      0.047338    0.000000    3.216207 ^ input120/I (gf180mcu_fd_sc_mcu7t5v0__dlyb_1)
     2    0.169748    1.828556    1.541039    4.757246 ^ input120/Z (gf180mcu_fd_sc_mcu7t5v0__dlyb_1)
                                                         net120 (net)
                      1.830019    0.029379    4.786624 ^ _111_/A3 (gf180mcu_fd_sc_mcu7t5v0__and4_1)
     1    0.006974    0.184649    0.388381    5.175005 ^ _111_/Z (gf180mcu_fd_sc_mcu7t5v0__and4_1)
                                                         _013_ (net)
                      0.184649    0.000187    5.175192 ^ _113_/A2 (gf180mcu_fd_sc_mcu7t5v0__oai211_1)
     4    0.025282    0.484915    0.273995    5.449187 v _113_/ZN (gf180mcu_fd_sc_mcu7t5v0__oai211_1)
                                                         _015_ (net)
                      0.484915    0.000351    5.449538 v _213_/A2 (gf180mcu_fd_sc_mcu7t5v0__aoi21_1)
     2    0.013181    0.383079    0.351413    5.800951 ^ _213_/ZN (gf180mcu_fd_sc_mcu7t5v0__aoi21_1)
                                                         _101_ (net)
                      0.383079    0.000246    5.801196 ^ _218_/A1 (gf180mcu_fd_sc_mcu7t5v0__nor2_1)
     1    0.004948    0.145309    0.089096    5.890292 v _218_/ZN (gf180mcu_fd_sc_mcu7t5v0__nor2_1)
                                                         _006_ (net)
                      0.145309    0.000061    5.890353 v _222_/D (gf180mcu_fd_sc_mcu7t5v0__dffrnq_1)
                                              5.890353   data arrival time

                                 16.000000   16.000000   clock clk (rise edge)
                                  0.000000   16.000000   clock source latency
     2    0.030873    0.000000    0.000000   16.000000 ^ clk (in)
                                                         clk (net)
                      0.000577    0.000236   16.000237 ^ clkbuf_0_clk/I (gf180mcu_fd_sc_mcu7t5v0__clkbuf_16)
     2    0.049354    0.073819    0.146223   16.146460 ^ clkbuf_0_clk/Z (gf180mcu_fd_sc_mcu7t5v0__clkbuf_16)
                                                         clknet_0_clk (net)
                      0.073820    0.000266   16.146725 ^ clkbuf_1_1__f_clk/I (gf180mcu_fd_sc_mcu7t5v0__clkbuf_16)
     4    0.022296    0.057751    0.146299   16.293024 ^ clkbuf_1_1__f_clk/Z (gf180mcu_fd_sc_mcu7t5v0__clkbuf_16)
                                                         clknet_1_1__leaf_clk (net)
                      0.057752    0.000510   16.293533 ^ _222_/CLK (gf180mcu_fd_sc_mcu7t5v0__dffrnq_1)
                                 -0.250000   16.043535   clock uncertainty
                                  0.000000   16.043535   clock reconvergence pessimism
                                 -0.108517   15.935019   library setup time
                                             15.935019   data required time
---------------------------------------------------------------------------------------------
                                             15.935019   data required time
                                             -5.890353   data arrival time
---------------------------------------------------------------------------------------------
                                             10.044666   slack (MET)


Startpoint: result_radix_i[0] (input port clocked by clk)
Endpoint: _219_ (rising edge-triggered flip-flop clocked by clk)
Path Group: clk
Path Type: max

Fanout         Cap        Slew       Delay        Time   Description
---------------------------------------------------------------------------------------------
                                  0.000000    0.000000   clock clk (rise edge)
                                  0.000000    0.000000   clock network delay (propagated)
                                  3.200000    3.200000 ^ input external delay
     2    0.009195    0.047338    0.016207    3.216207 ^ result_radix_i[0] (in)
                                                         result_radix_i[0] (net)
                      0.047338    0.000000    3.216207 ^ input120/I (gf180mcu_fd_sc_mcu7t5v0__dlyb_1)
     2    0.169748    1.828556    1.541039    4.757246 ^ input120/Z (gf180mcu_fd_sc_mcu7t5v0__dlyb_1)
                                                         net120 (net)
                      1.830019    0.029379    4.786624 ^ _111_/A3 (gf180mcu_fd_sc_mcu7t5v0__and4_1)
     1    0.006974    0.184649    0.388381    5.175005 ^ _111_/Z (gf180mcu_fd_sc_mcu7t5v0__and4_1)
                                                         _013_ (net)
                      0.184649    0.000187    5.175192 ^ _113_/A2 (gf180mcu_fd_sc_mcu7t5v0__oai211_1)
     4    0.025282    0.484915    0.273995    5.449187 v _113_/ZN (gf180mcu_fd_sc_mcu7t5v0__oai211_1)
                                                         _015_ (net)
                      0.484915    0.000686    5.449872 v _208_/A2 (gf180mcu_fd_sc_mcu7t5v0__nand2_1)
     1    0.006802    0.214382    0.222117    5.671990 ^ _208_/ZN (gf180mcu_fd_sc_mcu7t5v0__nand2_1)
                                                         _098_ (net)
                      0.214382    0.000142    5.672132 ^ _209_/A2 (gf180mcu_fd_sc_mcu7t5v0__aoi21_1)
     1    0.006836    0.219108    0.091728    5.763860 v _209_/ZN (gf180mcu_fd_sc_mcu7t5v0__aoi21_1)
                                                         _003_ (net)
                      0.219108    0.000161    5.764021 v _219_/D (gf180mcu_fd_sc_mcu7t5v0__dffrnq_1)
                                              5.764021   data arrival time

                                 16.000000   16.000000   clock clk (rise edge)
                                  0.000000   16.000000   clock source latency
     2    0.030873    0.000000    0.000000   16.000000 ^ clk (in)
                                                         clk (net)
                      0.000577    0.000236   16.000237 ^ clkbuf_0_clk/I (gf180mcu_fd_sc_mcu7t5v0__clkbuf_16)
     2    0.049354    0.073819    0.146223   16.146460 ^ clkbuf_0_clk/Z (gf180mcu_fd_sc_mcu7t5v0__clkbuf_16)
                                                         clknet_0_clk (net)
                      0.073820    0.000266   16.146725 ^ clkbuf_1_1__f_clk/I (gf180mcu_fd_sc_mcu7t5v0__clkbuf_16)
     4    0.022296    0.057751    0.146299   16.293024 ^ clkbuf_1_1__f_clk/Z (gf180mcu_fd_sc_mcu7t5v0__clkbuf_16)
                                                         clknet_1_1__leaf_clk (net)
                      0.057752    0.000462   16.293486 ^ _219_/CLK (gf180mcu_fd_sc_mcu7t5v0__dffrnq_1)
                                 -0.250000   16.043488   clock uncertainty
                                  0.000000   16.043488   clock reconvergence pessimism
                                 -0.129185   15.914302   library setup time
                                             15.914302   data required time
---------------------------------------------------------------------------------------------
                                             15.914302   data required time
                                             -5.764021   data arrival time
---------------------------------------------------------------------------------------------
                                             10.150281   slack (MET)


Startpoint: result_radix_i[0] (input port clocked by clk)
Endpoint: _220_ (rising edge-triggered flip-flop clocked by clk)
Path Group: clk
Path Type: max

Fanout         Cap        Slew       Delay        Time   Description
---------------------------------------------------------------------------------------------
                                  0.000000    0.000000   clock clk (rise edge)
                                  0.000000    0.000000   clock network delay (propagated)
                                  3.200000    3.200000 ^ input external delay
     2    0.009195    0.047338    0.016207    3.216207 ^ result_radix_i[0] (in)
                                                         result_radix_i[0] (net)
                      0.047338    0.000000    3.216207 ^ input120/I (gf180mcu_fd_sc_mcu7t5v0__dlyb_1)
     2    0.169748    1.828556    1.541039    4.757246 ^ input120/Z (gf180mcu_fd_sc_mcu7t5v0__dlyb_1)
                                                         net120 (net)
                      1.830019    0.029379    4.786624 ^ _111_/A3 (gf180mcu_fd_sc_mcu7t5v0__and4_1)
     1    0.006974    0.184649    0.388381    5.175005 ^ _111_/Z (gf180mcu_fd_sc_mcu7t5v0__and4_1)
                                                         _013_ (net)
                      0.184649    0.000187    5.175192 ^ _113_/A2 (gf180mcu_fd_sc_mcu7t5v0__oai211_1)
     4    0.025282    0.484915    0.273995    5.449187 v _113_/ZN (gf180mcu_fd_sc_mcu7t5v0__oai211_1)
                                                         _015_ (net)
                      0.484915    0.000582    5.449769 v _211_/A3 (gf180mcu_fd_sc_mcu7t5v0__nand3_1)
     1    0.004615    0.240696    0.243284    5.693052 ^ _211_/ZN (gf180mcu_fd_sc_mcu7t5v0__nand3_1)
                                                         _100_ (net)
                      0.240696    0.000043    5.693096 ^ _212_/A2 (gf180mcu_fd_sc_mcu7t5v0__nand2_1)
     1    0.003653    0.100438    0.068401    5.761497 v _212_/ZN (gf180mcu_fd_sc_mcu7t5v0__nand2_1)
                                                         _004_ (net)
                      0.100438    0.000036    5.761533 v _220_/D (gf180mcu_fd_sc_mcu7t5v0__dffrnq_1)
                                              5.761533   data arrival time

                                 16.000000   16.000000   clock clk (rise edge)
                                  0.000000   16.000000   clock source latency
     2    0.030873    0.000000    0.000000   16.000000 ^ clk (in)
                                                         clk (net)
                      0.000577    0.000236   16.000237 ^ clkbuf_0_clk/I (gf180mcu_fd_sc_mcu7t5v0__clkbuf_16)
     2    0.049354    0.073819    0.146223   16.146460 ^ clkbuf_0_clk/Z (gf180mcu_fd_sc_mcu7t5v0__clkbuf_16)
                                                         clknet_0_clk (net)
                      0.073821    0.000655   16.147114 ^ clkbuf_1_0__f_clk/I (gf180mcu_fd_sc_mcu7t5v0__clkbuf_16)
     4    0.020242    0.056525    0.145185   16.292299 ^ clkbuf_1_0__f_clk/Z (gf180mcu_fd_sc_mcu7t5v0__clkbuf_16)
                                                         clknet_1_0__leaf_clk (net)
                      0.056525    0.000483   16.292782 ^ _220_/CLK (gf180mcu_fd_sc_mcu7t5v0__dffrnq_1)
                                 -0.250000   16.042784   clock uncertainty
                                  0.000000   16.042784   clock reconvergence pessimism
                                 -0.096195   15.946589   library setup time
                                             15.946589   data required time
---------------------------------------------------------------------------------------------
                                             15.946589   data required time
                                             -5.761533   data arrival time
---------------------------------------------------------------------------------------------
                                             10.185056   slack (MET)


Startpoint: _223_ (rising edge-triggered flip-flop clocked by clk)
Endpoint: dout_valid_o (output port clocked by clk)
Path Group: clk
Path Type: max

Fanout         Cap        Slew       Delay        Time   Description
---------------------------------------------------------------------------------------------
                                  0.000000    0.000000   clock clk (rise edge)
                                  0.000000    0.000000   clock source latency
     2    0.030873    0.000000    0.000000    0.000000 ^ clk (in)
                                                         clk (net)
                      0.000577    0.000236    0.000236 ^ clkbuf_0_clk/I (gf180mcu_fd_sc_mcu7t5v0__clkbuf_16)
     2    0.049354    0.073819    0.146224    0.146460 ^ clkbuf_0_clk/Z (gf180mcu_fd_sc_mcu7t5v0__clkbuf_16)
                                                         clknet_0_clk (net)
                      0.073821    0.000655    0.147114 ^ clkbuf_1_0__f_clk/I (gf180mcu_fd_sc_mcu7t5v0__clkbuf_16)
     4    0.020242    0.056525    0.145185    0.292300 ^ clkbuf_1_0__f_clk/Z (gf180mcu_fd_sc_mcu7t5v0__clkbuf_16)
                                                         clknet_1_0__leaf_clk (net)
                      0.056525    0.000450    0.292750 ^ _223_/CLK (gf180mcu_fd_sc_mcu7t5v0__dffrnq_1)
     7    0.038101    0.441732    0.745118    1.037868 ^ _223_/Q (gf180mcu_fd_sc_mcu7t5v0__dffrnq_1)
                                                         net124 (net)
                      0.441736    0.000722    1.038590 ^ _226_/I (gf180mcu_fd_sc_mcu7t5v0__buf_1)
     1    0.004265    0.089507    0.166961    1.205551 ^ _226_/Z (gf180mcu_fd_sc_mcu7t5v0__buf_1)
                                                         net133 (net)
                      0.089507    0.000047    1.205597 ^ output133/I (gf180mcu_fd_sc_mcu7t5v0__dlyb_1)
     1    0.050730    0.572831    0.811145    2.016743 ^ output133/Z (gf180mcu_fd_sc_mcu7t5v0__dlyb_1)
                                                         dout_valid_o (net)
                      0.572831    0.000319    2.017061 ^ dout_valid_o (out)
                                              2.017061   data arrival time

                                 16.000000   16.000000   clock clk (rise edge)
                                  0.000000   16.000000   clock network delay (propagated)
                                 -0.250000   15.750001   clock uncertainty
                                  0.000000   15.750001   clock reconvergence pessimism
                                 -3.200000   12.550000   output external delay
                                             12.550000   data required time
---------------------------------------------------------------------------------------------
                                             12.550000   data required time
                                             -2.017061   data arrival time
---------------------------------------------------------------------------------------------
                                             10.532939   slack (MET)


Startpoint: _223_ (rising edge-triggered flip-flop clocked by clk)
Endpoint: busy_o (output port clocked by clk)
Path Group: clk
Path Type: max

Fanout         Cap        Slew       Delay        Time   Description
---------------------------------------------------------------------------------------------
                                  0.000000    0.000000   clock clk (rise edge)
                                  0.000000    0.000000   clock source latency
     2    0.030873    0.000000    0.000000    0.000000 ^ clk (in)
                                                         clk (net)
                      0.000577    0.000236    0.000236 ^ clkbuf_0_clk/I (gf180mcu_fd_sc_mcu7t5v0__clkbuf_16)
     2    0.049354    0.073819    0.146224    0.146460 ^ clkbuf_0_clk/Z (gf180mcu_fd_sc_mcu7t5v0__clkbuf_16)
                                                         clknet_0_clk (net)
                      0.073821    0.000655    0.147114 ^ clkbuf_1_0__f_clk/I (gf180mcu_fd_sc_mcu7t5v0__clkbuf_16)
     4    0.020242    0.056525    0.145185    0.292300 ^ clkbuf_1_0__f_clk/Z (gf180mcu_fd_sc_mcu7t5v0__clkbuf_16)
                                                         clknet_1_0__leaf_clk (net)
                      0.056525    0.000450    0.292750 ^ _223_/CLK (gf180mcu_fd_sc_mcu7t5v0__dffrnq_1)
     7    0.038101    0.441732    0.745118    1.037868 ^ _223_/Q (gf180mcu_fd_sc_mcu7t5v0__dffrnq_1)
                                                         net124 (net)
                      0.441733    0.000459    1.038326 ^ output124/I (gf180mcu_fd_sc_mcu7t5v0__dlyb_1)
     1    0.051198    0.577483    0.828501    1.866827 ^ output124/Z (gf180mcu_fd_sc_mcu7t5v0__dlyb_1)
                                                         busy_o (net)
                      0.577487    0.000874    1.867702 ^ busy_o (out)
                                              1.867702   data arrival time

                                 16.000000   16.000000   clock clk (rise edge)
                                  0.000000   16.000000   clock network delay (propagated)
                                 -0.250000   15.750001   clock uncertainty
                                  0.000000   15.750001   clock reconvergence pessimism
                                 -3.200000   12.550000   output external delay
                                             12.550000   data required time
---------------------------------------------------------------------------------------------
                                             12.550000   data required time
                                             -1.867702   data arrival time
---------------------------------------------------------------------------------------------
                                             10.682299   slack (MET)


Startpoint: _225_ (rising edge-triggered flip-flop clocked by clk)
Endpoint: job_done_o (output port clocked by clk)
Path Group: clk
Path Type: max

Fanout         Cap        Slew       Delay        Time   Description
---------------------------------------------------------------------------------------------
                                  0.000000    0.000000   clock clk (rise edge)
                                  0.000000    0.000000   clock source latency
     2    0.030873    0.000000    0.000000    0.000000 ^ clk (in)
                                                         clk (net)
                      0.000577    0.000236    0.000236 ^ clkbuf_0_clk/I (gf180mcu_fd_sc_mcu7t5v0__clkbuf_16)
     2    0.049354    0.073819    0.146224    0.146460 ^ clkbuf_0_clk/Z (gf180mcu_fd_sc_mcu7t5v0__clkbuf_16)
                                                         clknet_0_clk (net)
                      0.073821    0.000655    0.147114 ^ clkbuf_1_0__f_clk/I (gf180mcu_fd_sc_mcu7t5v0__clkbuf_16)
     4    0.020242    0.056525    0.145185    0.292300 ^ clkbuf_1_0__f_clk/Z (gf180mcu_fd_sc_mcu7t5v0__clkbuf_16)
                                                         clknet_1_0__leaf_clk (net)
                      0.056525    0.000332    0.292632 ^ _225_/CLK (gf180mcu_fd_sc_mcu7t5v0__dffrnq_1)
     1    0.019292    0.249807    0.627569    0.920201 ^ _225_/Q (gf180mcu_fd_sc_mcu7t5v0__dffrnq_1)
                                                         net134 (net)
                      0.249807    0.000953    0.921154 ^ output134/I (gf180mcu_fd_sc_mcu7t5v0__dlyb_1)
     1    0.058842    0.658040    0.873316    1.794469 ^ output134/Z (gf180mcu_fd_sc_mcu7t5v0__dlyb_1)
                                                         job_done_o (net)
                      0.658054    0.001689    1.796158 ^ job_done_o (out)
                                              1.796158   data arrival time

                                 16.000000   16.000000   clock clk (rise edge)
                                  0.000000   16.000000   clock network delay (propagated)
                                 -0.250000   15.750001   clock uncertainty
                                  0.000000   15.750001   clock reconvergence pessimism
                                 -3.200000   12.550000   output external delay
                                             12.550000   data required time
---------------------------------------------------------------------------------------------
                                             12.550000   data required time
                                             -1.796158   data arrival time
---------------------------------------------------------------------------------------------
                                             10.753842   slack (MET)


Startpoint: _224_ (rising edge-triggered flip-flop clocked by clk)
Endpoint: transaction_done_o (output port clocked by clk)
Path Group: clk
Path Type: max

Fanout         Cap        Slew       Delay        Time   Description
---------------------------------------------------------------------------------------------
                                  0.000000    0.000000   clock clk (rise edge)
                                  0.000000    0.000000   clock source latency
     2    0.030873    0.000000    0.000000    0.000000 ^ clk (in)
                                                         clk (net)
                      0.000577    0.000236    0.000236 ^ clkbuf_0_clk/I (gf180mcu_fd_sc_mcu7t5v0__clkbuf_16)
     2    0.049354    0.073819    0.146224    0.146460 ^ clkbuf_0_clk/Z (gf180mcu_fd_sc_mcu7t5v0__clkbuf_16)
                                                         clknet_0_clk (net)
                      0.073821    0.000655    0.147114 ^ clkbuf_1_0__f_clk/I (gf180mcu_fd_sc_mcu7t5v0__clkbuf_16)
     4    0.020242    0.056525    0.145185    0.292300 ^ clkbuf_1_0__f_clk/Z (gf180mcu_fd_sc_mcu7t5v0__clkbuf_16)
                                                         clknet_1_0__leaf_clk (net)
                      0.056525    0.000477    0.292776 ^ _224_/CLK (gf180mcu_fd_sc_mcu7t5v0__dffrnq_1)
     1    0.016094    0.218161    0.607173    0.899950 ^ _224_/Q (gf180mcu_fd_sc_mcu7t5v0__dffrnq_1)
                                                         net136 (net)
                      0.218161    0.000608    0.900558 ^ output136/I (gf180mcu_fd_sc_mcu7t5v0__dlyb_1)
     1    0.061560    0.687025    0.889473    1.790030 ^ output136/Z (gf180mcu_fd_sc_mcu7t5v0__dlyb_1)
                                                         transaction_done_o (net)
                      0.687040    0.001867    1.791897 ^ transaction_done_o (out)
                                              1.791897   data arrival time

                                 16.000000   16.000000   clock clk (rise edge)
                                  0.000000   16.000000   clock network delay (propagated)
                                 -0.250000   15.750001   clock uncertainty
                                  0.000000   15.750001   clock reconvergence pessimism
                                 -3.200000   12.550000   output external delay
                                             12.550000   data required time
---------------------------------------------------------------------------------------------
                                             12.550000   data required time
                                             -1.791897   data arrival time
---------------------------------------------------------------------------------------------
                                             10.758103   slack (MET)


Startpoint: rst_n (input port clocked by clk)
Endpoint: _224_ (recovery check against rising-edge clock clk)
Path Group: asynchronous
Path Type: max

Fanout         Cap        Slew       Delay        Time   Description
---------------------------------------------------------------------------------------------
                                  0.000000    0.000000   clock clk (rise edge)
                                  0.000000    0.000000   clock network delay (propagated)
                                  3.200000    3.200000 ^ input external delay
     2    0.006513    0.039982    0.011551    3.211551 ^ rst_n (in)
                                                         rst_n (net)
                      0.039982    0.000000    3.211551 ^ input123/I (gf180mcu_fd_sc_mcu7t5v0__dlyb_1)
     7    0.065693    0.731543    0.896794    4.108345 ^ input123/Z (gf180mcu_fd_sc_mcu7t5v0__dlyb_1)
                                                         net123 (net)
                      0.731552    0.001442    4.109787 ^ _224_/RN (gf180mcu_fd_sc_mcu7t5v0__dffrnq_1)
                                              4.109787   data arrival time

                                 16.000000   16.000000   clock clk (rise edge)
                                  0.000000   16.000000   clock source latency
     2    0.030873    0.000000    0.000000   16.000000 ^ clk (in)
                                                         clk (net)
                      0.000577    0.000236   16.000237 ^ clkbuf_0_clk/I (gf180mcu_fd_sc_mcu7t5v0__clkbuf_16)
     2    0.049354    0.073819    0.146223   16.146460 ^ clkbuf_0_clk/Z (gf180mcu_fd_sc_mcu7t5v0__clkbuf_16)
                                                         clknet_0_clk (net)
                      0.073821    0.000655   16.147114 ^ clkbuf_1_0__f_clk/I (gf180mcu_fd_sc_mcu7t5v0__clkbuf_16)
     4    0.020242    0.056525    0.145185   16.292299 ^ clkbuf_1_0__f_clk/Z (gf180mcu_fd_sc_mcu7t5v0__clkbuf_16)
                                                         clknet_1_0__leaf_clk (net)
                      0.056525    0.000476   16.292776 ^ _224_/CLK (gf180mcu_fd_sc_mcu7t5v0__dffrnq_1)
                                 -0.250000   16.042776   clock uncertainty
                                  0.000000   16.042776   clock reconvergence pessimism
                                 -0.033595   16.009182   library recovery time
                                             16.009182   data required time
---------------------------------------------------------------------------------------------
                                             16.009182   data required time
                                             -4.109787   data arrival time
---------------------------------------------------------------------------------------------
                                             11.899396   slack (MET)


Startpoint: rst_n (input port clocked by clk)
Endpoint: _223_ (recovery check against rising-edge clock clk)
Path Group: asynchronous
Path Type: max

Fanout         Cap        Slew       Delay        Time   Description
---------------------------------------------------------------------------------------------
                                  0.000000    0.000000   clock clk (rise edge)
                                  0.000000    0.000000   clock network delay (propagated)
                                  3.200000    3.200000 ^ input external delay
     2    0.006513    0.039982    0.011551    3.211551 ^ rst_n (in)
                                                         rst_n (net)
                      0.039982    0.000000    3.211551 ^ input123/I (gf180mcu_fd_sc_mcu7t5v0__dlyb_1)
     7    0.065693    0.731543    0.896794    4.108345 ^ input123/Z (gf180mcu_fd_sc_mcu7t5v0__dlyb_1)
                                                         net123 (net)
                      0.731550    0.001289    4.109633 ^ _223_/RN (gf180mcu_fd_sc_mcu7t5v0__dffrnq_1)
                                              4.109633   data arrival time

                                 16.000000   16.000000   clock clk (rise edge)
                                  0.000000   16.000000   clock source latency
     2    0.030873    0.000000    0.000000   16.000000 ^ clk (in)
                                                         clk (net)
                      0.000577    0.000236   16.000237 ^ clkbuf_0_clk/I (gf180mcu_fd_sc_mcu7t5v0__clkbuf_16)
     2    0.049354    0.073819    0.146223   16.146460 ^ clkbuf_0_clk/Z (gf180mcu_fd_sc_mcu7t5v0__clkbuf_16)
                                                         clknet_0_clk (net)
                      0.073821    0.000655   16.147114 ^ clkbuf_1_0__f_clk/I (gf180mcu_fd_sc_mcu7t5v0__clkbuf_16)
     4    0.020242    0.056525    0.145185   16.292299 ^ clkbuf_1_0__f_clk/Z (gf180mcu_fd_sc_mcu7t5v0__clkbuf_16)
                                                         clknet_1_0__leaf_clk (net)
                      0.056525    0.000449   16.292749 ^ _223_/CLK (gf180mcu_fd_sc_mcu7t5v0__dffrnq_1)
                                 -0.250000   16.042749   clock uncertainty
                                  0.000000   16.042749   clock reconvergence pessimism
                                 -0.033595   16.009155   library recovery time
                                             16.009155   data required time
---------------------------------------------------------------------------------------------
                                             16.009155   data required time
                                             -4.109633   data arrival time
---------------------------------------------------------------------------------------------
                                             11.899522   slack (MET)


Startpoint: rst_n (input port clocked by clk)
Endpoint: _225_ (recovery check against rising-edge clock clk)
Path Group: asynchronous
Path Type: max

Fanout         Cap        Slew       Delay        Time   Description
---------------------------------------------------------------------------------------------
                                  0.000000    0.000000   clock clk (rise edge)
                                  0.000000    0.000000   clock network delay (propagated)
                                  3.200000    3.200000 ^ input external delay
     2    0.006513    0.039982    0.011551    3.211551 ^ rst_n (in)
                                                         rst_n (net)
                      0.039982    0.000000    3.211551 ^ input123/I (gf180mcu_fd_sc_mcu7t5v0__dlyb_1)
     7    0.065693    0.731543    0.896794    4.108345 ^ input123/Z (gf180mcu_fd_sc_mcu7t5v0__dlyb_1)
                                                         net123 (net)
                      0.731548    0.001147    4.109491 ^ _225_/RN (gf180mcu_fd_sc_mcu7t5v0__dffrnq_1)
                                              4.109491   data arrival time

                                 16.000000   16.000000   clock clk (rise edge)
                                  0.000000   16.000000   clock source latency
     2    0.030873    0.000000    0.000000   16.000000 ^ clk (in)
                                                         clk (net)
                      0.000577    0.000236   16.000237 ^ clkbuf_0_clk/I (gf180mcu_fd_sc_mcu7t5v0__clkbuf_16)
     2    0.049354    0.073819    0.146223   16.146460 ^ clkbuf_0_clk/Z (gf180mcu_fd_sc_mcu7t5v0__clkbuf_16)
                                                         clknet_0_clk (net)
                      0.073821    0.000655   16.147114 ^ clkbuf_1_0__f_clk/I (gf180mcu_fd_sc_mcu7t5v0__clkbuf_16)
     4    0.020242    0.056525    0.145185   16.292299 ^ clkbuf_1_0__f_clk/Z (gf180mcu_fd_sc_mcu7t5v0__clkbuf_16)
                                                         clknet_1_0__leaf_clk (net)
                      0.056525    0.000332   16.292631 ^ _225_/CLK (gf180mcu_fd_sc_mcu7t5v0__dffrnq_1)
                                 -0.250000   16.042633   clock uncertainty
                                  0.000000   16.042633   clock reconvergence pessimism
                                 -0.033594   16.009039   library recovery time
                                             16.009039   data required time
---------------------------------------------------------------------------------------------
                                             16.009039   data required time
                                             -4.109491   data arrival time
---------------------------------------------------------------------------------------------
                                             11.899547   slack (MET)


Startpoint: rst_n (input port clocked by clk)
Endpoint: _220_ (recovery check against rising-edge clock clk)
Path Group: asynchronous
Path Type: max

Fanout         Cap        Slew       Delay        Time   Description
---------------------------------------------------------------------------------------------
                                  0.000000    0.000000   clock clk (rise edge)
                                  0.000000    0.000000   clock network delay (propagated)
                                  3.200000    3.200000 ^ input external delay
     2    0.006513    0.039982    0.011551    3.211551 ^ rst_n (in)
                                                         rst_n (net)
                      0.039982    0.000000    3.211551 ^ input123/I (gf180mcu_fd_sc_mcu7t5v0__dlyb_1)
     7    0.065693    0.731543    0.896794    4.108345 ^ input123/Z (gf180mcu_fd_sc_mcu7t5v0__dlyb_1)
                                                         net123 (net)
                      0.731549    0.001257    4.109601 ^ _220_/RN (gf180mcu_fd_sc_mcu7t5v0__dffrnq_1)
                                              4.109601   data arrival time

                                 16.000000   16.000000   clock clk (rise edge)
                                  0.000000   16.000000   clock source latency
     2    0.030873    0.000000    0.000000   16.000000 ^ clk (in)
                                                         clk (net)
                      0.000577    0.000236   16.000237 ^ clkbuf_0_clk/I (gf180mcu_fd_sc_mcu7t5v0__clkbuf_16)
     2    0.049354    0.073819    0.146223   16.146460 ^ clkbuf_0_clk/Z (gf180mcu_fd_sc_mcu7t5v0__clkbuf_16)
                                                         clknet_0_clk (net)
                      0.073821    0.000655   16.147114 ^ clkbuf_1_0__f_clk/I (gf180mcu_fd_sc_mcu7t5v0__clkbuf_16)
     4    0.020242    0.056525    0.145185   16.292299 ^ clkbuf_1_0__f_clk/Z (gf180mcu_fd_sc_mcu7t5v0__clkbuf_16)
                                                         clknet_1_0__leaf_clk (net)
                      0.056525    0.000483   16.292782 ^ _220_/CLK (gf180mcu_fd_sc_mcu7t5v0__dffrnq_1)
                                 -0.250000   16.042784   clock uncertainty
                                  0.000000   16.042784   clock reconvergence pessimism
                                 -0.033594   16.009190   library recovery time
                                             16.009190   data required time
---------------------------------------------------------------------------------------------
                                             16.009190   data required time
                                             -4.109601   data arrival time
---------------------------------------------------------------------------------------------
                                             11.899588   slack (MET)


Startpoint: rst_n (input port clocked by clk)
Endpoint: _221_ (recovery check against rising-edge clock clk)
Path Group: asynchronous
Path Type: max

Fanout         Cap        Slew       Delay        Time   Description
---------------------------------------------------------------------------------------------
                                  0.000000    0.000000   clock clk (rise edge)
                                  0.000000    0.000000   clock network delay (propagated)
                                  3.200000    3.200000 ^ input external delay
     2    0.006513    0.039982    0.011551    3.211551 ^ rst_n (in)
                                                         rst_n (net)
                      0.039982    0.000000    3.211551 ^ input123/I (gf180mcu_fd_sc_mcu7t5v0__dlyb_1)
     7    0.065693    0.731543    0.896794    4.108345 ^ input123/Z (gf180mcu_fd_sc_mcu7t5v0__dlyb_1)
                                                         net123 (net)
                      0.731549    0.001247    4.109591 ^ _221_/RN (gf180mcu_fd_sc_mcu7t5v0__dffrnq_1)
                                              4.109591   data arrival time

                                 16.000000   16.000000   clock clk (rise edge)
                                  0.000000   16.000000   clock source latency
     2    0.030873    0.000000    0.000000   16.000000 ^ clk (in)
                                                         clk (net)
                      0.000577    0.000236   16.000237 ^ clkbuf_0_clk/I (gf180mcu_fd_sc_mcu7t5v0__clkbuf_16)
     2    0.049354    0.073819    0.146223   16.146460 ^ clkbuf_0_clk/Z (gf180mcu_fd_sc_mcu7t5v0__clkbuf_16)
                                                         clknet_0_clk (net)
                      0.073820    0.000266   16.146725 ^ clkbuf_1_1__f_clk/I (gf180mcu_fd_sc_mcu7t5v0__clkbuf_16)
     4    0.022296    0.057751    0.146299   16.293024 ^ clkbuf_1_1__f_clk/Z (gf180mcu_fd_sc_mcu7t5v0__clkbuf_16)
                                                         clknet_1_1__leaf_clk (net)
                      0.057753    0.000547   16.293571 ^ _221_/CLK (gf180mcu_fd_sc_mcu7t5v0__dffrnq_1)
                                 -0.250000   16.043571   clock uncertainty
                                  0.000000   16.043571   clock reconvergence pessimism
                                 -0.033205   16.010366   library recovery time
                                             16.010366   data required time
---------------------------------------------------------------------------------------------
                                             16.010366   data required time
                                             -4.109591   data arrival time
---------------------------------------------------------------------------------------------
                                             11.900776   slack (MET)


Startpoint: rst_n (input port clocked by clk)
Endpoint: _222_ (recovery check against rising-edge clock clk)
Path Group: asynchronous
Path Type: max

Fanout         Cap        Slew       Delay        Time   Description
---------------------------------------------------------------------------------------------
                                  0.000000    0.000000   clock clk (rise edge)
                                  0.000000    0.000000   clock network delay (propagated)
                                  3.200000    3.200000 ^ input external delay
     2    0.006513    0.039982    0.011551    3.211551 ^ rst_n (in)
                                                         rst_n (net)
                      0.039982    0.000000    3.211551 ^ input123/I (gf180mcu_fd_sc_mcu7t5v0__dlyb_1)
     7    0.065693    0.731543    0.896794    4.108345 ^ input123/Z (gf180mcu_fd_sc_mcu7t5v0__dlyb_1)
                                                         net123 (net)
                      0.731548    0.001112    4.109456 ^ _222_/RN (gf180mcu_fd_sc_mcu7t5v0__dffrnq_1)
                                              4.109456   data arrival time

                                 16.000000   16.000000   clock clk (rise edge)
                                  0.000000   16.000000   clock source latency
     2    0.030873    0.000000    0.000000   16.000000 ^ clk (in)
                                                         clk (net)
                      0.000577    0.000236   16.000237 ^ clkbuf_0_clk/I (gf180mcu_fd_sc_mcu7t5v0__clkbuf_16)
     2    0.049354    0.073819    0.146223   16.146460 ^ clkbuf_0_clk/Z (gf180mcu_fd_sc_mcu7t5v0__clkbuf_16)
                                                         clknet_0_clk (net)
                      0.073820    0.000266   16.146725 ^ clkbuf_1_1__f_clk/I (gf180mcu_fd_sc_mcu7t5v0__clkbuf_16)
     4    0.022296    0.057751    0.146299   16.293024 ^ clkbuf_1_1__f_clk/Z (gf180mcu_fd_sc_mcu7t5v0__clkbuf_16)
                                                         clknet_1_1__leaf_clk (net)
                      0.057752    0.000510   16.293533 ^ _222_/CLK (gf180mcu_fd_sc_mcu7t5v0__dffrnq_1)
                                 -0.250000   16.043535   clock uncertainty
                                  0.000000   16.043535   clock reconvergence pessimism
                                 -0.033204   16.010332   library recovery time
                                             16.010332   data required time
---------------------------------------------------------------------------------------------
                                             16.010332   data required time
                                             -4.109456   data arrival time
---------------------------------------------------------------------------------------------
                                             11.900875   slack (MET)


Startpoint: rst_n (input port clocked by clk)
Endpoint: _219_ (recovery check against rising-edge clock clk)
Path Group: asynchronous
Path Type: max

Fanout         Cap        Slew       Delay        Time   Description
---------------------------------------------------------------------------------------------
                                  0.000000    0.000000   clock clk (rise edge)
                                  0.000000    0.000000   clock network delay (propagated)
                                  3.200000    3.200000 ^ input external delay
     2    0.006513    0.039982    0.011551    3.211551 ^ rst_n (in)
                                                         rst_n (net)
                      0.039982    0.000000    3.211551 ^ input123/I (gf180mcu_fd_sc_mcu7t5v0__dlyb_1)
     7    0.065693    0.731543    0.896794    4.108345 ^ input123/Z (gf180mcu_fd_sc_mcu7t5v0__dlyb_1)
                                                         net123 (net)
                      0.731543    0.000469    4.108814 ^ _219_/RN (gf180mcu_fd_sc_mcu7t5v0__dffrnq_1)
                                              4.108814   data arrival time

                                 16.000000   16.000000   clock clk (rise edge)
                                  0.000000   16.000000   clock source latency
     2    0.030873    0.000000    0.000000   16.000000 ^ clk (in)
                                                         clk (net)
                      0.000577    0.000236   16.000237 ^ clkbuf_0_clk/I (gf180mcu_fd_sc_mcu7t5v0__clkbuf_16)
     2    0.049354    0.073819    0.146223   16.146460 ^ clkbuf_0_clk/Z (gf180mcu_fd_sc_mcu7t5v0__clkbuf_16)
                                                         clknet_0_clk (net)
                      0.073820    0.000266   16.146725 ^ clkbuf_1_1__f_clk/I (gf180mcu_fd_sc_mcu7t5v0__clkbuf_16)
     4    0.022296    0.057751    0.146299   16.293024 ^ clkbuf_1_1__f_clk/Z (gf180mcu_fd_sc_mcu7t5v0__clkbuf_16)
                                                         clknet_1_1__leaf_clk (net)
                      0.057752    0.000462   16.293486 ^ _219_/CLK (gf180mcu_fd_sc_mcu7t5v0__dffrnq_1)
                                 -0.250000   16.043488   clock uncertainty
                                  0.000000   16.043488   clock reconvergence pessimism
                                 -0.033202   16.010284   library recovery time
                                             16.010284   data required time
---------------------------------------------------------------------------------------------
                                             16.010284   data required time
                                             -4.108814   data arrival time
---------------------------------------------------------------------------------------------
                                             11.901471   slack (MET)



