Reading timing models for corner nom_tt_025C_5v00…
Reading timing library for the 'nom_tt_025C_5v00' corner at '/foss/pdks/gf180mcuD/libs.ref/gf180mcu_fd_sc_mcu7t5v0/lib/gf180mcu_fd_sc_mcu7t5v0__tt_025C_5v00.lib'…
Reading timing library for the 'nom_tt_025C_5v00' corner at '/foss/pdks/gf180mcuD/libs.ref/gf180mcu_fd_ip_sram/lib/gf180mcu_fd_ip_sram__sram128x8m8wm1__tt_025C_5v00.lib'…
Reading OpenROAD database at '/foss/designs/butterfold/pd_flow/runs/RUN_2026-08-06_03-30-35/18-openroad-cutrows/butterfold_top.odb'…
Reading design constraints file at '/usr/local/lib/python3.12/dist-packages/librelane/scripts/base.sdc'…
[INFO] Using clock clk_i…
[INFO] Setting output delay to: 6
[INFO] Setting input delay to: 6
[INFO] Setting load to: 0.07291
[INFO] Setting clock uncertainty to: 0.25
[INFO] Setting clock transition to: 0.1499999999999999944488848768742172978818416595458984375
[INFO] Setting timing derate to: 5%
+ tapcell -halo_width_x 10 -halo_width_y 10 -distance 20 -tapcell_master gf180mcu_fd_sc_mcu7t5v0__filltie -endcap_master gf180mcu_fd_sc_mcu7t5v0__endcap
[INFO ODB-0303] The initial 553 rows (343951 sites) were cut with 4 shapes for a total of 553 rows (343951 sites).
[INFO TAP-0004] Inserted 506 endcaps.
[INFO TAP-0005] Inserted 4961 tapcells.
Setting global connections for newly added cells…
[INFO] Setting global connections...
u_core.u_m.* matched with u_core.u_mim_hi
u_core.u_m.* matched with u_core.u_mim_lo
u_core.u_m.* matched with u_core.u_mre_hi
u_core.u_m.* matched with u_core.u_mre_lo
[INFO ODB-0403] 12134 connections made, 0 conflicts skipped.
Updating metrics…
Cell type report:                       Count       Area
  Macro                                     4  464474.07
  Endcap cell                            1106    4855.78
  Tap cell                               4961   21780.77
  Tie cell                                 14     122.93
  Inverter                                202    1773.72
  Sequential cell                         170   12701.43
  Multi-Input combinational cell         4039   79900.89
  Total                                 10496  585609.59
Writing OpenROAD database to '/foss/designs/butterfold/pd_flow/runs/RUN_2026-08-06_03-30-35/19-openroad-tapendcapinsertion/butterfold_top.odb'…
Writing netlist to '/foss/designs/butterfold/pd_flow/runs/RUN_2026-08-06_03-30-35/19-openroad-tapendcapinsertion/butterfold_top.nl.v'…
Writing powered netlist to '/foss/designs/butterfold/pd_flow/runs/RUN_2026-08-06_03-30-35/19-openroad-tapendcapinsertion/butterfold_top.pnl.v'…
Writing layout to '/foss/designs/butterfold/pd_flow/runs/RUN_2026-08-06_03-30-35/19-openroad-tapendcapinsertion/butterfold_top.def'…
Writing timing constraints to '/foss/designs/butterfold/pd_flow/runs/RUN_2026-08-06_03-30-35/19-openroad-tapendcapinsertion/butterfold_top.sdc'…
