
===========================================================================
report_checks -path_delay min (Hold)
============================================================================
======================= max_tt_025C_5v00 Corner ===================================

Startpoint: _220_ (rising edge-triggered flip-flop clocked by clk)
Endpoint: _221_ (rising edge-triggered flip-flop clocked by clk)
Path Group: clk
Path Type: min

Fanout         Cap        Slew       Delay        Time   Description
---------------------------------------------------------------------------------------------
                                  0.000000    0.000000   clock clk (rise edge)
                                  0.000000    0.000000   clock source latency
     2    0.030434    0.000000    0.000000    0.000000 ^ clk (in)
                                                         clk (net)
                      0.000630    0.000258    0.000258 ^ clkbuf_0_clk/I (gf180mcu_fd_sc_mcu7t5v0__clkbuf_16)
     2    0.050285    0.115121    0.226657    0.226915 ^ clkbuf_0_clk/Z (gf180mcu_fd_sc_mcu7t5v0__clkbuf_16)
                                                         clknet_0_clk (net)
                      0.115122    0.000703    0.227618 ^ clkbuf_1_0__f_clk/I (gf180mcu_fd_sc_mcu7t5v0__clkbuf_16)
     4    0.021100    0.089446    0.227181    0.454799 ^ clkbuf_1_0__f_clk/Z (gf180mcu_fd_sc_mcu7t5v0__clkbuf_16)
                                                         clknet_1_0__leaf_clk (net)
                      0.089446    0.000522    0.455320 ^ _220_/CLK (gf180mcu_fd_sc_mcu7t5v0__dffrnq_1)
     4    0.024920    0.284839    0.819240    1.274560 v _220_/Q (gf180mcu_fd_sc_mcu7t5v0__dffrnq_1)
                                                         byte_index[1] (net)
                      0.284839    0.000190    1.274750 v _215_/A1 (gf180mcu_fd_sc_mcu7t5v0__nand2_1)
     1    0.005959    0.192888    0.185058    1.459808 ^ _215_/ZN (gf180mcu_fd_sc_mcu7t5v0__nand2_1)
                                                         _103_ (net)
                      0.192888    0.000073    1.459880 ^ _216_/A2 (gf180mcu_fd_sc_mcu7t5v0__aoi211_1)
     1    0.005825    0.187017    0.155975    1.615856 v _216_/ZN (gf180mcu_fd_sc_mcu7t5v0__aoi211_1)
                                                         _005_ (net)
                      0.187017    0.000122    1.615978 v _221_/D (gf180mcu_fd_sc_mcu7t5v0__dffrnq_1)
                                              1.615978   data arrival time

                                  0.000000    0.000000   clock clk (rise edge)
                                  0.000000    0.000000   clock source latency
     2    0.030434    0.000000    0.000000    0.000000 ^ clk (in)
                                                         clk (net)
                      0.000630    0.000258    0.000258 ^ clkbuf_0_clk/I (gf180mcu_fd_sc_mcu7t5v0__clkbuf_16)
     2    0.050285    0.115121    0.226657    0.226915 ^ clkbuf_0_clk/Z (gf180mcu_fd_sc_mcu7t5v0__clkbuf_16)
                                                         clknet_0_clk (net)
                      0.115121    0.000278    0.227193 ^ clkbuf_1_1__f_clk/I (gf180mcu_fd_sc_mcu7t5v0__clkbuf_16)
     4    0.023696    0.091818    0.229329    0.456521 ^ clkbuf_1_1__f_clk/Z (gf180mcu_fd_sc_mcu7t5v0__clkbuf_16)
                                                         clknet_1_1__leaf_clk (net)
                      0.091818    0.000598    0.457120 ^ _221_/CLK (gf180mcu_fd_sc_mcu7t5v0__dffrnq_1)
                                  0.250000    0.707119   clock uncertainty
                                  0.000000    0.707119   clock reconvergence pessimism
                                  0.116881    0.824000   library hold time
                                              0.824000   data required time
---------------------------------------------------------------------------------------------
                                              0.824000   data required time
                                             -1.615978   data arrival time
---------------------------------------------------------------------------------------------
                                              0.791978   slack (MET)


Startpoint: _223_ (rising edge-triggered flip-flop clocked by clk)
Endpoint: _220_ (rising edge-triggered flip-flop clocked by clk)
Path Group: clk
Path Type: min

Fanout         Cap        Slew       Delay        Time   Description
---------------------------------------------------------------------------------------------
                                  0.000000    0.000000   clock clk (rise edge)
                                  0.000000    0.000000   clock source latency
     2    0.030434    0.000000    0.000000    0.000000 ^ clk (in)
                                                         clk (net)
                      0.000630    0.000258    0.000258 ^ clkbuf_0_clk/I (gf180mcu_fd_sc_mcu7t5v0__clkbuf_16)
     2    0.050285    0.115121    0.226657    0.226915 ^ clkbuf_0_clk/Z (gf180mcu_fd_sc_mcu7t5v0__clkbuf_16)
                                                         clknet_0_clk (net)
                      0.115122    0.000703    0.227618 ^ clkbuf_1_0__f_clk/I (gf180mcu_fd_sc_mcu7t5v0__clkbuf_16)
     4    0.021100    0.089446    0.227181    0.454799 ^ clkbuf_1_0__f_clk/Z (gf180mcu_fd_sc_mcu7t5v0__clkbuf_16)
                                                         clknet_1_0__leaf_clk (net)
                      0.089446    0.000480    0.455279 ^ _223_/CLK (gf180mcu_fd_sc_mcu7t5v0__dffrnq_1)
     7    0.039183    0.412150    0.905208    1.360487 v _223_/Q (gf180mcu_fd_sc_mcu7t5v0__dffrnq_1)
                                                         net124 (net)
                      0.412156    0.001086    1.361573 v _211_/A1 (gf180mcu_fd_sc_mcu7t5v0__nand3_1)
     1    0.005424    0.245191    0.239191    1.600765 ^ _211_/ZN (gf180mcu_fd_sc_mcu7t5v0__nand3_1)
                                                         _100_ (net)
                      0.245191    0.000102    1.600867 ^ _212_/A2 (gf180mcu_fd_sc_mcu7t5v0__nand2_1)
     1    0.005629    0.155829    0.125112    1.725979 v _212_/ZN (gf180mcu_fd_sc_mcu7t5v0__nand2_1)
                                                         _004_ (net)
                      0.155829    0.000119    1.726098 v _220_/D (gf180mcu_fd_sc_mcu7t5v0__dffrnq_1)
                                              1.726098   data arrival time

                                  0.000000    0.000000   clock clk (rise edge)
                                  0.000000    0.000000   clock source latency
     2    0.030434    0.000000    0.000000    0.000000 ^ clk (in)
                                                         clk (net)
                      0.000630    0.000258    0.000258 ^ clkbuf_0_clk/I (gf180mcu_fd_sc_mcu7t5v0__clkbuf_16)
     2    0.050285    0.115121    0.226657    0.226915 ^ clkbuf_0_clk/Z (gf180mcu_fd_sc_mcu7t5v0__clkbuf_16)
                                                         clknet_0_clk (net)
                      0.115122    0.000703    0.227618 ^ clkbuf_1_0__f_clk/I (gf180mcu_fd_sc_mcu7t5v0__clkbuf_16)
     4    0.021100    0.089446    0.227181    0.454799 ^ clkbuf_1_0__f_clk/Z (gf180mcu_fd_sc_mcu7t5v0__clkbuf_16)
                                                         clknet_1_0__leaf_clk (net)
                      0.089446    0.000522    0.455320 ^ _220_/CLK (gf180mcu_fd_sc_mcu7t5v0__dffrnq_1)
                                  0.250000    0.705320   clock uncertainty
                                  0.000000    0.705320   clock reconvergence pessimism
                                  0.122921    0.828241   library hold time
                                              0.828241   data required time
---------------------------------------------------------------------------------------------
                                              0.828241   data required time
                                             -1.726098   data arrival time
---------------------------------------------------------------------------------------------
                                              0.897857   slack (MET)


Startpoint: _223_ (rising edge-triggered flip-flop clocked by clk)
Endpoint: _219_ (rising edge-triggered flip-flop clocked by clk)
Path Group: clk
Path Type: min

Fanout         Cap        Slew       Delay        Time   Description
---------------------------------------------------------------------------------------------
                                  0.000000    0.000000   clock clk (rise edge)
                                  0.000000    0.000000   clock source latency
     2    0.030434    0.000000    0.000000    0.000000 ^ clk (in)
                                                         clk (net)
                      0.000630    0.000258    0.000258 ^ clkbuf_0_clk/I (gf180mcu_fd_sc_mcu7t5v0__clkbuf_16)
     2    0.050285    0.115121    0.226657    0.226915 ^ clkbuf_0_clk/Z (gf180mcu_fd_sc_mcu7t5v0__clkbuf_16)
                                                         clknet_0_clk (net)
                      0.115122    0.000703    0.227618 ^ clkbuf_1_0__f_clk/I (gf180mcu_fd_sc_mcu7t5v0__clkbuf_16)
     4    0.021100    0.089446    0.227181    0.454799 ^ clkbuf_1_0__f_clk/Z (gf180mcu_fd_sc_mcu7t5v0__clkbuf_16)
                                                         clknet_1_0__leaf_clk (net)
                      0.089446    0.000480    0.455279 ^ _223_/CLK (gf180mcu_fd_sc_mcu7t5v0__dffrnq_1)
     7    0.039183    0.412150    0.905208    1.360487 v _223_/Q (gf180mcu_fd_sc_mcu7t5v0__dffrnq_1)
                                                         net124 (net)
                      0.412154    0.000931    1.361419 v _208_/A1 (gf180mcu_fd_sc_mcu7t5v0__nand2_1)
     1    0.006026    0.218560    0.217151    1.578570 ^ _208_/ZN (gf180mcu_fd_sc_mcu7t5v0__nand2_1)
                                                         _098_ (net)
                      0.218560    0.000119    1.578689 ^ _209_/A2 (gf180mcu_fd_sc_mcu7t5v0__aoi21_1)
     1    0.008322    0.188939    0.154624    1.733312 v _209_/ZN (gf180mcu_fd_sc_mcu7t5v0__aoi21_1)
                                                         _003_ (net)
                      0.188939    0.000215    1.733527 v _219_/D (gf180mcu_fd_sc_mcu7t5v0__dffrnq_1)
                                              1.733527   data arrival time

                                  0.000000    0.000000   clock clk (rise edge)
                                  0.000000    0.000000   clock source latency
     2    0.030434    0.000000    0.000000    0.000000 ^ clk (in)
                                                         clk (net)
                      0.000630    0.000258    0.000258 ^ clkbuf_0_clk/I (gf180mcu_fd_sc_mcu7t5v0__clkbuf_16)
     2    0.050285    0.115121    0.226657    0.226915 ^ clkbuf_0_clk/Z (gf180mcu_fd_sc_mcu7t5v0__clkbuf_16)
                                                         clknet_0_clk (net)
                      0.115121    0.000278    0.227193 ^ clkbuf_1_1__f_clk/I (gf180mcu_fd_sc_mcu7t5v0__clkbuf_16)
     4    0.023696    0.091818    0.229329    0.456521 ^ clkbuf_1_1__f_clk/Z (gf180mcu_fd_sc_mcu7t5v0__clkbuf_16)
                                                         clknet_1_1__leaf_clk (net)
                      0.091818    0.000514    0.457035 ^ _219_/CLK (gf180mcu_fd_sc_mcu7t5v0__dffrnq_1)
                                  0.250000    0.707035   clock uncertainty
                                  0.000000    0.707035   clock reconvergence pessimism
                                  0.116483    0.823518   library hold time
                                              0.823518   data required time
---------------------------------------------------------------------------------------------
                                              0.823518   data required time
                                             -1.733527   data arrival time
---------------------------------------------------------------------------------------------
                                              0.910009   slack (MET)


Startpoint: _223_ (rising edge-triggered flip-flop clocked by clk)
Endpoint: _224_ (rising edge-triggered flip-flop clocked by clk)
Path Group: clk
Path Type: min

Fanout         Cap        Slew       Delay        Time   Description
---------------------------------------------------------------------------------------------
                                  0.000000    0.000000   clock clk (rise edge)
                                  0.000000    0.000000   clock source latency
     2    0.030434    0.000000    0.000000    0.000000 ^ clk (in)
                                                         clk (net)
                      0.000630    0.000258    0.000258 ^ clkbuf_0_clk/I (gf180mcu_fd_sc_mcu7t5v0__clkbuf_16)
     2    0.050285    0.115121    0.226657    0.226915 ^ clkbuf_0_clk/Z (gf180mcu_fd_sc_mcu7t5v0__clkbuf_16)
                                                         clknet_0_clk (net)
                      0.115122    0.000703    0.227618 ^ clkbuf_1_0__f_clk/I (gf180mcu_fd_sc_mcu7t5v0__clkbuf_16)
     4    0.021100    0.089446    0.227181    0.454799 ^ clkbuf_1_0__f_clk/Z (gf180mcu_fd_sc_mcu7t5v0__clkbuf_16)
                                                         clknet_1_0__leaf_clk (net)
                      0.089446    0.000480    0.455279 ^ _223_/CLK (gf180mcu_fd_sc_mcu7t5v0__dffrnq_1)
     7    0.039183    0.412150    0.905208    1.360487 v _223_/Q (gf180mcu_fd_sc_mcu7t5v0__dffrnq_1)
                                                         net124 (net)
                      0.412159    0.001244    1.361731 v _109_/I (gf180mcu_fd_sc_mcu7t5v0__clkinv_1)
     1    0.005267    0.193347    0.176117    1.537849 ^ _109_/ZN (gf180mcu_fd_sc_mcu7t5v0__clkinv_1)
                                                         _011_ (net)
                      0.193347    0.000055    1.537903 ^ _114_/A1 (gf180mcu_fd_sc_mcu7t5v0__nor2_1)
     4    0.019147    0.302195    0.240835    1.778738 v _114_/ZN (gf180mcu_fd_sc_mcu7t5v0__nor2_1)
                                                         _002_ (net)
                      0.302195    0.000234    1.778973 v _224_/D (gf180mcu_fd_sc_mcu7t5v0__dffrnq_1)
                                              1.778973   data arrival time

                                  0.000000    0.000000   clock clk (rise edge)
                                  0.000000    0.000000   clock source latency
     2    0.030434    0.000000    0.000000    0.000000 ^ clk (in)
                                                         clk (net)
                      0.000630    0.000258    0.000258 ^ clkbuf_0_clk/I (gf180mcu_fd_sc_mcu7t5v0__clkbuf_16)
     2    0.050285    0.115121    0.226657    0.226915 ^ clkbuf_0_clk/Z (gf180mcu_fd_sc_mcu7t5v0__clkbuf_16)
                                                         clknet_0_clk (net)
                      0.115122    0.000703    0.227618 ^ clkbuf_1_0__f_clk/I (gf180mcu_fd_sc_mcu7t5v0__clkbuf_16)
     4    0.021100    0.089446    0.227181    0.454799 ^ clkbuf_1_0__f_clk/Z (gf180mcu_fd_sc_mcu7t5v0__clkbuf_16)
                                                         clknet_1_0__leaf_clk (net)
                      0.089446    0.000512    0.455311 ^ _224_/CLK (gf180mcu_fd_sc_mcu7t5v0__dffrnq_1)
                                  0.250000    0.705311   clock uncertainty
                                  0.000000    0.705311   clock reconvergence pessimism
                                  0.092504    0.797815   library hold time
                                              0.797815   data required time
---------------------------------------------------------------------------------------------
                                              0.797815   data required time
                                             -1.778973   data arrival time
---------------------------------------------------------------------------------------------
                                              0.981158   slack (MET)


Startpoint: _223_ (rising edge-triggered flip-flop clocked by clk)
Endpoint: _222_ (rising edge-triggered flip-flop clocked by clk)
Path Group: clk
Path Type: min

Fanout         Cap        Slew       Delay        Time   Description
---------------------------------------------------------------------------------------------
                                  0.000000    0.000000   clock clk (rise edge)
                                  0.000000    0.000000   clock source latency
     2    0.030434    0.000000    0.000000    0.000000 ^ clk (in)
                                                         clk (net)
                      0.000630    0.000258    0.000258 ^ clkbuf_0_clk/I (gf180mcu_fd_sc_mcu7t5v0__clkbuf_16)
     2    0.050285    0.115121    0.226657    0.226915 ^ clkbuf_0_clk/Z (gf180mcu_fd_sc_mcu7t5v0__clkbuf_16)
                                                         clknet_0_clk (net)
                      0.115122    0.000703    0.227618 ^ clkbuf_1_0__f_clk/I (gf180mcu_fd_sc_mcu7t5v0__clkbuf_16)
     4    0.021100    0.089446    0.227181    0.454799 ^ clkbuf_1_0__f_clk/Z (gf180mcu_fd_sc_mcu7t5v0__clkbuf_16)
                                                         clknet_1_0__leaf_clk (net)
                      0.089446    0.000480    0.455279 ^ _223_/CLK (gf180mcu_fd_sc_mcu7t5v0__dffrnq_1)
     7    0.039183    0.412150    0.905208    1.360487 v _223_/Q (gf180mcu_fd_sc_mcu7t5v0__dffrnq_1)
                                                         net124 (net)
                      0.412152    0.000734    1.361221 v _213_/A1 (gf180mcu_fd_sc_mcu7t5v0__aoi21_1)
     2    0.014194    0.479484    0.426670    1.787892 ^ _213_/ZN (gf180mcu_fd_sc_mcu7t5v0__aoi21_1)
                                                         _101_ (net)
                      0.479484    0.000398    1.788290 ^ _218_/A1 (gf180mcu_fd_sc_mcu7t5v0__nor2_1)
     1    0.005470    0.191065    0.146008    1.934298 v _218_/ZN (gf180mcu_fd_sc_mcu7t5v0__nor2_1)
                                                         _006_ (net)
                      0.191065    0.000114    1.934412 v _222_/D (gf180mcu_fd_sc_mcu7t5v0__dffrnq_1)
                                              1.934412   data arrival time

                                  0.000000    0.000000   clock clk (rise edge)
                                  0.000000    0.000000   clock source latency
     2    0.030434    0.000000    0.000000    0.000000 ^ clk (in)
                                                         clk (net)
                      0.000630    0.000258    0.000258 ^ clkbuf_0_clk/I (gf180mcu_fd_sc_mcu7t5v0__clkbuf_16)
     2    0.050285    0.115121    0.226657    0.226915 ^ clkbuf_0_clk/Z (gf180mcu_fd_sc_mcu7t5v0__clkbuf_16)
                                                         clknet_0_clk (net)
                      0.115121    0.000278    0.227193 ^ clkbuf_1_1__f_clk/I (gf180mcu_fd_sc_mcu7t5v0__clkbuf_16)
     4    0.023696    0.091818    0.229329    0.456521 ^ clkbuf_1_1__f_clk/Z (gf180mcu_fd_sc_mcu7t5v0__clkbuf_16)
                                                         clknet_1_1__leaf_clk (net)
                      0.091818    0.000557    0.457078 ^ _222_/CLK (gf180mcu_fd_sc_mcu7t5v0__dffrnq_1)
                                  0.250000    0.707078   clock uncertainty
                                  0.000000    0.707078   clock reconvergence pessimism
                                  0.116042    0.823120   library hold time
                                              0.823120   data required time
---------------------------------------------------------------------------------------------
                                              0.823120   data required time
                                             -1.934412   data arrival time
---------------------------------------------------------------------------------------------
                                              1.111292   slack (MET)


Startpoint: _223_ (rising edge-triggered flip-flop clocked by clk)
Endpoint: _225_ (rising edge-triggered flip-flop clocked by clk)
Path Group: clk
Path Type: min

Fanout         Cap        Slew       Delay        Time   Description
---------------------------------------------------------------------------------------------
                                  0.000000    0.000000   clock clk (rise edge)
                                  0.000000    0.000000   clock source latency
     2    0.030434    0.000000    0.000000    0.000000 ^ clk (in)
                                                         clk (net)
                      0.000630    0.000258    0.000258 ^ clkbuf_0_clk/I (gf180mcu_fd_sc_mcu7t5v0__clkbuf_16)
     2    0.050285    0.115121    0.226657    0.226915 ^ clkbuf_0_clk/Z (gf180mcu_fd_sc_mcu7t5v0__clkbuf_16)
                                                         clknet_0_clk (net)
                      0.115122    0.000703    0.227618 ^ clkbuf_1_0__f_clk/I (gf180mcu_fd_sc_mcu7t5v0__clkbuf_16)
     4    0.021100    0.089446    0.227181    0.454799 ^ clkbuf_1_0__f_clk/Z (gf180mcu_fd_sc_mcu7t5v0__clkbuf_16)
                                                         clknet_1_0__leaf_clk (net)
                      0.089446    0.000480    0.455279 ^ _223_/CLK (gf180mcu_fd_sc_mcu7t5v0__dffrnq_1)
     7    0.039183    0.412150    0.905208    1.360487 v _223_/Q (gf180mcu_fd_sc_mcu7t5v0__dffrnq_1)
                                                         net124 (net)
                      0.412159    0.001244    1.361731 v _109_/I (gf180mcu_fd_sc_mcu7t5v0__clkinv_1)
     1    0.005267    0.193347    0.176117    1.537849 ^ _109_/ZN (gf180mcu_fd_sc_mcu7t5v0__clkinv_1)
                                                         _011_ (net)
                      0.193347    0.000055    1.537903 ^ _114_/A1 (gf180mcu_fd_sc_mcu7t5v0__nor2_1)
     4    0.019147    0.302195    0.240835    1.778738 v _114_/ZN (gf180mcu_fd_sc_mcu7t5v0__nor2_1)
                                                         _002_ (net)
                      0.302195    0.000143    1.778882 v _118_/A2 (gf180mcu_fd_sc_mcu7t5v0__and2_1)
     1    0.006578    0.131017    0.335889    2.114771 v _118_/Z (gf180mcu_fd_sc_mcu7t5v0__and2_1)
                                                         _001_ (net)
                      0.131017    0.000154    2.114925 v _225_/D (gf180mcu_fd_sc_mcu7t5v0__dffrnq_1)
                                              2.114925   data arrival time

                                  0.000000    0.000000   clock clk (rise edge)
                                  0.000000    0.000000   clock source latency
     2    0.030434    0.000000    0.000000    0.000000 ^ clk (in)
                                                         clk (net)
                      0.000630    0.000258    0.000258 ^ clkbuf_0_clk/I (gf180mcu_fd_sc_mcu7t5v0__clkbuf_16)
     2    0.050285    0.115121    0.226657    0.226915 ^ clkbuf_0_clk/Z (gf180mcu_fd_sc_mcu7t5v0__clkbuf_16)
                                                         clknet_0_clk (net)
                      0.115122    0.000703    0.227618 ^ clkbuf_1_0__f_clk/I (gf180mcu_fd_sc_mcu7t5v0__clkbuf_16)
     4    0.021100    0.089446    0.227181    0.454799 ^ clkbuf_1_0__f_clk/Z (gf180mcu_fd_sc_mcu7t5v0__clkbuf_16)
                                                         clknet_1_0__leaf_clk (net)
                      0.089446    0.000352    0.455150 ^ _225_/CLK (gf180mcu_fd_sc_mcu7t5v0__dffrnq_1)
                                  0.250000    0.705150   clock uncertainty
                                  0.000000    0.705150   clock reconvergence pessimism
                                  0.128038    0.833188   library hold time
                                              0.833188   data required time
---------------------------------------------------------------------------------------------
                                              0.833188   data required time
                                             -2.114925   data arrival time
---------------------------------------------------------------------------------------------
                                              1.281737   slack (MET)


Startpoint: _223_ (rising edge-triggered flip-flop clocked by clk)
Endpoint: _223_ (rising edge-triggered flip-flop clocked by clk)
Path Group: clk
Path Type: min

Fanout         Cap        Slew       Delay        Time   Description
---------------------------------------------------------------------------------------------
                                  0.000000    0.000000   clock clk (rise edge)
                                  0.000000    0.000000   clock source latency
     2    0.030434    0.000000    0.000000    0.000000 ^ clk (in)
                                                         clk (net)
                      0.000630    0.000258    0.000258 ^ clkbuf_0_clk/I (gf180mcu_fd_sc_mcu7t5v0__clkbuf_16)
     2    0.050285    0.115121    0.226657    0.226915 ^ clkbuf_0_clk/Z (gf180mcu_fd_sc_mcu7t5v0__clkbuf_16)
                                                         clknet_0_clk (net)
                      0.115122    0.000703    0.227618 ^ clkbuf_1_0__f_clk/I (gf180mcu_fd_sc_mcu7t5v0__clkbuf_16)
     4    0.021100    0.089446    0.227181    0.454799 ^ clkbuf_1_0__f_clk/Z (gf180mcu_fd_sc_mcu7t5v0__clkbuf_16)
                                                         clknet_1_0__leaf_clk (net)
                      0.089446    0.000480    0.455279 ^ _223_/CLK (gf180mcu_fd_sc_mcu7t5v0__dffrnq_1)
     7    0.039183    0.412150    0.905208    1.360487 v _223_/Q (gf180mcu_fd_sc_mcu7t5v0__dffrnq_1)
                                                         net124 (net)
                      0.412159    0.001252    1.361739 v _115_/B (gf180mcu_fd_sc_mcu7t5v0__aoi21_1)
     5    0.032636    0.850888    0.604374    1.966114 ^ _115_/ZN (gf180mcu_fd_sc_mcu7t5v0__aoi21_1)
                                                         _016_ (net)
                      0.850888    0.000658    1.966772 ^ _116_/A2 (gf180mcu_fd_sc_mcu7t5v0__nor2_1)
     1    0.004606    0.231881    0.184994    2.151765 v _116_/ZN (gf180mcu_fd_sc_mcu7t5v0__nor2_1)
                                                         _000_ (net)
                      0.231881    0.000091    2.151856 v _223_/D (gf180mcu_fd_sc_mcu7t5v0__dffrnq_1)
                                              2.151856   data arrival time

                                  0.000000    0.000000   clock clk (rise edge)
                                  0.000000    0.000000   clock source latency
     2    0.030434    0.000000    0.000000    0.000000 ^ clk (in)
                                                         clk (net)
                      0.000630    0.000258    0.000258 ^ clkbuf_0_clk/I (gf180mcu_fd_sc_mcu7t5v0__clkbuf_16)
     2    0.050285    0.115121    0.226657    0.226915 ^ clkbuf_0_clk/Z (gf180mcu_fd_sc_mcu7t5v0__clkbuf_16)
                                                         clknet_0_clk (net)
                      0.115122    0.000703    0.227618 ^ clkbuf_1_0__f_clk/I (gf180mcu_fd_sc_mcu7t5v0__clkbuf_16)
     4    0.021100    0.089446    0.227181    0.454799 ^ clkbuf_1_0__f_clk/Z (gf180mcu_fd_sc_mcu7t5v0__clkbuf_16)
                                                         clknet_1_0__leaf_clk (net)
                      0.089446    0.000480    0.455279 ^ _223_/CLK (gf180mcu_fd_sc_mcu7t5v0__dffrnq_1)
                                  0.250000    0.705279   clock uncertainty
                                  0.000000    0.705279   clock reconvergence pessimism
                                  0.107116    0.812395   library hold time
                                              0.812395   data required time
---------------------------------------------------------------------------------------------
                                              0.812395   data required time
                                             -2.151856   data arrival time
---------------------------------------------------------------------------------------------
                                              1.339461   slack (MET)


Startpoint: rst_n (input port clocked by clk)
Endpoint: _219_ (removal check against rising-edge clock clk)
Path Group: asynchronous
Path Type: min

Fanout         Cap        Slew       Delay        Time   Description
---------------------------------------------------------------------------------------------
                                  0.000000    0.000000   clock clk (rise edge)
                                  0.000000    0.000000   clock network delay (propagated)
                                  3.200000    3.200000 ^ input external delay
     2    0.007028    0.064184    0.018577    3.218577 ^ rst_n (in)
                                                         rst_n (net)
                      0.064184    0.000000    3.218577 ^ input123/I (gf180mcu_fd_sc_mcu7t5v0__dlyb_1)
     7    0.067075    1.125550    1.446863    4.665440 ^ input123/Z (gf180mcu_fd_sc_mcu7t5v0__dlyb_1)
                                                         net123 (net)
                      1.125550    0.000500    4.665940 ^ _219_/RN (gf180mcu_fd_sc_mcu7t5v0__dffrnq_1)
                                              4.665940   data arrival time

                                  0.000000    0.000000   clock clk (rise edge)
                                  0.000000    0.000000   clock source latency
     2    0.030434    0.000000    0.000000    0.000000 ^ clk (in)
                                                         clk (net)
                      0.000630    0.000258    0.000258 ^ clkbuf_0_clk/I (gf180mcu_fd_sc_mcu7t5v0__clkbuf_16)
     2    0.050285    0.115121    0.226657    0.226915 ^ clkbuf_0_clk/Z (gf180mcu_fd_sc_mcu7t5v0__clkbuf_16)
                                                         clknet_0_clk (net)
                      0.115121    0.000278    0.227193 ^ clkbuf_1_1__f_clk/I (gf180mcu_fd_sc_mcu7t5v0__clkbuf_16)
     4    0.023696    0.091818    0.229329    0.456521 ^ clkbuf_1_1__f_clk/Z (gf180mcu_fd_sc_mcu7t5v0__clkbuf_16)
                                                         clknet_1_1__leaf_clk (net)
                      0.091818    0.000514    0.457035 ^ _219_/CLK (gf180mcu_fd_sc_mcu7t5v0__dffrnq_1)
                                  0.250000    0.707035   clock uncertainty
                                  0.000000    0.707035   clock reconvergence pessimism
                                  0.414883    1.121919   library removal time
                                              1.121919   data required time
---------------------------------------------------------------------------------------------
                                              1.121919   data required time
                                             -4.665940   data arrival time
---------------------------------------------------------------------------------------------
                                              3.544021   slack (MET)


Startpoint: rst_n (input port clocked by clk)
Endpoint: _222_ (removal check against rising-edge clock clk)
Path Group: asynchronous
Path Type: min

Fanout         Cap        Slew       Delay        Time   Description
---------------------------------------------------------------------------------------------
                                  0.000000    0.000000   clock clk (rise edge)
                                  0.000000    0.000000   clock network delay (propagated)
                                  3.200000    3.200000 ^ input external delay
     2    0.007028    0.064184    0.018577    3.218577 ^ rst_n (in)
                                                         rst_n (net)
                      0.064184    0.000000    3.218577 ^ input123/I (gf180mcu_fd_sc_mcu7t5v0__dlyb_1)
     7    0.067075    1.125550    1.446863    4.665440 ^ input123/Z (gf180mcu_fd_sc_mcu7t5v0__dlyb_1)
                                                         net123 (net)
                      1.125554    0.001207    4.666647 ^ _222_/RN (gf180mcu_fd_sc_mcu7t5v0__dffrnq_1)
                                              4.666647   data arrival time

                                  0.000000    0.000000   clock clk (rise edge)
                                  0.000000    0.000000   clock source latency
     2    0.030434    0.000000    0.000000    0.000000 ^ clk (in)
                                                         clk (net)
                      0.000630    0.000258    0.000258 ^ clkbuf_0_clk/I (gf180mcu_fd_sc_mcu7t5v0__clkbuf_16)
     2    0.050285    0.115121    0.226657    0.226915 ^ clkbuf_0_clk/Z (gf180mcu_fd_sc_mcu7t5v0__clkbuf_16)
                                                         clknet_0_clk (net)
                      0.115121    0.000278    0.227193 ^ clkbuf_1_1__f_clk/I (gf180mcu_fd_sc_mcu7t5v0__clkbuf_16)
     4    0.023696    0.091818    0.229329    0.456521 ^ clkbuf_1_1__f_clk/Z (gf180mcu_fd_sc_mcu7t5v0__clkbuf_16)
                                                         clknet_1_1__leaf_clk (net)
                      0.091818    0.000557    0.457078 ^ _222_/CLK (gf180mcu_fd_sc_mcu7t5v0__dffrnq_1)
                                  0.250000    0.707078   clock uncertainty
                                  0.000000    0.707078   clock reconvergence pessimism
                                  0.414884    1.121962   library removal time
                                              1.121962   data required time
---------------------------------------------------------------------------------------------
                                              1.121962   data required time
                                             -4.666647   data arrival time
---------------------------------------------------------------------------------------------
                                              3.544685   slack (MET)


Startpoint: rst_n (input port clocked by clk)
Endpoint: _221_ (removal check against rising-edge clock clk)
Path Group: asynchronous
Path Type: min

Fanout         Cap        Slew       Delay        Time   Description
---------------------------------------------------------------------------------------------
                                  0.000000    0.000000   clock clk (rise edge)
                                  0.000000    0.000000   clock network delay (propagated)
                                  3.200000    3.200000 ^ input external delay
     2    0.007028    0.064184    0.018577    3.218577 ^ rst_n (in)
                                                         rst_n (net)
                      0.064184    0.000000    3.218577 ^ input123/I (gf180mcu_fd_sc_mcu7t5v0__dlyb_1)
     7    0.067075    1.125550    1.446863    4.665440 ^ input123/Z (gf180mcu_fd_sc_mcu7t5v0__dlyb_1)
                                                         net123 (net)
                      1.125555    0.001353    4.666793 ^ _221_/RN (gf180mcu_fd_sc_mcu7t5v0__dffrnq_1)
                                              4.666793   data arrival time

                                  0.000000    0.000000   clock clk (rise edge)
                                  0.000000    0.000000   clock source latency
     2    0.030434    0.000000    0.000000    0.000000 ^ clk (in)
                                                         clk (net)
                      0.000630    0.000258    0.000258 ^ clkbuf_0_clk/I (gf180mcu_fd_sc_mcu7t5v0__clkbuf_16)
     2    0.050285    0.115121    0.226657    0.226915 ^ clkbuf_0_clk/Z (gf180mcu_fd_sc_mcu7t5v0__clkbuf_16)
                                                         clknet_0_clk (net)
                      0.115121    0.000278    0.227193 ^ clkbuf_1_1__f_clk/I (gf180mcu_fd_sc_mcu7t5v0__clkbuf_16)
     4    0.023696    0.091818    0.229329    0.456521 ^ clkbuf_1_1__f_clk/Z (gf180mcu_fd_sc_mcu7t5v0__clkbuf_16)
                                                         clknet_1_1__leaf_clk (net)
                      0.091818    0.000598    0.457120 ^ _221_/CLK (gf180mcu_fd_sc_mcu7t5v0__dffrnq_1)
                                  0.250000    0.707119   clock uncertainty
                                  0.000000    0.707119   clock reconvergence pessimism
                                  0.414884    1.122003   library removal time
                                              1.122003   data required time
---------------------------------------------------------------------------------------------
                                              1.122003   data required time
                                             -4.666793   data arrival time
---------------------------------------------------------------------------------------------
                                              3.544790   slack (MET)


Startpoint: rst_n (input port clocked by clk)
Endpoint: _220_ (removal check against rising-edge clock clk)
Path Group: asynchronous
Path Type: min

Fanout         Cap        Slew       Delay        Time   Description
---------------------------------------------------------------------------------------------
                                  0.000000    0.000000   clock clk (rise edge)
                                  0.000000    0.000000   clock network delay (propagated)
                                  3.200000    3.200000 ^ input external delay
     2    0.007028    0.064184    0.018577    3.218577 ^ rst_n (in)
                                                         rst_n (net)
                      0.064184    0.000000    3.218577 ^ input123/I (gf180mcu_fd_sc_mcu7t5v0__dlyb_1)
     7    0.067075    1.125550    1.446863    4.665440 ^ input123/Z (gf180mcu_fd_sc_mcu7t5v0__dlyb_1)
                                                         net123 (net)
                      1.125555    0.001379    4.666820 ^ _220_/RN (gf180mcu_fd_sc_mcu7t5v0__dffrnq_1)
                                              4.666820   data arrival time

                                  0.000000    0.000000   clock clk (rise edge)
                                  0.000000    0.000000   clock source latency
     2    0.030434    0.000000    0.000000    0.000000 ^ clk (in)
                                                         clk (net)
                      0.000630    0.000258    0.000258 ^ clkbuf_0_clk/I (gf180mcu_fd_sc_mcu7t5v0__clkbuf_16)
     2    0.050285    0.115121    0.226657    0.226915 ^ clkbuf_0_clk/Z (gf180mcu_fd_sc_mcu7t5v0__clkbuf_16)
                                                         clknet_0_clk (net)
                      0.115122    0.000703    0.227618 ^ clkbuf_1_0__f_clk/I (gf180mcu_fd_sc_mcu7t5v0__clkbuf_16)
     4    0.021100    0.089446    0.227181    0.454799 ^ clkbuf_1_0__f_clk/Z (gf180mcu_fd_sc_mcu7t5v0__clkbuf_16)
                                                         clknet_1_0__leaf_clk (net)
                      0.089446    0.000522    0.455320 ^ _220_/CLK (gf180mcu_fd_sc_mcu7t5v0__dffrnq_1)
                                  0.250000    0.705320   clock uncertainty
                                  0.000000    0.705320   clock reconvergence pessimism
                                  0.414362    1.119682   library removal time
                                              1.119682   data required time
---------------------------------------------------------------------------------------------
                                              1.119682   data required time
                                             -4.666820   data arrival time
---------------------------------------------------------------------------------------------
                                              3.547138   slack (MET)


Startpoint: rst_n (input port clocked by clk)
Endpoint: _223_ (removal check against rising-edge clock clk)
Path Group: asynchronous
Path Type: min

Fanout         Cap        Slew       Delay        Time   Description
---------------------------------------------------------------------------------------------
                                  0.000000    0.000000   clock clk (rise edge)
                                  0.000000    0.000000   clock network delay (propagated)
                                  3.200000    3.200000 ^ input external delay
     2    0.007028    0.064184    0.018577    3.218577 ^ rst_n (in)
                                                         rst_n (net)
                      0.064184    0.000000    3.218577 ^ input123/I (gf180mcu_fd_sc_mcu7t5v0__dlyb_1)
     7    0.067075    1.125550    1.446863    4.665440 ^ input123/Z (gf180mcu_fd_sc_mcu7t5v0__dlyb_1)
                                                         net123 (net)
                      1.125555    0.001353    4.666793 ^ _223_/RN (gf180mcu_fd_sc_mcu7t5v0__dffrnq_1)
                                              4.666793   data arrival time

                                  0.000000    0.000000   clock clk (rise edge)
                                  0.000000    0.000000   clock source latency
     2    0.030434    0.000000    0.000000    0.000000 ^ clk (in)
                                                         clk (net)
                      0.000630    0.000258    0.000258 ^ clkbuf_0_clk/I (gf180mcu_fd_sc_mcu7t5v0__clkbuf_16)
     2    0.050285    0.115121    0.226657    0.226915 ^ clkbuf_0_clk/Z (gf180mcu_fd_sc_mcu7t5v0__clkbuf_16)
                                                         clknet_0_clk (net)
                      0.115122    0.000703    0.227618 ^ clkbuf_1_0__f_clk/I (gf180mcu_fd_sc_mcu7t5v0__clkbuf_16)
     4    0.021100    0.089446    0.227181    0.454799 ^ clkbuf_1_0__f_clk/Z (gf180mcu_fd_sc_mcu7t5v0__clkbuf_16)
                                                         clknet_1_0__leaf_clk (net)
                      0.089446    0.000480    0.455279 ^ _223_/CLK (gf180mcu_fd_sc_mcu7t5v0__dffrnq_1)
                                  0.250000    0.705279   clock uncertainty
                                  0.000000    0.705279   clock reconvergence pessimism
                                  0.414362    1.119640   library removal time
                                              1.119640   data required time
---------------------------------------------------------------------------------------------
                                              1.119640   data required time
                                             -4.666793   data arrival time
---------------------------------------------------------------------------------------------
                                              3.547153   slack (MET)


Startpoint: rst_n (input port clocked by clk)
Endpoint: _224_ (removal check against rising-edge clock clk)
Path Group: asynchronous
Path Type: min

Fanout         Cap        Slew       Delay        Time   Description
---------------------------------------------------------------------------------------------
                                  0.000000    0.000000   clock clk (rise edge)
                                  0.000000    0.000000   clock network delay (propagated)
                                  3.200000    3.200000 ^ input external delay
     2    0.007028    0.064184    0.018577    3.218577 ^ rst_n (in)
                                                         rst_n (net)
                      0.064184    0.000000    3.218577 ^ input123/I (gf180mcu_fd_sc_mcu7t5v0__dlyb_1)
     7    0.067075    1.125550    1.446863    4.665440 ^ input123/Z (gf180mcu_fd_sc_mcu7t5v0__dlyb_1)
                                                         net123 (net)
                      1.125555    0.001398    4.666838 ^ _224_/RN (gf180mcu_fd_sc_mcu7t5v0__dffrnq_1)
                                              4.666838   data arrival time

                                  0.000000    0.000000   clock clk (rise edge)
                                  0.000000    0.000000   clock source latency
     2    0.030434    0.000000    0.000000    0.000000 ^ clk (in)
                                                         clk (net)
                      0.000630    0.000258    0.000258 ^ clkbuf_0_clk/I (gf180mcu_fd_sc_mcu7t5v0__clkbuf_16)
     2    0.050285    0.115121    0.226657    0.226915 ^ clkbuf_0_clk/Z (gf180mcu_fd_sc_mcu7t5v0__clkbuf_16)
                                                         clknet_0_clk (net)
                      0.115122    0.000703    0.227618 ^ clkbuf_1_0__f_clk/I (gf180mcu_fd_sc_mcu7t5v0__clkbuf_16)
     4    0.021100    0.089446    0.227181    0.454799 ^ clkbuf_1_0__f_clk/Z (gf180mcu_fd_sc_mcu7t5v0__clkbuf_16)
                                                         clknet_1_0__leaf_clk (net)
                      0.089446    0.000512    0.455311 ^ _224_/CLK (gf180mcu_fd_sc_mcu7t5v0__dffrnq_1)
                                  0.250000    0.705311   clock uncertainty
                                  0.000000    0.705311   clock reconvergence pessimism
                                  0.414362    1.119672   library removal time
                                              1.119672   data required time
---------------------------------------------------------------------------------------------
                                              1.119672   data required time
                                             -4.666838   data arrival time
---------------------------------------------------------------------------------------------
                                              3.547166   slack (MET)


Startpoint: rst_n (input port clocked by clk)
Endpoint: _225_ (removal check against rising-edge clock clk)
Path Group: asynchronous
Path Type: min

Fanout         Cap        Slew       Delay        Time   Description
---------------------------------------------------------------------------------------------
                                  0.000000    0.000000   clock clk (rise edge)
                                  0.000000    0.000000   clock network delay (propagated)
                                  3.200000    3.200000 ^ input external delay
     2    0.007028    0.064184    0.018577    3.218577 ^ rst_n (in)
                                                         rst_n (net)
                      0.064184    0.000000    3.218577 ^ input123/I (gf180mcu_fd_sc_mcu7t5v0__dlyb_1)
     7    0.067075    1.125550    1.446863    4.665440 ^ input123/Z (gf180mcu_fd_sc_mcu7t5v0__dlyb_1)
                                                         net123 (net)
                      1.125554    0.001253    4.666693 ^ _225_/RN (gf180mcu_fd_sc_mcu7t5v0__dffrnq_1)
                                              4.666693   data arrival time

                                  0.000000    0.000000   clock clk (rise edge)
                                  0.000000    0.000000   clock source latency
     2    0.030434    0.000000    0.000000    0.000000 ^ clk (in)
                                                         clk (net)
                      0.000630    0.000258    0.000258 ^ clkbuf_0_clk/I (gf180mcu_fd_sc_mcu7t5v0__clkbuf_16)
     2    0.050285    0.115121    0.226657    0.226915 ^ clkbuf_0_clk/Z (gf180mcu_fd_sc_mcu7t5v0__clkbuf_16)
                                                         clknet_0_clk (net)
                      0.115122    0.000703    0.227618 ^ clkbuf_1_0__f_clk/I (gf180mcu_fd_sc_mcu7t5v0__clkbuf_16)
     4    0.021100    0.089446    0.227181    0.454799 ^ clkbuf_1_0__f_clk/Z (gf180mcu_fd_sc_mcu7t5v0__clkbuf_16)
                                                         clknet_1_0__leaf_clk (net)
                      0.089446    0.000352    0.455150 ^ _225_/CLK (gf180mcu_fd_sc_mcu7t5v0__dffrnq_1)
                                  0.250000    0.705150   clock uncertainty
                                  0.000000    0.705150   clock reconvergence pessimism
                                  0.414361    1.119512   library removal time
                                              1.119512   data required time
---------------------------------------------------------------------------------------------
                                              1.119512   data required time
                                             -4.666693   data arrival time
---------------------------------------------------------------------------------------------
                                              3.547182   slack (MET)


Startpoint: _225_ (rising edge-triggered flip-flop clocked by clk)
Endpoint: job_done_o (output port clocked by clk)
Path Group: clk
Path Type: min

Fanout         Cap        Slew       Delay        Time   Description
---------------------------------------------------------------------------------------------
                                  0.000000    0.000000   clock clk (rise edge)
                                  0.000000    0.000000   clock source latency
     2    0.030434    0.000000    0.000000    0.000000 ^ clk (in)
                                                         clk (net)
                      0.000630    0.000258    0.000258 ^ clkbuf_0_clk/I (gf180mcu_fd_sc_mcu7t5v0__clkbuf_16)
     2    0.050285    0.115121    0.226657    0.226915 ^ clkbuf_0_clk/Z (gf180mcu_fd_sc_mcu7t5v0__clkbuf_16)
                                                         clknet_0_clk (net)
                      0.115122    0.000703    0.227618 ^ clkbuf_1_0__f_clk/I (gf180mcu_fd_sc_mcu7t5v0__clkbuf_16)
     4    0.021100    0.089446    0.227181    0.454799 ^ clkbuf_1_0__f_clk/Z (gf180mcu_fd_sc_mcu7t5v0__clkbuf_16)
                                                         clknet_1_0__leaf_clk (net)
                      0.089446    0.000352    0.455150 ^ _225_/CLK (gf180mcu_fd_sc_mcu7t5v0__dffrnq_1)
     1    0.017178    0.217326    0.770371    1.225522 v _225_/Q (gf180mcu_fd_sc_mcu7t5v0__dffrnq_1)
                                                         net134 (net)
                      0.217333    0.000762    1.226284 v output134/I (gf180mcu_fd_sc_mcu7t5v0__dlyb_1)
     1    0.030519    0.437365    1.227857    2.454141 v output134/Z (gf180mcu_fd_sc_mcu7t5v0__dlyb_1)
                                                         job_done_o (net)
                      0.437369    0.000915    2.455056 v job_done_o (out)
                                              2.455056   data arrival time

                                  0.000000    0.000000   clock clk (rise edge)
                                  0.000000    0.000000   clock network delay (propagated)
                                  0.250000    0.250000   clock uncertainty
                                  0.000000    0.250000   clock reconvergence pessimism
                                 -3.200000   -2.950000   output external delay
                                             -2.950000   data required time
---------------------------------------------------------------------------------------------
                                             -2.950000   data required time
                                             -2.455056   data arrival time
---------------------------------------------------------------------------------------------
                                              5.405056   slack (MET)


Startpoint: _224_ (rising edge-triggered flip-flop clocked by clk)
Endpoint: transaction_done_o (output port clocked by clk)
Path Group: clk
Path Type: min

Fanout         Cap        Slew       Delay        Time   Description
---------------------------------------------------------------------------------------------
                                  0.000000    0.000000   clock clk (rise edge)
                                  0.000000    0.000000   clock source latency
     2    0.030434    0.000000    0.000000    0.000000 ^ clk (in)
                                                         clk (net)
                      0.000630    0.000258    0.000258 ^ clkbuf_0_clk/I (gf180mcu_fd_sc_mcu7t5v0__clkbuf_16)
     2    0.050285    0.115121    0.226657    0.226915 ^ clkbuf_0_clk/Z (gf180mcu_fd_sc_mcu7t5v0__clkbuf_16)
                                                         clknet_0_clk (net)
                      0.115122    0.000703    0.227618 ^ clkbuf_1_0__f_clk/I (gf180mcu_fd_sc_mcu7t5v0__clkbuf_16)
     4    0.021100    0.089446    0.227181    0.454799 ^ clkbuf_1_0__f_clk/Z (gf180mcu_fd_sc_mcu7t5v0__clkbuf_16)
                                                         clknet_1_0__leaf_clk (net)
                      0.089446    0.000512    0.455311 ^ _224_/CLK (gf180mcu_fd_sc_mcu7t5v0__dffrnq_1)
     1    0.018926    0.232149    0.782106    1.237417 v _224_/Q (gf180mcu_fd_sc_mcu7t5v0__dffrnq_1)
                                                         net136 (net)
                      0.232156    0.000764    1.238181 v output136/I (gf180mcu_fd_sc_mcu7t5v0__dlyb_1)
     1    0.033065    0.459221    1.252196    2.490377 v output136/Z (gf180mcu_fd_sc_mcu7t5v0__dlyb_1)
                                                         transaction_done_o (net)
                      0.459226    0.001064    2.491441 v transaction_done_o (out)
                                              2.491441   data arrival time

                                  0.000000    0.000000   clock clk (rise edge)
                                  0.000000    0.000000   clock network delay (propagated)
                                  0.250000    0.250000   clock uncertainty
                                  0.000000    0.250000   clock reconvergence pessimism
                                 -3.200000   -2.950000   output external delay
                                             -2.950000   data required time
---------------------------------------------------------------------------------------------
                                             -2.950000   data required time
                                             -2.491441   data arrival time
---------------------------------------------------------------------------------------------
                                              5.441441   slack (MET)


Startpoint: _223_ (rising edge-triggered flip-flop clocked by clk)
Endpoint: busy_o (output port clocked by clk)
Path Group: clk
Path Type: min

Fanout         Cap        Slew       Delay        Time   Description
---------------------------------------------------------------------------------------------
                                  0.000000    0.000000   clock clk (rise edge)
                                  0.000000    0.000000   clock source latency
     2    0.030434    0.000000    0.000000    0.000000 ^ clk (in)
                                                         clk (net)
                      0.000630    0.000258    0.000258 ^ clkbuf_0_clk/I (gf180mcu_fd_sc_mcu7t5v0__clkbuf_16)
     2    0.050285    0.115121    0.226657    0.226915 ^ clkbuf_0_clk/Z (gf180mcu_fd_sc_mcu7t5v0__clkbuf_16)
                                                         clknet_0_clk (net)
                      0.115122    0.000703    0.227618 ^ clkbuf_1_0__f_clk/I (gf180mcu_fd_sc_mcu7t5v0__clkbuf_16)
     4    0.021100    0.089446    0.227181    0.454799 ^ clkbuf_1_0__f_clk/Z (gf180mcu_fd_sc_mcu7t5v0__clkbuf_16)
                                                         clknet_1_0__leaf_clk (net)
                      0.089446    0.000480    0.455279 ^ _223_/CLK (gf180mcu_fd_sc_mcu7t5v0__dffrnq_1)
     7    0.039183    0.412150    0.905208    1.360487 v _223_/Q (gf180mcu_fd_sc_mcu7t5v0__dffrnq_1)
                                                         net124 (net)
                      0.412152    0.000618    1.361105 v output124/I (gf180mcu_fd_sc_mcu7t5v0__dlyb_1)
     1    0.021298    0.359963    1.228407    2.589511 v output124/Z (gf180mcu_fd_sc_mcu7t5v0__dlyb_1)
                                                         busy_o (net)
                      0.359963    0.000372    2.589884 v busy_o (out)
                                              2.589884   data arrival time

                                  0.000000    0.000000   clock clk (rise edge)
                                  0.000000    0.000000   clock network delay (propagated)
                                  0.250000    0.250000   clock uncertainty
                                  0.000000    0.250000   clock reconvergence pessimism
                                 -3.200000   -2.950000   output external delay
                                             -2.950000   data required time
---------------------------------------------------------------------------------------------
                                             -2.950000   data required time
                                             -2.589884   data arrival time
---------------------------------------------------------------------------------------------
                                              5.539884   slack (MET)


Startpoint: _223_ (rising edge-triggered flip-flop clocked by clk)
Endpoint: dout_valid_o (output port clocked by clk)
Path Group: clk
Path Type: min

Fanout         Cap        Slew       Delay        Time   Description
---------------------------------------------------------------------------------------------
                                  0.000000    0.000000   clock clk (rise edge)
                                  0.000000    0.000000   clock source latency
     2    0.030434    0.000000    0.000000    0.000000 ^ clk (in)
                                                         clk (net)
                      0.000630    0.000258    0.000258 ^ clkbuf_0_clk/I (gf180mcu_fd_sc_mcu7t5v0__clkbuf_16)
     2    0.050285    0.115121    0.226657    0.226915 ^ clkbuf_0_clk/Z (gf180mcu_fd_sc_mcu7t5v0__clkbuf_16)
                                                         clknet_0_clk (net)
                      0.115122    0.000703    0.227618 ^ clkbuf_1_0__f_clk/I (gf180mcu_fd_sc_mcu7t5v0__clkbuf_16)
     4    0.021100    0.089446    0.227181    0.454799 ^ clkbuf_1_0__f_clk/Z (gf180mcu_fd_sc_mcu7t5v0__clkbuf_16)
                                                         clknet_1_0__leaf_clk (net)
                      0.089446    0.000480    0.455279 ^ _223_/CLK (gf180mcu_fd_sc_mcu7t5v0__dffrnq_1)
     7    0.039183    0.412150    0.905208    1.360487 v _223_/Q (gf180mcu_fd_sc_mcu7t5v0__dffrnq_1)
                                                         net124 (net)
                      0.412159    0.001257    1.361744 v _226_/I (gf180mcu_fd_sc_mcu7t5v0__buf_1)
     1    0.004422    0.117185    0.335452    1.697196 v _226_/Z (gf180mcu_fd_sc_mcu7t5v0__buf_1)
                                                         net133 (net)
                      0.117185    0.000050    1.697246 v output133/I (gf180mcu_fd_sc_mcu7t5v0__dlyb_1)
     1    0.020795    0.356032    1.121422    2.818668 v output133/Z (gf180mcu_fd_sc_mcu7t5v0__dlyb_1)
                                                         dout_valid_o (net)
                      0.356032    0.000136    2.818804 v dout_valid_o (out)
                                              2.818804   data arrival time

                                  0.000000    0.000000   clock clk (rise edge)
                                  0.000000    0.000000   clock network delay (propagated)
                                  0.250000    0.250000   clock uncertainty
                                  0.000000    0.250000   clock reconvergence pessimism
                                 -3.200000   -2.950000   output external delay
                                             -2.950000   data required time
---------------------------------------------------------------------------------------------
                                             -2.950000   data required time
                                             -2.818804   data arrival time
---------------------------------------------------------------------------------------------
                                              5.768804   slack (MET)


Startpoint: _223_ (rising edge-triggered flip-flop clocked by clk)
Endpoint: result_ready_o (output port clocked by clk)
Path Group: clk
Path Type: min

Fanout         Cap        Slew       Delay        Time   Description
---------------------------------------------------------------------------------------------
                                  0.000000    0.000000   clock clk (rise edge)
                                  0.000000    0.000000   clock source latency
     2    0.030434    0.000000    0.000000    0.000000 ^ clk (in)
                                                         clk (net)
                      0.000630    0.000258    0.000258 ^ clkbuf_0_clk/I (gf180mcu_fd_sc_mcu7t5v0__clkbuf_16)
     2    0.050285    0.115121    0.226657    0.226915 ^ clkbuf_0_clk/Z (gf180mcu_fd_sc_mcu7t5v0__clkbuf_16)
                                                         clknet_0_clk (net)
                      0.115122    0.000703    0.227618 ^ clkbuf_1_0__f_clk/I (gf180mcu_fd_sc_mcu7t5v0__clkbuf_16)
     4    0.021100    0.089446    0.227181    0.454799 ^ clkbuf_1_0__f_clk/Z (gf180mcu_fd_sc_mcu7t5v0__clkbuf_16)
                                                         clknet_1_0__leaf_clk (net)
                      0.089446    0.000480    0.455279 ^ _223_/CLK (gf180mcu_fd_sc_mcu7t5v0__dffrnq_1)
     7    0.039183    0.412150    0.905208    1.360487 v _223_/Q (gf180mcu_fd_sc_mcu7t5v0__dffrnq_1)
                                                         net124 (net)
                      0.412159    0.001244    1.361731 v _109_/I (gf180mcu_fd_sc_mcu7t5v0__clkinv_1)
     1    0.005267    0.193347    0.176117    1.537849 ^ _109_/ZN (gf180mcu_fd_sc_mcu7t5v0__clkinv_1)
                                                         _011_ (net)
                      0.193347    0.000055    1.537903 ^ _114_/A1 (gf180mcu_fd_sc_mcu7t5v0__nor2_1)
     4    0.019147    0.302195    0.240835    1.778738 v _114_/ZN (gf180mcu_fd_sc_mcu7t5v0__nor2_1)
                                                         _002_ (net)
                      0.302195    0.000186    1.778925 v _117_/A2 (gf180mcu_fd_sc_mcu7t5v0__and2_1)
     1    0.005550    0.122315    0.327349    2.106274 v _117_/Z (gf180mcu_fd_sc_mcu7t5v0__and2_1)
                                                         net135 (net)
                      0.122315    0.000113    2.106387 v output135/I (gf180mcu_fd_sc_mcu7t5v0__dlyb_1)
     1    0.021192    0.359317    1.125766    3.232152 v output135/Z (gf180mcu_fd_sc_mcu7t5v0__dlyb_1)
                                                         result_ready_o (net)
                      0.359317    0.000368    3.232520 v result_ready_o (out)
                                              3.232520   data arrival time

                                  0.000000    0.000000   clock clk (rise edge)
                                  0.000000    0.000000   clock network delay (propagated)
                                  0.250000    0.250000   clock uncertainty
                                  0.000000    0.250000   clock reconvergence pessimism
                                 -3.200000   -2.950000   output external delay
                                             -2.950000   data required time
---------------------------------------------------------------------------------------------
                                             -2.950000   data required time
                                             -3.232520   data arrival time
---------------------------------------------------------------------------------------------
                                              6.182520   slack (MET)


Startpoint: _220_ (rising edge-triggered flip-flop clocked by clk)
Endpoint: dout_o[4] (output port clocked by clk)
Path Group: clk
Path Type: min

Fanout         Cap        Slew       Delay        Time   Description
---------------------------------------------------------------------------------------------
                                  0.000000    0.000000   clock clk (rise edge)
                                  0.000000    0.000000   clock source latency
     2    0.030434    0.000000    0.000000    0.000000 ^ clk (in)
                                                         clk (net)
                      0.000630    0.000258    0.000258 ^ clkbuf_0_clk/I (gf180mcu_fd_sc_mcu7t5v0__clkbuf_16)
     2    0.050285    0.115121    0.226657    0.226915 ^ clkbuf_0_clk/Z (gf180mcu_fd_sc_mcu7t5v0__clkbuf_16)
                                                         clknet_0_clk (net)
                      0.115122    0.000703    0.227618 ^ clkbuf_1_0__f_clk/I (gf180mcu_fd_sc_mcu7t5v0__clkbuf_16)
     4    0.021100    0.089446    0.227181    0.454799 ^ clkbuf_1_0__f_clk/Z (gf180mcu_fd_sc_mcu7t5v0__clkbuf_16)
                                                         clknet_1_0__leaf_clk (net)
                      0.089446    0.000522    0.455320 ^ _220_/CLK (gf180mcu_fd_sc_mcu7t5v0__dffrnq_1)
     4    0.024920    0.284839    0.819240    1.274560 v _220_/Q (gf180mcu_fd_sc_mcu7t5v0__dffrnq_1)
                                                         byte_index[1] (net)
                      0.284840    0.000427    1.274987 v _131_/A2 (gf180mcu_fd_sc_mcu7t5v0__nor3_1)
     4    0.037597    1.796949    1.107330    2.382317 ^ _131_/ZN (gf180mcu_fd_sc_mcu7t5v0__nor3_1)
                                                         _029_ (net)
                      1.796949    0.001300    2.383617 ^ _173_/A2 (gf180mcu_fd_sc_mcu7t5v0__aoi22_1)
     1    0.005572    0.157123    0.056244    2.439862 v _173_/ZN (gf180mcu_fd_sc_mcu7t5v0__aoi22_1)
                                                         _067_ (net)
                      0.157123    0.000111    2.439973 v _180_/A2 (gf180mcu_fd_sc_mcu7t5v0__nand4_1)
     1    0.006041    0.265351    0.232210    2.672184 ^ _180_/ZN (gf180mcu_fd_sc_mcu7t5v0__nand4_1)
                                                         net129 (net)
                      0.265351    0.000130    2.672314 ^ output129/I (gf180mcu_fd_sc_mcu7t5v0__dlyb_1)
     1    0.029119    0.527050    1.123792    3.796106 ^ output129/Z (gf180mcu_fd_sc_mcu7t5v0__dlyb_1)
                                                         dout_o[4] (net)
                      0.527050    0.000833    3.796939 ^ dout_o[4] (out)
                                              3.796939   data arrival time

                                  0.000000    0.000000   clock clk (rise edge)
                                  0.000000    0.000000   clock network delay (propagated)
                                  0.250000    0.250000   clock uncertainty
                                  0.000000    0.250000   clock reconvergence pessimism
                                 -3.200000   -2.950000   output external delay
                                             -2.950000   data required time
---------------------------------------------------------------------------------------------
                                             -2.950000   data required time
                                             -3.796939   data arrival time
---------------------------------------------------------------------------------------------
                                              6.746939   slack (MET)


Startpoint: _220_ (rising edge-triggered flip-flop clocked by clk)
Endpoint: dout_o[5] (output port clocked by clk)
Path Group: clk
Path Type: min

Fanout         Cap        Slew       Delay        Time   Description
---------------------------------------------------------------------------------------------
                                  0.000000    0.000000   clock clk (rise edge)
                                  0.000000    0.000000   clock source latency
     2    0.030434    0.000000    0.000000    0.000000 ^ clk (in)
                                                         clk (net)
                      0.000630    0.000258    0.000258 ^ clkbuf_0_clk/I (gf180mcu_fd_sc_mcu7t5v0__clkbuf_16)
     2    0.050285    0.115121    0.226657    0.226915 ^ clkbuf_0_clk/Z (gf180mcu_fd_sc_mcu7t5v0__clkbuf_16)
                                                         clknet_0_clk (net)
                      0.115122    0.000703    0.227618 ^ clkbuf_1_0__f_clk/I (gf180mcu_fd_sc_mcu7t5v0__clkbuf_16)
     4    0.021100    0.089446    0.227181    0.454799 ^ clkbuf_1_0__f_clk/Z (gf180mcu_fd_sc_mcu7t5v0__clkbuf_16)
                                                         clknet_1_0__leaf_clk (net)
                      0.089446    0.000522    0.455320 ^ _220_/CLK (gf180mcu_fd_sc_mcu7t5v0__dffrnq_1)
     4    0.024920    0.284839    0.819240    1.274560 v _220_/Q (gf180mcu_fd_sc_mcu7t5v0__dffrnq_1)
                                                         byte_index[1] (net)
                      0.284840    0.000427    1.274987 v _131_/A2 (gf180mcu_fd_sc_mcu7t5v0__nor3_1)
     4    0.037597    1.796949    1.107330    2.382317 ^ _131_/ZN (gf180mcu_fd_sc_mcu7t5v0__nor3_1)
                                                         _029_ (net)
                      1.796949    0.001052    2.383369 ^ _182_/A2 (gf180mcu_fd_sc_mcu7t5v0__aoi22_1)
     1    0.008543    0.218066    0.107797    2.491166 v _182_/ZN (gf180mcu_fd_sc_mcu7t5v0__aoi22_1)
                                                         _075_ (net)
                      0.218066    0.000204    2.491370 v _189_/A2 (gf180mcu_fd_sc_mcu7t5v0__nand4_1)
     1    0.008358    0.309997    0.281474    2.772844 ^ _189_/ZN (gf180mcu_fd_sc_mcu7t5v0__nand4_1)
                                                         net130 (net)
                      0.309997    0.000209    2.773054 ^ output130/I (gf180mcu_fd_sc_mcu7t5v0__dlyb_1)
     1    0.029523    0.533408    1.132300    3.905354 ^ output130/Z (gf180mcu_fd_sc_mcu7t5v0__dlyb_1)
                                                         dout_o[5] (net)
                      0.533408    0.000919    3.906273 ^ dout_o[5] (out)
                                              3.906273   data arrival time

                                  0.000000    0.000000   clock clk (rise edge)
                                  0.000000    0.000000   clock network delay (propagated)
                                  0.250000    0.250000   clock uncertainty
                                  0.000000    0.250000   clock reconvergence pessimism
                                 -3.200000   -2.950000   output external delay
                                             -2.950000   data required time
---------------------------------------------------------------------------------------------
                                             -2.950000   data required time
                                             -3.906273   data arrival time
---------------------------------------------------------------------------------------------
                                              6.856273   slack (MET)


Startpoint: _220_ (rising edge-triggered flip-flop clocked by clk)
Endpoint: dout_o[7] (output port clocked by clk)
Path Group: clk
Path Type: min

Fanout         Cap        Slew       Delay        Time   Description
---------------------------------------------------------------------------------------------
                                  0.000000    0.000000   clock clk (rise edge)
                                  0.000000    0.000000   clock source latency
     2    0.030434    0.000000    0.000000    0.000000 ^ clk (in)
                                                         clk (net)
                      0.000630    0.000258    0.000258 ^ clkbuf_0_clk/I (gf180mcu_fd_sc_mcu7t5v0__clkbuf_16)
     2    0.050285    0.115121    0.226657    0.226915 ^ clkbuf_0_clk/Z (gf180mcu_fd_sc_mcu7t5v0__clkbuf_16)
                                                         clknet_0_clk (net)
                      0.115122    0.000703    0.227618 ^ clkbuf_1_0__f_clk/I (gf180mcu_fd_sc_mcu7t5v0__clkbuf_16)
     4    0.021100    0.089446    0.227181    0.454799 ^ clkbuf_1_0__f_clk/Z (gf180mcu_fd_sc_mcu7t5v0__clkbuf_16)
                                                         clknet_1_0__leaf_clk (net)
                      0.089446    0.000522    0.455320 ^ _220_/CLK (gf180mcu_fd_sc_mcu7t5v0__dffrnq_1)
     4    0.024920    0.284839    0.819240    1.274560 v _220_/Q (gf180mcu_fd_sc_mcu7t5v0__dffrnq_1)
                                                         byte_index[1] (net)
                      0.284840    0.000427    1.274987 v _131_/A2 (gf180mcu_fd_sc_mcu7t5v0__nor3_1)
     4    0.037597    1.796949    1.107330    2.382317 ^ _131_/ZN (gf180mcu_fd_sc_mcu7t5v0__nor3_1)
                                                         _029_ (net)
                      1.796949    0.001151    2.383468 ^ _203_/A2 (gf180mcu_fd_sc_mcu7t5v0__aoi22_1)
     1    0.004320    0.168234    0.030591    2.414059 v _203_/ZN (gf180mcu_fd_sc_mcu7t5v0__aoi22_1)
                                                         _094_ (net)
                      0.168234    0.000047    2.414106 v _204_/A4 (gf180mcu_fd_sc_mcu7t5v0__and4_1)
     1    0.011884    0.190766    0.421875    2.835981 v _204_/Z (gf180mcu_fd_sc_mcu7t5v0__and4_1)
                                                         _095_ (net)
                      0.190766    0.000331    2.836312 v _206_/A2 (gf180mcu_fd_sc_mcu7t5v0__nand3_1)
     1    0.009986    0.291494    0.256336    3.092648 ^ _206_/ZN (gf180mcu_fd_sc_mcu7t5v0__nand3_1)
                                                         net132 (net)
                      0.291494    0.000421    3.093070 ^ output132/I (gf180mcu_fd_sc_mcu7t5v0__dlyb_1)
     1    0.031786    0.568143    1.150890    4.243959 ^ output132/Z (gf180mcu_fd_sc_mcu7t5v0__dlyb_1)
                                                         dout_o[7] (net)
                      0.568149    0.001235    4.245194 ^ dout_o[7] (out)
                                              4.245194   data arrival time

                                  0.000000    0.000000   clock clk (rise edge)
                                  0.000000    0.000000   clock network delay (propagated)
                                  0.250000    0.250000   clock uncertainty
                                  0.000000    0.250000   clock reconvergence pessimism
                                 -3.200000   -2.950000   output external delay
                                             -2.950000   data required time
---------------------------------------------------------------------------------------------
                                             -2.950000   data required time
                                             -4.245194   data arrival time
---------------------------------------------------------------------------------------------
                                              7.195194   slack (MET)


Startpoint: _221_ (rising edge-triggered flip-flop clocked by clk)
Endpoint: dout_o[2] (output port clocked by clk)
Path Group: clk
Path Type: min

Fanout         Cap        Slew       Delay        Time   Description
---------------------------------------------------------------------------------------------
                                  0.000000    0.000000   clock clk (rise edge)
                                  0.000000    0.000000   clock source latency
     2    0.030434    0.000000    0.000000    0.000000 ^ clk (in)
                                                         clk (net)
                      0.000630    0.000258    0.000258 ^ clkbuf_0_clk/I (gf180mcu_fd_sc_mcu7t5v0__clkbuf_16)
     2    0.050285    0.115121    0.226657    0.226915 ^ clkbuf_0_clk/Z (gf180mcu_fd_sc_mcu7t5v0__clkbuf_16)
                                                         clknet_0_clk (net)
                      0.115121    0.000278    0.227193 ^ clkbuf_1_1__f_clk/I (gf180mcu_fd_sc_mcu7t5v0__clkbuf_16)
     4    0.023696    0.091818    0.229329    0.456521 ^ clkbuf_1_1__f_clk/Z (gf180mcu_fd_sc_mcu7t5v0__clkbuf_16)
                                                         clknet_1_1__leaf_clk (net)
                      0.091818    0.000598    0.457120 ^ _221_/CLK (gf180mcu_fd_sc_mcu7t5v0__dffrnq_1)
    12    0.080695    0.804433    1.149495    1.606615 v _221_/Q (gf180mcu_fd_sc_mcu7t5v0__dffrnq_1)
                                                         byte_index[2] (net)
                      0.804443    0.001637    1.608252 v _130_/A4 (gf180mcu_fd_sc_mcu7t5v0__nor4_2)
     2    0.039754    1.431826    1.010397    2.618649 ^ _130_/ZN (gf180mcu_fd_sc_mcu7t5v0__nor4_2)
                                                         _028_ (net)
                      1.431826    0.000531    2.619180 ^ max_cap153/I (gf180mcu_fd_sc_mcu7t5v0__buf_2)
     4    0.039097    0.360036    0.401239    3.020419 ^ max_cap153/Z (gf180mcu_fd_sc_mcu7t5v0__buf_2)
                                                         net153 (net)
                      0.360037    0.000635    3.021054 ^ _154_/A2 (gf180mcu_fd_sc_mcu7t5v0__aoi22_1)
     1    0.011696    0.252320    0.195362    3.216416 v _154_/ZN (gf180mcu_fd_sc_mcu7t5v0__aoi22_1)
                                                         _050_ (net)
                      0.252320    0.000341    3.216757 v _162_/A1 (gf180mcu_fd_sc_mcu7t5v0__nand4_1)
     1    0.007607    0.297589    0.254413    3.471170 ^ _162_/ZN (gf180mcu_fd_sc_mcu7t5v0__nand4_1)
                                                         net127 (net)
                      0.297589    0.000187    3.471358 ^ output127/I (gf180mcu_fd_sc_mcu7t5v0__dlyb_1)
     1    0.023031    0.433398    1.071653    4.543011 ^ output127/Z (gf180mcu_fd_sc_mcu7t5v0__dlyb_1)
                                                         dout_o[2] (net)
                      0.433398    0.000275    4.543286 ^ dout_o[2] (out)
                                              4.543286   data arrival time

                                  0.000000    0.000000   clock clk (rise edge)
                                  0.000000    0.000000   clock network delay (propagated)
                                  0.250000    0.250000   clock uncertainty
                                  0.000000    0.250000   clock reconvergence pessimism
                                 -3.200000   -2.950000   output external delay
                                             -2.950000   data required time
---------------------------------------------------------------------------------------------
                                             -2.950000   data required time
                                             -4.543286   data arrival time
---------------------------------------------------------------------------------------------
                                              7.493286   slack (MET)


Startpoint: _220_ (rising edge-triggered flip-flop clocked by clk)
Endpoint: dout_o[1] (output port clocked by clk)
Path Group: clk
Path Type: min

Fanout         Cap        Slew       Delay        Time   Description
---------------------------------------------------------------------------------------------
                                  0.000000    0.000000   clock clk (rise edge)
                                  0.000000    0.000000   clock source latency
     2    0.030434    0.000000    0.000000    0.000000 ^ clk (in)
                                                         clk (net)
                      0.000630    0.000258    0.000258 ^ clkbuf_0_clk/I (gf180mcu_fd_sc_mcu7t5v0__clkbuf_16)
     2    0.050285    0.115121    0.226657    0.226915 ^ clkbuf_0_clk/Z (gf180mcu_fd_sc_mcu7t5v0__clkbuf_16)
                                                         clknet_0_clk (net)
                      0.115122    0.000703    0.227618 ^ clkbuf_1_0__f_clk/I (gf180mcu_fd_sc_mcu7t5v0__clkbuf_16)
     4    0.021100    0.089446    0.227181    0.454799 ^ clkbuf_1_0__f_clk/Z (gf180mcu_fd_sc_mcu7t5v0__clkbuf_16)
                                                         clknet_1_0__leaf_clk (net)
                      0.089446    0.000522    0.455320 ^ _220_/CLK (gf180mcu_fd_sc_mcu7t5v0__dffrnq_1)
     4    0.024920    0.470817    1.073946    1.529266 ^ _220_/Q (gf180mcu_fd_sc_mcu7t5v0__dffrnq_1)
                                                         byte_index[1] (net)
                      0.470817    0.000427    1.529692 ^ _131_/A2 (gf180mcu_fd_sc_mcu7t5v0__nor3_1)
     4    0.037597    0.698528    0.545911    2.075603 v _131_/ZN (gf180mcu_fd_sc_mcu7t5v0__nor3_1)
                                                         _029_ (net)
                      0.698528    0.000513    2.076116 v max_cap150/I (gf180mcu_fd_sc_mcu7t5v0__buf_2)
     1    0.071200    0.373380    0.572815    2.648931 v max_cap150/Z (gf180mcu_fd_sc_mcu7t5v0__buf_2)
                                                         net150 (net)
                      0.374242    0.010160    2.659090 v wire149/I (gf180mcu_fd_sc_mcu7t5v0__buf_4)
     5    0.102284    0.273755    0.408684    3.067774 v wire149/Z (gf180mcu_fd_sc_mcu7t5v0__buf_4)
                                                         net149 (net)
                      0.275863    0.013575    3.081349 v _146_/A2 (gf180mcu_fd_sc_mcu7t5v0__aoi22_1)
     1    0.007187    0.267501    0.256530    3.337880 ^ _146_/ZN (gf180mcu_fd_sc_mcu7t5v0__aoi22_1)
                                                         _043_ (net)
                      0.267501    0.000155    3.338035 ^ _153_/A2 (gf180mcu_fd_sc_mcu7t5v0__nand4_1)
     1    0.004319    0.251917    0.192759    3.530794 v _153_/ZN (gf180mcu_fd_sc_mcu7t5v0__nand4_1)
                                                         net126 (net)
                      0.251917    0.000083    3.530877 v output126/I (gf180mcu_fd_sc_mcu7t5v0__dlyb_1)
     1    0.026027    0.399591    1.206511    4.737388 v output126/Z (gf180mcu_fd_sc_mcu7t5v0__dlyb_1)
                                                         dout_o[1] (net)
                      0.399591    0.000641    4.738029 v dout_o[1] (out)
                                              4.738029   data arrival time

                                  0.000000    0.000000   clock clk (rise edge)
                                  0.000000    0.000000   clock network delay (propagated)
                                  0.250000    0.250000   clock uncertainty
                                  0.000000    0.250000   clock reconvergence pessimism
                                 -3.200000   -2.950000   output external delay
                                             -2.950000   data required time
---------------------------------------------------------------------------------------------
                                             -2.950000   data required time
                                             -4.738029   data arrival time
---------------------------------------------------------------------------------------------
                                              7.688028   slack (MET)


Startpoint: _220_ (rising edge-triggered flip-flop clocked by clk)
Endpoint: dout_o[0] (output port clocked by clk)
Path Group: clk
Path Type: min

Fanout         Cap        Slew       Delay        Time   Description
---------------------------------------------------------------------------------------------
                                  0.000000    0.000000   clock clk (rise edge)
                                  0.000000    0.000000   clock source latency
     2    0.030434    0.000000    0.000000    0.000000 ^ clk (in)
                                                         clk (net)
                      0.000630    0.000258    0.000258 ^ clkbuf_0_clk/I (gf180mcu_fd_sc_mcu7t5v0__clkbuf_16)
     2    0.050285    0.115121    0.226657    0.226915 ^ clkbuf_0_clk/Z (gf180mcu_fd_sc_mcu7t5v0__clkbuf_16)
                                                         clknet_0_clk (net)
                      0.115122    0.000703    0.227618 ^ clkbuf_1_0__f_clk/I (gf180mcu_fd_sc_mcu7t5v0__clkbuf_16)
     4    0.021100    0.089446    0.227181    0.454799 ^ clkbuf_1_0__f_clk/Z (gf180mcu_fd_sc_mcu7t5v0__clkbuf_16)
                                                         clknet_1_0__leaf_clk (net)
                      0.089446    0.000522    0.455320 ^ _220_/CLK (gf180mcu_fd_sc_mcu7t5v0__dffrnq_1)
     4    0.024920    0.470817    1.073946    1.529266 ^ _220_/Q (gf180mcu_fd_sc_mcu7t5v0__dffrnq_1)
                                                         byte_index[1] (net)
                      0.470817    0.000427    1.529692 ^ _131_/A2 (gf180mcu_fd_sc_mcu7t5v0__nor3_1)
     4    0.037597    0.698528    0.545911    2.075603 v _131_/ZN (gf180mcu_fd_sc_mcu7t5v0__nor3_1)
                                                         _029_ (net)
                      0.698528    0.000513    2.076116 v max_cap150/I (gf180mcu_fd_sc_mcu7t5v0__buf_2)
     1    0.071200    0.373380    0.572815    2.648931 v max_cap150/Z (gf180mcu_fd_sc_mcu7t5v0__buf_2)
                                                         net150 (net)
                      0.374242    0.010160    2.659090 v wire149/I (gf180mcu_fd_sc_mcu7t5v0__buf_4)
     5    0.102284    0.273755    0.408684    3.067774 v wire149/Z (gf180mcu_fd_sc_mcu7t5v0__buf_4)
                                                         net149 (net)
                      0.275845    0.013511    3.081285 v _137_/A2 (gf180mcu_fd_sc_mcu7t5v0__aoi22_1)
     1    0.007236    0.266719    0.257142    3.338426 ^ _137_/ZN (gf180mcu_fd_sc_mcu7t5v0__aoi22_1)
                                                         _035_ (net)
                      0.266719    0.000159    3.338585 ^ _144_/A2 (gf180mcu_fd_sc_mcu7t5v0__nand4_1)
     1    0.008447    0.351811    0.253335    3.591920 v _144_/ZN (gf180mcu_fd_sc_mcu7t5v0__nand4_1)
                                                         net125 (net)
                      0.351811    0.000284    3.592204 v output125/I (gf180mcu_fd_sc_mcu7t5v0__dlyb_1)
     1    0.021839    0.364526    1.210750    4.802953 v output125/Z (gf180mcu_fd_sc_mcu7t5v0__dlyb_1)
                                                         dout_o[0] (net)
                      0.364526    0.000187    4.803140 v dout_o[0] (out)
                                              4.803140   data arrival time

                                  0.000000    0.000000   clock clk (rise edge)
                                  0.000000    0.000000   clock network delay (propagated)
                                  0.250000    0.250000   clock uncertainty
                                  0.000000    0.250000   clock reconvergence pessimism
                                 -3.200000   -2.950000   output external delay
                                             -2.950000   data required time
---------------------------------------------------------------------------------------------
                                             -2.950000   data required time
                                             -4.803140   data arrival time
---------------------------------------------------------------------------------------------
                                              7.753140   slack (MET)


Startpoint: _219_ (rising edge-triggered flip-flop clocked by clk)
Endpoint: dout_o[6] (output port clocked by clk)
Path Group: clk
Path Type: min

Fanout         Cap        Slew       Delay        Time   Description
---------------------------------------------------------------------------------------------
                                  0.000000    0.000000   clock clk (rise edge)
                                  0.000000    0.000000   clock source latency
     2    0.030434    0.000000    0.000000    0.000000 ^ clk (in)
                                                         clk (net)
                      0.000630    0.000258    0.000258 ^ clkbuf_0_clk/I (gf180mcu_fd_sc_mcu7t5v0__clkbuf_16)
     2    0.050285    0.115121    0.226657    0.226915 ^ clkbuf_0_clk/Z (gf180mcu_fd_sc_mcu7t5v0__clkbuf_16)
                                                         clknet_0_clk (net)
                      0.115121    0.000278    0.227193 ^ clkbuf_1_1__f_clk/I (gf180mcu_fd_sc_mcu7t5v0__clkbuf_16)
     4    0.023696    0.091818    0.229329    0.456521 ^ clkbuf_1_1__f_clk/Z (gf180mcu_fd_sc_mcu7t5v0__clkbuf_16)
                                                         clknet_1_1__leaf_clk (net)
                      0.091818    0.000514    0.457035 ^ _219_/CLK (gf180mcu_fd_sc_mcu7t5v0__dffrnq_1)
    11    0.095904    0.951295    1.239563    1.696599 v _219_/Q (gf180mcu_fd_sc_mcu7t5v0__dffrnq_1)
                                                         byte_index[0] (net)
                      0.951312    0.002352    1.698951 v _134_/A1 (gf180mcu_fd_sc_mcu7t5v0__nor3_2)
     4    0.040772    1.081735    0.858506    2.557457 ^ _134_/ZN (gf180mcu_fd_sc_mcu7t5v0__nor3_2)
                                                         _032_ (net)
                      1.081735    0.000113    2.557570 ^ max_cap143/I (gf180mcu_fd_sc_mcu7t5v0__buf_2)
     1    0.093328    0.780064    0.639649    3.197218 ^ max_cap143/Z (gf180mcu_fd_sc_mcu7t5v0__buf_2)
                                                         net143 (net)
                      0.780807    0.013481    3.210699 ^ wire142/I (gf180mcu_fd_sc_mcu7t5v0__buf_4)
     5    0.096841    0.419679    0.409185    3.619884 ^ wire142/Z (gf180mcu_fd_sc_mcu7t5v0__buf_4)
                                                         net142 (net)
                      0.421193    0.014217    3.634102 ^ _191_/B1 (gf180mcu_fd_sc_mcu7t5v0__aoi22_1)
     1    0.006569    0.165576    0.213764    3.847866 v _191_/ZN (gf180mcu_fd_sc_mcu7t5v0__aoi22_1)
                                                         _083_ (net)
                      0.165576    0.000144    3.848010 v _198_/A2 (gf180mcu_fd_sc_mcu7t5v0__nand4_1)
     1    0.007059    0.285833    0.248475    4.096486 ^ _198_/ZN (gf180mcu_fd_sc_mcu7t5v0__nand4_1)
                                                         net131 (net)
                      0.285833    0.000172    4.096658 ^ output131/I (gf180mcu_fd_sc_mcu7t5v0__dlyb_1)
     1    0.027601    0.503747    1.112141    5.208799 ^ output131/Z (gf180mcu_fd_sc_mcu7t5v0__dlyb_1)
                                                         dout_o[6] (net)
                      0.503747    0.000692    5.209491 ^ dout_o[6] (out)
                                              5.209491   data arrival time

                                  0.000000    0.000000   clock clk (rise edge)
                                  0.000000    0.000000   clock network delay (propagated)
                                  0.250000    0.250000   clock uncertainty
                                  0.000000    0.250000   clock reconvergence pessimism
                                 -3.200000   -2.950000   output external delay
                                             -2.950000   data required time
---------------------------------------------------------------------------------------------
                                             -2.950000   data required time
                                             -5.209491   data arrival time
---------------------------------------------------------------------------------------------
                                              8.159492   slack (MET)


Startpoint: _219_ (rising edge-triggered flip-flop clocked by clk)
Endpoint: dout_o[3] (output port clocked by clk)
Path Group: clk
Path Type: min

Fanout         Cap        Slew       Delay        Time   Description
---------------------------------------------------------------------------------------------
                                  0.000000    0.000000   clock clk (rise edge)
                                  0.000000    0.000000   clock source latency
     2    0.030434    0.000000    0.000000    0.000000 ^ clk (in)
                                                         clk (net)
                      0.000630    0.000258    0.000258 ^ clkbuf_0_clk/I (gf180mcu_fd_sc_mcu7t5v0__clkbuf_16)
     2    0.050285    0.115121    0.226657    0.226915 ^ clkbuf_0_clk/Z (gf180mcu_fd_sc_mcu7t5v0__clkbuf_16)
                                                         clknet_0_clk (net)
                      0.115121    0.000278    0.227193 ^ clkbuf_1_1__f_clk/I (gf180mcu_fd_sc_mcu7t5v0__clkbuf_16)
     4    0.023696    0.091818    0.229329    0.456521 ^ clkbuf_1_1__f_clk/Z (gf180mcu_fd_sc_mcu7t5v0__clkbuf_16)
                                                         clknet_1_1__leaf_clk (net)
                      0.091818    0.000514    0.457035 ^ _219_/CLK (gf180mcu_fd_sc_mcu7t5v0__dffrnq_1)
    11    0.095904    0.951295    1.239563    1.696599 v _219_/Q (gf180mcu_fd_sc_mcu7t5v0__dffrnq_1)
                                                         byte_index[0] (net)
                      0.951312    0.002352    1.698951 v _134_/A1 (gf180mcu_fd_sc_mcu7t5v0__nor3_2)
     4    0.040772    1.081735    0.858506    2.557457 ^ _134_/ZN (gf180mcu_fd_sc_mcu7t5v0__nor3_2)
                                                         _032_ (net)
                      1.081735    0.000113    2.557570 ^ max_cap143/I (gf180mcu_fd_sc_mcu7t5v0__buf_2)
     1    0.093328    0.780064    0.639649    3.197218 ^ max_cap143/Z (gf180mcu_fd_sc_mcu7t5v0__buf_2)
                                                         net143 (net)
                      0.780807    0.013481    3.210699 ^ wire142/I (gf180mcu_fd_sc_mcu7t5v0__buf_4)
     5    0.096841    0.419679    0.409185    3.619884 ^ wire142/Z (gf180mcu_fd_sc_mcu7t5v0__buf_4)
                                                         net142 (net)
                      0.421070    0.013454    3.633338 ^ _164_/B1 (gf180mcu_fd_sc_mcu7t5v0__aoi22_1)
     1    0.005396    0.162392    0.200585    3.833924 v _164_/ZN (gf180mcu_fd_sc_mcu7t5v0__aoi22_1)
                                                         _059_ (net)
                      0.162392    0.000106    3.834029 v _171_/A2 (gf180mcu_fd_sc_mcu7t5v0__nand4_1)
     1    0.011380    0.377658    0.305881    4.139910 ^ _171_/ZN (gf180mcu_fd_sc_mcu7t5v0__nand4_1)
                                                         net128 (net)
                      0.377659    0.000407    4.140316 ^ output128/I (gf180mcu_fd_sc_mcu7t5v0__dlyb_1)
     1    0.025918    0.477774    1.102902    5.243219 ^ output128/Z (gf180mcu_fd_sc_mcu7t5v0__dlyb_1)
                                                         dout_o[3] (net)
                      0.477774    0.000643    5.243862 ^ dout_o[3] (out)
                                              5.243862   data arrival time

                                  0.000000    0.000000   clock clk (rise edge)
                                  0.000000    0.000000   clock network delay (propagated)
                                  0.250000    0.250000   clock uncertainty
                                  0.000000    0.250000   clock reconvergence pessimism
                                 -3.200000   -2.950000   output external delay
                                             -2.950000   data required time
---------------------------------------------------------------------------------------------
                                             -2.950000   data required time
                                             -5.243862   data arrival time
---------------------------------------------------------------------------------------------
                                              8.193862   slack (MET)



