
===========================================================================
report_checks -unconstrained
===========================================================================
======================= nom_tt_025C_5v00 Corner ===================================

Startpoint: rst_n (input port clocked by clk)
Endpoint: _220_ (recovery check against rising-edge clock clk)
Path Group: asynchronous
Path Type: max

Fanout         Cap        Slew       Delay        Time   Description
---------------------------------------------------------------------------------------------
                                  0.000000    0.000000   clock clk (rise edge)
                                  0.000000    0.000000   clock network delay (propagated)
                                  3.200000    3.200000 ^ input external delay
     1    0.003609    0.050141    0.009535    3.209535 ^ rst_n (in)
                                                         rst_n (net)
                      0.050141    0.000000    3.209535 ^ input123/I (gf180mcu_fd_sc_mcu7t5v0__dlyb_1)
     7    0.056860    0.995536    1.350989    4.560524 ^ input123/Z (gf180mcu_fd_sc_mcu7t5v0__dlyb_1)
                                                         net123 (net)
                      0.995536    0.000278    4.560802 ^ _220_/RN (gf180mcu_fd_sc_mcu7t5v0__dffrnq_1)
                                              4.560802   data arrival time

                                 16.000000   16.000000   clock clk (rise edge)
                                  0.000000   16.000000   clock source latency
     1    0.024347    0.000000    0.000000   16.000000 ^ clk (in)
                                                         clk (net)
                      0.000306    0.000124   16.000124 ^ clkbuf_0_clk/I (gf180mcu_fd_sc_mcu7t5v0__clkbuf_16)
     2    0.046520    0.111902    0.224210   16.224335 ^ clkbuf_0_clk/Z (gf180mcu_fd_sc_mcu7t5v0__clkbuf_16)
                                                         clknet_0_clk (net)
                      0.111902    0.000140   16.224474 ^ clkbuf_1_0__f_clk/I (gf180mcu_fd_sc_mcu7t5v0__clkbuf_16)
     4    0.016737    0.085435    0.222958   16.447432 ^ clkbuf_1_0__f_clk/Z (gf180mcu_fd_sc_mcu7t5v0__clkbuf_16)
                                                         clknet_1_0__leaf_clk (net)
                      0.085435    0.000041   16.447474 ^ _220_/CLK (gf180mcu_fd_sc_mcu7t5v0__dffrnq_1)
                                 -0.250000   16.197474   clock uncertainty
                                  0.000000   16.197474   clock reconvergence pessimism
                                  0.055641   16.253115   library recovery time
                                             16.253115   data required time
---------------------------------------------------------------------------------------------
                                             16.253115   data required time
                                             -4.560802   data arrival time
---------------------------------------------------------------------------------------------
                                             11.692312   slack (MET)


Startpoint: result_radix_i[0] (input port clocked by clk)
Endpoint: result_ready_o (output port clocked by clk)
Path Group: clk
Path Type: max

Fanout         Cap        Slew       Delay        Time   Description
---------------------------------------------------------------------------------------------
                                  0.000000    0.000000   clock clk (rise edge)
                                  0.000000    0.000000   clock network delay (propagated)
                                  3.200000    3.200000 ^ input external delay
     1    0.004997    0.055822    0.013217    3.213217 ^ result_radix_i[0] (in)
                                                         result_radix_i[0] (net)
                      0.055822    0.000000    3.213217 ^ input120/I (gf180mcu_fd_sc_mcu7t5v0__dlyb_1)
     2    0.082921    1.377242    1.587006    4.800222 ^ input120/Z (gf180mcu_fd_sc_mcu7t5v0__dlyb_1)
                                                         net120 (net)
                      1.377668    0.013545    4.813768 ^ _111_/A3 (gf180mcu_fd_sc_mcu7t5v0__and4_1)
     1    0.005655    0.232921    0.562646    5.376414 ^ _111_/Z (gf180mcu_fd_sc_mcu7t5v0__and4_1)
                                                         _013_ (net)
                      0.232921    0.000018    5.376432 ^ _113_/A2 (gf180mcu_fd_sc_mcu7t5v0__oai211_1)
     4    0.020423    0.637686    0.375554    5.751986 v _113_/ZN (gf180mcu_fd_sc_mcu7t5v0__oai211_1)
                                                         _015_ (net)
                      0.637686    0.000053    5.752039 v _114_/A2 (gf180mcu_fd_sc_mcu7t5v0__nor2_1)
     4    0.015088    0.599951    0.462369    6.214408 ^ _114_/ZN (gf180mcu_fd_sc_mcu7t5v0__nor2_1)
                                                         _002_ (net)
                      0.599951    0.000026    6.214435 ^ _117_/A2 (gf180mcu_fd_sc_mcu7t5v0__and2_1)
     1    0.003931    0.148009    0.311381    6.525815 ^ _117_/Z (gf180mcu_fd_sc_mcu7t5v0__and2_1)
                                                         net135 (net)
                      0.148009    0.000017    6.525833 ^ output135/I (gf180mcu_fd_sc_mcu7t5v0__dlyb_1)
     1    0.050486    0.891034    1.308410    7.834243 ^ output135/Z (gf180mcu_fd_sc_mcu7t5v0__dlyb_1)
                                                         result_ready_o (net)
                      0.891034    0.000099    7.834342 ^ result_ready_o (out)
                                              7.834342   data arrival time

                                 16.000000   16.000000   clock clk (rise edge)
                                  0.000000   16.000000   clock network delay (propagated)
                                 -0.250000   15.750001   clock uncertainty
                                  0.000000   15.750001   clock reconvergence pessimism
                                 -3.200000   12.550000   output external delay
                                             12.550000   data required time
---------------------------------------------------------------------------------------------
                                             12.550000   data required time
                                             -7.834342   data arrival time
---------------------------------------------------------------------------------------------
                                              4.715659   slack (MET)




===========================================================================
report_checks --slack_max -0.01
============================================================================
======================= nom_tt_025C_5v00 Corner ===================================

No paths found.


===========================================================================
 report_check_types -max_slew -max_cap -max_fanout -violators
============================================================================
======================= nom_tt_025C_5v00 Corner ===================================



===========================================================================
report_parasitic_annotation -report_unannotated
============================================================================
Found 1 unannotated drivers.
 clkload0/Z
Found 0 partially unannotated drivers.

===========================================================================
max slew violation count 0
Writing metric design__max_slew_violation__count__corner:nom_tt_025C_5v00: 0
max fanout violation count 0
Writing metric design__max_fanout_violation__count__corner:nom_tt_025C_5v00: 0
max cap violation count 0
Writing metric design__max_cap_violation__count__corner:nom_tt_025C_5v00: 0
============================================================================

===========================================================================
check_setup -verbose -unconstrained_endpoints -multiple_clock -no_clock -no_input_delay -loops -generated_clocks
===========================================================================
