
===========================================================================
report_checks -path_delay max (Setup)
============================================================================
======================= nom_tt_025C_5v00 Corner ===================================

Startpoint: u_sram (rising edge-triggered flip-flop clocked by clk)
Endpoint: q[2] (output port clocked by clk)
Path Group: clk
Path Type: max

Fanout         Cap        Slew       Delay        Time   Description
---------------------------------------------------------------------------------------------
                                  0.000000    0.000000   clock clk (rise edge)
                                  0.000000    0.000000   clock source latency
     2    0.057201    0.263153    0.138730    0.138730 ^ clk (in)
                                                         clk (net)
                      0.263164    0.000000    0.138730 ^ clkbuf_0_clk/I (gf180mcu_fd_sc_mcu7t5v0__clkbuf_16)
     1    0.023288    0.092878    0.261405    0.400136 ^ clkbuf_0_clk/Z (gf180mcu_fd_sc_mcu7t5v0__clkbuf_16)
                                                         clknet_0_clk (net)
                      0.092878    0.000081    0.400217 ^ clkbuf_1_0__f_clk/I (gf180mcu_fd_sc_mcu7t5v0__clkbuf_16)
     1    0.299335    0.342468    0.393205    0.793422 ^ clkbuf_1_0__f_clk/Z (gf180mcu_fd_sc_mcu7t5v0__clkbuf_16)
                                                         clknet_1_0__leaf_clk (net)
                      0.342552    0.004028    0.797450 ^ u_sram/CLK (gf180mcu_fd_ip_sram__sram64x8m8wm1)
     1    0.010541    0.174502    4.492548    5.289998 v u_sram/Q[2] (gf180mcu_fd_ip_sram__sram64x8m8wm1)
                                                         net4 (net)
                      0.174502    0.000208    5.290206 v output4/I (gf180mcu_fd_sc_mcu7t5v0__dlyb_1)
     1    0.073699    0.834224    1.500843    6.791049 v output4/Z (gf180mcu_fd_sc_mcu7t5v0__dlyb_1)
                                                         q[2] (net)
                      0.834224    0.000233    6.791282 v q[2] (out)
                                              6.791282   data arrival time

                                 50.000000   50.000000   clock clk (rise edge)
                                  0.000000   50.000000   clock network delay (propagated)
                                 -0.250000   49.749996   clock uncertainty
                                  0.000000   49.749996   clock reconvergence pessimism
                                -10.000000   39.749996   output external delay
                                             39.749996   data required time
---------------------------------------------------------------------------------------------
                                             39.749996   data required time
                                             -6.791282   data arrival time
---------------------------------------------------------------------------------------------
                                             32.958714   slack (MET)


Startpoint: u_sram (rising edge-triggered flip-flop clocked by clk)
Endpoint: q[3] (output port clocked by clk)
Path Group: clk
Path Type: max

Fanout         Cap        Slew       Delay        Time   Description
---------------------------------------------------------------------------------------------
                                  0.000000    0.000000   clock clk (rise edge)
                                  0.000000    0.000000   clock source latency
     2    0.057201    0.263153    0.138730    0.138730 ^ clk (in)
                                                         clk (net)
                      0.263164    0.000000    0.138730 ^ clkbuf_0_clk/I (gf180mcu_fd_sc_mcu7t5v0__clkbuf_16)
     1    0.023288    0.092878    0.261405    0.400136 ^ clkbuf_0_clk/Z (gf180mcu_fd_sc_mcu7t5v0__clkbuf_16)
                                                         clknet_0_clk (net)
                      0.092878    0.000081    0.400217 ^ clkbuf_1_0__f_clk/I (gf180mcu_fd_sc_mcu7t5v0__clkbuf_16)
     1    0.299335    0.342468    0.393205    0.793422 ^ clkbuf_1_0__f_clk/Z (gf180mcu_fd_sc_mcu7t5v0__clkbuf_16)
                                                         clknet_1_0__leaf_clk (net)
                      0.342552    0.004028    0.797450 ^ u_sram/CLK (gf180mcu_fd_ip_sram__sram64x8m8wm1)
     1    0.011008    0.175058    4.492994    5.290444 v u_sram/Q[3] (gf180mcu_fd_ip_sram__sram64x8m8wm1)
                                                         net5 (net)
                      0.175058    0.000229    5.290673 v output5/I (gf180mcu_fd_sc_mcu7t5v0__dlyb_1)
     1    0.073522    0.832634    1.499941    6.790614 v output5/Z (gf180mcu_fd_sc_mcu7t5v0__dlyb_1)
                                                         q[3] (net)
                      0.832634    0.000186    6.790800 v q[3] (out)
                                              6.790800   data arrival time

                                 50.000000   50.000000   clock clk (rise edge)
                                  0.000000   50.000000   clock network delay (propagated)
                                 -0.250000   49.749996   clock uncertainty
                                  0.000000   49.749996   clock reconvergence pessimism
                                -10.000000   39.749996   output external delay
                                             39.749996   data required time
---------------------------------------------------------------------------------------------
                                             39.749996   data required time
                                             -6.790800   data arrival time
---------------------------------------------------------------------------------------------
                                             32.959198   slack (MET)


Startpoint: u_sram (rising edge-triggered flip-flop clocked by clk)
Endpoint: q[0] (output port clocked by clk)
Path Group: clk
Path Type: max

Fanout         Cap        Slew       Delay        Time   Description
---------------------------------------------------------------------------------------------
                                  0.000000    0.000000   clock clk (rise edge)
                                  0.000000    0.000000   clock source latency
     2    0.057201    0.263153    0.138730    0.138730 ^ clk (in)
                                                         clk (net)
                      0.263164    0.000000    0.138730 ^ clkbuf_0_clk/I (gf180mcu_fd_sc_mcu7t5v0__clkbuf_16)
     1    0.023288    0.092878    0.261405    0.400136 ^ clkbuf_0_clk/Z (gf180mcu_fd_sc_mcu7t5v0__clkbuf_16)
                                                         clknet_0_clk (net)
                      0.092878    0.000081    0.400217 ^ clkbuf_1_0__f_clk/I (gf180mcu_fd_sc_mcu7t5v0__clkbuf_16)
     1    0.299335    0.342468    0.393205    0.793422 ^ clkbuf_1_0__f_clk/Z (gf180mcu_fd_sc_mcu7t5v0__clkbuf_16)
                                                         clknet_1_0__leaf_clk (net)
                      0.342552    0.004028    0.797450 ^ u_sram/CLK (gf180mcu_fd_ip_sram__sram64x8m8wm1)
     1    0.010974    0.175018    4.492962    5.290412 v u_sram/Q[0] (gf180mcu_fd_ip_sram__sram64x8m8wm1)
                                                         net2 (net)
                      0.175019    0.000227    5.290639 v output2/I (gf180mcu_fd_sc_mcu7t5v0__dlyb_1)
     1    0.073468    0.832153    1.499593    6.790232 v output2/Z (gf180mcu_fd_sc_mcu7t5v0__dlyb_1)
                                                         q[0] (net)
                      0.832153    0.000167    6.790399 v q[0] (out)
                                              6.790399   data arrival time

                                 50.000000   50.000000   clock clk (rise edge)
                                  0.000000   50.000000   clock network delay (propagated)
                                 -0.250000   49.749996   clock uncertainty
                                  0.000000   49.749996   clock reconvergence pessimism
                                -10.000000   39.749996   output external delay
                                             39.749996   data required time
---------------------------------------------------------------------------------------------
                                             39.749996   data required time
                                             -6.790399   data arrival time
---------------------------------------------------------------------------------------------
                                             32.959599   slack (MET)


Startpoint: u_sram (rising edge-triggered flip-flop clocked by clk)
Endpoint: q[1] (output port clocked by clk)
Path Group: clk
Path Type: max

Fanout         Cap        Slew       Delay        Time   Description
---------------------------------------------------------------------------------------------
                                  0.000000    0.000000   clock clk (rise edge)
                                  0.000000    0.000000   clock source latency
     2    0.057201    0.263153    0.138730    0.138730 ^ clk (in)
                                                         clk (net)
                      0.263164    0.000000    0.138730 ^ clkbuf_0_clk/I (gf180mcu_fd_sc_mcu7t5v0__clkbuf_16)
     1    0.023288    0.092878    0.261405    0.400136 ^ clkbuf_0_clk/Z (gf180mcu_fd_sc_mcu7t5v0__clkbuf_16)
                                                         clknet_0_clk (net)
                      0.092878    0.000081    0.400217 ^ clkbuf_1_0__f_clk/I (gf180mcu_fd_sc_mcu7t5v0__clkbuf_16)
     1    0.299335    0.342468    0.393205    0.793422 ^ clkbuf_1_0__f_clk/Z (gf180mcu_fd_sc_mcu7t5v0__clkbuf_16)
                                                         clknet_1_0__leaf_clk (net)
                      0.342552    0.004028    0.797450 ^ u_sram/CLK (gf180mcu_fd_ip_sram__sram64x8m8wm1)
     1    0.010926    0.174961    4.492916    5.290366 v u_sram/Q[1] (gf180mcu_fd_ip_sram__sram64x8m8wm1)
                                                         net3 (net)
                      0.174961    0.000224    5.290590 v output3/I (gf180mcu_fd_sc_mcu7t5v0__dlyb_1)
     1    0.073442    0.831912    1.499406    6.789996 v output3/Z (gf180mcu_fd_sc_mcu7t5v0__dlyb_1)
                                                         q[1] (net)
                      0.831912    0.000158    6.790154 v q[1] (out)
                                              6.790154   data arrival time

                                 50.000000   50.000000   clock clk (rise edge)
                                  0.000000   50.000000   clock network delay (propagated)
                                 -0.250000   49.749996   clock uncertainty
                                  0.000000   49.749996   clock reconvergence pessimism
                                -10.000000   39.749996   output external delay
                                             39.749996   data required time
---------------------------------------------------------------------------------------------
                                             39.749996   data required time
                                             -6.790154   data arrival time
---------------------------------------------------------------------------------------------
                                             32.959843   slack (MET)


Startpoint: rst (input port clocked by clk)
Endpoint: _38_ (rising edge-triggered flip-flop clocked by clk)
Path Group: clk
Path Type: max

Fanout         Cap        Slew       Delay        Time   Description
---------------------------------------------------------------------------------------------
                                  0.000000    0.000000   clock clk (rise edge)
                                  0.000000    0.000000   clock network delay (propagated)
                                 10.000000   10.000000 v input external delay
     1    0.003511    0.062497    0.021593   10.021594 v rst (in)
                                                         rst (net)
                      0.062497    0.000000   10.021594 v input1/I (gf180mcu_fd_sc_mcu7t5v0__dlyb_1)
     4    0.074144    0.809014    1.463017   11.484611 v input1/Z (gf180mcu_fd_sc_mcu7t5v0__dlyb_1)
                                                         net1 (net)
                      0.809579    0.012031   11.496642 v _30_/A1 (gf180mcu_fd_sc_mcu7t5v0__nor3_1)
     1    0.004169    0.454654    0.430136   11.926778 ^ _30_/ZN (gf180mcu_fd_sc_mcu7t5v0__nor3_1)
                                                         _00_ (net)
                      0.454654    0.000027   11.926805 ^ _38_/D (gf180mcu_fd_sc_mcu7t5v0__dffq_1)
                                             11.926805   data arrival time

                                 50.000000   50.000000   clock clk (rise edge)
                                  0.000000   50.000000   clock source latency
     2    0.057201    0.263153    0.139366   50.139366 ^ clk (in)
                                                         clk (net)
                      0.263179    0.000000   50.139366 ^ clkbuf_regs_0_clk/I (gf180mcu_fd_sc_mcu7t5v0__clkbuf_16)
     1    0.023314    0.092902    0.261430   50.400795 ^ clkbuf_regs_0_clk/Z (gf180mcu_fd_sc_mcu7t5v0__clkbuf_16)
                                                         clk_regs (net)
                      0.092902    0.000082   50.400875 ^ clkbuf_0_clk_regs/I (gf180mcu_fd_sc_mcu7t5v0__clkbuf_16)
     2    0.046143    0.111782    0.240551   50.641426 ^ clkbuf_0_clk_regs/Z (gf180mcu_fd_sc_mcu7t5v0__clkbuf_16)
                                                         clknet_0_clk_regs (net)
                      0.111782    0.000028   50.641457 ^ clkbuf_1_0__f_clk_regs/I (gf180mcu_fd_sc_mcu7t5v0__clkbuf_16)
     2    0.007645    0.076828    0.215312   50.856766 ^ clkbuf_1_0__f_clk_regs/Z (gf180mcu_fd_sc_mcu7t5v0__clkbuf_16)
                                                         clknet_1_0__leaf_clk_regs (net)
                      0.076828    0.000014   50.856781 ^ _38_/CLK (gf180mcu_fd_sc_mcu7t5v0__dffq_1)
                                 -0.250000   50.606781   clock uncertainty
                                  0.000000   50.606781   clock reconvergence pessimism
                                 -0.256220   50.350563   library setup time
                                             50.350563   data required time
---------------------------------------------------------------------------------------------
                                             50.350563   data required time
                                            -11.926805   data arrival time
---------------------------------------------------------------------------------------------
                                             38.423759   slack (MET)


Startpoint: rst (input port clocked by clk)
Endpoint: _39_ (rising edge-triggered flip-flop clocked by clk)
Path Group: clk
Path Type: max

Fanout         Cap        Slew       Delay        Time   Description
---------------------------------------------------------------------------------------------
                                  0.000000    0.000000   clock clk (rise edge)
                                  0.000000    0.000000   clock network delay (propagated)
                                 10.000000   10.000000 v input external delay
     1    0.003511    0.062497    0.021593   10.021594 v rst (in)
                                                         rst (net)
                      0.062497    0.000000   10.021594 v input1/I (gf180mcu_fd_sc_mcu7t5v0__dlyb_1)
     4    0.074144    0.809014    1.463017   11.484611 v input1/Z (gf180mcu_fd_sc_mcu7t5v0__dlyb_1)
                                                         net1 (net)
                      0.809573    0.011960   11.496572 v _32_/A1 (gf180mcu_fd_sc_mcu7t5v0__nor2_1)
     1    0.005085    0.362136    0.370419   11.866990 ^ _32_/ZN (gf180mcu_fd_sc_mcu7t5v0__nor2_1)
                                                         _01_ (net)
                      0.362136    0.000045   11.867036 ^ _39_/D (gf180mcu_fd_sc_mcu7t5v0__dffq_1)
                                             11.867036   data arrival time

                                 50.000000   50.000000   clock clk (rise edge)
                                  0.000000   50.000000   clock source latency
     2    0.057201    0.263153    0.139366   50.139366 ^ clk (in)
                                                         clk (net)
                      0.263179    0.000000   50.139366 ^ clkbuf_regs_0_clk/I (gf180mcu_fd_sc_mcu7t5v0__clkbuf_16)
     1    0.023314    0.092902    0.261430   50.400795 ^ clkbuf_regs_0_clk/Z (gf180mcu_fd_sc_mcu7t5v0__clkbuf_16)
                                                         clk_regs (net)
                      0.092902    0.000082   50.400875 ^ clkbuf_0_clk_regs/I (gf180mcu_fd_sc_mcu7t5v0__clkbuf_16)
     2    0.046143    0.111782    0.240551   50.641426 ^ clkbuf_0_clk_regs/Z (gf180mcu_fd_sc_mcu7t5v0__clkbuf_16)
                                                         clknet_0_clk_regs (net)
                      0.111782    0.000092   50.641518 ^ clkbuf_1_1__f_clk_regs/I (gf180mcu_fd_sc_mcu7t5v0__clkbuf_16)
     2    0.008580    0.077731    0.216094   50.857613 ^ clkbuf_1_1__f_clk_regs/Z (gf180mcu_fd_sc_mcu7t5v0__clkbuf_16)
                                                         clknet_1_1__leaf_clk_regs (net)
                      0.077731    0.000053   50.857666 ^ _39_/CLK (gf180mcu_fd_sc_mcu7t5v0__dffq_1)
                                 -0.250000   50.607666   clock uncertainty
                                  0.000000   50.607666   clock reconvergence pessimism
                                 -0.249229   50.358437   library setup time
                                             50.358437   data required time
---------------------------------------------------------------------------------------------
                                             50.358437   data required time
                                            -11.867036   data arrival time
---------------------------------------------------------------------------------------------
                                             38.491402   slack (MET)


Startpoint: rst (input port clocked by clk)
Endpoint: _37_ (rising edge-triggered flip-flop clocked by clk)
Path Group: clk
Path Type: max

Fanout         Cap        Slew       Delay        Time   Description
---------------------------------------------------------------------------------------------
                                  0.000000    0.000000   clock clk (rise edge)
                                  0.000000    0.000000   clock network delay (propagated)
                                 10.000000   10.000000 v input external delay
     1    0.003511    0.062497    0.021593   10.021594 v rst (in)
                                                         rst (net)
                      0.062497    0.000000   10.021594 v input1/I (gf180mcu_fd_sc_mcu7t5v0__dlyb_1)
     4    0.074144    0.809014    1.463017   11.484611 v input1/Z (gf180mcu_fd_sc_mcu7t5v0__dlyb_1)
                                                         net1 (net)
                      0.809577    0.012011   11.496622 v _35_/A1 (gf180mcu_fd_sc_mcu7t5v0__nor2_1)
     1    0.004292    0.340855    0.353745   11.850368 ^ _35_/ZN (gf180mcu_fd_sc_mcu7t5v0__nor2_1)
                                                         _03_ (net)
                      0.340855    0.000029   11.850396 ^ _37_/D (gf180mcu_fd_sc_mcu7t5v0__dffq_1)
                                             11.850396   data arrival time

                                 50.000000   50.000000   clock clk (rise edge)
                                  0.000000   50.000000   clock source latency
     2    0.057201    0.263153    0.139366   50.139366 ^ clk (in)
                                                         clk (net)
                      0.263179    0.000000   50.139366 ^ clkbuf_regs_0_clk/I (gf180mcu_fd_sc_mcu7t5v0__clkbuf_16)
     1    0.023314    0.092902    0.261430   50.400795 ^ clkbuf_regs_0_clk/Z (gf180mcu_fd_sc_mcu7t5v0__clkbuf_16)
                                                         clk_regs (net)
                      0.092902    0.000082   50.400875 ^ clkbuf_0_clk_regs/I (gf180mcu_fd_sc_mcu7t5v0__clkbuf_16)
     2    0.046143    0.111782    0.240551   50.641426 ^ clkbuf_0_clk_regs/Z (gf180mcu_fd_sc_mcu7t5v0__clkbuf_16)
                                                         clknet_0_clk_regs (net)
                      0.111782    0.000028   50.641457 ^ clkbuf_1_0__f_clk_regs/I (gf180mcu_fd_sc_mcu7t5v0__clkbuf_16)
     2    0.007645    0.076828    0.215312   50.856766 ^ clkbuf_1_0__f_clk_regs/Z (gf180mcu_fd_sc_mcu7t5v0__clkbuf_16)
                                                         clknet_1_0__leaf_clk_regs (net)
                      0.076828    0.000018   50.856785 ^ _37_/CLK (gf180mcu_fd_sc_mcu7t5v0__dffq_1)
                                 -0.250000   50.606785   clock uncertainty
                                  0.000000   50.606785   clock reconvergence pessimism
                                 -0.247856   50.358929   library setup time
                                             50.358929   data required time
---------------------------------------------------------------------------------------------
                                             50.358929   data required time
                                            -11.850396   data arrival time
---------------------------------------------------------------------------------------------
                                             38.508533   slack (MET)


Startpoint: rst (input port clocked by clk)
Endpoint: _36_ (rising edge-triggered flip-flop clocked by clk)
Path Group: clk
Path Type: max

Fanout         Cap        Slew       Delay        Time   Description
---------------------------------------------------------------------------------------------
                                  0.000000    0.000000   clock clk (rise edge)
                                  0.000000    0.000000   clock network delay (propagated)
                                 10.000000   10.000000 ^ input external delay
     1    0.003511    0.107600    0.035087   10.035087 ^ rst (in)
                                                         rst (net)
                      0.107600    0.000000   10.035087 ^ input1/I (gf180mcu_fd_sc_mcu7t5v0__dlyb_1)
     4    0.074144    1.235665    1.514311   11.549398 ^ input1/Z (gf180mcu_fd_sc_mcu7t5v0__dlyb_1)
                                                         net1 (net)
                      1.236039    0.012010   11.561408 ^ _33_/A2 (gf180mcu_fd_sc_mcu7t5v0__nor2_1)
     1    0.004069    0.381668    0.179893   11.741302 v _33_/ZN (gf180mcu_fd_sc_mcu7t5v0__nor2_1)
                                                         _02_ (net)
                      0.381668    0.000025   11.741326 v _36_/D (gf180mcu_fd_sc_mcu7t5v0__dffq_1)
                                             11.741326   data arrival time

                                 50.000000   50.000000   clock clk (rise edge)
                                  0.000000   50.000000   clock source latency
     2    0.057201    0.263153    0.139366   50.139366 ^ clk (in)
                                                         clk (net)
                      0.263179    0.000000   50.139366 ^ clkbuf_regs_0_clk/I (gf180mcu_fd_sc_mcu7t5v0__clkbuf_16)
     1    0.023314    0.092902    0.261430   50.400795 ^ clkbuf_regs_0_clk/Z (gf180mcu_fd_sc_mcu7t5v0__clkbuf_16)
                                                         clk_regs (net)
                      0.092902    0.000082   50.400875 ^ clkbuf_0_clk_regs/I (gf180mcu_fd_sc_mcu7t5v0__clkbuf_16)
     2    0.046143    0.111782    0.240551   50.641426 ^ clkbuf_0_clk_regs/Z (gf180mcu_fd_sc_mcu7t5v0__clkbuf_16)
                                                         clknet_0_clk_regs (net)
                      0.111782    0.000092   50.641518 ^ clkbuf_1_1__f_clk_regs/I (gf180mcu_fd_sc_mcu7t5v0__clkbuf_16)
     2    0.008580    0.077731    0.216094   50.857613 ^ clkbuf_1_1__f_clk_regs/Z (gf180mcu_fd_sc_mcu7t5v0__clkbuf_16)
                                                         clknet_1_1__leaf_clk_regs (net)
                      0.077731    0.000064   50.857677 ^ _36_/CLK (gf180mcu_fd_sc_mcu7t5v0__dffq_1)
                                 -0.250000   50.607677   clock uncertainty
                                  0.000000   50.607677   clock reconvergence pessimism
                                 -0.321112   50.286564   library setup time
                                             50.286564   data required time
---------------------------------------------------------------------------------------------
                                             50.286564   data required time
                                            -11.741326   data arrival time
---------------------------------------------------------------------------------------------
                                             38.545238   slack (MET)


Startpoint: _36_ (rising edge-triggered flip-flop clocked by clk)
Endpoint: u_sram (rising edge-triggered flip-flop clocked by clk)
Path Group: clk
Path Type: max

Fanout         Cap        Slew       Delay        Time   Description
---------------------------------------------------------------------------------------------
                                  0.000000    0.000000   clock clk (rise edge)
                                  0.000000    0.000000   clock source latency
     2    0.057201    0.263153    0.139364    0.139364 ^ clk (in)
                                                         clk (net)
                      0.263179    0.000000    0.139364 ^ clkbuf_regs_0_clk/I (gf180mcu_fd_sc_mcu7t5v0__clkbuf_16)
     1    0.023314    0.092902    0.261431    0.400795 ^ clkbuf_regs_0_clk/Z (gf180mcu_fd_sc_mcu7t5v0__clkbuf_16)
                                                         clk_regs (net)
                      0.092902    0.000084    0.400879 ^ clkbuf_0_clk_regs/I (gf180mcu_fd_sc_mcu7t5v0__clkbuf_16)
     2    0.046143    0.111782    0.240547    0.641427 ^ clkbuf_0_clk_regs/Z (gf180mcu_fd_sc_mcu7t5v0__clkbuf_16)
                                                         clknet_0_clk_regs (net)
                      0.111782    0.000095    0.641521 ^ clkbuf_1_1__f_clk_regs/I (gf180mcu_fd_sc_mcu7t5v0__clkbuf_16)
     2    0.008580    0.077731    0.216092    0.857613 ^ clkbuf_1_1__f_clk_regs/Z (gf180mcu_fd_sc_mcu7t5v0__clkbuf_16)
                                                         clknet_1_1__leaf_clk_regs (net)
                      0.077731    0.000064    0.857677 ^ _36_/CLK (gf180mcu_fd_sc_mcu7t5v0__dffq_1)
     5    0.063629    1.064852    1.267797    2.125474 ^ _36_/Q (gf180mcu_fd_sc_mcu7t5v0__dffq_1)
                                                         cnt[0] (net)
                      1.064857    0.001343    2.126817 ^ u_sram/A[0] (gf180mcu_fd_ip_sram__sram64x8m8wm1)
                                              2.126817   data arrival time

                                 50.000000   50.000000   clock clk (rise edge)
                                  0.000000   50.000000   clock source latency
     2    0.057201    0.263153    0.138730   50.138729 ^ clk (in)
                                                         clk (net)
                      0.263164    0.000000   50.138729 ^ clkbuf_0_clk/I (gf180mcu_fd_sc_mcu7t5v0__clkbuf_16)
     1    0.023288    0.092878    0.261405   50.400135 ^ clkbuf_0_clk/Z (gf180mcu_fd_sc_mcu7t5v0__clkbuf_16)
                                                         clknet_0_clk (net)
                      0.092878    0.000082   50.400215 ^ clkbuf_1_0__f_clk/I (gf180mcu_fd_sc_mcu7t5v0__clkbuf_16)
     1    0.299335    0.342468    0.393204   50.793419 ^ clkbuf_1_0__f_clk/Z (gf180mcu_fd_sc_mcu7t5v0__clkbuf_16)
                                                         clknet_1_0__leaf_clk (net)
                      0.342552    0.004029   50.797447 ^ u_sram/CLK (gf180mcu_fd_ip_sram__sram64x8m8wm1)
                                 -0.250000   50.547447   clock uncertainty
                                  0.000000   50.547447   clock reconvergence pessimism
                                 -0.592446   49.954998   library setup time
                                             49.954998   data required time
---------------------------------------------------------------------------------------------
                                             49.954998   data required time
                                             -2.126817   data arrival time
---------------------------------------------------------------------------------------------
                                             47.828182   slack (MET)


Startpoint: _37_ (rising edge-triggered flip-flop clocked by clk)
Endpoint: u_sram (rising edge-triggered flip-flop clocked by clk)
Path Group: clk
Path Type: max

Fanout         Cap        Slew       Delay        Time   Description
---------------------------------------------------------------------------------------------
                                  0.000000    0.000000   clock clk (rise edge)
                                  0.000000    0.000000   clock source latency
     2    0.057201    0.263153    0.139364    0.139364 ^ clk (in)
                                                         clk (net)
                      0.263179    0.000000    0.139364 ^ clkbuf_regs_0_clk/I (gf180mcu_fd_sc_mcu7t5v0__clkbuf_16)
     1    0.023314    0.092902    0.261431    0.400795 ^ clkbuf_regs_0_clk/Z (gf180mcu_fd_sc_mcu7t5v0__clkbuf_16)
                                                         clk_regs (net)
                      0.092902    0.000084    0.400879 ^ clkbuf_0_clk_regs/I (gf180mcu_fd_sc_mcu7t5v0__clkbuf_16)
     2    0.046143    0.111782    0.240547    0.641427 ^ clkbuf_0_clk_regs/Z (gf180mcu_fd_sc_mcu7t5v0__clkbuf_16)
                                                         clknet_0_clk_regs (net)
                      0.111782    0.000032    0.641458 ^ clkbuf_1_0__f_clk_regs/I (gf180mcu_fd_sc_mcu7t5v0__clkbuf_16)
     2    0.007645    0.076828    0.215311    0.856769 ^ clkbuf_1_0__f_clk_regs/Z (gf180mcu_fd_sc_mcu7t5v0__clkbuf_16)
                                                         clknet_1_0__leaf_clk_regs (net)
                      0.076828    0.000018    0.856787 ^ _37_/CLK (gf180mcu_fd_sc_mcu7t5v0__dffq_1)
     4    0.056951    0.958251    1.205908    2.062695 ^ _37_/Q (gf180mcu_fd_sc_mcu7t5v0__dffq_1)
                                                         cnt[1] (net)
                      0.958256    0.001191    2.063886 ^ u_sram/A[1] (gf180mcu_fd_ip_sram__sram64x8m8wm1)
                                              2.063886   data arrival time

                                 50.000000   50.000000   clock clk (rise edge)
                                  0.000000   50.000000   clock source latency
     2    0.057201    0.263153    0.138730   50.138729 ^ clk (in)
                                                         clk (net)
                      0.263164    0.000000   50.138729 ^ clkbuf_0_clk/I (gf180mcu_fd_sc_mcu7t5v0__clkbuf_16)
     1    0.023288    0.092878    0.261405   50.400135 ^ clkbuf_0_clk/Z (gf180mcu_fd_sc_mcu7t5v0__clkbuf_16)
                                                         clknet_0_clk (net)
                      0.092878    0.000082   50.400215 ^ clkbuf_1_0__f_clk/I (gf180mcu_fd_sc_mcu7t5v0__clkbuf_16)
     1    0.299335    0.342468    0.393204   50.793419 ^ clkbuf_1_0__f_clk/Z (gf180mcu_fd_sc_mcu7t5v0__clkbuf_16)
                                                         clknet_1_0__leaf_clk (net)
                      0.342552    0.004029   50.797447 ^ u_sram/CLK (gf180mcu_fd_ip_sram__sram64x8m8wm1)
                                 -0.250000   50.547447   clock uncertainty
                                  0.000000   50.547447   clock reconvergence pessimism
                                 -0.584474   49.962971   library setup time
                                             49.962971   data required time
---------------------------------------------------------------------------------------------
                                             49.962971   data required time
                                             -2.063886   data arrival time
---------------------------------------------------------------------------------------------
                                             47.899086   slack (MET)


Startpoint: _38_ (rising edge-triggered flip-flop clocked by clk)
Endpoint: u_sram (rising edge-triggered flip-flop clocked by clk)
Path Group: clk
Path Type: max

Fanout         Cap        Slew       Delay        Time   Description
---------------------------------------------------------------------------------------------
                                  0.000000    0.000000   clock clk (rise edge)
                                  0.000000    0.000000   clock source latency
     2    0.057201    0.263153    0.139364    0.139364 ^ clk (in)
                                                         clk (net)
                      0.263179    0.000000    0.139364 ^ clkbuf_regs_0_clk/I (gf180mcu_fd_sc_mcu7t5v0__clkbuf_16)
     1    0.023314    0.092902    0.261431    0.400795 ^ clkbuf_regs_0_clk/Z (gf180mcu_fd_sc_mcu7t5v0__clkbuf_16)
                                                         clk_regs (net)
                      0.092902    0.000084    0.400879 ^ clkbuf_0_clk_regs/I (gf180mcu_fd_sc_mcu7t5v0__clkbuf_16)
     2    0.046143    0.111782    0.240547    0.641427 ^ clkbuf_0_clk_regs/Z (gf180mcu_fd_sc_mcu7t5v0__clkbuf_16)
                                                         clknet_0_clk_regs (net)
                      0.111782    0.000032    0.641458 ^ clkbuf_1_0__f_clk_regs/I (gf180mcu_fd_sc_mcu7t5v0__clkbuf_16)
     2    0.007645    0.076828    0.215311    0.856769 ^ clkbuf_1_0__f_clk_regs/Z (gf180mcu_fd_sc_mcu7t5v0__clkbuf_16)
                                                         clknet_1_0__leaf_clk_regs (net)
                      0.076828    0.000014    0.856783 ^ _38_/CLK (gf180mcu_fd_sc_mcu7t5v0__dffq_1)
     3    0.048296    0.820033    1.125774    1.982557 ^ _38_/Q (gf180mcu_fd_sc_mcu7t5v0__dffq_1)
                                                         cnt[2] (net)
                      0.820037    0.001063    1.983621 ^ u_sram/A[2] (gf180mcu_fd_ip_sram__sram64x8m8wm1)
                                              1.983621   data arrival time

                                 50.000000   50.000000   clock clk (rise edge)
                                  0.000000   50.000000   clock source latency
     2    0.057201    0.263153    0.138730   50.138729 ^ clk (in)
                                                         clk (net)
                      0.263164    0.000000   50.138729 ^ clkbuf_0_clk/I (gf180mcu_fd_sc_mcu7t5v0__clkbuf_16)
     1    0.023288    0.092878    0.261405   50.400135 ^ clkbuf_0_clk/Z (gf180mcu_fd_sc_mcu7t5v0__clkbuf_16)
                                                         clknet_0_clk (net)
                      0.092878    0.000082   50.400215 ^ clkbuf_1_0__f_clk/I (gf180mcu_fd_sc_mcu7t5v0__clkbuf_16)
     1    0.299335    0.342468    0.393204   50.793419 ^ clkbuf_1_0__f_clk/Z (gf180mcu_fd_sc_mcu7t5v0__clkbuf_16)
                                                         clknet_1_0__leaf_clk (net)
                      0.342552    0.004029   50.797447 ^ u_sram/CLK (gf180mcu_fd_ip_sram__sram64x8m8wm1)
                                 -0.250000   50.547447   clock uncertainty
                                  0.000000   50.547447   clock reconvergence pessimism
                                 -0.573266   49.974182   library setup time
                                             49.974182   data required time
---------------------------------------------------------------------------------------------
                                             49.974182   data required time
                                             -1.983621   data arrival time
---------------------------------------------------------------------------------------------
                                             47.990559   slack (MET)


Startpoint: _39_ (rising edge-triggered flip-flop clocked by clk)
Endpoint: u_sram (rising edge-triggered flip-flop clocked by clk)
Path Group: clk
Path Type: max

Fanout         Cap        Slew       Delay        Time   Description
---------------------------------------------------------------------------------------------
                                  0.000000    0.000000   clock clk (rise edge)
                                  0.000000    0.000000   clock source latency
     2    0.057201    0.263153    0.139364    0.139364 ^ clk (in)
                                                         clk (net)
                      0.263179    0.000000    0.139364 ^ clkbuf_regs_0_clk/I (gf180mcu_fd_sc_mcu7t5v0__clkbuf_16)
     1    0.023314    0.092902    0.261431    0.400795 ^ clkbuf_regs_0_clk/Z (gf180mcu_fd_sc_mcu7t5v0__clkbuf_16)
                                                         clk_regs (net)
                      0.092902    0.000084    0.400879 ^ clkbuf_0_clk_regs/I (gf180mcu_fd_sc_mcu7t5v0__clkbuf_16)
     2    0.046143    0.111782    0.240547    0.641427 ^ clkbuf_0_clk_regs/Z (gf180mcu_fd_sc_mcu7t5v0__clkbuf_16)
                                                         clknet_0_clk_regs (net)
                      0.111782    0.000095    0.641521 ^ clkbuf_1_1__f_clk_regs/I (gf180mcu_fd_sc_mcu7t5v0__clkbuf_16)
     2    0.008580    0.077731    0.216092    0.857613 ^ clkbuf_1_1__f_clk_regs/Z (gf180mcu_fd_sc_mcu7t5v0__clkbuf_16)
                                                         clknet_1_1__leaf_clk_regs (net)
                      0.077731    0.000056    0.857669 ^ _39_/CLK (gf180mcu_fd_sc_mcu7t5v0__dffq_1)
     2    0.044760    0.763760    1.093536    1.951205 ^ _39_/Q (gf180mcu_fd_sc_mcu7t5v0__dffq_1)
                                                         cnt[3] (net)
                      0.763760    0.000485    1.951690 ^ u_sram/A[3] (gf180mcu_fd_ip_sram__sram64x8m8wm1)
                                              1.951690   data arrival time

                                 50.000000   50.000000   clock clk (rise edge)
                                  0.000000   50.000000   clock source latency
     2    0.057201    0.263153    0.138730   50.138729 ^ clk (in)
                                                         clk (net)
                      0.263164    0.000000   50.138729 ^ clkbuf_0_clk/I (gf180mcu_fd_sc_mcu7t5v0__clkbuf_16)
     1    0.023288    0.092878    0.261405   50.400135 ^ clkbuf_0_clk/Z (gf180mcu_fd_sc_mcu7t5v0__clkbuf_16)
                                                         clknet_0_clk (net)
                      0.092878    0.000082   50.400215 ^ clkbuf_1_0__f_clk/I (gf180mcu_fd_sc_mcu7t5v0__clkbuf_16)
     1    0.299335    0.342468    0.393204   50.793419 ^ clkbuf_1_0__f_clk/Z (gf180mcu_fd_sc_mcu7t5v0__clkbuf_16)
                                                         clknet_1_0__leaf_clk (net)
                      0.342552    0.004029   50.797447 ^ u_sram/CLK (gf180mcu_fd_ip_sram__sram64x8m8wm1)
                                 -0.250000   50.547447   clock uncertainty
                                  0.000000   50.547447   clock reconvergence pessimism
                                 -0.568703   49.978741   library setup time
                                             49.978741   data required time
---------------------------------------------------------------------------------------------
                                             49.978741   data required time
                                             -1.951690   data arrival time
---------------------------------------------------------------------------------------------
                                             48.027054   slack (MET)



