                                                                        Cells by Master                                                                         
┏━━━━━━━━━━━━━━━━━━━━━━━━━━━━━━━━━━━━━━━━━━━━━━━━━━━━━━━━━━━━━━━━━━━━━━━━━━━━━━━━━━━━━━━━━━━━━━━━━━━━━━━━━━━━━━━━━━━━━━━━━━━━━━━━━━━━━┳━━━━━━━━━━━━━━━━━━━━━━━━┓
┃ Cell                                                                                                                                ┃ Count                  ┃
┡━━━━━━━━━━━━━━━━━━━━━━━━━━━━━━━━━━━━━━━━━━━━━━━━━━━━━━━━━━━━━━━━━━━━━━━━━━━━━━━━━━━━━━━━━━━━━━━━━━━━━━━━━━━━━━━━━━━━━━━━━━━━━━━━━━━━━╇━━━━━━━━━━━━━━━━━━━━━━━━┩
│ gf180mcu_fd_ip_sram__sram256x8m8wm1                                                                                                 │ 2                      │
│ gf180mcu_fd_sc_mcu9t5v0__and2_1                                                                                                     │ 140                    │
│ gf180mcu_fd_sc_mcu9t5v0__and2_2                                                                                                     │ 2                      │
│ gf180mcu_fd_sc_mcu9t5v0__and2_4                                                                                                     │ 8                      │
│ gf180mcu_fd_sc_mcu9t5v0__and3_1                                                                                                     │ 63                     │
│ gf180mcu_fd_sc_mcu9t5v0__and3_4                                                                                                     │ 3                      │
│ gf180mcu_fd_sc_mcu9t5v0__and4_1                                                                                                     │ 15                     │
│ gf180mcu_fd_sc_mcu9t5v0__and4_2                                                                                                     │ 2                      │
│ gf180mcu_fd_sc_mcu9t5v0__and4_4                                                                                                     │ 1                      │
│ gf180mcu_fd_sc_mcu9t5v0__antenna                                                                                                    │ 5                      │
│ gf180mcu_fd_sc_mcu9t5v0__aoi211_1                                                                                                   │ 108                    │
│ gf180mcu_fd_sc_mcu9t5v0__aoi211_2                                                                                                   │ 4                      │
│ gf180mcu_fd_sc_mcu9t5v0__aoi211_4                                                                                                   │ 2                      │
│ gf180mcu_fd_sc_mcu9t5v0__aoi21_1                                                                                                    │ 520                    │
│ gf180mcu_fd_sc_mcu9t5v0__aoi21_2                                                                                                    │ 9                      │
│ gf180mcu_fd_sc_mcu9t5v0__aoi21_4                                                                                                    │ 14                     │
│ gf180mcu_fd_sc_mcu9t5v0__aoi221_1                                                                                                   │ 225                    │
│ gf180mcu_fd_sc_mcu9t5v0__aoi221_2                                                                                                   │ 1                      │
│ gf180mcu_fd_sc_mcu9t5v0__aoi222_1                                                                                                   │ 43                     │
│ gf180mcu_fd_sc_mcu9t5v0__aoi22_1                                                                                                    │ 295                    │
│ gf180mcu_fd_sc_mcu9t5v0__aoi22_4                                                                                                    │ 4                      │
│ gf180mcu_fd_sc_mcu9t5v0__buf_12                                                                                                     │ 21                     │
│ gf180mcu_fd_sc_mcu9t5v0__buf_16                                                                                                     │ 1                      │
│ gf180mcu_fd_sc_mcu9t5v0__buf_2                                                                                                      │ 3                      │
│ gf180mcu_fd_sc_mcu9t5v0__buf_4                                                                                                      │ 65                     │
│ gf180mcu_fd_sc_mcu9t5v0__buf_8                                                                                                      │ 27                     │
│ gf180mcu_fd_sc_mcu9t5v0__clkbuf_12                                                                                                  │ 10                     │
│ gf180mcu_fd_sc_mcu9t5v0__clkbuf_16                                                                                                  │ 26                     │
│ gf180mcu_fd_sc_mcu9t5v0__clkbuf_2                                                                                                   │ 1                      │
│ gf180mcu_fd_sc_mcu9t5v0__clkbuf_20                                                                                                  │ 6                      │
│ gf180mcu_fd_sc_mcu9t5v0__clkbuf_4                                                                                                   │ 24                     │
│ gf180mcu_fd_sc_mcu9t5v0__clkbuf_8                                                                                                   │ 193                    │
│ gf180mcu_fd_sc_mcu9t5v0__clkinv_1                                                                                                   │ 490                    │
│ gf180mcu_fd_sc_mcu9t5v0__clkinv_12                                                                                                  │ 1                      │
│ gf180mcu_fd_sc_mcu9t5v0__clkinv_16                                                                                                  │ 1                      │
│ gf180mcu_fd_sc_mcu9t5v0__clkinv_20                                                                                                  │ 2                      │
│ gf180mcu_fd_sc_mcu9t5v0__clkinv_4                                                                                                   │ 4                      │
│ gf180mcu_fd_sc_mcu9t5v0__clkinv_8                                                                                                   │ 5                      │
│ gf180mcu_fd_sc_mcu9t5v0__dffq_1                                                                                                     │ 540                    │
│ gf180mcu_fd_sc_mcu9t5v0__dffrnq_1                                                                                                   │ 1435                   │
│ gf180mcu_fd_sc_mcu9t5v0__dffrnq_2                                                                                                   │ 5                      │
│ gf180mcu_fd_sc_mcu9t5v0__dffrnq_4                                                                                                   │ 2                      │
│ gf180mcu_fd_sc_mcu9t5v0__dffsnq_1                                                                                                   │ 7                      │
│ gf180mcu_fd_sc_mcu9t5v0__dlyd_1                                                                                                     │ 19                     │
│ gf180mcu_fd_sc_mcu9t5v0__endcap                                                                                                     │ 718                    │
│ gf180mcu_fd_sc_mcu9t5v0__fill_1                                                                                                     │ 7580                   │
│ gf180mcu_fd_sc_mcu9t5v0__fill_2                                                                                                     │ 8516                   │
│ gf180mcu_fd_sc_mcu9t5v0__fillcap_16                                                                                                 │ 1975                   │
│ gf180mcu_fd_sc_mcu9t5v0__fillcap_32                                                                                                 │ 704                    │
│ gf180mcu_fd_sc_mcu9t5v0__fillcap_4                                                                                                  │ 4660                   │
│ gf180mcu_fd_sc_mcu9t5v0__fillcap_64                                                                                                 │ 61                     │
│ gf180mcu_fd_sc_mcu9t5v0__fillcap_8                                                                                                  │ 3198                   │
│ gf180mcu_fd_sc_mcu9t5v0__filltie                                                                                                    │ 4153                   │
│ gf180mcu_fd_sc_mcu9t5v0__inv_1                                                                                                      │ 3                      │
│ gf180mcu_fd_sc_mcu9t5v0__inv_2                                                                                                      │ 21                     │
│ gf180mcu_fd_sc_mcu9t5v0__inv_3                                                                                                      │ 15                     │
│ gf180mcu_fd_sc_mcu9t5v0__inv_4                                                                                                      │ 27                     │
│ gf180mcu_fd_sc_mcu9t5v0__inv_8                                                                                                      │ 2                      │
│ gf180mcu_fd_sc_mcu9t5v0__mux2_1                                                                                                     │ 1914                   │
│ gf180mcu_fd_sc_mcu9t5v0__mux4_1                                                                                                     │ 25                     │
│ gf180mcu_fd_sc_mcu9t5v0__nand2_1                                                                                                    │ 1803                   │
│ gf180mcu_fd_sc_mcu9t5v0__nand2_2                                                                                                    │ 16                     │
│ gf180mcu_fd_sc_mcu9t5v0__nand2_4                                                                                                    │ 14                     │
│ gf180mcu_fd_sc_mcu9t5v0__nand3_1                                                                                                    │ 268                    │
│ gf180mcu_fd_sc_mcu9t5v0__nand3_2                                                                                                    │ 4                      │
│ gf180mcu_fd_sc_mcu9t5v0__nand3_4                                                                                                    │ 2                      │
│ gf180mcu_fd_sc_mcu9t5v0__nand4_1                                                                                                    │ 45                     │
│ gf180mcu_fd_sc_mcu9t5v0__nand4_4                                                                                                    │ 1                      │
│ gf180mcu_fd_sc_mcu9t5v0__nor2_1                                                                                                     │ 904                    │
│ gf180mcu_fd_sc_mcu9t5v0__nor2_2                                                                                                     │ 15                     │
│ gf180mcu_fd_sc_mcu9t5v0__nor2_4                                                                                                     │ 8                      │
│ gf180mcu_fd_sc_mcu9t5v0__nor3_1                                                                                                     │ 92                     │
│ gf180mcu_fd_sc_mcu9t5v0__nor3_2                                                                                                     │ 3                      │
│ gf180mcu_fd_sc_mcu9t5v0__nor3_4                                                                                                     │ 7                      │
│ gf180mcu_fd_sc_mcu9t5v0__nor4_1                                                                                                     │ 24                     │
│ gf180mcu_fd_sc_mcu9t5v0__nor4_2                                                                                                     │ 2                      │
│ gf180mcu_fd_sc_mcu9t5v0__nor4_4                                                                                                     │ 3                      │
│ gf180mcu_fd_sc_mcu9t5v0__oai211_1                                                                                                   │ 253                    │
│ gf180mcu_fd_sc_mcu9t5v0__oai211_2                                                                                                   │ 3                      │
│ gf180mcu_fd_sc_mcu9t5v0__oai211_4                                                                                                   │ 5                      │
│ gf180mcu_fd_sc_mcu9t5v0__oai21_1                                                                                                    │ 544                    │
│ gf180mcu_fd_sc_mcu9t5v0__oai21_2                                                                                                    │ 4                      │
│ gf180mcu_fd_sc_mcu9t5v0__oai21_4                                                                                                    │ 4                      │
│ gf180mcu_fd_sc_mcu9t5v0__oai221_1                                                                                                   │ 43                     │
│ gf180mcu_fd_sc_mcu9t5v0__oai222_1                                                                                                   │ 2                      │
│ gf180mcu_fd_sc_mcu9t5v0__oai222_4                                                                                                   │ 2                      │
│ gf180mcu_fd_sc_mcu9t5v0__oai22_1                                                                                                    │ 60                     │
│ gf180mcu_fd_sc_mcu9t5v0__oai22_2                                                                                                    │ 1                      │
│ gf180mcu_fd_sc_mcu9t5v0__oai31_1                                                                                                    │ 220                    │
│ gf180mcu_fd_sc_mcu9t5v0__oai31_2                                                                                                    │ 2                      │
│ gf180mcu_fd_sc_mcu9t5v0__oai31_4                                                                                                    │ 4                      │
│ gf180mcu_fd_sc_mcu9t5v0__oai32_1                                                                                                    │ 47                     │
│ gf180mcu_fd_sc_mcu9t5v0__oai32_4                                                                                                    │ 2                      │
│ gf180mcu_fd_sc_mcu9t5v0__or2_1                                                                                                      │ 110                    │
│ gf180mcu_fd_sc_mcu9t5v0__or2_2                                                                                                      │ 2                      │
│ gf180mcu_fd_sc_mcu9t5v0__or2_4                                                                                                      │ 3                      │
│ gf180mcu_fd_sc_mcu9t5v0__or3_1                                                                                                      │ 14                     │
│ gf180mcu_fd_sc_mcu9t5v0__or3_2                                                                                                      │ 2                      │
│ gf180mcu_fd_sc_mcu9t5v0__or4_1                                                                                                      │ 6                      │
│ gf180mcu_fd_sc_mcu9t5v0__or4_4                                                                                                      │ 2                      │
│ gf180mcu_fd_sc_mcu9t5v0__xnor2_1                                                                                                    │ 279                    │
│ gf180mcu_fd_sc_mcu9t5v0__xnor3_1                                                                                                    │ 103                    │
│ gf180mcu_fd_sc_mcu9t5v0__xor2_1                                                                                                     │ 194                    │
│ gf180mcu_fd_sc_mcu9t5v0__xor3_1                                                                                                     │ 25                     │
└─────────────────────────────────────────────────────────────────────────────────────────────────────────────────────────────────────┴────────────────────────┘
