
22. Executing PROC_DLATCH pass (convert process syncs to latches).
No latch inferred for signal `\unified_mixed_radix_core.\narrow$func$/foss/designs/butterfold/rtl_sram/unified_mixed_radix_core.v:112$143.$result' from process `\unified_mixed_radix_core.$proc$/foss/designs/butterfold/rtl_sram/unified_mixed_radix_core.v:112$228'.
No latch inferred for signal `\unified_mixed_radix_core.\narrow$func$/foss/designs/butterfold/rtl_sram/unified_mixed_radix_core.v:112$149.$result' from process `\unified_mixed_radix_core.$proc$/foss/designs/butterfold/rtl_sram/unified_mixed_radix_core.v:112$228'.
No latch inferred for signal `\unified_mixed_radix_core.\narrow$func$/foss/designs/butterfold/rtl_sram/unified_mixed_radix_core.v:112$149.v' from process `\unified_mixed_radix_core.$proc$/foss/designs/butterfold/rtl_sram/unified_mixed_radix_core.v:112$228'.
No latch inferred for signal `\unified_mixed_radix_core.\narrow$func$/foss/designs/butterfold/rtl_sram/unified_mixed_radix_core.v:112$149.r' from process `\unified_mixed_radix_core.$proc$/foss/designs/butterfold/rtl_sram/unified_mixed_radix_core.v:112$228'.
No latch inferred for signal `\unified_mixed_radix_core.\narrow$func$/foss/designs/butterfold/rtl_sram/unified_mixed_radix_core.v:112$142.$result' from process `\unified_mixed_radix_core.$proc$/foss/designs/butterfold/rtl_sram/unified_mixed_radix_core.v:112$217'.
No latch inferred for signal `\unified_mixed_radix_core.\narrow$func$/foss/designs/butterfold/rtl_sram/unified_mixed_radix_core.v:112$148.$result' from process `\unified_mixed_radix_core.$proc$/foss/designs/butterfold/rtl_sram/unified_mixed_radix_core.v:112$217'.
No latch inferred for signal `\unified_mixed_radix_core.\narrow$func$/foss/designs/butterfold/rtl_sram/unified_mixed_radix_core.v:112$148.v' from process `\unified_mixed_radix_core.$proc$/foss/designs/butterfold/rtl_sram/unified_mixed_radix_core.v:112$217'.
No latch inferred for signal `\unified_mixed_radix_core.\narrow$func$/foss/designs/butterfold/rtl_sram/unified_mixed_radix_core.v:112$148.r' from process `\unified_mixed_radix_core.$proc$/foss/designs/butterfold/rtl_sram/unified_mixed_radix_core.v:112$217'.
No latch inferred for signal `\unified_mixed_radix_core.\sat16$func$/foss/designs/butterfold/rtl_sram/unified_mixed_radix_core.v:100$141.$result' from process `\unified_mixed_radix_core.$proc$/foss/designs/butterfold/rtl_sram/unified_mixed_radix_core.v:100$206'.
No latch inferred for signal `\unified_mixed_radix_core.\sat16$func$/foss/designs/butterfold/rtl_sram/unified_mixed_radix_core.v:100$147.$result' from process `\unified_mixed_radix_core.$proc$/foss/designs/butterfold/rtl_sram/unified_mixed_radix_core.v:100$206'.
No latch inferred for signal `\unified_mixed_radix_core.\sat16$func$/foss/designs/butterfold/rtl_sram/unified_mixed_radix_core.v:100$147.x' from process `\unified_mixed_radix_core.$proc$/foss/designs/butterfold/rtl_sram/unified_mixed_radix_core.v:100$206'.
No latch inferred for signal `\unified_mixed_radix_core.\sat16$func$/foss/designs/butterfold/rtl_sram/unified_mixed_radix_core.v:99$140.$result' from process `\unified_mixed_radix_core.$proc$/foss/designs/butterfold/rtl_sram/unified_mixed_radix_core.v:99$195'.
No latch inferred for signal `\unified_mixed_radix_core.\sat16$func$/foss/designs/butterfold/rtl_sram/unified_mixed_radix_core.v:99$146.$result' from process `\unified_mixed_radix_core.$proc$/foss/designs/butterfold/rtl_sram/unified_mixed_radix_core.v:99$195'.
No latch inferred for signal `\unified_mixed_radix_core.\sat16$func$/foss/designs/butterfold/rtl_sram/unified_mixed_radix_core.v:99$146.x' from process `\unified_mixed_radix_core.$proc$/foss/designs/butterfold/rtl_sram/unified_mixed_radix_core.v:99$195'.
No latch inferred for signal `\unified_mixed_radix_core.\sat16$func$/foss/designs/butterfold/rtl_sram/unified_mixed_radix_core.v:98$139.$result' from process `\unified_mixed_radix_core.$proc$/foss/designs/butterfold/rtl_sram/unified_mixed_radix_core.v:98$184'.
No latch inferred for signal `\unified_mixed_radix_core.\sat16$func$/foss/designs/butterfold/rtl_sram/unified_mixed_radix_core.v:98$145.$result' from process `\unified_mixed_radix_core.$proc$/foss/designs/butterfold/rtl_sram/unified_mixed_radix_core.v:98$184'.
No latch inferred for signal `\unified_mixed_radix_core.\sat16$func$/foss/designs/butterfold/rtl_sram/unified_mixed_radix_core.v:98$145.x' from process `\unified_mixed_radix_core.$proc$/foss/designs/butterfold/rtl_sram/unified_mixed_radix_core.v:98$184'.
No latch inferred for signal `\unified_mixed_radix_core.\sat16$func$/foss/designs/butterfold/rtl_sram/unified_mixed_radix_core.v:97$138.$result' from process `\unified_mixed_radix_core.$proc$/foss/designs/butterfold/rtl_sram/unified_mixed_radix_core.v:97$173'.
No latch inferred for signal `\unified_mixed_radix_core.\sat16$func$/foss/designs/butterfold/rtl_sram/unified_mixed_radix_core.v:97$144.$result' from process `\unified_mixed_radix_core.$proc$/foss/designs/butterfold/rtl_sram/unified_mixed_radix_core.v:97$173'.
No latch inferred for signal `\unified_mixed_radix_core.\sat16$func$/foss/designs/butterfold/rtl_sram/unified_mixed_radix_core.v:97$144.x' from process `\unified_mixed_radix_core.$proc$/foss/designs/butterfold/rtl_sram/unified_mixed_radix_core.v:97$173'.
No latch inferred for signal `\unified_mixed_radix_core.\mem_a' from process `\unified_mixed_radix_core.$proc$/foss/designs/butterfold/rtl_sram/unified_mixed_radix_core.v:115$165'.
No latch inferred for signal `\unified_mixed_radix_core.\mem_we' from process `\unified_mixed_radix_core.$proc$/foss/designs/butterfold/rtl_sram/unified_mixed_radix_core.v:115$165'.
No latch inferred for signal `\unified_mixed_radix_core.\re_d' from process `\unified_mixed_radix_core.$proc$/foss/designs/butterfold/rtl_sram/unified_mixed_radix_core.v:115$165'.
No latch inferred for signal `\unified_mixed_radix_core.\im_d' from process `\unified_mixed_radix_core.$proc$/foss/designs/butterfold/rtl_sram/unified_mixed_radix_core.v:115$165'.
No latch inferred for signal `\twiddle_source.\base_re' from process `\twiddle_source.$proc$/foss/designs/butterfold/rtl/twiddle_source.v:16$132'.
No latch inferred for signal `\twiddle_source.\base_im' from process `\twiddle_source.$proc$/foss/designs/butterfold/rtl/twiddle_source.v:16$132'.
No latch inferred for signal `\scheduler_addr_control.\uop_valid' from process `\scheduler_addr_control.$proc$/foss/designs/butterfold/rtl/scheduler_addr_control.v:99$258'.
No latch inferred for signal `\scheduler_addr_control.\uop_radix' from process `\scheduler_addr_control.$proc$/foss/designs/butterfold/rtl/scheduler_addr_control.v:99$258'.
No latch inferred for signal `\scheduler_addr_control.\uop_inverse' from process `\scheduler_addr_control.$proc$/foss/designs/butterfold/rtl/scheduler_addr_control.v:99$258'.
No latch inferred for signal `\scheduler_addr_control.\uop_scale_shift' from process `\scheduler_addr_control.$proc$/foss/designs/butterfold/rtl/scheduler_addr_control.v:99$258'.
No latch inferred for signal `\scheduler_addr_control.\uop_last' from process `\scheduler_addr_control.$proc$/foss/designs/butterfold/rtl/scheduler_addr_control.v:99$258'.
No latch inferred for signal `\scheduler_addr_control.\src_addr_0' from process `\scheduler_addr_control.$proc$/foss/designs/butterfold/rtl/scheduler_addr_control.v:99$258'.
No latch inferred for signal `\scheduler_addr_control.\src_addr_1' from process `\scheduler_addr_control.$proc$/foss/designs/butterfold/rtl/scheduler_addr_control.v:99$258'.
No latch inferred for signal `\scheduler_addr_control.\dst_addr_0' from process `\scheduler_addr_control.$proc$/foss/designs/butterfold/rtl/scheduler_addr_control.v:99$258'.
No latch inferred for signal `\scheduler_addr_control.\dst_addr_1' from process `\scheduler_addr_control.$proc$/foss/designs/butterfold/rtl/scheduler_addr_control.v:99$258'.
No latch inferred for signal `\scheduler_addr_control.\tw_addr' from process `\scheduler_addr_control.$proc$/foss/designs/butterfold/rtl/scheduler_addr_control.v:99$258'.
No latch inferred for signal `\scheduler_addr_control.\tw_conjugate' from process `\scheduler_addr_control.$proc$/foss/designs/butterfold/rtl/scheduler_addr_control.v:99$258'.
