Clock: core_clk
Sources: clk 
Generated: no
Virtual: yes
Propagated: no
Period: 16.276043

===========================================================================
report_clock_properties
============================================================================
Clock                   Period          Waveform
----------------------------------------------------
core_clk             16.276043    0.000000  8.138021

===========================================================================
report_clock_latency
============================================================================
Clock core_clk
rise -> rise
    min     max
0.000000 0.000000 source latency
1.190739         network latency u_transform_scheduler_core.u_fft_scratch_sram.u_hi.u_sram/CLK
        1.347525 network latency _20376_/CLK
---------------
1.190739 1.347525 latency
        0.156786 skew

fall -> fall
    min     max
0.000000 0.000000 source latency
1.164320         network latency u_transform_scheduler_core.u_fft_scratch_sram.u_hi.u_sram/CLK
        1.353662 network latency _20376_/CLK
---------------
1.164320 1.353662 latency
        0.189342 skew



===========================================================================
report_clock_min_period
============================================================================
core_clk period_min = 10.43 fmax = 95.87
