[WARNING ORD-0039] .openroad ignored with -python
                                Cells by Master                                 
┏━━━━━━━━━━━━━━━━━━━━━━━━━━━━━━━━━━━━━━━━━━━━━━━━━━━━━━━━━━━━━━━━━┳━━━━━━━━━━━━┓
┃ Cell                                                            ┃ Count      ┃
┡━━━━━━━━━━━━━━━━━━━━━━━━━━━━━━━━━━━━━━━━━━━━━━━━━━━━━━━━━━━━━━━━━╇━━━━━━━━━━━━┩
│ gf180mcu_fd_ip_sram__sram256x8m8wm1                             │ 2          │
│ gf180mcu_fd_sc_mcu7t5v0__and2_1                                 │ 212        │
│ gf180mcu_fd_sc_mcu7t5v0__and2_2                                 │ 1          │
│ gf180mcu_fd_sc_mcu7t5v0__and3_1                                 │ 55         │
│ gf180mcu_fd_sc_mcu7t5v0__and4_1                                 │ 27         │
│ gf180mcu_fd_sc_mcu7t5v0__and4_2                                 │ 1          │
│ gf180mcu_fd_sc_mcu7t5v0__and4_4                                 │ 1          │
│ gf180mcu_fd_sc_mcu7t5v0__antenna                                │ 57         │
│ gf180mcu_fd_sc_mcu7t5v0__aoi211_1                               │ 165        │
│ gf180mcu_fd_sc_mcu7t5v0__aoi211_2                               │ 2          │
│ gf180mcu_fd_sc_mcu7t5v0__aoi211_4                               │ 2          │
│ gf180mcu_fd_sc_mcu7t5v0__aoi21_1                                │ 917        │
│ gf180mcu_fd_sc_mcu7t5v0__aoi21_2                                │ 12         │
│ gf180mcu_fd_sc_mcu7t5v0__aoi21_4                                │ 6          │
│ gf180mcu_fd_sc_mcu7t5v0__aoi221_1                               │ 362        │
│ gf180mcu_fd_sc_mcu7t5v0__aoi221_2                               │ 1          │
│ gf180mcu_fd_sc_mcu7t5v0__aoi222_1                               │ 36         │
│ gf180mcu_fd_sc_mcu7t5v0__aoi222_2                               │ 1          │
│ gf180mcu_fd_sc_mcu7t5v0__aoi22_1                                │ 265        │
│ gf180mcu_fd_sc_mcu7t5v0__buf_1                                  │ 13         │
│ gf180mcu_fd_sc_mcu7t5v0__buf_2                                  │ 182        │
│ gf180mcu_fd_sc_mcu7t5v0__buf_3                                  │ 16         │
│ gf180mcu_fd_sc_mcu7t5v0__buf_4                                  │ 95         │
│ gf180mcu_fd_sc_mcu7t5v0__buf_8                                  │ 14         │
│ gf180mcu_fd_sc_mcu7t5v0__clkbuf_1                               │ 102        │
│ gf180mcu_fd_sc_mcu7t5v0__clkbuf_16                              │ 9          │
│ gf180mcu_fd_sc_mcu7t5v0__clkbuf_2                               │ 153        │
│ gf180mcu_fd_sc_mcu7t5v0__clkbuf_3                               │ 3          │
│ gf180mcu_fd_sc_mcu7t5v0__clkbuf_4                               │ 13         │
│ gf180mcu_fd_sc_mcu7t5v0__clkbuf_8                               │ 437        │
│ gf180mcu_fd_sc_mcu7t5v0__clkinv_1                               │ 641        │
│ gf180mcu_fd_sc_mcu7t5v0__clkinv_2                               │ 42         │
│ gf180mcu_fd_sc_mcu7t5v0__clkinv_3                               │ 3          │
│ gf180mcu_fd_sc_mcu7t5v0__clkinv_4                               │ 8          │
│ gf180mcu_fd_sc_mcu7t5v0__clkinv_8                               │ 4          │
│ gf180mcu_fd_sc_mcu7t5v0__dffq_1                                 │ 540        │
│ gf180mcu_fd_sc_mcu7t5v0__dffrnq_1                               │ 1435       │
│ gf180mcu_fd_sc_mcu7t5v0__dffrnq_2                               │ 8          │
│ gf180mcu_fd_sc_mcu7t5v0__dffsnq_1                               │ 8          │
│ gf180mcu_fd_sc_mcu7t5v0__dlya_1                                 │ 90         │
│ gf180mcu_fd_sc_mcu7t5v0__dlyb_1                                 │ 1012       │
│ gf180mcu_fd_sc_mcu7t5v0__dlyc_1                                 │ 2          │
│ gf180mcu_fd_sc_mcu7t5v0__endcap                                 │ 878        │
│ gf180mcu_fd_sc_mcu7t5v0__fill_1                                 │ 6543       │
│ gf180mcu_fd_sc_mcu7t5v0__fill_2                                 │ 6119       │
│ gf180mcu_fd_sc_mcu7t5v0__fillcap_16                             │ 2337       │
│ gf180mcu_fd_sc_mcu7t5v0__fillcap_32                             │ 891        │
│ gf180mcu_fd_sc_mcu7t5v0__fillcap_4                              │ 6703       │
│ gf180mcu_fd_sc_mcu7t5v0__fillcap_64                             │ 1434       │
│ gf180mcu_fd_sc_mcu7t5v0__fillcap_8                              │ 4115       │
│ gf180mcu_fd_sc_mcu7t5v0__filltie                                │ 6304       │
│ gf180mcu_fd_sc_mcu7t5v0__inv_1                                  │ 1          │
│ gf180mcu_fd_sc_mcu7t5v0__inv_2                                  │ 52         │
│ gf180mcu_fd_sc_mcu7t5v0__inv_3                                  │ 38         │
│ gf180mcu_fd_sc_mcu7t5v0__inv_4                                  │ 52         │
│ gf180mcu_fd_sc_mcu7t5v0__inv_8                                  │ 1          │
│ gf180mcu_fd_sc_mcu7t5v0__mux2_2                                 │ 676        │
│ gf180mcu_fd_sc_mcu7t5v0__mux4_1                                 │ 39         │
│ gf180mcu_fd_sc_mcu7t5v0__nand2_1                                │ 2089       │
│ gf180mcu_fd_sc_mcu7t5v0__nand2_2                                │ 7          │
│ gf180mcu_fd_sc_mcu7t5v0__nand2_4                                │ 6          │
│ gf180mcu_fd_sc_mcu7t5v0__nand3_1                                │ 303        │
│ gf180mcu_fd_sc_mcu7t5v0__nand3_2                                │ 2          │
│ gf180mcu_fd_sc_mcu7t5v0__nand3_4                                │ 1          │
│ gf180mcu_fd_sc_mcu7t5v0__nand4_1                                │ 41         │
│ gf180mcu_fd_sc_mcu7t5v0__nand4_2                                │ 3          │
│ gf180mcu_fd_sc_mcu7t5v0__nand4_4                                │ 1          │
│ gf180mcu_fd_sc_mcu7t5v0__nor2_1                                 │ 1061       │
│ gf180mcu_fd_sc_mcu7t5v0__nor2_2                                 │ 8          │
│ gf180mcu_fd_sc_mcu7t5v0__nor2_4                                 │ 3          │
│ gf180mcu_fd_sc_mcu7t5v0__nor3_1                                 │ 242        │
│ gf180mcu_fd_sc_mcu7t5v0__nor3_2                                 │ 4          │
│ gf180mcu_fd_sc_mcu7t5v0__nor4_1                                 │ 28         │
│ gf180mcu_fd_sc_mcu7t5v0__nor4_2                                 │ 2          │
│ gf180mcu_fd_sc_mcu7t5v0__nor4_4                                 │ 1          │
│ gf180mcu_fd_sc_mcu7t5v0__oai211_1                               │ 335        │
│ gf180mcu_fd_sc_mcu7t5v0__oai211_2                               │ 1          │
│ gf180mcu_fd_sc_mcu7t5v0__oai211_4                               │ 2          │
│ gf180mcu_fd_sc_mcu7t5v0__oai21_1                                │ 1196       │
│ gf180mcu_fd_sc_mcu7t5v0__oai21_2                                │ 3          │
│ gf180mcu_fd_sc_mcu7t5v0__oai21_4                                │ 3          │
│ gf180mcu_fd_sc_mcu7t5v0__oai221_1                               │ 93         │
│ gf180mcu_fd_sc_mcu7t5v0__oai221_2                               │ 1          │
│ gf180mcu_fd_sc_mcu7t5v0__oai222_1                               │ 1          │
│ gf180mcu_fd_sc_mcu7t5v0__oai222_4                               │ 1          │
│ gf180mcu_fd_sc_mcu7t5v0__oai22_1                                │ 97         │
│ gf180mcu_fd_sc_mcu7t5v0__oai31_1                                │ 183        │
│ gf180mcu_fd_sc_mcu7t5v0__oai31_4                                │ 2          │
│ gf180mcu_fd_sc_mcu7t5v0__oai32_1                                │ 71         │
│ gf180mcu_fd_sc_mcu7t5v0__oai33_1                                │ 3          │
│ gf180mcu_fd_sc_mcu7t5v0__or2_1                                  │ 191        │
│ gf180mcu_fd_sc_mcu7t5v0__or2_2                                  │ 2          │
│ gf180mcu_fd_sc_mcu7t5v0__or2_4                                  │ 1          │
│ gf180mcu_fd_sc_mcu7t5v0__or3_1                                  │ 39         │
│ gf180mcu_fd_sc_mcu7t5v0__or3_2                                  │ 2          │
│ gf180mcu_fd_sc_mcu7t5v0__or4_1                                  │ 16         │
│ gf180mcu_fd_sc_mcu7t5v0__or4_2                                  │ 1          │
│ gf180mcu_fd_sc_mcu7t5v0__or4_4                                  │ 1          │
│ gf180mcu_fd_sc_mcu7t5v0__xnor2_1                                │ 99         │
│ gf180mcu_fd_sc_mcu7t5v0__xnor3_1                                │ 15         │
│ gf180mcu_fd_sc_mcu7t5v0__xor2_1                                 │ 373        │
│ gf180mcu_fd_sc_mcu7t5v0__xor3_1                                 │ 121        │
└─────────────────────────────────────────────────────────────────┴────────────┘
                               Cells by Function                                
┏━━━━━━━━━━━━━━━━━━━━━━━━━━━━━━━━━━━━━━━━━━━━━━━━━━━━━━━━━━━━━━━━┳━━━━━━━━━━━━━┓
┃ Cell Function                                                  ┃ Count       ┃
┡━━━━━━━━━━━━━━━━━━━━━━━━━━━━━━━━━━━━━━━━━━━━━━━━━━━━━━━━━━━━━━━━╇━━━━━━━━━━━━━┩
│ gf180mcu_fd_sc_mcu7t5v0__and2                                  │ 213         │
│ gf180mcu_fd_sc_mcu7t5v0__and3                                  │ 55          │
│ gf180mcu_fd_sc_mcu7t5v0__and4                                  │ 29          │
│ gf180mcu_fd_sc_mcu7t5v0__aoi21                                 │ 935         │
│ gf180mcu_fd_sc_mcu7t5v0__aoi211                                │ 169         │
│ gf180mcu_fd_sc_mcu7t5v0__aoi22                                 │ 265         │
│ gf180mcu_fd_sc_mcu7t5v0__aoi221                                │ 363         │
│ gf180mcu_fd_sc_mcu7t5v0__aoi222                                │ 37          │
│ gf180mcu_fd_sc_mcu7t5v0__buf                                   │ 320         │
│ gf180mcu_fd_sc_mcu7t5v0__clkbuf                                │ 717         │
│ gf180mcu_fd_sc_mcu7t5v0__clkinv                                │ 698         │
│ gf180mcu_fd_sc_mcu7t5v0__dffq                                  │ 540         │
│ gf180mcu_fd_sc_mcu7t5v0__dffrnq                                │ 1443        │
│ gf180mcu_fd_sc_mcu7t5v0__dffsnq                                │ 8           │
│ gf180mcu_fd_sc_mcu7t5v0__dlya                                  │ 90          │
│ gf180mcu_fd_sc_mcu7t5v0__dlyb                                  │ 1012        │
│ gf180mcu_fd_sc_mcu7t5v0__dlyc                                  │ 2           │
│ gf180mcu_fd_sc_mcu7t5v0__fill                                  │ 12662       │
│ gf180mcu_fd_sc_mcu7t5v0__fillcap                               │ 15480       │
│ gf180mcu_fd_sc_mcu7t5v0__inv                                   │ 144         │
│ gf180mcu_fd_sc_mcu7t5v0__mux2                                  │ 676         │
│ gf180mcu_fd_sc_mcu7t5v0__mux4                                  │ 39          │
│ gf180mcu_fd_sc_mcu7t5v0__nand2                                 │ 2102        │
│ gf180mcu_fd_sc_mcu7t5v0__nand3                                 │ 306         │
│ gf180mcu_fd_sc_mcu7t5v0__nand4                                 │ 45          │
│ gf180mcu_fd_sc_mcu7t5v0__nor2                                  │ 1072        │
│ gf180mcu_fd_sc_mcu7t5v0__nor3                                  │ 246         │
│ gf180mcu_fd_sc_mcu7t5v0__nor4                                  │ 31          │
│ gf180mcu_fd_sc_mcu7t5v0__oai21                                 │ 1202        │
│ gf180mcu_fd_sc_mcu7t5v0__oai211                                │ 338         │
│ gf180mcu_fd_sc_mcu7t5v0__oai22                                 │ 97          │
│ gf180mcu_fd_sc_mcu7t5v0__oai221                                │ 94          │
│ gf180mcu_fd_sc_mcu7t5v0__oai222                                │ 2           │
│ gf180mcu_fd_sc_mcu7t5v0__oai31                                 │ 185         │
│ gf180mcu_fd_sc_mcu7t5v0__oai32                                 │ 71          │
│ gf180mcu_fd_sc_mcu7t5v0__oai33                                 │ 3           │
│ gf180mcu_fd_sc_mcu7t5v0__or2                                   │ 194         │
│ gf180mcu_fd_sc_mcu7t5v0__or3                                   │ 41          │
│ gf180mcu_fd_sc_mcu7t5v0__or4                                   │ 18          │
│ gf180mcu_fd_sc_mcu7t5v0__xnor2                                 │ 99          │
│ gf180mcu_fd_sc_mcu7t5v0__xnor3                                 │ 15          │
│ gf180mcu_fd_sc_mcu7t5v0__xor2                                  │ 373         │
│ gf180mcu_fd_sc_mcu7t5v0__xor3                                  │ 121         │
└────────────────────────────────────────────────────────────────┴─────────────┘
                                  Cells by SCL                                  
┏━━━━━━━━━━━━━━━━━━━━━━━━━━━━━━━━━━━━━━━━━━━━━━━━━━━━━━━━━━━━━┳━━━━━━━━━━━━━━━━┓
┃ SCL                                                         ┃ Count          ┃
┡━━━━━━━━━━━━━━━━━━━━━━━━━━━━━━━━━━━━━━━━━━━━━━━━━━━━━━━━━━━━━╇━━━━━━━━━━━━━━━━┩
│ gf180mcu_fd_sc_mcu7t5v0                                     │ 42552          │
└─────────────────────────────────────────────────────────────┴────────────────┘
                             Buffers by Cell Master                             
┏━━━━━━━━━━━━━━━━━━━━━━━━━━━━━━━━━━━━━━━━━━━━━━━━━━━━━━━━━━━━━━━━━┳━━━━━━━━━━━━┓
┃ Buffer                                                          ┃ Count      ┃
┡━━━━━━━━━━━━━━━━━━━━━━━━━━━━━━━━━━━━━━━━━━━━━━━━━━━━━━━━━━━━━━━━━╇━━━━━━━━━━━━┩
│ gf180mcu_fd_sc_mcu7t5v0__buf_1                                  │ 13         │
│ gf180mcu_fd_sc_mcu7t5v0__buf_2                                  │ 182        │
│ gf180mcu_fd_sc_mcu7t5v0__buf_3                                  │ 16         │
│ gf180mcu_fd_sc_mcu7t5v0__buf_4                                  │ 95         │
│ gf180mcu_fd_sc_mcu7t5v0__buf_8                                  │ 14         │
│ gf180mcu_fd_sc_mcu7t5v0__clkbuf_1                               │ 102        │
│ gf180mcu_fd_sc_mcu7t5v0__clkbuf_16                              │ 9          │
│ gf180mcu_fd_sc_mcu7t5v0__clkbuf_2                               │ 153        │
│ gf180mcu_fd_sc_mcu7t5v0__clkbuf_3                               │ 3          │
│ gf180mcu_fd_sc_mcu7t5v0__clkbuf_4                               │ 13         │
│ gf180mcu_fd_sc_mcu7t5v0__clkbuf_8                               │ 437        │
│ gf180mcu_fd_sc_mcu7t5v0__dlya_1                                 │ 90         │
│ gf180mcu_fd_sc_mcu7t5v0__dlyb_1                                 │ 1012       │
│ gf180mcu_fd_sc_mcu7t5v0__dlyc_1                                 │ 2          │
└─────────────────────────────────────────────────────────────────┴────────────┘
