
===========================================================================
report_checks -path_delay max (Setup)
============================================================================
======================= max_tt_025C_5v00 Corner ===================================

Startpoint: u_sram (rising edge-triggered flip-flop clocked by clk)
Endpoint: q[2] (output port clocked by clk)
Path Group: clk
Path Type: max

Fanout         Cap        Slew       Delay        Time   Description
---------------------------------------------------------------------------------------------
                                  0.000000    0.000000   clock clk (rise edge)
                                  0.000000    0.000000   clock source latency
     4    0.067930    0.305534    0.164027    0.164027 ^ clk (in)
                                                         clk (net)
                      0.305643    0.000000    0.164027 ^ clkbuf_0_clk/I (gf180mcu_fd_sc_mcu7t5v0__clkbuf_16)
     1    0.023253    0.093356    0.270770    0.434797 ^ clkbuf_0_clk/Z (gf180mcu_fd_sc_mcu7t5v0__clkbuf_16)
                                                         clknet_0_clk (net)
                      0.093357    0.000270    0.435067 ^ clkbuf_1_0__f_clk/I (gf180mcu_fd_sc_mcu7t5v0__clkbuf_16)
     1    0.300917    0.341312    0.391073    0.826140 ^ clkbuf_1_0__f_clk/Z (gf180mcu_fd_sc_mcu7t5v0__clkbuf_16)
                                                         clknet_1_0__leaf_clk (net)
                      0.342022    0.008489    0.834629 ^ u_sram/CLK (gf180mcu_fd_ip_sram__sram64x8m8wm1)
     1    0.013501    0.177982    4.495352    5.329981 v u_sram/Q[2] (gf180mcu_fd_ip_sram__sram64x8m8wm1)
                                                         net4 (net)
                      0.177983    0.000402    5.330383 v output4/I (gf180mcu_fd_sc_mcu7t5v0__dlyb_1)
     1    0.074114    0.811719    1.504154    6.834538 v output4/Z (gf180mcu_fd_sc_mcu7t5v0__dlyb_1)
                                                         q[2] (net)
                      0.811719    0.000625    6.835163 v q[2] (out)
                                              6.835163   data arrival time

                                 50.000000   50.000000   clock clk (rise edge)
                                  0.000000   50.000000   clock network delay (propagated)
                                 -0.250000   49.749996   clock uncertainty
                                  0.000000   49.749996   clock reconvergence pessimism
                                -10.000000   39.749996   output external delay
                                             39.749996   data required time
---------------------------------------------------------------------------------------------
                                             39.749996   data required time
                                             -6.835163   data arrival time
---------------------------------------------------------------------------------------------
                                             32.914833   slack (MET)


Startpoint: u_sram (rising edge-triggered flip-flop clocked by clk)
Endpoint: q[3] (output port clocked by clk)
Path Group: clk
Path Type: max

Fanout         Cap        Slew       Delay        Time   Description
---------------------------------------------------------------------------------------------
                                  0.000000    0.000000   clock clk (rise edge)
                                  0.000000    0.000000   clock source latency
     4    0.067930    0.305534    0.164027    0.164027 ^ clk (in)
                                                         clk (net)
                      0.305643    0.000000    0.164027 ^ clkbuf_0_clk/I (gf180mcu_fd_sc_mcu7t5v0__clkbuf_16)
     1    0.023253    0.093356    0.270770    0.434797 ^ clkbuf_0_clk/Z (gf180mcu_fd_sc_mcu7t5v0__clkbuf_16)
                                                         clknet_0_clk (net)
                      0.093357    0.000270    0.435067 ^ clkbuf_1_0__f_clk/I (gf180mcu_fd_sc_mcu7t5v0__clkbuf_16)
     1    0.300917    0.341312    0.391073    0.826140 ^ clkbuf_1_0__f_clk/Z (gf180mcu_fd_sc_mcu7t5v0__clkbuf_16)
                                                         clknet_1_0__leaf_clk (net)
                      0.342022    0.008489    0.834629 ^ u_sram/CLK (gf180mcu_fd_ip_sram__sram64x8m8wm1)
     1    0.013747    0.178267    4.495588    5.330217 v u_sram/Q[3] (gf180mcu_fd_ip_sram__sram64x8m8wm1)
                                                         net5 (net)
                      0.178268    0.000405    5.330622 v output5/I (gf180mcu_fd_sc_mcu7t5v0__dlyb_1)
     1    0.073953    0.810254    1.502742    6.833364 v output5/Z (gf180mcu_fd_sc_mcu7t5v0__dlyb_1)
                                                         q[3] (net)
                      0.810260    0.001255    6.834618 v q[3] (out)
                                              6.834618   data arrival time

                                 50.000000   50.000000   clock clk (rise edge)
                                  0.000000   50.000000   clock network delay (propagated)
                                 -0.250000   49.749996   clock uncertainty
                                  0.000000   49.749996   clock reconvergence pessimism
                                -10.000000   39.749996   output external delay
                                             39.749996   data required time
---------------------------------------------------------------------------------------------
                                             39.749996   data required time
                                             -6.834618   data arrival time
---------------------------------------------------------------------------------------------
                                             32.915379   slack (MET)


Startpoint: u_sram (rising edge-triggered flip-flop clocked by clk)
Endpoint: q[0] (output port clocked by clk)
Path Group: clk
Path Type: max

Fanout         Cap        Slew       Delay        Time   Description
---------------------------------------------------------------------------------------------
                                  0.000000    0.000000   clock clk (rise edge)
                                  0.000000    0.000000   clock source latency
     4    0.067930    0.305534    0.164027    0.164027 ^ clk (in)
                                                         clk (net)
                      0.305643    0.000000    0.164027 ^ clkbuf_0_clk/I (gf180mcu_fd_sc_mcu7t5v0__clkbuf_16)
     1    0.023253    0.093356    0.270770    0.434797 ^ clkbuf_0_clk/Z (gf180mcu_fd_sc_mcu7t5v0__clkbuf_16)
                                                         clknet_0_clk (net)
                      0.093357    0.000270    0.435067 ^ clkbuf_1_0__f_clk/I (gf180mcu_fd_sc_mcu7t5v0__clkbuf_16)
     1    0.300917    0.341312    0.391073    0.826140 ^ clkbuf_1_0__f_clk/Z (gf180mcu_fd_sc_mcu7t5v0__clkbuf_16)
                                                         clknet_1_0__leaf_clk (net)
                      0.342022    0.008489    0.834629 ^ u_sram/CLK (gf180mcu_fd_ip_sram__sram64x8m8wm1)
     1    0.013661    0.178167    4.495505    5.330134 v u_sram/Q[0] (gf180mcu_fd_ip_sram__sram64x8m8wm1)
                                                         net2 (net)
                      0.178168    0.000400    5.330534 v output2/I (gf180mcu_fd_sc_mcu7t5v0__dlyb_1)
     1    0.073864    0.809474    1.502177    6.832712 v output2/Z (gf180mcu_fd_sc_mcu7t5v0__dlyb_1)
                                                         q[0] (net)
                      0.809479    0.001223    6.833935 v q[0] (out)
                                              6.833935   data arrival time

                                 50.000000   50.000000   clock clk (rise edge)
                                  0.000000   50.000000   clock network delay (propagated)
                                 -0.250000   49.749996   clock uncertainty
                                  0.000000   49.749996   clock reconvergence pessimism
                                -10.000000   39.749996   output external delay
                                             39.749996   data required time
---------------------------------------------------------------------------------------------
                                             39.749996   data required time
                                             -6.833935   data arrival time
---------------------------------------------------------------------------------------------
                                             32.916061   slack (MET)


Startpoint: u_sram (rising edge-triggered flip-flop clocked by clk)
Endpoint: q[1] (output port clocked by clk)
Path Group: clk
Path Type: max

Fanout         Cap        Slew       Delay        Time   Description
---------------------------------------------------------------------------------------------
                                  0.000000    0.000000   clock clk (rise edge)
                                  0.000000    0.000000   clock source latency
     4    0.067930    0.305534    0.164027    0.164027 ^ clk (in)
                                                         clk (net)
                      0.305643    0.000000    0.164027 ^ clkbuf_0_clk/I (gf180mcu_fd_sc_mcu7t5v0__clkbuf_16)
     1    0.023253    0.093356    0.270770    0.434797 ^ clkbuf_0_clk/Z (gf180mcu_fd_sc_mcu7t5v0__clkbuf_16)
                                                         clknet_0_clk (net)
                      0.093357    0.000270    0.435067 ^ clkbuf_1_0__f_clk/I (gf180mcu_fd_sc_mcu7t5v0__clkbuf_16)
     1    0.300917    0.341312    0.391073    0.826140 ^ clkbuf_1_0__f_clk/Z (gf180mcu_fd_sc_mcu7t5v0__clkbuf_16)
                                                         clknet_1_0__leaf_clk (net)
                      0.342022    0.008489    0.834629 ^ u_sram/CLK (gf180mcu_fd_ip_sram__sram64x8m8wm1)
     1    0.013746    0.178264    4.495587    5.330215 v u_sram/Q[1] (gf180mcu_fd_ip_sram__sram64x8m8wm1)
                                                         net3 (net)
                      0.178265    0.000399    5.330614 v output3/I (gf180mcu_fd_sc_mcu7t5v0__dlyb_1)
     1    0.073771    0.808708    1.502190    6.832805 v output3/Z (gf180mcu_fd_sc_mcu7t5v0__dlyb_1)
                                                         q[1] (net)
                      0.808708    0.000548    6.833352 v q[1] (out)
                                              6.833352   data arrival time

                                 50.000000   50.000000   clock clk (rise edge)
                                  0.000000   50.000000   clock network delay (propagated)
                                 -0.250000   49.749996   clock uncertainty
                                  0.000000   49.749996   clock reconvergence pessimism
                                -10.000000   39.749996   output external delay
                                             39.749996   data required time
---------------------------------------------------------------------------------------------
                                             39.749996   data required time
                                             -6.833352   data arrival time
---------------------------------------------------------------------------------------------
                                             32.916641   slack (MET)


Startpoint: rst (input port clocked by clk)
Endpoint: _39_ (rising edge-triggered flip-flop clocked by clk)
Path Group: clk
Path Type: max

Fanout         Cap        Slew       Delay        Time   Description
---------------------------------------------------------------------------------------------
                                  0.000000    0.000000   clock clk (rise edge)
                                  0.000000    0.000000   clock network delay (propagated)
                                 10.000000   10.000000 v input external delay
     2    0.005222    0.077559    0.031885   10.031885 v rst (in)
                                                         rst (net)
                      0.077559    0.000000   10.031885 v input1/I (gf180mcu_fd_sc_mcu7t5v0__dlyb_1)
     4    0.124330    1.251909    1.761273   11.793158 v input1/Z (gf180mcu_fd_sc_mcu7t5v0__dlyb_1)
                                                         net1 (net)
                      1.254333    0.031381   11.824539 v _32_/A1 (gf180mcu_fd_sc_mcu7t5v0__nor2_1)
     1    0.011153    0.582425    0.601678   12.426217 ^ _32_/ZN (gf180mcu_fd_sc_mcu7t5v0__nor2_1)
                                                         _01_ (net)
                      0.582425    0.000336   12.426553 ^ _39_/D (gf180mcu_fd_sc_mcu7t5v0__dffq_1)
                                             12.426553   data arrival time

                                 50.000000   50.000000   clock clk (rise edge)
                                  0.000000   50.000000   clock source latency
     4    0.067930    0.305534    0.165663   50.165661 ^ clk (in)
                                                         clk (net)
                      0.305752    0.000000   50.165661 ^ clkbuf_regs_0_clk/I (gf180mcu_fd_sc_mcu7t5v0__clkbuf_16)
     1    0.023543    0.093614    0.271033   50.436695 ^ clkbuf_regs_0_clk/Z (gf180mcu_fd_sc_mcu7t5v0__clkbuf_16)
                                                         clk_regs (net)
                      0.093614    0.000291   50.436985 ^ clkbuf_0_clk_regs/I (gf180mcu_fd_sc_mcu7t5v0__clkbuf_16)
     2    0.046991    0.112486    0.241119   50.678104 ^ clkbuf_0_clk_regs/Z (gf180mcu_fd_sc_mcu7t5v0__clkbuf_16)
                                                         clknet_0_clk_regs (net)
                      0.112487    0.000650   50.678757 ^ clkbuf_1_1__f_clk_regs/I (gf180mcu_fd_sc_mcu7t5v0__clkbuf_16)
     2    0.012242    0.081207    0.219277   50.898033 ^ clkbuf_1_1__f_clk_regs/Z (gf180mcu_fd_sc_mcu7t5v0__clkbuf_16)
                                                         clknet_1_1__leaf_clk_regs (net)
                      0.081207    0.000274   50.898304 ^ _39_/CLK (gf180mcu_fd_sc_mcu7t5v0__dffq_1)
                                 -0.250000   50.648304   clock uncertainty
                                  0.000000   50.648304   clock reconvergence pessimism
                                 -0.264582   50.383724   library setup time
                                             50.383724   data required time
---------------------------------------------------------------------------------------------
                                             50.383724   data required time
                                            -12.426553   data arrival time
---------------------------------------------------------------------------------------------
                                             37.957172   slack (MET)


Startpoint: rst (input port clocked by clk)
Endpoint: _38_ (rising edge-triggered flip-flop clocked by clk)
Path Group: clk
Path Type: max

Fanout         Cap        Slew       Delay        Time   Description
---------------------------------------------------------------------------------------------
                                  0.000000    0.000000   clock clk (rise edge)
                                  0.000000    0.000000   clock network delay (propagated)
                                 10.000000   10.000000 v input external delay
     2    0.005222    0.077559    0.031885   10.031885 v rst (in)
                                                         rst (net)
                      0.077559    0.000000   10.031885 v input1/I (gf180mcu_fd_sc_mcu7t5v0__dlyb_1)
     4    0.124330    1.251909    1.761273   11.793158 v input1/Z (gf180mcu_fd_sc_mcu7t5v0__dlyb_1)
                                                         net1 (net)
                      1.254365    0.031592   11.824750 v _30_/A1 (gf180mcu_fd_sc_mcu7t5v0__nor3_1)
     1    0.005562    0.566002    0.588154   12.412903 ^ _30_/ZN (gf180mcu_fd_sc_mcu7t5v0__nor3_1)
                                                         _00_ (net)
                      0.566002    0.000123   12.413027 ^ _38_/D (gf180mcu_fd_sc_mcu7t5v0__dffq_1)
                                             12.413027   data arrival time

                                 50.000000   50.000000   clock clk (rise edge)
                                  0.000000   50.000000   clock source latency
     4    0.067930    0.305534    0.165663   50.165661 ^ clk (in)
                                                         clk (net)
                      0.305752    0.000000   50.165661 ^ clkbuf_regs_0_clk/I (gf180mcu_fd_sc_mcu7t5v0__clkbuf_16)
     1    0.023543    0.093614    0.271033   50.436695 ^ clkbuf_regs_0_clk/Z (gf180mcu_fd_sc_mcu7t5v0__clkbuf_16)
                                                         clk_regs (net)
                      0.093614    0.000291   50.436985 ^ clkbuf_0_clk_regs/I (gf180mcu_fd_sc_mcu7t5v0__clkbuf_16)
     2    0.046991    0.112486    0.241119   50.678104 ^ clkbuf_0_clk_regs/Z (gf180mcu_fd_sc_mcu7t5v0__clkbuf_16)
                                                         clknet_0_clk_regs (net)
                      0.112486    0.000352   50.678455 ^ clkbuf_1_0__f_clk_regs/I (gf180mcu_fd_sc_mcu7t5v0__clkbuf_16)
     2    0.007763    0.076944    0.215554   50.894009 ^ clkbuf_1_0__f_clk_regs/Z (gf180mcu_fd_sc_mcu7t5v0__clkbuf_16)
                                                         clknet_1_0__leaf_clk_regs (net)
                      0.076944    0.000036   50.894047 ^ _38_/CLK (gf180mcu_fd_sc_mcu7t5v0__dffq_1)
                                 -0.250000   50.644047   clock uncertainty
                                  0.000000   50.644047   clock reconvergence pessimism
                                 -0.264377   50.379669   library setup time
                                             50.379669   data required time
---------------------------------------------------------------------------------------------
                                             50.379669   data required time
                                            -12.413027   data arrival time
---------------------------------------------------------------------------------------------
                                             37.966644   slack (MET)


Startpoint: rst (input port clocked by clk)
Endpoint: _36_ (rising edge-triggered flip-flop clocked by clk)
Path Group: clk
Path Type: max

Fanout         Cap        Slew       Delay        Time   Description
---------------------------------------------------------------------------------------------
                                  0.000000    0.000000   clock clk (rise edge)
                                  0.000000    0.000000   clock network delay (propagated)
                                 10.000000   10.000000 ^ input external delay
     2    0.005222    0.133231    0.051547   10.051547 ^ rst (in)
                                                         rst (net)
                      0.133231    0.000000   10.051547 ^ input1/I (gf180mcu_fd_sc_mcu7t5v0__dlyb_1)
     4    0.124330    2.034195    1.974016   12.025563 ^ input1/Z (gf180mcu_fd_sc_mcu7t5v0__dlyb_1)
                                                         net1 (net)
                      2.035737    0.031505   12.057068 ^ _33_/A2 (gf180mcu_fd_sc_mcu7t5v0__nor2_1)
     1    0.005650    0.559907    0.203175   12.260243 v _33_/ZN (gf180mcu_fd_sc_mcu7t5v0__nor2_1)
                                                         _02_ (net)
                      0.559907    0.000134   12.260377 v _36_/D (gf180mcu_fd_sc_mcu7t5v0__dffq_1)
                                             12.260377   data arrival time

                                 50.000000   50.000000   clock clk (rise edge)
                                  0.000000   50.000000   clock source latency
     4    0.067930    0.305534    0.165663   50.165661 ^ clk (in)
                                                         clk (net)
                      0.305752    0.000000   50.165661 ^ clkbuf_regs_0_clk/I (gf180mcu_fd_sc_mcu7t5v0__clkbuf_16)
     1    0.023543    0.093614    0.271033   50.436695 ^ clkbuf_regs_0_clk/Z (gf180mcu_fd_sc_mcu7t5v0__clkbuf_16)
                                                         clk_regs (net)
                      0.093614    0.000291   50.436985 ^ clkbuf_0_clk_regs/I (gf180mcu_fd_sc_mcu7t5v0__clkbuf_16)
     2    0.046991    0.112486    0.241119   50.678104 ^ clkbuf_0_clk_regs/Z (gf180mcu_fd_sc_mcu7t5v0__clkbuf_16)
                                                         clknet_0_clk_regs (net)
                      0.112487    0.000650   50.678757 ^ clkbuf_1_1__f_clk_regs/I (gf180mcu_fd_sc_mcu7t5v0__clkbuf_16)
     2    0.012242    0.081207    0.219277   50.898033 ^ clkbuf_1_1__f_clk_regs/Z (gf180mcu_fd_sc_mcu7t5v0__clkbuf_16)
                                                         clknet_1_1__leaf_clk_regs (net)
                      0.081208    0.000330   50.898361 ^ _36_/CLK (gf180mcu_fd_sc_mcu7t5v0__dffq_1)
                                 -0.250000   50.648361   clock uncertainty
                                  0.000000   50.648361   clock reconvergence pessimism
                                 -0.387125   50.261238   library setup time
                                             50.261238   data required time
---------------------------------------------------------------------------------------------
                                             50.261238   data required time
                                            -12.260377   data arrival time
---------------------------------------------------------------------------------------------
                                             38.000862   slack (MET)


Startpoint: rst (input port clocked by clk)
Endpoint: _37_ (rising edge-triggered flip-flop clocked by clk)
Path Group: clk
Path Type: max

Fanout         Cap        Slew       Delay        Time   Description
---------------------------------------------------------------------------------------------
                                  0.000000    0.000000   clock clk (rise edge)
                                  0.000000    0.000000   clock network delay (propagated)
                                 10.000000   10.000000 v input external delay
     2    0.005222    0.077559    0.031885   10.031885 v rst (in)
                                                         rst (net)
                      0.077559    0.000000   10.031885 v input1/I (gf180mcu_fd_sc_mcu7t5v0__dlyb_1)
     4    0.124330    1.251909    1.761273   11.793158 v input1/Z (gf180mcu_fd_sc_mcu7t5v0__dlyb_1)
                                                         net1 (net)
                      1.254351    0.031497   11.824656 v _35_/A1 (gf180mcu_fd_sc_mcu7t5v0__nor2_1)
     1    0.007720    0.494752    0.530128   12.354783 ^ _35_/ZN (gf180mcu_fd_sc_mcu7t5v0__nor2_1)
                                                         _03_ (net)
                      0.494752    0.000218   12.355000 ^ _37_/D (gf180mcu_fd_sc_mcu7t5v0__dffq_1)
                                             12.355000   data arrival time

                                 50.000000   50.000000   clock clk (rise edge)
                                  0.000000   50.000000   clock source latency
     4    0.067930    0.305534    0.165663   50.165661 ^ clk (in)
                                                         clk (net)
                      0.305752    0.000000   50.165661 ^ clkbuf_regs_0_clk/I (gf180mcu_fd_sc_mcu7t5v0__clkbuf_16)
     1    0.023543    0.093614    0.271033   50.436695 ^ clkbuf_regs_0_clk/Z (gf180mcu_fd_sc_mcu7t5v0__clkbuf_16)
                                                         clk_regs (net)
                      0.093614    0.000291   50.436985 ^ clkbuf_0_clk_regs/I (gf180mcu_fd_sc_mcu7t5v0__clkbuf_16)
     2    0.046991    0.112486    0.241119   50.678104 ^ clkbuf_0_clk_regs/Z (gf180mcu_fd_sc_mcu7t5v0__clkbuf_16)
                                                         clknet_0_clk_regs (net)
                      0.112486    0.000352   50.678455 ^ clkbuf_1_0__f_clk_regs/I (gf180mcu_fd_sc_mcu7t5v0__clkbuf_16)
     2    0.007763    0.076944    0.215554   50.894009 ^ clkbuf_1_0__f_clk_regs/Z (gf180mcu_fd_sc_mcu7t5v0__clkbuf_16)
                                                         clknet_1_0__leaf_clk_regs (net)
                      0.076944    0.000043   50.894054 ^ _37_/CLK (gf180mcu_fd_sc_mcu7t5v0__dffq_1)
                                 -0.250000   50.644051   clock uncertainty
                                  0.000000   50.644051   clock reconvergence pessimism
                                 -0.259141   50.384911   library setup time
                                             50.384911   data required time
---------------------------------------------------------------------------------------------
                                             50.384911   data required time
                                            -12.355000   data arrival time
---------------------------------------------------------------------------------------------
                                             38.029911   slack (MET)


Startpoint: _36_ (rising edge-triggered flip-flop clocked by clk)
Endpoint: u_sram (rising edge-triggered flip-flop clocked by clk)
Path Group: clk
Path Type: max

Fanout         Cap        Slew       Delay        Time   Description
---------------------------------------------------------------------------------------------
                                  0.000000    0.000000   clock clk (rise edge)
                                  0.000000    0.000000   clock source latency
     4    0.067930    0.305534    0.165662    0.165662 ^ clk (in)
                                                         clk (net)
                      0.305752    0.000000    0.165662 ^ clkbuf_regs_0_clk/I (gf180mcu_fd_sc_mcu7t5v0__clkbuf_16)
     1    0.023543    0.093614    0.271032    0.436694 ^ clkbuf_regs_0_clk/Z (gf180mcu_fd_sc_mcu7t5v0__clkbuf_16)
                                                         clk_regs (net)
                      0.093614    0.000293    0.436987 ^ clkbuf_0_clk_regs/I (gf180mcu_fd_sc_mcu7t5v0__clkbuf_16)
     2    0.046991    0.112486    0.241119    0.678106 ^ clkbuf_0_clk_regs/Z (gf180mcu_fd_sc_mcu7t5v0__clkbuf_16)
                                                         clknet_0_clk_regs (net)
                      0.112487    0.000650    0.678756 ^ clkbuf_1_1__f_clk_regs/I (gf180mcu_fd_sc_mcu7t5v0__clkbuf_16)
     2    0.012242    0.081207    0.219278    0.898034 ^ clkbuf_1_1__f_clk_regs/Z (gf180mcu_fd_sc_mcu7t5v0__clkbuf_16)
                                                         clknet_1_1__leaf_clk_regs (net)
                      0.081208    0.000331    0.898364 ^ _36_/CLK (gf180mcu_fd_sc_mcu7t5v0__dffq_1)
     5    0.038515    0.405652    0.862623    1.760988 v _36_/Q (gf180mcu_fd_sc_mcu7t5v0__dffq_1)
                                                         cnt[0] (net)
                      0.405656    0.000691    1.761678 v hold29/I (gf180mcu_fd_sc_mcu7t5v0__dlyc_1)
     1    0.042526    0.545099    2.074567    3.836245 v hold29/Z (gf180mcu_fd_sc_mcu7t5v0__dlyc_1)
                                                         net28 (net)
                      0.545108    0.001399    3.837644 v u_sram/A[0] (gf180mcu_fd_ip_sram__sram64x8m8wm1)
                                              3.837644   data arrival time

                                 50.000000   50.000000   clock clk (rise edge)
                                  0.000000   50.000000   clock source latency
     4    0.067930    0.305534    0.164029   50.164028 ^ clk (in)
                                                         clk (net)
                      0.305643    0.000000   50.164028 ^ clkbuf_0_clk/I (gf180mcu_fd_sc_mcu7t5v0__clkbuf_16)
     1    0.023253    0.093356    0.270767   50.434795 ^ clkbuf_0_clk/Z (gf180mcu_fd_sc_mcu7t5v0__clkbuf_16)
                                                         clknet_0_clk (net)
                      0.093357    0.000270   50.435062 ^ clkbuf_1_0__f_clk/I (gf180mcu_fd_sc_mcu7t5v0__clkbuf_16)
     1    0.300917    0.341312    0.391076   50.826138 ^ clkbuf_1_0__f_clk/Z (gf180mcu_fd_sc_mcu7t5v0__clkbuf_16)
                                                         clknet_1_0__leaf_clk (net)
                      0.342022    0.008487   50.834625 ^ u_sram/CLK (gf180mcu_fd_ip_sram__sram64x8m8wm1)
                                 -0.250000   50.584625   clock uncertainty
                                  0.000000   50.584625   clock reconvergence pessimism
                                 -0.774741   49.809887   library setup time
                                             49.809887   data required time
---------------------------------------------------------------------------------------------
                                             49.809887   data required time
                                             -3.837644   data arrival time
---------------------------------------------------------------------------------------------
                                             45.972240   slack (MET)


Startpoint: _37_ (rising edge-triggered flip-flop clocked by clk)
Endpoint: u_sram (rising edge-triggered flip-flop clocked by clk)
Path Group: clk
Path Type: max

Fanout         Cap        Slew       Delay        Time   Description
---------------------------------------------------------------------------------------------
                                  0.000000    0.000000   clock clk (rise edge)
                                  0.000000    0.000000   clock source latency
     4    0.067930    0.305534    0.165662    0.165662 ^ clk (in)
                                                         clk (net)
                      0.305752    0.000000    0.165662 ^ clkbuf_regs_0_clk/I (gf180mcu_fd_sc_mcu7t5v0__clkbuf_16)
     1    0.023543    0.093614    0.271032    0.436694 ^ clkbuf_regs_0_clk/Z (gf180mcu_fd_sc_mcu7t5v0__clkbuf_16)
                                                         clk_regs (net)
                      0.093614    0.000293    0.436987 ^ clkbuf_0_clk_regs/I (gf180mcu_fd_sc_mcu7t5v0__clkbuf_16)
     2    0.046991    0.112486    0.241119    0.678106 ^ clkbuf_0_clk_regs/Z (gf180mcu_fd_sc_mcu7t5v0__clkbuf_16)
                                                         clknet_0_clk_regs (net)
                      0.112486    0.000354    0.678460 ^ clkbuf_1_0__f_clk_regs/I (gf180mcu_fd_sc_mcu7t5v0__clkbuf_16)
     2    0.007763    0.076944    0.215551    0.894011 ^ clkbuf_1_0__f_clk_regs/Z (gf180mcu_fd_sc_mcu7t5v0__clkbuf_16)
                                                         clknet_1_0__leaf_clk_regs (net)
                      0.076944    0.000043    0.894055 ^ _37_/CLK (gf180mcu_fd_sc_mcu7t5v0__dffq_1)
     4    0.027410    0.306812    0.794690    1.688745 v _37_/Q (gf180mcu_fd_sc_mcu7t5v0__dffq_1)
                                                         cnt[1] (net)
                      0.306813    0.000511    1.689256 v hold28/I (gf180mcu_fd_sc_mcu7t5v0__dlyc_1)
     1    0.039892    0.522817    2.021293    3.710548 v hold28/Z (gf180mcu_fd_sc_mcu7t5v0__dlyc_1)
                                                         net27 (net)
                      0.522826    0.001325    3.711873 v u_sram/A[1] (gf180mcu_fd_ip_sram__sram64x8m8wm1)
                                              3.711873   data arrival time

                                 50.000000   50.000000   clock clk (rise edge)
                                  0.000000   50.000000   clock source latency
     4    0.067930    0.305534    0.164029   50.164028 ^ clk (in)
                                                         clk (net)
                      0.305643    0.000000   50.164028 ^ clkbuf_0_clk/I (gf180mcu_fd_sc_mcu7t5v0__clkbuf_16)
     1    0.023253    0.093356    0.270767   50.434795 ^ clkbuf_0_clk/Z (gf180mcu_fd_sc_mcu7t5v0__clkbuf_16)
                                                         clknet_0_clk (net)
                      0.093357    0.000270   50.435062 ^ clkbuf_1_0__f_clk/I (gf180mcu_fd_sc_mcu7t5v0__clkbuf_16)
     1    0.300917    0.341312    0.391076   50.826138 ^ clkbuf_1_0__f_clk/Z (gf180mcu_fd_sc_mcu7t5v0__clkbuf_16)
                                                         clknet_1_0__leaf_clk (net)
                      0.342022    0.008487   50.834625 ^ u_sram/CLK (gf180mcu_fd_ip_sram__sram64x8m8wm1)
                                 -0.250000   50.584625   clock uncertainty
                                  0.000000   50.584625   clock reconvergence pessimism
                                 -0.770721   49.813904   library setup time
                                             49.813904   data required time
---------------------------------------------------------------------------------------------
                                             49.813904   data required time
                                             -3.711873   data arrival time
---------------------------------------------------------------------------------------------
                                             46.102032   slack (MET)


Startpoint: _38_ (rising edge-triggered flip-flop clocked by clk)
Endpoint: u_sram (rising edge-triggered flip-flop clocked by clk)
Path Group: clk
Path Type: max

Fanout         Cap        Slew       Delay        Time   Description
---------------------------------------------------------------------------------------------
                                  0.000000    0.000000   clock clk (rise edge)
                                  0.000000    0.000000   clock source latency
     4    0.067930    0.305534    0.165662    0.165662 ^ clk (in)
                                                         clk (net)
                      0.305752    0.000000    0.165662 ^ clkbuf_regs_0_clk/I (gf180mcu_fd_sc_mcu7t5v0__clkbuf_16)
     1    0.023543    0.093614    0.271032    0.436694 ^ clkbuf_regs_0_clk/Z (gf180mcu_fd_sc_mcu7t5v0__clkbuf_16)
                                                         clk_regs (net)
                      0.093614    0.000293    0.436987 ^ clkbuf_0_clk_regs/I (gf180mcu_fd_sc_mcu7t5v0__clkbuf_16)
     2    0.046991    0.112486    0.241119    0.678106 ^ clkbuf_0_clk_regs/Z (gf180mcu_fd_sc_mcu7t5v0__clkbuf_16)
                                                         clknet_0_clk_regs (net)
                      0.112486    0.000354    0.678460 ^ clkbuf_1_0__f_clk_regs/I (gf180mcu_fd_sc_mcu7t5v0__clkbuf_16)
     2    0.007763    0.076944    0.215551    0.894011 ^ clkbuf_1_0__f_clk_regs/Z (gf180mcu_fd_sc_mcu7t5v0__clkbuf_16)
                                                         clknet_1_0__leaf_clk_regs (net)
                      0.076944    0.000036    0.894047 ^ _38_/CLK (gf180mcu_fd_sc_mcu7t5v0__dffq_1)
     3    0.018296    0.227066    0.738596    1.632644 v _38_/Q (gf180mcu_fd_sc_mcu7t5v0__dffq_1)
                                                         cnt[2] (net)
                      0.227067    0.000357    1.633001 v hold27/I (gf180mcu_fd_sc_mcu7t5v0__dlyc_1)
     1    0.041904    0.540062    2.006632    3.639633 v hold27/Z (gf180mcu_fd_sc_mcu7t5v0__dlyc_1)
                                                         net26 (net)
                      0.540070    0.001358    3.640991 v u_sram/A[2] (gf180mcu_fd_ip_sram__sram64x8m8wm1)
                                              3.640991   data arrival time

                                 50.000000   50.000000   clock clk (rise edge)
                                  0.000000   50.000000   clock source latency
     4    0.067930    0.305534    0.164029   50.164028 ^ clk (in)
                                                         clk (net)
                      0.305643    0.000000   50.164028 ^ clkbuf_0_clk/I (gf180mcu_fd_sc_mcu7t5v0__clkbuf_16)
     1    0.023253    0.093356    0.270767   50.434795 ^ clkbuf_0_clk/Z (gf180mcu_fd_sc_mcu7t5v0__clkbuf_16)
                                                         clknet_0_clk (net)
                      0.093357    0.000270   50.435062 ^ clkbuf_1_0__f_clk/I (gf180mcu_fd_sc_mcu7t5v0__clkbuf_16)
     1    0.300917    0.341312    0.391076   50.826138 ^ clkbuf_1_0__f_clk/Z (gf180mcu_fd_sc_mcu7t5v0__clkbuf_16)
                                                         clknet_1_0__leaf_clk (net)
                      0.342022    0.008487   50.834625 ^ u_sram/CLK (gf180mcu_fd_ip_sram__sram64x8m8wm1)
                                 -0.250000   50.584625   clock uncertainty
                                  0.000000   50.584625   clock reconvergence pessimism
                                 -0.773832   49.810795   library setup time
                                             49.810795   data required time
---------------------------------------------------------------------------------------------
                                             49.810795   data required time
                                             -3.640991   data arrival time
---------------------------------------------------------------------------------------------
                                             46.169804   slack (MET)


Startpoint: _39_ (rising edge-triggered flip-flop clocked by clk)
Endpoint: u_sram (rising edge-triggered flip-flop clocked by clk)
Path Group: clk
Path Type: max

Fanout         Cap        Slew       Delay        Time   Description
---------------------------------------------------------------------------------------------
                                  0.000000    0.000000   clock clk (rise edge)
                                  0.000000    0.000000   clock source latency
     4    0.067930    0.305534    0.165662    0.165662 ^ clk (in)
                                                         clk (net)
                      0.305752    0.000000    0.165662 ^ clkbuf_regs_0_clk/I (gf180mcu_fd_sc_mcu7t5v0__clkbuf_16)
     1    0.023543    0.093614    0.271032    0.436694 ^ clkbuf_regs_0_clk/Z (gf180mcu_fd_sc_mcu7t5v0__clkbuf_16)
                                                         clk_regs (net)
                      0.093614    0.000293    0.436987 ^ clkbuf_0_clk_regs/I (gf180mcu_fd_sc_mcu7t5v0__clkbuf_16)
     2    0.046991    0.112486    0.241119    0.678106 ^ clkbuf_0_clk_regs/Z (gf180mcu_fd_sc_mcu7t5v0__clkbuf_16)
                                                         clknet_0_clk_regs (net)
                      0.112487    0.000650    0.678756 ^ clkbuf_1_1__f_clk_regs/I (gf180mcu_fd_sc_mcu7t5v0__clkbuf_16)
     2    0.012242    0.081207    0.219278    0.898034 ^ clkbuf_1_1__f_clk_regs/Z (gf180mcu_fd_sc_mcu7t5v0__clkbuf_16)
                                                         clknet_1_1__leaf_clk_regs (net)
                      0.081207    0.000272    0.898306 ^ _39_/CLK (gf180mcu_fd_sc_mcu7t5v0__dffq_1)
     2    0.013518    0.187153    0.707486    1.605792 v _39_/Q (gf180mcu_fd_sc_mcu7t5v0__dffq_1)
                                                         cnt[3] (net)
                      0.187153    0.000270    1.606062 v hold26/I (gf180mcu_fd_sc_mcu7t5v0__dlyc_1)
     1    0.036382    0.493828    1.955839    3.561901 v hold26/Z (gf180mcu_fd_sc_mcu7t5v0__dlyc_1)
                                                         net25 (net)
                      0.493828    0.000408    3.562310 v u_sram/A[3] (gf180mcu_fd_ip_sram__sram64x8m8wm1)
                                              3.562310   data arrival time

                                 50.000000   50.000000   clock clk (rise edge)
                                  0.000000   50.000000   clock source latency
     4    0.067930    0.305534    0.164029   50.164028 ^ clk (in)
                                                         clk (net)
                      0.305643    0.000000   50.164028 ^ clkbuf_0_clk/I (gf180mcu_fd_sc_mcu7t5v0__clkbuf_16)
     1    0.023253    0.093356    0.270767   50.434795 ^ clkbuf_0_clk/Z (gf180mcu_fd_sc_mcu7t5v0__clkbuf_16)
                                                         clknet_0_clk (net)
                      0.093357    0.000270   50.435062 ^ clkbuf_1_0__f_clk/I (gf180mcu_fd_sc_mcu7t5v0__clkbuf_16)
     1    0.300917    0.341312    0.391076   50.826138 ^ clkbuf_1_0__f_clk/Z (gf180mcu_fd_sc_mcu7t5v0__clkbuf_16)
                                                         clknet_1_0__leaf_clk (net)
                      0.342022    0.008487   50.834625 ^ u_sram/CLK (gf180mcu_fd_ip_sram__sram64x8m8wm1)
                                 -0.250000   50.584625   clock uncertainty
                                  0.000000   50.584625   clock reconvergence pessimism
                                 -0.765490   49.819138   library setup time
                                             49.819138   data required time
---------------------------------------------------------------------------------------------
                                             49.819138   data required time
                                             -3.562310   data arrival time
---------------------------------------------------------------------------------------------
                                             46.256828   slack (MET)



