2026-08-29 01:52:47 +0200: Memory Usage (443764K) : Starting running GF180MCU Klayout DRC runset on /headless/aravindustries-repos/butterfold/butterfold_proto/physical/results/d03_ach_candidate/co6a28_gds/butterfold_top.magic.gds
2026-08-29 01:52:47 +0200: Memory Usage (443764K) : Ruby Version for klayout: 3.2.3
2026-08-29 01:52:47 +0200: Memory Usage (489156K) : Loading database to memory is complete.
2026-08-29 01:52:47 +0200: Memory Usage (489156K) : GF180MCU Klayout DRC runset output at: /headless/aravindustries-repos/butterfold/butterfold_proto/physical/results/d03_ach_candidate/klayout_mslot_co6a28/butterfold_top_mslot.lyrdb
2026-08-29 01:52:47 +0200: Memory Usage (489364K) : Evaluate switches.
2026-08-29 01:52:47 +0200: Memory Usage (489364K) : table_name selected  main
2026-08-29 01:52:47 +0200: Memory Usage (489364K) : CONNECTIVITY_RULES enabled: false
2026-08-29 01:52:47 +0200: Memory Usage (489364K) : Wedge enabled: false
2026-08-29 01:52:47 +0200: Memory Usage (489364K) : Ball enabled: false
2026-08-29 01:52:47 +0200: Memory Usage (489364K) : Gold enabled: false
2026-08-29 01:52:47 +0200: Memory Usage (489364K) : MIM Option selected: B
2026-08-29 01:52:47 +0200: Memory Usage (489364K) : Offgrid enabled:  true
2026-08-29 01:52:47 +0200: Memory Usage (489364K) : Number of threads to use 4
2026-08-29 01:52:47 +0200: Memory Usage (489364K) : Verbose mode: true
2026-08-29 01:52:47 +0200: Memory Usage (489364K) : flat  mode is enabled for main table
2026-08-29 01:52:47 +0200: Memory Usage (489364K) : METAL_TOP Selected is 11K
2026-08-29 01:52:47 +0200: Memory Usage (489364K) : METAL_STACK Selected is 5LM
2026-08-29 01:52:47 +0200: Memory Usage (489364K) : FEOL enabled: true
2026-08-29 01:52:47 +0200: Memory Usage (489364K) : BEOL enabled: true
2026-08-29 01:52:47 +0200: Memory Usage (489364K) : DUMMY enabled: false
2026-08-29 01:52:47 +0200: Memory Usage (489364K) : SLOW_VIA enabled: false
2026-08-29 01:52:47 +0200: Memory Usage (489364K) : Read in polygons from layers.
"polygons" in: layers_def.drc:27
    Polygons (raw): 238122 (flat)  1068 (hierarchical)
    Elapsed: 0.000s  Memory: 477.00M
"merged" in: layers_def.drc:28
    Polygons (raw): 216638 (flat)  216638 (hierarchical)
    Elapsed: 0.810s  Memory: 514.00M
2026-08-29 01:52:48 +0200: Memory Usage (527096K) : comp has 216638 polygons
"polygons" in: layers_def.drc:27
    Polygons (raw): 0 (flat)  0 (hierarchical)
    Elapsed: 0.010s  Memory: 514.00M
"merged" in: layers_def.drc:28
    Polygons (raw): 0 (flat)  0 (hierarchical)
    Elapsed: 0.000s  Memory: 514.00M
2026-08-29 01:52:48 +0200: Memory Usage (527096K) : dnwell has 0 polygons
"polygons" in: layers_def.drc:27
    Polygons (raw): 65296 (flat)  384 (hierarchical)
    Elapsed: 0.000s  Memory: 514.00M
"merged" in: layers_def.drc:28
    Polygons (raw): 422 (flat)  422 (hierarchical)
    Elapsed: 0.260s  Memory: 529.00M
2026-08-29 01:52:48 +0200: Memory Usage (542412K) : nwell has 422 polygons
"polygons" in: layers_def.drc:27
    Polygons (raw): 59032 (flat)  127 (hierarchical)
    Elapsed: 0.010s  Memory: 529.00M
"merged" in: layers_def.drc:28
    Polygons (raw): 307 (flat)  307 (hierarchical)
    Elapsed: 0.230s  Memory: 529.00M
2026-08-29 01:52:48 +0200: Memory Usage (542588K) : lvpwell has 307 polygons
"polygons" in: layers_def.drc:27
    Polygons (raw): 63662 (flat)  247 (hierarchical)
    Elapsed: 0.010s  Memory: 529.00M
"merged" in: layers_def.drc:28
    Polygons (raw): 3 (flat)  3 (hierarchical)
    Elapsed: 0.280s  Memory: 540.00M
2026-08-29 01:52:49 +0200: Memory Usage (553676K) : dualgate has 3 polygons
"polygons" in: layers_def.drc:27
    Polygons (raw): 269897 (flat)  2122 (hierarchical)
    Elapsed: 0.000s  Memory: 540.00M
"merged" in: layers_def.drc:28
    Polygons (raw): 232293 (flat)  232293 (hierarchical)
    Elapsed: 1.090s  Memory: 541.00M
2026-08-29 01:52:50 +0200: Memory Usage (554892K) : poly2 has 232293 polygons
"polygons" in: layers_def.drc:27
    Polygons (raw): 65272 (flat)  378 (hierarchical)
    Elapsed: 0.010s  Memory: 541.00M
"merged" in: layers_def.drc:28
    Polygons (raw): 1417 (flat)  1417 (hierarchical)
    Elapsed: 0.320s  Memory: 566.00M
2026-08-29 01:52:50 +0200: Memory Usage (580408K) : nplus has 1417 polygons
"polygons" in: layers_def.drc:27
    Polygons (raw): 74126 (flat)  381 (hierarchical)
    Elapsed: 0.000s  Memory: 566.00M
"merged" in: layers_def.drc:28
    Polygons (raw): 10152 (flat)  10152 (hierarchical)
    Elapsed: 0.280s  Memory: 566.00M
2026-08-29 01:52:50 +0200: Memory Usage (580408K) : pplus has 10152 polygons
"polygons" in: layers_def.drc:27
    Polygons (raw): 0 (flat)  0 (hierarchical)
    Elapsed: 0.020s  Memory: 566.00M
"merged" in: layers_def.drc:28
    Polygons (raw): 0 (flat)  0 (hierarchical)
    Elapsed: 0.000s  Memory: 566.00M
2026-08-29 01:52:50 +0200: Memory Usage (580408K) : sab has 0 polygons
"polygons" in: layers_def.drc:27
    Polygons (raw): 0 (flat)  0 (hierarchical)
    Elapsed: 0.000s  Memory: 566.00M
"merged" in: layers_def.drc:28
    Polygons (raw): 0 (flat)  0 (hierarchical)
    Elapsed: 0.000s  Memory: 566.00M
2026-08-29 01:52:50 +0200: Memory Usage (580408K) : esd has 0 polygons
"polygons" in: layers_def.drc:27
    Polygons (raw): 0 (flat)  0 (hierarchical)
    Elapsed: 0.000s  Memory: 566.00M
"merged" in: layers_def.drc:28
    Polygons (raw): 0 (flat)  0 (hierarchical)
    Elapsed: 0.000s  Memory: 566.00M
2026-08-29 01:52:50 +0200: Memory Usage (580408K) : resistor has 0 polygons
"polygons" in: layers_def.drc:27
    Polygons (raw): 0 (flat)  0 (hierarchical)
    Elapsed: 0.000s  Memory: 566.00M
"merged" in: layers_def.drc:28
    Polygons (raw): 0 (flat)  0 (hierarchical)
    Elapsed: 0.000s  Memory: 566.00M
2026-08-29 01:52:50 +0200: Memory Usage (580408K) : fhres has 0 polygons
"polygons" in: layers_def.drc:27
    Polygons (raw): 0 (flat)  0 (hierarchical)
    Elapsed: 0.000s  Memory: 566.00M
"merged" in: layers_def.drc:28
    Polygons (raw): 0 (flat)  0 (hierarchical)
    Elapsed: 0.000s  Memory: 566.00M
2026-08-29 01:52:50 +0200: Memory Usage (580408K) : fusetop has 0 polygons
"polygons" in: layers_def.drc:27
    Polygons (raw): 0 (flat)  0 (hierarchical)
    Elapsed: 0.000s  Memory: 566.00M
"merged" in: layers_def.drc:28
    Polygons (raw): 0 (flat)  0 (hierarchical)
    Elapsed: 0.000s  Memory: 566.00M
2026-08-29 01:52:50 +0200: Memory Usage (580408K) : fusewindow_d has 0 polygons
"polygons" in: layers_def.drc:27
    Polygons (raw): 0 (flat)  0 (hierarchical)
    Elapsed: 0.000s  Memory: 566.00M
"merged" in: layers_def.drc:28
    Polygons (raw): 0 (flat)  0 (hierarchical)
    Elapsed: 0.000s  Memory: 566.00M
2026-08-29 01:52:50 +0200: Memory Usage (580408K) : polyfuse has 0 polygons
"polygons" in: layers_def.drc:27
    Polygons (raw): 0 (flat)  0 (hierarchical)
    Elapsed: 0.000s  Memory: 566.00M
"merged" in: layers_def.drc:28
    Polygons (raw): 0 (flat)  0 (hierarchical)
    Elapsed: 0.000s  Memory: 566.00M
2026-08-29 01:52:50 +0200: Memory Usage (580408K) : mvsd has 0 polygons
"polygons" in: layers_def.drc:27
    Polygons (raw): 0 (flat)  0 (hierarchical)
    Elapsed: 0.000s  Memory: 566.00M
"merged" in: layers_def.drc:28
    Polygons (raw): 0 (flat)  0 (hierarchical)
    Elapsed: 0.000s  Memory: 566.00M
2026-08-29 01:52:50 +0200: Memory Usage (580408K) : mvpsd has 0 polygons
"polygons" in: layers_def.drc:27
    Polygons (raw): 0 (flat)  0 (hierarchical)
    Elapsed: 0.000s  Memory: 566.00M
"merged" in: layers_def.drc:28
    Polygons (raw): 0 (flat)  0 (hierarchical)
    Elapsed: 0.000s  Memory: 566.00M
2026-08-29 01:52:50 +0200: Memory Usage (580408K) : nat has 0 polygons
"polygons" in: layers_def.drc:27
    Polygons (raw): 0 (flat)  0 (hierarchical)
    Elapsed: 0.000s  Memory: 566.00M
"merged" in: layers_def.drc:28
    Polygons (raw): 0 (flat)  0 (hierarchical)
    Elapsed: 0.000s  Memory: 566.00M
2026-08-29 01:52:50 +0200: Memory Usage (580408K) : comp_dummy has 0 polygons
"polygons" in: layers_def.drc:27
    Polygons (raw): 0 (flat)  0 (hierarchical)
    Elapsed: 0.000s  Memory: 566.00M
"merged" in: layers_def.drc:28
    Polygons (raw): 0 (flat)  0 (hierarchical)
    Elapsed: 0.000s  Memory: 566.00M
2026-08-29 01:52:50 +0200: Memory Usage (580408K) : poly2_dummy has 0 polygons
"polygons" in: layers_def.drc:27
    Polygons (raw): 0 (flat)  0 (hierarchical)
    Elapsed: 0.000s  Memory: 566.00M
"merged" in: layers_def.drc:28
    Polygons (raw): 0 (flat)  0 (hierarchical)
    Elapsed: 0.000s  Memory: 566.00M
2026-08-29 01:52:50 +0200: Memory Usage (580408K) : schottky_diode has 0 polygons
"polygons" in: layers_def.drc:27
    Polygons (raw): 0 (flat)  0 (hierarchical)
    Elapsed: 0.000s  Memory: 566.00M
"merged" in: layers_def.drc:28
    Polygons (raw): 0 (flat)  0 (hierarchical)
    Elapsed: 0.000s  Memory: 566.00M
2026-08-29 01:52:50 +0200: Memory Usage (580408K) : zener has 0 polygons
"polygons" in: layers_def.drc:27
    Polygons (raw): 0 (flat)  0 (hierarchical)
    Elapsed: 0.000s  Memory: 566.00M
"merged" in: layers_def.drc:28
    Polygons (raw): 0 (flat)  0 (hierarchical)
    Elapsed: 0.000s  Memory: 566.00M
2026-08-29 01:52:50 +0200: Memory Usage (580408K) : res_mk has 0 polygons
"polygons" in: layers_def.drc:27
    Polygons (raw): 0 (flat)  0 (hierarchical)
    Elapsed: 0.000s  Memory: 566.00M
"merged" in: layers_def.drc:28
    Polygons (raw): 0 (flat)  0 (hierarchical)
    Elapsed: 0.000s  Memory: 566.00M
2026-08-29 01:52:50 +0200: Memory Usage (580408K) : opc_drc has 0 polygons
"polygons" in: layers_def.drc:27
    Polygons (raw): 63664 (flat)  248 (hierarchical)
    Elapsed: 0.000s  Memory: 566.00M
"merged" in: layers_def.drc:28
    Polygons (raw): 3 (flat)  3 (hierarchical)
    Elapsed: 0.220s  Memory: 566.00M
2026-08-29 01:52:51 +0200: Memory Usage (580408K) : v5_xtor has 3 polygons
"polygons" in: layers_def.drc:27
    Polygons (raw): 0 (flat)  0 (hierarchical)
    Elapsed: 0.000s  Memory: 566.00M
"merged" in: layers_def.drc:28
    Polygons (raw): 0 (flat)  0 (hierarchical)
    Elapsed: 0.000s  Memory: 566.00M
2026-08-29 01:52:51 +0200: Memory Usage (580408K) : cap_mk has 0 polygons
"polygons" in: layers_def.drc:27
    Polygons (raw): 0 (flat)  0 (hierarchical)
    Elapsed: 0.000s  Memory: 566.00M
"merged" in: layers_def.drc:28
    Polygons (raw): 0 (flat)  0 (hierarchical)
    Elapsed: 0.000s  Memory: 566.00M
2026-08-29 01:52:51 +0200: Memory Usage (580408K) : mos_cap_mk has 0 polygons
"polygons" in: layers_def.drc:27
    Polygons (raw): 0 (flat)  0 (hierarchical)
    Elapsed: 0.000s  Memory: 566.00M
"merged" in: layers_def.drc:28
    Polygons (raw): 0 (flat)  0 (hierarchical)
    Elapsed: 0.000s  Memory: 566.00M
2026-08-29 01:52:51 +0200: Memory Usage (580408K) : ind_mk has 0 polygons
"polygons" in: layers_def.drc:27
    Polygons (raw): 26 (flat)  1 (hierarchical)
    Elapsed: 0.000s  Memory: 566.00M
"merged" in: layers_def.drc:28
    Polygons (raw): 26 (flat)  26 (hierarchical)
    Elapsed: 0.010s  Memory: 566.00M
2026-08-29 01:52:51 +0200: Memory Usage (580408K) : diode_mk has 26 polygons
"polygons" in: layers_def.drc:27
    Polygons (raw): 0 (flat)  0 (hierarchical)
    Elapsed: 0.000s  Memory: 566.00M
"merged" in: layers_def.drc:28
    Polygons (raw): 0 (flat)  0 (hierarchical)
    Elapsed: 0.000s  Memory: 566.00M
2026-08-29 01:52:51 +0200: Memory Usage (580408K) : drc_bjt has 0 polygons
"polygons" in: layers_def.drc:27
    Polygons (raw): 0 (flat)  0 (hierarchical)
    Elapsed: 0.000s  Memory: 566.00M
"merged" in: layers_def.drc:28
    Polygons (raw): 0 (flat)  0 (hierarchical)
    Elapsed: 0.000s  Memory: 566.00M
2026-08-29 01:52:51 +0200: Memory Usage (580408K) : lvs_bjt has 0 polygons
"polygons" in: layers_def.drc:27
    Polygons (raw): 0 (flat)  0 (hierarchical)
    Elapsed: 0.000s  Memory: 566.00M
"merged" in: layers_def.drc:28
    Polygons (raw): 0 (flat)  0 (hierarchical)
    Elapsed: 0.000s  Memory: 566.00M
2026-08-29 01:52:51 +0200: Memory Usage (580408K) : mim_l_mk has 0 polygons
"polygons" in: layers_def.drc:27
    Polygons (raw): 0 (flat)  0 (hierarchical)
    Elapsed: 0.000s  Memory: 566.00M
"merged" in: layers_def.drc:28
    Polygons (raw): 0 (flat)  0 (hierarchical)
    Elapsed: 0.000s  Memory: 566.00M
2026-08-29 01:52:51 +0200: Memory Usage (580408K) : latchup_mk has 0 polygons
"polygons" in: layers_def.drc:27
    Polygons (raw): 0 (flat)  0 (hierarchical)
    Elapsed: 0.000s  Memory: 566.00M
"merged" in: layers_def.drc:28
    Polygons (raw): 0 (flat)  0 (hierarchical)
    Elapsed: 0.000s  Memory: 566.00M
2026-08-29 01:52:51 +0200: Memory Usage (580408K) : guard_ring_mk has 0 polygons
"polygons" in: layers_def.drc:27
    Polygons (raw): 0 (flat)  0 (hierarchical)
    Elapsed: 0.000s  Memory: 566.00M
"merged" in: layers_def.drc:28
    Polygons (raw): 0 (flat)  0 (hierarchical)
    Elapsed: 0.000s  Memory: 566.00M
2026-08-29 01:52:51 +0200: Memory Usage (580408K) : otp_mk has 0 polygons
"polygons" in: layers_def.drc:27
    Polygons (raw): 0 (flat)  0 (hierarchical)
    Elapsed: 0.000s  Memory: 566.00M
"merged" in: layers_def.drc:28
    Polygons (raw): 0 (flat)  0 (hierarchical)
    Elapsed: 0.000s  Memory: 566.00M
2026-08-29 01:52:51 +0200: Memory Usage (580408K) : mtpmark has 0 polygons
"polygons" in: layers_def.drc:27
    Polygons (raw): 0 (flat)  0 (hierarchical)
    Elapsed: 0.000s  Memory: 566.00M
"merged" in: layers_def.drc:28
    Polygons (raw): 0 (flat)  0 (hierarchical)
    Elapsed: 0.000s  Memory: 566.00M
2026-08-29 01:52:51 +0200: Memory Usage (580408K) : neo_ee_mk has 0 polygons
"polygons" in: layers_def.drc:27
    Polygons (raw): 5300 (flat)  6 (hierarchical)
    Elapsed: 0.000s  Memory: 566.00M
"merged" in: layers_def.drc:28
    Polygons (raw): 4 (flat)  4 (hierarchical)
    Elapsed: 0.050s  Memory: 566.00M
2026-08-29 01:52:51 +0200: Memory Usage (580408K) : sramcore has 4 polygons
"polygons" in: layers_def.drc:27
    Polygons (raw): 0 (flat)  0 (hierarchical)
    Elapsed: 0.000s  Memory: 566.00M
"merged" in: layers_def.drc:28
    Polygons (raw): 0 (flat)  0 (hierarchical)
    Elapsed: 0.000s  Memory: 566.00M
2026-08-29 01:52:51 +0200: Memory Usage (580408K) : lvs_rf has 0 polygons
"polygons" in: layers_def.drc:27
    Polygons (raw): 0 (flat)  0 (hierarchical)
    Elapsed: 0.000s  Memory: 566.00M
"merged" in: layers_def.drc:28
    Polygons (raw): 0 (flat)  0 (hierarchical)
    Elapsed: 0.000s  Memory: 566.00M
2026-08-29 01:52:51 +0200: Memory Usage (580408K) : lvs_drain has 0 polygons
"polygons" in: layers_def.drc:27
    Polygons (raw): 0 (flat)  0 (hierarchical)
    Elapsed: 0.000s  Memory: 566.00M
"merged" in: layers_def.drc:28
    Polygons (raw): 0 (flat)  0 (hierarchical)
    Elapsed: 0.000s  Memory: 566.00M
2026-08-29 01:52:51 +0200: Memory Usage (580408K) : ind_mk has 0 polygons
"polygons" in: layers_def.drc:27
    Polygons (raw): 0 (flat)  0 (hierarchical)
    Elapsed: 0.000s  Memory: 566.00M
"merged" in: layers_def.drc:28
    Polygons (raw): 0 (flat)  0 (hierarchical)
    Elapsed: 0.000s  Memory: 566.00M
2026-08-29 01:52:51 +0200: Memory Usage (580408K) : hvpolyrs has 0 polygons
"polygons" in: layers_def.drc:27
    Polygons (raw): 0 (flat)  0 (hierarchical)
    Elapsed: 0.000s  Memory: 566.00M
"merged" in: layers_def.drc:28
    Polygons (raw): 0 (flat)  0 (hierarchical)
    Elapsed: 0.000s  Memory: 566.00M
2026-08-29 01:52:51 +0200: Memory Usage (580408K) : lvs_io has 0 polygons
"polygons" in: layers_def.drc:27
    Polygons (raw): 0 (flat)  0 (hierarchical)
    Elapsed: 0.000s  Memory: 566.00M
"merged" in: layers_def.drc:28
    Polygons (raw): 0 (flat)  0 (hierarchical)
    Elapsed: 0.000s  Memory: 566.00M
2026-08-29 01:52:51 +0200: Memory Usage (580408K) : probe_mk has 0 polygons
"polygons" in: layers_def.drc:27
    Polygons (raw): 0 (flat)  0 (hierarchical)
    Elapsed: 0.000s  Memory: 566.00M
"merged" in: layers_def.drc:28
    Polygons (raw): 0 (flat)  0 (hierarchical)
    Elapsed: 0.000s  Memory: 566.00M
2026-08-29 01:52:51 +0200: Memory Usage (580408K) : esd_mk has 0 polygons
"polygons" in: layers_def.drc:27
    Polygons (raw): 0 (flat)  0 (hierarchical)
    Elapsed: 0.000s  Memory: 566.00M
"merged" in: layers_def.drc:28
    Polygons (raw): 0 (flat)  0 (hierarchical)
    Elapsed: 0.000s  Memory: 566.00M
2026-08-29 01:52:51 +0200: Memory Usage (580408K) : lvs_source has 0 polygons
"polygons" in: layers_def.drc:27
    Polygons (raw): 0 (flat)  0 (hierarchical)
    Elapsed: 0.000s  Memory: 566.00M
"merged" in: layers_def.drc:28
    Polygons (raw): 0 (flat)  0 (hierarchical)
    Elapsed: 0.000s  Memory: 566.00M
2026-08-29 01:52:51 +0200: Memory Usage (580408K) : well_diode_mk has 0 polygons
"polygons" in: layers_def.drc:27
    Polygons (raw): 0 (flat)  0 (hierarchical)
    Elapsed: 0.000s  Memory: 566.00M
"merged" in: layers_def.drc:28
    Polygons (raw): 0 (flat)  0 (hierarchical)
    Elapsed: 0.010s  Memory: 566.00M
2026-08-29 01:52:51 +0200: Memory Usage (580408K) : ldmos_xtor has 0 polygons
"polygons" in: layers_def.drc:27
    Polygons (raw): 0 (flat)  0 (hierarchical)
    Elapsed: 0.000s  Memory: 566.00M
"merged" in: layers_def.drc:28
    Polygons (raw): 0 (flat)  0 (hierarchical)
    Elapsed: 0.000s  Memory: 566.00M
2026-08-29 01:52:51 +0200: Memory Usage (580408K) : plfuse has 0 polygons
"polygons" in: layers_def.drc:27
    Polygons (raw): 0 (flat)  0 (hierarchical)
    Elapsed: 0.000s  Memory: 566.00M
"merged" in: layers_def.drc:28
    Polygons (raw): 0 (flat)  0 (hierarchical)
    Elapsed: 0.000s  Memory: 566.00M
2026-08-29 01:52:51 +0200: Memory Usage (580408K) : efuse_mk has 0 polygons
"polygons" in: layers_def.drc:27
    Polygons (raw): 0 (flat)  0 (hierarchical)
    Elapsed: 0.000s  Memory: 566.00M
"merged" in: layers_def.drc:28
    Polygons (raw): 0 (flat)  0 (hierarchical)
    Elapsed: 0.000s  Memory: 566.00M
2026-08-29 01:52:51 +0200: Memory Usage (580408K) : mcell_feol_mk has 0 polygons
"polygons" in: layers_def.drc:27
    Polygons (raw): 0 (flat)  0 (hierarchical)
    Elapsed: 0.000s  Memory: 566.00M
"merged" in: layers_def.drc:28
    Polygons (raw): 0 (flat)  0 (hierarchical)
    Elapsed: 0.000s  Memory: 566.00M
2026-08-29 01:52:51 +0200: Memory Usage (580408K) : ymtp_mk has 0 polygons
"polygons" in: layers_def.drc:27
    Polygons (raw): 0 (flat)  0 (hierarchical)
    Elapsed: 0.000s  Memory: 566.00M
"merged" in: layers_def.drc:28
    Polygons (raw): 0 (flat)  0 (hierarchical)
    Elapsed: 0.000s  Memory: 566.00M
2026-08-29 01:52:51 +0200: Memory Usage (580408K) : dev_wf_mk has 0 polygons
"polygons" in: layers_def.drc:27
    Polygons (raw): 0 (flat)  0 (hierarchical)
    Elapsed: 0.000s  Memory: 566.00M
"merged" in: layers_def.drc:28
    Polygons (raw): 0 (flat)  0 (hierarchical)
    Elapsed: 0.000s  Memory: 566.00M
2026-08-29 01:52:51 +0200: Memory Usage (580408K) : comp_label has 0 polygons
"polygons" in: layers_def.drc:27
    Polygons (raw): 0 (flat)  0 (hierarchical)
    Elapsed: 0.010s  Memory: 566.00M
"merged" in: layers_def.drc:28
    Polygons (raw): 0 (flat)  0 (hierarchical)
    Elapsed: 0.000s  Memory: 566.00M
2026-08-29 01:52:51 +0200: Memory Usage (580408K) : poly2_label has 0 polygons
"polygons" in: layers_def.drc:27
    Polygons (raw): 0 (flat)  0 (hierarchical)
    Elapsed: 0.000s  Memory: 566.00M
"merged" in: layers_def.drc:28
    Polygons (raw): 0 (flat)  0 (hierarchical)
    Elapsed: 0.000s  Memory: 566.00M
2026-08-29 01:52:51 +0200: Memory Usage (580408K) : mdiode has 0 polygons
"polygons" in: layers_def.drc:27
    Polygons (raw): 0 (flat)  0 (hierarchical)
    Elapsed: 0.000s  Memory: 566.00M
"merged" in: layers_def.drc:28
    Polygons (raw): 0 (flat)  0 (hierarchical)
    Elapsed: 0.000s  Memory: 566.00M
2026-08-29 01:52:51 +0200: Memory Usage (580408K) : ndmy has 0 polygons
"polygons" in: layers_def.drc:27
    Polygons (raw): 0 (flat)  0 (hierarchical)
    Elapsed: 0.000s  Memory: 566.00M
"merged" in: layers_def.drc:28
    Polygons (raw): 0 (flat)  0 (hierarchical)
    Elapsed: 0.000s  Memory: 566.00M
2026-08-29 01:52:51 +0200: Memory Usage (580408K) : pmndmy has 0 polygons
"polygons" in: layers_def.drc:27
    Polygons (raw): 1407186 (flat)  23869 (hierarchical)
    Elapsed: 0.000s  Memory: 566.00M
"merged" in: layers_def.drc:28
    Polygons (raw): 1380000 (flat)  1380000 (hierarchical)
    Elapsed: 3.700s  Memory: 729.00M
2026-08-29 01:52:54 +0200: Memory Usage (747492K) : contact has 1380000 polygons
"polygons" in: layers_def.drc:27
    Polygons (raw): 460213 (flat)  46462 (hierarchical)
    Elapsed: 0.020s  Memory: 729.00M
"merged" in: layers_def.drc:28
    Polygons (raw): 251861 (flat)  251861 (hierarchical)
    Elapsed: 3.690s  Memory: 746.00M
2026-08-29 01:52:58 +0200: Memory Usage (764344K) : metal1_drawn has 251861 polygons
"polygons" in: layers_def.drc:27
    Polygons (raw): 0 (flat)  0 (hierarchical)
    Elapsed: 0.020s  Memory: 746.00M
"merged" in: layers_def.drc:28
    Polygons (raw): 0 (flat)  0 (hierarchical)
    Elapsed: 0.000s  Memory: 746.00M
2026-08-29 01:52:58 +0200: Memory Usage (764344K) : metal1_dummy has 0 polygons
"+" in: layers_def.drc:342
    Polygons (raw): 251861 (flat)  251861 (hierarchical)
    Elapsed: 0.000s  Memory: 746.00M
"polygons" in: layers_def.drc:27
    Polygons (raw): 0 (flat)  0 (hierarchical)
    Elapsed: 0.000s  Memory: 749.00M
"merged" in: layers_def.drc:28
    Polygons (raw): 0 (flat)  0 (hierarchical)
    Elapsed: 0.020s  Memory: 749.00M
2026-08-29 01:52:58 +0200: Memory Usage (767160K) : metal1_label has 0 polygons
"polygons" in: layers_def.drc:27
    Polygons (raw): 0 (flat)  0 (hierarchical)
    Elapsed: 0.000s  Memory: 749.00M
"merged" in: layers_def.drc:28
    Polygons (raw): 0 (flat)  0 (hierarchical)
    Elapsed: 0.000s  Memory: 749.00M
2026-08-29 01:52:58 +0200: Memory Usage (767160K) : metal1_slot has 0 polygons
"polygons" in: layers_def.drc:27
    Polygons (raw): 0 (flat)  0 (hierarchical)
    Elapsed: 0.000s  Memory: 749.00M
"merged" in: layers_def.drc:28
    Polygons (raw): 0 (flat)  0 (hierarchical)
    Elapsed: 0.000s  Memory: 749.00M
2026-08-29 01:52:58 +0200: Memory Usage (767160K) : metal1_blk has 0 polygons
"polygons" in: layers_def.drc:27
    Polygons (raw): 105572 (flat)  51697 (hierarchical)
    Elapsed: 0.000s  Memory: 749.00M
"merged" in: layers_def.drc:28
    Polygons (raw): 96410 (flat)  96410 (hierarchical)
    Elapsed: 0.270s  Memory: 762.00M
2026-08-29 01:52:58 +0200: Memory Usage (780360K) : via1 has 96410 polygons
"polygons" in: layers_def.drc:27
    Polygons (raw): 81631 (flat)  44519 (hierarchical)
    Elapsed: 0.000s  Memory: 762.00M
"merged" in: layers_def.drc:28
    Polygons (raw): 51085 (flat)  51085 (hierarchical)
    Elapsed: 0.550s  Memory: 764.00M
2026-08-29 01:52:59 +0200: Memory Usage (783352K) : metal2_drawn has 51085 polygons
"polygons" in: layers_def.drc:27
    Polygons (raw): 0 (flat)  0 (hierarchical)
    Elapsed: 0.020s  Memory: 764.00M
"merged" in: layers_def.drc:28
    Polygons (raw): 0 (flat)  0 (hierarchical)
    Elapsed: 0.000s  Memory: 764.00M
2026-08-29 01:52:59 +0200: Memory Usage (783352K) : metal2_dummy has 0 polygons
"+" in: layers_def.drc:380
    Polygons (raw): 51085 (flat)  51085 (hierarchical)
    Elapsed: 0.000s  Memory: 764.00M
"polygons" in: layers_def.drc:27
    Polygons (raw): 33 (flat)  33 (hierarchical)
    Elapsed: 0.000s  Memory: 764.00M
"merged" in: layers_def.drc:28
    Polygons (raw): 33 (flat)  33 (hierarchical)
    Elapsed: 0.020s  Memory: 764.00M
2026-08-29 01:52:59 +0200: Memory Usage (783352K) : metal2_label has 33 polygons
"polygons" in: layers_def.drc:27
    Polygons (raw): 0 (flat)  0 (hierarchical)
    Elapsed: 0.000s  Memory: 764.00M
"merged" in: layers_def.drc:28
    Polygons (raw): 0 (flat)  0 (hierarchical)
    Elapsed: 0.000s  Memory: 764.00M
2026-08-29 01:52:59 +0200: Memory Usage (783352K) : metal2_slot has 0 polygons
"polygons" in: layers_def.drc:27
    Polygons (raw): 0 (flat)  0 (hierarchical)
    Elapsed: 0.000s  Memory: 764.00M
"merged" in: layers_def.drc:28
    Polygons (raw): 0 (flat)  0 (hierarchical)
    Elapsed: 0.000s  Memory: 764.00M
2026-08-29 01:52:59 +0200: Memory Usage (783352K) : metal2_blk has 0 polygons
"polygons" in: layers_def.drc:27
    Polygons (raw): 96598 (flat)  58346 (hierarchical)
    Elapsed: 0.000s  Memory: 764.00M
"merged" in: layers_def.drc:28
    Polygons (raw): 93172 (flat)  93172 (hierarchical)
    Elapsed: 0.310s  Memory: 773.00M
2026-08-29 01:52:59 +0200: Memory Usage (791800K) : via2 has 93172 polygons
"polygons" in: layers_def.drc:27
    Polygons (raw): 44453 (flat)  26167 (hierarchical)
    Elapsed: 0.000s  Memory: 773.00M
"merged" in: layers_def.drc:28
    Polygons (raw): 25659 (flat)  25659 (hierarchical)
    Elapsed: 0.170s  Memory: 773.00M
2026-08-29 01:53:00 +0200: Memory Usage (791800K) : metal3_drawn has 25659 polygons
"polygons" in: layers_def.drc:27
    Polygons (raw): 0 (flat)  0 (hierarchical)
    Elapsed: 0.020s  Memory: 773.00M
"merged" in: layers_def.drc:28
    Polygons (raw): 0 (flat)  0 (hierarchical)
    Elapsed: 0.000s  Memory: 773.00M
2026-08-29 01:53:00 +0200: Memory Usage (791800K) : metal3_dummy has 0 polygons
"+" in: layers_def.drc:421
    Polygons (raw): 25659 (flat)  25659 (hierarchical)
    Elapsed: 0.000s  Memory: 773.00M
"polygons" in: layers_def.drc:27
    Polygons (raw): 0 (flat)  0 (hierarchical)
    Elapsed: 0.000s  Memory: 773.00M
"merged" in: layers_def.drc:28
    Polygons (raw): 0 (flat)  0 (hierarchical)
    Elapsed: 0.010s  Memory: 773.00M
2026-08-29 01:53:00 +0200: Memory Usage (791800K) : metal3_label has 0 polygons
"polygons" in: layers_def.drc:27
    Polygons (raw): 0 (flat)  0 (hierarchical)
    Elapsed: 0.000s  Memory: 773.00M
"merged" in: layers_def.drc:28
    Polygons (raw): 0 (flat)  0 (hierarchical)
    Elapsed: 0.000s  Memory: 773.00M
2026-08-29 01:53:00 +0200: Memory Usage (791800K) : metal3_slot has 0 polygons
"polygons" in: layers_def.drc:27
    Polygons (raw): 0 (flat)  0 (hierarchical)
    Elapsed: 0.000s  Memory: 773.00M
"merged" in: layers_def.drc:28
    Polygons (raw): 0 (flat)  0 (hierarchical)
    Elapsed: 0.010s  Memory: 773.00M
2026-08-29 01:53:00 +0200: Memory Usage (791800K) : metal3_blk has 0 polygons
"polygons" in: layers_def.drc:27
    Polygons (raw): 12377 (flat)  12377 (hierarchical)
    Elapsed: 0.000s  Memory: 773.00M
"merged" in: layers_def.drc:28
    Polygons (raw): 12377 (flat)  12377 (hierarchical)
    Elapsed: 0.050s  Memory: 773.00M
2026-08-29 01:53:00 +0200: Memory Usage (791800K) : via3 has 12377 polygons
"polygons" in: layers_def.drc:27
    Polygons (raw): 2335 (flat)  2335 (hierarchical)
    Elapsed: 0.000s  Memory: 773.00M
"merged" in: layers_def.drc:28
    Polygons (raw): 2335 (flat)  2335 (hierarchical)
    Elapsed: 0.030s  Memory: 773.00M
2026-08-29 01:53:00 +0200: Memory Usage (791800K) : metal4_drawn has 2335 polygons
"polygons" in: layers_def.drc:27
    Polygons (raw): 0 (flat)  0 (hierarchical)
    Elapsed: 0.000s  Memory: 773.00M
"merged" in: layers_def.drc:28
    Polygons (raw): 0 (flat)  0 (hierarchical)
    Elapsed: 0.000s  Memory: 773.00M
2026-08-29 01:53:00 +0200: Memory Usage (791800K) : metal4_dummy has 0 polygons
"+" in: layers_def.drc:456
    Polygons (raw): 2335 (flat)  2335 (hierarchical)
    Elapsed: 0.000s  Memory: 773.00M
"polygons" in: layers_def.drc:27
    Polygons (raw): 0 (flat)  0 (hierarchical)
    Elapsed: 0.000s  Memory: 773.00M
"merged" in: layers_def.drc:28
    Polygons (raw): 0 (flat)  0 (hierarchical)
    Elapsed: 0.000s  Memory: 773.00M
2026-08-29 01:53:00 +0200: Memory Usage (791800K) : metal4_label has 0 polygons
"polygons" in: layers_def.drc:27
    Polygons (raw): 0 (flat)  0 (hierarchical)
    Elapsed: 0.000s  Memory: 773.00M
"merged" in: layers_def.drc:28
    Polygons (raw): 0 (flat)  0 (hierarchical)
    Elapsed: 0.000s  Memory: 773.00M
2026-08-29 01:53:00 +0200: Memory Usage (791800K) : metal4_slot has 0 polygons
"polygons" in: layers_def.drc:27
    Polygons (raw): 0 (flat)  0 (hierarchical)
    Elapsed: 0.000s  Memory: 773.00M
"merged" in: layers_def.drc:28
    Polygons (raw): 0 (flat)  0 (hierarchical)
    Elapsed: 0.000s  Memory: 773.00M
2026-08-29 01:53:00 +0200: Memory Usage (791800K) : metal4_blk has 0 polygons
"polygons" in: layers_def.drc:27
    Polygons (raw): 2637 (flat)  2637 (hierarchical)
    Elapsed: 0.000s  Memory: 773.00M
"merged" in: layers_def.drc:28
    Polygons (raw): 2637 (flat)  2637 (hierarchical)
    Elapsed: 0.020s  Memory: 773.00M
2026-08-29 01:53:00 +0200: Memory Usage (791800K) : via4 has 2637 polygons
"polygons" in: layers_def.drc:27
    Polygons (raw): 488 (flat)  488 (hierarchical)
    Elapsed: 0.000s  Memory: 773.00M
"merged" in: layers_def.drc:28
    Polygons (raw): 488 (flat)  488 (hierarchical)
    Elapsed: 0.020s  Memory: 773.00M
2026-08-29 01:53:00 +0200: Memory Usage (791800K) : metal5_drawn has 488 polygons
"polygons" in: layers_def.drc:27
    Polygons (raw): 0 (flat)  0 (hierarchical)
    Elapsed: 0.000s  Memory: 773.00M
"merged" in: layers_def.drc:28
    Polygons (raw): 0 (flat)  0 (hierarchical)
    Elapsed: 0.000s  Memory: 773.00M
2026-08-29 01:53:00 +0200: Memory Usage (791800K) : metal5_dummy has 0 polygons
"+" in: layers_def.drc:491
    Polygons (raw): 488 (flat)  488 (hierarchical)
    Elapsed: 0.000s  Memory: 773.00M
"polygons" in: layers_def.drc:27
    Polygons (raw): 0 (flat)  0 (hierarchical)
    Elapsed: 0.000s  Memory: 773.00M
"merged" in: layers_def.drc:28
    Polygons (raw): 0 (flat)  0 (hierarchical)
    Elapsed: 0.000s  Memory: 773.00M
2026-08-29 01:53:00 +0200: Memory Usage (791800K) : metal5_label has 0 polygons
"polygons" in: layers_def.drc:27
    Polygons (raw): 0 (flat)  0 (hierarchical)
    Elapsed: 0.000s  Memory: 773.00M
"merged" in: layers_def.drc:28
    Polygons (raw): 0 (flat)  0 (hierarchical)
    Elapsed: 0.000s  Memory: 773.00M
2026-08-29 01:53:00 +0200: Memory Usage (791800K) : metal5_slot has 0 polygons
"polygons" in: layers_def.drc:27
    Polygons (raw): 0 (flat)  0 (hierarchical)
    Elapsed: 0.000s  Memory: 773.00M
"merged" in: layers_def.drc:28
    Polygons (raw): 0 (flat)  0 (hierarchical)
    Elapsed: 0.000s  Memory: 773.00M
2026-08-29 01:53:00 +0200: Memory Usage (791800K) : metal5_blk has 0 polygons
"polygons" in: layers_def.drc:27
    Polygons (raw): 0 (flat)  0 (hierarchical)
    Elapsed: 0.000s  Memory: 773.00M
"merged" in: layers_def.drc:28
    Polygons (raw): 0 (flat)  0 (hierarchical)
    Elapsed: 0.000s  Memory: 773.00M
2026-08-29 01:53:00 +0200: Memory Usage (791800K) : pad has 0 polygons
"polygons" in: layers_def.drc:27
    Polygons (raw): 0 (flat)  0 (hierarchical)
    Elapsed: 0.000s  Memory: 773.00M
"merged" in: layers_def.drc:28
    Polygons (raw): 0 (flat)  0 (hierarchical)
    Elapsed: 0.000s  Memory: 773.00M
2026-08-29 01:53:00 +0200: Memory Usage (791800K) : ubmpperi has 0 polygons
"polygons" in: layers_def.drc:27
    Polygons (raw): 0 (flat)  0 (hierarchical)
    Elapsed: 0.000s  Memory: 773.00M
"merged" in: layers_def.drc:28
    Polygons (raw): 0 (flat)  0 (hierarchical)
    Elapsed: 0.000s  Memory: 773.00M
2026-08-29 01:53:00 +0200: Memory Usage (791800K) : ubmparray has 0 polygons
"polygons" in: layers_def.drc:27
    Polygons (raw): 0 (flat)  0 (hierarchical)
    Elapsed: 0.000s  Memory: 773.00M
"merged" in: layers_def.drc:28
    Polygons (raw): 0 (flat)  0 (hierarchical)
    Elapsed: 0.000s  Memory: 773.00M
2026-08-29 01:53:00 +0200: Memory Usage (791800K) : ubmeplate has 0 polygons
"polygons" in: layers_def.drc:27
    Polygons (raw): 0 (flat)  0 (hierarchical)
    Elapsed: 0.000s  Memory: 773.00M
"merged" in: layers_def.drc:28
    Polygons (raw): 0 (flat)  0 (hierarchical)
    Elapsed: 0.000s  Memory: 773.00M
2026-08-29 01:53:00 +0200: Memory Usage (791800K) : metal1_res has 0 polygons
"polygons" in: layers_def.drc:27
    Polygons (raw): 0 (flat)  0 (hierarchical)
    Elapsed: 0.000s  Memory: 773.00M
"merged" in: layers_def.drc:28
    Polygons (raw): 0 (flat)  0 (hierarchical)
    Elapsed: 0.000s  Memory: 773.00M
2026-08-29 01:53:00 +0200: Memory Usage (791800K) : metal2_res has 0 polygons
"polygons" in: layers_def.drc:27
    Polygons (raw): 0 (flat)  0 (hierarchical)
    Elapsed: 0.000s  Memory: 773.00M
"merged" in: layers_def.drc:28
    Polygons (raw): 0 (flat)  0 (hierarchical)
    Elapsed: 0.000s  Memory: 773.00M
2026-08-29 01:53:00 +0200: Memory Usage (791800K) : metal3_res has 0 polygons
"polygons" in: layers_def.drc:27
    Polygons (raw): 0 (flat)  0 (hierarchical)
    Elapsed: 0.000s  Memory: 773.00M
"merged" in: layers_def.drc:28
    Polygons (raw): 0 (flat)  0 (hierarchical)
    Elapsed: 0.000s  Memory: 773.00M
2026-08-29 01:53:00 +0200: Memory Usage (791800K) : metal4_res has 0 polygons
"polygons" in: layers_def.drc:27
    Polygons (raw): 0 (flat)  0 (hierarchical)
    Elapsed: 0.010s  Memory: 773.00M
"merged" in: layers_def.drc:28
    Polygons (raw): 0 (flat)  0 (hierarchical)
    Elapsed: 0.000s  Memory: 773.00M
2026-08-29 01:53:00 +0200: Memory Usage (791800K) : metal5_res has 0 polygons
"polygons" in: layers_def.drc:27
    Polygons (raw): 0 (flat)  0 (hierarchical)
    Elapsed: 0.000s  Memory: 773.00M
"merged" in: layers_def.drc:28
    Polygons (raw): 0 (flat)  0 (hierarchical)
    Elapsed: 0.000s  Memory: 773.00M
2026-08-29 01:53:00 +0200: Memory Usage (791800K) : metal6_res has 0 polygons
"polygons" in: layers_def.drc:27
    Polygons (raw): 64345 (flat)  137 (hierarchical)
    Elapsed: 0.000s  Memory: 773.00M
"merged" in: layers_def.drc:28
    Polygons (raw): 1 (flat)  1 (hierarchical)
    Elapsed: 0.270s  Memory: 790.00M
2026-08-29 01:53:00 +0200: Memory Usage (809928K) : pr_bndry has 1 polygons
"polygons" in: layers_def.drc:27
    Polygons (raw): 0 (flat)  0 (hierarchical)
    Elapsed: 0.000s  Memory: 790.00M
"merged" in: layers_def.drc:28
    Polygons (raw): 0 (flat)  0 (hierarchical)
    Elapsed: 0.000s  Memory: 790.00M
2026-08-29 01:53:00 +0200: Memory Usage (809928K) : border has 0 polygons
2026-08-29 01:53:00 +0200: Memory Usage (809928K) : Total no. of polygons in the design is 2377323
2026-08-29 01:53:00 +0200: Memory Usage (809928K) : Starting deriving base layers.
"-" in: mslot_unified.drc:196
    Polygons (raw): 0 (flat)  0 (hierarchical)
    Elapsed: 0.000s  Memory: 790.00M
"&" in: mslot_unified.drc:197
    Polygons (raw): 0 (flat)  0 (hierarchical)
    Elapsed: 0.000s  Memory: 790.00M
"join" in: mslot_unified.drc:199
    Polygons (raw): 422 (flat)  422 (hierarchical)
    Elapsed: 0.000s  Memory: 790.00M
"&" in: mslot_unified.drc:201
    Polygons (raw): 107454 (flat)  107454 (hierarchical)
    Elapsed: 0.670s  Memory: 790.00M
"&" in: mslot_unified.drc:202
    Polygons (raw): 109184 (flat)  109184 (hierarchical)
    Elapsed: 0.600s  Memory: 794.00M
"&" in: mslot_unified.drc:203
Writing report database: /headless/aravindustries-repos/butterfold/butterfold_proto/physical/results/d03_ach_candidate/klayout_mslot_co6a28/butterfold_top_mslot.lyrdb ..
Total elapsed: 17.020s  Memory: 867.00M
ERROR: SignalException: SIGTERM in Executable::execute
  mslot_unified.drc:203:in `execute'
  :/built-in-macros/drc_interpreters.lym:31:in `instance_eval'
  :/built-in-macros/drc_interpreters.lym:31:in `execute'
