28-Aug-2026 18:15:19 | INFO    | Your Klayout version is: KLayout 0.30.8
28-Aug-2026 18:15:20 | INFO    | ## Generating template with for the following rule tables: ['nat_split.drc']
28-Aug-2026 18:15:20 | INFO    | ## Your run dir located at: /headless/aravindustries-repos/butterfold/butterfold_proto/physical/results/d03_ach_candidate/klayout_drc_pgfix
28-Aug-2026 18:15:20 | INFO    | ## Generating template with for the following rule tables: ['metal1.drc']
28-Aug-2026 18:15:20 | INFO    | ## Your run dir located at: /headless/aravindustries-repos/butterfold/butterfold_proto/physical/results/d03_ach_candidate/klayout_drc_pgfix
28-Aug-2026 18:15:20 | INFO    | ## Generating template with for the following rule tables: ['dummy_metal2.drc']
28-Aug-2026 18:15:20 | INFO    | ## Your run dir located at: /headless/aravindustries-repos/butterfold/butterfold_proto/physical/results/d03_ach_candidate/klayout_drc_pgfix
28-Aug-2026 18:15:20 | INFO    | ## Generating template with for the following rule tables: ['dummy_exclude.drc']
28-Aug-2026 18:15:20 | INFO    | ## Your run dir located at: /headless/aravindustries-repos/butterfold/butterfold_proto/physical/results/d03_ach_candidate/klayout_drc_pgfix
28-Aug-2026 18:15:20 | INFO    | ## Generating template with for the following rule tables: ['contact.drc']
28-Aug-2026 18:15:20 | INFO    | ## Your run dir located at: /headless/aravindustries-repos/butterfold/butterfold_proto/physical/results/d03_ach_candidate/klayout_drc_pgfix
28-Aug-2026 18:15:20 | INFO    | ## Generating template with for the following rule tables: ['sram_3p3.drc']
28-Aug-2026 18:15:20 | INFO    | ## Your run dir located at: /headless/aravindustries-repos/butterfold/butterfold_proto/physical/results/d03_ach_candidate/klayout_drc_pgfix
28-Aug-2026 18:15:20 | INFO    | ## Generating template with for the following rule tables: ['dummy_metal4.drc']
28-Aug-2026 18:15:20 | INFO    | ## Your run dir located at: /headless/aravindustries-repos/butterfold/butterfold_proto/physical/results/d03_ach_candidate/klayout_drc_pgfix
28-Aug-2026 18:15:20 | INFO    | ## Generating template with for the following rule tables: ['via4_split.drc']
28-Aug-2026 18:15:20 | INFO    | ## Your run dir located at: /headless/aravindustries-repos/butterfold/butterfold_proto/physical/results/d03_ach_candidate/klayout_drc_pgfix
28-Aug-2026 18:15:20 | INFO    | ## Generating template with for the following rule tables: ['nwell_split.drc']
28-Aug-2026 18:15:20 | INFO    | ## Your run dir located at: /headless/aravindustries-repos/butterfold/butterfold_proto/physical/results/d03_ach_candidate/klayout_drc_pgfix
28-Aug-2026 18:15:20 | INFO    | ## Generating template with for the following rule tables: ['via4.drc']
28-Aug-2026 18:15:20 | INFO    | ## Your run dir located at: /headless/aravindustries-repos/butterfold/butterfold_proto/physical/results/d03_ach_candidate/klayout_drc_pgfix
28-Aug-2026 18:15:20 | INFO    | ## Generating template with for the following rule tables: ['ymtp_mk.drc']
28-Aug-2026 18:15:20 | INFO    | ## Your run dir located at: /headless/aravindustries-repos/butterfold/butterfold_proto/physical/results/d03_ach_candidate/klayout_drc_pgfix
28-Aug-2026 18:15:20 | INFO    | ## Generating template with for the following rule tables: ['pres.drc']
28-Aug-2026 18:15:20 | INFO    | ## Your run dir located at: /headless/aravindustries-repos/butterfold/butterfold_proto/physical/results/d03_ach_candidate/klayout_drc_pgfix
28-Aug-2026 18:15:20 | INFO    | ## Generating template with for the following rule tables: ['dnwell_split.drc']
28-Aug-2026 18:15:20 | INFO    | ## Your run dir located at: /headless/aravindustries-repos/butterfold/butterfold_proto/physical/results/d03_ach_candidate/klayout_drc_pgfix
28-Aug-2026 18:15:20 | INFO    | ## Generating template with for the following rule tables: ['metal1_split.drc']
28-Aug-2026 18:15:20 | INFO    | ## Your run dir located at: /headless/aravindustries-repos/butterfold/butterfold_proto/physical/results/d03_ach_candidate/klayout_drc_pgfix
28-Aug-2026 18:15:20 | INFO    | ## Generating template with for the following rule tables: ['ldpmos_split.drc']
28-Aug-2026 18:15:20 | INFO    | ## Your run dir located at: /headless/aravindustries-repos/butterfold/butterfold_proto/physical/results/d03_ach_candidate/klayout_drc_pgfix
28-Aug-2026 18:15:20 | INFO    | ## Generating template with for the following rule tables: ['hres.drc']
28-Aug-2026 18:15:20 | INFO    | ## Your run dir located at: /headless/aravindustries-repos/butterfold/butterfold_proto/physical/results/d03_ach_candidate/klayout_drc_pgfix
28-Aug-2026 18:15:20 | INFO    | ## Generating template with for the following rule tables: ['metaltop.drc']
28-Aug-2026 18:15:20 | INFO    | ## Your run dir located at: /headless/aravindustries-repos/butterfold/butterfold_proto/physical/results/d03_ach_candidate/klayout_drc_pgfix
28-Aug-2026 18:15:20 | INFO    | ## Generating template with for the following rule tables: ['dummy_comp.drc']
28-Aug-2026 18:15:20 | INFO    | ## Your run dir located at: /headless/aravindustries-repos/butterfold/butterfold_proto/physical/results/d03_ach_candidate/klayout_drc_pgfix
28-Aug-2026 18:15:20 | INFO    | ## Generating template with for the following rule tables: ['ldnmos.drc']
28-Aug-2026 18:15:20 | INFO    | ## Your run dir located at: /headless/aravindustries-repos/butterfold/butterfold_proto/physical/results/d03_ach_candidate/klayout_drc_pgfix
28-Aug-2026 18:15:20 | INFO    | ## Generating template with for the following rule tables: ['esd.drc']
28-Aug-2026 18:15:20 | INFO    | ## Your run dir located at: /headless/aravindustries-repos/butterfold/butterfold_proto/physical/results/d03_ach_candidate/klayout_drc_pgfix
28-Aug-2026 18:15:20 | INFO    | ## Generating template with for the following rule tables: ['metaltop_30k.drc']
28-Aug-2026 18:15:20 | INFO    | ## Your run dir located at: /headless/aravindustries-repos/butterfold/butterfold_proto/physical/results/d03_ach_candidate/klayout_drc_pgfix
28-Aug-2026 18:15:20 | INFO    | ## Generating template with for the following rule tables: ['comp.drc']
28-Aug-2026 18:15:20 | INFO    | ## Your run dir located at: /headless/aravindustries-repos/butterfold/butterfold_proto/physical/results/d03_ach_candidate/klayout_drc_pgfix
28-Aug-2026 18:15:20 | INFO    | ## Generating template with for the following rule tables: ['nplus.drc']
28-Aug-2026 18:15:20 | INFO    | ## Your run dir located at: /headless/aravindustries-repos/butterfold/butterfold_proto/physical/results/d03_ach_candidate/klayout_drc_pgfix
28-Aug-2026 18:15:20 | INFO    | ## Generating template with for the following rule tables: ['dummy_metal3.drc']
28-Aug-2026 18:15:20 | INFO    | ## Your run dir located at: /headless/aravindustries-repos/butterfold/butterfold_proto/physical/results/d03_ach_candidate/klayout_drc_pgfix
28-Aug-2026 18:15:20 | INFO    | ## Generating template with for the following rule tables: ['poly2.drc']
28-Aug-2026 18:15:20 | INFO    | ## Your run dir located at: /headless/aravindustries-repos/butterfold/butterfold_proto/physical/results/d03_ach_candidate/klayout_drc_pgfix
28-Aug-2026 18:15:20 | INFO    | ## Generating template with for the following rule tables: ['via5.drc']
28-Aug-2026 18:15:20 | INFO    | ## Your run dir located at: /headless/aravindustries-repos/butterfold/butterfold_proto/physical/results/d03_ach_candidate/klayout_drc_pgfix
28-Aug-2026 18:15:20 | INFO    | ## Generating template with for the following rule tables: ['guard_ring.drc']
28-Aug-2026 18:15:20 | INFO    | ## Your run dir located at: /headless/aravindustries-repos/butterfold/butterfold_proto/physical/results/d03_ach_candidate/klayout_drc_pgfix
28-Aug-2026 18:15:20 | INFO    | ## Generating template with for the following rule tables: ['cup.drc']
28-Aug-2026 18:15:20 | INFO    | ## Your run dir located at: /headless/aravindustries-repos/butterfold/butterfold_proto/physical/results/d03_ach_candidate/klayout_drc_pgfix
28-Aug-2026 18:15:20 | INFO    | ## Generating template with for the following rule tables: ['mim_a.drc']
28-Aug-2026 18:15:20 | INFO    | ## Your run dir located at: /headless/aravindustries-repos/butterfold/butterfold_proto/physical/results/d03_ach_candidate/klayout_drc_pgfix
28-Aug-2026 18:15:20 | INFO    | ## Generating template with for the following rule tables: ['via2_split.drc']
28-Aug-2026 18:15:20 | INFO    | ## Your run dir located at: /headless/aravindustries-repos/butterfold/butterfold_proto/physical/results/d03_ach_candidate/klayout_drc_pgfix
28-Aug-2026 18:15:20 | INFO    | ## Generating template with for the following rule tables: ['lvpwell_split.drc']
28-Aug-2026 18:15:20 | INFO    | ## Your run dir located at: /headless/aravindustries-repos/butterfold/butterfold_proto/physical/results/d03_ach_candidate/klayout_drc_pgfix
28-Aug-2026 18:15:20 | INFO    | ## Generating template with for the following rule tables: ['geom.drc']
28-Aug-2026 18:15:20 | INFO    | ## Your run dir located at: /headless/aravindustries-repos/butterfold/butterfold_proto/physical/results/d03_ach_candidate/klayout_drc_pgfix
28-Aug-2026 18:15:20 | INFO    | ## Generating template with for the following rule tables: ['via3.drc']
28-Aug-2026 18:15:20 | INFO    | ## Your run dir located at: /headless/aravindustries-repos/butterfold/butterfold_proto/physical/results/d03_ach_candidate/klayout_drc_pgfix
28-Aug-2026 18:15:20 | INFO    | ## Generating template with for the following rule tables: ['metal3.drc']
28-Aug-2026 18:15:20 | INFO    | ## Your run dir located at: /headless/aravindustries-repos/butterfold/butterfold_proto/physical/results/d03_ach_candidate/klayout_drc_pgfix
28-Aug-2026 18:15:20 | INFO    | ## Generating template with for the following rule tables: ['contact_split.drc']
28-Aug-2026 18:15:20 | INFO    | ## Your run dir located at: /headless/aravindustries-repos/butterfold/butterfold_proto/physical/results/d03_ach_candidate/klayout_drc_pgfix
28-Aug-2026 18:15:20 | INFO    | ## Generating template with for the following rule tables: ['lvs_bjt.drc']
28-Aug-2026 18:15:20 | INFO    | ## Your run dir located at: /headless/aravindustries-repos/butterfold/butterfold_proto/physical/results/d03_ach_candidate/klayout_drc_pgfix
28-Aug-2026 18:15:20 | INFO    | ## Generating template with for the following rule tables: ['efuse.drc']
28-Aug-2026 18:15:20 | INFO    | ## Your run dir located at: /headless/aravindustries-repos/butterfold/butterfold_proto/physical/results/d03_ach_candidate/klayout_drc_pgfix
28-Aug-2026 18:15:20 | INFO    | ## Generating template with for the following rule tables: ['ldnmos_split.drc']
28-Aug-2026 18:15:20 | INFO    | ## Your run dir located at: /headless/aravindustries-repos/butterfold/butterfold_proto/physical/results/d03_ach_candidate/klayout_drc_pgfix
28-Aug-2026 18:15:20 | INFO    | ## Generating template with for the following rule tables: ['sram_5p0.drc']
28-Aug-2026 18:15:20 | INFO    | ## Your run dir located at: /headless/aravindustries-repos/butterfold/butterfold_proto/physical/results/d03_ach_candidate/klayout_drc_pgfix
28-Aug-2026 18:15:20 | INFO    | ## Generating template with for the following rule tables: ['dummy_metal1.drc']
28-Aug-2026 18:15:20 | INFO    | ## Your run dir located at: /headless/aravindustries-repos/butterfold/butterfold_proto/physical/results/d03_ach_candidate/klayout_drc_pgfix
28-Aug-2026 18:15:20 | INFO    | ## Generating template with for the following rule tables: ['nat.drc']
28-Aug-2026 18:15:20 | INFO    | ## Your run dir located at: /headless/aravindustries-repos/butterfold/butterfold_proto/physical/results/d03_ach_candidate/klayout_drc_pgfix
28-Aug-2026 18:15:20 | INFO    | ## Generating template with for the following rule tables: ['ldpmos.drc']
28-Aug-2026 18:15:20 | INFO    | ## Your run dir located at: /headless/aravindustries-repos/butterfold/butterfold_proto/physical/results/d03_ach_candidate/klayout_drc_pgfix
28-Aug-2026 18:15:20 | INFO    | ## Generating template with for the following rule tables: ['dummy_poly2.drc']
28-Aug-2026 18:15:20 | INFO    | ## Your run dir located at: /headless/aravindustries-repos/butterfold/butterfold_proto/physical/results/d03_ach_candidate/klayout_drc_pgfix
28-Aug-2026 18:15:20 | INFO    | ## Generating template with for the following rule tables: ['lvpwell.drc']
28-Aug-2026 18:15:20 | INFO    | ## Your run dir located at: /headless/aravindustries-repos/butterfold/butterfold_proto/physical/results/d03_ach_candidate/klayout_drc_pgfix
28-Aug-2026 18:15:20 | INFO    | ## Generating template with for the following rule tables: ['via1.drc']
28-Aug-2026 18:15:20 | INFO    | ## Your run dir located at: /headless/aravindustries-repos/butterfold/butterfold_proto/physical/results/d03_ach_candidate/klayout_drc_pgfix
28-Aug-2026 18:15:20 | INFO    | ## Generating template with for the following rule tables: ['metal4.drc']
28-Aug-2026 18:15:20 | INFO    | ## Your run dir located at: /headless/aravindustries-repos/butterfold/butterfold_proto/physical/results/d03_ach_candidate/klayout_drc_pgfix
28-Aug-2026 18:15:20 | INFO    | ## Generating template with for the following rule tables: ['sab.drc']
28-Aug-2026 18:15:20 | INFO    | ## Your run dir located at: /headless/aravindustries-repos/butterfold/butterfold_proto/physical/results/d03_ach_candidate/klayout_drc_pgfix
28-Aug-2026 18:15:20 | INFO    | ## Generating template with for the following rule tables: ['nwell.drc']
28-Aug-2026 18:15:20 | INFO    | ## Your run dir located at: /headless/aravindustries-repos/butterfold/butterfold_proto/physical/results/d03_ach_candidate/klayout_drc_pgfix
28-Aug-2026 18:15:20 | INFO    | ## Generating template with for the following rule tables: ['via2.drc']
28-Aug-2026 18:15:20 | INFO    | ## Your run dir located at: /headless/aravindustries-repos/butterfold/butterfold_proto/physical/results/d03_ach_candidate/klayout_drc_pgfix
28-Aug-2026 18:15:20 | INFO    | ## Generating template with for the following rule tables: ['pplus.drc']
28-Aug-2026 18:15:20 | INFO    | ## Your run dir located at: /headless/aravindustries-repos/butterfold/butterfold_proto/physical/results/d03_ach_candidate/klayout_drc_pgfix
28-Aug-2026 18:15:20 | INFO    | ## Generating template with for the following rule tables: ['otp_mk.drc']
28-Aug-2026 18:15:20 | INFO    | ## Your run dir located at: /headless/aravindustries-repos/butterfold/butterfold_proto/physical/results/d03_ach_candidate/klayout_drc_pgfix
28-Aug-2026 18:15:20 | INFO    | ## Generating template with for the following rule tables: ['metal5.drc']
28-Aug-2026 18:15:20 | INFO    | ## Your run dir located at: /headless/aravindustries-repos/butterfold/butterfold_proto/physical/results/d03_ach_candidate/klayout_drc_pgfix
28-Aug-2026 18:15:20 | INFO    | ## Generating template with for the following rule tables: ['dummy_metal5.drc']
28-Aug-2026 18:15:20 | INFO    | ## Your run dir located at: /headless/aravindustries-repos/butterfold/butterfold_proto/physical/results/d03_ach_candidate/klayout_drc_pgfix
28-Aug-2026 18:15:20 | INFO    | ## Generating template with for the following rule tables: ['lres.drc']
28-Aug-2026 18:15:20 | INFO    | ## Your run dir located at: /headless/aravindustries-repos/butterfold/butterfold_proto/physical/results/d03_ach_candidate/klayout_drc_pgfix
28-Aug-2026 18:15:20 | INFO    | ## Generating template with for the following rule tables: ['metal2.drc']
28-Aug-2026 18:15:20 | INFO    | ## Your run dir located at: /headless/aravindustries-repos/butterfold/butterfold_proto/physical/results/d03_ach_candidate/klayout_drc_pgfix
28-Aug-2026 18:15:20 | INFO    | ## Generating template with for the following rule tables: ['via3_split.drc']
28-Aug-2026 18:15:20 | INFO    | ## Your run dir located at: /headless/aravindustries-repos/butterfold/butterfold_proto/physical/results/d03_ach_candidate/klayout_drc_pgfix
28-Aug-2026 18:15:20 | INFO    | ## Generating template with for the following rule tables: ['dualgate.drc']
28-Aug-2026 18:15:20 | INFO    | ## Your run dir located at: /headless/aravindustries-repos/butterfold/butterfold_proto/physical/results/d03_ach_candidate/klayout_drc_pgfix
28-Aug-2026 18:15:20 | INFO    | ## Generating template with for the following rule tables: ['dnwell.drc']
28-Aug-2026 18:15:20 | INFO    | ## Your run dir located at: /headless/aravindustries-repos/butterfold/butterfold_proto/physical/results/d03_ach_candidate/klayout_drc_pgfix
28-Aug-2026 18:15:20 | INFO    | ## Generating template with for the following rule tables: ['drc_bjt.drc']
28-Aug-2026 18:15:20 | INFO    | ## Your run dir located at: /headless/aravindustries-repos/butterfold/butterfold_proto/physical/results/d03_ach_candidate/klayout_drc_pgfix
28-Aug-2026 18:15:20 | INFO    | ## Generating template with for the following rule tables: ['mcell.drc']
28-Aug-2026 18:15:20 | INFO    | ## Your run dir located at: /headless/aravindustries-repos/butterfold/butterfold_proto/physical/results/d03_ach_candidate/klayout_drc_pgfix
28-Aug-2026 18:15:20 | INFO    | ## Generating template with for the following rule tables: ['mim_b.drc']
28-Aug-2026 18:15:20 | INFO    | ## Your run dir located at: /headless/aravindustries-repos/butterfold/butterfold_proto/physical/results/d03_ach_candidate/klayout_drc_pgfix
28-Aug-2026 18:15:20 | INFO    | ## Generating template with for the following rule tables: ['via1_split.drc']
28-Aug-2026 18:15:20 | INFO    | ## Your run dir located at: /headless/aravindustries-repos/butterfold/butterfold_proto/physical/results/d03_ach_candidate/klayout_drc_pgfix
28-Aug-2026 18:15:20 | INFO    | ## Generating template with for the following rule tables: ['mslot.drc']
28-Aug-2026 18:15:20 | INFO    | ## Your run dir located at: /headless/aravindustries-repos/butterfold/butterfold_proto/physical/results/d03_ach_candidate/klayout_drc_pgfix
28-Aug-2026 18:15:20 | INFO    | Running Global Foundries 180nm MCU /headless/aravindustries-repos/butterfold/butterfold_proto/physical/results/d03_ach_candidate/butterfold_top.gds checks on design nat_split on cell butterfold_top:
28-Aug-2026 18:15:20 | INFO    | Running Global Foundries 180nm MCU /headless/aravindustries-repos/butterfold/butterfold_proto/physical/results/d03_ach_candidate/butterfold_top.gds checks on design metal1 on cell butterfold_top:
28-Aug-2026 18:15:20 | INFO    | Running Global Foundries 180nm MCU /headless/aravindustries-repos/butterfold/butterfold_proto/physical/results/d03_ach_candidate/butterfold_top.gds checks on design dummy_metal2 on cell butterfold_top:
28-Aug-2026 18:15:20 | INFO    | Running Global Foundries 180nm MCU /headless/aravindustries-repos/butterfold/butterfold_proto/physical/results/d03_ach_candidate/butterfold_top.gds checks on design dummy_exclude on cell butterfold_top:
28-Aug-2026 18:15:33 | INFO    | Running Global Foundries 180nm MCU /headless/aravindustries-repos/butterfold/butterfold_proto/physical/results/d03_ach_candidate/butterfold_top.gds checks on design contact on cell butterfold_top:
28-Aug-2026 18:15:42 | INFO    | Running Global Foundries 180nm MCU /headless/aravindustries-repos/butterfold/butterfold_proto/physical/results/d03_ach_candidate/butterfold_top.gds checks on design sram_3p3 on cell butterfold_top:
28-Aug-2026 18:15:42 | INFO    | Running Global Foundries 180nm MCU /headless/aravindustries-repos/butterfold/butterfold_proto/physical/results/d03_ach_candidate/butterfold_top.gds checks on design dummy_metal4 on cell butterfold_top:
28-Aug-2026 18:16:05 | INFO    | Running Global Foundries 180nm MCU /headless/aravindustries-repos/butterfold/butterfold_proto/physical/results/d03_ach_candidate/butterfold_top.gds checks on design via4_split on cell butterfold_top:
28-Aug-2026 18:16:08 | INFO    | Running Global Foundries 180nm MCU /headless/aravindustries-repos/butterfold/butterfold_proto/physical/results/d03_ach_candidate/butterfold_top.gds checks on design nwell_split on cell butterfold_top:
28-Aug-2026 18:16:15 | INFO    | Running Global Foundries 180nm MCU /headless/aravindustries-repos/butterfold/butterfold_proto/physical/results/d03_ach_candidate/butterfold_top.gds checks on design via4 on cell butterfold_top:
28-Aug-2026 18:16:20 | INFO    | Running Global Foundries 180nm MCU /headless/aravindustries-repos/butterfold/butterfold_proto/physical/results/d03_ach_candidate/butterfold_top.gds checks on design ymtp_mk on cell butterfold_top:
28-Aug-2026 18:16:37 | INFO    | Running Global Foundries 180nm MCU /headless/aravindustries-repos/butterfold/butterfold_proto/physical/results/d03_ach_candidate/butterfold_top.gds checks on design pres on cell butterfold_top:
28-Aug-2026 18:16:43 | INFO    | Running Global Foundries 180nm MCU /headless/aravindustries-repos/butterfold/butterfold_proto/physical/results/d03_ach_candidate/butterfold_top.gds checks on design dnwell_split on cell butterfold_top:
28-Aug-2026 18:16:55 | INFO    | Running Global Foundries 180nm MCU /headless/aravindustries-repos/butterfold/butterfold_proto/physical/results/d03_ach_candidate/butterfold_top.gds checks on design metal1_split on cell butterfold_top:
28-Aug-2026 18:17:05 | INFO    | Running Global Foundries 180nm MCU /headless/aravindustries-repos/butterfold/butterfold_proto/physical/results/d03_ach_candidate/butterfold_top.gds checks on design ldpmos_split on cell butterfold_top:
28-Aug-2026 18:17:05 | INFO    | Running Global Foundries 180nm MCU /headless/aravindustries-repos/butterfold/butterfold_proto/physical/results/d03_ach_candidate/butterfold_top.gds checks on design hres on cell butterfold_top:
28-Aug-2026 18:17:17 | INFO    | Running Global Foundries 180nm MCU /headless/aravindustries-repos/butterfold/butterfold_proto/physical/results/d03_ach_candidate/butterfold_top.gds checks on design metaltop on cell butterfold_top:
28-Aug-2026 18:17:33 | INFO    | Running Global Foundries 180nm MCU /headless/aravindustries-repos/butterfold/butterfold_proto/physical/results/d03_ach_candidate/butterfold_top.gds checks on design dummy_comp on cell butterfold_top:
28-Aug-2026 18:17:38 | INFO    | Running Global Foundries 180nm MCU /headless/aravindustries-repos/butterfold/butterfold_proto/physical/results/d03_ach_candidate/butterfold_top.gds checks on design ldnmos on cell butterfold_top:
28-Aug-2026 18:17:55 | INFO    | Running Global Foundries 180nm MCU /headless/aravindustries-repos/butterfold/butterfold_proto/physical/results/d03_ach_candidate/butterfold_top.gds checks on design esd on cell butterfold_top:
28-Aug-2026 18:18:29 | INFO    | Running Global Foundries 180nm MCU /headless/aravindustries-repos/butterfold/butterfold_proto/physical/results/d03_ach_candidate/butterfold_top.gds checks on design metaltop_30k on cell butterfold_top:
28-Aug-2026 18:18:38 | INFO    | Running Global Foundries 180nm MCU /headless/aravindustries-repos/butterfold/butterfold_proto/physical/results/d03_ach_candidate/butterfold_top.gds checks on design comp on cell butterfold_top:
28-Aug-2026 18:18:52 | INFO    | Running Global Foundries 180nm MCU /headless/aravindustries-repos/butterfold/butterfold_proto/physical/results/d03_ach_candidate/butterfold_top.gds checks on design nplus on cell butterfold_top:
28-Aug-2026 18:19:30 | INFO    | Running Global Foundries 180nm MCU /headless/aravindustries-repos/butterfold/butterfold_proto/physical/results/d03_ach_candidate/butterfold_top.gds checks on design dummy_metal3 on cell butterfold_top:
28-Aug-2026 18:19:34 | INFO    | Running Global Foundries 180nm MCU /headless/aravindustries-repos/butterfold/butterfold_proto/physical/results/d03_ach_candidate/butterfold_top.gds checks on design poly2 on cell butterfold_top:
28-Aug-2026 18:19:51 | INFO    | Running Global Foundries 180nm MCU /headless/aravindustries-repos/butterfold/butterfold_proto/physical/results/d03_ach_candidate/butterfold_top.gds checks on design via5 on cell butterfold_top:
28-Aug-2026 18:20:13 | INFO    | Running Global Foundries 180nm MCU /headless/aravindustries-repos/butterfold/butterfold_proto/physical/results/d03_ach_candidate/butterfold_top.gds checks on design guard_ring on cell butterfold_top:
28-Aug-2026 18:20:33 | INFO    | Running Global Foundries 180nm MCU /headless/aravindustries-repos/butterfold/butterfold_proto/physical/results/d03_ach_candidate/butterfold_top.gds checks on design cup on cell butterfold_top:
28-Aug-2026 18:20:35 | INFO    | Running Global Foundries 180nm MCU /headless/aravindustries-repos/butterfold/butterfold_proto/physical/results/d03_ach_candidate/butterfold_top.gds checks on design mim_a on cell butterfold_top:
28-Aug-2026 18:20:55 | INFO    | Running Global Foundries 180nm MCU /headless/aravindustries-repos/butterfold/butterfold_proto/physical/results/d03_ach_candidate/butterfold_top.gds checks on design via2_split on cell butterfold_top:
28-Aug-2026 18:20:57 | INFO    | Running Global Foundries 180nm MCU /headless/aravindustries-repos/butterfold/butterfold_proto/physical/results/d03_ach_candidate/butterfold_top.gds checks on design lvpwell_split on cell butterfold_top:
28-Aug-2026 18:21:05 | INFO    | Running Global Foundries 180nm MCU /headless/aravindustries-repos/butterfold/butterfold_proto/physical/results/d03_ach_candidate/butterfold_top.gds checks on design geom on cell butterfold_top:
28-Aug-2026 18:21:09 | INFO    | Running Global Foundries 180nm MCU /headless/aravindustries-repos/butterfold/butterfold_proto/physical/results/d03_ach_candidate/butterfold_top.gds checks on design via3 on cell butterfold_top:
28-Aug-2026 18:21:32 | INFO    | Running Global Foundries 180nm MCU /headless/aravindustries-repos/butterfold/butterfold_proto/physical/results/d03_ach_candidate/butterfold_top.gds checks on design metal3 on cell butterfold_top:
28-Aug-2026 18:21:47 | INFO    | Running Global Foundries 180nm MCU /headless/aravindustries-repos/butterfold/butterfold_proto/physical/results/d03_ach_candidate/butterfold_top.gds checks on design contact_split on cell butterfold_top:
28-Aug-2026 18:21:54 | INFO    | Running Global Foundries 180nm MCU /headless/aravindustries-repos/butterfold/butterfold_proto/physical/results/d03_ach_candidate/butterfold_top.gds checks on design lvs_bjt on cell butterfold_top:
28-Aug-2026 18:21:57 | INFO    | Running Global Foundries 180nm MCU /headless/aravindustries-repos/butterfold/butterfold_proto/physical/results/d03_ach_candidate/butterfold_top.gds checks on design efuse on cell butterfold_top:
28-Aug-2026 18:22:16 | INFO    | Running Global Foundries 180nm MCU /headless/aravindustries-repos/butterfold/butterfold_proto/physical/results/d03_ach_candidate/butterfold_top.gds checks on design ldnmos_split on cell butterfold_top:
28-Aug-2026 18:22:22 | INFO    | Running Global Foundries 180nm MCU /headless/aravindustries-repos/butterfold/butterfold_proto/physical/results/d03_ach_candidate/butterfold_top.gds checks on design sram_5p0 on cell butterfold_top:
28-Aug-2026 18:22:28 | INFO    | Running Global Foundries 180nm MCU /headless/aravindustries-repos/butterfold/butterfold_proto/physical/results/d03_ach_candidate/butterfold_top.gds checks on design dummy_metal1 on cell butterfold_top:
28-Aug-2026 18:22:49 | INFO    | Running Global Foundries 180nm MCU /headless/aravindustries-repos/butterfold/butterfold_proto/physical/results/d03_ach_candidate/butterfold_top.gds checks on design nat on cell butterfold_top:
28-Aug-2026 18:22:51 | INFO    | Running Global Foundries 180nm MCU /headless/aravindustries-repos/butterfold/butterfold_proto/physical/results/d03_ach_candidate/butterfold_top.gds checks on design ldpmos on cell butterfold_top:
28-Aug-2026 18:23:35 | INFO    | Running Global Foundries 180nm MCU /headless/aravindustries-repos/butterfold/butterfold_proto/physical/results/d03_ach_candidate/butterfold_top.gds checks on design dummy_poly2 on cell butterfold_top:
28-Aug-2026 18:23:57 | INFO    | Running Global Foundries 180nm MCU /headless/aravindustries-repos/butterfold/butterfold_proto/physical/results/d03_ach_candidate/butterfold_top.gds checks on design lvpwell on cell butterfold_top:
28-Aug-2026 18:23:58 | INFO    | Running Global Foundries 180nm MCU /headless/aravindustries-repos/butterfold/butterfold_proto/physical/results/d03_ach_candidate/butterfold_top.gds checks on design via1 on cell butterfold_top:
28-Aug-2026 18:24:40 | INFO    | Running Global Foundries 180nm MCU /headless/aravindustries-repos/butterfold/butterfold_proto/physical/results/d03_ach_candidate/butterfold_top.gds checks on design metal4 on cell butterfold_top:
28-Aug-2026 18:25:02 | INFO    | Running Global Foundries 180nm MCU /headless/aravindustries-repos/butterfold/butterfold_proto/physical/results/d03_ach_candidate/butterfold_top.gds checks on design sab on cell butterfold_top:
28-Aug-2026 18:25:30 | INFO    | Running Global Foundries 180nm MCU /headless/aravindustries-repos/butterfold/butterfold_proto/physical/results/d03_ach_candidate/butterfold_top.gds checks on design nwell on cell butterfold_top:
28-Aug-2026 18:26:12 | INFO    | Running Global Foundries 180nm MCU /headless/aravindustries-repos/butterfold/butterfold_proto/physical/results/d03_ach_candidate/butterfold_top.gds checks on design via2 on cell butterfold_top:
28-Aug-2026 18:26:47 | INFO    | Running Global Foundries 180nm MCU /headless/aravindustries-repos/butterfold/butterfold_proto/physical/results/d03_ach_candidate/butterfold_top.gds checks on design pplus on cell butterfold_top:
28-Aug-2026 18:26:49 | INFO    | Running Global Foundries 180nm MCU /headless/aravindustries-repos/butterfold/butterfold_proto/physical/results/d03_ach_candidate/butterfold_top.gds checks on design otp_mk on cell butterfold_top:
28-Aug-2026 18:27:16 | INFO    | Running Global Foundries 180nm MCU /headless/aravindustries-repos/butterfold/butterfold_proto/physical/results/d03_ach_candidate/butterfold_top.gds checks on design metal5 on cell butterfold_top:
28-Aug-2026 18:27:27 | INFO    | Running Global Foundries 180nm MCU /headless/aravindustries-repos/butterfold/butterfold_proto/physical/results/d03_ach_candidate/butterfold_top.gds checks on design dummy_metal5 on cell butterfold_top:
28-Aug-2026 18:27:38 | INFO    | Running Global Foundries 180nm MCU /headless/aravindustries-repos/butterfold/butterfold_proto/physical/results/d03_ach_candidate/butterfold_top.gds checks on design lres on cell butterfold_top:
28-Aug-2026 18:27:50 | INFO    | Running Global Foundries 180nm MCU /headless/aravindustries-repos/butterfold/butterfold_proto/physical/results/d03_ach_candidate/butterfold_top.gds checks on design metal2 on cell butterfold_top:
28-Aug-2026 18:28:05 | INFO    | Running Global Foundries 180nm MCU /headless/aravindustries-repos/butterfold/butterfold_proto/physical/results/d03_ach_candidate/butterfold_top.gds checks on design via3_split on cell butterfold_top:
28-Aug-2026 18:28:15 | INFO    | Running Global Foundries 180nm MCU /headless/aravindustries-repos/butterfold/butterfold_proto/physical/results/d03_ach_candidate/butterfold_top.gds checks on design dualgate on cell butterfold_top:
28-Aug-2026 18:28:16 | INFO    | Running Global Foundries 180nm MCU /headless/aravindustries-repos/butterfold/butterfold_proto/physical/results/d03_ach_candidate/butterfold_top.gds checks on design dnwell on cell butterfold_top:
28-Aug-2026 18:28:49 | INFO    | Running Global Foundries 180nm MCU /headless/aravindustries-repos/butterfold/butterfold_proto/physical/results/d03_ach_candidate/butterfold_top.gds checks on design drc_bjt on cell butterfold_top:
28-Aug-2026 18:29:01 | INFO    | Running Global Foundries 180nm MCU /headless/aravindustries-repos/butterfold/butterfold_proto/physical/results/d03_ach_candidate/butterfold_top.gds checks on design mcell on cell butterfold_top:
28-Aug-2026 18:29:11 | INFO    | Running Global Foundries 180nm MCU /headless/aravindustries-repos/butterfold/butterfold_proto/physical/results/d03_ach_candidate/butterfold_top.gds checks on design mim_b on cell butterfold_top:
28-Aug-2026 18:29:23 | INFO    | Running Global Foundries 180nm MCU /headless/aravindustries-repos/butterfold/butterfold_proto/physical/results/d03_ach_candidate/butterfold_top.gds checks on design via1_split on cell butterfold_top:
28-Aug-2026 18:29:33 | INFO    | Running Global Foundries 180nm MCU /headless/aravindustries-repos/butterfold/butterfold_proto/physical/results/d03_ach_candidate/butterfold_top.gds checks on design mslot on cell butterfold_top:
28-Aug-2026 18:29:55 | ERROR   | mslot generated an exception: Command 'klayout -b -r /headless/aravindustries-repos/butterfold/butterfold_proto/physical/results/d03_ach_candidate/klayout_drc_pgfix/mslot.drc -rd thr=2 -rd metal_top=11K -rd mim_option=B -rd metal_level=5LM -rd verbose=false -rd feol=true -rd beol=true -rd offgrid=true -rd conn_drc=true -rd density=false -rd split_deep=false -rd slow_via=false -rd topcell=butterfold_top -rd input=/headless/aravindustries-repos/butterfold/butterfold_proto/physical/results/d03_ach_candidate/butterfold_top.gds -rd report=/headless/aravindustries-repos/butterfold/butterfold_proto/physical/results/d03_ach_candidate/klayout_drc_pgfix/butterfold_top_mslot.lyrdb -rd run_mode=flat -rd table_name=mslot' returned non-zero exit status 1.
28-Aug-2026 19:29:39 | ERROR   | Klayout DRC run is not clean.
28-Aug-2026 19:29:39 | ERROR   | Violated rules are : {'CO.6a'}

