/foss/pdks/gf180mcuD/libs.tech/klayout/tech/drc/run_drc.py:729: DeprecationWarning: datetime.datetime.utcnow() is deprecated and scheduled for removal in a future version. Use timezone-aware objects to represent datetimes in UTC: datetime.datetime.now(datetime.UTC).
  now_str = datetime.utcnow().strftime("drc_run_%Y_%m_%d_%H_%M_%S")
02-Sep-2026 17:24:48 | INFO    | Your Klayout version is: KLayout 0.30.8
02-Sep-2026 17:24:48 | INFO    | Running Global Foundries 180nm MCU /headless/aravindustries-repos/butterfold/butterfold_proto/physical/results/m2_fix/candidate/butterfold_top.gds checks on design density on cell butterfold_top:
2026-09-02 17:24:50 +0200: Memory Usage (443180K) : Starting running GF180MCU Klayout DRC runset on /headless/aravindustries-repos/butterfold/butterfold_proto/physical/results/m2_fix/candidate/butterfold_top.gds
2026-09-02 17:24:50 +0200: Memory Usage (443180K) : Ruby Version for klayout: 3.2.3
2026-09-02 17:24:50 +0200: Memory Usage (489240K) : Loading database to memory is complete.
2026-09-02 17:24:50 +0200: Memory Usage (489240K) : GF180MCU Klayout density DRC runset output at: /headless/aravindustries-repos/butterfold/butterfold_proto/physical/results/m2_fix/final_ach_klayout/density/butterfold_top_density.lyrdb
2026-09-02 17:24:50 +0200: Memory Usage (489432K) : Evaluate switches.
2026-09-02 17:24:50 +0200: Memory Usage (489432K) : Number of threads to use 8
2026-09-02 17:24:50 +0200: Memory Usage (489432K) : Verbose mode: false
2026-09-02 17:24:50 +0200: Memory Usage (490012K) : flat  mode is enabled.
2026-09-02 17:24:50 +0200: Memory Usage (490012K) : METAL_TOP Selected is 11K
2026-09-02 17:24:50 +0200: Memory Usage (490012K) : METAL_STACK Selected is 5LM
2026-09-02 17:24:50 +0200: Memory Usage (490012K) : Read in polygons from layers.
2026-09-02 17:24:51 +0200: Memory Usage (510256K) : comp_drawn has 102728 polygons
2026-09-02 17:24:51 +0200: Memory Usage (510256K) : comp_dummy has 0 polygons
2026-09-02 17:24:51 +0200: Memory Usage (531200K) : dualgate has 3 polygons
2026-09-02 17:24:52 +0200: Memory Usage (533712K) : poly2_drawn has 124262 polygons
2026-09-02 17:24:52 +0200: Memory Usage (533712K) : poly2_dummy has 0 polygons
2026-09-02 17:24:54 +0200: Memory Usage (640976K) : contact has 791553 polygons
2026-09-02 17:24:57 +0200: Memory Usage (679772K) : metal1_drawn has 144178 polygons
2026-09-02 17:24:57 +0200: Memory Usage (679772K) : metal1_dummy has 0 polygons
2026-09-02 17:24:57 +0200: Memory Usage (679772K) : metal1_label has 0 polygons
2026-09-02 17:24:57 +0200: Memory Usage (679772K) : metal1_slot has 0 polygons
2026-09-02 17:24:57 +0200: Memory Usage (679772K) : metal1_blk has 0 polygons
2026-09-02 17:24:57 +0200: Memory Usage (679772K) : via1 has 93361 polygons
2026-09-02 17:24:58 +0200: Memory Usage (713404K) : metal2_drawn has 49175 polygons
2026-09-02 17:24:58 +0200: Memory Usage (713404K) : metal2_dummy has 0 polygons
2026-09-02 17:24:58 +0200: Memory Usage (713404K) : metal2_label has 145 polygons
2026-09-02 17:24:58 +0200: Memory Usage (713404K) : metal2_slot has 0 polygons
2026-09-02 17:24:58 +0200: Memory Usage (713404K) : metal2_blk has 0 polygons
2026-09-02 17:24:58 +0200: Memory Usage (713404K) : via2 has 88448 polygons
2026-09-02 17:24:59 +0200: Memory Usage (713756K) : metal3_drawn has 23290 polygons
2026-09-02 17:24:59 +0200: Memory Usage (713756K) : metal3_dummy has 0 polygons
2026-09-02 17:24:59 +0200: Memory Usage (713756K) : metal3_label has 0 polygons
2026-09-02 17:24:59 +0200: Memory Usage (713756K) : metal3_slot has 0 polygons
2026-09-02 17:24:59 +0200: Memory Usage (713756K) : metal3_blk has 0 polygons
2026-09-02 17:24:59 +0200: Memory Usage (713756K) : via3 has 8307 polygons
2026-09-02 17:24:59 +0200: Memory Usage (713756K) : metal4_drawn has 1823 polygons
2026-09-02 17:24:59 +0200: Memory Usage (713756K) : metal4_dummy has 0 polygons
2026-09-02 17:24:59 +0200: Memory Usage (713756K) : metal4_label has 0 polygons
2026-09-02 17:24:59 +0200: Memory Usage (713756K) : metal4_slot has 0 polygons
2026-09-02 17:24:59 +0200: Memory Usage (713756K) : metal4_blk has 0 polygons
2026-09-02 17:24:59 +0200: Memory Usage (713756K) : via4 has 1723 polygons
2026-09-02 17:24:59 +0200: Memory Usage (713756K) : metal5_drawn has 362 polygons
2026-09-02 17:24:59 +0200: Memory Usage (713756K) : metal5_dummy has 0 polygons
2026-09-02 17:24:59 +0200: Memory Usage (713756K) : metal5_label has 0 polygons
2026-09-02 17:24:59 +0200: Memory Usage (713756K) : metal5_slot has 0 polygons
2026-09-02 17:24:59 +0200: Memory Usage (713756K) : metal5_blk has 0 polygons
2026-09-02 17:24:59 +0200: Memory Usage (713756K) : Starting GF180MCU DENSITY layer derivations.
2026-09-02 17:24:59 +0200: Memory Usage (713756K) : Starting GF180MCU DENSITY DRC rules.
2026-09-02 17:24:59 +0200: Memory Usage (713756K) : Executing rule DCF.1b
2026-09-02 17:24:59 +0200: Memory Usage (714812K) : COMP ratio: 23.719631656581956 %
2026-09-02 17:24:59 +0200: Memory Usage (714812K) : [ERROR] DCF.1b : Global density for active layers (COMP+ Dummy COMP) shall be >= 25%
2026-09-02 17:24:59 +0200: Memory Usage (714812K) : Executing rule DCF.1d
2026-09-02 17:24:59 +0200: Memory Usage (714812K) : Executing rule PL.8
2026-09-02 17:25:00 +0200: Memory Usage (714812K) : Poly2 ratio: 18.03776052709426 %
2026-09-02 17:25:00 +0200: Memory Usage (714812K) : Executing rule M1.4
2026-09-02 17:25:01 +0200: Memory Usage (714952K) : Metal1 ratio: 21.77045329568374 %
2026-09-02 17:25:01 +0200: Memory Usage (714952K) : [ERROR] M1.4 : Metal1 coverage over the entire die shall be >30%
2026-09-02 17:25:01 +0200: Memory Usage (714952K) : Executing rule M2.4
2026-09-02 17:25:02 +0200: Memory Usage (723928K) : Metal2 ratio: 13.908001640446416 %
2026-09-02 17:25:02 +0200: Memory Usage (723928K) : [ERROR] M2.4 : Metal2 coverage over the entire die shall be >30%
2026-09-02 17:25:02 +0200: Memory Usage (723928K) : Executing rule M3.4
2026-09-02 17:25:02 +0200: Memory Usage (723928K) : Metal3 ratio: 16.835776837434448 %
2026-09-02 17:25:02 +0200: Memory Usage (723928K) : [ERROR] M3.4 : metal3 coverage over the entire die shall be >30%
2026-09-02 17:25:02 +0200: Memory Usage (723928K) : Executing rule M4.4
2026-09-02 17:25:02 +0200: Memory Usage (723928K) : Metal4 ratio: 4.20688914347183 %
2026-09-02 17:25:02 +0200: Memory Usage (723928K) : [ERROR] M4.4 : metal4 coverage over the entire die shall be >30%
2026-09-02 17:25:02 +0200: Memory Usage (723928K) : Executing rule M5.4
2026-09-02 17:25:02 +0200: Memory Usage (723928K) : Metal5 ratio: 2.7698428506118056 %
2026-09-02 17:25:02 +0200: Memory Usage (723928K) : [ERROR] M5.4 : metal5 coverage over the entire die shall be >30%
2026-09-02 17:25:02 +0200: Memory Usage (723928K) : Executing rule MT.3
2026-09-02 17:25:02 +0200: Memory Usage (723928K) : MetalTop ratio: 2.7698428506118056 %
2026-09-02 17:25:02 +0200: Memory Usage (723928K) : [ERROR] MT.3 : MetalTop coverage over the entire die shall be >30%
2026-09-02 17:25:02 +0200: Memory Usage (723928K) : DRC Total Run time 11.907716 seconds
02-Sep-2026 17:25:02 | INFO    | ## Completed running density checks only.
