Reading timing models for corner nom_tt_025C_5v00…
Reading timing library for the 'nom_tt_025C_5v00' corner at '/foss/pdks/gf180mcuD/libs.ref/gf180mcu_fd_sc_mcu7t5v0/lib/gf180mcu_fd_sc_mcu7t5v0__tt_025C_5v00.lib'…
Reading timing library for the 'nom_tt_025C_5v00' corner at '/foss/designs/macros/globalfoundries-pdk-ip-gf180mcu_fd_ip_sram/cells/gf180mcu_fd_ip_sram__sram64x8m8wm1/gf180mcu_fd_ip_sram__sram64x8m8wm1__tt_025C_1v80.lib'…
Reading OpenROAD database at '/foss/designs/runs/RUN_2026-06-19_03-36-27/48-odb-reportdisconnectedpins/counter.odb'…
Reading design constraints file at '/usr/local/lib/python3.12/dist-packages/librelane/scripts/base.sdc'…
[INFO] Using clock clk…
[INFO] Setting output delay to: 10
[INFO] Setting input delay to: 10
[INFO] Setting load to: 0.07291
[INFO] Setting clock uncertainty to: 0.25
[INFO] Setting clock transition to: 0.1499999999999999944488848768742172978818416595458984375
[INFO] Setting timing derate to: 5%
gf180mcu_fd_sc_mcu7t5v0__fillcap_* gf180mcu_fd_sc_mcu7t5v0__fill_*
[INFO DPL-0001] Placed 117019 filler instances.
Setting global connections for newly added cells…
[INFO] Setting global connections...
u_sram matched with u_sram
[INFO ODB-0403] 468076 connections made, 1 conflicts skipped, use -force to connect.
Updating metrics…
Cell type report:                       Count       Area
  Macro                                     1  100571.56
  Endcap cell                            1658    7279.28
  Fill cell                            117019 8573645.56
  Tap cell                              57553  252680.69
  Antenna cell                              3      13.17
  Tie cell                                 20     175.62
  Clock buffer                              6     658.56
  Timing Repair Buffer                     13     614.66
  Sequential cell                           4     254.64
  Multi-Input combinational cell            8     153.66
  Total                                176285 8936047.40
Writing OpenROAD database to '/foss/designs/runs/RUN_2026-06-19_03-36-27/52-openroad-fillinsertion/counter.odb'…
Writing netlist to '/foss/designs/runs/RUN_2026-06-19_03-36-27/52-openroad-fillinsertion/counter.nl.v'…
Writing powered netlist to '/foss/designs/runs/RUN_2026-06-19_03-36-27/52-openroad-fillinsertion/counter.pnl.v'…
Writing layout to '/foss/designs/runs/RUN_2026-06-19_03-36-27/52-openroad-fillinsertion/counter.def'…
Writing timing constraints to '/foss/designs/runs/RUN_2026-06-19_03-36-27/52-openroad-fillinsertion/counter.sdc'…
