/foss/pdks/gf180mcuD/libs.tech/klayout/tech/drc/run_drc.py:729: DeprecationWarning: datetime.datetime.utcnow() is deprecated and scheduled for removal in a future version. Use timezone-aware objects to represent datetimes in UTC: datetime.datetime.now(datetime.UTC).
  now_str = datetime.utcnow().strftime("drc_run_%Y_%m_%d_%H_%M_%S")
02-Sep-2026 17:25:36 | INFO    | Your Klayout version is: KLayout 0.30.8
02-Sep-2026 17:25:36 | INFO    | ## Generating template with for the following rule tables: ['metal3.drc']
02-Sep-2026 17:25:36 | INFO    | ## Your run dir located at: /headless/aravindustries-repos/butterfold/butterfold_proto/physical/results/m2_fix/final_ach_klayout/metal3
02-Sep-2026 17:25:36 | INFO    | Running Global Foundries 180nm MCU /headless/aravindustries-repos/butterfold/butterfold_proto/physical/results/m2_fix/candidate/butterfold_top.gds checks on design metal3 on cell butterfold_top:
2026-09-02 17:25:38 +0200: Memory Usage (443528K) : Starting running GF180MCU Klayout DRC runset on /headless/aravindustries-repos/butterfold/butterfold_proto/physical/results/m2_fix/candidate/butterfold_top.gds
2026-09-02 17:25:38 +0200: Memory Usage (443528K) : Ruby Version for klayout: 3.2.3
2026-09-02 17:25:38 +0200: Memory Usage (489156K) : Loading database to memory is complete.
2026-09-02 17:25:38 +0200: Memory Usage (489156K) : GF180MCU Klayout DRC runset output at: /headless/aravindustries-repos/butterfold/butterfold_proto/physical/results/m2_fix/final_ach_klayout/metal3/butterfold_top_metal3.lyrdb
2026-09-02 17:25:38 +0200: Memory Usage (489364K) : Evaluate switches.
2026-09-02 17:25:38 +0200: Memory Usage (489364K) : table_name selected  metal3
2026-09-02 17:25:38 +0200: Memory Usage (489364K) : CONNECTIVITY_RULES enabled: false
2026-09-02 17:25:38 +0200: Memory Usage (489364K) : Wedge enabled: false
2026-09-02 17:25:38 +0200: Memory Usage (489364K) : Ball enabled: false
2026-09-02 17:25:38 +0200: Memory Usage (489364K) : Gold enabled: false
2026-09-02 17:25:38 +0200: Memory Usage (489364K) : MIM Option selected: B
2026-09-02 17:25:38 +0200: Memory Usage (489364K) : Offgrid enabled:  true
2026-09-02 17:25:38 +0200: Memory Usage (489364K) : Number of threads to use 4
2026-09-02 17:25:38 +0200: Memory Usage (489364K) : Verbose mode: false
2026-09-02 17:25:38 +0200: Memory Usage (489364K) : flat  mode is enabled for metal3 table
2026-09-02 17:25:38 +0200: Memory Usage (489364K) : METAL_TOP Selected is 11K
2026-09-02 17:25:38 +0200: Memory Usage (489364K) : METAL_STACK Selected is 5LM
2026-09-02 17:25:38 +0200: Memory Usage (489364K) : FEOL enabled: true
2026-09-02 17:25:38 +0200: Memory Usage (489364K) : BEOL enabled: true
2026-09-02 17:25:38 +0200: Memory Usage (489364K) : DUMMY enabled: false
2026-09-02 17:25:38 +0200: Memory Usage (489364K) : SLOW_VIA enabled: false
2026-09-02 17:25:38 +0200: Memory Usage (489364K) : Read in polygons from layers.
2026-09-02 17:25:38 +0200: Memory Usage (509848K) : comp has 102728 polygons
2026-09-02 17:25:38 +0200: Memory Usage (509848K) : dnwell has 0 polygons
2026-09-02 17:25:39 +0200: Memory Usage (529384K) : nwell has 366 polygons
2026-09-02 17:25:39 +0200: Memory Usage (529384K) : lvpwell has 251 polygons
2026-09-02 17:25:39 +0200: Memory Usage (531496K) : dualgate has 3 polygons
2026-09-02 17:25:40 +0200: Memory Usage (533564K) : poly2 has 124262 polygons
2026-09-02 17:25:40 +0200: Memory Usage (548172K) : nplus has 1361 polygons
2026-09-02 17:25:40 +0200: Memory Usage (548172K) : pplus has 6684 polygons
2026-09-02 17:25:40 +0200: Memory Usage (548172K) : sab has 0 polygons
2026-09-02 17:25:40 +0200: Memory Usage (548172K) : esd has 0 polygons
2026-09-02 17:25:40 +0200: Memory Usage (548172K) : resistor has 0 polygons
2026-09-02 17:25:40 +0200: Memory Usage (548172K) : fhres has 0 polygons
2026-09-02 17:25:40 +0200: Memory Usage (548172K) : fusetop has 0 polygons
2026-09-02 17:25:40 +0200: Memory Usage (548172K) : fusewindow_d has 0 polygons
2026-09-02 17:25:40 +0200: Memory Usage (548172K) : polyfuse has 0 polygons
2026-09-02 17:25:40 +0200: Memory Usage (548172K) : mvsd has 0 polygons
2026-09-02 17:25:40 +0200: Memory Usage (548172K) : mvpsd has 0 polygons
2026-09-02 17:25:40 +0200: Memory Usage (548172K) : nat has 0 polygons
2026-09-02 17:25:40 +0200: Memory Usage (548172K) : comp_dummy has 0 polygons
2026-09-02 17:25:40 +0200: Memory Usage (548172K) : poly2_dummy has 0 polygons
2026-09-02 17:25:40 +0200: Memory Usage (548172K) : schottky_diode has 0 polygons
2026-09-02 17:25:40 +0200: Memory Usage (548172K) : zener has 0 polygons
2026-09-02 17:25:40 +0200: Memory Usage (548172K) : res_mk has 0 polygons
2026-09-02 17:25:40 +0200: Memory Usage (548172K) : opc_drc has 0 polygons
2026-09-02 17:25:41 +0200: Memory Usage (548172K) : v5_xtor has 3 polygons
2026-09-02 17:25:41 +0200: Memory Usage (548172K) : cap_mk has 0 polygons
2026-09-02 17:25:41 +0200: Memory Usage (548172K) : mos_cap_mk has 0 polygons
2026-09-02 17:25:41 +0200: Memory Usage (548172K) : ind_mk has 0 polygons
2026-09-02 17:25:41 +0200: Memory Usage (548172K) : diode_mk has 19 polygons
2026-09-02 17:25:41 +0200: Memory Usage (548172K) : drc_bjt has 0 polygons
2026-09-02 17:25:41 +0200: Memory Usage (548172K) : lvs_bjt has 0 polygons
2026-09-02 17:25:41 +0200: Memory Usage (548172K) : mim_l_mk has 0 polygons
2026-09-02 17:25:41 +0200: Memory Usage (548172K) : latchup_mk has 0 polygons
2026-09-02 17:25:41 +0200: Memory Usage (548172K) : guard_ring_mk has 0 polygons
2026-09-02 17:25:41 +0200: Memory Usage (548172K) : otp_mk has 0 polygons
2026-09-02 17:25:41 +0200: Memory Usage (548172K) : mtpmark has 0 polygons
2026-09-02 17:25:41 +0200: Memory Usage (548172K) : neo_ee_mk has 0 polygons
2026-09-02 17:25:41 +0200: Memory Usage (548172K) : sramcore has 4 polygons
2026-09-02 17:25:41 +0200: Memory Usage (548172K) : lvs_rf has 0 polygons
2026-09-02 17:25:41 +0200: Memory Usage (548172K) : lvs_drain has 0 polygons
2026-09-02 17:25:41 +0200: Memory Usage (548172K) : ind_mk has 0 polygons
2026-09-02 17:25:41 +0200: Memory Usage (548172K) : hvpolyrs has 0 polygons
2026-09-02 17:25:41 +0200: Memory Usage (548172K) : lvs_io has 0 polygons
2026-09-02 17:25:41 +0200: Memory Usage (548172K) : probe_mk has 0 polygons
2026-09-02 17:25:41 +0200: Memory Usage (548172K) : esd_mk has 0 polygons
2026-09-02 17:25:41 +0200: Memory Usage (548172K) : lvs_source has 0 polygons
2026-09-02 17:25:41 +0200: Memory Usage (548172K) : well_diode_mk has 0 polygons
2026-09-02 17:25:41 +0200: Memory Usage (548172K) : ldmos_xtor has 0 polygons
2026-09-02 17:25:41 +0200: Memory Usage (548172K) : plfuse has 0 polygons
2026-09-02 17:25:41 +0200: Memory Usage (548172K) : efuse_mk has 0 polygons
2026-09-02 17:25:41 +0200: Memory Usage (548172K) : mcell_feol_mk has 0 polygons
2026-09-02 17:25:41 +0200: Memory Usage (548172K) : ymtp_mk has 0 polygons
2026-09-02 17:25:41 +0200: Memory Usage (548172K) : dev_wf_mk has 0 polygons
2026-09-02 17:25:41 +0200: Memory Usage (548172K) : comp_label has 0 polygons
2026-09-02 17:25:41 +0200: Memory Usage (548172K) : poly2_label has 0 polygons
2026-09-02 17:25:41 +0200: Memory Usage (548172K) : mdiode has 0 polygons
2026-09-02 17:25:41 +0200: Memory Usage (548172K) : ndmy has 0 polygons
2026-09-02 17:25:41 +0200: Memory Usage (548172K) : pmndmy has 0 polygons
2026-09-02 17:25:44 +0200: Memory Usage (604808K) : metal1_drawn has 144178 polygons
2026-09-02 17:25:44 +0200: Memory Usage (604808K) : metal1_dummy has 0 polygons
2026-09-02 17:25:44 +0200: Memory Usage (604808K) : metal1_label has 0 polygons
2026-09-02 17:25:44 +0200: Memory Usage (604808K) : metal1_slot has 0 polygons
2026-09-02 17:25:44 +0200: Memory Usage (604808K) : metal1_blk has 0 polygons
2026-09-02 17:25:45 +0200: Memory Usage (638000K) : metal2_drawn has 49175 polygons
2026-09-02 17:25:45 +0200: Memory Usage (638000K) : metal2_dummy has 0 polygons
2026-09-02 17:25:45 +0200: Memory Usage (638000K) : metal2_label has 145 polygons
2026-09-02 17:25:45 +0200: Memory Usage (638000K) : metal2_slot has 0 polygons
2026-09-02 17:25:45 +0200: Memory Usage (638000K) : metal2_blk has 0 polygons
2026-09-02 17:25:45 +0200: Memory Usage (638000K) : metal3_drawn has 23290 polygons
2026-09-02 17:25:45 +0200: Memory Usage (638000K) : metal3_dummy has 0 polygons
2026-09-02 17:25:45 +0200: Memory Usage (638000K) : metal3_label has 0 polygons
2026-09-02 17:25:45 +0200: Memory Usage (638000K) : metal3_slot has 0 polygons
2026-09-02 17:25:45 +0200: Memory Usage (638000K) : metal3_blk has 0 polygons
2026-09-02 17:25:45 +0200: Memory Usage (638000K) : via3 has 8307 polygons
2026-09-02 17:25:45 +0200: Memory Usage (638000K) : metal4_drawn has 1823 polygons
2026-09-02 17:25:45 +0200: Memory Usage (638000K) : metal4_dummy has 0 polygons
2026-09-02 17:25:45 +0200: Memory Usage (638000K) : metal4_label has 0 polygons
2026-09-02 17:25:45 +0200: Memory Usage (638000K) : metal4_slot has 0 polygons
2026-09-02 17:25:45 +0200: Memory Usage (638000K) : metal4_blk has 0 polygons
2026-09-02 17:25:46 +0200: Memory Usage (638000K) : via4 has 1723 polygons
2026-09-02 17:25:46 +0200: Memory Usage (638000K) : metal5_drawn has 362 polygons
2026-09-02 17:25:46 +0200: Memory Usage (638000K) : metal5_dummy has 0 polygons
2026-09-02 17:25:46 +0200: Memory Usage (638000K) : metal5_label has 0 polygons
2026-09-02 17:25:46 +0200: Memory Usage (638000K) : metal5_slot has 0 polygons
2026-09-02 17:25:46 +0200: Memory Usage (638000K) : metal5_blk has 0 polygons
2026-09-02 17:25:46 +0200: Memory Usage (638000K) : pad has 0 polygons
2026-09-02 17:25:46 +0200: Memory Usage (638000K) : ubmpperi has 0 polygons
2026-09-02 17:25:46 +0200: Memory Usage (638000K) : ubmparray has 0 polygons
2026-09-02 17:25:46 +0200: Memory Usage (638000K) : ubmeplate has 0 polygons
2026-09-02 17:25:46 +0200: Memory Usage (638000K) : metal1_res has 0 polygons
2026-09-02 17:25:46 +0200: Memory Usage (638000K) : metal2_res has 0 polygons
2026-09-02 17:25:46 +0200: Memory Usage (638000K) : metal3_res has 0 polygons
2026-09-02 17:25:46 +0200: Memory Usage (638000K) : metal4_res has 0 polygons
2026-09-02 17:25:46 +0200: Memory Usage (638000K) : metal5_res has 0 polygons
2026-09-02 17:25:46 +0200: Memory Usage (638000K) : metal6_res has 0 polygons
2026-09-02 17:25:46 +0200: Memory Usage (638000K) : pr_bndry has 1 polygons
2026-09-02 17:25:46 +0200: Memory Usage (638000K) : border has 0 polygons
2026-09-02 17:25:46 +0200: Memory Usage (638000K) : Total no. of polygons in the design is 464685
2026-09-02 17:25:46 +0200: Memory Usage (638000K) : Starting deriving base layers.
2026-09-02 17:25:54 +0200: Memory Usage (736512K) : Total area of the design is 1859250.0 um^2.
2026-09-02 17:25:54 +0200: Memory Usage (736512K) : Starting GF180MCU DRC rules.
2026-09-02 17:25:54 +0200: Memory Usage (736512K) : Running all FEOL rules
2026-09-02 17:25:54 +0200: Memory Usage (736512K) : Running all BEOL rules
2026-09-02 17:25:54 +0200: Memory Usage (736512K) : Executing rule M3.1
2026-09-02 17:25:54 +0200: Memory Usage (736916K) : Executing rule M3.2a
2026-09-02 17:25:55 +0200: Memory Usage (737292K) : Executing rule M3.2b
2026-09-02 17:25:55 +0200: Memory Usage (737292K) : Executing rule M3.3
2026-09-02 17:25:55 +0200: Memory Usage (737292K) : metal3 DRC Total Run time 17.094876879 seconds
02-Sep-2026 17:25:55 | INFO    | Klayout DRC run is clean. GDS has no DRC violations.
