/foss/pdks/gf180mcuD/libs.tech/klayout/tech/drc/run_drc.py:729: DeprecationWarning: datetime.datetime.utcnow() is deprecated and scheduled for removal in a future version. Use timezone-aware objects to represent datetimes in UTC: datetime.datetime.now(datetime.UTC).
  now_str = datetime.utcnow().strftime("drc_run_%Y_%m_%d_%H_%M_%S")
02-Sep-2026 17:26:34 | INFO    | Your Klayout version is: KLayout 0.30.8
02-Sep-2026 17:26:34 | INFO    | ## Generating template with for the following rule tables: ['metaltop.drc']
02-Sep-2026 17:26:34 | INFO    | ## Your run dir located at: /headless/aravindustries-repos/butterfold/butterfold_proto/physical/results/m2_fix/final_ach_klayout/metaltop
02-Sep-2026 17:26:34 | INFO    | Running Global Foundries 180nm MCU /headless/aravindustries-repos/butterfold/butterfold_proto/physical/results/m2_fix/candidate/butterfold_top.gds checks on design metaltop on cell butterfold_top:
2026-09-02 17:26:35 +0200: Memory Usage (443764K) : Starting running GF180MCU Klayout DRC runset on /headless/aravindustries-repos/butterfold/butterfold_proto/physical/results/m2_fix/candidate/butterfold_top.gds
2026-09-02 17:26:35 +0200: Memory Usage (443764K) : Ruby Version for klayout: 3.2.3
2026-09-02 17:26:36 +0200: Memory Usage (489456K) : Loading database to memory is complete.
2026-09-02 17:26:36 +0200: Memory Usage (489456K) : GF180MCU Klayout DRC runset output at: /headless/aravindustries-repos/butterfold/butterfold_proto/physical/results/m2_fix/final_ach_klayout/metaltop/butterfold_top_metaltop.lyrdb
2026-09-02 17:26:36 +0200: Memory Usage (489456K) : Evaluate switches.
2026-09-02 17:26:36 +0200: Memory Usage (489456K) : table_name selected  metaltop
2026-09-02 17:26:36 +0200: Memory Usage (489456K) : CONNECTIVITY_RULES enabled: false
2026-09-02 17:26:36 +0200: Memory Usage (489456K) : Wedge enabled: false
2026-09-02 17:26:36 +0200: Memory Usage (489456K) : Ball enabled: false
2026-09-02 17:26:36 +0200: Memory Usage (489456K) : Gold enabled: false
2026-09-02 17:26:36 +0200: Memory Usage (489456K) : MIM Option selected: B
2026-09-02 17:26:36 +0200: Memory Usage (489456K) : Offgrid enabled:  true
2026-09-02 17:26:36 +0200: Memory Usage (489456K) : Number of threads to use 4
2026-09-02 17:26:36 +0200: Memory Usage (489456K) : Verbose mode: false
2026-09-02 17:26:36 +0200: Memory Usage (489456K) : flat  mode is enabled for metaltop table
2026-09-02 17:26:36 +0200: Memory Usage (489456K) : METAL_TOP Selected is 11K
2026-09-02 17:26:36 +0200: Memory Usage (489456K) : METAL_STACK Selected is 5LM
2026-09-02 17:26:36 +0200: Memory Usage (489456K) : FEOL enabled: true
2026-09-02 17:26:36 +0200: Memory Usage (489456K) : BEOL enabled: true
2026-09-02 17:26:36 +0200: Memory Usage (489456K) : DUMMY enabled: false
2026-09-02 17:26:36 +0200: Memory Usage (489456K) : SLOW_VIA enabled: false
2026-09-02 17:26:36 +0200: Memory Usage (489456K) : Read in polygons from layers.
2026-09-02 17:26:36 +0200: Memory Usage (510124K) : comp has 102728 polygons
2026-09-02 17:26:36 +0200: Memory Usage (510124K) : dnwell has 0 polygons
2026-09-02 17:26:36 +0200: Memory Usage (529660K) : nwell has 366 polygons
2026-09-02 17:26:37 +0200: Memory Usage (529660K) : lvpwell has 251 polygons
2026-09-02 17:26:37 +0200: Memory Usage (531772K) : dualgate has 3 polygons
2026-09-02 17:26:38 +0200: Memory Usage (533964K) : poly2 has 124262 polygons
2026-09-02 17:26:38 +0200: Memory Usage (548572K) : nplus has 1361 polygons
2026-09-02 17:26:38 +0200: Memory Usage (548572K) : pplus has 6684 polygons
2026-09-02 17:26:39 +0200: Memory Usage (548572K) : sab has 0 polygons
2026-09-02 17:26:39 +0200: Memory Usage (548572K) : esd has 0 polygons
2026-09-02 17:26:39 +0200: Memory Usage (548572K) : resistor has 0 polygons
2026-09-02 17:26:39 +0200: Memory Usage (548572K) : fhres has 0 polygons
2026-09-02 17:26:39 +0200: Memory Usage (548572K) : fusetop has 0 polygons
2026-09-02 17:26:39 +0200: Memory Usage (548572K) : fusewindow_d has 0 polygons
2026-09-02 17:26:39 +0200: Memory Usage (548572K) : polyfuse has 0 polygons
2026-09-02 17:26:39 +0200: Memory Usage (548572K) : mvsd has 0 polygons
2026-09-02 17:26:39 +0200: Memory Usage (548572K) : mvpsd has 0 polygons
2026-09-02 17:26:39 +0200: Memory Usage (548572K) : nat has 0 polygons
2026-09-02 17:26:39 +0200: Memory Usage (548572K) : comp_dummy has 0 polygons
2026-09-02 17:26:39 +0200: Memory Usage (548572K) : poly2_dummy has 0 polygons
2026-09-02 17:26:39 +0200: Memory Usage (548572K) : schottky_diode has 0 polygons
2026-09-02 17:26:39 +0200: Memory Usage (548572K) : zener has 0 polygons
2026-09-02 17:26:39 +0200: Memory Usage (548572K) : res_mk has 0 polygons
2026-09-02 17:26:39 +0200: Memory Usage (548572K) : opc_drc has 0 polygons
2026-09-02 17:26:39 +0200: Memory Usage (548572K) : v5_xtor has 3 polygons
2026-09-02 17:26:39 +0200: Memory Usage (548572K) : cap_mk has 0 polygons
2026-09-02 17:26:39 +0200: Memory Usage (548572K) : mos_cap_mk has 0 polygons
2026-09-02 17:26:39 +0200: Memory Usage (548572K) : ind_mk has 0 polygons
2026-09-02 17:26:39 +0200: Memory Usage (548572K) : diode_mk has 19 polygons
2026-09-02 17:26:39 +0200: Memory Usage (548572K) : drc_bjt has 0 polygons
2026-09-02 17:26:39 +0200: Memory Usage (548572K) : lvs_bjt has 0 polygons
2026-09-02 17:26:39 +0200: Memory Usage (548572K) : mim_l_mk has 0 polygons
2026-09-02 17:26:39 +0200: Memory Usage (548572K) : latchup_mk has 0 polygons
2026-09-02 17:26:39 +0200: Memory Usage (548572K) : guard_ring_mk has 0 polygons
2026-09-02 17:26:39 +0200: Memory Usage (548572K) : otp_mk has 0 polygons
2026-09-02 17:26:39 +0200: Memory Usage (548572K) : mtpmark has 0 polygons
2026-09-02 17:26:39 +0200: Memory Usage (548572K) : neo_ee_mk has 0 polygons
2026-09-02 17:26:39 +0200: Memory Usage (548572K) : sramcore has 4 polygons
2026-09-02 17:26:39 +0200: Memory Usage (548572K) : lvs_rf has 0 polygons
2026-09-02 17:26:39 +0200: Memory Usage (548572K) : lvs_drain has 0 polygons
2026-09-02 17:26:39 +0200: Memory Usage (548572K) : ind_mk has 0 polygons
2026-09-02 17:26:39 +0200: Memory Usage (548572K) : hvpolyrs has 0 polygons
2026-09-02 17:26:39 +0200: Memory Usage (548572K) : lvs_io has 0 polygons
2026-09-02 17:26:39 +0200: Memory Usage (548572K) : probe_mk has 0 polygons
2026-09-02 17:26:39 +0200: Memory Usage (548572K) : esd_mk has 0 polygons
2026-09-02 17:26:39 +0200: Memory Usage (548572K) : lvs_source has 0 polygons
2026-09-02 17:26:39 +0200: Memory Usage (548572K) : well_diode_mk has 0 polygons
2026-09-02 17:26:39 +0200: Memory Usage (548572K) : ldmos_xtor has 0 polygons
2026-09-02 17:26:39 +0200: Memory Usage (548572K) : plfuse has 0 polygons
2026-09-02 17:26:39 +0200: Memory Usage (548572K) : efuse_mk has 0 polygons
2026-09-02 17:26:39 +0200: Memory Usage (548572K) : mcell_feol_mk has 0 polygons
2026-09-02 17:26:39 +0200: Memory Usage (548572K) : ymtp_mk has 0 polygons
2026-09-02 17:26:39 +0200: Memory Usage (548572K) : dev_wf_mk has 0 polygons
2026-09-02 17:26:39 +0200: Memory Usage (548572K) : comp_label has 0 polygons
2026-09-02 17:26:39 +0200: Memory Usage (548572K) : poly2_label has 0 polygons
2026-09-02 17:26:39 +0200: Memory Usage (548572K) : mdiode has 0 polygons
2026-09-02 17:26:39 +0200: Memory Usage (548572K) : ndmy has 0 polygons
2026-09-02 17:26:39 +0200: Memory Usage (548572K) : pmndmy has 0 polygons
2026-09-02 17:26:42 +0200: Memory Usage (605220K) : metal1_drawn has 144178 polygons
2026-09-02 17:26:42 +0200: Memory Usage (605220K) : metal1_dummy has 0 polygons
2026-09-02 17:26:42 +0200: Memory Usage (605220K) : metal1_label has 0 polygons
2026-09-02 17:26:42 +0200: Memory Usage (605220K) : metal1_slot has 0 polygons
2026-09-02 17:26:42 +0200: Memory Usage (605220K) : metal1_blk has 0 polygons
2026-09-02 17:26:43 +0200: Memory Usage (638116K) : metal2_drawn has 49175 polygons
2026-09-02 17:26:43 +0200: Memory Usage (638116K) : metal2_dummy has 0 polygons
2026-09-02 17:26:43 +0200: Memory Usage (638116K) : metal2_label has 145 polygons
2026-09-02 17:26:43 +0200: Memory Usage (638116K) : metal2_slot has 0 polygons
2026-09-02 17:26:43 +0200: Memory Usage (638116K) : metal2_blk has 0 polygons
2026-09-02 17:26:43 +0200: Memory Usage (638116K) : metal3_drawn has 23290 polygons
2026-09-02 17:26:43 +0200: Memory Usage (638116K) : metal3_dummy has 0 polygons
2026-09-02 17:26:43 +0200: Memory Usage (638116K) : metal3_label has 0 polygons
2026-09-02 17:26:43 +0200: Memory Usage (638116K) : metal3_slot has 0 polygons
2026-09-02 17:26:43 +0200: Memory Usage (638116K) : metal3_blk has 0 polygons
2026-09-02 17:26:43 +0200: Memory Usage (638116K) : via3 has 8307 polygons
2026-09-02 17:26:43 +0200: Memory Usage (638116K) : metal4_drawn has 1823 polygons
2026-09-02 17:26:43 +0200: Memory Usage (638116K) : metal4_dummy has 0 polygons
2026-09-02 17:26:43 +0200: Memory Usage (638116K) : metal4_label has 0 polygons
2026-09-02 17:26:43 +0200: Memory Usage (638116K) : metal4_slot has 0 polygons
2026-09-02 17:26:43 +0200: Memory Usage (638116K) : metal4_blk has 0 polygons
2026-09-02 17:26:43 +0200: Memory Usage (638116K) : via4 has 1723 polygons
2026-09-02 17:26:43 +0200: Memory Usage (638116K) : metal5_drawn has 362 polygons
2026-09-02 17:26:43 +0200: Memory Usage (638116K) : metal5_dummy has 0 polygons
2026-09-02 17:26:43 +0200: Memory Usage (638116K) : metal5_label has 0 polygons
2026-09-02 17:26:43 +0200: Memory Usage (638116K) : metal5_slot has 0 polygons
2026-09-02 17:26:43 +0200: Memory Usage (638116K) : metal5_blk has 0 polygons
2026-09-02 17:26:43 +0200: Memory Usage (638116K) : pad has 0 polygons
2026-09-02 17:26:43 +0200: Memory Usage (638116K) : ubmpperi has 0 polygons
2026-09-02 17:26:43 +0200: Memory Usage (638116K) : ubmparray has 0 polygons
2026-09-02 17:26:43 +0200: Memory Usage (638116K) : ubmeplate has 0 polygons
2026-09-02 17:26:43 +0200: Memory Usage (638116K) : metal1_res has 0 polygons
2026-09-02 17:26:43 +0200: Memory Usage (638116K) : metal2_res has 0 polygons
2026-09-02 17:26:43 +0200: Memory Usage (638116K) : metal3_res has 0 polygons
2026-09-02 17:26:43 +0200: Memory Usage (638116K) : metal4_res has 0 polygons
2026-09-02 17:26:43 +0200: Memory Usage (638116K) : metal5_res has 0 polygons
2026-09-02 17:26:43 +0200: Memory Usage (638116K) : metal6_res has 0 polygons
2026-09-02 17:26:44 +0200: Memory Usage (638116K) : pr_bndry has 1 polygons
2026-09-02 17:26:44 +0200: Memory Usage (638116K) : border has 0 polygons
2026-09-02 17:26:44 +0200: Memory Usage (638116K) : Total no. of polygons in the design is 464685
2026-09-02 17:26:44 +0200: Memory Usage (638116K) : Starting deriving base layers.
2026-09-02 17:26:52 +0200: Memory Usage (736472K) : Total area of the design is 1859250.0 um^2.
2026-09-02 17:26:52 +0200: Memory Usage (736472K) : Starting GF180MCU DRC rules.
2026-09-02 17:26:52 +0200: Memory Usage (736472K) : Running all FEOL rules
2026-09-02 17:26:52 +0200: Memory Usage (736472K) : Running all BEOL rules
2026-09-02 17:26:52 +0200: Memory Usage (736472K) : MetalTop thickness 9k/11k section
2026-09-02 17:26:52 +0200: Memory Usage (736472K) : Executing rule MT.1
2026-09-02 17:26:52 +0200: Memory Usage (736684K) : Executing rule MT.2a
2026-09-02 17:26:52 +0200: Memory Usage (737068K) : Executing rule MT.2b
2026-09-02 17:26:52 +0200: Memory Usage (737068K) : Executing rule MT.4
2026-09-02 17:26:52 +0200: Memory Usage (737068K) : metaltop DRC Total Run time 17.038562967 seconds
02-Sep-2026 17:26:53 | INFO    | Klayout DRC run is clean. GDS has no DRC violations.
