/foss/pdks/gf180mcuD/libs.tech/klayout/tech/drc/run_drc.py:729: DeprecationWarning: datetime.datetime.utcnow() is deprecated and scheduled for removal in a future version. Use timezone-aware objects to represent datetimes in UTC: datetime.datetime.now(datetime.UTC).
  now_str = datetime.utcnow().strftime("drc_run_%Y_%m_%d_%H_%M_%S")
02-Sep-2026 17:31:37 | INFO    | Your Klayout version is: KLayout 0.30.8
02-Sep-2026 17:31:37 | INFO    | ## Generating template with for the following rule tables: ['nplus.drc']
02-Sep-2026 17:31:37 | INFO    | ## Your run dir located at: /headless/aravindustries-repos/butterfold/butterfold_proto/physical/results/m2_fix/final_ach_klayout/nplus
02-Sep-2026 17:31:37 | INFO    | Running Global Foundries 180nm MCU /headless/aravindustries-repos/butterfold/butterfold_proto/physical/results/m2_fix/candidate/butterfold_top.gds checks on design nplus on cell butterfold_top:
2026-09-02 17:31:38 +0200: Memory Usage (444140K) : Starting running GF180MCU Klayout DRC runset on /headless/aravindustries-repos/butterfold/butterfold_proto/physical/results/m2_fix/candidate/butterfold_top.gds
2026-09-02 17:31:38 +0200: Memory Usage (444140K) : Ruby Version for klayout: 3.2.3
2026-09-02 17:31:39 +0200: Memory Usage (489612K) : Loading database to memory is complete.
2026-09-02 17:31:39 +0200: Memory Usage (489612K) : GF180MCU Klayout DRC runset output at: /headless/aravindustries-repos/butterfold/butterfold_proto/physical/results/m2_fix/final_ach_klayout/nplus/butterfold_top_nplus.lyrdb
2026-09-02 17:31:39 +0200: Memory Usage (489612K) : Evaluate switches.
2026-09-02 17:31:39 +0200: Memory Usage (489612K) : table_name selected  nplus
2026-09-02 17:31:39 +0200: Memory Usage (489612K) : CONNECTIVITY_RULES enabled: false
2026-09-02 17:31:39 +0200: Memory Usage (489612K) : Wedge enabled: false
2026-09-02 17:31:39 +0200: Memory Usage (489612K) : Ball enabled: false
2026-09-02 17:31:39 +0200: Memory Usage (489612K) : Gold enabled: false
2026-09-02 17:31:39 +0200: Memory Usage (489612K) : MIM Option selected: B
2026-09-02 17:31:39 +0200: Memory Usage (489612K) : Offgrid enabled:  true
2026-09-02 17:31:39 +0200: Memory Usage (489612K) : Number of threads to use 4
2026-09-02 17:31:39 +0200: Memory Usage (489612K) : Verbose mode: false
2026-09-02 17:31:39 +0200: Memory Usage (489612K) : flat  mode is enabled for nplus table
2026-09-02 17:31:39 +0200: Memory Usage (489612K) : METAL_TOP Selected is 11K
2026-09-02 17:31:39 +0200: Memory Usage (489612K) : METAL_STACK Selected is 5LM
2026-09-02 17:31:39 +0200: Memory Usage (489612K) : FEOL enabled: true
2026-09-02 17:31:39 +0200: Memory Usage (489612K) : BEOL enabled: true
2026-09-02 17:31:39 +0200: Memory Usage (489612K) : DUMMY enabled: false
2026-09-02 17:31:39 +0200: Memory Usage (489612K) : SLOW_VIA enabled: false
2026-09-02 17:31:39 +0200: Memory Usage (489612K) : Read in polygons from layers.
2026-09-02 17:31:39 +0200: Memory Usage (510072K) : comp has 102728 polygons
2026-09-02 17:31:39 +0200: Memory Usage (510072K) : dnwell has 0 polygons
2026-09-02 17:31:39 +0200: Memory Usage (529608K) : nwell has 366 polygons
2026-09-02 17:31:40 +0200: Memory Usage (529608K) : lvpwell has 251 polygons
2026-09-02 17:31:40 +0200: Memory Usage (531720K) : dualgate has 3 polygons
2026-09-02 17:31:41 +0200: Memory Usage (533632K) : poly2 has 124262 polygons
2026-09-02 17:31:41 +0200: Memory Usage (548240K) : nplus has 1361 polygons
2026-09-02 17:31:41 +0200: Memory Usage (548240K) : pplus has 6684 polygons
2026-09-02 17:31:41 +0200: Memory Usage (548240K) : sab has 0 polygons
2026-09-02 17:31:41 +0200: Memory Usage (548240K) : esd has 0 polygons
2026-09-02 17:31:41 +0200: Memory Usage (548240K) : resistor has 0 polygons
2026-09-02 17:31:41 +0200: Memory Usage (548240K) : fhres has 0 polygons
2026-09-02 17:31:41 +0200: Memory Usage (548240K) : fusetop has 0 polygons
2026-09-02 17:31:41 +0200: Memory Usage (548240K) : fusewindow_d has 0 polygons
2026-09-02 17:31:41 +0200: Memory Usage (548240K) : polyfuse has 0 polygons
2026-09-02 17:31:41 +0200: Memory Usage (548240K) : mvsd has 0 polygons
2026-09-02 17:31:41 +0200: Memory Usage (548240K) : mvpsd has 0 polygons
2026-09-02 17:31:41 +0200: Memory Usage (548240K) : nat has 0 polygons
2026-09-02 17:31:41 +0200: Memory Usage (548240K) : comp_dummy has 0 polygons
2026-09-02 17:31:41 +0200: Memory Usage (548240K) : poly2_dummy has 0 polygons
2026-09-02 17:31:41 +0200: Memory Usage (548240K) : schottky_diode has 0 polygons
2026-09-02 17:31:41 +0200: Memory Usage (548240K) : zener has 0 polygons
2026-09-02 17:31:41 +0200: Memory Usage (548240K) : res_mk has 0 polygons
2026-09-02 17:31:41 +0200: Memory Usage (548240K) : opc_drc has 0 polygons
2026-09-02 17:31:42 +0200: Memory Usage (548240K) : v5_xtor has 3 polygons
2026-09-02 17:31:42 +0200: Memory Usage (548240K) : cap_mk has 0 polygons
2026-09-02 17:31:42 +0200: Memory Usage (548240K) : mos_cap_mk has 0 polygons
2026-09-02 17:31:42 +0200: Memory Usage (548240K) : ind_mk has 0 polygons
2026-09-02 17:31:42 +0200: Memory Usage (548240K) : diode_mk has 19 polygons
2026-09-02 17:31:42 +0200: Memory Usage (548240K) : drc_bjt has 0 polygons
2026-09-02 17:31:42 +0200: Memory Usage (548240K) : lvs_bjt has 0 polygons
2026-09-02 17:31:42 +0200: Memory Usage (548240K) : mim_l_mk has 0 polygons
2026-09-02 17:31:42 +0200: Memory Usage (548240K) : latchup_mk has 0 polygons
2026-09-02 17:31:42 +0200: Memory Usage (548240K) : guard_ring_mk has 0 polygons
2026-09-02 17:31:42 +0200: Memory Usage (548240K) : otp_mk has 0 polygons
2026-09-02 17:31:42 +0200: Memory Usage (548240K) : mtpmark has 0 polygons
2026-09-02 17:31:42 +0200: Memory Usage (548240K) : neo_ee_mk has 0 polygons
2026-09-02 17:31:42 +0200: Memory Usage (548240K) : sramcore has 4 polygons
2026-09-02 17:31:42 +0200: Memory Usage (548240K) : lvs_rf has 0 polygons
2026-09-02 17:31:42 +0200: Memory Usage (548240K) : lvs_drain has 0 polygons
2026-09-02 17:31:42 +0200: Memory Usage (548240K) : ind_mk has 0 polygons
2026-09-02 17:31:42 +0200: Memory Usage (548240K) : hvpolyrs has 0 polygons
2026-09-02 17:31:42 +0200: Memory Usage (548240K) : lvs_io has 0 polygons
2026-09-02 17:31:42 +0200: Memory Usage (548240K) : probe_mk has 0 polygons
2026-09-02 17:31:42 +0200: Memory Usage (548240K) : esd_mk has 0 polygons
2026-09-02 17:31:42 +0200: Memory Usage (548240K) : lvs_source has 0 polygons
2026-09-02 17:31:42 +0200: Memory Usage (548240K) : well_diode_mk has 0 polygons
2026-09-02 17:31:42 +0200: Memory Usage (548240K) : ldmos_xtor has 0 polygons
2026-09-02 17:31:42 +0200: Memory Usage (548240K) : plfuse has 0 polygons
2026-09-02 17:31:42 +0200: Memory Usage (548240K) : efuse_mk has 0 polygons
2026-09-02 17:31:42 +0200: Memory Usage (548240K) : mcell_feol_mk has 0 polygons
2026-09-02 17:31:42 +0200: Memory Usage (548240K) : ymtp_mk has 0 polygons
2026-09-02 17:31:42 +0200: Memory Usage (548240K) : dev_wf_mk has 0 polygons
2026-09-02 17:31:42 +0200: Memory Usage (548240K) : comp_label has 0 polygons
2026-09-02 17:31:42 +0200: Memory Usage (548240K) : poly2_label has 0 polygons
2026-09-02 17:31:42 +0200: Memory Usage (548240K) : mdiode has 0 polygons
2026-09-02 17:31:42 +0200: Memory Usage (548240K) : ndmy has 0 polygons
2026-09-02 17:31:42 +0200: Memory Usage (548240K) : pmndmy has 0 polygons
2026-09-02 17:31:45 +0200: Memory Usage (604868K) : metal1_drawn has 144178 polygons
2026-09-02 17:31:45 +0200: Memory Usage (604868K) : metal1_dummy has 0 polygons
2026-09-02 17:31:45 +0200: Memory Usage (604868K) : metal1_label has 0 polygons
2026-09-02 17:31:45 +0200: Memory Usage (604868K) : metal1_slot has 0 polygons
2026-09-02 17:31:45 +0200: Memory Usage (604868K) : metal1_blk has 0 polygons
2026-09-02 17:31:46 +0200: Memory Usage (637916K) : metal2_drawn has 49175 polygons
2026-09-02 17:31:46 +0200: Memory Usage (637916K) : metal2_dummy has 0 polygons
2026-09-02 17:31:46 +0200: Memory Usage (637916K) : metal2_label has 145 polygons
2026-09-02 17:31:46 +0200: Memory Usage (637916K) : metal2_slot has 0 polygons
2026-09-02 17:31:46 +0200: Memory Usage (637916K) : metal2_blk has 0 polygons
2026-09-02 17:31:46 +0200: Memory Usage (637916K) : metal3_drawn has 23290 polygons
2026-09-02 17:31:46 +0200: Memory Usage (637916K) : metal3_dummy has 0 polygons
2026-09-02 17:31:46 +0200: Memory Usage (637916K) : metal3_label has 0 polygons
2026-09-02 17:31:46 +0200: Memory Usage (637916K) : metal3_slot has 0 polygons
2026-09-02 17:31:46 +0200: Memory Usage (637916K) : metal3_blk has 0 polygons
2026-09-02 17:31:46 +0200: Memory Usage (637916K) : via3 has 8307 polygons
2026-09-02 17:31:46 +0200: Memory Usage (637916K) : metal4_drawn has 1823 polygons
2026-09-02 17:31:46 +0200: Memory Usage (637916K) : metal4_dummy has 0 polygons
2026-09-02 17:31:46 +0200: Memory Usage (637916K) : metal4_label has 0 polygons
2026-09-02 17:31:46 +0200: Memory Usage (637916K) : metal4_slot has 0 polygons
2026-09-02 17:31:46 +0200: Memory Usage (637916K) : metal4_blk has 0 polygons
2026-09-02 17:31:46 +0200: Memory Usage (637916K) : via4 has 1723 polygons
2026-09-02 17:31:46 +0200: Memory Usage (637916K) : metal5_drawn has 362 polygons
2026-09-02 17:31:46 +0200: Memory Usage (637916K) : metal5_dummy has 0 polygons
2026-09-02 17:31:46 +0200: Memory Usage (637916K) : metal5_label has 0 polygons
2026-09-02 17:31:46 +0200: Memory Usage (637916K) : metal5_slot has 0 polygons
2026-09-02 17:31:46 +0200: Memory Usage (637916K) : metal5_blk has 0 polygons
2026-09-02 17:31:46 +0200: Memory Usage (637916K) : pad has 0 polygons
2026-09-02 17:31:47 +0200: Memory Usage (637916K) : ubmpperi has 0 polygons
2026-09-02 17:31:47 +0200: Memory Usage (637916K) : ubmparray has 0 polygons
2026-09-02 17:31:47 +0200: Memory Usage (637916K) : ubmeplate has 0 polygons
2026-09-02 17:31:47 +0200: Memory Usage (637916K) : metal1_res has 0 polygons
2026-09-02 17:31:47 +0200: Memory Usage (637916K) : metal2_res has 0 polygons
2026-09-02 17:31:47 +0200: Memory Usage (637916K) : metal3_res has 0 polygons
2026-09-02 17:31:47 +0200: Memory Usage (637916K) : metal4_res has 0 polygons
2026-09-02 17:31:47 +0200: Memory Usage (637916K) : metal5_res has 0 polygons
2026-09-02 17:31:47 +0200: Memory Usage (637916K) : metal6_res has 0 polygons
2026-09-02 17:31:47 +0200: Memory Usage (637916K) : pr_bndry has 1 polygons
2026-09-02 17:31:47 +0200: Memory Usage (637916K) : border has 0 polygons
2026-09-02 17:31:47 +0200: Memory Usage (637916K) : Total no. of polygons in the design is 464685
2026-09-02 17:31:47 +0200: Memory Usage (637916K) : Starting deriving base layers.
2026-09-02 17:31:55 +0200: Memory Usage (736256K) : Total area of the design is 1859250.0 um^2.
2026-09-02 17:31:55 +0200: Memory Usage (736256K) : Starting GF180MCU DRC rules.
2026-09-02 17:31:55 +0200: Memory Usage (736256K) : Running all FEOL rules
2026-09-02 17:31:55 +0200: Memory Usage (736256K) : Running all BEOL rules
2026-09-02 17:31:55 +0200: Memory Usage (736256K) : Starting NPLUS derivations
2026-09-02 17:31:55 +0200: Memory Usage (736652K) : Executing rule NP.1
2026-09-02 17:31:55 +0200: Memory Usage (736864K) : Executing rule NP.2
2026-09-02 17:31:55 +0200: Memory Usage (737244K) : Executing rule NP.3a
2026-09-02 17:31:56 +0200: Memory Usage (749916K) : Executing rule NP.3bi
2026-09-02 17:31:56 +0200: Memory Usage (749916K) : Executing rule NP.3bii
2026-09-02 17:31:56 +0200: Memory Usage (749916K) : Executing rule NP.3ci
2026-09-02 17:31:56 +0200: Memory Usage (752556K) : Executing rule NP.3cii
2026-09-02 17:31:57 +0200: Memory Usage (752556K) : Executing rule NP.3d
2026-09-02 17:31:57 +0200: Memory Usage (760828K) : Executing rule NP.3e
2026-09-02 17:31:57 +0200: Memory Usage (760828K) : Executing rule NP.4a
2026-09-02 17:32:01 +0200: Memory Usage (850492K) : Executing rule NP.4b
2026-09-02 17:32:01 +0200: Memory Usage (850492K) : Executing rule NP.5a
2026-09-02 17:32:04 +0200: Memory Usage (850492K) : Executing rule PP.5b
2026-09-02 17:32:04 +0200: Memory Usage (850668K) : Executing rule NP.5ci
2026-09-02 17:32:04 +0200: Memory Usage (850668K) : Executing rule NP.5cii
2026-09-02 17:32:05 +0200: Memory Usage (850668K) : Executing rule NP.5di
2026-09-02 17:32:05 +0200: Memory Usage (850668K) : Executing rule NP.5dii
2026-09-02 17:32:05 +0200: Memory Usage (850668K) : Executing rule NP.6
2026-09-02 17:32:07 +0200: Memory Usage (850668K) : Executing rule NP.7
2026-09-02 17:32:07 +0200: Memory Usage (850668K) : Executing rule NP.8a
2026-09-02 17:32:07 +0200: Memory Usage (850668K) : Executing rule NP.8b
2026-09-02 17:32:07 +0200: Memory Usage (850668K) : Executing rule NP.9
2026-09-02 17:32:07 +0200: Memory Usage (850668K) : Executing rule NP.10
2026-09-02 17:32:07 +0200: Memory Usage (850668K) : Executing rule NP.11
2026-09-02 17:32:07 +0200: Memory Usage (850668K) : Executing rule NP.12
2026-09-02 17:32:10 +0200: Memory Usage (850748K) : nplus DRC Total Run time 31.1911826 seconds
02-Sep-2026 17:32:10 | INFO    | Klayout DRC run is clean. GDS has no DRC violations.
