165. Printing statistics.

=== butterfold_top ===

        +----------Local Count, excluding submodules.
        |        +-Local Area, excluding submodules.
        |        | 
    12330        - wires
    15379        - wire bits
      346        - public wires
     3337        - public wire bits
        9        - ports
       23        - port bits
    14537 1.76E+05 cells
     2098        -   $_ANDNOT_
      414        -   $_AND_
     5658        -   $_MUX_
      373        -   $_NAND_
      748        -   $_NOR_
      710        -   $_NOT_
      352        -   $_ORNOT_
     1057        -   $_OR_
      267        -   $_XNOR_
      817        -   $_XOR_
        2        -   gf180mcu_fd_ip_sram__sram256x8m8wm1
       32 1.26E+03   gf180mcu_fd_sc_mcu9t5v0__buf_4
        2   56.448   gf180mcu_fd_sc_mcu9t5v0__clkinv_4
      540 4.27E+04   gf180mcu_fd_sc_mcu9t5v0__dffq_1
     1457 1.32E+05   gf180mcu_fd_sc_mcu9t5v0__dffrnq_1
        8  812.851   gf180mcu_fd_sc_mcu9t5v0__dffsnq_1
        2   90.317   gf180mcu_fd_sc_mcu9t5v0__nand2_4

   Area for cell type $_ANDNOT_ is unknown!
   Area for cell type $_AND_ is unknown!
   Area for cell type $_MUX_ is unknown!
   Area for cell type $_NAND_ is unknown!
   Area for cell type $_NOR_ is unknown!
   Area for cell type $_NOT_ is unknown!
   Area for cell type $_ORNOT_ is unknown!
   Area for cell type $_OR_ is unknown!
   Area for cell type $_XNOR_ is unknown!
   Area for cell type $_XOR_ is unknown!
   Area for cell type \gf180mcu_fd_ip_sram__sram256x8m8wm1 is unknown!

   Chip area for module '\butterfold_top': 176490.316800
     of which used for sequential elements: 175079.116800 (99.20%)

