Reading timing models for corner nom_tt_025C_5v00…
Reading timing library for the 'nom_tt_025C_5v00' corner at '/foss/pdks/gf180mcuD/libs.ref/gf180mcu_fd_sc_mcu7t5v0/lib/gf180mcu_fd_sc_mcu7t5v0__tt_025C_5v00.lib'…
Reading OpenROAD database at '/foss/designs/butterfold/butterfold_proto/pd_flow/butterfly_top_controller/runs/RUN_2026-08-20_05-19-04/48-odb-reportdisconnectedpins/butterfold_top_control.odb'…
Reading design constraints file at '/foss/designs/butterfold/butterfold_proto/pd_flow/butterfly_top_controller/butterfold_top_controller.sdc'…
[INFO] No information on clock propagation in input SDC file-- propagating all clocks.
gf180mcu_fd_sc_mcu7t5v0__fillcap_* gf180mcu_fd_sc_mcu7t5v0__fill_*
[INFO DPL-0001] Placed 17961 filler instances.
Setting global connections for newly added cells…
[INFO] Setting global connections...
[INFO ODB-0403] 71844 connections made, 0 conflicts skipped.
Updating metrics…
Cell type report:                       Count       Area
  Endcap cell                             506    2221.54
  Fill cell                             17961 1227806.09
  Tap cell                               8419   36962.78
  Antenna cell                             59     259.03
  Tie cell                                  2      17.56
  Buffer                                    1      13.17
  Clock buffer                              9     566.36
  Timing Repair Buffer                    135    4590.16
  Inverter                                 39     360.01
  Clock inverter                            7     149.27
  Sequential cell                          95    7125.62
  Multi-Input combinational cell          354    6756.83
  Total                                 27587 1286828.44
Writing OpenROAD database to '/foss/designs/butterfold/butterfold_proto/pd_flow/butterfly_top_controller/runs/RUN_2026-08-20_05-19-04/52-openroad-fillinsertion/butterfold_top_control.odb'…
Writing netlist to '/foss/designs/butterfold/butterfold_proto/pd_flow/butterfly_top_controller/runs/RUN_2026-08-20_05-19-04/52-openroad-fillinsertion/butterfold_top_control.nl.v'…
Writing powered netlist to '/foss/designs/butterfold/butterfold_proto/pd_flow/butterfly_top_controller/runs/RUN_2026-08-20_05-19-04/52-openroad-fillinsertion/butterfold_top_control.pnl.v'…
Writing layout to '/foss/designs/butterfold/butterfold_proto/pd_flow/butterfly_top_controller/runs/RUN_2026-08-20_05-19-04/52-openroad-fillinsertion/butterfold_top_control.def'…
Writing timing constraints to '/foss/designs/butterfold/butterfold_proto/pd_flow/butterfly_top_controller/runs/RUN_2026-08-20_05-19-04/52-openroad-fillinsertion/butterfold_top_control.sdc'…
