/foss/pdks/gf180mcuD/libs.tech/klayout/tech/drc/run_drc.py:729: DeprecationWarning: datetime.datetime.utcnow() is deprecated and scheduled for removal in a future version. Use timezone-aware objects to represent datetimes in UTC: datetime.datetime.now(datetime.UTC).
  now_str = datetime.utcnow().strftime("drc_run_%Y_%m_%d_%H_%M_%S")
29-Aug-2026 21:12:09 | INFO    | Your Klayout version is: KLayout 0.30.8
29-Aug-2026 21:12:09 | INFO    | ## Generating template with for the following rule tables: ['metal3.drc']
29-Aug-2026 21:12:09 | INFO    | ## Your run dir located at: /headless/aravindustries-repos/butterfold/butterfold_proto/physical/results/d03_ach_candidate/co6a36/setup_eco35/klayout_target
29-Aug-2026 21:12:09 | INFO    | Running Global Foundries 180nm MCU /headless/aravindustries-repos/butterfold/butterfold_proto/physical/results/d03_ach_candidate/co6a36/setup_eco35/gds/butterfold_top.magic.gds checks on design metal3 on cell butterfold_top:
2026-08-29 21:12:10 +0200: Memory Usage (443608K) : Starting running GF180MCU Klayout DRC runset on /headless/aravindustries-repos/butterfold/butterfold_proto/physical/results/d03_ach_candidate/co6a36/setup_eco35/gds/butterfold_top.magic.gds
2026-08-29 21:12:10 +0200: Memory Usage (443608K) : Ruby Version for klayout: 3.2.3
2026-08-29 21:12:11 +0200: Memory Usage (468128K) : Loading database to memory is complete.
2026-08-29 21:12:11 +0200: Memory Usage (468128K) : GF180MCU Klayout DRC runset output at: /headless/aravindustries-repos/butterfold/butterfold_proto/physical/results/d03_ach_candidate/co6a36/setup_eco35/klayout_target/butterfold_top_metal3.lyrdb
2026-08-29 21:12:11 +0200: Memory Usage (468128K) : Evaluate switches.
2026-08-29 21:12:11 +0200: Memory Usage (468128K) : table_name selected  metal3
2026-08-29 21:12:11 +0200: Memory Usage (468128K) : CONNECTIVITY_RULES enabled: false
2026-08-29 21:12:11 +0200: Memory Usage (468128K) : Wedge enabled: false
2026-08-29 21:12:11 +0200: Memory Usage (468128K) : Ball enabled: false
2026-08-29 21:12:11 +0200: Memory Usage (468128K) : Gold enabled: false
2026-08-29 21:12:11 +0200: Memory Usage (468128K) : MIM Option selected: B
2026-08-29 21:12:11 +0200: Memory Usage (468128K) : Offgrid enabled:  true
2026-08-29 21:12:11 +0200: Memory Usage (468128K) : Number of threads to use 4
2026-08-29 21:12:11 +0200: Memory Usage (468128K) : Verbose mode: false
2026-08-29 21:12:11 +0200: Memory Usage (468128K) : flat  mode is enabled for metal3 table
2026-08-29 21:12:11 +0200: Memory Usage (468128K) : METAL_TOP Selected is 11K
2026-08-29 21:12:11 +0200: Memory Usage (468128K) : METAL_STACK Selected is 5LM
2026-08-29 21:12:11 +0200: Memory Usage (468128K) : FEOL enabled: true
2026-08-29 21:12:11 +0200: Memory Usage (468128K) : BEOL enabled: true
2026-08-29 21:12:11 +0200: Memory Usage (468128K) : DUMMY enabled: false
2026-08-29 21:12:11 +0200: Memory Usage (468128K) : SLOW_VIA enabled: false
2026-08-29 21:12:11 +0200: Memory Usage (468128K) : Read in polygons from layers.
2026-08-29 21:12:11 +0200: Memory Usage (482524K) : comp has 60097 polygons
2026-08-29 21:12:11 +0200: Memory Usage (482524K) : dnwell has 0 polygons
2026-08-29 21:12:11 +0200: Memory Usage (493084K) : nwell has 8896 polygons
2026-08-29 21:12:11 +0200: Memory Usage (493964K) : lvpwell has 8889 polygons
2026-08-29 21:12:11 +0200: Memory Usage (494668K) : dualgate has 3130 polygons
2026-08-29 21:12:12 +0200: Memory Usage (501844K) : poly2 has 74886 polygons
2026-08-29 21:12:12 +0200: Memory Usage (505188K) : nplus has 10815 polygons
2026-08-29 21:12:12 +0200: Memory Usage (505892K) : pplus has 19483 polygons
2026-08-29 21:12:12 +0200: Memory Usage (505892K) : sab has 0 polygons
2026-08-29 21:12:12 +0200: Memory Usage (505892K) : esd has 0 polygons
2026-08-29 21:12:12 +0200: Memory Usage (505892K) : resistor has 0 polygons
2026-08-29 21:12:12 +0200: Memory Usage (505892K) : fhres has 0 polygons
2026-08-29 21:12:12 +0200: Memory Usage (505892K) : fusetop has 0 polygons
2026-08-29 21:12:12 +0200: Memory Usage (505892K) : fusewindow_d has 0 polygons
2026-08-29 21:12:12 +0200: Memory Usage (505892K) : polyfuse has 0 polygons
2026-08-29 21:12:12 +0200: Memory Usage (505892K) : mvsd has 0 polygons
2026-08-29 21:12:12 +0200: Memory Usage (505892K) : mvpsd has 0 polygons
2026-08-29 21:12:12 +0200: Memory Usage (505892K) : nat has 0 polygons
2026-08-29 21:12:12 +0200: Memory Usage (505892K) : comp_dummy has 0 polygons
2026-08-29 21:12:12 +0200: Memory Usage (505892K) : poly2_dummy has 0 polygons
2026-08-29 21:12:12 +0200: Memory Usage (505892K) : schottky_diode has 0 polygons
2026-08-29 21:12:12 +0200: Memory Usage (505892K) : zener has 0 polygons
2026-08-29 21:12:12 +0200: Memory Usage (505892K) : res_mk has 0 polygons
2026-08-29 21:12:12 +0200: Memory Usage (505892K) : opc_drc has 0 polygons
2026-08-29 21:12:12 +0200: Memory Usage (505892K) : v5_xtor has 3432 polygons
2026-08-29 21:12:12 +0200: Memory Usage (505892K) : cap_mk has 0 polygons
2026-08-29 21:12:12 +0200: Memory Usage (505892K) : mos_cap_mk has 0 polygons
2026-08-29 21:12:12 +0200: Memory Usage (505892K) : ind_mk has 0 polygons
2026-08-29 21:12:12 +0200: Memory Usage (505892K) : diode_mk has 28 polygons
2026-08-29 21:12:12 +0200: Memory Usage (505892K) : drc_bjt has 0 polygons
2026-08-29 21:12:12 +0200: Memory Usage (505892K) : lvs_bjt has 0 polygons
2026-08-29 21:12:12 +0200: Memory Usage (505892K) : mim_l_mk has 0 polygons
2026-08-29 21:12:12 +0200: Memory Usage (505892K) : latchup_mk has 0 polygons
2026-08-29 21:12:12 +0200: Memory Usage (505892K) : guard_ring_mk has 0 polygons
2026-08-29 21:12:12 +0200: Memory Usage (505892K) : otp_mk has 0 polygons
2026-08-29 21:12:12 +0200: Memory Usage (505892K) : mtpmark has 0 polygons
2026-08-29 21:12:12 +0200: Memory Usage (505892K) : neo_ee_mk has 0 polygons
2026-08-29 21:12:12 +0200: Memory Usage (505892K) : sramcore has 4 polygons
2026-08-29 21:12:12 +0200: Memory Usage (505892K) : lvs_rf has 0 polygons
2026-08-29 21:12:12 +0200: Memory Usage (505892K) : lvs_drain has 0 polygons
2026-08-29 21:12:12 +0200: Memory Usage (505892K) : ind_mk has 0 polygons
2026-08-29 21:12:12 +0200: Memory Usage (505892K) : hvpolyrs has 0 polygons
2026-08-29 21:12:12 +0200: Memory Usage (505892K) : lvs_io has 0 polygons
2026-08-29 21:12:12 +0200: Memory Usage (505892K) : probe_mk has 0 polygons
2026-08-29 21:12:12 +0200: Memory Usage (505892K) : esd_mk has 0 polygons
2026-08-29 21:12:12 +0200: Memory Usage (505892K) : lvs_source has 0 polygons
2026-08-29 21:12:12 +0200: Memory Usage (505892K) : well_diode_mk has 0 polygons
2026-08-29 21:12:12 +0200: Memory Usage (505892K) : ldmos_xtor has 0 polygons
2026-08-29 21:12:12 +0200: Memory Usage (505892K) : plfuse has 0 polygons
2026-08-29 21:12:12 +0200: Memory Usage (505892K) : efuse_mk has 0 polygons
2026-08-29 21:12:12 +0200: Memory Usage (505892K) : mcell_feol_mk has 0 polygons
2026-08-29 21:12:12 +0200: Memory Usage (505892K) : ymtp_mk has 0 polygons
2026-08-29 21:12:12 +0200: Memory Usage (505892K) : dev_wf_mk has 0 polygons
2026-08-29 21:12:12 +0200: Memory Usage (505892K) : comp_label has 0 polygons
2026-08-29 21:12:12 +0200: Memory Usage (505892K) : poly2_label has 0 polygons
2026-08-29 21:12:12 +0200: Memory Usage (505892K) : mdiode has 0 polygons
2026-08-29 21:12:12 +0200: Memory Usage (505892K) : ndmy has 0 polygons
2026-08-29 21:12:12 +0200: Memory Usage (505892K) : pmndmy has 0 polygons
2026-08-29 21:12:14 +0200: Memory Usage (527632K) : metal1_drawn has 95299 polygons
2026-08-29 21:12:14 +0200: Memory Usage (527632K) : metal1_dummy has 0 polygons
2026-08-29 21:12:14 +0200: Memory Usage (527632K) : metal1_label has 0 polygons
2026-08-29 21:12:14 +0200: Memory Usage (527632K) : metal1_slot has 0 polygons
2026-08-29 21:12:14 +0200: Memory Usage (527632K) : metal1_blk has 0 polygons
2026-08-29 21:12:15 +0200: Memory Usage (540656K) : metal2_drawn has 43910 polygons
2026-08-29 21:12:15 +0200: Memory Usage (540656K) : metal2_dummy has 0 polygons
2026-08-29 21:12:15 +0200: Memory Usage (540656K) : metal2_label has 33 polygons
2026-08-29 21:12:15 +0200: Memory Usage (540656K) : metal2_slot has 0 polygons
2026-08-29 21:12:15 +0200: Memory Usage (540656K) : metal2_blk has 0 polygons
2026-08-29 21:12:15 +0200: Memory Usage (540656K) : metal3_drawn has 22028 polygons
2026-08-29 21:12:15 +0200: Memory Usage (540656K) : metal3_dummy has 0 polygons
2026-08-29 21:12:15 +0200: Memory Usage (540656K) : metal3_label has 0 polygons
2026-08-29 21:12:15 +0200: Memory Usage (540656K) : metal3_slot has 0 polygons
2026-08-29 21:12:15 +0200: Memory Usage (540656K) : metal3_blk has 0 polygons
2026-08-29 21:12:15 +0200: Memory Usage (540656K) : via3 has 11083 polygons
2026-08-29 21:12:15 +0200: Memory Usage (540656K) : metal4_drawn has 1523 polygons
2026-08-29 21:12:15 +0200: Memory Usage (540656K) : metal4_dummy has 0 polygons
2026-08-29 21:12:15 +0200: Memory Usage (540656K) : metal4_label has 0 polygons
2026-08-29 21:12:15 +0200: Memory Usage (540656K) : metal4_slot has 0 polygons
2026-08-29 21:12:15 +0200: Memory Usage (540656K) : metal4_blk has 0 polygons
2026-08-29 21:12:15 +0200: Memory Usage (540656K) : via4 has 2052 polygons
2026-08-29 21:12:15 +0200: Memory Usage (540656K) : metal5_drawn has 219 polygons
2026-08-29 21:12:15 +0200: Memory Usage (540656K) : metal5_dummy has 0 polygons
2026-08-29 21:12:15 +0200: Memory Usage (540656K) : metal5_label has 0 polygons
2026-08-29 21:12:15 +0200: Memory Usage (540656K) : metal5_slot has 0 polygons
2026-08-29 21:12:15 +0200: Memory Usage (540656K) : metal5_blk has 0 polygons
2026-08-29 21:12:15 +0200: Memory Usage (540656K) : pad has 0 polygons
2026-08-29 21:12:15 +0200: Memory Usage (540656K) : ubmpperi has 0 polygons
2026-08-29 21:12:15 +0200: Memory Usage (540656K) : ubmparray has 0 polygons
2026-08-29 21:12:15 +0200: Memory Usage (540656K) : ubmeplate has 0 polygons
2026-08-29 21:12:15 +0200: Memory Usage (540656K) : metal1_res has 0 polygons
2026-08-29 21:12:15 +0200: Memory Usage (540656K) : metal2_res has 0 polygons
2026-08-29 21:12:15 +0200: Memory Usage (540656K) : metal3_res has 0 polygons
2026-08-29 21:12:15 +0200: Memory Usage (540656K) : metal4_res has 0 polygons
2026-08-29 21:12:15 +0200: Memory Usage (540656K) : metal5_res has 0 polygons
2026-08-29 21:12:15 +0200: Memory Usage (540656K) : metal6_res has 0 polygons
2026-08-29 21:12:15 +0200: Memory Usage (540656K) : pr_bndry has 1 polygons
2026-08-29 21:12:15 +0200: Memory Usage (540656K) : border has 0 polygons
2026-08-29 21:12:15 +0200: Memory Usage (540656K) : Total no. of polygons in the design is 365808
2026-08-29 21:12:15 +0200: Memory Usage (540656K) : Starting deriving base layers.
2026-08-29 21:12:21 +0200: Memory Usage (675104K) : Total area of the design is 1859250.0 um^2.
2026-08-29 21:12:21 +0200: Memory Usage (675104K) : Starting GF180MCU DRC rules.
2026-08-29 21:12:21 +0200: Memory Usage (675104K) : Running all FEOL rules
2026-08-29 21:12:21 +0200: Memory Usage (675104K) : Running all BEOL rules
2026-08-29 21:12:21 +0200: Memory Usage (675104K) : Executing rule M3.1
2026-08-29 21:12:21 +0200: Memory Usage (675508K) : Executing rule M3.2a
2026-08-29 21:12:21 +0200: Memory Usage (676072K) : Executing rule M3.2b
2026-08-29 21:12:21 +0200: Memory Usage (676072K) : Executing rule M3.3
2026-08-29 21:12:21 +0200: Memory Usage (676072K) : metal3 DRC Total Run time 10.861783183 seconds
29-Aug-2026 21:12:22 | ERROR   | Klayout DRC run is not clean.
29-Aug-2026 21:12:22 | ERROR   | Violated rules are : {'M3.2a', 'M3.3'}

