OpenROAD 26Q2-254-g61932e897 
Features included (+) or not (-): +GPU +GUI +Python
This program is licensed under the BSD-3 license. See the LICENSE file for details.
Components of this program may be licensed under more restrictive licenses which must be honored.
ECO_SRC /headless/aravindustries-repos/butterfold/butterfold_proto/physical/results/d03_ach_candidate/co6a36/setup_eco22/butterfold_top_co6a36_teco18.odb
[INFO ODB-0388] unsupported LEF58_EOLENCLOSURE property for layer Via1 :"
  	EOLENCLOSURE 0.34 0.06 ;"
[INFO ODB-0388] unsupported LEF58_EOLENCLOSURE property for layer Via2 :" EOLENCLOSURE 0.34 0.06 ; "
[INFO ODB-0388] unsupported LEF58_EOLENCLOSURE property for layer Via3 :" EOLENCLOSURE 0.34 0.06 ; "
[INFO ODB-0388] unsupported LEF58_EOLENCLOSURE property for layer Via4 :" EOLENCLOSURE 0.34 0.06 ; "
[INFO ODB-0227] LEF file: /foss/pdks/gf180mcuD/libs.ref/gf180mcu_fd_sc_mcu9t5v0/techlef/gf180mcu_fd_sc_mcu9t5v0__nom.tlef, created 15 layers, 56 vias
[WARNING ODB-0220] WARNING (LEFPARS-2008): NOWIREEXTENSIONATPIN statement is obsolete in version 5.6 or later.
The NOWIREEXTENSIONATPIN statement will be ignored. See file /foss/pdks/gf180mcuD/libs.ref/gf180mcu_fd_sc_mcu9t5v0/lef/gf180mcu_fd_sc_mcu9t5v0.lef at line 2.

[INFO ODB-0227] LEF file: /foss/pdks/gf180mcuD/libs.ref/gf180mcu_fd_sc_mcu9t5v0/lef/gf180mcu_fd_sc_mcu9t5v0.lef, created 229 library cells
[WARNING ODB-0220] WARNING (LEFPARS-2008): NOWIREEXTENSIONATPIN statement is obsolete in version 5.6 or later.
The NOWIREEXTENSIONATPIN statement will be ignored. See file /foss/pdks/gf180mcuD/libs.ref/gf180mcu_fd_ip_sram/lef/gf180mcu_fd_ip_sram__sram256x8m8wm1.lef at line 2.

[INFO ODB-0227] LEF file: /foss/pdks/gf180mcuD/libs.ref/gf180mcu_fd_ip_sram/lef/gf180mcu_fd_ip_sram__sram256x8m8wm1.lef, created 1 library cells
[INFO ORD-0030] Using 22 thread(s).
INST0 20027
REPAIR_RST_ONLY
[WARNING EST-0027] no estimated parasitics. Using wire load models.
Iteration |   Area    | Resized | Buffers | Nets repaired | Remaining
---------------------------------------------------------------------
        0 |     +0.0% |       0 |       0 |             0 |     11768
     1000 |     +0.0% |       0 |       0 |             0 |     10768
     2000 |     +0.0% |       0 |       0 |             0 |      9768
     3000 |     +0.0% |       0 |       0 |             0 |      8768
     4000 |     +0.0% |       0 |       0 |             0 |      7768
     5000 |     +0.0% |       0 |       0 |             0 |      6768
     6000 |     +0.0% |       0 |       0 |             0 |      5768
     7000 |     +0.0% |       0 |       0 |             0 |      4768
     8000 |     +0.0% |       0 |       0 |             0 |      3768
     9000 |     +0.0% |       0 |       0 |             0 |      2768
    10000 |     +0.0% |       0 |       0 |             0 |      1768
    11000 |     +0.0% |       0 |       0 |             0 |       768
    final |     +0.0% |       0 |       0 |             0 |         0
---------------------------------------------------------------------
INST1 20027 NEW 0
NEW_COUNT 0
RST_N terms=1460
RST_NDRV 0
TECO19_DRY_DONE
