Reading timing models for corner nom_tt_025C_5v00…
Reading timing library for the 'nom_tt_025C_5v00' corner at '/foss/pdks/gf180mcuD/libs.ref/gf180mcu_fd_sc_mcu7t5v0/lib/gf180mcu_fd_sc_mcu7t5v0__tt_025C_5v00.lib'…
Reading timing library for the 'nom_tt_025C_5v00' corner at '/foss/pdks/gf180mcuD/libs.ref/gf180mcu_fd_ip_sram/lib/gf180mcu_fd_ip_sram__sram256x8m8wm1__tt_025C_5v00.lib'…
Reading OpenROAD database at '/foss/designs/butterfold/butterfold_proto/pd_flow/runs/RUN_2026-08-11_08-02-43/42-openroad-repairantennas/1-openroad-diodeinsertion/butterfold_top.odb'…
Reading design constraints file at '/usr/local/lib/python3.12/dist-packages/librelane/scripts/base.sdc'…
[INFO] Using clock clk…
[INFO] Setting output delay to: 6
[INFO] Setting input delay to: 6
[INFO] Setting load to: 0.07291
[INFO] Setting clock uncertainty to: 0.25
[INFO] Setting clock transition to: 0.1499999999999999944488848768742172978818416595458984375
[INFO] Setting timing derate to: 5%
[INFO ORD-0030] Using 16 thread(s).
+ detailed_route -droute_end_iter 64 -or_seed 42 -verbose 1 -output_drc /foss/designs/butterfold/butterfold_proto/pd_flow/runs/RUN_2026-08-11_08-02-43/44-openroad-detailedrouting/drt-run-0/butterfold_top.drc
[INFO DRT-0149] Reading tech and libs.
[WARNING DRT-0349] LEF58_ENCLOSURE with no CUTCLASS is not supported. Skipping for layer Via1
[WARNING DRT-0349] LEF58_ENCLOSURE with no CUTCLASS is not supported. Skipping for layer Via1
[WARNING DRT-0349] LEF58_ENCLOSURE with no CUTCLASS is not supported. Skipping for layer Via2
[WARNING DRT-0349] LEF58_ENCLOSURE with no CUTCLASS is not supported. Skipping for layer Via2
[WARNING DRT-0349] LEF58_ENCLOSURE with no CUTCLASS is not supported. Skipping for layer Via3
[WARNING DRT-0349] LEF58_ENCLOSURE with no CUTCLASS is not supported. Skipping for layer Via3
[WARNING DRT-0349] LEF58_ENCLOSURE with no CUTCLASS is not supported. Skipping for layer Via4
[WARNING DRT-0349] LEF58_ENCLOSURE with no CUTCLASS is not supported. Skipping for layer Via4

Units:                2000
Number of layers:     11
Number of macros:     230
Number of vias:       154
Number of viarulegen: 16

[INFO DRT-0150] Reading design.

Design:                   butterfold_top
Die area:                 ( 0 0 ) ( 2600000 2000000 )
Number of track patterns: 10
Number of DEF vias:       0
Number of components:     21627
Number of terminals:      23
Number of snets:          2
Number of nets:           14139

[INFO DRT-0167] List of default vias:
  Layer Via2
    default via: Via2_VH
  Layer Via3
    default via: Via3_HV
  Layer Via4
    default via: Via4_VH
[INFO DRT-0162] Library cell analysis.
[INFO DRT-0163] Instance analysis.
[INFO DRT-0164] Number of unique instances = 173.
[INFO DRT-0168] Init region query.
[INFO DRT-0024]   Complete Poly2.
[INFO DRT-0024]   Complete CON.
[INFO DRT-0024]   Complete Metal1.
[INFO DRT-0024]   Complete Via1.
[INFO DRT-0024]   Complete Metal2.
[INFO DRT-0024]   Complete Via2.
[INFO DRT-0024]   Complete Metal3.
[INFO DRT-0024]   Complete Via3.
[INFO DRT-0024]   Complete Metal4.
[INFO DRT-0024]   Complete Via4.
[INFO DRT-0024]   Complete Metal5.
[INFO DRT-0033] Poly2 shape region query size = 0.
[INFO DRT-0033] CON shape region query size = 0.
[INFO DRT-0033] Metal1 shape region query size = 381492.
[INFO DRT-0033] Via1 shape region query size = 30069.
[INFO DRT-0033] Metal2 shape region query size = 6941.
[INFO DRT-0033] Via2 shape region query size = 30069.
[INFO DRT-0033] Metal3 shape region query size = 7872.
[INFO DRT-0033] Via3 shape region query size = 39018.
[INFO DRT-0033] Metal4 shape region query size = 4089.
[INFO DRT-0033] Via4 shape region query size = 0.
[INFO DRT-0033] Metal5 shape region query size = 0.
[INFO DRT-0165] Start pin access.
[INFO DRT-0076]   Complete 1000 pins.
[INFO DRT-0078]   Complete 1310 pins.
[INFO DRT-0079]   Complete 100 unique inst patterns.
[INFO DRT-0081]   Complete 168 unique inst patterns.
[INFO DRT-0082]   Complete 10000 groups.
[INFO DRT-0084]   Complete 10306 groups.
#scanned instances     = 21627
#unique  instances     = 173
#stdCellGenAp          = 4077
#stdCellValidPlanarAp  = 0
#stdCellValidViaAp     = 3382
#stdCellPinNoAp        = 0
#stdCellPinCnt         = 49259
#instTermValidViaApCnt = 0
#macroGenAp            = 648
#macroValidPlanarAp    = 629
#macroValidViaAp       = 136
#macroNoAp             = 0
[INFO DRT-0166] Complete pin access.
[INFO DRT-0267] cpu time = 00:00:34, elapsed time = 00:00:02, memory = 222.27 (MB), peak = 224.87 (MB)
[INFO DRT-0156] guideIn read 100000 guides.

[INFO DRT-0157] Number of guides:     129488

[INFO DRT-0169] Post process guides.
[INFO DRT-0176] GCELLGRID X 0 DO 154 STEP 16800 ;
[INFO DRT-0177] GCELLGRID Y 0 DO 119 STEP 16800 ;
[INFO DRT-0026]   Complete 100000 origin guides.
[INFO DRT-0028]   Complete Poly2.
[INFO DRT-0028]   Complete CON.
[INFO DRT-0028]   Complete Metal1.
[INFO DRT-0028]   Complete Via1.
[INFO DRT-0028]   Complete Metal2.
[INFO DRT-0028]   Complete Via2.
[INFO DRT-0028]   Complete Metal3.
[INFO DRT-0028]   Complete Via3.
[INFO DRT-0028]   Complete Metal4.
[INFO DRT-0028]   Complete Via4.
[INFO DRT-0028]   Complete Metal5.
[INFO DRT-0178] Init guide query.
[INFO DRT-0035]   Complete Poly2 (guide).
[INFO DRT-0035]   Complete CON (guide).
[INFO DRT-0035]   Complete Metal1 (guide).
[INFO DRT-0035]   Complete Via1 (guide).
[INFO DRT-0035]   Complete Metal2 (guide).
[INFO DRT-0035]   Complete Via2 (guide).
[INFO DRT-0035]   Complete Metal3 (guide).
[INFO DRT-0035]   Complete Via3 (guide).
[INFO DRT-0035]   Complete Metal4 (guide).
[INFO DRT-0035]   Complete Via4 (guide).
[INFO DRT-0035]   Complete Metal5 (guide).
[INFO DRT-0036] Poly2 guide region query size = 0.
[INFO DRT-0036] CON guide region query size = 0.
[INFO DRT-0036] Metal1 guide region query size = 43474.
[INFO DRT-0036] Via1 guide region query size = 0.
[INFO DRT-0036] Metal2 guide region query size = 39953.
[INFO DRT-0036] Via2 guide region query size = 0.
[INFO DRT-0036] Metal3 guide region query size = 21454.
[INFO DRT-0036] Via3 guide region query size = 0.
[INFO DRT-0036] Metal4 guide region query size = 822.
[INFO DRT-0036] Via4 guide region query size = 0.
[INFO DRT-0036] Metal5 guide region query size = 247.
[INFO DRT-0179] Init gr pin query.
[INFO DRT-0267] cpu time = 00:00:00, elapsed time = 00:00:00, memory = 267.45 (MB), peak = 265.97 (MB)
[INFO DRT-0245] skipped writing guide updates to database.
[INFO DRT-0185] Post process initialize RPin region query.
[INFO DRT-0181] Start track assignment.
[INFO DRT-0184] Done with 40775 vertical wires in 4 frboxes and 65175 horizontal wires in 3 frboxes.
[INFO DRT-0186] Done with 13273 vertical wires in 4 frboxes and 11277 horizontal wires in 3 frboxes.
[INFO DRT-0182] Complete track assignment.
[INFO DRT-0267] cpu time = 00:00:05, elapsed time = 00:00:03, memory = 558.20 (MB), peak = 556.68 (MB)
[INFO DRT-0187] Start routing data preparation.
[INFO DRT-0267] cpu time = 00:00:00, elapsed time = 00:00:00, memory = 582.39 (MB), peak = 580.93 (MB)
[INFO DRT-0194] Start detail routing.
[INFO DRT-0195] Start 0th optimization iteration.
    Completing 10% with 0 violations.
    elapsed time = 00:00:00, memory = 708.18 (MB).
    Completing 20% with 0 violations.
    elapsed time = 00:00:02, memory = 796.31 (MB).
    Completing 30% with 2141 violations.
    elapsed time = 00:00:05, memory = 841.07 (MB).
    Completing 40% with 2141 violations.
    elapsed time = 00:00:07, memory = 866.30 (MB).
    Completing 50% with 2141 violations.
    elapsed time = 00:00:10, memory = 898.94 (MB).
    Completing 60% with 4173 violations.
    elapsed time = 00:00:11, memory = 909.22 (MB).
    Completing 70% with 4173 violations.
    elapsed time = 00:00:13, memory = 921.26 (MB).
    Completing 80% with 6539 violations.
    elapsed time = 00:00:17, memory = 936.09 (MB).
    Completing 90% with 6539 violations.
    elapsed time = 00:00:18, memory = 962.80 (MB).
    Completing 100% with 8510 violations.
    elapsed time = 00:00:24, memory = 979.36 (MB).
[INFO DRT-0199]   Number of violations = 9752.
Viol/Layer      Metal1 Metal2   Via2 Metal3   Via3 Metal4   Via4 Metal5
Cut Spacing          0      0      3      0      3      0      0      0
Metal Spacing        0    618      0     39      0      2      0      0
Recheck             39    774      0    410      0     17      0      2
Short                0   5777      3   2046      3     14      2      0
[INFO DRT-0267] cpu time = 00:04:28, elapsed time = 00:00:25, memory = 1244.96 (MB), peak = 1243.55 (MB)
Total wire length = 1099671 um.
Total wire length on LAYER Metal1 = 0 um.
Total wire length on LAYER Metal2 = 439855 um.
Total wire length on LAYER Metal3 = 545320 um.
Total wire length on LAYER Metal4 = 62387 um.
Total wire length on LAYER Metal5 = 52109 um.
Total number of vias = 107256.
Up-via summary (total 107256):

-----------------
  Poly2         0
 Metal1     50261
 Metal2     51690
 Metal3      4571
 Metal4       734
-----------------
       107256


[INFO DRT-0195] Start 1st optimization iteration.
    Completing 10% with 9752 violations.
    elapsed time = 00:00:01, memory = 1248.22 (MB).
    Completing 20% with 9752 violations.
    elapsed time = 00:00:03, memory = 1257.46 (MB).
    Completing 30% with 8480 violations.
    elapsed time = 00:00:04, memory = 1262.00 (MB).
    Completing 40% with 8480 violations.
    elapsed time = 00:00:06, memory = 1264.06 (MB).
    Completing 50% with 8480 violations.
    elapsed time = 00:00:08, memory = 1277.14 (MB).
    Completing 60% with 7155 violations.
    elapsed time = 00:00:10, memory = 1277.70 (MB).
    Completing 70% with 7155 violations.
    elapsed time = 00:00:13, memory = 1278.24 (MB).
    Completing 80% with 5752 violations.
    elapsed time = 00:00:15, memory = 1278.24 (MB).
    Completing 90% with 5752 violations.
    elapsed time = 00:00:16, memory = 1278.62 (MB).
    Completing 100% with 4032 violations.
    elapsed time = 00:00:21, memory = 1291.11 (MB).
[INFO DRT-0199]   Number of violations = 4032.
Viol/Layer      Metal2 Metal3 Metal4
Metal Spacing      378     36      1
Short             3210    400      7
[INFO DRT-0267] cpu time = 00:04:10, elapsed time = 00:00:22, memory = 1294.11 (MB), peak = 1293.05 (MB)
Total wire length = 1094781 um.
Total wire length on LAYER Metal1 = 0 um.
Total wire length on LAYER Metal2 = 432997 um.
Total wire length on LAYER Metal3 = 542241 um.
Total wire length on LAYER Metal4 = 66904 um.
Total wire length on LAYER Metal5 = 52638 um.
Total number of vias = 108134.
Up-via summary (total 108134):

-----------------
  Poly2         0
 Metal1     50294
 Metal2     51574
 Metal3      5442
 Metal4       824
-----------------
       108134


[INFO DRT-0195] Start 2nd optimization iteration.
    Completing 10% with 4032 violations.
    elapsed time = 00:00:00, memory = 1294.11 (MB).
    Completing 20% with 4032 violations.
    elapsed time = 00:00:02, memory = 1304.73 (MB).
    Completing 30% with 4061 violations.
    elapsed time = 00:00:05, memory = 1311.18 (MB).
    Completing 40% with 4061 violations.
    elapsed time = 00:00:07, memory = 1312.63 (MB).
    Completing 50% with 4061 violations.
    elapsed time = 00:00:09, memory = 1315.90 (MB).
    Completing 60% with 3956 violations.
    elapsed time = 00:00:12, memory = 1316.51 (MB).
    Completing 70% with 3956 violations.
    elapsed time = 00:00:14, memory = 1324.88 (MB).
    Completing 80% with 4017 violations.
    elapsed time = 00:00:17, memory = 1325.77 (MB).
    Completing 90% with 4017 violations.
    elapsed time = 00:00:19, memory = 1331.08 (MB).
    Completing 100% with 4000 violations.
    elapsed time = 00:00:22, memory = 1304.02 (MB).
[INFO DRT-0199]   Number of violations = 4000.
Viol/Layer      Metal2 Metal3 Metal4
Metal Spacing      395     34      2
NS Metal             2      0      0
Short             3139    420      8
[INFO DRT-0267] cpu time = 00:03:53, elapsed time = 00:00:22, memory = 1310.02 (MB), peak = 1335.55 (MB)
Total wire length = 1094142 um.
Total wire length on LAYER Metal1 = 0 um.
Total wire length on LAYER Metal2 = 432324 um.
Total wire length on LAYER Metal3 = 541381 um.
Total wire length on LAYER Metal4 = 67363 um.
Total wire length on LAYER Metal5 = 53072 um.
Total number of vias = 107908.
Up-via summary (total 107908):

-----------------
  Poly2         0
 Metal1     50247
 Metal2     51171
 Metal3      5674
 Metal4       816
-----------------
       107908


[INFO DRT-0195] Start 3rd optimization iteration.
    Completing 10% with 4000 violations.
    elapsed time = 00:00:00, memory = 1310.02 (MB).
    Completing 20% with 4000 violations.
    elapsed time = 00:00:01, memory = 1311.03 (MB).
    Completing 30% with 3050 violations.
    elapsed time = 00:00:02, memory = 1311.11 (MB).
    Completing 40% with 3050 violations.
    elapsed time = 00:00:03, memory = 1312.00 (MB).
    Completing 50% with 3050 violations.
    elapsed time = 00:00:06, memory = 1318.73 (MB).
    Completing 60% with 2098 violations.
    elapsed time = 00:00:07, memory = 1318.73 (MB).
    Completing 70% with 2098 violations.
    elapsed time = 00:00:08, memory = 1319.45 (MB).
    Completing 80% with 1202 violations.
    elapsed time = 00:00:11, memory = 1325.15 (MB).
    Completing 90% with 1202 violations.
    elapsed time = 00:00:11, memory = 1325.15 (MB).
    Completing 100% with 223 violations.
    elapsed time = 00:00:14, memory = 1325.15 (MB).
[INFO DRT-0199]   Number of violations = 223.
Viol/Layer      Metal2 Metal3 Metal4 Metal5
Metal Spacing       24      8      1      1
Short              158     22      8      1
[INFO DRT-0267] cpu time = 00:02:10, elapsed time = 00:00:15, memory = 1325.15 (MB), peak = 1335.55 (MB)
Total wire length = 1093998 um.
Total wire length on LAYER Metal1 = 0 um.
Total wire length on LAYER Metal2 = 390223 um.
Total wire length on LAYER Metal3 = 538192 um.
Total wire length on LAYER Metal4 = 105935 um.
Total wire length on LAYER Metal5 = 59646 um.
Total number of vias = 112847.
Up-via summary (total 112847):

-----------------
  Poly2         0
 Metal1     50228
 Metal2     52036
 Metal3      9307
 Metal4      1276
-----------------
       112847


[INFO DRT-0195] Start 4th optimization iteration.
    Completing 10% with 223 violations.
    elapsed time = 00:00:00, memory = 1325.15 (MB).
    Completing 20% with 223 violations.
    elapsed time = 00:00:00, memory = 1325.15 (MB).
    Completing 30% with 203 violations.
    elapsed time = 00:00:00, memory = 1325.15 (MB).
    Completing 40% with 203 violations.
    elapsed time = 00:00:00, memory = 1325.15 (MB).
    Completing 50% with 203 violations.
    elapsed time = 00:00:00, memory = 1325.15 (MB).
    Completing 60% with 152 violations.
    elapsed time = 00:00:01, memory = 1326.27 (MB).
    Completing 70% with 152 violations.
    elapsed time = 00:00:01, memory = 1326.27 (MB).
    Completing 80% with 59 violations.
    elapsed time = 00:00:01, memory = 1326.27 (MB).
    Completing 90% with 59 violations.
    elapsed time = 00:00:01, memory = 1326.27 (MB).
    Completing 100% with 7 violations.
    elapsed time = 00:00:02, memory = 1329.64 (MB).
[INFO DRT-0199]   Number of violations = 7.
Viol/Layer      Metal2
Metal Spacing        4
Short                3
[INFO DRT-0267] cpu time = 00:00:17, elapsed time = 00:00:02, memory = 1329.64 (MB), peak = 1335.55 (MB)
Total wire length = 1094185 um.
Total wire length on LAYER Metal1 = 0 um.
Total wire length on LAYER Metal2 = 388885 um.
Total wire length on LAYER Metal3 = 538022 um.
Total wire length on LAYER Metal4 = 107161 um.
Total wire length on LAYER Metal5 = 60116 um.
Total number of vias = 112964.
Up-via summary (total 112964):

-----------------
  Poly2         0
 Metal1     50226
 Metal2     52041
 Metal3      9391
 Metal4      1306
-----------------
       112964


[INFO DRT-0195] Start 5th guides tiles iteration.
    Completing 10% with 7 violations.
    elapsed time = 00:00:00, memory = 1329.64 (MB).
    Completing 20% with 7 violations.
    elapsed time = 00:00:00, memory = 1329.64 (MB).
    Completing 40% with 7 violations.
    elapsed time = 00:00:00, memory = 1329.64 (MB).
    Completing 50% with 5 violations.
    elapsed time = 00:00:00, memory = 1329.64 (MB).
    Completing 70% with 5 violations.
    elapsed time = 00:00:00, memory = 1329.64 (MB).
    Completing 80% with 5 violations.
    elapsed time = 00:00:00, memory = 1329.64 (MB).
    Completing 100% with 2 violations.
    elapsed time = 00:00:00, memory = 1329.64 (MB).
[INFO DRT-0199]   Number of violations = 2.
Viol/Layer      Metal2
Metal Spacing        1
Short                1
[INFO DRT-0267] cpu time = 00:00:00, elapsed time = 00:00:00, memory = 1329.64 (MB), peak = 1335.55 (MB)
Total wire length = 1094191 um.
Total wire length on LAYER Metal1 = 0 um.
Total wire length on LAYER Metal2 = 388886 um.
Total wire length on LAYER Metal3 = 538027 um.
Total wire length on LAYER Metal4 = 107161 um.
Total wire length on LAYER Metal5 = 60116 um.
Total number of vias = 112968.
Up-via summary (total 112968):

-----------------
  Poly2         0
 Metal1     50226
 Metal2     52045
 Metal3      9391
 Metal4      1306
-----------------
       112968


[INFO DRT-0195] Start 6th guides tiles iteration.
    Completing 50% with 2 violations.
    elapsed time = 00:00:00, memory = 1329.64 (MB).
    Completing 100% with 2 violations.
    elapsed time = 00:00:00, memory = 1329.64 (MB).
[INFO DRT-0199]   Number of violations = 2.
Viol/Layer      Metal2
Metal Spacing        1
Short                1
[INFO DRT-0267] cpu time = 00:00:00, elapsed time = 00:00:00, memory = 1329.64 (MB), peak = 1335.55 (MB)
Total wire length = 1094191 um.
Total wire length on LAYER Metal1 = 0 um.
Total wire length on LAYER Metal2 = 388886 um.
Total wire length on LAYER Metal3 = 538027 um.
Total wire length on LAYER Metal4 = 107161 um.
Total wire length on LAYER Metal5 = 60116 um.
Total number of vias = 112968.
Up-via summary (total 112968):

-----------------
  Poly2         0
 Metal1     50226
 Metal2     52045
 Metal3      9391
 Metal4      1306
-----------------
       112968


[INFO DRT-0195] Start 7th stubborn tiles iteration.
    Completing 10% with 2 violations.
    elapsed time = 00:00:00, memory = 1329.70 (MB).
    Completing 20% with 2 violations.
    elapsed time = 00:00:00, memory = 1329.70 (MB).
    Completing 30% with 2 violations.
    elapsed time = 00:00:00, memory = 1329.70 (MB).
    Completing 40% with 2 violations.
    elapsed time = 00:00:00, memory = 1329.70 (MB).
    Completing 50% with 2 violations.
    elapsed time = 00:00:01, memory = 1329.70 (MB).
    Completing 60% with 2 violations.
    elapsed time = 00:00:01, memory = 1329.70 (MB).
    Completing 70% with 2 violations.
    elapsed time = 00:00:01, memory = 1336.61 (MB).
    Completing 80% with 2 violations.
    elapsed time = 00:00:01, memory = 1345.46 (MB).
    Completing 90% with 2 violations.
    elapsed time = 00:00:02, memory = 1386.53 (MB).
    Completing 100% with 0 violations.
    elapsed time = 00:00:08, memory = 1402.89 (MB).
[INFO DRT-0199]   Number of violations = 0.
[INFO DRT-0267] cpu time = 00:00:46, elapsed time = 00:00:08, memory = 1403.89 (MB), peak = 1406.12 (MB)
Total wire length = 1094168 um.
Total wire length on LAYER Metal1 = 0 um.
Total wire length on LAYER Metal2 = 388884 um.
Total wire length on LAYER Metal3 = 538007 um.
Total wire length on LAYER Metal4 = 107165 um.
Total wire length on LAYER Metal5 = 60110 um.
Total number of vias = 112954.
Up-via summary (total 112954):

-----------------
  Poly2         0
 Metal1     50225
 Metal2     52034
 Metal3      9391
 Metal4      1304
-----------------
       112954


[INFO DRT-0198] Complete detail routing.
Total wire length = 1094168 um.
Total wire length on LAYER Metal1 = 0 um.
Total wire length on LAYER Metal2 = 388884 um.
Total wire length on LAYER Metal3 = 538007 um.
Total wire length on LAYER Metal4 = 107165 um.
Total wire length on LAYER Metal5 = 60110 um.
Total number of vias = 112954.
Up-via summary (total 112954):

-----------------
  Poly2         0
 Metal1     50225
 Metal2     52034
 Metal3      9391
 Metal4      1304
-----------------
       112954


[INFO DRT-0267] cpu time = 00:15:49, elapsed time = 00:01:38, memory = 1403.89 (MB), peak = 1406.12 (MB)

[INFO DRT-0180] Post processing.
+ check_antennas 
[INFO ANT-0002] Found 14 net violations.
[INFO ANT-0001] Found 15 pin violations.
[INFO] Running antenna repair iteration 1…
+ repair_antennas gf180mcu_fd_sc_mcu7t5v0__antenna -ratio_margin 10
[INFO GRT-0012] Found 20 antenna violations.
[WARNING GRT-0243] Unable to repair antennas on net with diodes.
[INFO GRT-0015] Inserted 21 diodes.
+ detailed_route -droute_end_iter 64 -or_seed 42 -verbose 1 -output_drc /foss/designs/butterfold/butterfold_proto/pd_flow/runs/RUN_2026-08-11_08-02-43/44-openroad-detailedrouting/drt-run-1/butterfold_top.drc
[INFO DRT-0024]   Complete Poly2.
[INFO DRT-0024]   Complete CON.
[INFO DRT-0024]   Complete Metal1.
[INFO DRT-0024]   Complete Via1.
[INFO DRT-0024]   Complete Metal2.
[INFO DRT-0024]   Complete Via2.
[INFO DRT-0024]   Complete Metal3.
[INFO DRT-0024]   Complete Via3.
[INFO DRT-0024]   Complete Metal4.
[INFO DRT-0024]   Complete Via4.
[INFO DRT-0024]   Complete Metal5.
[INFO DRT-0165] Start pin access.
[INFO DRT-0076]   Complete 1000 pins.
[INFO DRT-0078]   Complete 1310 pins.
[INFO DRT-0079]   Complete 100 unique inst patterns.
[INFO DRT-0081]   Complete 168 unique inst patterns.
[INFO DRT-0082]   Complete 10000 groups.
[INFO DRT-0084]   Complete 10309 groups.
#scanned instances     = 21648
#unique  instances     = 173
#stdCellGenAp          = 4077
#stdCellValidPlanarAp  = 0
#stdCellValidViaAp     = 3382
#stdCellPinNoAp        = 0
#stdCellPinCnt         = 49259
#instTermValidViaApCnt = 0
#macroGenAp            = 648
#macroValidPlanarAp    = 629
#macroValidViaAp       = 136
#macroNoAp             = 0
[INFO DRT-0166] Complete pin access.
[INFO DRT-0267] cpu time = 00:00:35, elapsed time = 00:00:02, memory = 1406.05 (MB), peak = 1406.12 (MB)
[INFO DRT-0156] guideIn read 100000 guides.

[INFO DRT-0157] Number of guides:     129492

[INFO DRT-0169] Post process guides.
[INFO DRT-0176] GCELLGRID X 0 DO 154 STEP 16800 ;
[INFO DRT-0177] GCELLGRID Y 0 DO 119 STEP 16800 ;
[INFO DRT-0026]   Complete 100000 origin guides.
[INFO DRT-0028]   Complete Poly2.
[INFO DRT-0028]   Complete CON.
[INFO DRT-0028]   Complete Metal1.
[INFO DRT-0028]   Complete Via1.
[INFO DRT-0028]   Complete Metal2.
[INFO DRT-0028]   Complete Via2.
[INFO DRT-0028]   Complete Metal3.
[INFO DRT-0028]   Complete Via3.
[INFO DRT-0028]   Complete Metal4.
[INFO DRT-0028]   Complete Via4.
[INFO DRT-0028]   Complete Metal5.
[INFO DRT-0178] Init guide query.
[INFO DRT-0035]   Complete Poly2 (guide).
[INFO DRT-0035]   Complete CON (guide).
[INFO DRT-0035]   Complete Metal1 (guide).
[INFO DRT-0035]   Complete Via1 (guide).
[INFO DRT-0035]   Complete Metal2 (guide).
[INFO DRT-0035]   Complete Via2 (guide).
[INFO DRT-0035]   Complete Metal3 (guide).
[INFO DRT-0035]   Complete Via3 (guide).
[INFO DRT-0035]   Complete Metal4 (guide).
[INFO DRT-0035]   Complete Via4 (guide).
[INFO DRT-0035]   Complete Metal5 (guide).
[INFO DRT-0036] Poly2 guide region query size = 0.
[INFO DRT-0036] CON guide region query size = 0.
[INFO DRT-0036] Metal1 guide region query size = 43488.
[INFO DRT-0036] Via1 guide region query size = 0.
[INFO DRT-0036] Metal2 guide region query size = 39959.
[INFO DRT-0036] Via2 guide region query size = 0.
[INFO DRT-0036] Metal3 guide region query size = 21449.
[INFO DRT-0036] Via3 guide region query size = 0.
[INFO DRT-0036] Metal4 guide region query size = 816.
[INFO DRT-0036] Via4 guide region query size = 0.
[INFO DRT-0036] Metal5 guide region query size = 246.
[INFO DRT-0179] Init gr pin query.
[INFO DRT-0267] cpu time = 00:00:00, elapsed time = 00:00:00, memory = 1406.05 (MB), peak = 1406.12 (MB)
[INFO DRT-0245] skipped writing guide updates to database.
[INFO DRT-0185] Post process initialize RPin region query.
[INFO DRT-0181] Start track assignment.
[INFO DRT-0184] Done with 40775 vertical wires in 4 frboxes and 65183 horizontal wires in 3 frboxes.
[INFO DRT-0186] Done with 13262 vertical wires in 4 frboxes and 11205 horizontal wires in 3 frboxes.
[INFO DRT-0182] Complete track assignment.
[INFO DRT-0267] cpu time = 00:00:05, elapsed time = 00:00:03, memory = 1480.25 (MB), peak = 1478.98 (MB)
[INFO DRT-0187] Start routing data preparation.
[INFO DRT-0267] cpu time = 00:00:00, elapsed time = 00:00:00, memory = 1480.25 (MB), peak = 1478.98 (MB)
[INFO DRT-0194] Start detail routing.
[INFO DRT-0195] Start 0th optimization iteration.
    Completing 10% with 0 violations.
    elapsed time = 00:00:00, memory = 1480.32 (MB).
    Completing 20% with 0 violations.
    elapsed time = 00:00:00, memory = 1480.32 (MB).
    Completing 30% with 324 violations.
    elapsed time = 00:00:01, memory = 1480.32 (MB).
    Completing 40% with 324 violations.
    elapsed time = 00:00:02, memory = 1480.32 (MB).
    Completing 50% with 324 violations.
    elapsed time = 00:00:02, memory = 1480.32 (MB).
    Completing 60% with 545 violations.
    elapsed time = 00:00:03, memory = 1480.32 (MB).
    Completing 70% with 545 violations.
    elapsed time = 00:00:04, memory = 1480.62 (MB).
    Completing 80% with 790 violations.
    elapsed time = 00:00:04, memory = 1480.62 (MB).
    Completing 90% with 790 violations.
    elapsed time = 00:00:05, memory = 1482.00 (MB).
    Completing 100% with 983 violations.
    elapsed time = 00:00:06, memory = 1482.04 (MB).
[INFO DRT-0199]   Number of violations = 1177.
Viol/Layer      Metal2 Metal3 Metal4 Metal5
Metal Spacing       33     18      1      0
Recheck             58    129      4      3
Short              409    506     13      3
[INFO DRT-0267] cpu time = 00:01:16, elapsed time = 00:00:06, memory = 1658.33 (MB), peak = 1656.98 (MB)
Total wire length = 1095092 um.
Total wire length on LAYER Metal1 = 0 um.
Total wire length on LAYER Metal2 = 392246 um.
Total wire length on LAYER Metal3 = 538313 um.
Total wire length on LAYER Metal4 = 104484 um.
Total wire length on LAYER Metal5 = 60048 um.
Total number of vias = 112908.
Up-via summary (total 112908):

-----------------
  Poly2         0
 Metal1     50245
 Metal2     52164
 Metal3      9218
 Metal4      1281
-----------------
       112908


[INFO DRT-0195] Start 1st optimization iteration.
    Completing 10% with 1177 violations.
    elapsed time = 00:00:00, memory = 1658.33 (MB).
    Completing 20% with 1177 violations.
    elapsed time = 00:00:00, memory = 1658.33 (MB).
    Completing 30% with 937 violations.
    elapsed time = 00:00:01, memory = 1658.33 (MB).
    Completing 40% with 937 violations.
    elapsed time = 00:00:01, memory = 1658.33 (MB).
    Completing 50% with 937 violations.
    elapsed time = 00:00:02, memory = 1611.23 (MB).
    Completing 60% with 746 violations.
    elapsed time = 00:00:02, memory = 1611.23 (MB).
    Completing 70% with 746 violations.
    elapsed time = 00:00:03, memory = 1611.23 (MB).
    Completing 80% with 473 violations.
    elapsed time = 00:00:03, memory = 1611.23 (MB).
    Completing 90% with 473 violations.
    elapsed time = 00:00:04, memory = 1611.27 (MB).
    Completing 100% with 239 violations.
    elapsed time = 00:00:05, memory = 1611.88 (MB).
[INFO DRT-0199]   Number of violations = 239.
Viol/Layer      Metal2 Metal3 Metal4
Metal Spacing        7      7      0
Short              130     91      4
[INFO DRT-0267] cpu time = 00:01:08, elapsed time = 00:00:05, memory = 1614.88 (MB), peak = 1656.98 (MB)
Total wire length = 1094627 um.
Total wire length on LAYER Metal1 = 0 um.
Total wire length on LAYER Metal2 = 391747 um.
Total wire length on LAYER Metal3 = 538019 um.
Total wire length on LAYER Metal4 = 104699 um.
Total wire length on LAYER Metal5 = 60161 um.
Total number of vias = 112887.
Up-via summary (total 112887):

-----------------
  Poly2         0
 Metal1     50245
 Metal2     52096
 Metal3      9251
 Metal4      1295
-----------------
       112887


[INFO DRT-0195] Start 2nd optimization iteration.
    Completing 10% with 239 violations.
    elapsed time = 00:00:00, memory = 1614.88 (MB).
    Completing 20% with 239 violations.
    elapsed time = 00:00:00, memory = 1614.88 (MB).
    Completing 30% with 222 violations.
    elapsed time = 00:00:00, memory = 1614.88 (MB).
    Completing 40% with 222 violations.
    elapsed time = 00:00:00, memory = 1614.88 (MB).
    Completing 50% with 222 violations.
    elapsed time = 00:00:00, memory = 1614.88 (MB).
    Completing 60% with 210 violations.
    elapsed time = 00:00:00, memory = 1614.88 (MB).
    Completing 70% with 210 violations.
    elapsed time = 00:00:01, memory = 1614.88 (MB).
    Completing 80% with 188 violations.
    elapsed time = 00:00:01, memory = 1614.88 (MB).
    Completing 90% with 188 violations.
    elapsed time = 00:00:01, memory = 1614.88 (MB).
    Completing 100% with 184 violations.
    elapsed time = 00:00:02, memory = 1614.88 (MB).
[INFO DRT-0199]   Number of violations = 184.
Viol/Layer      Metal2 Metal3 Metal4
Metal Spacing        7      9      1
Short               90     72      5
[INFO DRT-0267] cpu time = 00:00:17, elapsed time = 00:00:02, memory = 1614.88 (MB), peak = 1656.98 (MB)
Total wire length = 1094488 um.
Total wire length on LAYER Metal1 = 0 um.
Total wire length on LAYER Metal2 = 391722 um.
Total wire length on LAYER Metal3 = 537927 um.
Total wire length on LAYER Metal4 = 104620 um.
Total wire length on LAYER Metal5 = 60217 um.
Total number of vias = 112837.
Up-via summary (total 112837):

-----------------
  Poly2         0
 Metal1     50245
 Metal2     52098
 Metal3      9198
 Metal4      1296
-----------------
       112837


[INFO DRT-0195] Start 3rd optimization iteration.
    Completing 10% with 184 violations.
    elapsed time = 00:00:00, memory = 1614.88 (MB).
    Completing 20% with 184 violations.
    elapsed time = 00:00:00, memory = 1614.88 (MB).
    Completing 30% with 142 violations.
    elapsed time = 00:00:00, memory = 1614.88 (MB).
    Completing 40% with 142 violations.
    elapsed time = 00:00:00, memory = 1614.88 (MB).
    Completing 50% with 142 violations.
    elapsed time = 00:00:01, memory = 1614.88 (MB).
    Completing 60% with 87 violations.
    elapsed time = 00:00:01, memory = 1614.88 (MB).
    Completing 70% with 87 violations.
    elapsed time = 00:00:01, memory = 1614.88 (MB).
    Completing 80% with 64 violations.
    elapsed time = 00:00:05, memory = 1614.88 (MB).
    Completing 90% with 64 violations.
    elapsed time = 00:00:05, memory = 1614.88 (MB).
    Completing 100% with 7 violations.
    elapsed time = 00:00:05, memory = 1614.89 (MB).
[INFO DRT-0199]   Number of violations = 7.
Viol/Layer      Metal2 Metal3 Metal4
Short                5      1      1
[INFO DRT-0267] cpu time = 00:00:18, elapsed time = 00:00:05, memory = 1614.89 (MB), peak = 1656.98 (MB)
Total wire length = 1094421 um.
Total wire length on LAYER Metal1 = 0 um.
Total wire length on LAYER Metal2 = 389969 um.
Total wire length on LAYER Metal3 = 536991 um.
Total wire length on LAYER Metal4 = 106275 um.
Total wire length on LAYER Metal5 = 61184 um.
Total number of vias = 113071.
Up-via summary (total 113071):

-----------------
  Poly2         0
 Metal1     50251
 Metal2     52071
 Metal3      9394
 Metal4      1355
-----------------
       113071


[INFO DRT-0195] Start 4th guides tiles iteration.
    Completing 10% with 7 violations.
    elapsed time = 00:00:00, memory = 1627.40 (MB).
    Completing 30% with 7 violations.
    elapsed time = 00:00:00, memory = 1628.87 (MB).
    Completing 50% with 7 violations.
    elapsed time = 00:00:00, memory = 1614.89 (MB).
    Completing 60% with 2 violations.
    elapsed time = 00:00:00, memory = 1614.89 (MB).
    Completing 80% with 2 violations.
    elapsed time = 00:00:00, memory = 1614.89 (MB).
    Completing 100% with 0 violations.
    elapsed time = 00:00:00, memory = 1614.89 (MB).
[INFO DRT-0199]   Number of violations = 0.
[INFO DRT-0267] cpu time = 00:00:00, elapsed time = 00:00:00, memory = 1614.89 (MB), peak = 1656.98 (MB)
Total wire length = 1094423 um.
Total wire length on LAYER Metal1 = 0 um.
Total wire length on LAYER Metal2 = 389962 um.
Total wire length on LAYER Metal3 = 536878 um.
Total wire length on LAYER Metal4 = 106278 um.
Total wire length on LAYER Metal5 = 61304 um.
Total number of vias = 113077.
Up-via summary (total 113077):

-----------------
  Poly2         0
 Metal1     50251
 Metal2     52070
 Metal3      9400
 Metal4      1356
-----------------
       113077


[INFO DRT-0198] Complete detail routing.
Total wire length = 1094423 um.
Total wire length on LAYER Metal1 = 0 um.
Total wire length on LAYER Metal2 = 389962 um.
Total wire length on LAYER Metal3 = 536878 um.
Total wire length on LAYER Metal4 = 106278 um.
Total wire length on LAYER Metal5 = 61304 um.
Total number of vias = 113077.
Up-via summary (total 113077):

-----------------
  Poly2         0
 Metal1     50251
 Metal2     52070
 Metal3      9400
 Metal4      1356
-----------------
       113077


[INFO DRT-0267] cpu time = 00:03:00, elapsed time = 00:00:20, memory = 1614.89 (MB), peak = 1656.98 (MB)

[INFO DRT-0180] Post processing.
+ check_antennas 
[INFO ANT-0002] Found 3 net violations.
[INFO ANT-0001] Found 3 pin violations.
[INFO] Running antenna repair iteration 2…
+ repair_antennas gf180mcu_fd_sc_mcu7t5v0__antenna -ratio_margin 10
[INFO GRT-0012] Found 3 antenna violations.
[INFO GRT-0015] Inserted 3 diodes.
+ detailed_route -droute_end_iter 64 -or_seed 42 -verbose 1 -output_drc /foss/designs/butterfold/butterfold_proto/pd_flow/runs/RUN_2026-08-11_08-02-43/44-openroad-detailedrouting/drt-run-2/butterfold_top.drc
[INFO DRT-0024]   Complete Poly2.
[INFO DRT-0024]   Complete CON.
[INFO DRT-0024]   Complete Metal1.
[INFO DRT-0024]   Complete Via1.
[INFO DRT-0024]   Complete Metal2.
[INFO DRT-0024]   Complete Via2.
[INFO DRT-0024]   Complete Metal3.
[INFO DRT-0024]   Complete Via3.
[INFO DRT-0024]   Complete Metal4.
[INFO DRT-0024]   Complete Via4.
[INFO DRT-0024]   Complete Metal5.
[INFO DRT-0165] Start pin access.
[INFO DRT-0076]   Complete 1000 pins.
[INFO DRT-0078]   Complete 1310 pins.
[INFO DRT-0079]   Complete 100 unique inst patterns.
[INFO DRT-0081]   Complete 168 unique inst patterns.
[INFO DRT-0082]   Complete 10000 groups.
[INFO DRT-0084]   Complete 10309 groups.
#scanned instances     = 21651
#unique  instances     = 173
#stdCellGenAp          = 4077
#stdCellValidPlanarAp  = 0
#stdCellValidViaAp     = 3382
#stdCellPinNoAp        = 0
#stdCellPinCnt         = 49259
#instTermValidViaApCnt = 0
#macroGenAp            = 648
#macroValidPlanarAp    = 629
#macroValidViaAp       = 136
#macroNoAp             = 0
[INFO DRT-0166] Complete pin access.
[INFO DRT-0267] cpu time = 00:00:35, elapsed time = 00:00:03, memory = 1614.88 (MB), peak = 1656.98 (MB)
[INFO DRT-0156] guideIn read 100000 guides.

[INFO DRT-0157] Number of guides:     129506

[INFO DRT-0169] Post process guides.
[INFO DRT-0176] GCELLGRID X 0 DO 154 STEP 16800 ;
[INFO DRT-0177] GCELLGRID Y 0 DO 119 STEP 16800 ;
[INFO DRT-0026]   Complete 100000 origin guides.
[INFO DRT-0028]   Complete Poly2.
[INFO DRT-0028]   Complete CON.
[INFO DRT-0028]   Complete Metal1.
[INFO DRT-0028]   Complete Via1.
[INFO DRT-0028]   Complete Metal2.
[INFO DRT-0028]   Complete Via2.
[INFO DRT-0028]   Complete Metal3.
[INFO DRT-0028]   Complete Via3.
[INFO DRT-0028]   Complete Metal4.
[INFO DRT-0028]   Complete Via4.
[INFO DRT-0028]   Complete Metal5.
[INFO DRT-0178] Init guide query.
[INFO DRT-0035]   Complete Poly2 (guide).
[INFO DRT-0035]   Complete CON (guide).
[INFO DRT-0035]   Complete Metal1 (guide).
[INFO DRT-0035]   Complete Via1 (guide).
[INFO DRT-0035]   Complete Metal2 (guide).
[INFO DRT-0035]   Complete Via2 (guide).
[INFO DRT-0035]   Complete Metal3 (guide).
[INFO DRT-0035]   Complete Via3 (guide).
[INFO DRT-0035]   Complete Metal4 (guide).
[INFO DRT-0035]   Complete Via4 (guide).
[INFO DRT-0035]   Complete Metal5 (guide).
[INFO DRT-0036] Poly2 guide region query size = 0.
[INFO DRT-0036] CON guide region query size = 0.
[INFO DRT-0036] Metal1 guide region query size = 43490.
[INFO DRT-0036] Via1 guide region query size = 0.
[INFO DRT-0036] Metal2 guide region query size = 39960.
[INFO DRT-0036] Via2 guide region query size = 0.
[INFO DRT-0036] Metal3 guide region query size = 21450.
[INFO DRT-0036] Via3 guide region query size = 0.
[INFO DRT-0036] Metal4 guide region query size = 821.
[INFO DRT-0036] Via4 guide region query size = 0.
[INFO DRT-0036] Metal5 guide region query size = 248.
[INFO DRT-0179] Init gr pin query.
[INFO DRT-0267] cpu time = 00:00:00, elapsed time = 00:00:00, memory = 1614.88 (MB), peak = 1656.98 (MB)
[INFO DRT-0245] skipped writing guide updates to database.
[INFO DRT-0185] Post process initialize RPin region query.
[INFO DRT-0181] Start track assignment.
[INFO DRT-0184] Done with 40781 vertical wires in 4 frboxes and 65188 horizontal wires in 3 frboxes.
[INFO DRT-0186] Done with 13259 vertical wires in 4 frboxes and 11229 horizontal wires in 3 frboxes.
[INFO DRT-0182] Complete track assignment.
[INFO DRT-0267] cpu time = 00:00:05, elapsed time = 00:00:03, memory = 1656.35 (MB), peak = 1666.81 (MB)
[INFO DRT-0187] Start routing data preparation.
[INFO DRT-0267] cpu time = 00:00:00, elapsed time = 00:00:00, memory = 1656.35 (MB), peak = 1666.81 (MB)
[INFO DRT-0194] Start detail routing.
[INFO DRT-0195] Start 0th optimization iteration.
    Completing 10% with 0 violations.
    elapsed time = 00:00:00, memory = 1656.41 (MB).
    Completing 20% with 0 violations.
    elapsed time = 00:00:00, memory = 1660.01 (MB).
    Completing 30% with 54 violations.
    elapsed time = 00:00:01, memory = 1612.68 (MB).
    Completing 40% with 54 violations.
    elapsed time = 00:00:01, memory = 1612.93 (MB).
    Completing 50% with 54 violations.
    elapsed time = 00:00:02, memory = 1612.93 (MB).
    Completing 60% with 79 violations.
    elapsed time = 00:00:02, memory = 1612.93 (MB).
    Completing 70% with 79 violations.
    elapsed time = 00:00:03, memory = 1612.93 (MB).
    Completing 80% with 129 violations.
    elapsed time = 00:00:03, memory = 1612.93 (MB).
    Completing 90% with 129 violations.
    elapsed time = 00:00:04, memory = 1612.93 (MB).
    Completing 100% with 143 violations.
    elapsed time = 00:00:04, memory = 1612.93 (MB).
[INFO DRT-0199]   Number of violations = 168.
Viol/Layer      Metal2 Metal3 Metal4 Metal5
Metal Spacing        5      0      0      0
Recheck              8     14      2      1
Short               63     72      2      1
[INFO DRT-0267] cpu time = 00:01:00, elapsed time = 00:00:04, memory = 1612.93 (MB), peak = 1666.81 (MB)
Total wire length = 1094448 um.
Total wire length on LAYER Metal1 = 0 um.
Total wire length on LAYER Metal2 = 390150 um.
Total wire length on LAYER Metal3 = 536587 um.
Total wire length on LAYER Metal4 = 106101 um.
Total wire length on LAYER Metal5 = 61608 um.
Total number of vias = 113044.
Up-via summary (total 113044):

-----------------
  Poly2         0
 Metal1     50255
 Metal2     52079
 Metal3      9356
 Metal4      1354
-----------------
       113044


[INFO DRT-0195] Start 1st optimization iteration.
    Completing 10% with 168 violations.
    elapsed time = 00:00:00, memory = 1612.93 (MB).
    Completing 20% with 168 violations.
    elapsed time = 00:00:00, memory = 1612.93 (MB).
    Completing 30% with 129 violations.
    elapsed time = 00:00:01, memory = 1612.93 (MB).
    Completing 40% with 129 violations.
    elapsed time = 00:00:01, memory = 1612.93 (MB).
    Completing 50% with 129 violations.
    elapsed time = 00:00:02, memory = 1615.22 (MB).
    Completing 60% with 77 violations.
    elapsed time = 00:00:02, memory = 1615.22 (MB).
    Completing 70% with 77 violations.
    elapsed time = 00:00:03, memory = 1615.22 (MB).
    Completing 80% with 50 violations.
    elapsed time = 00:00:03, memory = 1615.22 (MB).
    Completing 90% with 50 violations.
    elapsed time = 00:00:03, memory = 1616.41 (MB).
    Completing 100% with 17 violations.
    elapsed time = 00:00:04, memory = 1616.41 (MB).
[INFO DRT-0199]   Number of violations = 17.
Viol/Layer      Metal2 Metal3 Metal4
Metal Spacing        3      0      0
Short                7      5      2
[INFO DRT-0267] cpu time = 00:01:01, elapsed time = 00:00:04, memory = 1616.41 (MB), peak = 1666.81 (MB)
Total wire length = 1094376 um.
Total wire length on LAYER Metal1 = 0 um.
Total wire length on LAYER Metal2 = 390090 um.
Total wire length on LAYER Metal3 = 536540 um.
Total wire length on LAYER Metal4 = 106121 um.
Total wire length on LAYER Metal5 = 61623 um.
Total number of vias = 113048.
Up-via summary (total 113048):

-----------------
  Poly2         0
 Metal1     50255
 Metal2     52079
 Metal3      9362
 Metal4      1352
-----------------
       113048


[INFO DRT-0195] Start 2nd optimization iteration.
    Completing 10% with 17 violations.
    elapsed time = 00:00:00, memory = 1616.41 (MB).
    Completing 20% with 17 violations.
    elapsed time = 00:00:00, memory = 1616.41 (MB).
    Completing 30% with 16 violations.
    elapsed time = 00:00:00, memory = 1616.41 (MB).
    Completing 40% with 16 violations.
    elapsed time = 00:00:00, memory = 1616.41 (MB).
    Completing 50% with 16 violations.
    elapsed time = 00:00:00, memory = 1616.41 (MB).
    Completing 60% with 17 violations.
    elapsed time = 00:00:00, memory = 1616.41 (MB).
    Completing 70% with 17 violations.
    elapsed time = 00:00:00, memory = 1616.41 (MB).
    Completing 80% with 15 violations.
    elapsed time = 00:00:00, memory = 1616.41 (MB).
    Completing 90% with 15 violations.
    elapsed time = 00:00:00, memory = 1616.41 (MB).
    Completing 100% with 11 violations.
    elapsed time = 00:00:00, memory = 1616.41 (MB).
[INFO DRT-0199]   Number of violations = 11.
Viol/Layer      Metal2 Metal3
Metal Spacing        3      0
Short                7      1
[INFO DRT-0267] cpu time = 00:00:02, elapsed time = 00:00:00, memory = 1616.41 (MB), peak = 1666.81 (MB)
Total wire length = 1094387 um.
Total wire length on LAYER Metal1 = 0 um.
Total wire length on LAYER Metal2 = 390131 um.
Total wire length on LAYER Metal3 = 536534 um.
Total wire length on LAYER Metal4 = 106096 um.
Total wire length on LAYER Metal5 = 61623 um.
Total number of vias = 113057.
Up-via summary (total 113057):

-----------------
  Poly2         0
 Metal1     50255
 Metal2     52088
 Metal3      9362
 Metal4      1352
-----------------
       113057


[INFO DRT-0195] Start 3rd guides tiles iteration.
    Completing 10% with 11 violations.
    elapsed time = 00:00:00, memory = 1616.41 (MB).
    Completing 20% with 11 violations.
    elapsed time = 00:00:00, memory = 1616.41 (MB).
    Completing 30% with 11 violations.
    elapsed time = 00:00:00, memory = 1616.41 (MB).
    Completing 40% with 11 violations.
    elapsed time = 00:00:00, memory = 1616.41 (MB).
    Completing 50% with 1 violations.
    elapsed time = 00:00:00, memory = 1616.41 (MB).
    Completing 60% with 1 violations.
    elapsed time = 00:00:00, memory = 1616.41 (MB).
    Completing 70% with 1 violations.
    elapsed time = 00:00:00, memory = 1616.41 (MB).
    Completing 80% with 1 violations.
    elapsed time = 00:00:00, memory = 1616.41 (MB).
    Completing 100% with 0 violations.
    elapsed time = 00:00:00, memory = 1616.41 (MB).
[INFO DRT-0199]   Number of violations = 0.
[INFO DRT-0267] cpu time = 00:00:00, elapsed time = 00:00:00, memory = 1616.41 (MB), peak = 1666.81 (MB)
Total wire length = 1094362 um.
Total wire length on LAYER Metal1 = 0 um.
Total wire length on LAYER Metal2 = 389746 um.
Total wire length on LAYER Metal3 = 536423 um.
Total wire length on LAYER Metal4 = 106462 um.
Total wire length on LAYER Metal5 = 61729 um.
Total number of vias = 113063.
Up-via summary (total 113063):

-----------------
  Poly2         0
 Metal1     50256
 Metal2     52074
 Metal3      9377
 Metal4      1356
-----------------
       113063


[INFO DRT-0198] Complete detail routing.
Total wire length = 1094362 um.
Total wire length on LAYER Metal1 = 0 um.
Total wire length on LAYER Metal2 = 389746 um.
Total wire length on LAYER Metal3 = 536423 um.
Total wire length on LAYER Metal4 = 106462 um.
Total wire length on LAYER Metal5 = 61729 um.
Total number of vias = 113063.
Up-via summary (total 113063):

-----------------
  Poly2         0
 Metal1     50256
 Metal2     52074
 Metal3      9377
 Metal4      1356
-----------------
       113063


[INFO DRT-0267] cpu time = 00:02:05, elapsed time = 00:00:11, memory = 1616.41 (MB), peak = 1666.81 (MB)

[INFO DRT-0180] Post processing.
+ check_antennas 
[INFO ANT-0002] Found 0 net violations.
[INFO ANT-0001] Found 0 pin violations.
Setting global connections for newly added cells…
[INFO] Setting global connections...
u_transform_scheduler_core.u_fft_scratch_sram.u_(hi|lo).u_sram matched with u_transform_scheduler_core.u_fft_scratch_sram.u_hi.u_sram
u_transform_scheduler_core.u_fft_scratch_sram.u_(hi|lo).u_sram matched with u_transform_scheduler_core.u_fft_scratch_sram.u_lo.u_sram
[INFO ODB-0403] 96 connections made, 0 conflicts skipped.
Updating metrics…
Cell type report:                       Count       Area
  Macro                                     2  294424.87
  Endcap cell                             878    3854.77
  Tap cell                               6304   27677.08
  Antenna cell                             57     250.25
  Buffer                                   32     983.45
  Clock buffer                            501   27066.82
  Timing Repair Buffer                   1608   47666.57
  Inverter                                646    5751.42
  Clock inverter                          196    3358.66
  Sequential cell                        1991  142745.08
  Multi-Input combinational cell         9436  179479.55
  Total                                 21651  733258.52
Writing OpenROAD database to '/foss/designs/butterfold/butterfold_proto/pd_flow/runs/RUN_2026-08-11_08-02-43/44-openroad-detailedrouting/butterfold_top.odb'…
Writing netlist to '/foss/designs/butterfold/butterfold_proto/pd_flow/runs/RUN_2026-08-11_08-02-43/44-openroad-detailedrouting/butterfold_top.nl.v'…
Writing powered netlist to '/foss/designs/butterfold/butterfold_proto/pd_flow/runs/RUN_2026-08-11_08-02-43/44-openroad-detailedrouting/butterfold_top.pnl.v'…
Writing layout to '/foss/designs/butterfold/butterfold_proto/pd_flow/runs/RUN_2026-08-11_08-02-43/44-openroad-detailedrouting/butterfold_top.def'…
Writing timing constraints to '/foss/designs/butterfold/butterfold_proto/pd_flow/runs/RUN_2026-08-11_08-02-43/44-openroad-detailedrouting/butterfold_top.sdc'…
