Clock: clk_i
Sources: clk_i 
Generated: no
Virtual: yes
Propagated: no
Period: 30.000000

===========================================================================
report_clock_properties
============================================================================
Clock                   Period          Waveform
----------------------------------------------------
clk_i                30.000000    0.000000 15.000000

===========================================================================
report_clock_latency
============================================================================
Clock clk_i
rise -> rise
    min     max
0.000000 0.000000 source latency
1.081688         network latency u_core.u_mim_lo/CLK
        1.244430 network latency _8551_/CLK
---------------
1.081688 1.244430 latency
        0.162742 skew

fall -> fall
    min     max
0.000000 0.000000 source latency
0.977627         network latency u_core.u_mim_lo/CLK
        1.171403 network latency _8551_/CLK
---------------
0.977627 1.171403 latency
        0.193776 skew



===========================================================================
report_clock_min_period
============================================================================
clk_i period_min = 13.64 fmax = 73.31
