
===========================================================================
Violator List
============================================================================
[setup reg-reg] _18676_/Q -> _19267_/D : -16.154648
[setup reg-reg] _18676_/Q -> _19279_/D : -14.133864
[setup reg-reg] _18676_/Q -> _19283_/D : -13.876426
[setup reg-reg] _18676_/Q -> _19277_/D : -13.683316
[setup reg-reg] _18676_/Q -> _19273_/D : -13.383997
[setup reg-reg] _18676_/Q -> _19271_/D : -13.285762
[setup reg-reg] _20015_/Q -> u_core.u_transform_scheduler_core.u_fft_scratch_sram.u_lo.u_sram/D[0] : -13.279893
[setup reg-reg] _18676_/Q -> _19280_/D : -13.158581
[setup reg-reg] _20015_/Q -> u_core.u_transform_scheduler_core.u_fft_scratch_sram.u_lo.u_sram/D[1] : -12.518426
[setup reg-reg] _18676_/Q -> _19293_/D : -12.318698
[setup reg-reg] _18676_/Q -> _19289_/D : -12.283225
[setup reg-reg] _18676_/Q -> _19288_/D : -12.131882
[setup reg-reg] _18676_/Q -> _19282_/D : -12.022308
[setup reg-reg] _18676_/Q -> _19264_/D : -11.834948
[setup reg-reg] _18676_/Q -> _19292_/D : -11.799639
[setup reg-reg] _18676_/Q -> _19287_/D : -11.735804
[setup reg-reg] _18676_/Q -> _19291_/D : -11.639099
[setup reg-reg] _20015_/Q -> u_core.u_transform_scheduler_core.u_fft_scratch_sram.u_lo.u_sram/D[4] : -11.517001
[setup reg-reg] _18676_/Q -> _19284_/D : -11.353783
[setup reg-reg] _18676_/Q -> _19268_/D : -11.330599
[setup reg-reg] _18676_/Q -> _19265_/D : -11.328842
[setup reg-reg] _18676_/Q -> _19285_/D : -11.301049
[setup reg-reg] _20174_/Q -> _19482_/D : -11.016406
[setup reg-reg] _18675_/Q -> _19266_/D : -11.000614
[setup reg-reg] _18676_/Q -> _19281_/D : -10.961984
[setup reg-reg] _18676_/Q -> _19263_/D : -10.889309
[setup reg-reg] _20174_/Q -> _18445_/D : -10.767428
[setup reg-reg] _20174_/Q -> _18447_/D : -10.706106
[setup reg-reg] _20174_/Q -> _18636_/D : -10.649755
[setup reg-reg] _20174_/Q -> _20025_/D : -10.646152
[setup reg-reg] _20174_/Q -> _18448_/D : -10.642824
[setup reg-reg] _20174_/Q -> _18444_/D : -10.629384
[setup reg-reg] _18675_/Q -> _19270_/D : -10.625213
[setup reg-reg] _20174_/Q -> _18633_/D : -10.622847
[setup reg-reg] _20174_/Q -> _20022_/D : -10.617946
[setup reg-reg] _20174_/Q -> _20034_/D : -10.616998
[setup reg-reg] _20174_/Q -> _20023_/D : -10.600035
[setup reg-reg] _20174_/Q -> _20026_/D : -10.590366
[setup reg-reg] _20174_/Q -> _20024_/D : -10.587132
[setup reg-reg] _20174_/Q -> _20020_/D : -10.580744
[setup reg-reg] _20174_/Q -> _20027_/D : -10.579280
[setup reg-reg] _20174_/Q -> _20021_/D : -10.574457
[setup reg-reg] _20174_/Q -> _19484_/D : -10.572509
[setup reg-reg] _20174_/Q -> _20030_/D : -10.567803
[setup reg-reg] _20174_/Q -> _18439_/D : -10.543903
[setup reg-reg] _20174_/Q -> _18436_/D : -10.512045
[setup reg-reg] _20174_/Q -> _19483_/D : -10.501769
[setup reg-reg] _20174_/Q -> _18641_/D : -10.494931
[setup reg-reg] _20174_/Q -> _18642_/D : -10.491187
[setup reg-reg] _20174_/Q -> _18443_/D : -10.489882
[setup reg-reg] _20174_/Q -> _18628_/D : -10.488979
[setup reg-reg] _20174_/Q -> _18449_/D : -10.487767
[setup reg-reg] _20174_/Q -> _18638_/D : -10.485059
[setup reg-reg] _20174_/Q -> _18446_/D : -10.482127
[setup reg-reg] _20174_/Q -> _18450_/D : -10.481124
[setup reg-reg] _20174_/Q -> _18627_/D : -10.480475
[setup reg-reg] _18675_/Q -> _19286_/D : -10.479654
[setup reg-reg] _20174_/Q -> _19631_/D : -10.473548
[setup reg-reg] _18675_/Q -> _19294_/D : -10.471352
[setup reg-reg] _20174_/Q -> _18437_/D : -10.465776
[setup reg-reg] _20174_/Q -> _18632_/D : -10.463310
[setup reg-reg] _20174_/Q -> _18438_/D : -10.463071
[setup reg-reg] _20174_/Q -> _18630_/D : -10.462639
[setup reg-reg] _20174_/Q -> _18639_/D : -10.459661
[setup reg-reg] _20174_/Q -> _18640_/D : -10.457232
[setup reg-reg] _20174_/Q -> _18634_/D : -10.456519
[setup reg-reg] _20174_/Q -> _18442_/D : -10.455592
[setup reg-reg] _20174_/Q -> _18440_/D : -10.453362
[setup reg-reg] _20174_/Q -> _18435_/D : -10.452231
[setup reg-reg] _20174_/Q -> _18637_/D : -10.447899
[setup reg-reg] _20174_/Q -> _18631_/D : -10.446778
[setup reg-reg] _20174_/Q -> _18441_/D : -10.446485
[setup reg-reg] _20174_/Q -> _18635_/D : -10.440136
[setup reg-reg] _18675_/Q -> _19274_/D : -10.435338
[setup reg-reg] _20174_/Q -> _18629_/D : -10.402914
[setup reg-reg] _20174_/Q -> _19481_/D : -10.289437
[setup reg-reg] _18675_/Q -> _19276_/D : -10.274541
[setup reg-reg] _20015_/Q -> u_core.u_transform_scheduler_core.u_fft_scratch_sram.u_hi.u_sram/D[3] : -10.220534
[setup reg-reg] _20174_/Q -> _18492_/D : -10.171419
[setup reg-reg] _18676_/Q -> _19275_/D : -10.146700
[setup reg-reg] _20015_/Q -> _18643_/D : -10.133519
[setup reg-reg] _20015_/Q -> u_core.u_transform_scheduler_core.u_fft_scratch_sram.u_lo.u_sram/D[6] : -10.128217
[setup reg-reg] _20174_/Q -> _18571_/D : -10.118010
[setup reg-reg] _20174_/Q -> _19630_/D : -10.116055
[setup reg-reg] _20174_/Q -> _18377_/D : -10.112130
[setup reg-reg] _20174_/Q -> _18374_/D : -10.103717
[setup reg-reg] _20174_/Q -> _18566_/D : -10.097967
[setup reg-reg] _20174_/Q -> _18564_/D : -10.097043
[setup reg-reg] _20174_/Q -> _18376_/D : -10.094793
[setup reg-reg] _20174_/Q -> _18372_/D : -10.091999
[setup reg-reg] _20174_/Q -> _18375_/D : -10.091166
[setup reg-reg] _20174_/Q -> _18568_/D : -10.089833
[setup reg-reg] _20174_/Q -> _18371_/D : -10.087379
[setup reg-reg] _20174_/Q -> _18570_/D : -10.086782
[setup reg-reg] _20174_/Q -> _18563_/D : -10.084549
[setup reg-reg] _20174_/Q -> _18373_/D : -10.081728
[setup reg-reg] _20174_/Q -> _18569_/D : -10.075615
[setup reg-reg] _20174_/Q -> _19629_/D : -10.047379
[setup reg-reg] _20174_/Q -> _18567_/D : -10.044755
[setup reg-reg] _20174_/Q -> _18565_/D : -10.043738
[setup reg-reg] _20174_/Q -> _18306_/D : -10.023696
[setup reg-reg] _20174_/Q -> _18497_/D : -10.020822
[setup reg-reg] _20174_/Q -> _18302_/D : -10.014936
[setup reg-reg] _18676_/Q -> _19269_/D : -10.011155
[setup reg-reg] _20015_/Q -> _18646_/D : -10.008730
[setup reg-reg] _20174_/Q -> _18299_/D : -10.008464
[setup reg-reg] _20174_/Q -> _18298_/D : -10.003489
[setup reg-reg] _20174_/Q -> _18498_/D : -9.999660
[setup reg-reg] _20174_/Q -> _18496_/D : -9.995934
[setup reg-reg] _20174_/Q -> _20066_/D : -9.966007
[setup reg-reg] _20015_/Q -> _18644_/D : -9.953588
[setup reg-reg] _18676_/Q -> _19262_/D : -9.928938
[setup reg-reg] _20174_/Q -> _18290_/D : -9.887925
[setup reg-reg] _20015_/Q -> u_core.u_transform_scheduler_core.u_fft_scratch_sram.u_hi.u_sram/D[2] : -9.863726
[setup reg-reg] _20174_/Q -> _19632_/D : -9.853148
[setup reg-reg] _20174_/Q -> _18460_/D : -9.844566
[setup reg-reg] _20174_/Q -> _18476_/D : -9.843794
[setup reg-reg] _20174_/Q -> _18473_/D : -9.838626
[setup reg-reg] _20015_/Q -> u_core.u_transform_scheduler_core.u_fft_scratch_sram.u_hi.u_sram/D[0] : -9.808114
[setup reg-reg] _20174_/Q -> _18457_/D : -9.774685
[setup reg-reg] _20174_/Q -> _18280_/D : -9.767755
[setup reg-reg] _18676_/Q -> _19272_/D : -9.716095
[setup reg-reg] _20174_/Q -> _18276_/D : -9.700173
[setup reg-reg] _20174_/Q -> _18287_/D : -9.699259
[setup reg-reg] _20174_/Q -> _18477_/D : -9.696379
[setup reg-reg] _20174_/Q -> _18270_/D : -9.695896
[setup reg-reg] _20174_/Q -> _18494_/D : -9.695209
[setup reg-reg] _20174_/Q -> _18279_/D : -9.695194
[setup reg-reg] _20174_/Q -> _18470_/D : -9.692983
[setup reg-reg] _20174_/Q -> _18275_/D : -9.689861
[setup reg-reg] _20174_/Q -> _18274_/D : -9.688879
[setup reg-reg] _20174_/Q -> _18466_/D : -9.685685
[setup reg-reg] _20174_/Q -> _18267_/D : -9.685541
[setup reg-reg] _20174_/Q -> _18281_/D : -9.685446
[setup reg-reg] _20174_/Q -> _18464_/D : -9.684525
[setup reg-reg] _20015_/Q -> u_core.u_transform_scheduler_core.u_fft_scratch_sram.u_hi.u_sram/D[6] : -9.680506
[setup reg-reg] _20174_/Q -> _18467_/D : -9.677765
[setup reg-reg] _20174_/Q -> _18277_/D : -9.676764
[setup reg-reg] _20174_/Q -> _18490_/D : -9.675533
[setup reg-reg] _20174_/Q -> _18475_/D : -9.674306
[setup reg-reg] _20174_/Q -> _18286_/D : -9.673773
[setup reg-reg] _20174_/Q -> _18462_/D : -9.673501
[setup reg-reg] _20174_/Q -> _18268_/D : -9.671769
[setup reg-reg] _20174_/Q -> _18266_/D : -9.671558
[setup reg-reg] _20174_/Q -> _18283_/D : -9.668579
[setup reg-reg] _20174_/Q -> _18484_/D : -9.666003
[setup reg-reg] _20174_/Q -> _18468_/D : -9.663568
[setup reg-reg] _20174_/Q -> _18271_/D : -9.662639
[setup reg-reg] _20174_/Q -> _18472_/D : -9.661417
[setup reg-reg] _20174_/Q -> _18295_/D : -9.659410
[setup reg-reg] _20174_/Q -> _18269_/D : -9.656935
[setup reg-reg] _20174_/Q -> _18458_/D : -9.655079
[setup reg-reg] _20174_/Q -> _18296_/D : -9.654496
[setup reg-reg] _20174_/Q -> _18488_/D : -9.654425
[setup reg-reg] _20174_/Q -> _18474_/D : -9.654269
[setup reg-reg] _20174_/Q -> _18463_/D : -9.654235
[setup reg-reg] _20174_/Q -> _18478_/D : -9.643447
[setup reg-reg] _20174_/Q -> _18487_/D : -9.642676
[setup reg-reg] _20174_/Q -> _18471_/D : -9.641293
[setup reg-reg] _20174_/Q -> _18469_/D : -9.639606
[setup reg-reg] _20174_/Q -> _18479_/D : -9.637909
[setup reg-reg] _20015_/Q -> u_core.u_transform_scheduler_core.u_fft_scratch_sram.u_hi.u_sram/D[1] : -9.635491
[setup reg-reg] _20174_/Q -> _18282_/D : -9.635038
[setup reg-reg] _20174_/Q -> _18489_/D : -9.634338
[setup reg-reg] _20174_/Q -> _18289_/D : -9.633406
[setup reg-reg] _20174_/Q -> _18263_/D : -9.628009
[setup reg-reg] _20174_/Q -> _18285_/D : -9.627995
[setup reg-reg] _20174_/Q -> _18284_/D : -9.627099
[setup reg-reg] _20174_/Q -> _18454_/D : -9.625060
[setup reg-reg] _20174_/Q -> _18288_/D : -9.624745
[setup reg-reg] _20174_/Q -> _18481_/D : -9.624209
[setup reg-reg] _20174_/Q -> _18261_/D : -9.612678
[setup reg-reg] _20174_/Q -> _18262_/D : -9.611876
[setup reg-reg] _20174_/Q -> _18456_/D : -9.611027
[setup reg-reg] _20174_/Q -> _18265_/D : -9.609796
[setup reg-reg] _20015_/Q -> u_core.u_transform_scheduler_core.u_fft_scratch_sram.u_lo.u_sram/D[3] : -9.597755
[setup reg-reg] _18676_/Q -> _19290_/D : -9.555706
[setup reg-reg] _20174_/Q -> _18381_/D : -9.509437
[setup reg-reg] _20174_/Q -> _18482_/D : -9.500582
[setup reg-reg] _20015_/Q -> _18650_/D : -9.496855
[setup reg-reg] _20174_/Q -> _18573_/D : -9.494373
[setup reg-reg] _20174_/Q -> _18575_/D : -9.492329
[setup reg-reg] _20015_/Q -> _18645_/D : -9.481112
[setup reg-reg] _20174_/Q -> _18557_/D : -9.477317
[setup reg-reg] _20174_/Q -> _18836_/D : -9.457019
[setup reg-reg] _20174_/Q -> _18511_/D : -9.449077
[setup reg-reg] _20174_/Q -> _18838_/D : -9.445838
[setup reg-reg] _20174_/Q -> _18572_/D : -9.444364
[setup reg-reg] _20174_/Q -> _18333_/D : -9.438637
[setup reg-reg] _20174_/Q -> _18493_/D : -9.435898
[setup reg-reg] _20174_/Q -> _18491_/D : -9.429236
[setup reg-reg] _20174_/Q -> _18834_/D : -9.418761
[setup reg-reg] _20174_/Q -> _18278_/D : -9.418028
[setup reg-reg] _20174_/Q -> _18527_/D : -9.408929
[setup reg-reg] _20174_/Q -> _18332_/D : -9.408359
[setup reg-reg] _20174_/Q -> _18480_/D : -9.407588
[setup reg-reg] _20174_/Q -> _18495_/D : -9.405778
[setup reg-reg] _20174_/Q -> _18837_/D : -9.401371
[setup reg-reg] _20174_/Q -> _18304_/D : -9.401234
[setup reg-reg] _20174_/Q -> _18301_/D : -9.399877
[setup reg-reg] _20174_/Q -> _18303_/D : -9.398878
[setup reg-reg] _20174_/Q -> _18305_/D : -9.398365
[setup reg-reg] _20174_/Q -> _18300_/D : -9.395256
[setup reg-reg] _20174_/Q -> _18508_/D : -9.392657
[setup reg-reg] _20174_/Q -> _18384_/D : -9.392558
[setup reg-reg] _20174_/Q -> _18312_/D : -9.391712
[setup reg-reg] _20174_/Q -> _18525_/D : -9.387614
[setup reg-reg] _20174_/Q -> _18509_/D : -9.386953
[setup reg-reg] _20174_/Q -> _18833_/D : -9.386659
[setup reg-reg] _20174_/Q -> _18510_/D : -9.385516
[setup reg-reg] _20174_/Q -> _18353_/D : -9.382120
[setup reg-reg] _20174_/Q -> _18499_/D : -9.381889
[setup reg-reg] _20174_/Q -> _18311_/D : -9.379877
[setup reg-reg] _20174_/Q -> _18307_/D : -9.379544
[setup reg-reg] _20174_/Q -> _18335_/D : -9.377985
[setup reg-reg] _20174_/Q -> _18667_/D : -9.376688
[setup reg-reg] _20174_/Q -> _18310_/D : -9.365964
[setup reg-reg] _20174_/Q -> _18359_/D : -9.365696
[setup reg-reg] _20174_/Q -> _18504_/D : -9.365630
[setup reg-reg] _20174_/Q -> _18309_/D : -9.359543
[setup reg-reg] _20174_/Q -> _18349_/D : -9.357026
[setup reg-reg] _20174_/Q -> _18524_/D : -9.351061
[setup reg-reg] _20174_/Q -> _18459_/D : -9.348273
[setup reg-reg] _20174_/Q -> _18835_/D : -9.344276
[setup reg-reg] _20174_/Q -> _18543_/D : -9.341292
[setup reg-reg] _20174_/Q -> _18348_/D : -9.341150
[setup reg-reg] _20174_/Q -> _18336_/D : -9.327685
[setup reg-reg] _20174_/Q -> _18541_/D : -9.325830
[setup reg-reg] _20174_/Q -> _18264_/D : -9.303403
[setup reg-reg] _20174_/Q -> _18351_/D : -9.299398
[setup reg-reg] _20174_/Q -> _18562_/D : -9.293855
[setup reg-reg] _20174_/Q -> _18366_/D : -9.289944
[setup reg-reg] _20174_/Q -> _18365_/D : -9.288282
[setup reg-reg] _20015_/Q -> u_core.u_transform_scheduler_core.u_fft_scratch_sram.u_hi.u_sram/D[7] : -9.288082
[setup reg-reg] _20174_/Q -> _18370_/D : -9.285200
[setup reg-reg] _20174_/Q -> _18363_/D : -9.277219
[setup reg-reg] _20174_/Q -> _18367_/D : -9.276468
[setup reg-reg] _20174_/Q -> _18561_/D : -9.276123
[setup reg-reg] _20174_/Q -> _18574_/D : -9.273769
[setup reg-reg] _20174_/Q -> _18577_/D : -9.272878
[setup reg-reg] _20174_/Q -> _18368_/D : -9.270979
[setup reg-reg] _20174_/Q -> _18386_/D : -9.270339
[setup reg-reg] _20174_/Q -> _18378_/D : -9.268256
[setup reg-reg] _20174_/Q -> _18379_/D : -9.266426
[setup reg-reg] _20174_/Q -> _18383_/D : -9.266298
[setup reg-reg] _20174_/Q -> _18540_/D : -9.265897
[setup reg-reg] _20174_/Q -> _18260_/D : -9.265349
[setup reg-reg] _20174_/Q -> _18369_/D : -9.264958
[setup reg-reg] _20174_/Q -> _18382_/D : -9.264474
[setup reg-reg] _20174_/Q -> _18327_/D : -9.264449
[setup reg-reg] _20174_/Q -> _18578_/D : -9.263045
[setup reg-reg] _20174_/Q -> _18451_/D : -9.258799
[setup reg-reg] _20174_/Q -> _18576_/D : -9.258544
[setup reg-reg] _20174_/Q -> _18385_/D : -9.255430
[setup reg-reg] _20174_/Q -> _18559_/D : -9.254769
[setup reg-reg] _20174_/Q -> _18519_/D : -9.253239
[setup reg-reg] _20174_/Q -> _18364_/D : -9.252440
[setup reg-reg] _20174_/Q -> _18465_/D : -9.250286
[setup reg-reg] _20174_/Q -> _18352_/D : -9.249967
[setup reg-reg] _20174_/Q -> _18272_/D : -9.240253
[setup reg-reg] _20174_/Q -> _18556_/D : -9.240198
[setup reg-reg] _20174_/Q -> _18380_/D : -9.232229
[setup reg-reg] _20174_/Q -> _18560_/D : -9.231963
[setup reg-reg] _20174_/Q -> _18521_/D : -9.231688
[setup reg-reg] _20174_/Q -> _18537_/D : -9.229288
[setup reg-reg] _20174_/Q -> _18555_/D : -9.229286
[setup reg-reg] _20174_/Q -> _18317_/D : -9.229043
[setup reg-reg] _20174_/Q -> _18535_/D : -9.226772
[setup reg-reg] _20174_/Q -> _18461_/D : -9.224483
[setup reg-reg] _20174_/Q -> _18485_/D : -9.220510
[setup reg-reg] _20174_/Q -> _18513_/D : -9.219358
[setup reg-reg] _20174_/Q -> _18841_/D : -9.218832
[setup reg-reg] _20174_/Q -> _18318_/D : -9.217852
[setup reg-reg] _20174_/Q -> _18362_/D : -9.217211
[setup reg-reg] _20174_/Q -> _18328_/D : -9.215608
[setup reg-reg] _20174_/Q -> _18334_/D : -9.215284
[setup reg-reg] _20174_/Q -> _18322_/D : -9.214802
[setup reg-reg] _20174_/Q -> _18849_/D : -9.214610
[setup reg-reg] _20174_/Q -> _18315_/D : -9.213144
[setup reg-reg] _20174_/Q -> _18558_/D : -9.211824
[setup reg-reg] _20174_/Q -> _18486_/D : -9.211571
[setup reg-reg] _20174_/Q -> _18847_/D : -9.211194
[setup reg-reg] _20174_/Q -> _18512_/D : -9.210875
[setup reg-reg] _20174_/Q -> _18507_/D : -9.208923
[setup reg-reg] _20174_/Q -> _18292_/D : -9.208039
[setup reg-reg] _20174_/Q -> _18320_/D : -9.207623
[setup reg-reg] _20174_/Q -> _18530_/D : -9.205072
[setup reg-reg] _20174_/Q -> _18314_/D : -9.203816
[setup reg-reg] _20174_/Q -> _18319_/D : -9.203476
[setup reg-reg] _20174_/Q -> _18547_/D : -9.203231
[setup reg-reg] _20174_/Q -> _18514_/D : -9.201158
[setup reg-reg] _20174_/Q -> _18321_/D : -9.200293
[setup reg-reg] _20015_/Q -> _18648_/D : -9.199251
[setup reg-reg] _20174_/Q -> _18548_/D : -9.198095
[setup reg-reg] _20174_/Q -> _18360_/D : -9.197091
[setup reg-reg] _20017_/Q -> u_core.u_transform_scheduler_core.u_fft_scratch_sram.u_lo.u_sram/D[5] : -9.195171
[setup reg-reg] _20174_/Q -> _18331_/D : -9.194297
[setup reg-reg] _20174_/Q -> _18291_/D : -9.192709
[setup reg-reg] _20174_/Q -> _18483_/D : -9.189768
[setup reg-reg] _20174_/Q -> _18842_/D : -9.189385
[setup reg-reg] _20174_/Q -> _18344_/D : -9.188485
[setup reg-reg] _20174_/Q -> _18528_/D : -9.188412
[setup reg-reg] _20174_/Q -> _18554_/D : -9.187119
[setup reg-reg] _20174_/Q -> _18550_/D : -9.186830
[setup reg-reg] _20174_/Q -> _18273_/D : -9.186131
[setup reg-reg] _20174_/Q -> _18297_/D : -9.183372
[setup reg-reg] _20174_/Q -> _18316_/D : -9.180356
[setup reg-reg] _20174_/Q -> _18293_/D : -9.178919
[setup reg-reg] _20174_/Q -> _18294_/D : -9.176373
[setup reg-reg] _20174_/Q -> _18358_/D : -9.175242
[setup reg-reg] _20174_/Q -> _18848_/D : -9.174967
[setup reg-reg] _20174_/Q -> _18361_/D : -9.172475
[setup reg-reg] _20174_/Q -> _18552_/D : -9.171890
[setup reg-reg] _20174_/Q -> _18355_/D : -9.168822
[setup reg-reg] _20174_/Q -> _18452_/D : -9.160980
[setup reg-reg] _20174_/Q -> _18357_/D : -9.158651
[setup reg-reg] _20174_/Q -> _18605_/D : -9.156788
[setup reg-reg] _20174_/Q -> _18846_/D : -9.154599
[setup reg-reg] _20174_/Q -> _18844_/D : -9.152213
[setup reg-reg] _20174_/Q -> _18843_/D : -9.151464
[setup reg-reg] _20174_/Q -> _18845_/D : -9.149879
[setup reg-reg] _20174_/Q -> _18553_/D : -9.148943
[setup reg-reg] _20174_/Q -> _18551_/D : -9.148012
[setup reg-reg] _20174_/Q -> _18356_/D : -9.147332
[setup reg-reg] _20174_/Q -> _18516_/D : -9.147135
[setup reg-reg] _20174_/Q -> _18330_/D : -9.146531
[setup reg-reg] _20174_/Q -> _18259_/D : -9.141111
[setup reg-reg] _20174_/Q -> _18549_/D : -9.139240
[setup reg-reg] _20174_/Q -> _18324_/D : -9.130847
[setup reg-reg] _20174_/Q -> _18347_/D : -9.127152
[setup reg-reg] _20174_/Q -> _18346_/D : -9.123092
[setup reg-reg] _20174_/Q -> _18542_/D : -9.121720
[setup reg-reg] _20174_/Q -> _18338_/D : -9.116045
[setup reg-reg] _20174_/Q -> _18546_/D : -9.114929
[setup reg-reg] _20174_/Q -> _18529_/D : -9.111551
[setup reg-reg] _20174_/Q -> _18399_/D : -9.111272
[setup reg-reg] _20174_/Q -> _18323_/D : -9.111035
[setup reg-reg] _20174_/Q -> _18858_/D : -9.109423
[setup reg-reg] _20174_/Q -> _18545_/D : -9.106583
[setup reg-reg] _20174_/Q -> _18589_/D : -9.106511
[setup reg-reg] _20174_/Q -> _18526_/D : -9.103367
[setup reg-reg] _20174_/Q -> _18518_/D : -9.102985
[setup reg-reg] _20174_/Q -> _18325_/D : -9.101756
[setup reg-reg] _20174_/Q -> _18337_/D : -9.099399
[setup reg-reg] _20174_/Q -> _18840_/D : -9.097230
[setup reg-reg] _20174_/Q -> _18397_/D : -9.096913
[setup reg-reg] _20174_/Q -> _18839_/D : -9.092661
[setup reg-reg] _20174_/Q -> _18522_/D : -9.091483
[setup reg-reg] _20174_/Q -> _18401_/D : -9.088791
[setup reg-reg] _20174_/Q -> _18523_/D : -9.084193
[setup reg-reg] _20174_/Q -> _18329_/D : -9.082369
[setup reg-reg] _20174_/Q -> _18520_/D : -9.077931
[setup reg-reg] _20174_/Q -> _18532_/D : -9.076100
[setup reg-reg] _20174_/Q -> _18326_/D : -9.074178
[setup reg-reg] _20174_/Q -> _18517_/D : -9.060010
[setup reg-reg] _20174_/Q -> _18515_/D : -9.059689
[setup reg-reg] _20174_/Q -> _18502_/D : -9.053141
[setup reg-reg] _20174_/Q -> _18506_/D : -9.052844
[setup reg-reg] _20174_/Q -> _18534_/D : -9.050097
[setup reg-reg] _20174_/Q -> _18313_/D : -9.049298
[setup reg-reg] _20174_/Q -> _18308_/D : -9.049100
[setup reg-reg] _20174_/Q -> _18400_/D : -9.045540
[setup reg-reg] _20174_/Q -> _18339_/D : -9.043921
[setup reg-reg] _20174_/Q -> _18531_/D : -9.042348
[setup reg-reg] _20174_/Q -> _18596_/D : -9.037128
[setup reg-reg] _20174_/Q -> _18404_/D : -9.036272
[setup reg-reg] _20174_/Q -> _18500_/D : -9.035376
[setup reg-reg] _20174_/Q -> _18602_/D : -9.034297
[setup reg-reg] _20174_/Q -> _18354_/D : -9.030411
[setup reg-reg] _20174_/Q -> _18595_/D : -9.029734
[setup reg-reg] _20174_/Q -> _18598_/D : -9.028259
[setup reg-reg] _20015_/Q -> u_core.u_transform_scheduler_core.u_fft_scratch_sram.u_hi.u_sram/D[4] : -9.028199
[setup reg-reg] _20174_/Q -> _18350_/D : -9.026725
[setup reg-reg] _20174_/Q -> _18396_/D : -9.024065
[setup reg-reg] _20174_/Q -> _18503_/D : -9.023392
[setup reg-reg] _20174_/Q -> _18407_/D : -9.022552
[setup reg-reg] _20174_/Q -> _18501_/D : -9.022424
[setup reg-reg] _20174_/Q -> _18403_/D : -9.021996
[setup reg-reg] _20174_/Q -> _18533_/D : -9.020978
[setup reg-reg] _20174_/Q -> _18408_/D : -9.020949
[setup reg-reg] _20174_/Q -> _18418_/D : -9.019967
[setup reg-reg] _20174_/Q -> _18600_/D : -9.017205
[setup reg-reg] _20174_/Q -> _18392_/D : -9.014296
[setup reg-reg] _20174_/Q -> _18539_/D : -9.013697
[setup reg-reg] _20174_/Q -> _18599_/D : -9.013656
[setup reg-reg] _20174_/Q -> _18597_/D : -9.013242
[setup reg-reg] _20174_/Q -> _18340_/D : -9.012256
[setup reg-reg] _20174_/Q -> _18544_/D : -9.010995
[setup reg-reg] _20174_/Q -> _18538_/D : -9.010853
[setup reg-reg] _20174_/Q -> _18343_/D : -9.010036
[setup reg-reg] _20174_/Q -> _18505_/D : -9.009487
[setup reg-reg] _20174_/Q -> _18345_/D : -9.008927
[setup reg-reg] _20174_/Q -> _18405_/D : -9.007513
[setup reg-reg] _20174_/Q -> _18342_/D : -9.004314
[setup reg-reg] _20174_/Q -> _18536_/D : -8.999939
[setup reg-reg] _20174_/Q -> _18583_/D : -8.996881
[setup reg-reg] _20174_/Q -> _18409_/D : -8.996675
[setup reg-reg] _20174_/Q -> _18585_/D : -8.995619
[setup reg-reg] _20174_/Q -> _18341_/D : -8.993757
[setup reg-reg] _20174_/Q -> _18603_/D : -8.979339
[setup reg-reg] _20174_/Q -> _18601_/D : -8.972883
[setup reg-reg] _20174_/Q -> _18610_/D : -8.971930
[setup reg-reg] _20174_/Q -> _18414_/D : -8.970336
[setup reg-reg] _20174_/Q -> _18417_/D : -8.963138
[setup reg-reg] _20174_/Q -> _18592_/D : -8.962851
[setup reg-reg] _20174_/Q -> _18411_/D : -8.957719
[setup reg-reg] _20174_/Q -> _18608_/D : -8.956759
[setup reg-reg] _20174_/Q -> _18579_/D : -8.952524
[setup reg-reg] _20174_/Q -> _18609_/D : -8.952166
[setup reg-reg] _20174_/Q -> _18606_/D : -8.950277
[setup reg-reg] _20174_/Q -> _18406_/D : -8.949862
[setup reg-reg] _20174_/Q -> _20028_/D : -8.948602
[setup reg-reg] _20174_/Q -> _18410_/D : -8.946691
[setup reg-reg] _20174_/Q -> _18580_/D : -8.938836
[setup reg-reg] _20174_/Q -> _18604_/D : -8.935785
[setup reg-reg] _20174_/Q -> _18388_/D : -8.929947
[setup reg-reg] _20174_/Q -> _18413_/D : -8.929698
[setup reg-reg] _20174_/Q -> _18391_/D : -8.929601
[setup reg-reg] _20174_/Q -> _18415_/D : -8.929373
[setup reg-reg] _20174_/Q -> _18412_/D : -8.929247
[setup reg-reg] _20174_/Q -> _18586_/D : -8.927828
[setup reg-reg] _18677_/Q -> _19328_/D : -8.927177
[setup reg-reg] _20174_/Q -> _18395_/D : -8.925799
[setup reg-reg] _20174_/Q -> _18393_/D : -8.924687
[setup reg-reg] _20174_/Q -> _18398_/D : -8.919865
[setup reg-reg] _20174_/Q -> _18416_/D : -8.919037
[setup reg-reg] _20174_/Q -> _18594_/D : -8.918383
[setup reg-reg] _20174_/Q -> _18394_/D : -8.917860
[setup reg-reg] _20174_/Q -> _18387_/D : -8.917784
[setup reg-reg] _20174_/Q -> _18581_/D : -8.916990
[setup reg-reg] _20174_/Q -> _18588_/D : -8.916640
[setup reg-reg] _20174_/Q -> _18593_/D : -8.916167
[setup reg-reg] _20174_/Q -> _18390_/D : -8.915545
[setup reg-reg] _20174_/Q -> _18582_/D : -8.911322
[setup reg-reg] _20174_/Q -> _18607_/D : -8.911093
[setup reg-reg] _20174_/Q -> _18590_/D : -8.903608
[setup reg-reg] _20174_/Q -> _18584_/D : -8.903495
[setup reg-reg] _20174_/Q -> _18402_/D : -8.897923
[setup reg-reg] _20174_/Q -> _18389_/D : -8.892480
[setup reg-reg] _20174_/Q -> _18587_/D : -8.887140
[setup reg-reg] _20174_/Q -> _18591_/D : -8.848938
[setup reg-reg] _18677_/Q -> _19310_/D : -8.815606
[setup reg-reg] _20174_/Q -> _20065_/D : -8.806170
[setup reg-reg] _20015_/Q -> u_core.u_transform_scheduler_core.u_fft_scratch_sram.u_hi.u_sram/D[5] : -8.802623
[setup reg-reg] _20174_/Q -> _20035_/D : -8.795237
[setup reg-reg] _20174_/Q -> _20029_/D : -8.776391
[setup reg-reg] _20174_/Q -> _20033_/D : -8.759855
[setup reg-reg] _20174_/Q -> _20062_/D : -8.756901
[setup reg-reg] _20174_/Q -> _20036_/D : -8.747613
[setup reg-reg] _20174_/Q -> _20064_/D : -8.737223
[setup reg-reg] _20174_/Q -> _20060_/D : -8.722442
[setup reg-reg] _18677_/Q -> _19327_/D : -8.708585
[setup reg-reg] _20174_/Q -> _18455_/D : -8.703460
[setup reg-reg] _20015_/Q -> _18656_/D : -8.679239
[setup reg-reg] _18677_/Q -> _19311_/D : -8.610673
[setup reg-reg] _20174_/Q -> _18429_/D : -8.567489
[setup reg-reg] _20174_/Q -> _18453_/D : -8.564767
[setup reg-reg] _20174_/Q -> _18612_/D : -8.537882
[setup reg-reg] _20174_/Q -> _18614_/D : -8.533360
[setup reg-reg] _20174_/Q -> _18431_/D : -8.531563
[setup reg-reg] _20174_/Q -> _18433_/D : -8.526655
[setup reg-reg] _20174_/Q -> _18611_/D : -8.519283
[setup reg-reg] _20174_/Q -> _18419_/D : -8.511787
[setup reg-reg] _20174_/Q -> _18619_/D : -8.508531
[setup reg-reg] _20174_/Q -> _18432_/D : -8.504014
[setup reg-reg] _20174_/Q -> _18622_/D : -8.503740
[setup reg-reg] _20174_/Q -> _18420_/D : -8.496591
[setup reg-reg] _20174_/Q -> _18613_/D : -8.496152
[setup reg-reg] _20174_/Q -> _18618_/D : -8.494602
[setup reg-reg] _20174_/Q -> _18424_/D : -8.490860
[setup reg-reg] _20174_/Q -> _18623_/D : -8.490391
[setup reg-reg] _20174_/Q -> _18422_/D : -8.488774
[setup reg-reg] _20174_/Q -> _18425_/D : -8.480914
[setup reg-reg] _20174_/Q -> _18421_/D : -8.477626
[setup reg-reg] _20174_/Q -> _18616_/D : -8.470750
[setup reg-reg] _20174_/Q -> _18620_/D : -8.457664
[setup reg-reg] _20174_/Q -> u_core.u_transform_scheduler_core.u_fft_scratch_sram.u_hi.u_sram/A[6] : -8.446744
[setup reg-reg] _20015_/Q -> u_core.u_transform_scheduler_core.u_fft_scratch_sram.u_lo.u_sram/D[7] : -8.443235
[setup reg-reg] _20174_/Q -> _18428_/D : -8.442434
[setup reg-reg] _20174_/Q -> _18617_/D : -8.409739
[setup reg-reg] _18677_/Q -> _19309_/D : -8.408051
[setup reg-reg] _20174_/Q -> u_core.u_transform_scheduler_core.u_fft_scratch_sram.u_lo.u_sram/A[6] : -8.405198
[setup reg-reg] _20174_/Q -> _18615_/D : -8.395120
[setup reg-reg] _20015_/Q -> _18647_/D : -8.392628
[setup reg-reg] _20015_/Q -> _18658_/D : -8.374740
[setup reg-reg] _20174_/Q -> _18423_/D : -8.361738
[setup reg-reg] _20174_/Q -> _18430_/D : -8.340784
[setup reg-reg] _20174_/Q -> _18626_/D : -8.325698
[setup reg-reg] _20174_/Q -> _19485_/D : -8.324790
[setup reg-reg] _20174_/Q -> _18427_/D : -8.316057
[setup reg-reg] _20174_/Q -> _18625_/D : -8.313808
[setup reg-reg] _20174_/Q -> _18434_/D : -8.303033
[setup reg-reg] _20174_/Q -> _18624_/D : -8.295990
[setup reg-reg] _20174_/Q -> _18621_/D : -8.280435
[setup reg-reg] _20174_/Q -> _18426_/D : -8.266858
[setup reg-reg] _20174_/Q -> _19487_/D : -8.254860
[setup reg-reg] _20174_/Q -> _19635_/D : -8.254005
[setup reg-reg] _20174_/Q -> _18652_/D : -8.240268
[setup reg-reg] _20174_/Q -> _20113_/D : -8.232091
[setup reg-reg] _20174_/Q -> u_core.u_transform_scheduler_core.u_fft_scratch_sram.u_lo.u_sram/A[4] : -8.230917
[setup reg-reg] _20174_/Q -> _19633_/D : -8.196803
[setup reg-reg] _20015_/Q -> u_core.u_transform_scheduler_core.u_fft_scratch_sram.u_lo.u_sram/D[2] : -8.183783
[setup reg-reg] _20174_/Q -> u_core.u_transform_scheduler_core.u_fft_scratch_sram.u_hi.u_sram/A[4] : -8.169938
[setup reg-reg] _20174_/Q -> _18651_/D : -8.122742
[setup reg-reg] _20174_/Q -> _18653_/D : -8.109128
[setup reg-reg] _20174_/Q -> _18654_/D : -8.093888
[setup reg-reg] _20174_/Q -> _18655_/D : -8.091755
[setup reg-reg] _20174_/Q -> _18657_/D : -8.057105
[setup reg-reg] _20174_/Q -> _19506_/D : -7.932808
[setup reg-reg] _20174_/Q -> u_core.u_transform_scheduler_core.u_fft_scratch_sram.u_lo.u_sram/A[5] : -7.907479
[setup reg-reg] _18677_/Q -> _19326_/D : -7.902223
[setup reg-reg] _20174_/Q -> u_core.u_transform_scheduler_core.u_fft_scratch_sram.u_hi.u_sram/A[5] : -7.861939
[setup reg-reg] _20015_/Q -> _18649_/D : -7.777274
[setup reg-reg] _20174_/Q -> _19664_/D : -7.768959
[setup reg-reg] _20174_/Q -> u_core.u_transform_scheduler_core.u_fft_scratch_sram.u_hi.u_sram/A[7] : -7.741306
[setup reg-reg] _20174_/Q -> u_core.u_transform_scheduler_core.u_fft_scratch_sram.u_lo.u_sram/A[7] : -7.651673
[setup reg-reg] _20174_/Q -> u_core.u_transform_scheduler_core.u_fft_scratch_sram.u_hi.u_sram/A[1] : -7.650938
[setup reg-reg] _20174_/Q -> u_core.u_transform_scheduler_core.u_fft_scratch_sram.u_lo.u_sram/A[1] : -7.618905
[setup reg-reg] _20174_/Q -> u_core.u_transform_scheduler_core.u_fft_scratch_sram.u_hi.u_sram/A[2] : -7.599894
[setup reg-reg] _20174_/Q -> u_core.u_transform_scheduler_core.u_fft_scratch_sram.u_lo.u_sram/A[3] : -7.568318
[setup reg-reg] _20174_/Q -> u_core.u_transform_scheduler_core.u_fft_scratch_sram.u_lo.u_sram/A[2] : -7.557233
[setup reg-reg] _20174_/Q -> u_core.u_transform_scheduler_core.u_fft_scratch_sram.u_hi.u_sram/A[3] : -7.469579
[setup reg-reg] _20174_/Q -> u_core.u_transform_scheduler_core.u_fft_scratch_sram.u_lo.u_sram/A[0] : -7.376528
[setup reg-reg] _20174_/Q -> u_core.u_transform_scheduler_core.u_fft_scratch_sram.u_hi.u_sram/A[0] : -7.362854
[setup reg-reg] _18677_/Q -> _19325_/D : -7.214794
[setup reg-reg] _18677_/Q -> _19308_/D : -7.142848
[setup reg-reg] _20174_/Q -> u_core.u_transform_scheduler_core.u_fft_scratch_sram.u_lo.u_sram/GWEN : -7.131600
[setup reg-reg] _20174_/Q -> _19655_/D : -7.120969
[setup reg-reg] _20174_/Q -> u_core.u_transform_scheduler_core.u_fft_scratch_sram.u_hi.u_sram/GWEN : -7.041095
[setup reg-reg] _20174_/Q -> _18820_/D : -7.036610
[setup reg-reg] _20174_/Q -> _18817_/D : -7.020846
[setup reg-reg] _20174_/Q -> _18810_/D : -7.019766
[setup reg-reg] _20174_/Q -> _18952_/D : -7.017962
[setup reg-reg] _20174_/Q -> _18806_/D : -7.012632
[setup reg-reg] _20174_/Q -> _18816_/D : -7.010879
[setup reg-reg] _20174_/Q -> _18818_/D : -7.010520
[setup reg-reg] _20174_/Q -> _18809_/D : -7.009950
[setup reg-reg] _20174_/Q -> _18953_/D : -7.008927
[setup reg-reg] _20174_/Q -> _18814_/D : -7.001539
[setup reg-reg] _20174_/Q -> _18815_/D : -7.000482
[setup reg-reg] _20174_/Q -> _18808_/D : -6.998919
[setup reg-reg] _20174_/Q -> _18805_/D : -6.997118
[setup reg-reg] _20174_/Q -> _18813_/D : -6.993485
[setup reg-reg] _20174_/Q -> _18951_/D : -6.988305
[setup reg-reg] _20174_/Q -> _18950_/D : -6.987783
[setup reg-reg] _20174_/Q -> _18819_/D : -6.983228
[setup reg-reg] _20174_/Q -> _18822_/D : -6.981525
[setup reg-reg] _20174_/Q -> _18811_/D : -6.979512
[setup reg-reg] _20174_/Q -> _18812_/D : -6.975919
[setup reg-reg] _20174_/Q -> _18832_/D : -6.972503
[setup reg-reg] _20174_/Q -> _18807_/D : -6.972339
[setup reg-reg] _20174_/Q -> _18857_/D : -6.970520
[setup reg-reg] _20174_/Q -> _18831_/D : -6.960891
[setup reg-reg] _20174_/Q -> _18821_/D : -6.954087
[setup reg-reg] _20174_/Q -> _18823_/D : -6.950902
[setup reg-reg] _20174_/Q -> _18850_/D : -6.928499
[setup reg-reg] _20174_/Q -> _18824_/D : -6.921710
[setup reg-reg] _20174_/Q -> _18829_/D : -6.915633
[setup reg-reg] _20174_/Q -> _18851_/D : -6.896118
[setup reg-reg] _20174_/Q -> _18852_/D : -6.888613
[setup reg-reg] _20174_/Q -> _18825_/D : -6.877958
[setup reg-reg] _20174_/Q -> _18830_/D : -6.877414
[setup reg-reg] _20174_/Q -> _18827_/D : -6.871128
[setup reg-reg] _20174_/Q -> _18856_/D : -6.857386
[setup reg-reg] _20174_/Q -> _18828_/D : -6.856359
[setup reg-reg] _20174_/Q -> _18853_/D : -6.853814
[setup reg-reg] _20174_/Q -> _18946_/D : -6.852467
[setup reg-reg] _20174_/Q -> _19449_/D : -6.849463
[setup reg-reg] _20174_/Q -> _18826_/D : -6.842415
[setup reg-reg] _20174_/Q -> _18855_/D : -6.840931
[setup reg-reg] _18677_/Q -> _19324_/D : -6.823140
[setup reg-reg] _20174_/Q -> _18948_/D : -6.817253
[setup reg-reg] _20174_/Q -> _18949_/D : -6.814769
[setup reg-reg] _20174_/Q -> _18947_/D : -6.807227
[setup reg-reg] _20174_/Q -> _18854_/D : -6.806442
[setup reg-reg] _20174_/Q -> _19648_/D : -6.602388
[setup reg-reg] _20174_/Q -> _19488_/D : -6.491711
[setup reg-reg] _20174_/Q -> u_core.u_transform_scheduler_core.u_fft_scratch_sram.u_lo.u_sram/WEN[1] : -6.490652
[setup reg-reg] _20174_/Q -> u_core.u_transform_scheduler_core.u_fft_scratch_sram.u_lo.u_sram/WEN[2] : -6.490644
[setup reg-reg] _20174_/Q -> u_core.u_transform_scheduler_core.u_fft_scratch_sram.u_lo.u_sram/WEN[0] : -6.490618
[setup reg-reg] _20174_/Q -> u_core.u_transform_scheduler_core.u_fft_scratch_sram.u_lo.u_sram/WEN[3] : -6.490252
[setup reg-reg] _20174_/Q -> u_core.u_transform_scheduler_core.u_fft_scratch_sram.u_lo.u_sram/WEN[4] : -6.487556
[setup reg-reg] _20174_/Q -> u_core.u_transform_scheduler_core.u_fft_scratch_sram.u_lo.u_sram/WEN[5] : -6.486486
[setup reg-reg] _20174_/Q -> u_core.u_transform_scheduler_core.u_fft_scratch_sram.u_lo.u_sram/WEN[6] : -6.486479
[setup reg-reg] _20174_/Q -> u_core.u_transform_scheduler_core.u_fft_scratch_sram.u_lo.u_sram/WEN[7] : -6.482502
[setup reg-reg] _20174_/Q -> _19489_/D : -6.448447
[setup reg-reg] _20174_/Q -> _19463_/D : -6.447747
[setup reg-reg] _20174_/Q -> u_core.u_transform_scheduler_core.u_fft_scratch_sram.u_hi.u_sram/WEN[5] : -6.401178
[setup reg-reg] _20174_/Q -> u_core.u_transform_scheduler_core.u_fft_scratch_sram.u_hi.u_sram/WEN[6] : -6.401171
[setup reg-reg] _20174_/Q -> u_core.u_transform_scheduler_core.u_fft_scratch_sram.u_hi.u_sram/WEN[7] : -6.401114
[setup reg-reg] _20174_/Q -> u_core.u_transform_scheduler_core.u_fft_scratch_sram.u_hi.u_sram/WEN[4] : -6.400695
[setup reg-reg] _20174_/Q -> u_core.u_transform_scheduler_core.u_fft_scratch_sram.u_hi.u_sram/WEN[3] : -6.398438
[setup reg-reg] _20174_/Q -> _19451_/D : -6.398168
[setup reg-reg] _20174_/Q -> u_core.u_transform_scheduler_core.u_fft_scratch_sram.u_hi.u_sram/WEN[1] : -6.397448
[setup reg-reg] _20174_/Q -> u_core.u_transform_scheduler_core.u_fft_scratch_sram.u_hi.u_sram/WEN[2] : -6.397441
[setup reg-reg] _20174_/Q -> u_core.u_transform_scheduler_core.u_fft_scratch_sram.u_hi.u_sram/WEN[0] : -6.395112
[setup reg-reg] _20174_/Q -> _19638_/D : -6.361315
[setup reg-reg] _20174_/Q -> _19469_/D : -6.344422
[setup reg-reg] _20174_/Q -> _19467_/D : -6.338144
[setup reg-reg] _20174_/Q -> _19471_/D : -6.295425
[setup reg-reg] _20174_/Q -> _19475_/D : -6.295167
[setup reg-reg] _20174_/Q -> _18945_/D : -6.291471
[setup reg-reg] _20174_/Q -> _18873_/D : -6.278512
[setup reg-reg] _20174_/Q -> _19453_/D : -6.275355
[setup reg-reg] _20174_/Q -> _19455_/D : -6.273545
[setup reg-reg] _20174_/Q -> _19462_/D : -6.255199
[setup reg-reg] _20174_/Q -> _19461_/D : -6.243584
[setup reg-reg] _20174_/Q -> _18875_/D : -6.236928
[setup reg-reg] _20174_/Q -> _18882_/D : -6.229805
[setup reg-reg] _20174_/Q -> _19642_/D : -6.217606
[setup reg-reg] _20174_/Q -> _19470_/D : -6.203095
[setup reg-reg] _20174_/Q -> _19466_/D : -6.194057
[setup reg-reg] _20174_/Q -> _19457_/D : -6.178926
[setup reg-reg] _18677_/Q -> _19307_/D : -6.155290
[setup reg-reg] _20174_/Q -> _19452_/D : -6.153153
[setup reg-reg] _20174_/Q -> _19459_/D : -6.148213
[setup reg-reg] _20174_/Q -> _19474_/D : -6.147454
[setup reg-reg] _20174_/Q -> _19473_/D : -6.136014
[setup reg-reg] _20174_/Q -> _19468_/D : -6.124825
[setup reg-reg] _20174_/Q -> _19456_/D : -6.124273
[setup reg-reg] _20174_/Q -> _19450_/D : -6.113076
[setup reg-reg] _20174_/Q -> _19465_/D : -6.109071
[setup reg-reg] _20174_/Q -> _19479_/D : -6.101489
[setup reg-reg] _20174_/Q -> _19472_/D : -6.099388
[setup reg-reg] _20174_/Q -> _19454_/D : -6.081722
[setup reg-reg] _20174_/Q -> _19478_/D : -6.081562
[setup reg-reg] _20174_/Q -> _20102_/D : -6.074506
[setup reg-reg] _20174_/Q -> _19476_/D : -6.071197
[setup reg-reg] _20174_/Q -> _19464_/D : -6.067987
[setup reg-reg] _20174_/Q -> _18884_/D : -6.062095
[setup reg-reg] _20174_/Q -> _19480_/D : -6.057903
[setup reg-reg] _20174_/Q -> _19458_/D : -6.053034
[setup reg-reg] _20174_/Q -> _19460_/D : -5.993844
[setup reg-reg] _20174_/Q -> _18955_/D : -5.989106
[setup reg-reg] _20174_/Q -> _18872_/D : -5.978890
[setup reg-reg] _20174_/Q -> _18878_/D : -5.926891
[setup reg-reg] _20174_/Q -> _20105_/D : -5.921429
[setup reg-reg] _20174_/Q -> _18957_/D : -5.918727
[setup reg-reg] _20174_/Q -> _18881_/D : -5.879890
[setup reg-reg] _20174_/Q -> _19636_/D : -5.852707
[setup reg-reg] _20174_/Q -> _18704_/D : -5.850835
[setup reg-reg] _20174_/Q -> _19658_/D : -5.844196
[setup reg-reg] _20174_/Q -> _18726_/D : -5.831446
[setup reg-reg] _18677_/Q -> _19323_/D : -5.825815
[setup reg-reg] _20174_/Q -> _18705_/D : -5.824438
[setup reg-reg] _20174_/Q -> _18722_/D : -5.797626
[setup reg-reg] _20174_/Q -> _20107_/D : -5.795677
[setup reg-reg] _20174_/Q -> _18712_/D : -5.792700
[setup reg-reg] _20174_/Q -> _18728_/D : -5.789142
[setup reg-reg] _20174_/Q -> _18724_/D : -5.787582
[setup reg-reg] _20174_/Q -> _18721_/D : -5.777079
[setup reg-reg] _20174_/Q -> _18723_/D : -5.769709
[setup reg-reg] _20174_/Q -> _18725_/D : -5.768705
[setup reg-reg] _20174_/Q -> _18708_/D : -5.752451
[setup reg-reg] _20174_/Q -> _18711_/D : -5.738674
[setup reg-reg] _20174_/Q -> _18709_/D : -5.738167
[setup reg-reg] _20174_/Q -> _18706_/D : -5.737471
[setup reg-reg] _20174_/Q -> _18727_/D : -5.736531
[setup reg-reg] _20174_/Q -> _18707_/D : -5.735064
[setup reg-reg] _20174_/Q -> _18710_/D : -5.732947
[setup reg-reg] _20174_/Q -> _18717_/D : -5.727790
[setup reg-reg] _20174_/Q -> _19657_/D : -5.724125
[setup reg-reg] _20174_/Q -> _18697_/D : -5.717727
[setup reg-reg] _20174_/Q -> _18719_/D : -5.717358
[setup reg-reg] _20174_/Q -> _18713_/D : -5.715179
[setup reg-reg] _20174_/Q -> _18700_/D : -5.712448
[setup reg-reg] _20174_/Q -> _18720_/D : -5.709277
[setup reg-reg] _20174_/Q -> _18698_/D : -5.708067
[setup reg-reg] _20174_/Q -> _18699_/D : -5.704539
[setup reg-reg] _20174_/Q -> _18714_/D : -5.698157
[setup reg-reg] _20174_/Q -> _18715_/D : -5.693101
[setup reg-reg] _20174_/Q -> _18703_/D : -5.691945
[setup reg-reg] _20174_/Q -> _18702_/D : -5.677295
[setup reg-reg] _20174_/Q -> _18701_/D : -5.665905
[setup reg-reg] _20174_/Q -> _18718_/D : -5.665182
[setup reg-reg] _20174_/Q -> _20112_/D : -5.664269
[setup reg-reg] _20174_/Q -> _18716_/D : -5.663056
[setup reg-reg] _18677_/Q -> _19306_/D : -5.651174
[setup reg-reg] _20160_/Q -> _19038_/D : -5.646791
[setup reg-reg] _20174_/Q -> _19641_/D : -5.544177
[setup reg-reg] _20174_/Q -> _19659_/D : -5.498755
[setup reg-reg] _20174_/Q -> _20161_/D : -5.437668
[setup reg-reg] _20174_/Q -> _19637_/D : -5.390039
[setup reg-reg] _20174_/Q -> _18866_/D : -5.388959
[setup reg-reg] _20174_/Q -> _19639_/D : -5.324251
[setup reg-reg] _20174_/Q -> _19653_/D : -5.279464
[setup reg-reg] _20174_/Q -> _19640_/D : -5.264585
[setup reg-reg] _20174_/Q -> _18956_/D : -5.237229
[setup reg-reg] _20174_/Q -> _18874_/D : -5.175247
[setup reg-reg] _20174_/Q -> _18879_/D : -5.150529
[setup reg-reg] _20174_/Q -> _18867_/D : -5.146369
[setup reg-reg] _20174_/Q -> _18868_/D : -5.125669
[setup reg-reg] _20174_/Q -> _18880_/D : -5.120061
[setup reg-reg] _20174_/Q -> _19509_/D : -5.114384
[setup reg-reg] _20174_/Q -> _18883_/D : -5.113725
[setup reg-reg] _20174_/Q -> _18870_/D : -5.112572
[setup reg-reg] _20174_/Q -> _18877_/D : -5.110147
[setup reg-reg] _20174_/Q -> _19650_/D : -5.102334
[setup reg-reg] _20174_/Q -> _18869_/D : -5.090764
[setup reg-reg] _20174_/Q -> _18871_/D : -5.072686
[setup reg-reg] _20174_/Q -> _18865_/D : -5.023767
[setup reg-reg] _20174_/Q -> _20240_/D : -4.984662
[setup reg-reg] _20174_/Q -> _20208_/D : -4.984054
[setup reg-reg] _20174_/Q -> _20207_/D : -4.983406
[setup reg-reg] _20174_/Q -> _20241_/D : -4.979878
[setup reg-reg] _20174_/Q -> _20242_/D : -4.979839
[setup reg-reg] _20174_/Q -> _20206_/D : -4.962997
[setup reg-reg] _20174_/Q -> _20193_/D : -4.960514
[setup reg-reg] _20174_/Q -> _19511_/D : -4.959709
[setup reg-reg] _20174_/Q -> _18876_/D : -4.958007
[setup reg-reg] _20174_/Q -> _20210_/D : -4.957322
[setup reg-reg] _20174_/Q -> _20238_/D : -4.955915
[setup reg-reg] _20174_/Q -> _20211_/D : -4.953454
[setup reg-reg] _20174_/Q -> _20212_/D : -4.948218
[setup reg-reg] _20174_/Q -> _20181_/D : -4.943718
[setup reg-reg] _20174_/Q -> _20183_/D : -4.942946
[setup reg-reg] _20174_/Q -> _20209_/D : -4.942859
[setup reg-reg] _20174_/Q -> _19510_/D : -4.942842
[setup reg-reg] _20174_/Q -> _20237_/D : -4.938070
[setup reg-reg] _20174_/Q -> _20227_/D : -4.936299
[setup reg-reg] _20174_/Q -> _20226_/D : -4.927763
[setup reg-reg] _20174_/Q -> _20239_/D : -4.924003
[setup reg-reg] _20174_/Q -> _20191_/D : -4.920324
[setup reg-reg] _20174_/Q -> _20236_/D : -4.915675
[setup reg-reg] _20174_/Q -> _20194_/D : -4.914510
[setup reg-reg] _20174_/Q -> _20180_/D : -4.908511
[setup reg-reg] _20174_/Q -> _19744_/D : -4.907284
[setup reg-reg] _20174_/Q -> _20196_/D : -4.906612
[setup reg-reg] _20174_/Q -> _19507_/D : -4.904484
[setup reg-reg] _20174_/Q -> _20213_/D : -4.903990
[setup reg-reg] _20174_/Q -> _20243_/D : -4.902523
[setup reg-reg] _20174_/Q -> _20197_/D : -4.899128
[setup reg-reg] _20174_/Q -> _20182_/D : -4.898793
[setup reg-reg] _20174_/Q -> _20223_/D : -4.898633
[setup reg-reg] _20174_/Q -> _20195_/D : -4.895865
[setup reg-reg] _20174_/Q -> _20200_/D : -4.890104
[setup reg-reg] _20174_/Q -> _20222_/D : -4.885877
[setup reg-reg] _20174_/Q -> _20235_/D : -4.882011
[setup reg-reg] _20174_/Q -> _20225_/D : -4.881805
[setup reg-reg] _20174_/Q -> _20199_/D : -4.878750
[setup reg-reg] _20174_/Q -> _20234_/D : -4.878192
[setup reg-reg] _20174_/Q -> _18795_/D : -4.877846
[setup reg-reg] _20174_/Q -> _19743_/D : -4.877212
[setup reg-reg] _20174_/Q -> _20233_/D : -4.877015
[setup reg-reg] _20174_/Q -> _20224_/D : -4.876917
[setup reg-reg] _20174_/Q -> _20201_/D : -4.874913
[setup reg-reg] _20174_/Q -> _20230_/D : -4.874579
[setup reg-reg] _20174_/Q -> _20221_/D : -4.872218
[setup reg-reg] _20174_/Q -> _20229_/D : -4.867747
[setup reg-reg] _20174_/Q -> _20215_/D : -4.865367
[setup reg-reg] _20174_/Q -> _20231_/D : -4.865154
[setup reg-reg] _20174_/Q -> _20228_/D : -4.862157
[setup reg-reg] _20174_/Q -> _20185_/D : -4.860740
[setup reg-reg] _20174_/Q -> _20214_/D : -4.854785
[setup reg-reg] _20160_/Q -> _19036_/D : -4.851277
[setup reg-reg] _20174_/Q -> _19667_/D : -4.849557
[setup reg-reg] _20174_/Q -> _20192_/D : -4.846045
[setup reg-reg] _20174_/Q -> _20218_/D : -4.845461
[setup reg-reg] _20174_/Q -> _20198_/D : -4.844642
[setup reg-reg] _20174_/Q -> _20187_/D : -4.840233
[setup reg-reg] _20174_/Q -> _20203_/D : -4.838563
[setup reg-reg] _20174_/Q -> _20184_/D : -4.837642
[setup reg-reg] _20174_/Q -> _20204_/D : -4.836094
[setup reg-reg] _20174_/Q -> _20220_/D : -4.835316
[setup reg-reg] _20174_/Q -> _19728_/D : -4.835277
[setup reg-reg] _20174_/Q -> _20216_/D : -4.835276
[setup reg-reg] _20174_/Q -> _20186_/D : -4.834655
[setup reg-reg] _20174_/Q -> _20205_/D : -4.832087
[setup reg-reg] _20174_/Q -> _20232_/D : -4.830914
[setup reg-reg] _18675_/Q -> _19340_/D : -4.826891
[setup reg-reg] _20174_/Q -> _20219_/D : -4.825980
[setup reg-reg] _20174_/Q -> _20188_/D : -4.804035
[setup reg-reg] _20174_/Q -> _20217_/D : -4.799789
[setup reg-reg] _20174_/Q -> _19508_/D : -4.796096
[setup reg-reg] _20174_/Q -> _20190_/D : -4.794533
[setup reg-reg] _20174_/Q -> _20189_/D : -4.791794
[setup reg-reg] _20174_/Q -> _19512_/D : -4.788362
[setup reg-reg] _18675_/Q -> _19333_/D : -4.787889
[setup reg-reg] _20174_/Q -> _19727_/D : -4.736196
[setup reg-reg] _20174_/Q -> _19669_/D : -4.704552
[setup reg-reg] _20174_/Q -> _20202_/D : -4.684287
[setup reg-reg] _18677_/Q -> _19305_/D : -4.676334
[setup reg-reg] _20174_/Q -> _19668_/D : -4.666818
[setup reg-reg] _20174_/Q -> _19665_/D : -4.619132
[setup reg-reg] _20174_/Q -> _20032_/D : -4.596412
[setup reg-reg] _20174_/Q -> _18942_/D : -4.584240
[setup reg-reg] _20174_/Q -> _19666_/D : -4.571119
[setup reg-reg] _18675_/Q -> _19343_/D : -4.555004
[setup reg-reg] _18677_/Q -> _19322_/D : -4.519001
[setup reg-reg] _20174_/Q -> _19670_/D : -4.508758
[setup reg-reg] _18675_/Q -> _19341_/D : -4.479123
[setup reg-reg] _20174_/Q -> _18941_/D : -4.453956
[setup reg-reg] _20160_/Q -> _19035_/D : -4.425635
[setup reg-reg] _20174_/Q -> _19486_/D : -4.424232
[setup reg-reg] _20174_/Q -> _18659_/D : -4.385976
[setup reg-reg] _18675_/Q -> _19334_/D : -4.370959
[setup reg-reg] _20174_/Q -> _18661_/D : -4.355512
[setup reg-reg] _20174_/Q -> _18664_/D : -4.340319
[setup reg-reg] _20174_/Q -> _18663_/D : -4.339574
[setup reg-reg] _20174_/Q -> _18665_/D : -4.339446
[setup reg-reg] _20174_/Q -> _18660_/D : -4.335409
[setup reg-reg] _20174_/Q -> _20031_/D : -4.335002
[setup reg-reg] _20174_/Q -> _18662_/D : -4.333938
[setup reg-reg] _18675_/Q -> _19350_/D : -4.296606
[setup reg-reg] _18675_/Q -> _19362_/D : -4.234435
[setup reg-reg] _18675_/Q -> _19359_/D : -4.218560
[setup reg-reg] _20174_/Q -> _19724_/D : -4.159180
[setup reg-reg] _20174_/Q -> _19742_/D : -4.152373
[setup reg-reg] _20174_/Q -> _19737_/D : -4.147225
[setup reg-reg] _20174_/Q -> _19738_/D : -4.145967
[setup reg-reg] _20174_/Q -> _19723_/D : -4.144392
[setup reg-reg] _20174_/Q -> _19739_/D : -4.139792
[setup reg-reg] _20174_/Q -> _19725_/D : -4.134792
[setup reg-reg] _20174_/Q -> _19726_/D : -4.131900
[setup reg-reg] _20174_/Q -> _18954_/D : -4.127394
[setup reg-reg] _20174_/Q -> _19741_/D : -4.120983
[setup reg-reg] _20174_/Q -> _19654_/D : -4.116380
[setup reg-reg] _20174_/Q -> _19719_/D : -4.112341
[setup reg-reg] _20174_/Q -> _19740_/D : -4.110959
[setup reg-reg] _20174_/Q -> _19722_/D : -4.097480
[setup reg-reg] _20174_/Q -> _19721_/D : -4.089758
[setup reg-reg] _18675_/Q -> _19344_/D : -4.045621
[setup reg-reg] _20174_/Q -> _20151_/D : -4.036295
[setup reg-reg] _20174_/Q -> _20153_/D : -4.010094
[setup reg-reg] _18677_/Q -> _19304_/D : -4.007182
[setup reg-reg] _20174_/Q -> _20154_/D : -3.998915
[setup reg-reg] _18675_/Q -> _19342_/D : -3.995652
[setup reg-reg] _18675_/Q -> _19358_/D : -3.977213
[setup reg-reg] _20174_/Q -> _20150_/D : -3.953884
[setup reg-reg] _20174_/Q -> _18943_/D : -3.937618
[setup reg-reg] _18675_/Q -> _19335_/D : -3.930165
[setup reg-reg] _18677_/Q -> _19321_/D : -3.903402
[setup reg-reg] _20174_/Q -> _20152_/D : -3.900265
[setup reg-reg] _20174_/Q -> _20155_/D : -3.879580
[setup reg-reg] _18675_/Q -> _19361_/D : -3.876501
[setup reg-out] _20174_/Q -> din_ready_o_OUT : -3.819745
[setup reg-reg] _20160_/Q -> _19045_/D : -3.804852
[setup reg-reg] _20174_/Q -> u_core.u_transform_scheduler_core.u_fft_scratch_sram.u_hi.u_sram/CEN : -3.783473
[setup reg-reg] _20174_/Q -> u_core.u_transform_scheduler_core.u_fft_scratch_sram.u_lo.u_sram/CEN : -3.778794
[setup reg-reg] _18675_/Q -> _19354_/D : -3.775590
[setup reg-reg] _18675_/Q -> _19353_/D : -3.768070
[setup reg-reg] _18675_/Q -> _19356_/D : -3.748248
[setup reg-reg] _20174_/Q -> _19505_/D : -3.743498
[setup reg-reg] _18675_/Q -> _19349_/D : -3.688921
[setup reg-reg] _20174_/Q -> _20111_/D : -3.685699
[setup reg-reg] _18675_/Q -> _19336_/D : -3.685537
[setup reg-reg] _20174_/Q -> _20128_/D : -3.666075
[setup reg-reg] _18675_/Q -> _19351_/D : -3.663278
[setup reg-reg] _18675_/Q -> _19360_/D : -3.653003
[setup reg-reg] _20174_/Q -> _20063_/D : -3.639249
[setup reg-reg] _18675_/Q -> _19352_/D : -3.592131
[setup reg-reg] _20174_/Q -> _20061_/D : -3.591158
[setup reg-reg] _18675_/Q -> _19338_/D : -3.577583
[setup reg-reg] _20160_/Q -> _19039_/D : -3.474973
[setup reg-reg] _18675_/Q -> _19348_/D : -3.463891
[setup reg-reg] _20174_/Q -> _19634_/D : -3.431302
[setup reg-reg] _18675_/Q -> _19347_/D : -3.424004
[setup reg-reg] _18675_/Q -> _19331_/D : -3.411733
[setup reg-reg] _18677_/Q -> _19320_/D : -3.406729
[setup reg-reg] _20174_/Q -> _18944_/D : -3.398791
[setup reg-reg] _18675_/Q -> _19339_/D : -3.276771
[setup reg-reg] _20160_/Q -> _19047_/D : -3.248932
[setup reg-reg] _18675_/Q -> _19357_/D : -3.194973
[setup reg-reg] _20174_/Q -> _20141_/D : -3.193442
[setup reg-reg] _18675_/Q -> _19330_/D : -3.165903
[setup reg-reg] _18675_/Q -> _19345_/D : -3.105104
[setup reg-reg] _20160_/Q -> _19042_/D : -3.101208
[setup reg-reg] _20174_/Q -> _18793_/D : -2.987415
[setup reg-reg] _20174_/Q -> _19671_/D : -2.977465
[setup reg-reg] _20174_/Q -> _19676_/D : -2.977272
[setup reg-reg] _20174_/Q -> _19677_/D : -2.970378
[setup reg-reg] _18675_/Q -> _19337_/D : -2.957371
[setup reg-reg] _18675_/Q -> _19355_/D : -2.902413
[setup reg-reg] _20174_/Q -> _18668_/D : -2.879452
[setup reg-reg] _20174_/Q -> _20018_/D : -2.870536
[setup reg-reg] _20174_/Q -> _19687_/D : -2.844193
[setup reg-reg] _20174_/Q -> _19686_/D : -2.837648
[setup reg-reg] _20174_/Q -> _19708_/D : -2.831756
[setup reg-reg] _20174_/Q -> _19706_/D : -2.829413
[setup reg-reg] _20174_/Q -> _19681_/D : -2.822949
[setup reg-reg] _20174_/Q -> _19704_/D : -2.819423
[setup reg-reg] _20174_/Q -> _20119_/D : -2.808992
[setup reg-reg] _20174_/Q -> _19705_/D : -2.808404
[setup reg-reg] _20174_/Q -> _19684_/D : -2.785558
[setup reg-reg] _20174_/Q -> _19701_/D : -2.783468
[setup reg-reg] _20174_/Q -> _19713_/D : -2.782647
[setup reg-reg] _20174_/Q -> _19699_/D : -2.774357
[setup reg-reg] _20174_/Q -> _19696_/D : -2.773113
[setup reg-reg] _20174_/Q -> _19646_/D : -2.773062
[setup reg-reg] _20174_/Q -> _19702_/D : -2.772341
[setup reg-reg] _20174_/Q -> _19683_/D : -2.771229
[setup reg-reg] _20174_/Q -> _19679_/D : -2.770323
[setup reg-reg] _20174_/Q -> _19712_/D : -2.768793
[setup reg-reg] _20174_/Q -> _19697_/D : -2.768441
[setup reg-reg] _20174_/Q -> _19698_/D : -2.768381
[setup reg-reg] _20174_/Q -> _19695_/D : -2.766168
[setup reg-reg] _20174_/Q -> _19730_/D : -2.765551
[setup reg-reg] _20174_/Q -> _19682_/D : -2.764283
[setup reg-reg] _20174_/Q -> _19700_/D : -2.762352
[setup reg-reg] _20174_/Q -> _19680_/D : -2.762004
[setup reg-reg] _20174_/Q -> _19703_/D : -2.753922
[setup reg-reg] _20174_/Q -> _19729_/D : -2.746514
[setup reg-reg] _20174_/Q -> _19652_/D : -2.745161
[setup reg-reg] _20174_/Q -> _18666_/D : -2.741318
[setup reg-reg] _20174_/Q -> _19734_/D : -2.740842
[setup reg-reg] _20174_/Q -> _19733_/D : -2.722510
[setup reg-reg] _20174_/Q -> _19714_/D : -2.720466
[setup reg-reg] _20174_/Q -> _19651_/D : -2.711088
[setup reg-reg] _20174_/Q -> _19627_/D : -2.705230
[setup reg-reg] _20174_/Q -> _18794_/D : -2.700093
[setup reg-reg] _20174_/Q -> _19685_/D : -2.681103
[setup reg-reg] _20174_/Q -> _20019_/D : -2.667440
[setup reg-reg] _18677_/Q -> _19303_/D : -2.641544
[setup reg-reg] _20174_/Q -> _20147_/D : -2.616956
[setup reg-reg] _20174_/Q -> _20149_/D : -2.615799
[setup reg-reg] _20174_/Q -> _20146_/D : -2.603983
[setup reg-reg] _20160_/Q -> _19029_/D : -2.564324
[setup reg-reg] _20174_/Q -> _20122_/D : -2.528919
[setup reg-reg] _20174_/Q -> _20148_/D : -2.526708
[setup reg-reg] _20160_/Q -> _20136_/D : -2.524381
[setup reg-reg] _20174_/Q -> _20109_/D : -2.507939
[setup reg-reg] _18677_/Q -> _19319_/D : -2.487314
[setup reg-reg] _20160_/Q -> _20135_/D : -2.452801
[setup reg-reg] _20174_/Q -> _20156_/D : -2.410394
[setup reg-reg] _20174_/Q -> _20129_/D : -2.354336
[setup reg-reg] _20174_/Q -> _20145_/D : -2.349303
[setup reg-reg] _20174_/Q -> _18747_/D : -2.318613
[setup reg-reg] _20174_/Q -> _18746_/D : -2.315323
[setup reg-reg] _20174_/Q -> _18745_/D : -2.272060
[setup reg-reg] _20174_/Q -> _20126_/D : -2.261235
[setup reg-reg] _20174_/Q -> _18752_/D : -2.247432
[setup reg-reg] _20174_/Q -> _18751_/D : -2.246473
[setup reg-reg] _20174_/Q -> _20247_/D : -2.243986
[setup reg-reg] _20174_/Q -> _18748_/D : -2.240499
[setup reg-reg] _20174_/Q -> _18750_/D : -2.238288
[setup reg-reg] _20174_/Q -> _20245_/D : -2.231811
[setup reg-reg] _20160_/Q -> _19037_/D : -2.228452
[setup reg-reg] _20174_/Q -> _18749_/D : -2.228045
[setup reg-reg] _20174_/Q -> _20246_/D : -2.224629
[setup reg-reg] _20174_/Q -> _20248_/D : -2.221391
[setup reg-reg] _20174_/Q -> _18692_/D : -2.213687
[setup reg-reg] _20174_/Q -> _20124_/D : -2.130179
[setup reg-reg] _20174_/Q -> _18683_/D : -2.095236
[setup reg-reg] _20160_/Q -> _19030_/D : -2.051447
[setup reg-reg] _20174_/Q -> _19046_/D : -2.026189
[setup reg-reg] _20160_/Q -> _19032_/D : -2.021656
[setup reg-reg] _20160_/Q -> _19028_/D : -2.006084
[setup reg-reg] _20160_/Q -> _19031_/D : -2.005617
[setup reg-reg] _20174_/Q -> _18755_/D : -1.993652
[setup reg-reg] _20174_/Q -> _18756_/D : -1.986608
[setup reg-reg] _20160_/Q -> _20137_/D : -1.983597
[setup reg-reg] _20174_/Q -> _18759_/D : -1.968992
[setup reg-reg] _20174_/Q -> _18757_/D : -1.968296
[setup reg-reg] _20174_/Q -> _18758_/D : -1.956209
[setup reg-reg] _20174_/Q -> _18761_/D : -1.955309
[setup reg-reg] _20174_/Q -> _18762_/D : -1.939890
[setup reg-reg] _20174_/Q -> _18753_/D : -1.936432
[setup reg-reg] _20174_/Q -> _18760_/D : -1.922409
[setup reg-reg] _20174_/Q -> _20138_/D : -1.896760
[setup reg-reg] _20174_/Q -> _18754_/D : -1.890255
[setup reg-reg] _20174_/Q -> _18791_/D : -1.867278
[setup reg-reg] _20174_/Q -> _18767_/D : -1.830303
[setup reg-reg] _20174_/Q -> _18766_/D : -1.830189
[setup reg-reg] _20174_/Q -> _18768_/D : -1.823596
[setup reg-reg] _20174_/Q -> _18771_/D : -1.821819
[setup reg-reg] _20174_/Q -> _18772_/D : -1.816026
[setup reg-reg] _20174_/Q -> _18769_/D : -1.810999
[setup reg-reg] _20174_/Q -> _18765_/D : -1.808653
[setup reg-reg] _20174_/Q -> _19318_/D : -1.808312
[setup reg-reg] _20174_/Q -> _18770_/D : -1.805367
[setup reg-reg] _20174_/Q -> _20125_/D : -1.790573
[setup reg-reg] _20174_/Q -> _18775_/D : -1.761404
[setup reg-reg] _20174_/Q -> _18778_/D : -1.757631
[setup reg-reg] _20174_/Q -> _18780_/D : -1.750316
[setup reg-reg] _20174_/Q -> _18777_/D : -1.739258
[setup reg-reg] _20174_/Q -> _18782_/D : -1.735582
[setup reg-reg] _20174_/Q -> _18781_/D : -1.735034
[setup reg-reg] _20174_/Q -> _18779_/D : -1.727438
[setup reg-reg] _20174_/Q -> _18776_/D : -1.723493
[setup reg-reg] _20160_/Q -> _19033_/D : -1.703336
[setup reg-reg] _20160_/Q -> _19115_/D : -1.674405
[setup reg-reg] _18677_/Q -> _19302_/D : -1.616851
[setup reg-reg] _20174_/Q -> _18788_/D : -1.616089
[setup reg-reg] _20174_/Q -> _18764_/D : -1.605422
[setup reg-reg] _20174_/Q -> _18790_/D : -1.590468
[setup reg-reg] _20174_/Q -> _18787_/D : -1.581597
[setup reg-reg] _20174_/Q -> _18763_/D : -1.576071
[setup reg-reg] _20174_/Q -> _18789_/D : -1.573913
[setup reg-reg] _20174_/Q -> _18734_/D : -1.523093
[setup reg-reg] _20174_/Q -> _18730_/D : -1.515344
[setup reg-reg] _20174_/Q -> _18733_/D : -1.515147
[setup reg-reg] _20174_/Q -> _18729_/D : -1.511987
[setup reg-reg] _20174_/Q -> _18732_/D : -1.509958
[setup reg-reg] _20174_/Q -> _18736_/D : -1.502341
[setup reg-reg] _20174_/Q -> _18735_/D : -1.502318
[setup reg-reg] _20174_/Q -> _18731_/D : -1.485864
[setup reg-reg] _20174_/Q -> _18783_/D : -1.485620
[setup reg-reg] _20174_/Q -> _18786_/D : -1.458394
[setup reg-reg] _20160_/Q -> _19021_/D : -1.450561
[setup reg-reg] _20174_/Q -> _18785_/D : -1.446471
[setup reg-reg] _20160_/Q -> _19034_/D : -1.441650
[setup reg-reg] _20174_/Q -> _18784_/D : -1.431948
[setup reg-reg] _20174_/Q -> _18738_/D : -1.425725
[setup reg-reg] _20174_/Q -> _18742_/D : -1.420467
[setup reg-reg] _20174_/Q -> _20249_/D : -1.419492
[setup reg-reg] _20174_/Q -> _18741_/D : -1.417739
[setup reg-reg] _20174_/Q -> _18740_/D : -1.413769
[setup reg-reg] _20174_/Q -> _18743_/D : -1.409893
[setup reg-reg] _20174_/Q -> _18744_/D : -1.396746
[setup reg-reg] _20174_/Q -> _18739_/D : -1.387333
[setup reg-reg] _20174_/Q -> _18737_/D : -1.383798
[setup reg-reg] _20160_/Q -> _19020_/D : -1.356929
[setup reg-reg] _20160_/Q -> _19116_/D : -1.343773
[setup reg-reg] _20160_/Q -> _19117_/D : -1.337661
[setup reg-reg] _20174_/Q -> _20144_/D : -1.312461
[setup reg-reg] _19906_/Q -> _19400_/D : -1.304374
[setup reg-reg] _20160_/Q -> _19118_/D : -1.282919
[setup reg-reg] _20160_/Q -> _19119_/D : -1.258247
[setup reg-reg] _20174_/Q -> _18792_/D : -1.234568
[setup reg-reg] _20174_/Q -> _20244_/D : -1.220414
[setup reg-reg] _18677_/Q -> _19301_/D : -0.931340
[setup reg-reg] _18677_/Q -> _19300_/D : -0.893236
[setup reg-reg] _20174_/Q -> _20127_/D : -0.852086
[setup reg-reg] _20174_/Q -> _19644_/D : -0.818607
[setup reg-reg] _20174_/Q -> _19490_/D : -0.808717
[setup reg-reg] _20160_/Q -> _19120_/D : -0.699721
[setup reg-reg] _20174_/Q -> _19645_/D : -0.652802
[setup reg-reg] _20174_/Q -> _20121_/D : -0.644979
[setup reg-reg] _20160_/Q -> _19209_/D : -0.626162
[setup reg-reg] _20160_/Q -> _19127_/D : -0.583366
[setup reg-reg] _20160_/Q -> _19208_/D : -0.554190
[setup reg-reg] _20174_/Q -> _18797_/D : -0.553506
[setup reg-reg] _18677_/Q -> _19317_/D : -0.542620
[setup reg-reg] _20174_/Q -> _18691_/D : -0.539254
[setup reg-reg] _20174_/Q -> _18773_/D : -0.519188
[setup reg-reg] _20174_/Q -> _18803_/D : -0.464850
[setup reg-reg] _20174_/Q -> _19660_/D : -0.443766
[setup reg-reg] _20174_/Q -> _18682_/D : -0.439663
[setup reg-reg] _20174_/Q -> _18796_/D : -0.436907
[setup reg-reg] _19906_/Q -> _19398_/D : -0.430299
[setup reg-reg] _20160_/Q -> _19126_/D : -0.404961
[setup reg-reg] _20174_/Q -> _18804_/D : -0.361865
[setup reg-reg] _20160_/Q -> _19043_/D : -0.349997
[setup reg-reg] _20160_/Q -> _19040_/D : -0.309539
[setup reg-reg] _20160_/Q -> _19044_/D : -0.303590
[setup reg-reg] _20174_/Q -> _19656_/D : -0.286748
[setup reg-reg] _20174_/Q -> _19643_/D : -0.277993
[setup reg-reg] _20174_/Q -> _18861_/D : -0.263055
[setup reg-reg] _20174_/Q -> _18774_/D : -0.246466
[setup reg-reg] _20174_/Q -> _18864_/D : -0.227613
[setup reg-reg] _20174_/Q -> _19661_/D : -0.199551
[setup reg-reg] _19906_/Q -> _19399_/D : -0.195504
[setup reg-reg] _20160_/Q -> _19041_/D : -0.195275
[setup reg-reg] _20174_/Q -> _19662_/D : -0.146020
[setup reg-reg] _20174_/Q -> _19411_/D : -0.135062
[setup reg-reg] _20174_/Q -> _18859_/D : -0.131090
[setup reg-reg] _20174_/Q -> _18862_/D : -0.128908
[setup reg-reg] _20174_/Q -> _18860_/D : -0.104745
[setup reg-reg] _20174_/Q -> _19410_/D : -0.104739
[setup reg-reg] _20174_/Q -> _19381_/D : -0.090127
[setup reg-reg] _20174_/Q -> _18863_/D : -0.082771
