/foss/pdks/gf180mcuD/libs.tech/klayout/tech/drc/run_drc.py:729: DeprecationWarning: datetime.datetime.utcnow() is deprecated and scheduled for removal in a future version. Use timezone-aware objects to represent datetimes in UTC: datetime.datetime.now(datetime.UTC).
  now_str = datetime.utcnow().strftime("drc_run_%Y_%m_%d_%H_%M_%S")
30-Aug-2026 08:06:31 | INFO    | Your Klayout version is: KLayout 0.30.8
30-Aug-2026 08:06:31 | INFO    | ## Generating template with for the following rule tables: ['poly2.drc']
30-Aug-2026 08:06:31 | INFO    | ## Your run dir located at: /headless/aravindustries-repos/butterfold/butterfold_proto/physical/results/d03_ach_resized/klayout_rest/poly2
30-Aug-2026 08:06:31 | INFO    | Running Global Foundries 180nm MCU /headless/aravindustries-repos/butterfold/butterfold_proto/physical/results/d03_ach_resized/candidate/butterfold_top.gds checks on design poly2 on cell butterfold_top:
2026-08-30 08:06:32 +0200: Memory Usage (444092K) : Starting running GF180MCU Klayout DRC runset on /headless/aravindustries-repos/butterfold/butterfold_proto/physical/results/d03_ach_resized/candidate/butterfold_top.gds
2026-08-30 08:06:32 +0200: Memory Usage (444092K) : Ruby Version for klayout: 3.2.3
2026-08-30 08:06:32 +0200: Memory Usage (482176K) : Loading database to memory is complete.
2026-08-30 08:06:32 +0200: Memory Usage (482176K) : GF180MCU Klayout DRC runset output at: /headless/aravindustries-repos/butterfold/butterfold_proto/physical/results/d03_ach_resized/klayout_rest/poly2/butterfold_top_poly2.lyrdb
2026-08-30 08:06:32 +0200: Memory Usage (482176K) : Evaluate switches.
2026-08-30 08:06:32 +0200: Memory Usage (482176K) : table_name selected  poly2
2026-08-30 08:06:32 +0200: Memory Usage (482176K) : CONNECTIVITY_RULES enabled: false
2026-08-30 08:06:32 +0200: Memory Usage (482176K) : Wedge enabled: false
2026-08-30 08:06:32 +0200: Memory Usage (482176K) : Ball enabled: false
2026-08-30 08:06:32 +0200: Memory Usage (482176K) : Gold enabled: false
2026-08-30 08:06:32 +0200: Memory Usage (482176K) : MIM Option selected: B
2026-08-30 08:06:32 +0200: Memory Usage (482176K) : Offgrid enabled:  true
2026-08-30 08:06:32 +0200: Memory Usage (482176K) : Number of threads to use 4
2026-08-30 08:06:32 +0200: Memory Usage (482176K) : Verbose mode: false
2026-08-30 08:06:32 +0200: Memory Usage (482176K) : flat  mode is enabled for poly2 table
2026-08-30 08:06:32 +0200: Memory Usage (482176K) : METAL_TOP Selected is 11K
2026-08-30 08:06:32 +0200: Memory Usage (482176K) : METAL_STACK Selected is 5LM
2026-08-30 08:06:32 +0200: Memory Usage (482176K) : FEOL enabled: true
2026-08-30 08:06:32 +0200: Memory Usage (482176K) : BEOL enabled: true
2026-08-30 08:06:32 +0200: Memory Usage (482176K) : DUMMY enabled: false
2026-08-30 08:06:32 +0200: Memory Usage (482176K) : SLOW_VIA enabled: false
2026-08-30 08:06:32 +0200: Memory Usage (482176K) : Read in polygons from layers.
2026-08-30 08:06:33 +0200: Memory Usage (503348K) : comp has 103373 polygons
2026-08-30 08:06:33 +0200: Memory Usage (503348K) : dnwell has 0 polygons
2026-08-30 08:06:33 +0200: Memory Usage (523236K) : nwell has 366 polygons
2026-08-30 08:06:33 +0200: Memory Usage (523236K) : lvpwell has 251 polygons
2026-08-30 08:06:33 +0200: Memory Usage (525348K) : dualgate has 3 polygons
2026-08-30 08:06:34 +0200: Memory Usage (527340K) : poly2 has 124735 polygons
2026-08-30 08:06:34 +0200: Memory Usage (541948K) : nplus has 1361 polygons
2026-08-30 08:06:35 +0200: Memory Usage (541948K) : pplus has 6684 polygons
2026-08-30 08:06:35 +0200: Memory Usage (541948K) : sab has 0 polygons
2026-08-30 08:06:35 +0200: Memory Usage (541948K) : esd has 0 polygons
2026-08-30 08:06:35 +0200: Memory Usage (541948K) : resistor has 0 polygons
2026-08-30 08:06:35 +0200: Memory Usage (541948K) : fhres has 0 polygons
2026-08-30 08:06:35 +0200: Memory Usage (541948K) : fusetop has 0 polygons
2026-08-30 08:06:35 +0200: Memory Usage (541948K) : fusewindow_d has 0 polygons
2026-08-30 08:06:35 +0200: Memory Usage (541948K) : polyfuse has 0 polygons
2026-08-30 08:06:35 +0200: Memory Usage (541948K) : mvsd has 0 polygons
2026-08-30 08:06:35 +0200: Memory Usage (541948K) : mvpsd has 0 polygons
2026-08-30 08:06:35 +0200: Memory Usage (541948K) : nat has 0 polygons
2026-08-30 08:06:35 +0200: Memory Usage (541948K) : comp_dummy has 0 polygons
2026-08-30 08:06:35 +0200: Memory Usage (541948K) : poly2_dummy has 0 polygons
2026-08-30 08:06:35 +0200: Memory Usage (541948K) : schottky_diode has 0 polygons
2026-08-30 08:06:35 +0200: Memory Usage (541948K) : zener has 0 polygons
2026-08-30 08:06:35 +0200: Memory Usage (541948K) : res_mk has 0 polygons
2026-08-30 08:06:35 +0200: Memory Usage (541948K) : opc_drc has 0 polygons
2026-08-30 08:06:35 +0200: Memory Usage (541948K) : v5_xtor has 3 polygons
2026-08-30 08:06:35 +0200: Memory Usage (541948K) : cap_mk has 0 polygons
2026-08-30 08:06:35 +0200: Memory Usage (541948K) : mos_cap_mk has 0 polygons
2026-08-30 08:06:35 +0200: Memory Usage (541948K) : ind_mk has 0 polygons
2026-08-30 08:06:35 +0200: Memory Usage (541948K) : diode_mk has 7 polygons
2026-08-30 08:06:35 +0200: Memory Usage (541948K) : drc_bjt has 0 polygons
2026-08-30 08:06:35 +0200: Memory Usage (541948K) : lvs_bjt has 0 polygons
2026-08-30 08:06:35 +0200: Memory Usage (541948K) : mim_l_mk has 0 polygons
2026-08-30 08:06:35 +0200: Memory Usage (541948K) : latchup_mk has 0 polygons
2026-08-30 08:06:35 +0200: Memory Usage (541948K) : guard_ring_mk has 0 polygons
2026-08-30 08:06:35 +0200: Memory Usage (541948K) : otp_mk has 0 polygons
2026-08-30 08:06:35 +0200: Memory Usage (541948K) : mtpmark has 0 polygons
2026-08-30 08:06:35 +0200: Memory Usage (541948K) : neo_ee_mk has 0 polygons
2026-08-30 08:06:35 +0200: Memory Usage (541948K) : sramcore has 4 polygons
2026-08-30 08:06:35 +0200: Memory Usage (541948K) : lvs_rf has 0 polygons
2026-08-30 08:06:35 +0200: Memory Usage (541948K) : lvs_drain has 0 polygons
2026-08-30 08:06:35 +0200: Memory Usage (541948K) : ind_mk has 0 polygons
2026-08-30 08:06:35 +0200: Memory Usage (541948K) : hvpolyrs has 0 polygons
2026-08-30 08:06:35 +0200: Memory Usage (541948K) : lvs_io has 0 polygons
2026-08-30 08:06:35 +0200: Memory Usage (541948K) : probe_mk has 0 polygons
2026-08-30 08:06:35 +0200: Memory Usage (541948K) : esd_mk has 0 polygons
2026-08-30 08:06:35 +0200: Memory Usage (541948K) : lvs_source has 0 polygons
2026-08-30 08:06:35 +0200: Memory Usage (541948K) : well_diode_mk has 0 polygons
2026-08-30 08:06:35 +0200: Memory Usage (541948K) : ldmos_xtor has 0 polygons
2026-08-30 08:06:35 +0200: Memory Usage (541948K) : plfuse has 0 polygons
2026-08-30 08:06:35 +0200: Memory Usage (541948K) : efuse_mk has 0 polygons
2026-08-30 08:06:35 +0200: Memory Usage (541948K) : mcell_feol_mk has 0 polygons
2026-08-30 08:06:35 +0200: Memory Usage (541948K) : ymtp_mk has 0 polygons
2026-08-30 08:06:35 +0200: Memory Usage (541948K) : dev_wf_mk has 0 polygons
2026-08-30 08:06:35 +0200: Memory Usage (541948K) : comp_label has 0 polygons
2026-08-30 08:06:35 +0200: Memory Usage (541948K) : poly2_label has 0 polygons
2026-08-30 08:06:35 +0200: Memory Usage (541948K) : mdiode has 0 polygons
2026-08-30 08:06:35 +0200: Memory Usage (541948K) : ndmy has 0 polygons
2026-08-30 08:06:35 +0200: Memory Usage (541948K) : pmndmy has 0 polygons
2026-08-30 08:06:37 +0200: Memory Usage (568232K) : metal1_drawn has 144727 polygons
2026-08-30 08:06:37 +0200: Memory Usage (568232K) : metal1_dummy has 0 polygons
2026-08-30 08:06:37 +0200: Memory Usage (568232K) : metal1_label has 0 polygons
2026-08-30 08:06:37 +0200: Memory Usage (568232K) : metal1_slot has 0 polygons
2026-08-30 08:06:37 +0200: Memory Usage (568232K) : metal1_blk has 0 polygons
2026-08-30 08:06:38 +0200: Memory Usage (580552K) : metal2_drawn has 47829 polygons
2026-08-30 08:06:38 +0200: Memory Usage (580552K) : metal2_dummy has 0 polygons
2026-08-30 08:06:38 +0200: Memory Usage (580552K) : metal2_label has 33 polygons
2026-08-30 08:06:38 +0200: Memory Usage (580552K) : metal2_slot has 0 polygons
2026-08-30 08:06:38 +0200: Memory Usage (580552K) : metal2_blk has 0 polygons
2026-08-30 08:06:38 +0200: Memory Usage (580552K) : metal3_drawn has 22045 polygons
2026-08-30 08:06:38 +0200: Memory Usage (580552K) : metal3_dummy has 0 polygons
2026-08-30 08:06:38 +0200: Memory Usage (580552K) : metal3_label has 0 polygons
2026-08-30 08:06:38 +0200: Memory Usage (580552K) : metal3_slot has 0 polygons
2026-08-30 08:06:38 +0200: Memory Usage (580552K) : metal3_blk has 0 polygons
2026-08-30 08:06:38 +0200: Memory Usage (580552K) : via3 has 7812 polygons
2026-08-30 08:06:38 +0200: Memory Usage (580552K) : metal4_drawn has 1548 polygons
2026-08-30 08:06:38 +0200: Memory Usage (580552K) : metal4_dummy has 0 polygons
2026-08-30 08:06:38 +0200: Memory Usage (580552K) : metal4_label has 0 polygons
2026-08-30 08:06:38 +0200: Memory Usage (580552K) : metal4_slot has 0 polygons
2026-08-30 08:06:38 +0200: Memory Usage (580552K) : metal4_blk has 0 polygons
2026-08-30 08:06:38 +0200: Memory Usage (580552K) : via4 has 1623 polygons
2026-08-30 08:06:38 +0200: Memory Usage (580552K) : metal5_drawn has 315 polygons
2026-08-30 08:06:38 +0200: Memory Usage (580552K) : metal5_dummy has 0 polygons
2026-08-30 08:06:38 +0200: Memory Usage (580552K) : metal5_label has 0 polygons
2026-08-30 08:06:38 +0200: Memory Usage (580552K) : metal5_slot has 0 polygons
2026-08-30 08:06:38 +0200: Memory Usage (580552K) : metal5_blk has 0 polygons
2026-08-30 08:06:38 +0200: Memory Usage (580552K) : pad has 0 polygons
2026-08-30 08:06:38 +0200: Memory Usage (580552K) : ubmpperi has 0 polygons
2026-08-30 08:06:38 +0200: Memory Usage (580552K) : ubmparray has 0 polygons
2026-08-30 08:06:38 +0200: Memory Usage (580552K) : ubmeplate has 0 polygons
2026-08-30 08:06:38 +0200: Memory Usage (580552K) : metal1_res has 0 polygons
2026-08-30 08:06:38 +0200: Memory Usage (580552K) : metal2_res has 0 polygons
2026-08-30 08:06:38 +0200: Memory Usage (580552K) : metal3_res has 0 polygons
2026-08-30 08:06:38 +0200: Memory Usage (580552K) : metal4_res has 0 polygons
2026-08-30 08:06:38 +0200: Memory Usage (580552K) : metal5_res has 0 polygons
2026-08-30 08:06:38 +0200: Memory Usage (580552K) : metal6_res has 0 polygons
2026-08-30 08:06:38 +0200: Memory Usage (580552K) : pr_bndry has 1 polygons
2026-08-30 08:06:38 +0200: Memory Usage (580552K) : border has 0 polygons
2026-08-30 08:06:38 +0200: Memory Usage (580552K) : Total no. of polygons in the design is 462720
2026-08-30 08:06:38 +0200: Memory Usage (580552K) : Starting deriving base layers.
2026-08-30 08:06:46 +0200: Memory Usage (728696K) : Total area of the design is 1859250.0 um^2.
2026-08-30 08:06:46 +0200: Memory Usage (728696K) : Starting GF180MCU DRC rules.
2026-08-30 08:06:46 +0200: Memory Usage (728696K) : Running all FEOL rules
2026-08-30 08:06:46 +0200: Memory Usage (728696K) : Running all BEOL rules
2026-08-30 08:06:46 +0200: Memory Usage (728696K) : Starting POLY2 derivations
2026-08-30 08:06:49 +0200: Memory Usage (787708K) : Executing rule PL.1_LV
2026-08-30 08:06:49 +0200: Memory Usage (787708K) : Executing rule PL.1_MV
2026-08-30 08:06:49 +0200: Memory Usage (805704K) : Executing rule PL.1a_LV
2026-08-30 08:06:49 +0200: Memory Usage (805704K) : Executing rule PL.1a_MV
2026-08-30 08:06:49 +0200: Memory Usage (805880K) : Executing rule PL.2_LV
2026-08-30 08:06:49 +0200: Memory Usage (805880K) : Executing rule PL.2_MV
2026-08-30 08:06:51 +0200: Memory Usage (857096K) : Executing rule PL.3a
2026-08-30 08:06:54 +0200: Memory Usage (813600K) : Executing rule PL.4_LV
2026-08-30 08:06:54 +0200: Memory Usage (813600K) : Executing rule PL.4_MV
2026-08-30 08:06:55 +0200: Memory Usage (815184K) : Executing rule PL.5a_LV
2026-08-30 08:06:55 +0200: Memory Usage (815184K) : Executing rule PL.5a_MV
2026-08-30 08:06:56 +0200: Memory Usage (839160K) : Executing rule PL.5b_LV
2026-08-30 08:06:56 +0200: Memory Usage (839160K) : Executing rule PL.5b_MV
2026-08-30 08:06:57 +0200: Memory Usage (839160K) : Executing rule PL.6
2026-08-30 08:07:03 +0200: Memory Usage (913056K) : Executing rule PL.7_LV
2026-08-30 08:07:03 +0200: Memory Usage (913056K) : Executing rule PL.7_MV
2026-08-30 08:07:06 +0200: Memory Usage (926772K) : Executing rule PL.9
2026-08-30 08:07:07 +0200: Memory Usage (926772K) : Executing rule PL.11
2026-08-30 08:07:07 +0200: Memory Usage (926772K) : Executing rule PL.12
2026-08-30 08:07:10 +0200: Memory Usage (926772K) : poly2 DRC Total Run time 37.602529983 seconds
30-Aug-2026 08:07:10 | INFO    | Klayout DRC run is clean. GDS has no DRC violations.
