/foss/pdks/gf180mcuD/libs.tech/klayout/tech/drc/run_drc.py:729: DeprecationWarning: datetime.datetime.utcnow() is deprecated and scheduled for removal in a future version. Use timezone-aware objects to represent datetimes in UTC: datetime.datetime.now(datetime.UTC).
  now_str = datetime.utcnow().strftime("drc_run_%Y_%m_%d_%H_%M_%S")
28-Aug-2026 20:19:52 | INFO    | Your Klayout version is: KLayout 0.30.8
28-Aug-2026 20:19:52 | INFO    | ## Generating template with for the following rule tables: ['contact.drc']
28-Aug-2026 20:19:52 | INFO    | ## Your run dir located at: /headless/aravindustries-repos/butterfold/butterfold_proto/physical/results/d03_ach_candidate/klayout_contact_co6a27
28-Aug-2026 20:19:52 | INFO    | Running Global Foundries 180nm MCU /headless/aravindustries-repos/butterfold/butterfold_proto/physical/results/d03_ach_candidate/co6a27_gds/butterfold_top.magic.gds checks on design contact on cell butterfold_top:
2026-08-28 20:19:53 +0200: Memory Usage (443360K) : Starting running GF180MCU Klayout DRC runset on /headless/aravindustries-repos/butterfold/butterfold_proto/physical/results/d03_ach_candidate/co6a27_gds/butterfold_top.magic.gds
2026-08-28 20:19:53 +0200: Memory Usage (443360K) : Ruby Version for klayout: 3.2.3
2026-08-28 20:19:54 +0200: Memory Usage (488980K) : Loading database to memory is complete.
2026-08-28 20:19:54 +0200: Memory Usage (488980K) : GF180MCU Klayout DRC runset output at: /headless/aravindustries-repos/butterfold/butterfold_proto/physical/results/d03_ach_candidate/klayout_contact_co6a27/butterfold_top_contact.lyrdb
2026-08-28 20:19:54 +0200: Memory Usage (489180K) : Evaluate switches.
2026-08-28 20:19:54 +0200: Memory Usage (489180K) : table_name selected  contact
2026-08-28 20:19:54 +0200: Memory Usage (489180K) : CONNECTIVITY_RULES enabled: false
2026-08-28 20:19:54 +0200: Memory Usage (489180K) : Wedge enabled: false
2026-08-28 20:19:54 +0200: Memory Usage (489180K) : Ball enabled: false
2026-08-28 20:19:54 +0200: Memory Usage (489180K) : Gold enabled: false
2026-08-28 20:19:54 +0200: Memory Usage (489180K) : MIM Option selected: B
2026-08-28 20:19:54 +0200: Memory Usage (489180K) : Offgrid enabled:  true
2026-08-28 20:19:54 +0200: Memory Usage (489180K) : Number of threads to use 2
2026-08-28 20:19:54 +0200: Memory Usage (489180K) : Verbose mode: false
2026-08-28 20:19:54 +0200: Memory Usage (489180K) : flat  mode is enabled for contact table
2026-08-28 20:19:54 +0200: Memory Usage (489180K) : METAL_TOP Selected is 11K
2026-08-28 20:19:54 +0200: Memory Usage (489180K) : METAL_STACK Selected is 5LM
2026-08-28 20:19:54 +0200: Memory Usage (489180K) : FEOL enabled: true
2026-08-28 20:19:54 +0200: Memory Usage (489180K) : BEOL enabled: true
2026-08-28 20:19:54 +0200: Memory Usage (489180K) : DUMMY enabled: false
2026-08-28 20:19:54 +0200: Memory Usage (489180K) : SLOW_VIA enabled: false
2026-08-28 20:19:54 +0200: Memory Usage (489180K) : Read in polygons from layers.
2026-08-28 20:19:54 +0200: Memory Usage (526628K) : comp has 216674 polygons
2026-08-28 20:19:54 +0200: Memory Usage (526628K) : dnwell has 0 polygons
2026-08-28 20:19:55 +0200: Memory Usage (541948K) : nwell has 422 polygons
2026-08-28 20:19:55 +0200: Memory Usage (541948K) : lvpwell has 307 polygons
2026-08-28 20:19:55 +0200: Memory Usage (553036K) : dualgate has 3 polygons
2026-08-28 20:19:56 +0200: Memory Usage (554268K) : poly2 has 232302 polygons
2026-08-28 20:19:57 +0200: Memory Usage (579728K) : nplus has 1417 polygons
2026-08-28 20:19:57 +0200: Memory Usage (579728K) : pplus has 10152 polygons
2026-08-28 20:19:57 +0200: Memory Usage (579728K) : sab has 0 polygons
2026-08-28 20:19:57 +0200: Memory Usage (579728K) : esd has 0 polygons
2026-08-28 20:19:57 +0200: Memory Usage (579728K) : resistor has 0 polygons
2026-08-28 20:19:57 +0200: Memory Usage (579728K) : fhres has 0 polygons
2026-08-28 20:19:57 +0200: Memory Usage (579728K) : fusetop has 0 polygons
2026-08-28 20:19:57 +0200: Memory Usage (579728K) : fusewindow_d has 0 polygons
2026-08-28 20:19:57 +0200: Memory Usage (579728K) : polyfuse has 0 polygons
2026-08-28 20:19:57 +0200: Memory Usage (579728K) : mvsd has 0 polygons
2026-08-28 20:19:57 +0200: Memory Usage (579728K) : mvpsd has 0 polygons
2026-08-28 20:19:57 +0200: Memory Usage (579728K) : nat has 0 polygons
2026-08-28 20:19:57 +0200: Memory Usage (579728K) : comp_dummy has 0 polygons
2026-08-28 20:19:57 +0200: Memory Usage (579728K) : poly2_dummy has 0 polygons
2026-08-28 20:19:57 +0200: Memory Usage (579728K) : schottky_diode has 0 polygons
2026-08-28 20:19:57 +0200: Memory Usage (579728K) : zener has 0 polygons
2026-08-28 20:19:57 +0200: Memory Usage (579728K) : res_mk has 0 polygons
2026-08-28 20:19:57 +0200: Memory Usage (579728K) : opc_drc has 0 polygons
2026-08-28 20:19:57 +0200: Memory Usage (579728K) : v5_xtor has 3 polygons
2026-08-28 20:19:57 +0200: Memory Usage (579728K) : cap_mk has 0 polygons
2026-08-28 20:19:57 +0200: Memory Usage (579728K) : mos_cap_mk has 0 polygons
2026-08-28 20:19:57 +0200: Memory Usage (579728K) : ind_mk has 0 polygons
2026-08-28 20:19:57 +0200: Memory Usage (579728K) : diode_mk has 26 polygons
2026-08-28 20:19:57 +0200: Memory Usage (579728K) : drc_bjt has 0 polygons
2026-08-28 20:19:57 +0200: Memory Usage (579728K) : lvs_bjt has 0 polygons
2026-08-28 20:19:57 +0200: Memory Usage (579728K) : mim_l_mk has 0 polygons
2026-08-28 20:19:57 +0200: Memory Usage (579728K) : latchup_mk has 0 polygons
2026-08-28 20:19:57 +0200: Memory Usage (579728K) : guard_ring_mk has 0 polygons
2026-08-28 20:19:57 +0200: Memory Usage (579728K) : otp_mk has 0 polygons
2026-08-28 20:19:57 +0200: Memory Usage (579728K) : mtpmark has 0 polygons
2026-08-28 20:19:57 +0200: Memory Usage (579728K) : neo_ee_mk has 0 polygons
2026-08-28 20:19:57 +0200: Memory Usage (579728K) : sramcore has 4 polygons
2026-08-28 20:19:57 +0200: Memory Usage (579728K) : lvs_rf has 0 polygons
2026-08-28 20:19:57 +0200: Memory Usage (579728K) : lvs_drain has 0 polygons
2026-08-28 20:19:57 +0200: Memory Usage (579728K) : ind_mk has 0 polygons
2026-08-28 20:19:57 +0200: Memory Usage (579728K) : hvpolyrs has 0 polygons
2026-08-28 20:19:57 +0200: Memory Usage (579728K) : lvs_io has 0 polygons
2026-08-28 20:19:57 +0200: Memory Usage (579728K) : probe_mk has 0 polygons
2026-08-28 20:19:57 +0200: Memory Usage (579728K) : esd_mk has 0 polygons
2026-08-28 20:19:57 +0200: Memory Usage (579728K) : lvs_source has 0 polygons
2026-08-28 20:19:57 +0200: Memory Usage (579728K) : well_diode_mk has 0 polygons
2026-08-28 20:19:57 +0200: Memory Usage (579728K) : ldmos_xtor has 0 polygons
2026-08-28 20:19:57 +0200: Memory Usage (579728K) : plfuse has 0 polygons
2026-08-28 20:19:57 +0200: Memory Usage (579728K) : efuse_mk has 0 polygons
2026-08-28 20:19:57 +0200: Memory Usage (579728K) : mcell_feol_mk has 0 polygons
2026-08-28 20:19:57 +0200: Memory Usage (579728K) : ymtp_mk has 0 polygons
2026-08-28 20:19:57 +0200: Memory Usage (579728K) : dev_wf_mk has 0 polygons
2026-08-28 20:19:57 +0200: Memory Usage (579728K) : comp_label has 0 polygons
2026-08-28 20:19:57 +0200: Memory Usage (579728K) : poly2_label has 0 polygons
2026-08-28 20:19:57 +0200: Memory Usage (579728K) : mdiode has 0 polygons
2026-08-28 20:19:57 +0200: Memory Usage (579728K) : ndmy has 0 polygons
2026-08-28 20:19:57 +0200: Memory Usage (579728K) : pmndmy has 0 polygons
2026-08-28 20:20:01 +0200: Memory Usage (743432K) : contact has 1380063 polygons
2026-08-28 20:20:04 +0200: Memory Usage (761576K) : metal1_drawn has 251897 polygons
2026-08-28 20:20:04 +0200: Memory Usage (761576K) : metal1_dummy has 0 polygons
2026-08-28 20:20:04 +0200: Memory Usage (761576K) : metal1_label has 0 polygons
2026-08-28 20:20:04 +0200: Memory Usage (761576K) : metal1_slot has 0 polygons
2026-08-28 20:20:04 +0200: Memory Usage (761576K) : metal1_blk has 0 polygons
2026-08-28 20:20:05 +0200: Memory Usage (767560K) : metal2_drawn has 51079 polygons
2026-08-28 20:20:05 +0200: Memory Usage (767560K) : metal2_dummy has 0 polygons
2026-08-28 20:20:05 +0200: Memory Usage (767560K) : metal2_label has 33 polygons
2026-08-28 20:20:05 +0200: Memory Usage (767560K) : metal2_slot has 0 polygons
2026-08-28 20:20:05 +0200: Memory Usage (767560K) : metal2_blk has 0 polygons
2026-08-28 20:20:05 +0200: Memory Usage (767560K) : metal3_drawn has 25651 polygons
2026-08-28 20:20:05 +0200: Memory Usage (767560K) : metal3_dummy has 0 polygons
2026-08-28 20:20:05 +0200: Memory Usage (767560K) : metal3_label has 0 polygons
2026-08-28 20:20:05 +0200: Memory Usage (767560K) : metal3_slot has 0 polygons
2026-08-28 20:20:05 +0200: Memory Usage (767560K) : metal3_blk has 0 polygons
2026-08-28 20:20:05 +0200: Memory Usage (767560K) : via3 has 12387 polygons
2026-08-28 20:20:05 +0200: Memory Usage (767560K) : metal4_drawn has 2339 polygons
2026-08-28 20:20:05 +0200: Memory Usage (767560K) : metal4_dummy has 0 polygons
2026-08-28 20:20:05 +0200: Memory Usage (767560K) : metal4_label has 0 polygons
2026-08-28 20:20:05 +0200: Memory Usage (767560K) : metal4_slot has 0 polygons
2026-08-28 20:20:05 +0200: Memory Usage (767560K) : metal4_blk has 0 polygons
2026-08-28 20:20:05 +0200: Memory Usage (767560K) : via4 has 2637 polygons
2026-08-28 20:20:05 +0200: Memory Usage (767560K) : metal5_drawn has 488 polygons
2026-08-28 20:20:05 +0200: Memory Usage (767560K) : metal5_dummy has 0 polygons
2026-08-28 20:20:05 +0200: Memory Usage (767560K) : metal5_label has 0 polygons
2026-08-28 20:20:05 +0200: Memory Usage (767560K) : metal5_slot has 0 polygons
2026-08-28 20:20:05 +0200: Memory Usage (767560K) : metal5_blk has 0 polygons
2026-08-28 20:20:05 +0200: Memory Usage (767560K) : pad has 0 polygons
2026-08-28 20:20:05 +0200: Memory Usage (767560K) : ubmpperi has 0 polygons
2026-08-28 20:20:05 +0200: Memory Usage (767560K) : ubmparray has 0 polygons
2026-08-28 20:20:05 +0200: Memory Usage (767560K) : ubmeplate has 0 polygons
2026-08-28 20:20:05 +0200: Memory Usage (767560K) : metal1_res has 0 polygons
2026-08-28 20:20:05 +0200: Memory Usage (767560K) : metal2_res has 0 polygons
2026-08-28 20:20:05 +0200: Memory Usage (767560K) : metal3_res has 0 polygons
2026-08-28 20:20:05 +0200: Memory Usage (767560K) : metal4_res has 0 polygons
2026-08-28 20:20:05 +0200: Memory Usage (767560K) : metal5_res has 0 polygons
2026-08-28 20:20:05 +0200: Memory Usage (767560K) : metal6_res has 0 polygons
2026-08-28 20:20:05 +0200: Memory Usage (769144K) : pr_bndry has 1 polygons
2026-08-28 20:20:05 +0200: Memory Usage (769144K) : border has 0 polygons
2026-08-28 20:20:05 +0200: Memory Usage (769144K) : Total no. of polygons in the design is 2187885
2026-08-28 20:20:05 +0200: Memory Usage (769144K) : Starting deriving base layers.
2026-08-28 20:20:19 +0200: Memory Usage (1069236K) : Total area of the design is 1859250.0 um^2.
2026-08-28 20:20:19 +0200: Memory Usage (1069236K) : Starting GF180MCU DRC rules.
2026-08-28 20:20:19 +0200: Memory Usage (1069236K) : Running all FEOL rules
2026-08-28 20:20:19 +0200: Memory Usage (1069236K) : Running all BEOL rules
2026-08-28 20:20:19 +0200: Memory Usage (1069236K) : Starting CONTACT derivations
2026-08-28 20:20:26 +0200: Memory Usage (1439276K) : Executing rule CO.1
2026-08-28 20:20:30 +0200: Memory Usage (1542124K) : Executing rule CO.2a
2026-08-28 20:20:33 +0200: Memory Usage (1808384K) : Executing rule CO.2b
2026-08-28 20:20:42 +0200: Memory Usage (1819836K) : Executing rule CO.3
2026-08-28 20:20:50 +0200: Memory Usage (1819788K) : Executing rule CO.4
2026-08-28 20:21:04 +0200: Memory Usage (1972536K) : Executing rule CO.5a
2026-08-28 20:21:04 +0200: Memory Usage (1972536K) : Executing rule CO.5b
2026-08-28 20:21:04 +0200: Memory Usage (1972536K) : Executing rule CO.6
2026-08-28 20:51:48 +0200: Memory Usage (1972712K) : Executing rule CO.6a
2026-08-28 20:52:03 +0200: Memory Usage (1858320K) : Executing rule CO.6b
2026-08-28 21:42:51 +0200: Memory Usage (3362284K) : Executing rule CO.7
2026-08-28 21:43:00 +0200: Memory Usage (3362284K) : Executing rule CO.8
2026-08-28 21:43:06 +0200: Memory Usage (3362284K) : Executing rule CO.9
2026-08-28 21:43:08 +0200: Memory Usage (3362284K) : Executing rule CO.10
2026-08-28 21:43:12 +0200: Memory Usage (3362284K) : Executing rule CO.11
2026-08-28 21:43:24 +0200: Memory Usage (3362284K) : contact DRC Total Run time 5010.454648756 seconds
28-Aug-2026 21:43:32 | INFO    | Klayout DRC run is clean. GDS has no DRC violations.
