OpenROAD 26Q2-254-g61932e897 
Features included (+) or not (-): +GPU +GUI +Python
This program is licensed under the BSD-3 license. See the LICENSE file for details.
Components of this program may be licensed under more restrictive licenses which must be honored.
[WARNING ORD-0039] .openroad ignored with -python
[INFO ODB-0388] unsupported LEF58_EOLENCLOSURE property for layer Via1 :"
  	EOLENCLOSURE 0.34 0.06 ;"
[INFO ODB-0388] unsupported LEF58_EOLENCLOSURE property for layer Via2 :" EOLENCLOSURE 0.34 0.06 ; "
[INFO ODB-0388] unsupported LEF58_EOLENCLOSURE property for layer Via3 :" EOLENCLOSURE 0.34 0.06 ; "
[INFO ODB-0388] unsupported LEF58_EOLENCLOSURE property for layer Via4 :" EOLENCLOSURE 0.34 0.06 ; "
[INFO ODB-0227] LEF file: /foss/pdks/gf180mcuD/libs.ref/gf180mcu_fd_sc_mcu9t5v0/techlef/gf180mcu_fd_sc_mcu9t5v0__nom.tlef, created 15 layers, 56 vias
[WARNING ODB-0220] WARNING (LEFPARS-2008): NOWIREEXTENSIONATPIN statement is obsolete in version 5.6 or later.
The NOWIREEXTENSIONATPIN statement will be ignored. See file /foss/pdks/gf180mcuD/libs.ref/gf180mcu_fd_sc_mcu9t5v0/lef/gf180mcu_fd_sc_mcu9t5v0.lef at line 2.

[INFO ODB-0227] LEF file: /foss/pdks/gf180mcuD/libs.ref/gf180mcu_fd_sc_mcu9t5v0/lef/gf180mcu_fd_sc_mcu9t5v0.lef, created 229 library cells
[WARNING ODB-0220] WARNING (LEFPARS-2008): NOWIREEXTENSIONATPIN statement is obsolete in version 5.6 or later.
The NOWIREEXTENSIONATPIN statement will be ignored. See file /foss/pdks/gf180mcuD/libs.ref/gf180mcu_fd_ip_sram/lef/gf180mcu_fd_ip_sram__sram256x8m8wm1.lef at line 2.

[INFO ODB-0227] LEF file: /foss/pdks/gf180mcuD/libs.ref/gf180mcu_fd_ip_sram/lef/gf180mcu_fd_ip_sram__sram256x8m8wm1.lef, created 1 library cells
DBU 2000 SITE 0.56
INDEX
INDEXED
R180 _11280_ 764.4 1154.16
R180 _11106_ 259.28 1174.32
R180 _11366_ 247.52 1184.4
R180 _11339_ 262.08 1194.48
R180 _11136_ 264.32 1285.2
R180 _11474_ 641.76 1295.28
R180 _11394_ 367.92 1345.68
R180 _11408_ 402.08 1375.92
R180 _11241_ 763.84 1486.8
  VIA_OK _11280_ k 0 hits 1 vias 5 plan True
  JOG _05865_ keepout 765.11 1155.94 769.495 1158.55
  JOG _05864_ keepout 765.11 1155.94 769.495 1158.55
  JOG net206 keepout 765.11 1155.94 769.495 1158.55
FAIL _11280_ A1 no_path
FAIL _11280_ A2 no_via
  JOG _06509_ keepout 771.755 1156.46 773.775 1158.095
  JOG _06494_ keepout 771.755 1156.46 773.775 1158.095
FAIL _11280_ B1 no_path
  JOG u_transform_scheduler_core.dft12_ram_i\[8\]\[12\] keepout 770.12 1155.97 774.83 1157.555
  JOG _06494_ keepout 770.12 1155.97 774.83 1157.555
  JOG _06509_ keepout 770.12 1155.97 774.83 1157.555
FAIL _11280_ B2 no_path
  JOG _05865_ keepout 769.23 1155.855 776.005 1158.555
  JOG _06494_ keepout 769.23 1155.855 776.005 1158.555
  JOG _06509_ keepout 769.23 1155.855 776.005 1158.555
  JOG u_transform_scheduler_core.bf_X1_i\[13\] keepout 769.23 1155.855 776.005 1158.555
  JOG u_transform_scheduler_core.dft12_ram_i\[8\]\[12\] keepout 769.23 1155.855 776.005 1158.555
  JOG net283 keepout 769.23 1155.855 776.005 1158.555
  JOG u_transform_scheduler_core.dft12_ram_i\[10\]\[12\] keepout 769.23 1155.855 776.005 1158.555
  JOG clknet_leaf_47_clk_regs keepout 769.23 1155.855 776.005 1158.555
FAIL _11280_ C no_via
HIT _11280_ ZN
COMMIT _11280_ k 0 x 764.4 d 0.0 func 0 patches 0 fails 5 jogs 16
  VIA_OK _11106_ k 1 hits 1 vias 5 plan True
HIT _11106_ A1
PATCH _11106_ A2 bends 1 len 2.625
  JOG _06111_ keepout 267.195 1176.62 269.215 1178.255
FAIL _11106_ B1 no_path
PATCH _11106_ B2 bends 1 len 1.84
  JOG _05703_ keepout 264.67 1176.015 271.445 1178.715
  JOG net197 keepout 264.67 1176.015 271.445 1178.715
  JOG _06111_ keepout 264.67 1176.015 271.445 1178.715
FAIL _11106_ C no_via
  JOG net213 keepout 259.93 1174.97 271.915 1179.175
  JOG rst_lf29 keepout 259.93 1174.97 271.915 1179.175
  JOG net81 keepout 259.93 1174.97 271.915 1179.175
  JOG net208 keepout 259.93 1174.97 271.915 1179.175
  JOG clknet_leaf_11_clk_regs keepout 259.93 1174.97 271.915 1179.175
  JOG _05703_ keepout 259.93 1174.97 271.915 1179.175
  JOG net197 keepout 259.93 1174.97 271.915 1179.175
  JOG _06111_ keepout 259.93 1174.97 271.915 1179.175
FAIL _11106_ ZN no_path
COMMIT _11106_ k 1 x 259.84 d 0.56 func 0 patches 2 fails 3 jogs 12
  VIA_OK _11366_ k -1 hits 2 vias 4 plan True
PATCH _11366_ A1 bends 1 len 17.32
FAIL _11366_ A2 no_via
HIT _11366_ B1
  JOG _02446_ keepout 252.68 1186.21 257.39 1187.795
  JOG _07005_ keepout 252.68 1186.21 257.39 1187.795
  JOG rst_lf60 keepout 252.68 1186.21 257.39 1187.795
  JOG u_transform_scheduler_core.fifo_x0_q\[0\]\[2\] keepout 252.68 1186.21 257.39 1187.795
FAIL _11366_ B2 no_path
  JOG _02446_ keepout 251.79 1186.095 258.565 1188.795
  JOG _05944_ keepout 251.79 1186.095 258.565 1188.795
  JOG _07005_ keepout 251.79 1186.095 258.565 1188.795
  JOG u_transform_scheduler_core.fifo_x0_q\[0\]\[2\] keepout 251.79 1186.095 258.565 1188.795
  JOG rst_lf60 keepout 251.79 1186.095 258.565 1188.795
  JOG net197 keepout 251.79 1186.095 258.565 1188.795
FAIL _11366_ C no_path
HIT _11366_ ZN
COMMIT _11366_ k -1 x 246.96 d -0.56 func 0 patches 1 fails 3 jogs 10
  VIA_OK _11339_ k 1 hits 0 vias 6 plan True
  JOG net208 keepout 263.35 1196.26 267.735 1198.87
  JOG _04190_ keepout 263.35 1196.26 267.735 1198.87
  JOG _05918_ keepout 263.35 1196.26 267.735 1198.87
FAIL _11339_ A1 no_path
  JOG net208 keepout 265.37 1196.845 267.66 1198.87
  JOG _04190_ keepout 265.37 1196.845 267.66 1198.87
  JOG _05918_ keepout 265.37 1196.845 267.66 1198.87
FAIL _11339_ A2 no_path
  JOG _01650_ keepout 269.995 1196.78 272.015 1198.415
  JOG net61 keepout 269.995 1196.78 272.015 1198.415
FAIL _11339_ B1 no_path
  JOG net197 keepout 268.36 1196.29 273.07 1197.875
  JOG _01650_ keepout 268.36 1196.29 273.07 1197.875
  JOG net61 keepout 268.36 1196.29 273.07 1197.875
  JOG u_transform_scheduler_core.fifo_x0_q\[0\]\[0\] keepout 268.36 1196.29 273.07 1197.875
  JOG u_transform_scheduler_core.rx_small_x0_q\[0\] keepout 268.36 1196.29 273.07 1197.875
FAIL _11339_ B2 no_path
  JOG u_transform_scheduler_core.dft12_ram_q\[2\]\[0\] keepout 267.47 1196.175 274.245 1198.875
  JOG net208 keepout 267.47 1196.175 274.245 1198.875
  JOG _01650_ keepout 267.47 1196.175 274.245 1198.875
  JOG _04190_ keepout 267.47 1196.175 274.245 1198.875
  JOG _05918_ keepout 267.47 1196.175 274.245 1198.875
  JOG u_transform_scheduler_core.fifo_x0_q\[0\]\[0\] keepout 267.47 1196.175 274.245 1198.875
  JOG u_transform_scheduler_core.rx_small_x0_q\[0\] keepout 267.47 1196.175 274.245 1198.875
  JOG net61 keepout 267.47 1196.175 274.245 1198.875
  JOG net197 keepout 267.47 1196.175 274.245 1198.875
  JOG net1 keepout 267.47 1196.175 274.245 1198.875
FAIL _11339_ C no_path
  JOG _04190_ keepout 262.73 1195.13 274.715 1199.335
  JOG _05918_ keepout 262.73 1195.13 274.715 1199.335
  JOG net208 keepout 262.73 1195.13 274.715 1199.335
  JOG net213 keepout 262.73 1195.13 274.715 1199.335
  JOG _01650_ keepout 262.73 1195.13 274.715 1199.335
  JOG net1 keepout 262.73 1195.13 274.715 1199.335
  JOG u_transform_scheduler_core.dft12_ram_q\[2\]\[0\] keepout 262.73 1195.13 274.715 1199.335
  JOG u_transform_scheduler_core.fifo_x0_q\[0\]\[0\] keepout 262.73 1195.13 274.715 1199.335
  JOG u_transform_scheduler_core.rx_small_x0_q\[0\] keepout 262.73 1195.13 274.715 1199.335
  JOG net61 keepout 262.73 1195.13 274.715 1199.335
  JOG net197 keepout 262.73 1195.13 274.715 1199.335
