OpenROAD 26Q2-254-g61932e897 
Features included (+) or not (-): +GPU +GUI +Python
This program is licensed under the BSD-3 license. See the LICENSE file for details.
Components of this program may be licensed under more restrictive licenses which must be honored.
[INFO ODB-0388] unsupported LEF58_EOLENCLOSURE property for layer Via1 :"
  	EOLENCLOSURE 0.34 0.06 ;"
[INFO ODB-0388] unsupported LEF58_EOLENCLOSURE property for layer Via2 :" EOLENCLOSURE 0.34 0.06 ; "
[INFO ODB-0388] unsupported LEF58_EOLENCLOSURE property for layer Via3 :" EOLENCLOSURE 0.34 0.06 ; "
[INFO ODB-0388] unsupported LEF58_EOLENCLOSURE property for layer Via4 :" EOLENCLOSURE 0.34 0.06 ; "
[INFO ODB-0227] LEF file: /foss/pdks/gf180mcuD/libs.ref/gf180mcu_fd_sc_mcu9t5v0/techlef/gf180mcu_fd_sc_mcu9t5v0__nom.tlef, created 15 layers, 56 vias
[WARNING ODB-0220] WARNING (LEFPARS-2008): NOWIREEXTENSIONATPIN statement is obsolete in version 5.6 or later.
The NOWIREEXTENSIONATPIN statement will be ignored. See file /foss/pdks/gf180mcuD/libs.ref/gf180mcu_fd_sc_mcu9t5v0/lef/gf180mcu_fd_sc_mcu9t5v0.lef at line 2.

[INFO ODB-0227] LEF file: /foss/pdks/gf180mcuD/libs.ref/gf180mcu_fd_sc_mcu9t5v0/lef/gf180mcu_fd_sc_mcu9t5v0.lef, created 229 library cells
[WARNING ODB-0220] WARNING (LEFPARS-2008): NOWIREEXTENSIONATPIN statement is obsolete in version 5.6 or later.
The NOWIREEXTENSIONATPIN statement will be ignored. See file /foss/pdks/gf180mcuD/libs.ref/gf180mcu_fd_ip_sram/lef/gf180mcu_fd_ip_sram__sram256x8m8wm1.lef at line 2.

[INFO ODB-0227] LEF file: /foss/pdks/gf180mcuD/libs.ref/gf180mcu_fd_ip_sram/lef/gf180mcu_fd_ip_sram__sram256x8m8wm1.lef, created 1 library cells
INST MASTER ORIENT X Y W ROW_Y GAP_UM NET FANOUT SLEW CAP
ROW _11280_ gf180mcu_fd_sc_mcu9t5v0__aoi221_1 MX 764.4 1154.16 6.16 gap=5.6 net=_05866_ fanout_iterms=2
ROW _11106_ gf180mcu_fd_sc_mcu9t5v0__aoi221_1 MX 259.28 1174.32 6.16 gap=5.6 net=_05704_ fanout_iterms=2
ROW _11366_ gf180mcu_fd_sc_mcu9t5v0__aoi221_1 MX 247.52 1184.4 6.16 gap=5.6 net=_05945_ fanout_iterms=2
ROW _11339_ gf180mcu_fd_sc_mcu9t5v0__aoi221_1 MX 262.08 1194.48 6.16 gap=5.6 net=_05920_ fanout_iterms=2
ROW _11136_ gf180mcu_fd_sc_mcu9t5v0__aoi221_1 MX 264.32 1285.2 6.16 gap=5.6 net=_05732_ fanout_iterms=2
ROW _11474_ gf180mcu_fd_sc_mcu9t5v0__aoi221_1 MX 641.76 1295.28 6.16 gap=5.6 net=_06045_ fanout_iterms=2
ROW _11394_ gf180mcu_fd_sc_mcu9t5v0__aoi221_1 MX 367.92 1345.68 6.16 gap=5.6 net=_05971_ fanout_iterms=3
ROW _11408_ gf180mcu_fd_sc_mcu9t5v0__aoi221_1 MX 402.08 1375.92 6.16 gap=5.6 net=_05984_ fanout_iterms=2
ROW _11241_ gf180mcu_fd_sc_mcu9t5v0__aoi221_1 MX 763.84 1486.8 6.16 gap=5.6 net=_05830_ fanout_iterms=2
ELEC
max slew

Pin                                    Limit    Slew   Slack
------------------------------------------------------------
ANTENNA_11/I                            7.20   10.91   -3.71 (VIOLATED)
_11395_/A3                              7.20   10.91   -3.71 (VIOLATED)
_11394_/ZN                              7.20   10.91   -3.71 (VIOLATED)
_11108_/A3                              7.20    9.55   -2.35 (VIOLATED)
_11106_/ZN                              7.20    9.54   -2.34 (VIOLATED)
_11137_/A3                              7.20    8.42   -1.22 (VIOLATED)
_11136_/ZN                              7.20    8.42   -1.22 (VIOLATED)
_11340_/A3                              7.20    7.65   -0.45 (VIOLATED)
_11339_/ZN                              7.20    7.65   -0.45 (VIOLATED)
_11475_/B2                              7.20    7.37   -0.17 (VIOLATED)
_11474_/ZN                              7.20    7.37   -0.17 (VIOLATED)

max capacitance

Pin                                    Limit     Cap   Slack
------------------------------------------------------------
_11394_/ZN                              0.15    0.20   -0.05 (VIOLATED)

_11106_/ZN                              0.15    0.18   -0.02 (VIOLATED)

PIN _11280_/ZN
[ERROR STA-0562] report_check_types -pins is not a known keyword or flag.
SINKS _11280_
  _4078734c50640000_p_odb__dbInst/B2
  _c877734c50640000_p_odb__dbInst/ZN
PIN _11106_/ZN
[ERROR STA-0562] report_check_types -pins is not a known keyword or flag.
SINKS _11106_
  _b8fe724c50640000_p_odb__dbInst/A3
  _c8fd724c50640000_p_odb__dbInst/ZN
PIN _11366_/ZN
[ERROR STA-0562] report_check_types -pins is not a known keyword or flag.
SINKS _11366_
  _b8c9734c50640000_p_odb__dbInst/A3
  _c8c8734c50640000_p_odb__dbInst/ZN
PIN _11339_/ZN
[ERROR STA-0562] report_check_types -pins is not a known keyword or flag.
SINKS _11339_
  _e893734c50640000_p_odb__dbInst/A3
  _7093734c50640000_p_odb__dbInst/ZN
PIN _11136_/ZN
[ERROR STA-0562] report_check_types -pins is not a known keyword or flag.
SINKS _11136_
  _500c734c50640000_p_odb__dbInst/A3
  _d80b734c50640000_p_odb__dbInst/ZN
PIN _11474_/ZN
[ERROR STA-0562] report_check_types -pins is not a known keyword or flag.
SINKS _11474_
  _e0fb734c50640000_p_odb__dbInst/B2
  _68fb734c50640000_p_odb__dbInst/ZN
PIN _11394_/ZN
[ERROR STA-0562] report_check_types -pins is not a known keyword or flag.
SINKS _11394_
  _1801a94c50640000_p_odb__dbInst/I
  _60d6734c50640000_p_odb__dbInst/A3
  _e8d5734c50640000_p_odb__dbInst/ZN
PIN _11408_/ZN
[ERROR STA-0562] report_check_types -pins is not a known keyword or flag.
SINKS _11408_
  _f0dc734c50640000_p_odb__dbInst/A3
  _78dc734c50640000_p_odb__dbInst/ZN
PIN _11241_/ZN
[ERROR STA-0562] report_check_types -pins is not a known keyword or flag.
SINKS _11241_
  _f865734c50640000_p_odb__dbInst/B2
  _8065734c50640000_p_odb__dbInst/ZN
ROWS
ROWMATCH _11280_ y=1154.16 row_orient=MX site=GF018hv5v_green_sc9
ROWMATCH _11106_ y=1174.32 row_orient=MX site=GF018hv5v_green_sc9
ROWMATCH _11366_ y=1184.4 row_orient=MX site=GF018hv5v_green_sc9
ROWMATCH _11339_ y=1194.48 row_orient=MX site=GF018hv5v_green_sc9
ROWMATCH _11136_ y=1285.2 row_orient=MX site=GF018hv5v_green_sc9
ROWMATCH _11474_ y=1295.28 row_orient=MX site=GF018hv5v_green_sc9
ROWMATCH _11394_ y=1345.68 row_orient=MX site=GF018hv5v_green_sc9
ROWMATCH _11408_ y=1375.92 row_orient=MX site=GF018hv5v_green_sc9
ROWMATCH _11241_ y=1486.8 row_orient=MX site=GF018hv5v_green_sc9
CHAR_DONE
