OpenROAD 26Q2-254-g61932e897 
Features included (+) or not (-): +GPU +GUI +Python
This program is licensed under the BSD-3 license. See the LICENSE file for details.
Components of this program may be licensed under more restrictive licenses which must be honored.
[INFO ODB-0388] unsupported LEF58_EOLENCLOSURE property for layer Via1 :"
  	EOLENCLOSURE 0.34 0.06 ;"
[INFO ODB-0388] unsupported LEF58_EOLENCLOSURE property for layer Via2 :" EOLENCLOSURE 0.34 0.06 ; "
[INFO ODB-0388] unsupported LEF58_EOLENCLOSURE property for layer Via3 :" EOLENCLOSURE 0.34 0.06 ; "
[INFO ODB-0388] unsupported LEF58_EOLENCLOSURE property for layer Via4 :" EOLENCLOSURE 0.34 0.06 ; "
[INFO ODB-0227] LEF file: /foss/pdks/gf180mcuD/libs.ref/gf180mcu_fd_sc_mcu9t5v0/techlef/gf180mcu_fd_sc_mcu9t5v0__nom.tlef, created 15 layers, 56 vias
[WARNING ODB-0220] WARNING (LEFPARS-2008): NOWIREEXTENSIONATPIN statement is obsolete in version 5.6 or later.
The NOWIREEXTENSIONATPIN statement will be ignored. See file /foss/pdks/gf180mcuD/libs.ref/gf180mcu_fd_sc_mcu9t5v0/lef/gf180mcu_fd_sc_mcu9t5v0.lef at line 2.

[INFO ODB-0227] LEF file: /foss/pdks/gf180mcuD/libs.ref/gf180mcu_fd_sc_mcu9t5v0/lef/gf180mcu_fd_sc_mcu9t5v0.lef, created 229 library cells
[WARNING ODB-0220] WARNING (LEFPARS-2008): NOWIREEXTENSIONATPIN statement is obsolete in version 5.6 or later.
The NOWIREEXTENSIONATPIN statement will be ignored. See file /foss/pdks/gf180mcuD/libs.ref/gf180mcu_fd_ip_sram/lef/gf180mcu_fd_ip_sram__sram256x8m8wm1.lef at line 2.

[INFO ODB-0227] LEF file: /foss/pdks/gf180mcuD/libs.ref/gf180mcu_fd_ip_sram/lef/gf180mcu_fd_ip_sram__sram256x8m8wm1.lef, created 1 library cells
[INFO GRT-0020] Min routing layer: Metal2
[INFO GRT-0021] Max routing layer: Metal5
[INFO GRT-0022] Global adjustment: 0%
[INFO GRT-0023] Grid origin: (0, 0)
[INFO GRT-0088] Layer Metal1  Track-Pitch = 0.5600  line-2-Via Pitch: 0.4750
[INFO GRT-0088] Layer Metal2  Track-Pitch = 0.5600  line-2-Via Pitch: 0.5600
[INFO GRT-0088] Layer Metal3  Track-Pitch = 0.5600  line-2-Via Pitch: 0.5600
[INFO GRT-0088] Layer Metal4  Track-Pitch = 0.5600  line-2-Via Pitch: 0.5600
[INFO GRT-0088] Layer Metal5  Track-Pitch = 0.9000  line-2-Via Pitch: 0.8200
[INFO GRT-0003] Macros: 2
[INFO GRT-0004] Blockages: 4
[INFO GRT-0019] Found 135 clock nets.
[INFO GRT-0001] Minimum degree: 2
[INFO GRT-0002] Maximum degree: 3

[INFO GRT-0053] Routing resources analysis:
          Routing      Original      Derated      Resource
Layer     Direction    Resources     Resources    Reduction (%)
---------------------------------------------------------------
Metal1     Horizontal          0             0          0.00%
Metal2     Vertical       210230        137263          34.71%
Metal3     Horizontal     240134        157629          34.36%
Metal4     Vertical       339167        225495          33.52%
Metal5     Horizontal     229870        153408          33.26%
---------------------------------------------------------------

[INFO GRT-0197] Via related to pin nodes: 93
[INFO GRT-0198] Via related Steiner nodes: 0
[INFO GRT-0199] Via filling finished.
[INFO GRT-0111] Final number of vias: 133
[INFO GRT-0112] Final usage 3D: 1308

[INFO GRT-0096] Final congestion report:
Layer         Resource        Demand        Usage (%)    Max H / Max V / Total Overflow
---------------------------------------------------------------------------------------
Metal1               0             0            0.00%             0 /  0 /  0
Metal2          137263            30            0.02%             0 /  0 /  0
Metal3          157629            50            0.03%             0 /  0 /  0
Metal4          225495           829            0.37%             0 /  0 /  0
Metal5          153408             0            0.00%             0 /  0 /  0
---------------------------------------------------------------------------------------
Total           673795           909            0.13%             0 /  0 /  0

[INFO GRT-0018] Total wirelength: 7971 um
[INFO GRT-0014] Routed nets: 27
[INFO GRT-0303] Global routing runtime = 00:00:00
[INFO DRT-0149] Reading tech and libs.
[WARNING DRT-0349] LEF58_ENCLOSURE with no CUTCLASS is not supported. Skipping for layer Via1
[WARNING DRT-0349] LEF58_ENCLOSURE with no CUTCLASS is not supported. Skipping for layer Via1
[WARNING DRT-0349] LEF58_ENCLOSURE with no CUTCLASS is not supported. Skipping for layer Via2
[WARNING DRT-0349] LEF58_ENCLOSURE with no CUTCLASS is not supported. Skipping for layer Via2
[WARNING DRT-0349] LEF58_ENCLOSURE with no CUTCLASS is not supported. Skipping for layer Via3
[WARNING DRT-0349] LEF58_ENCLOSURE with no CUTCLASS is not supported. Skipping for layer Via3
[WARNING DRT-0349] LEF58_ENCLOSURE with no CUTCLASS is not supported. Skipping for layer Via4
[WARNING DRT-0349] LEF58_ENCLOSURE with no CUTCLASS is not supported. Skipping for layer Via4

Units:                2000
Number of layers:     11
Number of macros:     230
Number of vias:       88
Number of viarulegen: 16

[INFO DRT-0150] Reading design.

Design:                   butterfold_top
Die area:                 ( 0 0 ) ( 2220000 3350000 )
Number of track patterns: 10
Number of DEF vias:       0
Number of components:     53735
Number of terminals:      23
Number of snets:          2
Number of nets:           11693

[INFO DRT-0167] List of default vias:
  Layer Via2
    default via: Via2_VH
  Layer Via3
    default via: Via3_HV
  Layer Via4
    default via: Via4_VH
[INFO DRT-0162] Library cell analysis.
[INFO DRT-0163] Instance analysis.
[INFO DRT-0164] Number of unique instances = 218.
[INFO DRT-0168] Init region query.
[INFO DRT-0024]   Complete Poly2.
[INFO DRT-0024]   Complete CON.
[INFO DRT-0024]   Complete Metal1.
[INFO DRT-0024]   Complete Via1.
[INFO DRT-0024]   Complete Metal2.
[INFO DRT-0024]   Complete Via2.
[INFO DRT-0024]   Complete Metal3.
[INFO DRT-0024]   Complete Via3.
[INFO DRT-0024]   Complete Metal4.
[INFO DRT-0024]   Complete Via4.
[INFO DRT-0024]   Complete Metal5.
[INFO DRT-0033] Poly2 shape region query size = 0.
[INFO DRT-0033] CON shape region query size = 0.
[INFO DRT-0033] Metal1 shape region query size = 934018.
[INFO DRT-0033] Via1 shape region query size = 6732.
[INFO DRT-0033] Metal2 shape region query size = 4771.
[INFO DRT-0033] Via2 shape region query size = 6739.
[INFO DRT-0033] Metal3 shape region query size = 5152.
[INFO DRT-0033] Via3 shape region query size = 8240.
[INFO DRT-0033] Metal4 shape region query size = 2535.
[INFO DRT-0033] Via4 shape region query size = 1801.
[INFO DRT-0033] Metal5 shape region query size = 223.
[INFO DRT-0165] Start pin access.
[INFO DRT-0076]   Complete 1000 pins.
[INFO DRT-0078]   Complete 1670 pins.
[INFO DRT-0079]   Complete 100 unique inst patterns.
[INFO DRT-0079]   Complete 200 unique inst patterns.
[INFO DRT-0081]   Complete 212 unique inst patterns.
[INFO DRT-0082]   Complete 10000 groups.
[INFO DRT-0084]   Complete 11760 groups.
#scanned instances     = 53735
#unique  instances     = 218
#stdCellGenAp          = 7256
#stdCellValidPlanarAp  = 0
#stdCellValidViaAp     = 5330
#stdCellPinNoAp        = 0
#stdCellPinCnt         = 42643
#instTermValidViaApCnt = 0
#macroGenAp            = 1120
#macroValidPlanarAp    = 1120
#macroValidViaAp       = 344
#macroNoAp             = 0
[INFO DRT-0166] Complete pin access.
[INFO DRT-0267] cpu time = 00:00:22, elapsed time = 00:00:22, memory = 478.32 (MB), peak = 501.84 (MB)
[INFO DRT-0156] guideIn read 100000 guides.

[INFO DRT-0157] Number of guides:     129757

[INFO DRT-0169] Post process guides.
[INFO DRT-0176] GCELLGRID X 0 DO 132 STEP 16800 ;
[INFO DRT-0177] GCELLGRID Y 0 DO 199 STEP 16800 ;
[INFO DRT-0026]   Complete 100000 origin guides.
[INFO DRT-0028]   Complete Poly2.
[INFO DRT-0028]   Complete CON.
[INFO DRT-0028]   Complete Metal1.
[INFO DRT-0028]   Complete Via1.
[INFO DRT-0028]   Complete Metal2.
[INFO DRT-0028]   Complete Via2.
[INFO DRT-0028]   Complete Metal3.
[INFO DRT-0028]   Complete Via3.
[INFO DRT-0028]   Complete Metal4.
[INFO DRT-0028]   Complete Via4.
[INFO DRT-0028]   Complete Metal5.
[INFO DRT-0178] Init guide query.
[INFO DRT-0035]   Complete Poly2 (guide).
[INFO DRT-0035]   Complete CON (guide).
[INFO DRT-0035]   Complete Metal1 (guide).
[INFO DRT-0035]   Complete Via1 (guide).
[INFO DRT-0035]   Complete Metal2 (guide).
[INFO DRT-0035]   Complete Via2 (guide).
[INFO DRT-0035]   Complete Metal3 (guide).
[INFO DRT-0035]   Complete Via3 (guide).
[INFO DRT-0035]   Complete Metal4 (guide).
[INFO DRT-0035]   Complete Via4 (guide).
[INFO DRT-0035]   Complete Metal5 (guide).
[INFO DRT-0036] Poly2 guide region query size = 0.
[INFO DRT-0036] CON guide region query size = 0.
[INFO DRT-0036] Metal1 guide region query size = 40650.
[INFO DRT-0036] Via1 guide region query size = 0.
[INFO DRT-0036] Metal2 guide region query size = 40926.
[INFO DRT-0036] Via2 guide region query size = 0.
[INFO DRT-0036] Metal3 guide region query size = 22571.
[INFO DRT-0036] Via3 guide region query size = 0.
[INFO DRT-0036] Metal4 guide region query size = 2082.
[INFO DRT-0036] Via4 guide region query size = 0.
[INFO DRT-0036] Metal5 guide region query size = 508.
[INFO DRT-0179] Init gr pin query.
[INFO DRT-0267] cpu time = 00:00:00, elapsed time = 00:00:00, memory = 525.29 (MB), peak = 524.75 (MB)
[INFO DRT-0245] skipped writing guide updates to database.
[INFO DRT-0181] Start track assignment.
[INFO DRT-0184] Done with 43008 vertical wires in 3 frboxes and 63729 horizontal wires in 4 frboxes.
[INFO DRT-0186] Done with 11521 vertical wires in 3 frboxes and 6959 horizontal wires in 4 frboxes.
[INFO DRT-0182] Complete track assignment.
[INFO DRT-0267] cpu time = 00:00:06, elapsed time = 00:00:06, memory = 790.96 (MB), peak = 790.66 (MB)
[INFO DRT-0187] Start routing data preparation.
[INFO DRT-0267] cpu time = 00:00:00, elapsed time = 00:00:00, memory = 790.96 (MB), peak = 790.66 (MB)
[INFO DRT-0194] Start detail routing.
[INFO DRT-0195] Start 0th optimization iteration.
    Completing 10% with 0 violations.
    elapsed time = 00:00:12, memory = 791.15 (MB).
    Completing 20% with 0 violations.
    elapsed time = 00:00:24, memory = 958.00 (MB).
    Completing 30% with 58845 violations.
    elapsed time = 00:00:32, memory = 995.25 (MB).
    Completing 40% with 58845 violations.
    elapsed time = 00:00:47, memory = 995.26 (MB).
    Completing 50% with 58845 violations.
    elapsed time = 00:00:57, memory = 1011.38 (MB).
[ERROR DRT-1010] Unsupported non-orthogonal wire begin=(112.84, 721) end=(114.52, 699.72), layer Metal2 on net u_transform_scheduler_core.u_fft_scratch_sram.u_lo.macro_wdata\[1\]
[ERROR DRT-1010] Unsupported non-orthogonal wire begin=(214.76, 721) end=(215.88, 694.68), layer Metal2 on net u_transform_scheduler_core.u_fft_scratch_sram.u_lo.macro_addr\[1\]
[ERROR DRT-1010] Unsupported non-orthogonal wire begin=(303.8, 721) end=(309.4, 691.88), layer Metal2 on net u_transform_scheduler_core.u_fft_scratch_sram.u_lo.macro_cen
    Completing 60% with 116088 violations.
    elapsed time = 00:01:08, memory = 1029.70 (MB).
[ERROR DRT-1010] Unsupported non-orthogonal wire begin=(335.16, 1670.76) end=(335.41, 1674.12), layer Metal3 on net dout[2]
[ERROR DRT-1010] Unsupported non-orthogonal wire begin=(434.84, 1670.76) end=(435.41, 1674.12), layer Metal2 on net dout[1]
[ERROR DRT-1010] Unsupported non-orthogonal wire begin=(535.08, 1670.76) end=(535.41, 1674.12), layer Metal3 on net dout[0]
[ERROR DRT-1010] Unsupported non-orthogonal wire begin=(700.84, 694.68) end=(702.52, 721), layer Metal2 on net u_transform_scheduler_core.u_fft_scratch_sram.u_hi.macro_addr\[0\]
[ERROR DRT-1010] Unsupported non-orthogonal wire begin=(797.72, 698.6) end=(800.52, 721), layer Metal2 on net u_transform_scheduler_core.u_fft_scratch_sram.u_hi.macro_addr\[6\]
    Completing 70% with 116088 violations.
    elapsed time = 00:01:20, memory = 1029.70 (MB).
DRT_WARN DRT-1010
ANT
[INFO ANT-0002] Found 0 net violations.
[INFO ANT-0001] Found 0 pin violations.
PG_VDD
[INFO PSM-0040] All shapes on net VDD are connected.
VDD_OK
PG_VSS
[INFO PSM-0040] All shapes on net VSS are connected.
VSS_OK
[INFO RCX-0435] Reading extraction model file /foss/pdks/gf180mcuD/libs.tech/librelane/rules.openrcx.gf180mcuD.max ...
[INFO RCX-0434] Defined process_corner MinMax0 with ext_model_index 0 (using extRulesFile defaults)
[INFO RCX-0436] RC segment generation butterfold_top (max_merge_res 50.0) ...
[WARNING RCX-0114] Net 10424 u_transform_scheduler_core.u_fft_scratch_sram.u_lo.macro_gwen does not start from an iterm or a bterm.
[INFO RCX-0040] Final 57078 rc segments
[INFO RCX-0439] Coupling Cap extraction butterfold_top ...
[INFO RCX-0440] Coupling threshhold is 0.1000 fF, coupling capacitance less than 0.1000 fF will be grounded.
[INFO RCX-0442] 16% of 101279 wires extracted
[INFO RCX-0442] 47% of 101279 wires extracted
[INFO RCX-0442] 100% of 101279 wires extracted
[INFO RCX-0045] Extract 11693 nets, 68744 rsegs, 68744 caps, 170166 ccs
[INFO RCX-0443] 11693 nets finished
SETUP_WNS
wns max 0.00
SETUP_TNS
tns max 0.00
ELEC
CO6A27E_DONE
