Reading timing models for corner nom_tt_025C_5v00…
Reading timing library for the 'nom_tt_025C_5v00' corner at '/foss/pdks/gf180mcuD/libs.ref/gf180mcu_fd_sc_mcu9t5v0/lib/gf180mcu_fd_sc_mcu9t5v0__tt_025C_5v00.lib'…
Reading timing library for the 'nom_tt_025C_5v00' corner at '/foss/pdks/gf180mcuD/libs.ref/gf180mcu_fd_ip_sram/lib/gf180mcu_fd_ip_sram__sram256x8m8wm1__tt_025C_5v00.lib'…
Reading OpenROAD database at '/headless/aravindustries-repos/butterfold/butterfold_proto/physical/librelane/runs/butterfold_top_9t_dft12_writeback_isolation/17-openroad-generatepdn/butterfold_top.odb'…
Reading design constraints file at '/headless/aravindustries-repos/butterfold/butterfold_proto/physical/constraints.sdc'…
[INFO] No information on clock propagation in input SDC file-- propagating all clocks.
+ global_placement -density 0.65 -skip_io -pad_right 0 -pad_left 0 -init_wirelength_coef 0.25
[INFO GPL-0001] ---- Initialize GPL Main Data Structures
[INFO GPL-0002] DBU: 2000
[INFO GPL-0003] SiteSize: (  0.560  5.040 ) um
[INFO GPL-0004] CoreBBox: (  6.720 20.160 ) ( 1084.160 1093.680 ) um
[INFO GPL-0036] Movable instances area:     402434.726 um^2
[INFO GPL-0037] Total instances area:       726564.787 um^2
[INFO GPL-0035] Pin density area adjust:     38224.672 um^2
[INFO GPL-0032] ---- Initialize Region: Top-level
[INFO GPL-0006] Number of instances:             15502
[INFO GPL-0007] Movable instances:               11063
[INFO GPL-0008] Fixed instances:                  4155
[INFO GPL-0009] Dummy instances:                   284
[INFO GPL-0010] Number of nets:                  11090
[INFO GPL-0011] Number of pins:                  41190
[INFO GPL-0012] Die BBox:  (  0.000  0.000 ) ( 1091.140 1118.020 ) um
[INFO GPL-0013] Core BBox: (  6.720 20.160 ) ( 1084.160 1093.680 ) um
[INFO GPL-0016] Core area:                  1156653.389 um^2
[INFO GPL-0014] Region name: top-level.
[INFO GPL-0015] Region area:                1156653.389 um^2
[INFO GPL-0017] Fixed instances area:       356395.738 um^2
[INFO GPL-0018] Movable instances area:     440659.399 um^2
[INFO GPL-0019] Utilization:                    55.065 %
[INFO GPL-0020] Standard cells area:        440659.399 um^2
[INFO GPL-0021] Large instances area:            0.000 um^2
[INFO GPL-0005] ---- Execute Conjugate Gradient Initial Placement.
[INFO GPL-0051] Source of initial instance position counters:
	Odb location = 0	Core center = 11063	Region center = 0
[INFO GPL-0033] ---- Initialize Nesterov Region: Top-level
[INFO GPL-0023] Placement target density:       0.6500
[INFO GPL-0024] Movable insts average area:     39.832 um^2
[INFO GPL-0025] Ideal bin area:                 61.280 um^2
[INFO GPL-0026] Ideal bin count:                 18874
[INFO GPL-0027] Total bin area:             1156653.389 um^2
[INFO GPL-0028] Bin count (X, Y):         128 ,    128
[INFO GPL-0029] Bin size (W * H):       8.418 *  8.387 um
[INFO GPL-0030] Number of bins:                  16384
[INFO GPL-0007] ---- Execute Nesterov Global Placement.
[INFO GPL-0031] HPWL: Half-Perimeter Wirelength
Iteration | Overflow |     HPWL (um) |  HPWL(%) |   Penalty | Group
---------------------------------------------------------------
        0 |   0.9959 |  6.077798e+04 |   +0.00% |  6.11e-17 |      
       10 |   0.9881 |  6.979710e+04 |  +14.84% |  9.93e-17 |      
       20 |   0.9864 |  7.350914e+04 |   +5.32% |  1.62e-16 |      
       30 |   0.9861 |  7.512008e+04 |   +2.19% |  2.63e-16 |      
       40 |   0.9857 |  7.572615e+04 |   +0.81% |  4.29e-16 |      
       50 |   0.9855 |  7.582859e+04 |   +0.14% |  6.98e-16 |      
       60 |   0.9854 |  7.578680e+04 |   -0.06% |  1.14e-15 |      
       70 |   0.9855 |  7.552378e+04 |   -0.35% |  1.85e-15 |      
       80 |   0.9858 |  7.504749e+04 |   -0.63% |  3.02e-15 |      
       90 |   0.9859 |  7.455612e+04 |   -0.65% |  4.92e-15 |      
      100 |   0.9863 |  7.432208e+04 |   -0.31% |  8.01e-15 |      
      110 |   0.9864 |  7.473239e+04 |   +0.55% |  1.30e-14 |      
      120 |   0.9859 |  7.637440e+04 |   +2.20% |  2.12e-14 |      
      130 |   0.9854 |  8.001044e+04 |   +4.76% |  3.46e-14 |      
      140 |   0.9837 |  8.635802e+04 |   +7.93% |  5.62e-14 |      
      150 |   0.9805 |  9.562623e+04 |  +10.73% |  9.14e-14 |      
      160 |   0.9766 |  1.083313e+05 |  +13.29% |  1.49e-13 |      
      170 |   0.9690 |  1.252099e+05 |  +15.58% |  2.41e-13 |      
      180 |   0.9567 |  1.472559e+05 |  +17.61% |  3.91e-13 |      
      190 |   0.9377 |  1.740365e+05 |  +18.19% |  6.33e-13 |      
      200 |   0.9132 |  2.042537e+05 |  +17.36% |  1.02e-12 |      
      210 |   0.8819 |  2.364814e+05 |  +15.78% |  1.66e-12 |      
      220 |   0.8480 |  2.693396e+05 |  +13.89% |  2.68e-12 |      
      230 |   0.8140 |  3.024056e+05 |  +12.28% |  4.33e-12 |      
      240 |   0.7762 |  3.355443e+05 |  +10.96% |  7.01e-12 |      
      250 |   0.7328 |  3.676504e+05 |   +9.57% |  1.13e-11 |      
      260 |   0.6952 |  3.989109e+05 |   +8.50% |  1.83e-11 |      
      270 |   0.6513 |  4.306755e+05 |   +7.96% |  2.97e-11 |      
      280 |   0.6047 |  4.488802e+05 |   +4.23% |  4.81e-11 |      
      290 |   0.5578 |  4.694271e+05 |   +4.58% |  7.80e-11 |      
      300 |   0.5134 |  4.872239e+05 |   +3.79% |  1.27e-10 |      
      310 |   0.4860 |  4.959678e+05 |   +1.79% |  2.06e-10 |      
      320 |   0.4479 |  4.971489e+05 |   +0.24% |  3.35e-10 |      
      330 |   0.4099 |  5.016774e+05 |   +0.91% |  5.45e-10 |      
      340 |   0.3732 |  5.067117e+05 |   +1.00% |  8.86e-10 |      
      350 |   0.3354 |  5.112569e+05 |   +0.90% |  1.41e-09 |      
      360 |   0.3037 |  5.088283e+05 |   -0.48% |  2.08e-09 |      
      370 |   0.2714 |  5.087794e+05 |   -0.01% |  3.07e-09 |      
      380 |   0.2423 |  5.075463e+05 |   -0.24% |  4.52e-09 |      
      390 |   0.2143 |  5.063697e+05 |   -0.23% |  6.66e-09 |      
      400 |   0.1909 |  5.051806e+05 |   -0.23% |  9.81e-09 |      
      410 |   0.1686 |  5.044331e+05 |   -0.15% |  1.44e-08 |      
      420 |   0.1471 |  5.043361e+05 |   -0.02% |  2.13e-08 |      
      430 |   0.1296 |  5.045036e+05 |   +0.03% |  3.13e-08 |      
      440 |   0.1131 |  5.050701e+05 |   +0.11% |  4.62e-08 |      
      449 |   0.0989 |  5.060075e+05 |          |  6.80e-08 |      
---------------------------------------------------------------
[INFO GPL-1001] Global placement finished at iteration 449
[INFO GPL-1002] Placed Cell Area            440659.3989
[INFO GPL-1003] Available Free Area         800257.6512
[INFO GPL-1004] Minimum Feasible Density        0.5600 (cell_area / free_area)
[INFO GPL-1006]   Suggested Target Densities:
[INFO GPL-1007]     - For 90% usage of free space: 0.6118
[INFO GPL-1008]     - For 80% usage of free space: 0.6883
[INFO GPL-1014] Final placement area: 440659.40 (+0.00%)
Setting global connections for newly added cells…
[INFO] Setting global connections...
.*u_lo.*u_sram matched with u_transform_scheduler_core.u_fft_scratch_sram.u_lo.u_sram
.*u_hi.*u_sram matched with u_transform_scheduler_core.u_fft_scratch_sram.u_hi.u_sram
[INFO ODB-0403] 0 connections made, 0 conflicts skipped.
Updating metrics…
Cell type report:                       Count       Area
  Macro                                     2  294424.87
  Endcap cell                             718    4052.97
  Tap cell                               4153   23442.85
  Buffer                                   32    1264.44
  Inverter                                486    5520.61
  Sequential cell                        1991  173814.68
  Multi-Input combinational cell         8554  221835.00
  Total                                 15936  724355.42
Writing OpenROAD database to '/headless/aravindustries-repos/butterfold/butterfold_proto/physical/librelane/runs/butterfold_top_9t_dft12_writeback_isolation/20-openroad-globalplacementskipio/butterfold_top.odb'…
Writing netlist to '/headless/aravindustries-repos/butterfold/butterfold_proto/physical/librelane/runs/butterfold_top_9t_dft12_writeback_isolation/20-openroad-globalplacementskipio/butterfold_top.nl.v'…
Writing powered netlist to '/headless/aravindustries-repos/butterfold/butterfold_proto/physical/librelane/runs/butterfold_top_9t_dft12_writeback_isolation/20-openroad-globalplacementskipio/butterfold_top.pnl.v'…
Writing layout to '/headless/aravindustries-repos/butterfold/butterfold_proto/physical/librelane/runs/butterfold_top_9t_dft12_writeback_isolation/20-openroad-globalplacementskipio/butterfold_top.def'…
Writing timing constraints to '/headless/aravindustries-repos/butterfold/butterfold_proto/physical/librelane/runs/butterfold_top_9t_dft12_writeback_isolation/20-openroad-globalplacementskipio/butterfold_top.sdc'…
