
===========================================================================
report_checks -unconstrained
===========================================================================
======================= min_tt_025C_5v00 Corner ===================================

Startpoint: rst_n (input port clocked by clk)
Endpoint: _224_ (recovery check against rising-edge clock clk)
Path Group: asynchronous
Path Type: max

Fanout         Cap        Slew       Delay        Time   Description
---------------------------------------------------------------------------------------------
                                  0.000000    0.000000   clock clk (rise edge)
                                  0.000000    0.000000   clock network delay (propagated)
                                  3.200000    3.200000 ^ input external delay
     2    0.006345    0.061320    0.016770    3.216770 ^ rst_n (in)
                                                         rst_n (net)
                      0.061320    0.000000    3.216770 ^ input123/I (gf180mcu_fd_sc_mcu7t5v0__dlyb_1)
     7    0.063566    1.069371    1.414091    4.630861 ^ input123/Z (gf180mcu_fd_sc_mcu7t5v0__dlyb_1)
                                                         net123 (net)
                      1.069376    0.001293    4.632154 ^ _224_/RN (gf180mcu_fd_sc_mcu7t5v0__dffrnq_1)
                                              4.632154   data arrival time

                                 16.000000   16.000000   clock clk (rise edge)
                                  0.000000   16.000000   clock source latency
     2    0.030153    0.000000    0.000000   16.000000 ^ clk (in)
                                                         clk (net)
                      0.000507    0.000208   16.000208 ^ clkbuf_0_clk/I (gf180mcu_fd_sc_mcu7t5v0__clkbuf_16)
     2    0.048908    0.113940    0.225738   16.225946 ^ clkbuf_0_clk/Z (gf180mcu_fd_sc_mcu7t5v0__clkbuf_16)
                                                         clknet_0_clk (net)
                      0.113941    0.000616   16.226562 ^ clkbuf_1_0__f_clk/I (gf180mcu_fd_sc_mcu7t5v0__clkbuf_16)
     4    0.019573    0.088044    0.225679   16.452240 ^ clkbuf_1_0__f_clk/Z (gf180mcu_fd_sc_mcu7t5v0__clkbuf_16)
                                                         clknet_1_0__leaf_clk (net)
                      0.088044    0.000448   16.452688 ^ _224_/CLK (gf180mcu_fd_sc_mcu7t5v0__dffrnq_1)
                                 -0.250000   16.202690   clock uncertainty
                                  0.000000   16.202690   clock reconvergence pessimism
                                  0.030662   16.233351   library recovery time
                                             16.233351   data required time
---------------------------------------------------------------------------------------------
                                             16.233351   data required time
                                             -4.632154   data arrival time
---------------------------------------------------------------------------------------------
                                             11.601197   slack (MET)


Startpoint: result_radix_i[0] (input port clocked by clk)
Endpoint: result_ready_o (output port clocked by clk)
Path Group: clk
Path Type: max

Fanout         Cap        Slew       Delay        Time   Description
---------------------------------------------------------------------------------------------
                                  0.000000    0.000000   clock clk (rise edge)
                                  0.000000    0.000000   clock network delay (propagated)
                                  3.200000    3.200000 ^ input external delay
     2    0.008675    0.070817    0.022741    3.222741 ^ result_radix_i[0] (in)
                                                         result_radix_i[0] (net)
                      0.070817    0.000000    3.222741 ^ input120/I (gf180mcu_fd_sc_mcu7t5v0__dlyb_1)
     2    0.151915    2.476651    2.224319    5.447060 ^ input120/Z (gf180mcu_fd_sc_mcu7t5v0__dlyb_1)
                                                         net120 (net)
                      2.477303    0.022662    5.469722 ^ _111_/A3 (gf180mcu_fd_sc_mcu7t5v0__and4_1)
     1    0.006780    0.270111    0.617515    6.087237 ^ _111_/Z (gf180mcu_fd_sc_mcu7t5v0__and4_1)
                                                         _013_ (net)
                      0.270111    0.000181    6.087418 ^ _113_/A2 (gf180mcu_fd_sc_mcu7t5v0__oai211_1)
     4    0.024656    0.740912    0.430104    6.517522 v _113_/ZN (gf180mcu_fd_sc_mcu7t5v0__oai211_1)
                                                         _015_ (net)
                      0.740912    0.000579    6.518101 v _114_/A2 (gf180mcu_fd_sc_mcu7t5v0__nor2_1)
     4    0.017877    0.689091    0.529235    7.047336 ^ _114_/ZN (gf180mcu_fd_sc_mcu7t5v0__nor2_1)
                                                         _002_ (net)
                      0.689091    0.000162    7.047497 ^ _117_/A2 (gf180mcu_fd_sc_mcu7t5v0__and2_1)
     1    0.004913    0.162378    0.325554    7.373051 ^ _117_/Z (gf180mcu_fd_sc_mcu7t5v0__and2_1)
                                                         net135 (net)
                      0.162378    0.000095    7.373147 ^ output135/I (gf180mcu_fd_sc_mcu7t5v0__dlyb_1)
     1    0.051033    0.870307    1.314369    8.687516 ^ output135/Z (gf180mcu_fd_sc_mcu7t5v0__dlyb_1)
                                                         result_ready_o (net)
                      0.870307    0.000841    8.688357 ^ result_ready_o (out)
                                              8.688357   data arrival time

                                 16.000000   16.000000   clock clk (rise edge)
                                  0.000000   16.000000   clock network delay (propagated)
                                 -0.250000   15.750001   clock uncertainty
                                  0.000000   15.750001   clock reconvergence pessimism
                                 -3.200000   12.550000   output external delay
                                             12.550000   data required time
---------------------------------------------------------------------------------------------
                                             12.550000   data required time
                                             -8.688357   data arrival time
---------------------------------------------------------------------------------------------
                                              3.861644   slack (MET)




===========================================================================
report_checks --slack_max -0.01
============================================================================
======================= min_tt_025C_5v00 Corner ===================================

No paths found.


===========================================================================
 report_check_types -max_slew -max_cap -max_fanout -violators
============================================================================
======================= min_tt_025C_5v00 Corner ===================================



===========================================================================
report_parasitic_annotation -report_unannotated
============================================================================
Found 1 unannotated drivers.
 clkload0/Z
Found 0 partially unannotated drivers.

===========================================================================
max slew violation count 0
max fanout violation count 0
max cap violation count 0
============================================================================

===========================================================================
check_setup -verbose -unconstrained_endpoints -multiple_clock -no_clock -no_input_delay -loops -generated_clocks
===========================================================================
