
===========================================================================
report_checks -path_delay max (Setup)
============================================================================
======================= max_ff_n40C_5v50 Corner ===================================

Startpoint: u_sram (rising edge-triggered flip-flop clocked by clk)
Endpoint: q[3] (output port clocked by clk)
Path Group: clk
Path Type: max

Fanout         Cap        Slew       Delay        Time   Description
---------------------------------------------------------------------------------------------
                                  0.000000    0.000000   clock clk (rise edge)
                                  0.000000    0.000000   clock source latency
     4    0.068518    0.204973    0.113812    0.113812 ^ clk (in)
                                                         clk (net)
                      0.205136    0.000000    0.113812 ^ clkbuf_0_clk/I (gf180mcu_fd_sc_mcu7t5v0__clkbuf_16)
     1    0.023304    0.060117    0.175029    0.288841 ^ clkbuf_0_clk/Z (gf180mcu_fd_sc_mcu7t5v0__clkbuf_16)
                                                         clknet_0_clk (net)
                      0.060117    0.000270    0.289111 ^ clkbuf_1_0__f_clk/I (gf180mcu_fd_sc_mcu7t5v0__clkbuf_16)
     1    0.285514    0.212843    0.245778    0.534888 ^ clkbuf_1_0__f_clk/Z (gf180mcu_fd_sc_mcu7t5v0__clkbuf_16)
                                                         clknet_1_0__leaf_clk (net)
                      0.213844    0.008004    0.542893 ^ u_sram/CLK (gf180mcu_fd_ip_sram__sram64x8m8wm1)
     1    0.013697    0.510984   16.256466   16.799358 v u_sram/Q[3] (gf180mcu_fd_ip_sram__sram64x8m8wm1)
                                                         net5 (net)
                      0.510984    0.000403   16.799763 v output5/I (gf180mcu_fd_sc_mcu7t5v0__dlyb_1)
     1    0.073955    0.529009    1.063603   17.863365 v output5/Z (gf180mcu_fd_sc_mcu7t5v0__dlyb_1)
                                                         q[3] (net)
                      0.529018    0.001254   17.864618 v q[3] (out)
                                             17.864618   data arrival time

                                 50.000000   50.000000   clock clk (rise edge)
                                  0.000000   50.000000   clock network delay (propagated)
                                 -0.250000   49.749996   clock uncertainty
                                  0.000000   49.749996   clock reconvergence pessimism
                                -10.000000   39.749996   output external delay
                                             39.749996   data required time
---------------------------------------------------------------------------------------------
                                             39.749996   data required time
                                            -17.864618   data arrival time
---------------------------------------------------------------------------------------------
                                             21.885378   slack (MET)


Startpoint: u_sram (rising edge-triggered flip-flop clocked by clk)
Endpoint: q[2] (output port clocked by clk)
Path Group: clk
Path Type: max

Fanout         Cap        Slew       Delay        Time   Description
---------------------------------------------------------------------------------------------
                                  0.000000    0.000000   clock clk (rise edge)
                                  0.000000    0.000000   clock source latency
     4    0.068518    0.204973    0.113812    0.113812 ^ clk (in)
                                                         clk (net)
                      0.205136    0.000000    0.113812 ^ clkbuf_0_clk/I (gf180mcu_fd_sc_mcu7t5v0__clkbuf_16)
     1    0.023304    0.060117    0.175029    0.288841 ^ clkbuf_0_clk/Z (gf180mcu_fd_sc_mcu7t5v0__clkbuf_16)
                                                         clknet_0_clk (net)
                      0.060117    0.000270    0.289111 ^ clkbuf_1_0__f_clk/I (gf180mcu_fd_sc_mcu7t5v0__clkbuf_16)
     1    0.285514    0.212843    0.245778    0.534888 ^ clkbuf_1_0__f_clk/Z (gf180mcu_fd_sc_mcu7t5v0__clkbuf_16)
                                                         clknet_1_0__leaf_clk (net)
                      0.213844    0.008004    0.542893 ^ u_sram/CLK (gf180mcu_fd_ip_sram__sram64x8m8wm1)
     1    0.013534    0.510549   16.255932   16.798824 v u_sram/Q[2] (gf180mcu_fd_ip_sram__sram64x8m8wm1)
                                                         net4 (net)
                      0.510549    0.000405   16.799229 v output4/I (gf180mcu_fd_sc_mcu7t5v0__dlyb_1)
     1    0.074114    0.530013    1.064633   17.863861 v output4/Z (gf180mcu_fd_sc_mcu7t5v0__dlyb_1)
                                                         q[2] (net)
                      0.530015    0.000625   17.864487 v q[2] (out)
                                             17.864487   data arrival time

                                 50.000000   50.000000   clock clk (rise edge)
                                  0.000000   50.000000   clock network delay (propagated)
                                 -0.250000   49.749996   clock uncertainty
                                  0.000000   49.749996   clock reconvergence pessimism
                                -10.000000   39.749996   output external delay
                                             39.749996   data required time
---------------------------------------------------------------------------------------------
                                             39.749996   data required time
                                            -17.864487   data arrival time
---------------------------------------------------------------------------------------------
                                             21.885509   slack (MET)


Startpoint: u_sram (rising edge-triggered flip-flop clocked by clk)
Endpoint: q[0] (output port clocked by clk)
Path Group: clk
Path Type: max

Fanout         Cap        Slew       Delay        Time   Description
---------------------------------------------------------------------------------------------
                                  0.000000    0.000000   clock clk (rise edge)
                                  0.000000    0.000000   clock source latency
     4    0.068518    0.204973    0.113812    0.113812 ^ clk (in)
                                                         clk (net)
                      0.205136    0.000000    0.113812 ^ clkbuf_0_clk/I (gf180mcu_fd_sc_mcu7t5v0__clkbuf_16)
     1    0.023304    0.060117    0.175029    0.288841 ^ clkbuf_0_clk/Z (gf180mcu_fd_sc_mcu7t5v0__clkbuf_16)
                                                         clknet_0_clk (net)
                      0.060117    0.000270    0.289111 ^ clkbuf_1_0__f_clk/I (gf180mcu_fd_sc_mcu7t5v0__clkbuf_16)
     1    0.285514    0.212843    0.245778    0.534888 ^ clkbuf_1_0__f_clk/Z (gf180mcu_fd_sc_mcu7t5v0__clkbuf_16)
                                                         clknet_1_0__leaf_clk (net)
                      0.213844    0.008004    0.542893 ^ u_sram/CLK (gf180mcu_fd_ip_sram__sram64x8m8wm1)
     1    0.013670    0.510913   16.256378   16.799271 v u_sram/Q[0] (gf180mcu_fd_ip_sram__sram64x8m8wm1)
                                                         net2 (net)
                      0.510913    0.000401   16.799671 v output2/I (gf180mcu_fd_sc_mcu7t5v0__dlyb_1)
     1    0.073864    0.528468    1.063231   17.862904 v output2/Z (gf180mcu_fd_sc_mcu7t5v0__dlyb_1)
                                                         q[0] (net)
                      0.528477    0.001224   17.864126 v q[0] (out)
                                             17.864126   data arrival time

                                 50.000000   50.000000   clock clk (rise edge)
                                  0.000000   50.000000   clock network delay (propagated)
                                 -0.250000   49.749996   clock uncertainty
                                  0.000000   49.749996   clock reconvergence pessimism
                                -10.000000   39.749996   output external delay
                                             39.749996   data required time
---------------------------------------------------------------------------------------------
                                             39.749996   data required time
                                            -17.864126   data arrival time
---------------------------------------------------------------------------------------------
                                             21.885870   slack (MET)


Startpoint: u_sram (rising edge-triggered flip-flop clocked by clk)
Endpoint: q[1] (output port clocked by clk)
Path Group: clk
Path Type: max

Fanout         Cap        Slew       Delay        Time   Description
---------------------------------------------------------------------------------------------
                                  0.000000    0.000000   clock clk (rise edge)
                                  0.000000    0.000000   clock source latency
     4    0.068518    0.204973    0.113812    0.113812 ^ clk (in)
                                                         clk (net)
                      0.205136    0.000000    0.113812 ^ clkbuf_0_clk/I (gf180mcu_fd_sc_mcu7t5v0__clkbuf_16)
     1    0.023304    0.060117    0.175029    0.288841 ^ clkbuf_0_clk/Z (gf180mcu_fd_sc_mcu7t5v0__clkbuf_16)
                                                         clknet_0_clk (net)
                      0.060117    0.000270    0.289111 ^ clkbuf_1_0__f_clk/I (gf180mcu_fd_sc_mcu7t5v0__clkbuf_16)
     1    0.285514    0.212843    0.245778    0.534888 ^ clkbuf_1_0__f_clk/Z (gf180mcu_fd_sc_mcu7t5v0__clkbuf_16)
                                                         clknet_1_0__leaf_clk (net)
                      0.213844    0.008004    0.542893 ^ u_sram/CLK (gf180mcu_fd_ip_sram__sram64x8m8wm1)
     1    0.013755    0.511139   16.256657   16.799549 v u_sram/Q[1] (gf180mcu_fd_ip_sram__sram64x8m8wm1)
                                                         net3 (net)
                      0.511139    0.000400   16.799948 v output3/I (gf180mcu_fd_sc_mcu7t5v0__dlyb_1)
     1    0.073771    0.527968    1.063494   17.863443 v output3/Z (gf180mcu_fd_sc_mcu7t5v0__dlyb_1)
                                                         q[1] (net)
                      0.527970    0.000547   17.863991 v q[1] (out)
                                             17.863991   data arrival time

                                 50.000000   50.000000   clock clk (rise edge)
                                  0.000000   50.000000   clock network delay (propagated)
                                 -0.250000   49.749996   clock uncertainty
                                  0.000000   49.749996   clock reconvergence pessimism
                                -10.000000   39.749996   output external delay
                                             39.749996   data required time
---------------------------------------------------------------------------------------------
                                             39.749996   data required time
                                            -17.863991   data arrival time
---------------------------------------------------------------------------------------------
                                             21.886007   slack (MET)


Startpoint: rst (input port clocked by clk)
Endpoint: _37_ (rising edge-triggered flip-flop clocked by clk)
Path Group: clk
Path Type: max

Fanout         Cap        Slew       Delay        Time   Description
---------------------------------------------------------------------------------------------
                                  0.000000    0.000000   clock clk (rise edge)
                                  0.000000    0.000000   clock network delay (propagated)
                                 10.000000   10.000000 ^ input external delay
     2    0.005007    0.084163    0.033655   10.033655 ^ rst (in)
                                                         rst (net)
                      0.084163    0.000000   10.033655 ^ input1/I (gf180mcu_fd_sc_mcu7t5v0__dlyb_1)
     4    0.124457    1.349816    1.257428   11.291083 ^ input1/Z (gf180mcu_fd_sc_mcu7t5v0__dlyb_1)
                                                         net1 (net)
                      1.352117    0.031547   11.322630 ^ _35_/A1 (gf180mcu_fd_sc_mcu7t5v0__nor2_1)
     1    0.011104    0.397904    0.134943   11.457573 v _35_/ZN (gf180mcu_fd_sc_mcu7t5v0__nor2_1)
                                                         _03_ (net)
                      0.397904    0.000329   11.457902 v _37_/D (gf180mcu_fd_sc_mcu7t5v0__dffq_1)
                                             11.457902   data arrival time

                                 50.000000   50.000000   clock clk (rise edge)
                                  0.000000   50.000000   clock source latency
     4    0.068518    0.204973    0.115410   50.115410 ^ clk (in)
                                                         clk (net)
                      0.205316    0.000000   50.115410 ^ clkbuf_regs_0_clk/I (gf180mcu_fd_sc_mcu7t5v0__clkbuf_16)
     1    0.023549    0.060262    0.175199   50.290607 ^ clkbuf_regs_0_clk/Z (gf180mcu_fd_sc_mcu7t5v0__clkbuf_16)
                                                         clk_regs (net)
                      0.060262    0.000295   50.290901 ^ clkbuf_0_clk_regs/I (gf180mcu_fd_sc_mcu7t5v0__clkbuf_16)
     2    0.047017    0.072024    0.154827   50.445728 ^ clkbuf_0_clk_regs/Z (gf180mcu_fd_sc_mcu7t5v0__clkbuf_16)
                                                         clknet_0_clk_regs (net)
                      0.072024    0.000355   50.446083 ^ clkbuf_1_0__f_clk_regs/I (gf180mcu_fd_sc_mcu7t5v0__clkbuf_16)
     2    0.007874    0.048973    0.138076   50.584160 ^ clkbuf_1_0__f_clk_regs/Z (gf180mcu_fd_sc_mcu7t5v0__clkbuf_16)
                                                         clknet_1_0__leaf_clk_regs (net)
                      0.048973    0.000043   50.584202 ^ _37_/CLK (gf180mcu_fd_sc_mcu7t5v0__dffq_1)
                                 -0.250000   50.334202   clock uncertainty
                                  0.000000   50.334202   clock reconvergence pessimism
                                 -0.243866   50.090336   library setup time
                                             50.090336   data required time
---------------------------------------------------------------------------------------------
                                             50.090336   data required time
                                            -11.457902   data arrival time
---------------------------------------------------------------------------------------------
                                             38.632439   slack (MET)


Startpoint: rst (input port clocked by clk)
Endpoint: _38_ (rising edge-triggered flip-flop clocked by clk)
Path Group: clk
Path Type: max

Fanout         Cap        Slew       Delay        Time   Description
---------------------------------------------------------------------------------------------
                                  0.000000    0.000000   clock clk (rise edge)
                                  0.000000    0.000000   clock network delay (propagated)
                                 10.000000   10.000000 v input external delay
     2    0.005007    0.049048    0.020625   10.020625 v rst (in)
                                                         rst (net)
                      0.049048    0.000000   10.020625 v input1/I (gf180mcu_fd_sc_mcu7t5v0__dlyb_1)
     4    0.124457    0.834008    1.088583   11.109208 v input1/Z (gf180mcu_fd_sc_mcu7t5v0__dlyb_1)
                                                         net1 (net)
                      0.837689    0.031553   11.140761 v _30_/A1 (gf180mcu_fd_sc_mcu7t5v0__nor3_1)
     1    0.006360    0.376547    0.394860   11.535622 ^ _30_/ZN (gf180mcu_fd_sc_mcu7t5v0__nor3_1)
                                                         _00_ (net)
                      0.376547    0.000170   11.535791 ^ _38_/D (gf180mcu_fd_sc_mcu7t5v0__dffq_1)
                                             11.535791   data arrival time

                                 50.000000   50.000000   clock clk (rise edge)
                                  0.000000   50.000000   clock source latency
     4    0.068518    0.204973    0.115410   50.115410 ^ clk (in)
                                                         clk (net)
                      0.205316    0.000000   50.115410 ^ clkbuf_regs_0_clk/I (gf180mcu_fd_sc_mcu7t5v0__clkbuf_16)
     1    0.023549    0.060262    0.175199   50.290607 ^ clkbuf_regs_0_clk/Z (gf180mcu_fd_sc_mcu7t5v0__clkbuf_16)
                                                         clk_regs (net)
                      0.060262    0.000295   50.290901 ^ clkbuf_0_clk_regs/I (gf180mcu_fd_sc_mcu7t5v0__clkbuf_16)
     2    0.047017    0.072024    0.154827   50.445728 ^ clkbuf_0_clk_regs/Z (gf180mcu_fd_sc_mcu7t5v0__clkbuf_16)
                                                         clknet_0_clk_regs (net)
                      0.072024    0.000355   50.446083 ^ clkbuf_1_0__f_clk_regs/I (gf180mcu_fd_sc_mcu7t5v0__clkbuf_16)
     2    0.007874    0.048973    0.138076   50.584160 ^ clkbuf_1_0__f_clk_regs/Z (gf180mcu_fd_sc_mcu7t5v0__clkbuf_16)
                                                         clknet_1_0__leaf_clk_regs (net)
                      0.048973    0.000036   50.584194 ^ _38_/CLK (gf180mcu_fd_sc_mcu7t5v0__dffq_1)
                                 -0.250000   50.334194   clock uncertainty
                                  0.000000   50.334194   clock reconvergence pessimism
                                 -0.151680   50.182514   library setup time
                                             50.182514   data required time
---------------------------------------------------------------------------------------------
                                             50.182514   data required time
                                            -11.535791   data arrival time
---------------------------------------------------------------------------------------------
                                             38.646725   slack (MET)


Startpoint: rst (input port clocked by clk)
Endpoint: _36_ (rising edge-triggered flip-flop clocked by clk)
Path Group: clk
Path Type: max

Fanout         Cap        Slew       Delay        Time   Description
---------------------------------------------------------------------------------------------
                                  0.000000    0.000000   clock clk (rise edge)
                                  0.000000    0.000000   clock network delay (propagated)
                                 10.000000   10.000000 ^ input external delay
     2    0.005007    0.084163    0.033655   10.033655 ^ rst (in)
                                                         rst (net)
                      0.084163    0.000000   10.033655 ^ input1/I (gf180mcu_fd_sc_mcu7t5v0__dlyb_1)
     4    0.124457    1.349816    1.257428   11.291083 ^ input1/Z (gf180mcu_fd_sc_mcu7t5v0__dlyb_1)
                                                         net1 (net)
                      1.352110    0.031498   11.322581 ^ _33_/A2 (gf180mcu_fd_sc_mcu7t5v0__nor2_1)
     1    0.005673    0.389700    0.127217   11.449799 v _33_/ZN (gf180mcu_fd_sc_mcu7t5v0__nor2_1)
                                                         _02_ (net)
                      0.389700    0.000131   11.449929 v _36_/D (gf180mcu_fd_sc_mcu7t5v0__dffq_1)
                                             11.449929   data arrival time

                                 50.000000   50.000000   clock clk (rise edge)
                                  0.000000   50.000000   clock source latency
     4    0.068518    0.204973    0.115410   50.115410 ^ clk (in)
                                                         clk (net)
                      0.205316    0.000000   50.115410 ^ clkbuf_regs_0_clk/I (gf180mcu_fd_sc_mcu7t5v0__clkbuf_16)
     1    0.023549    0.060262    0.175199   50.290607 ^ clkbuf_regs_0_clk/Z (gf180mcu_fd_sc_mcu7t5v0__clkbuf_16)
                                                         clk_regs (net)
                      0.060262    0.000295   50.290901 ^ clkbuf_0_clk_regs/I (gf180mcu_fd_sc_mcu7t5v0__clkbuf_16)
     2    0.047017    0.072024    0.154827   50.445728 ^ clkbuf_0_clk_regs/Z (gf180mcu_fd_sc_mcu7t5v0__clkbuf_16)
                                                         clknet_0_clk_regs (net)
                      0.072025    0.000647   50.446377 ^ clkbuf_1_1__f_clk_regs/I (gf180mcu_fd_sc_mcu7t5v0__clkbuf_16)
     2    0.013584    0.052498    0.141199   50.587574 ^ clkbuf_1_1__f_clk_regs/Z (gf180mcu_fd_sc_mcu7t5v0__clkbuf_16)
                                                         clknet_1_1__leaf_clk_regs (net)
                      0.052498    0.000359   50.587933 ^ _36_/CLK (gf180mcu_fd_sc_mcu7t5v0__dffq_1)
                                 -0.250000   50.337933   clock uncertainty
                                  0.000000   50.337933   clock reconvergence pessimism
                                 -0.240312   50.097618   library setup time
                                             50.097618   data required time
---------------------------------------------------------------------------------------------
                                             50.097618   data required time
                                            -11.449929   data arrival time
---------------------------------------------------------------------------------------------
                                             38.647694   slack (MET)


Startpoint: rst (input port clocked by clk)
Endpoint: _39_ (rising edge-triggered flip-flop clocked by clk)
Path Group: clk
Path Type: max

Fanout         Cap        Slew       Delay        Time   Description
---------------------------------------------------------------------------------------------
                                  0.000000    0.000000   clock clk (rise edge)
                                  0.000000    0.000000   clock network delay (propagated)
                                 10.000000   10.000000 ^ input external delay
     2    0.005007    0.084163    0.033655   10.033655 ^ rst (in)
                                                         rst (net)
                      0.084163    0.000000   10.033655 ^ input1/I (gf180mcu_fd_sc_mcu7t5v0__dlyb_1)
     4    0.124457    1.349816    1.257428   11.291083 ^ input1/Z (gf180mcu_fd_sc_mcu7t5v0__dlyb_1)
                                                         net1 (net)
                      1.352084    0.031316   11.322399 ^ _32_/A1 (gf180mcu_fd_sc_mcu7t5v0__nor2_1)
     1    0.009480    0.374524    0.112651   11.435051 v _32_/ZN (gf180mcu_fd_sc_mcu7t5v0__nor2_1)
                                                         _01_ (net)
                      0.374524    0.000268   11.435319 v _39_/D (gf180mcu_fd_sc_mcu7t5v0__dffq_1)
                                             11.435319   data arrival time

                                 50.000000   50.000000   clock clk (rise edge)
                                  0.000000   50.000000   clock source latency
     4    0.068518    0.204973    0.115410   50.115410 ^ clk (in)
                                                         clk (net)
                      0.205316    0.000000   50.115410 ^ clkbuf_regs_0_clk/I (gf180mcu_fd_sc_mcu7t5v0__clkbuf_16)
     1    0.023549    0.060262    0.175199   50.290607 ^ clkbuf_regs_0_clk/Z (gf180mcu_fd_sc_mcu7t5v0__clkbuf_16)
                                                         clk_regs (net)
                      0.060262    0.000295   50.290901 ^ clkbuf_0_clk_regs/I (gf180mcu_fd_sc_mcu7t5v0__clkbuf_16)
     2    0.047017    0.072024    0.154827   50.445728 ^ clkbuf_0_clk_regs/Z (gf180mcu_fd_sc_mcu7t5v0__clkbuf_16)
                                                         clknet_0_clk_regs (net)
                      0.072025    0.000647   50.446377 ^ clkbuf_1_1__f_clk_regs/I (gf180mcu_fd_sc_mcu7t5v0__clkbuf_16)
     2    0.013584    0.052498    0.141199   50.587574 ^ clkbuf_1_1__f_clk_regs/Z (gf180mcu_fd_sc_mcu7t5v0__clkbuf_16)
                                                         clknet_1_1__leaf_clk_regs (net)
                      0.052498    0.000302   50.587875 ^ _39_/CLK (gf180mcu_fd_sc_mcu7t5v0__dffq_1)
                                 -0.250000   50.337875   clock uncertainty
                                  0.000000   50.337875   clock reconvergence pessimism
                                 -0.234736   50.103142   library setup time
                                             50.103142   data required time
---------------------------------------------------------------------------------------------
                                             50.103142   data required time
                                            -11.435319   data arrival time
---------------------------------------------------------------------------------------------
                                             38.667824   slack (MET)


Startpoint: _36_ (rising edge-triggered flip-flop clocked by clk)
Endpoint: u_sram (rising edge-triggered flip-flop clocked by clk)
Path Group: clk
Path Type: max

Fanout         Cap        Slew       Delay        Time   Description
---------------------------------------------------------------------------------------------
                                  0.000000    0.000000   clock clk (rise edge)
                                  0.000000    0.000000   clock source latency
     4    0.068518    0.204973    0.115409    0.115409 ^ clk (in)
                                                         clk (net)
                      0.205316    0.000000    0.115409 ^ clkbuf_regs_0_clk/I (gf180mcu_fd_sc_mcu7t5v0__clkbuf_16)
     1    0.023549    0.060262    0.175199    0.290608 ^ clkbuf_regs_0_clk/Z (gf180mcu_fd_sc_mcu7t5v0__clkbuf_16)
                                                         clk_regs (net)
                      0.060262    0.000294    0.290902 ^ clkbuf_0_clk_regs/I (gf180mcu_fd_sc_mcu7t5v0__clkbuf_16)
     2    0.047017    0.072024    0.154829    0.445730 ^ clkbuf_0_clk_regs/Z (gf180mcu_fd_sc_mcu7t5v0__clkbuf_16)
                                                         clknet_0_clk_regs (net)
                      0.072025    0.000648    0.446379 ^ clkbuf_1_1__f_clk_regs/I (gf180mcu_fd_sc_mcu7t5v0__clkbuf_16)
     2    0.013584    0.052498    0.141196    0.587575 ^ clkbuf_1_1__f_clk_regs/Z (gf180mcu_fd_sc_mcu7t5v0__clkbuf_16)
                                                         clknet_1_1__leaf_clk_regs (net)
                      0.052498    0.000360    0.587935 ^ _36_/CLK (gf180mcu_fd_sc_mcu7t5v0__dffq_1)
     5    0.035951    0.254446    0.536480    1.124416 v _36_/Q (gf180mcu_fd_sc_mcu7t5v0__dffq_1)
                                                         cnt[0] (net)
                      0.254450    0.000556    1.124972 v hold33/I (gf180mcu_fd_sc_mcu7t5v0__dlyc_1)
     1    0.006671    0.141140    1.055505    2.180477 v hold33/Z (gf180mcu_fd_sc_mcu7t5v0__dlyc_1)
                                                         net32 (net)
                      0.141140    0.000146    2.180622 v hold29/I (gf180mcu_fd_sc_mcu7t5v0__dlyc_1)
     1    0.045358    0.364209    1.210391    3.391014 v hold29/Z (gf180mcu_fd_sc_mcu7t5v0__dlyc_1)
                                                         net28 (net)
                      0.364225    0.001499    3.392513 v u_sram/A[0] (gf180mcu_fd_ip_sram__sram64x8m8wm1)
                                              3.392513   data arrival time

                                 50.000000   50.000000   clock clk (rise edge)
                                  0.000000   50.000000   clock source latency
     4    0.068518    0.204973    0.113811   50.113811 ^ clk (in)
                                                         clk (net)
                      0.205136    0.000000   50.113811 ^ clkbuf_0_clk/I (gf180mcu_fd_sc_mcu7t5v0__clkbuf_16)
     1    0.023304    0.060117    0.175028   50.288837 ^ clkbuf_0_clk/Z (gf180mcu_fd_sc_mcu7t5v0__clkbuf_16)
                                                         clknet_0_clk (net)
                      0.060117    0.000270   50.289108 ^ clkbuf_1_0__f_clk/I (gf180mcu_fd_sc_mcu7t5v0__clkbuf_16)
     1    0.285514    0.212843    0.245780   50.534889 ^ clkbuf_1_0__f_clk/Z (gf180mcu_fd_sc_mcu7t5v0__clkbuf_16)
                                                         clknet_1_0__leaf_clk (net)
                      0.213844    0.008004   50.542892 ^ u_sram/CLK (gf180mcu_fd_ip_sram__sram64x8m8wm1)
                                 -0.250000   50.292892   clock uncertainty
                                  0.000000   50.292892   clock reconvergence pessimism
                                 -2.065153   48.227737   library setup time
                                             48.227737   data required time
---------------------------------------------------------------------------------------------
                                             48.227737   data required time
                                             -3.392513   data arrival time
---------------------------------------------------------------------------------------------
                                             44.835228   slack (MET)


Startpoint: _37_ (rising edge-triggered flip-flop clocked by clk)
Endpoint: u_sram (rising edge-triggered flip-flop clocked by clk)
Path Group: clk
Path Type: max

Fanout         Cap        Slew       Delay        Time   Description
---------------------------------------------------------------------------------------------
                                  0.000000    0.000000   clock clk (rise edge)
                                  0.000000    0.000000   clock source latency
     4    0.068518    0.204973    0.115409    0.115409 ^ clk (in)
                                                         clk (net)
                      0.205316    0.000000    0.115409 ^ clkbuf_regs_0_clk/I (gf180mcu_fd_sc_mcu7t5v0__clkbuf_16)
     1    0.023549    0.060262    0.175199    0.290608 ^ clkbuf_regs_0_clk/Z (gf180mcu_fd_sc_mcu7t5v0__clkbuf_16)
                                                         clk_regs (net)
                      0.060262    0.000294    0.290902 ^ clkbuf_0_clk_regs/I (gf180mcu_fd_sc_mcu7t5v0__clkbuf_16)
     2    0.047017    0.072024    0.154829    0.445730 ^ clkbuf_0_clk_regs/Z (gf180mcu_fd_sc_mcu7t5v0__clkbuf_16)
                                                         clknet_0_clk_regs (net)
                      0.072024    0.000354    0.446084 ^ clkbuf_1_0__f_clk_regs/I (gf180mcu_fd_sc_mcu7t5v0__clkbuf_16)
     2    0.007874    0.048973    0.138078    0.584162 ^ clkbuf_1_0__f_clk_regs/Z (gf180mcu_fd_sc_mcu7t5v0__clkbuf_16)
                                                         clknet_1_0__leaf_clk_regs (net)
                      0.048973    0.000044    0.584206 ^ _37_/CLK (gf180mcu_fd_sc_mcu7t5v0__dffq_1)
     4    0.023917    0.182458    0.487120    1.071326 v _37_/Q (gf180mcu_fd_sc_mcu7t5v0__dffq_1)
                                                         cnt[1] (net)
                      0.182458    0.000244    1.071571 v hold32/I (gf180mcu_fd_sc_mcu7t5v0__dlyc_1)
     1    0.004483    0.125710    1.013394    2.084964 v hold32/Z (gf180mcu_fd_sc_mcu7t5v0__dlyc_1)
                                                         net31 (net)
                      0.125710    0.000085    2.085050 v hold28/I (gf180mcu_fd_sc_mcu7t5v0__dlyc_1)
     1    0.044124    0.357152    1.199475    3.284525 v hold28/Z (gf180mcu_fd_sc_mcu7t5v0__dlyc_1)
                                                         net27 (net)
                      0.357169    0.001503    3.286027 v u_sram/A[1] (gf180mcu_fd_ip_sram__sram64x8m8wm1)
                                              3.286027   data arrival time

                                 50.000000   50.000000   clock clk (rise edge)
                                  0.000000   50.000000   clock source latency
     4    0.068518    0.204973    0.113811   50.113811 ^ clk (in)
                                                         clk (net)
                      0.205136    0.000000   50.113811 ^ clkbuf_0_clk/I (gf180mcu_fd_sc_mcu7t5v0__clkbuf_16)
     1    0.023304    0.060117    0.175028   50.288837 ^ clkbuf_0_clk/Z (gf180mcu_fd_sc_mcu7t5v0__clkbuf_16)
                                                         clknet_0_clk (net)
                      0.060117    0.000270   50.289108 ^ clkbuf_1_0__f_clk/I (gf180mcu_fd_sc_mcu7t5v0__clkbuf_16)
     1    0.285514    0.212843    0.245780   50.534889 ^ clkbuf_1_0__f_clk/Z (gf180mcu_fd_sc_mcu7t5v0__clkbuf_16)
                                                         clknet_1_0__leaf_clk (net)
                      0.213844    0.008004   50.542892 ^ u_sram/CLK (gf180mcu_fd_ip_sram__sram64x8m8wm1)
                                 -0.250000   50.292892   clock uncertainty
                                  0.000000   50.292892   clock reconvergence pessimism
                                 -2.062853   48.230038   library setup time
                                             48.230038   data required time
---------------------------------------------------------------------------------------------
                                             48.230038   data required time
                                             -3.286027   data arrival time
---------------------------------------------------------------------------------------------
                                             44.944012   slack (MET)


Startpoint: _38_ (rising edge-triggered flip-flop clocked by clk)
Endpoint: u_sram (rising edge-triggered flip-flop clocked by clk)
Path Group: clk
Path Type: max

Fanout         Cap        Slew       Delay        Time   Description
---------------------------------------------------------------------------------------------
                                  0.000000    0.000000   clock clk (rise edge)
                                  0.000000    0.000000   clock source latency
     4    0.068518    0.204973    0.115409    0.115409 ^ clk (in)
                                                         clk (net)
                      0.205316    0.000000    0.115409 ^ clkbuf_regs_0_clk/I (gf180mcu_fd_sc_mcu7t5v0__clkbuf_16)
     1    0.023549    0.060262    0.175199    0.290608 ^ clkbuf_regs_0_clk/Z (gf180mcu_fd_sc_mcu7t5v0__clkbuf_16)
                                                         clk_regs (net)
                      0.060262    0.000294    0.290902 ^ clkbuf_0_clk_regs/I (gf180mcu_fd_sc_mcu7t5v0__clkbuf_16)
     2    0.047017    0.072024    0.154829    0.445730 ^ clkbuf_0_clk_regs/Z (gf180mcu_fd_sc_mcu7t5v0__clkbuf_16)
                                                         clknet_0_clk_regs (net)
                      0.072024    0.000354    0.446084 ^ clkbuf_1_0__f_clk_regs/I (gf180mcu_fd_sc_mcu7t5v0__clkbuf_16)
     2    0.007874    0.048973    0.138078    0.584162 ^ clkbuf_1_0__f_clk_regs/Z (gf180mcu_fd_sc_mcu7t5v0__clkbuf_16)
                                                         clknet_1_0__leaf_clk_regs (net)
                      0.048973    0.000036    0.584198 ^ _38_/CLK (gf180mcu_fd_sc_mcu7t5v0__dffq_1)
     3    0.014336    0.126968    0.446476    1.030674 v _38_/Q (gf180mcu_fd_sc_mcu7t5v0__dffq_1)
                                                         cnt[2] (net)
                      0.126968    0.000191    1.030865 v hold31/I (gf180mcu_fd_sc_mcu7t5v0__dlyc_1)
     1    0.004352    0.124758    0.992450    2.023315 v hold31/Z (gf180mcu_fd_sc_mcu7t5v0__dlyc_1)
                                                         net30 (net)
                      0.124758    0.000087    2.023402 v hold27/I (gf180mcu_fd_sc_mcu7t5v0__dlyc_1)
     1    0.042064    0.345426    1.190260    3.213662 v hold27/Z (gf180mcu_fd_sc_mcu7t5v0__dlyc_1)
                                                         net26 (net)
                      0.345441    0.001366    3.215028 v u_sram/A[2] (gf180mcu_fd_ip_sram__sram64x8m8wm1)
                                              3.215028   data arrival time

                                 50.000000   50.000000   clock clk (rise edge)
                                  0.000000   50.000000   clock source latency
     4    0.068518    0.204973    0.113811   50.113811 ^ clk (in)
                                                         clk (net)
                      0.205136    0.000000   50.113811 ^ clkbuf_0_clk/I (gf180mcu_fd_sc_mcu7t5v0__clkbuf_16)
     1    0.023304    0.060117    0.175028   50.288837 ^ clkbuf_0_clk/Z (gf180mcu_fd_sc_mcu7t5v0__clkbuf_16)
                                                         clknet_0_clk (net)
                      0.060117    0.000270   50.289108 ^ clkbuf_1_0__f_clk/I (gf180mcu_fd_sc_mcu7t5v0__clkbuf_16)
     1    0.285514    0.212843    0.245780   50.534889 ^ clkbuf_1_0__f_clk/Z (gf180mcu_fd_sc_mcu7t5v0__clkbuf_16)
                                                         clknet_1_0__leaf_clk (net)
                      0.213844    0.008004   50.542892 ^ u_sram/CLK (gf180mcu_fd_ip_sram__sram64x8m8wm1)
                                 -0.250000   50.292892   clock uncertainty
                                  0.000000   50.292892   clock reconvergence pessimism
                                 -2.059029   48.233864   library setup time
                                             48.233864   data required time
---------------------------------------------------------------------------------------------
                                             48.233864   data required time
                                             -3.215028   data arrival time
---------------------------------------------------------------------------------------------
                                             45.018833   slack (MET)


Startpoint: _39_ (rising edge-triggered flip-flop clocked by clk)
Endpoint: u_sram (rising edge-triggered flip-flop clocked by clk)
Path Group: clk
Path Type: max

Fanout         Cap        Slew       Delay        Time   Description
---------------------------------------------------------------------------------------------
                                  0.000000    0.000000   clock clk (rise edge)
                                  0.000000    0.000000   clock source latency
     4    0.068518    0.204973    0.115409    0.115409 ^ clk (in)
                                                         clk (net)
                      0.205316    0.000000    0.115409 ^ clkbuf_regs_0_clk/I (gf180mcu_fd_sc_mcu7t5v0__clkbuf_16)
     1    0.023549    0.060262    0.175199    0.290608 ^ clkbuf_regs_0_clk/Z (gf180mcu_fd_sc_mcu7t5v0__clkbuf_16)
                                                         clk_regs (net)
                      0.060262    0.000294    0.290902 ^ clkbuf_0_clk_regs/I (gf180mcu_fd_sc_mcu7t5v0__clkbuf_16)
     2    0.047017    0.072024    0.154829    0.445730 ^ clkbuf_0_clk_regs/Z (gf180mcu_fd_sc_mcu7t5v0__clkbuf_16)
                                                         clknet_0_clk_regs (net)
                      0.072025    0.000648    0.446379 ^ clkbuf_1_1__f_clk_regs/I (gf180mcu_fd_sc_mcu7t5v0__clkbuf_16)
     2    0.013584    0.052498    0.141196    0.587575 ^ clkbuf_1_1__f_clk_regs/Z (gf180mcu_fd_sc_mcu7t5v0__clkbuf_16)
                                                         clknet_1_1__leaf_clk_regs (net)
                      0.052498    0.000302    0.587877 ^ _39_/CLK (gf180mcu_fd_sc_mcu7t5v0__dffq_1)
     2    0.012105    0.114584    0.437327    1.025204 v _39_/Q (gf180mcu_fd_sc_mcu7t5v0__dffq_1)
                                                         cnt[3] (net)
                      0.114584    0.000124    1.025329 v hold30/I (gf180mcu_fd_sc_mcu7t5v0__dlyc_1)
     1    0.003672    0.119961    0.983024    2.008353 v hold30/Z (gf180mcu_fd_sc_mcu7t5v0__dlyc_1)
                                                         net29 (net)
                      0.119961    0.000037    2.008390 v hold26/I (gf180mcu_fd_sc_mcu7t5v0__dlyc_1)
     1    0.036394    0.313680    1.164486    3.172876 v hold26/Z (gf180mcu_fd_sc_mcu7t5v0__dlyc_1)
                                                         net25 (net)
                      0.313680    0.000409    3.173285 v u_sram/A[3] (gf180mcu_fd_ip_sram__sram64x8m8wm1)
                                              3.173285   data arrival time

                                 50.000000   50.000000   clock clk (rise edge)
                                  0.000000   50.000000   clock source latency
     4    0.068518    0.204973    0.113811   50.113811 ^ clk (in)
                                                         clk (net)
                      0.205136    0.000000   50.113811 ^ clkbuf_0_clk/I (gf180mcu_fd_sc_mcu7t5v0__clkbuf_16)
     1    0.023304    0.060117    0.175028   50.288837 ^ clkbuf_0_clk/Z (gf180mcu_fd_sc_mcu7t5v0__clkbuf_16)
                                                         clknet_0_clk (net)
                      0.060117    0.000270   50.289108 ^ clkbuf_1_0__f_clk/I (gf180mcu_fd_sc_mcu7t5v0__clkbuf_16)
     1    0.285514    0.212843    0.245780   50.534889 ^ clkbuf_1_0__f_clk/Z (gf180mcu_fd_sc_mcu7t5v0__clkbuf_16)
                                                         clknet_1_0__leaf_clk (net)
                      0.213844    0.008004   50.542892 ^ u_sram/CLK (gf180mcu_fd_ip_sram__sram64x8m8wm1)
                                 -0.250000   50.292892   clock uncertainty
                                  0.000000   50.292892   clock reconvergence pessimism
                                 -2.048675   48.244217   library setup time
                                             48.244217   data required time
---------------------------------------------------------------------------------------------
                                             48.244217   data required time
                                             -3.173285   data arrival time
---------------------------------------------------------------------------------------------
                                             45.070930   slack (MET)



