Clock: clk
Sources: clk 
Generated: no
Virtual: yes
Propagated: no
Period: 50.000000

===========================================================================
report_clock_properties
============================================================================
Clock                   Period          Waveform
----------------------------------------------------
clk                  50.000000    0.000000 25.000000

===========================================================================
report_clock_latency
============================================================================
Clock clk
rise -> rise
    min     max
0.000000 0.000000 source latency
1.458373         network latency u_sram/CLK
        1.582424 network latency _36_/CLK
---------------
1.458373 1.582424 latency
        0.124051 skew

fall -> fall
    min     max
0.000000 0.000000 source latency
1.319957         network latency u_sram/CLK
        1.421370 network latency _36_/CLK
---------------
1.319957 1.421370 latency
        0.101412 skew



===========================================================================
report_clock_min_period
============================================================================
clk period_min = 6.70 fmax = 149.18
