93. Printing statistics.

=== counter ===

        +----------Local Count, excluding submodules.
        | 
        9 wires
       28 wire bits
        5 public wires
       18 public wire bits
        3 ports
        6 port bits
       11 cells
        1   $_ANDNOT_
        1   $_NAND_
        1   $_NOT_
        4   $_SDFF_PP0_
        1   $_XNOR_
        2   $_XOR_
        1   gf180mcu_fd_ip_sram__sram64x8m8wm1

   Area for cell type $_ANDNOT_ is unknown!
   Area for cell type $_NAND_ is unknown!
   Area for cell type $_NOT_ is unknown!
   Area for cell type $_SDFF_PP0_ is unknown!
   Area for cell type $_XNOR_ is unknown!
   Area for cell type $_XOR_ is unknown!
   Area for cell type \gf180mcu_fd_ip_sram__sram64x8m8wm1 is unknown!

