697 Yosys check errors found.
Cell 'gf180mcu_fd_ip_sram__sram256x8m8wm1' has (9) input pin(s) without antenna gate information. They might not be connected to a gate.
[PDN-0110] No via inserted between Metal3 and Metal4 at (179.1400, 751.4500) - (180.7400, 751.5500) on VSS
[GRT-0281] Net clk has a large fanout of 1992 terminals.
[GRT-0281] Net rst_n has a large fanout of 1458 terminals.
[STA-1140] /foss/pdks/gf180mcuD/libs.ref/gf180mcu_fd_sc_mcu9t5v0/lib/gf180mcu_fd_sc_mcu9t5v0__ff_n40C_5v50.lib line 17, library gf180mcu_fd_sc_mcu9t5v0__ff_n40C_5v50 already exists.
[STA-1140] /foss/pdks/gf180mcuD/libs.ref/gf180mcu_fd_ip_sram/lib/gf180mcu_fd_ip_sram__sram256x8m8wm1__ff_n40C_5v50.lib line 29, library gf180mcu_fd_ip_sram__sram256x8m8wm1__ff_n40C_5v50 already exists.
[STA-1140] /foss/pdks/gf180mcuD/libs.ref/gf180mcu_fd_sc_mcu9t5v0/lib/gf180mcu_fd_sc_mcu9t5v0__tt_025C_5v00.lib line 17, library gf180mcu_fd_sc_mcu9t5v0__tt_025C_5v00 already exists.
[STA-1140] /foss/pdks/gf180mcuD/libs.ref/gf180mcu_fd_ip_sram/lib/gf180mcu_fd_ip_sram__sram256x8m8wm1__tt_025C_5v00.lib line 29, library gf180mcu_fd_ip_sram__sram256x8m8wm1__tt_025C_5v00 already exists.
[STA-1140] /foss/pdks/gf180mcuD/libs.ref/gf180mcu_fd_sc_mcu9t5v0/lib/gf180mcu_fd_sc_mcu9t5v0__ff_n40C_5v50.lib line 17, library gf180mcu_fd_sc_mcu9t5v0__ff_n40C_5v50 already exists.
[STA-1140] /foss/pdks/gf180mcuD/libs.ref/gf180mcu_fd_ip_sram/lib/gf180mcu_fd_ip_sram__sram256x8m8wm1__ff_n40C_5v50.lib line 29, library gf180mcu_fd_ip_sram__sram256x8m8wm1__ff_n40C_5v50 already exists.
[STA-1140] /foss/pdks/gf180mcuD/libs.ref/gf180mcu_fd_sc_mcu9t5v0/lib/gf180mcu_fd_sc_mcu9t5v0__tt_025C_5v00.lib line 17, library gf180mcu_fd_sc_mcu9t5v0__tt_025C_5v00 already exists.
[STA-1140] /foss/pdks/gf180mcuD/libs.ref/gf180mcu_fd_ip_sram/lib/gf180mcu_fd_ip_sram__sram256x8m8wm1__tt_025C_5v00.lib line 29, library gf180mcu_fd_ip_sram__sram256x8m8wm1__tt_025C_5v00 already exists.
[STA-1140] /foss/pdks/gf180mcuD/libs.ref/gf180mcu_fd_sc_mcu9t5v0/lib/gf180mcu_fd_sc_mcu9t5v0__ss_125C_4v50.lib line 17, library gf180mcu_fd_sc_mcu9t5v0__ss_125C_4v50 already exists.
[STA-1140] /foss/pdks/gf180mcuD/libs.ref/gf180mcu_fd_ip_sram/lib/gf180mcu_fd_ip_sram__sram256x8m8wm1__ss_125C_4v50.lib line 29, library gf180mcu_fd_ip_sram__sram256x8m8wm1__ss_125C_4v50 already exists.
[STA-1140] /foss/pdks/gf180mcuD/libs.ref/gf180mcu_fd_sc_mcu9t5v0/lib/gf180mcu_fd_sc_mcu9t5v0__ss_125C_4v50.lib line 17, library gf180mcu_fd_sc_mcu9t5v0__ss_125C_4v50 already exists.
[STA-1140] /foss/pdks/gf180mcuD/libs.ref/gf180mcu_fd_ip_sram/lib/gf180mcu_fd_ip_sram__sram256x8m8wm1__ss_125C_4v50.lib line 29, library gf180mcu_fd_ip_sram__sram256x8m8wm1__ss_125C_4v50 already exists.
[RSZ-0020] found 2 floating nets.
[STA-1140] /foss/pdks/gf180mcuD/libs.ref/gf180mcu_fd_sc_mcu9t5v0/lib/gf180mcu_fd_sc_mcu9t5v0__ff_n40C_5v50.lib line 17, library gf180mcu_fd_sc_mcu9t5v0__ff_n40C_5v50 already exists.
[STA-1140] /foss/pdks/gf180mcuD/libs.ref/gf180mcu_fd_ip_sram/lib/gf180mcu_fd_ip_sram__sram256x8m8wm1__ff_n40C_5v50.lib line 29, library gf180mcu_fd_ip_sram__sram256x8m8wm1__ff_n40C_5v50 already exists.
[STA-1140] /foss/pdks/gf180mcuD/libs.ref/gf180mcu_fd_sc_mcu9t5v0/lib/gf180mcu_fd_sc_mcu9t5v0__tt_025C_5v00.lib line 17, library gf180mcu_fd_sc_mcu9t5v0__tt_025C_5v00 already exists.
[STA-1140] /foss/pdks/gf180mcuD/libs.ref/gf180mcu_fd_ip_sram/lib/gf180mcu_fd_ip_sram__sram256x8m8wm1__tt_025C_5v00.lib line 29, library gf180mcu_fd_ip_sram__sram256x8m8wm1__tt_025C_5v00 already exists.
[STA-1140] /foss/pdks/gf180mcuD/libs.ref/gf180mcu_fd_sc_mcu9t5v0/lib/gf180mcu_fd_sc_mcu9t5v0__ff_n40C_5v50.lib line 17, library gf180mcu_fd_sc_mcu9t5v0__ff_n40C_5v50 already exists.
[STA-1140] /foss/pdks/gf180mcuD/libs.ref/gf180mcu_fd_ip_sram/lib/gf180mcu_fd_ip_sram__sram256x8m8wm1__ff_n40C_5v50.lib line 29, library gf180mcu_fd_ip_sram__sram256x8m8wm1__ff_n40C_5v50 already exists.
[STA-1140] /foss/pdks/gf180mcuD/libs.ref/gf180mcu_fd_sc_mcu9t5v0/lib/gf180mcu_fd_sc_mcu9t5v0__tt_025C_5v00.lib line 17, library gf180mcu_fd_sc_mcu9t5v0__tt_025C_5v00 already exists.
[STA-1140] /foss/pdks/gf180mcuD/libs.ref/gf180mcu_fd_ip_sram/lib/gf180mcu_fd_ip_sram__sram256x8m8wm1__tt_025C_5v00.lib line 29, library gf180mcu_fd_ip_sram__sram256x8m8wm1__tt_025C_5v00 already exists.
[STA-1140] /foss/pdks/gf180mcuD/libs.ref/gf180mcu_fd_sc_mcu9t5v0/lib/gf180mcu_fd_sc_mcu9t5v0__ss_125C_4v50.lib line 17, library gf180mcu_fd_sc_mcu9t5v0__ss_125C_4v50 already exists.
[STA-1140] /foss/pdks/gf180mcuD/libs.ref/gf180mcu_fd_ip_sram/lib/gf180mcu_fd_ip_sram__sram256x8m8wm1__ss_125C_4v50.lib line 29, library gf180mcu_fd_ip_sram__sram256x8m8wm1__ss_125C_4v50 already exists.
[STA-1140] /foss/pdks/gf180mcuD/libs.ref/gf180mcu_fd_sc_mcu9t5v0/lib/gf180mcu_fd_sc_mcu9t5v0__ss_125C_4v50.lib line 17, library gf180mcu_fd_sc_mcu9t5v0__ss_125C_4v50 already exists.
[STA-1140] /foss/pdks/gf180mcuD/libs.ref/gf180mcu_fd_ip_sram/lib/gf180mcu_fd_ip_sram__sram256x8m8wm1__ss_125C_4v50.lib line 29, library gf180mcu_fd_ip_sram__sram256x8m8wm1__ss_125C_4v50 already exists.
[STA-1140] /foss/pdks/gf180mcuD/libs.ref/gf180mcu_fd_sc_mcu9t5v0/lib/gf180mcu_fd_sc_mcu9t5v0__ff_n40C_5v50.lib line 17, library gf180mcu_fd_sc_mcu9t5v0__ff_n40C_5v50 already exists.
[STA-1140] /foss/pdks/gf180mcuD/libs.ref/gf180mcu_fd_ip_sram/lib/gf180mcu_fd_ip_sram__sram256x8m8wm1__ff_n40C_5v50.lib line 29, library gf180mcu_fd_ip_sram__sram256x8m8wm1__ff_n40C_5v50 already exists.
[STA-1140] /foss/pdks/gf180mcuD/libs.ref/gf180mcu_fd_sc_mcu9t5v0/lib/gf180mcu_fd_sc_mcu9t5v0__tt_025C_5v00.lib line 17, library gf180mcu_fd_sc_mcu9t5v0__tt_025C_5v00 already exists.
[STA-1140] /foss/pdks/gf180mcuD/libs.ref/gf180mcu_fd_ip_sram/lib/gf180mcu_fd_ip_sram__sram256x8m8wm1__tt_025C_5v00.lib line 29, library gf180mcu_fd_ip_sram__sram256x8m8wm1__tt_025C_5v00 already exists.
[STA-1140] /foss/pdks/gf180mcuD/libs.ref/gf180mcu_fd_sc_mcu9t5v0/lib/gf180mcu_fd_sc_mcu9t5v0__ff_n40C_5v50.lib line 17, library gf180mcu_fd_sc_mcu9t5v0__ff_n40C_5v50 already exists.
[STA-1140] /foss/pdks/gf180mcuD/libs.ref/gf180mcu_fd_ip_sram/lib/gf180mcu_fd_ip_sram__sram256x8m8wm1__ff_n40C_5v50.lib line 29, library gf180mcu_fd_ip_sram__sram256x8m8wm1__ff_n40C_5v50 already exists.
[STA-1140] /foss/pdks/gf180mcuD/libs.ref/gf180mcu_fd_sc_mcu9t5v0/lib/gf180mcu_fd_sc_mcu9t5v0__tt_025C_5v00.lib line 17, library gf180mcu_fd_sc_mcu9t5v0__tt_025C_5v00 already exists.
[STA-1140] /foss/pdks/gf180mcuD/libs.ref/gf180mcu_fd_ip_sram/lib/gf180mcu_fd_ip_sram__sram256x8m8wm1__tt_025C_5v00.lib line 29, library gf180mcu_fd_ip_sram__sram256x8m8wm1__tt_025C_5v00 already exists.
[STA-1140] /foss/pdks/gf180mcuD/libs.ref/gf180mcu_fd_sc_mcu9t5v0/lib/gf180mcu_fd_sc_mcu9t5v0__ss_125C_4v50.lib line 17, library gf180mcu_fd_sc_mcu9t5v0__ss_125C_4v50 already exists.
[STA-1140] /foss/pdks/gf180mcuD/libs.ref/gf180mcu_fd_ip_sram/lib/gf180mcu_fd_ip_sram__sram256x8m8wm1__ss_125C_4v50.lib line 29, library gf180mcu_fd_ip_sram__sram256x8m8wm1__ss_125C_4v50 already exists.
[STA-1140] /foss/pdks/gf180mcuD/libs.ref/gf180mcu_fd_sc_mcu9t5v0/lib/gf180mcu_fd_sc_mcu9t5v0__ss_125C_4v50.lib line 17, library gf180mcu_fd_sc_mcu9t5v0__ss_125C_4v50 already exists.
[STA-1140] /foss/pdks/gf180mcuD/libs.ref/gf180mcu_fd_ip_sram/lib/gf180mcu_fd_ip_sram__sram256x8m8wm1__ss_125C_4v50.lib line 29, library gf180mcu_fd_ip_sram__sram256x8m8wm1__ss_125C_4v50 already exists.
[GRT-0281] Net rst_n has a large fanout of 1458 terminals.
[STA-1140] /foss/pdks/gf180mcuD/libs.ref/gf180mcu_fd_sc_mcu9t5v0/lib/gf180mcu_fd_sc_mcu9t5v0__ff_n40C_5v50.lib line 17, library gf180mcu_fd_sc_mcu9t5v0__ff_n40C_5v50 already exists.
[STA-1140] /foss/pdks/gf180mcuD/libs.ref/gf180mcu_fd_ip_sram/lib/gf180mcu_fd_ip_sram__sram256x8m8wm1__ff_n40C_5v50.lib line 29, library gf180mcu_fd_ip_sram__sram256x8m8wm1__ff_n40C_5v50 already exists.
[STA-1140] /foss/pdks/gf180mcuD/libs.ref/gf180mcu_fd_sc_mcu9t5v0/lib/gf180mcu_fd_sc_mcu9t5v0__tt_025C_5v00.lib line 17, library gf180mcu_fd_sc_mcu9t5v0__tt_025C_5v00 already exists.
[STA-1140] /foss/pdks/gf180mcuD/libs.ref/gf180mcu_fd_ip_sram/lib/gf180mcu_fd_ip_sram__sram256x8m8wm1__tt_025C_5v00.lib line 29, library gf180mcu_fd_ip_sram__sram256x8m8wm1__tt_025C_5v00 already exists.
[STA-1140] /foss/pdks/gf180mcuD/libs.ref/gf180mcu_fd_sc_mcu9t5v0/lib/gf180mcu_fd_sc_mcu9t5v0__ff_n40C_5v50.lib line 17, library gf180mcu_fd_sc_mcu9t5v0__ff_n40C_5v50 already exists.
[STA-1140] /foss/pdks/gf180mcuD/libs.ref/gf180mcu_fd_ip_sram/lib/gf180mcu_fd_ip_sram__sram256x8m8wm1__ff_n40C_5v50.lib line 29, library gf180mcu_fd_ip_sram__sram256x8m8wm1__ff_n40C_5v50 already exists.
[STA-1140] /foss/pdks/gf180mcuD/libs.ref/gf180mcu_fd_sc_mcu9t5v0/lib/gf180mcu_fd_sc_mcu9t5v0__tt_025C_5v00.lib line 17, library gf180mcu_fd_sc_mcu9t5v0__tt_025C_5v00 already exists.
[STA-1140] /foss/pdks/gf180mcuD/libs.ref/gf180mcu_fd_ip_sram/lib/gf180mcu_fd_ip_sram__sram256x8m8wm1__tt_025C_5v00.lib line 29, library gf180mcu_fd_ip_sram__sram256x8m8wm1__tt_025C_5v00 already exists.
[STA-1140] /foss/pdks/gf180mcuD/libs.ref/gf180mcu_fd_sc_mcu9t5v0/lib/gf180mcu_fd_sc_mcu9t5v0__ss_125C_4v50.lib line 17, library gf180mcu_fd_sc_mcu9t5v0__ss_125C_4v50 already exists.
[STA-1140] /foss/pdks/gf180mcuD/libs.ref/gf180mcu_fd_ip_sram/lib/gf180mcu_fd_ip_sram__sram256x8m8wm1__ss_125C_4v50.lib line 29, library gf180mcu_fd_ip_sram__sram256x8m8wm1__ss_125C_4v50 already exists.
[STA-1140] /foss/pdks/gf180mcuD/libs.ref/gf180mcu_fd_sc_mcu9t5v0/lib/gf180mcu_fd_sc_mcu9t5v0__ss_125C_4v50.lib line 17, library gf180mcu_fd_sc_mcu9t5v0__ss_125C_4v50 already exists.
[STA-1140] /foss/pdks/gf180mcuD/libs.ref/gf180mcu_fd_ip_sram/lib/gf180mcu_fd_ip_sram__sram256x8m8wm1__ss_125C_4v50.lib line 29, library gf180mcu_fd_ip_sram__sram256x8m8wm1__ss_125C_4v50 already exists.
[GRT-0281] Net rst_n has a large fanout of 1458 terminals.
[GRT-0281] Net rst_n has a large fanout of 1458 terminals.
[GRT-0281] Net rst_n has a large fanout of 1458 terminals.
[GRT-0281] Net rst_n has a large fanout of 1458 terminals.
[STA-1140] /foss/pdks/gf180mcuD/libs.ref/gf180mcu_fd_sc_mcu9t5v0/lib/gf180mcu_fd_sc_mcu9t5v0__ff_n40C_5v50.lib line 17, library gf180mcu_fd_sc_mcu9t5v0__ff_n40C_5v50 already exists.
[STA-1140] /foss/pdks/gf180mcuD/libs.ref/gf180mcu_fd_ip_sram/lib/gf180mcu_fd_ip_sram__sram256x8m8wm1__ff_n40C_5v50.lib line 29, library gf180mcu_fd_ip_sram__sram256x8m8wm1__ff_n40C_5v50 already exists.
[STA-1140] /foss/pdks/gf180mcuD/libs.ref/gf180mcu_fd_sc_mcu9t5v0/lib/gf180mcu_fd_sc_mcu9t5v0__tt_025C_5v00.lib line 17, library gf180mcu_fd_sc_mcu9t5v0__tt_025C_5v00 already exists.
[STA-1140] /foss/pdks/gf180mcuD/libs.ref/gf180mcu_fd_ip_sram/lib/gf180mcu_fd_ip_sram__sram256x8m8wm1__tt_025C_5v00.lib line 29, library gf180mcu_fd_ip_sram__sram256x8m8wm1__tt_025C_5v00 already exists.
[STA-1140] /foss/pdks/gf180mcuD/libs.ref/gf180mcu_fd_sc_mcu9t5v0/lib/gf180mcu_fd_sc_mcu9t5v0__ff_n40C_5v50.lib line 17, library gf180mcu_fd_sc_mcu9t5v0__ff_n40C_5v50 already exists.
[STA-1140] /foss/pdks/gf180mcuD/libs.ref/gf180mcu_fd_ip_sram/lib/gf180mcu_fd_ip_sram__sram256x8m8wm1__ff_n40C_5v50.lib line 29, library gf180mcu_fd_ip_sram__sram256x8m8wm1__ff_n40C_5v50 already exists.
[STA-1140] /foss/pdks/gf180mcuD/libs.ref/gf180mcu_fd_sc_mcu9t5v0/lib/gf180mcu_fd_sc_mcu9t5v0__tt_025C_5v00.lib line 17, library gf180mcu_fd_sc_mcu9t5v0__tt_025C_5v00 already exists.
[STA-1140] /foss/pdks/gf180mcuD/libs.ref/gf180mcu_fd_ip_sram/lib/gf180mcu_fd_ip_sram__sram256x8m8wm1__tt_025C_5v00.lib line 29, library gf180mcu_fd_ip_sram__sram256x8m8wm1__tt_025C_5v00 already exists.
[STA-1140] /foss/pdks/gf180mcuD/libs.ref/gf180mcu_fd_sc_mcu9t5v0/lib/gf180mcu_fd_sc_mcu9t5v0__ss_125C_4v50.lib line 17, library gf180mcu_fd_sc_mcu9t5v0__ss_125C_4v50 already exists.
[STA-1140] /foss/pdks/gf180mcuD/libs.ref/gf180mcu_fd_ip_sram/lib/gf180mcu_fd_ip_sram__sram256x8m8wm1__ss_125C_4v50.lib line 29, library gf180mcu_fd_ip_sram__sram256x8m8wm1__ss_125C_4v50 already exists.
[STA-1140] /foss/pdks/gf180mcuD/libs.ref/gf180mcu_fd_sc_mcu9t5v0/lib/gf180mcu_fd_sc_mcu9t5v0__ss_125C_4v50.lib line 17, library gf180mcu_fd_sc_mcu9t5v0__ss_125C_4v50 already exists.
[STA-1140] /foss/pdks/gf180mcuD/libs.ref/gf180mcu_fd_ip_sram/lib/gf180mcu_fd_ip_sram__sram256x8m8wm1__ss_125C_4v50.lib line 29, library gf180mcu_fd_ip_sram__sram256x8m8wm1__ss_125C_4v50 already exists.
[GRT-0281] Net rst_n has a large fanout of 1458 terminals.
[RSZ-0062] Unable to repair all setup violations.
[GRT-0281] Net rst_n has a large fanout of 1458 terminals.
[GRT-0281] Net rst_n has a large fanout of 1458 terminals.
No SCL lib files found for ["max_ss_125C_4v50"].
[GRT-0281] Net rst_n has a large fanout of 1458 terminals.
[GRT-0281] Net rst_n has a large fanout of 1458 terminals.
[GRT-0281] Net rst_n has a large fanout of 1458 terminals.
[GRT-0281] Net rst_n has a large fanout of 1458 terminals.
