Startpoint: u_core/_20049_
            (rising edge-triggered flip-flop clocked by pad_clk_ext)
Endpoint: pad_din_ready_o (output port clocked by pad_clk_ext)
Path Group: pad_clk_ext
Path Type: max

  Delay    Time   Description
---------------------------------------------------------
   0.00    0.00   clock pad_clk_ext (rise edge)
   0.00    0.00   clock source latency
   0.00    0.00 ^ pad_clk (in)
   0.98    0.98 ^ u_pad_clk/Y (gf180mcu_fd_io__in_c)
   0.74    1.72 ^ u_clk_iso/Z (gf180mcu_fd_sc_mcu9t5v0__clkbuf_1)
   0.30    2.02 ^ clkbuf_regs_0_pad_clk_ext/Z (gf180mcu_fd_sc_mcu9t5v0__clkbuf_16)
   0.20    2.21 ^ clkbuf_0_core_clk_regs/Z (gf180mcu_fd_sc_mcu9t5v0__clkbuf_16)
   0.23    2.45 ^ clkbuf_2_1_0_core_clk_regs/Z (gf180mcu_fd_sc_mcu9t5v0__clkbuf_8)
   0.31    2.76 ^ clkbuf_3_3__f_core_clk_regs/Z (gf180mcu_fd_sc_mcu9t5v0__clkbuf_16)
   0.28    3.04 ^ clkbuf_leaf_36_core_clk_regs/Z (gf180mcu_fd_sc_mcu9t5v0__clkbuf_8)
   0.00    3.04 ^ u_core/_20049_/CLK (gf180mcu_fd_sc_mcu9t5v0__dffrnq_2)
   0.70    3.74 v u_core/_20049_/Q (gf180mcu_fd_sc_mcu9t5v0__dffrnq_2)
   0.38    4.12 v u_core/_09607_/ZN (gf180mcu_fd_sc_mcu9t5v0__xnor2_1)
   0.29    4.41 v u_core/_09608_/Z (gf180mcu_fd_sc_mcu9t5v0__and2_2)
   0.28    4.69 ^ u_core/_09615_/ZN (gf180mcu_fd_sc_mcu9t5v0__oai31_4)
   0.45    5.14 v u_core/_09616_/Z (gf180mcu_fd_sc_mcu9t5v0__mux2_2)
   0.36    5.50 ^ u_core/_09617_/ZN (gf180mcu_fd_sc_mcu9t5v0__oai31_4)
   0.18    5.68 v u_core/_09638_/ZN (gf180mcu_fd_sc_mcu9t5v0__aoi211_4)
   0.36    6.04 v u_core/_09639_/Z (gf180mcu_fd_sc_mcu9t5v0__and3_4)
   0.19    6.22 ^ u_core/_09640_/ZN (gf180mcu_fd_sc_mcu9t5v0__oai21_4)
   0.31    6.53 ^ u_core/rebuffer760/Z (gf180mcu_fd_sc_mcu9t5v0__buf_8)
   0.11    6.64 v u_core/_09670_/ZN (gf180mcu_fd_sc_mcu9t5v0__aoi21_4)
   0.25    6.89 ^ u_core/_09672_/ZN (gf180mcu_fd_sc_mcu9t5v0__oai21_2)
   0.26    7.15 v u_core/_09673_/ZN (gf180mcu_fd_sc_mcu9t5v0__nand4_2)
   0.31    7.46 ^ u_core/_09690_/ZN (gf180mcu_fd_sc_mcu9t5v0__oai31_4)
   0.25    7.70 ^ u_core/rebuffer720/Z (gf180mcu_fd_sc_mcu9t5v0__clkbuf_8)
   0.20    7.90 v u_core/_09720_/ZN (gf180mcu_fd_sc_mcu9t5v0__aoi211_4)
   0.29    8.19 v u_core/place519/Z (gf180mcu_fd_sc_mcu9t5v0__buf_8)
   0.57    8.76 ^ u_core/_10499_/ZN (gf180mcu_fd_sc_mcu9t5v0__oai211_1)
   0.22    8.99 ^ place504/Z (gf180mcu_fd_sc_mcu9t5v0__buf_8)
   2.03   11.01 ^ u_pad_din_ready/PAD (gf180mcu_fd_io__bi_t)
   0.00   11.01 ^ pad_din_ready_o (inout)
          11.01   data arrival time

  16.28   16.28   clock pad_clk_ext (rise edge)
   0.00   16.28   clock network delay (propagated)
  -0.10   16.18   clock uncertainty
   0.00   16.18   clock reconvergence pessimism
   6.00   22.18   output external delay
          22.18   data required time
---------------------------------------------------------
          22.18   data required time
         -11.01   data arrival time
---------------------------------------------------------
          11.16   slack (MET)


Startpoint: u_core/_21017_
            (rising edge-triggered flip-flop clocked by pad_clk_ext)
Endpoint: pad_dout[4] (output port clocked by pad_clk_ext)
Path Group: pad_clk_ext
Path Type: max

  Delay    Time   Description
---------------------------------------------------------
   0.00    0.00   clock pad_clk_ext (rise edge)
   0.00    0.00   clock source latency
   0.00    0.00 ^ pad_clk (in)
   0.98    0.98 ^ u_pad_clk/Y (gf180mcu_fd_io__in_c)
   0.74    1.72 ^ u_clk_iso/Z (gf180mcu_fd_sc_mcu9t5v0__clkbuf_1)
   0.30    2.02 ^ clkbuf_regs_0_pad_clk_ext/Z (gf180mcu_fd_sc_mcu9t5v0__clkbuf_16)
   0.20    2.21 ^ clkbuf_0_core_clk_regs/Z (gf180mcu_fd_sc_mcu9t5v0__clkbuf_16)
   0.23    2.45 ^ clkbuf_2_1_0_core_clk_regs/Z (gf180mcu_fd_sc_mcu9t5v0__clkbuf_8)
   0.31    2.76 ^ clkbuf_3_3__f_core_clk_regs/Z (gf180mcu_fd_sc_mcu9t5v0__clkbuf_16)
   0.28    3.04 ^ clkbuf_leaf_38_core_clk_regs/Z (gf180mcu_fd_sc_mcu9t5v0__clkbuf_8)
   0.00    3.04 ^ u_core/_21017_/CLK (gf180mcu_fd_sc_mcu9t5v0__dffrnq_4)
   0.98    4.02 ^ u_core/_21017_/Q (gf180mcu_fd_sc_mcu9t5v0__dffrnq_4)
   0.21    4.23 ^ u_core/place677/Z (gf180mcu_fd_sc_mcu9t5v0__buf_8)
   0.19    4.41 v u_core/_09614_/ZN (gf180mcu_fd_sc_mcu9t5v0__nor3_4)
   0.23    4.64 v u_core/place651/Z (gf180mcu_fd_sc_mcu9t5v0__buf_8)
   0.26    4.90 ^ u_core/_10547_/ZN (gf180mcu_fd_sc_mcu9t5v0__nand2_1)
   0.55    5.45 ^ u_core/place575/Z (gf180mcu_fd_sc_mcu9t5v0__buf_8)
   0.72    6.18 v u_core/_10651_/Z (gf180mcu_fd_sc_mcu9t5v0__mux2_1)
   0.33    6.50 ^ u_core/_10652_/ZN (gf180mcu_fd_sc_mcu9t5v0__aoi22_1)
   0.11    6.61 v u_core/_10656_/ZN (gf180mcu_fd_sc_mcu9t5v0__nand2_1)
   0.36    6.97 ^ u_core/_10657_/ZN (gf180mcu_fd_sc_mcu9t5v0__aoi211_1)
   0.14    7.11 v u_core/_10658_/ZN (gf180mcu_fd_sc_mcu9t5v0__nand3_1)
   0.46    7.57 ^ u_core/_10662_/ZN (gf180mcu_fd_sc_mcu9t5v0__aoi221_1)
   0.29    7.86 v u_core/_10670_/ZN (gf180mcu_fd_sc_mcu9t5v0__nor2_1)
   0.26    8.12 v place518/Z (gf180mcu_fd_sc_mcu9t5v0__buf_8)
   2.13   10.25 v u_pad_dout4/PAD (gf180mcu_fd_io__bi_t)
   0.00   10.25 v pad_dout[4] (inout)
          10.25   data arrival time

  16.28   16.28   clock pad_clk_ext (rise edge)
   0.00   16.28   clock network delay (propagated)
  -0.10   16.18   clock uncertainty
   0.00   16.18   clock reconvergence pessimism
   6.00   22.18   output external delay
          22.18   data required time
---------------------------------------------------------
          22.18   data required time
         -10.25   data arrival time
---------------------------------------------------------
          11.93   slack (MET)


Startpoint: u_core/_21017_
            (rising edge-triggered flip-flop clocked by pad_clk_ext)
Endpoint: pad_dout[0] (output port clocked by pad_clk_ext)
Path Group: pad_clk_ext
Path Type: max

  Delay    Time   Description
---------------------------------------------------------
   0.00    0.00   clock pad_clk_ext (rise edge)
   0.00    0.00   clock source latency
   0.00    0.00 ^ pad_clk (in)
   0.98    0.98 ^ u_pad_clk/Y (gf180mcu_fd_io__in_c)
   0.74    1.72 ^ u_clk_iso/Z (gf180mcu_fd_sc_mcu9t5v0__clkbuf_1)
   0.30    2.02 ^ clkbuf_regs_0_pad_clk_ext/Z (gf180mcu_fd_sc_mcu9t5v0__clkbuf_16)
   0.20    2.21 ^ clkbuf_0_core_clk_regs/Z (gf180mcu_fd_sc_mcu9t5v0__clkbuf_16)
   0.23    2.45 ^ clkbuf_2_1_0_core_clk_regs/Z (gf180mcu_fd_sc_mcu9t5v0__clkbuf_8)
   0.31    2.76 ^ clkbuf_3_3__f_core_clk_regs/Z (gf180mcu_fd_sc_mcu9t5v0__clkbuf_16)
   0.28    3.04 ^ clkbuf_leaf_38_core_clk_regs/Z (gf180mcu_fd_sc_mcu9t5v0__clkbuf_8)
   0.00    3.04 ^ u_core/_21017_/CLK (gf180mcu_fd_sc_mcu9t5v0__dffrnq_4)
   0.98    4.02 ^ u_core/_21017_/Q (gf180mcu_fd_sc_mcu9t5v0__dffrnq_4)
   0.21    4.23 ^ u_core/place677/Z (gf180mcu_fd_sc_mcu9t5v0__buf_8)
   0.19    4.41 v u_core/_09614_/ZN (gf180mcu_fd_sc_mcu9t5v0__nor3_4)
   0.23    4.64 v u_core/place651/Z (gf180mcu_fd_sc_mcu9t5v0__buf_8)
   0.26    4.90 ^ u_core/_10547_/ZN (gf180mcu_fd_sc_mcu9t5v0__nand2_1)
   0.55    5.45 ^ u_core/place575/Z (gf180mcu_fd_sc_mcu9t5v0__buf_8)
   0.70    6.15 v u_core/_10852_/Z (gf180mcu_fd_sc_mcu9t5v0__mux2_1)
   0.46    6.61 v u_core/_10853_/Z (gf180mcu_fd_sc_mcu9t5v0__mux2_1)
   0.26    6.87 ^ u_core/_10854_/ZN (gf180mcu_fd_sc_mcu9t5v0__aoi22_1)
   0.20    7.07 v u_core/_10855_/ZN (gf180mcu_fd_sc_mcu9t5v0__oai211_1)
   0.43    7.51 ^ u_core/_10866_/ZN (gf180mcu_fd_sc_mcu9t5v0__oai31_1)
   0.25    7.76 v u_core/_10867_/ZN (gf180mcu_fd_sc_mcu9t5v0__oai31_2)
   0.26    8.02 v place516/Z (gf180mcu_fd_sc_mcu9t5v0__buf_8)
   2.13   10.15 v u_pad_dout0/PAD (gf180mcu_fd_io__bi_t)
   0.00   10.15 v pad_dout[0] (inout)
          10.15   data arrival time

  16.28   16.28   clock pad_clk_ext (rise edge)
   0.00   16.28   clock network delay (propagated)
  -0.10   16.18   clock uncertainty
   0.00   16.18   clock reconvergence pessimism
   6.00   22.18   output external delay
          22.18   data required time
---------------------------------------------------------
          22.18   data required time
         -10.15   data arrival time
---------------------------------------------------------
          12.03   slack (MET)


Startpoint: u_core/_21017_
            (rising edge-triggered flip-flop clocked by pad_clk_ext)
Endpoint: pad_dout[6] (output port clocked by pad_clk_ext)
Path Group: pad_clk_ext
Path Type: max

  Delay    Time   Description
---------------------------------------------------------
   0.00    0.00   clock pad_clk_ext (rise edge)
   0.00    0.00   clock source latency
   0.00    0.00 ^ pad_clk (in)
   0.98    0.98 ^ u_pad_clk/Y (gf180mcu_fd_io__in_c)
   0.74    1.72 ^ u_clk_iso/Z (gf180mcu_fd_sc_mcu9t5v0__clkbuf_1)
   0.30    2.02 ^ clkbuf_regs_0_pad_clk_ext/Z (gf180mcu_fd_sc_mcu9t5v0__clkbuf_16)
   0.20    2.21 ^ clkbuf_0_core_clk_regs/Z (gf180mcu_fd_sc_mcu9t5v0__clkbuf_16)
   0.23    2.45 ^ clkbuf_2_1_0_core_clk_regs/Z (gf180mcu_fd_sc_mcu9t5v0__clkbuf_8)
   0.31    2.76 ^ clkbuf_3_3__f_core_clk_regs/Z (gf180mcu_fd_sc_mcu9t5v0__clkbuf_16)
   0.28    3.04 ^ clkbuf_leaf_38_core_clk_regs/Z (gf180mcu_fd_sc_mcu9t5v0__clkbuf_8)
   0.00    3.04 ^ u_core/_21017_/CLK (gf180mcu_fd_sc_mcu9t5v0__dffrnq_4)
   0.78    3.82 v u_core/_21017_/Q (gf180mcu_fd_sc_mcu9t5v0__dffrnq_4)
   0.23    4.05 v u_core/place677/Z (gf180mcu_fd_sc_mcu9t5v0__buf_8)
   0.39    4.44 ^ u_core/_09614_/ZN (gf180mcu_fd_sc_mcu9t5v0__nor3_4)
   0.20    4.64 ^ u_core/place651/Z (gf180mcu_fd_sc_mcu9t5v0__buf_8)
   0.91    5.54 ^ u_core/_10534_/Z (gf180mcu_fd_sc_mcu9t5v0__and2_1)
   0.71    6.26 v u_core/_10540_/Z (gf180mcu_fd_sc_mcu9t5v0__mux2_1)
   0.56    6.81 ^ u_core/_10543_/ZN (gf180mcu_fd_sc_mcu9t5v0__aoi222_1)
   0.17    6.99 v u_core/_10567_/ZN (gf180mcu_fd_sc_mcu9t5v0__nand3_1)
   0.19    7.18 ^ u_core/_10568_/ZN (gf180mcu_fd_sc_mcu9t5v0__nand2_1)
   0.10    7.28 v u_core/_10594_/ZN (gf180mcu_fd_sc_mcu9t5v0__nand2_1)
   0.21    7.49 ^ u_core/_10595_/ZN (gf180mcu_fd_sc_mcu9t5v0__nand2_1)
   0.22    7.72 v u_core/_10596_/ZN (gf180mcu_fd_sc_mcu9t5v0__oai31_2)
   0.27    7.99 v place503/Z (gf180mcu_fd_sc_mcu9t5v0__buf_8)
   2.13   10.12 v u_pad_dout6/PAD (gf180mcu_fd_io__bi_t)
   0.00   10.12 v pad_dout[6] (inout)
          10.12   data arrival time

  16.28   16.28   clock pad_clk_ext (rise edge)
   0.00   16.28   clock network delay (propagated)
  -0.10   16.18   clock uncertainty
   0.00   16.18   clock reconvergence pessimism
   6.00   22.18   output external delay
          22.18   data required time
---------------------------------------------------------
          22.18   data required time
         -10.12   data arrival time
---------------------------------------------------------
          12.06   slack (MET)


Startpoint: u_core/_21017_
            (rising edge-triggered flip-flop clocked by pad_clk_ext)
Endpoint: pad_dout[1] (output port clocked by pad_clk_ext)
Path Group: pad_clk_ext
Path Type: max

  Delay    Time   Description
---------------------------------------------------------
   0.00    0.00   clock pad_clk_ext (rise edge)
   0.00    0.00   clock source latency
   0.00    0.00 ^ pad_clk (in)
   0.98    0.98 ^ u_pad_clk/Y (gf180mcu_fd_io__in_c)
   0.74    1.72 ^ u_clk_iso/Z (gf180mcu_fd_sc_mcu9t5v0__clkbuf_1)
   0.30    2.02 ^ clkbuf_regs_0_pad_clk_ext/Z (gf180mcu_fd_sc_mcu9t5v0__clkbuf_16)
   0.20    2.21 ^ clkbuf_0_core_clk_regs/Z (gf180mcu_fd_sc_mcu9t5v0__clkbuf_16)
   0.23    2.45 ^ clkbuf_2_1_0_core_clk_regs/Z (gf180mcu_fd_sc_mcu9t5v0__clkbuf_8)
   0.31    2.76 ^ clkbuf_3_3__f_core_clk_regs/Z (gf180mcu_fd_sc_mcu9t5v0__clkbuf_16)
   0.28    3.04 ^ clkbuf_leaf_38_core_clk_regs/Z (gf180mcu_fd_sc_mcu9t5v0__clkbuf_8)
   0.00    3.04 ^ u_core/_21017_/CLK (gf180mcu_fd_sc_mcu9t5v0__dffrnq_4)
   0.98    4.02 ^ u_core/_21017_/Q (gf180mcu_fd_sc_mcu9t5v0__dffrnq_4)
   0.21    4.23 ^ u_core/place677/Z (gf180mcu_fd_sc_mcu9t5v0__buf_8)
   0.19    4.41 v u_core/_09614_/ZN (gf180mcu_fd_sc_mcu9t5v0__nor3_4)
   0.23    4.64 v u_core/place651/Z (gf180mcu_fd_sc_mcu9t5v0__buf_8)
   0.26    4.90 ^ u_core/_10547_/ZN (gf180mcu_fd_sc_mcu9t5v0__nand2_1)
   0.55    5.45 ^ u_core/place575/Z (gf180mcu_fd_sc_mcu9t5v0__buf_8)
   0.67    6.12 v u_core/_10796_/Z (gf180mcu_fd_sc_mcu9t5v0__mux2_1)
   0.45    6.57 v u_core/_10797_/Z (gf180mcu_fd_sc_mcu9t5v0__mux2_1)
   0.26    6.83 ^ u_core/_10798_/ZN (gf180mcu_fd_sc_mcu9t5v0__aoi22_1)
   0.24    7.07 v u_core/_10799_/ZN (gf180mcu_fd_sc_mcu9t5v0__oai221_1)
   0.26    7.33 ^ u_core/_10825_/ZN (gf180mcu_fd_sc_mcu9t5v0__nor3_1)
   0.28    7.61 v u_core/_10826_/ZN (gf180mcu_fd_sc_mcu9t5v0__nor2_1)
   0.26    7.87 v place502/Z (gf180mcu_fd_sc_mcu9t5v0__buf_8)
   2.13   10.00 v u_pad_dout1/PAD (gf180mcu_fd_io__bi_t)
   0.00   10.00 v pad_dout[1] (inout)
          10.00   data arrival time

  16.28   16.28   clock pad_clk_ext (rise edge)
   0.00   16.28   clock network delay (propagated)
  -0.10   16.18   clock uncertainty
   0.00   16.18   clock reconvergence pessimism
   6.00   22.18   output external delay
          22.18   data required time
---------------------------------------------------------
          22.18   data required time
         -10.00   data arrival time
---------------------------------------------------------
          12.18   slack (MET)


Startpoint: u_core/_21017_
            (rising edge-triggered flip-flop clocked by pad_clk_ext)
Endpoint: pad_dout[3] (output port clocked by pad_clk_ext)
Path Group: pad_clk_ext
Path Type: max

  Delay    Time   Description
---------------------------------------------------------
   0.00    0.00   clock pad_clk_ext (rise edge)
   0.00    0.00   clock source latency
   0.00    0.00 ^ pad_clk (in)
   0.98    0.98 ^ u_pad_clk/Y (gf180mcu_fd_io__in_c)
   0.74    1.72 ^ u_clk_iso/Z (gf180mcu_fd_sc_mcu9t5v0__clkbuf_1)
   0.30    2.02 ^ clkbuf_regs_0_pad_clk_ext/Z (gf180mcu_fd_sc_mcu9t5v0__clkbuf_16)
   0.20    2.21 ^ clkbuf_0_core_clk_regs/Z (gf180mcu_fd_sc_mcu9t5v0__clkbuf_16)
   0.23    2.45 ^ clkbuf_2_1_0_core_clk_regs/Z (gf180mcu_fd_sc_mcu9t5v0__clkbuf_8)
   0.31    2.76 ^ clkbuf_3_3__f_core_clk_regs/Z (gf180mcu_fd_sc_mcu9t5v0__clkbuf_16)
   0.28    3.04 ^ clkbuf_leaf_38_core_clk_regs/Z (gf180mcu_fd_sc_mcu9t5v0__clkbuf_8)
   0.00    3.04 ^ u_core/_21017_/CLK (gf180mcu_fd_sc_mcu9t5v0__dffrnq_4)
   0.98    4.02 ^ u_core/_21017_/Q (gf180mcu_fd_sc_mcu9t5v0__dffrnq_4)
   0.21    4.23 ^ u_core/place677/Z (gf180mcu_fd_sc_mcu9t5v0__buf_8)
   0.19    4.41 v u_core/_09614_/ZN (gf180mcu_fd_sc_mcu9t5v0__nor3_4)
   0.23    4.64 v u_core/place651/Z (gf180mcu_fd_sc_mcu9t5v0__buf_8)
   0.26    4.90 ^ u_core/_10547_/ZN (gf180mcu_fd_sc_mcu9t5v0__nand2_1)
   0.55    5.45 ^ u_core/place575/Z (gf180mcu_fd_sc_mcu9t5v0__buf_8)
   0.70    6.15 v u_core/_10726_/Z (gf180mcu_fd_sc_mcu9t5v0__mux2_1)
   0.32    6.47 ^ u_core/_10727_/ZN (gf180mcu_fd_sc_mcu9t5v0__aoi22_1)
   0.16    6.63 v u_core/_10728_/ZN (gf180mcu_fd_sc_mcu9t5v0__oai22_1)
   0.42    7.05 ^ u_core/_10729_/ZN (gf180mcu_fd_sc_mcu9t5v0__aoi221_1)
   0.32    7.37 v u_core/_10730_/ZN (gf180mcu_fd_sc_mcu9t5v0__aoi22_1)
   0.29    7.66 v place524/Z (gf180mcu_fd_sc_mcu9t5v0__buf_8)
   2.13    9.79 v u_pad_dout3/PAD (gf180mcu_fd_io__bi_t)
   0.00    9.79 v pad_dout[3] (inout)
           9.79   data arrival time

  16.28   16.28   clock pad_clk_ext (rise edge)
   0.00   16.28   clock network delay (propagated)
  -0.10   16.18   clock uncertainty
   0.00   16.18   clock reconvergence pessimism
   6.00   22.18   output external delay
          22.18   data required time
---------------------------------------------------------
          22.18   data required time
          -9.79   data arrival time
---------------------------------------------------------
          12.39   slack (MET)


Startpoint: u_core/_21017_
            (rising edge-triggered flip-flop clocked by pad_clk_ext)
Endpoint: pad_dout[7] (output port clocked by pad_clk_ext)
Path Group: pad_clk_ext
Path Type: max

  Delay    Time   Description
---------------------------------------------------------
   0.00    0.00   clock pad_clk_ext (rise edge)
   0.00    0.00   clock source latency
   0.00    0.00 ^ pad_clk (in)
   0.98    0.98 ^ u_pad_clk/Y (gf180mcu_fd_io__in_c)
   0.74    1.72 ^ u_clk_iso/Z (gf180mcu_fd_sc_mcu9t5v0__clkbuf_1)
   0.30    2.02 ^ clkbuf_regs_0_pad_clk_ext/Z (gf180mcu_fd_sc_mcu9t5v0__clkbuf_16)
   0.20    2.21 ^ clkbuf_0_core_clk_regs/Z (gf180mcu_fd_sc_mcu9t5v0__clkbuf_16)
   0.23    2.45 ^ clkbuf_2_1_0_core_clk_regs/Z (gf180mcu_fd_sc_mcu9t5v0__clkbuf_8)
   0.31    2.76 ^ clkbuf_3_3__f_core_clk_regs/Z (gf180mcu_fd_sc_mcu9t5v0__clkbuf_16)
   0.28    3.04 ^ clkbuf_leaf_38_core_clk_regs/Z (gf180mcu_fd_sc_mcu9t5v0__clkbuf_8)
   0.00    3.04 ^ u_core/_21017_/CLK (gf180mcu_fd_sc_mcu9t5v0__dffrnq_4)
   0.98    4.02 ^ u_core/_21017_/Q (gf180mcu_fd_sc_mcu9t5v0__dffrnq_4)
   0.21    4.23 ^ u_core/place677/Z (gf180mcu_fd_sc_mcu9t5v0__buf_8)
   0.19    4.41 v u_core/_09614_/ZN (gf180mcu_fd_sc_mcu9t5v0__nor3_4)
   0.23    4.64 v u_core/place651/Z (gf180mcu_fd_sc_mcu9t5v0__buf_8)
   0.26    4.90 ^ u_core/_10547_/ZN (gf180mcu_fd_sc_mcu9t5v0__nand2_1)
   0.55    5.45 ^ u_core/place575/Z (gf180mcu_fd_sc_mcu9t5v0__buf_8)
   0.64    6.10 v u_core/_10957_/Z (gf180mcu_fd_sc_mcu9t5v0__mux2_1)
   0.57    6.66 ^ u_core/_19014_/ZN (gf180mcu_fd_sc_mcu9t5v0__aoi222_1)
   0.12    6.79 v u_core/_19016_/ZN (gf180mcu_fd_sc_mcu9t5v0__nand2_1)
   0.18    6.97 ^ u_core/_19017_/ZN (gf180mcu_fd_sc_mcu9t5v0__nand2_1)
   0.23    7.20 v u_core/_19037_/ZN (gf180mcu_fd_sc_mcu9t5v0__aoi21_1)
   0.28    7.48 v place520/Z (gf180mcu_fd_sc_mcu9t5v0__buf_8)
   2.13    9.61 v u_pad_dout7/PAD (gf180mcu_fd_io__bi_t)
   0.00    9.61 v pad_dout[7] (inout)
           9.61   data arrival time

  16.28   16.28   clock pad_clk_ext (rise edge)
   0.00   16.28   clock network delay (propagated)
  -0.10   16.18   clock uncertainty
   0.00   16.18   clock reconvergence pessimism
   6.00   22.18   output external delay
          22.18   data required time
---------------------------------------------------------
          22.18   data required time
          -9.61   data arrival time
---------------------------------------------------------
          12.56   slack (MET)


Startpoint: u_core/_21017_
            (rising edge-triggered flip-flop clocked by pad_clk_ext)
Endpoint: pad_dout[5] (output port clocked by pad_clk_ext)
Path Group: pad_clk_ext
Path Type: max

  Delay    Time   Description
---------------------------------------------------------
   0.00    0.00   clock pad_clk_ext (rise edge)
   0.00    0.00   clock source latency
   0.00    0.00 ^ pad_clk (in)
   0.98    0.98 ^ u_pad_clk/Y (gf180mcu_fd_io__in_c)
   0.74    1.72 ^ u_clk_iso/Z (gf180mcu_fd_sc_mcu9t5v0__clkbuf_1)
   0.30    2.02 ^ clkbuf_regs_0_pad_clk_ext/Z (gf180mcu_fd_sc_mcu9t5v0__clkbuf_16)
   0.20    2.21 ^ clkbuf_0_core_clk_regs/Z (gf180mcu_fd_sc_mcu9t5v0__clkbuf_16)
   0.23    2.45 ^ clkbuf_2_1_0_core_clk_regs/Z (gf180mcu_fd_sc_mcu9t5v0__clkbuf_8)
   0.31    2.76 ^ clkbuf_3_3__f_core_clk_regs/Z (gf180mcu_fd_sc_mcu9t5v0__clkbuf_16)
   0.28    3.04 ^ clkbuf_leaf_38_core_clk_regs/Z (gf180mcu_fd_sc_mcu9t5v0__clkbuf_8)
   0.00    3.04 ^ u_core/_21017_/CLK (gf180mcu_fd_sc_mcu9t5v0__dffrnq_4)
   0.78    3.82 v u_core/_21017_/Q (gf180mcu_fd_sc_mcu9t5v0__dffrnq_4)
   0.23    4.05 v u_core/place677/Z (gf180mcu_fd_sc_mcu9t5v0__buf_8)
   0.39    4.44 ^ u_core/_09614_/ZN (gf180mcu_fd_sc_mcu9t5v0__nor3_4)
   0.20    4.64 ^ u_core/place651/Z (gf180mcu_fd_sc_mcu9t5v0__buf_8)
   0.91    5.54 ^ u_core/_10534_/Z (gf180mcu_fd_sc_mcu9t5v0__and2_1)
   0.65    6.19 v u_core/_10609_/Z (gf180mcu_fd_sc_mcu9t5v0__mux2_1)
   0.30    6.49 ^ u_core/_10610_/ZN (gf180mcu_fd_sc_mcu9t5v0__aoi22_1)
   0.18    6.67 v u_core/_10622_/ZN (gf180mcu_fd_sc_mcu9t5v0__nand4_1)
   0.19    6.86 ^ u_core/_10623_/ZN (gf180mcu_fd_sc_mcu9t5v0__nand2_1)
   0.29    7.15 v u_core/_10633_/ZN (gf180mcu_fd_sc_mcu9t5v0__aoi22_1)
   0.29    7.43 v place525/Z (gf180mcu_fd_sc_mcu9t5v0__buf_8)
   2.13    9.56 v u_pad_dout5/PAD (gf180mcu_fd_io__bi_t)
   0.00    9.56 v pad_dout[5] (inout)
           9.56   data arrival time

  16.28   16.28   clock pad_clk_ext (rise edge)
   0.00   16.28   clock network delay (propagated)
  -0.10   16.18   clock uncertainty
   0.00   16.18   clock reconvergence pessimism
   6.00   22.18   output external delay
          22.18   data required time
---------------------------------------------------------
          22.18   data required time
          -9.56   data arrival time
---------------------------------------------------------
          12.61   slack (MET)


Startpoint: u_core/_21017_
            (rising edge-triggered flip-flop clocked by pad_clk_ext)
Endpoint: pad_dout[2] (output port clocked by pad_clk_ext)
Path Group: pad_clk_ext
Path Type: max

  Delay    Time   Description
---------------------------------------------------------
   0.00    0.00   clock pad_clk_ext (rise edge)
   0.00    0.00   clock source latency
   0.00    0.00 ^ pad_clk (in)
   0.98    0.98 ^ u_pad_clk/Y (gf180mcu_fd_io__in_c)
   0.74    1.72 ^ u_clk_iso/Z (gf180mcu_fd_sc_mcu9t5v0__clkbuf_1)
   0.30    2.02 ^ clkbuf_regs_0_pad_clk_ext/Z (gf180mcu_fd_sc_mcu9t5v0__clkbuf_16)
   0.20    2.21 ^ clkbuf_0_core_clk_regs/Z (gf180mcu_fd_sc_mcu9t5v0__clkbuf_16)
   0.23    2.45 ^ clkbuf_2_1_0_core_clk_regs/Z (gf180mcu_fd_sc_mcu9t5v0__clkbuf_8)
   0.31    2.76 ^ clkbuf_3_3__f_core_clk_regs/Z (gf180mcu_fd_sc_mcu9t5v0__clkbuf_16)
   0.28    3.04 ^ clkbuf_leaf_38_core_clk_regs/Z (gf180mcu_fd_sc_mcu9t5v0__clkbuf_8)
   0.00    3.04 ^ u_core/_21017_/CLK (gf180mcu_fd_sc_mcu9t5v0__dffrnq_4)
   0.98    4.02 ^ u_core/_21017_/Q (gf180mcu_fd_sc_mcu9t5v0__dffrnq_4)
   0.21    4.23 ^ u_core/place677/Z (gf180mcu_fd_sc_mcu9t5v0__buf_8)
   0.19    4.41 v u_core/_09614_/ZN (gf180mcu_fd_sc_mcu9t5v0__nor3_4)
   0.23    4.64 v u_core/place651/Z (gf180mcu_fd_sc_mcu9t5v0__buf_8)
   0.26    4.90 ^ u_core/_10547_/ZN (gf180mcu_fd_sc_mcu9t5v0__nand2_1)
   0.55    5.45 ^ u_core/place575/Z (gf180mcu_fd_sc_mcu9t5v0__buf_8)
   0.72    6.18 v u_core/_10746_/Z (gf180mcu_fd_sc_mcu9t5v0__mux2_1)
   0.32    6.50 ^ u_core/_10747_/ZN (gf180mcu_fd_sc_mcu9t5v0__aoi22_1)
   0.15    6.65 v u_core/_10752_/ZN (gf180mcu_fd_sc_mcu9t5v0__nand3_1)
   0.17    6.82 ^ u_core/_10753_/ZN (gf180mcu_fd_sc_mcu9t5v0__nand2_1)
   0.29    7.11 v u_core/_10778_/ZN (gf180mcu_fd_sc_mcu9t5v0__aoi22_1)
   0.29    7.39 v place517/Z (gf180mcu_fd_sc_mcu9t5v0__buf_8)
   2.13    9.52 v u_pad_dout2/PAD (gf180mcu_fd_io__bi_t)
   0.00    9.52 v pad_dout[2] (inout)
           9.52   data arrival time

  16.28   16.28   clock pad_clk_ext (rise edge)
   0.00   16.28   clock network delay (propagated)
  -0.10   16.18   clock uncertainty
   0.00   16.18   clock reconvergence pessimism
   6.00   22.18   output external delay
          22.18   data required time
---------------------------------------------------------
          22.18   data required time
          -9.52   data arrival time
---------------------------------------------------------
          12.65   slack (MET)


Startpoint: u_core/_21021_
            (rising edge-triggered flip-flop clocked by pad_clk_ext)
Endpoint: pad_dout_valid_o (output port clocked by pad_clk_ext)
Path Group: pad_clk_ext
Path Type: max

  Delay    Time   Description
---------------------------------------------------------
   0.00    0.00   clock pad_clk_ext (rise edge)
   0.00    0.00   clock source latency
   0.00    0.00 ^ pad_clk (in)
   0.98    0.98 ^ u_pad_clk/Y (gf180mcu_fd_io__in_c)
   0.74    1.72 ^ u_clk_iso/Z (gf180mcu_fd_sc_mcu9t5v0__clkbuf_1)
   0.30    2.02 ^ clkbuf_regs_0_pad_clk_ext/Z (gf180mcu_fd_sc_mcu9t5v0__clkbuf_16)
   0.20    2.21 ^ clkbuf_0_core_clk_regs/Z (gf180mcu_fd_sc_mcu9t5v0__clkbuf_16)
   0.23    2.45 ^ clkbuf_2_1_0_core_clk_regs/Z (gf180mcu_fd_sc_mcu9t5v0__clkbuf_8)
   0.31    2.76 ^ clkbuf_3_2__f_core_clk_regs/Z (gf180mcu_fd_sc_mcu9t5v0__clkbuf_16)
   0.28    3.04 ^ clkbuf_leaf_24_core_clk_regs/Z (gf180mcu_fd_sc_mcu9t5v0__clkbuf_8)
   0.00    3.04 ^ u_core/_21021_/CLK (gf180mcu_fd_sc_mcu9t5v0__dffrnq_2)
   0.84    3.88 v u_core/_21021_/Q (gf180mcu_fd_sc_mcu9t5v0__dffrnq_2)
   0.99    4.87 ^ u_core/_10503_/ZN (gf180mcu_fd_sc_mcu9t5v0__nor3_1)
   0.24    5.10 ^ u_core/place638/Z (gf180mcu_fd_sc_mcu9t5v0__buf_8)
   0.36    5.46 v u_core/_19039_/ZN (gf180mcu_fd_sc_mcu9t5v0__nand4_1)
   0.32    5.78 v place580/Z (gf180mcu_fd_sc_mcu9t5v0__buf_8)
   2.13    7.91 v u_pad_dout_valid/PAD (gf180mcu_fd_io__bi_t)
   0.00    7.91 v pad_dout_valid_o (inout)
           7.91   data arrival time

  16.28   16.28   clock pad_clk_ext (rise edge)
   0.00   16.28   clock network delay (propagated)
  -0.10   16.18   clock uncertainty
   0.00   16.18   clock reconvergence pessimism
   6.00   22.18   output external delay
          22.18   data required time
---------------------------------------------------------
          22.18   data required time
          -7.91   data arrival time
---------------------------------------------------------
          14.26   slack (MET)


