Startpoint: pad_in (input port)
Endpoint: chain8_y (output port)
Path Group: unconstrained
Path Type: min

Fanout     Cap    Slew   Delay    Time   Description
-----------------------------------------------------------------------------
                          0.00    0.00 v input external delay
     2    5.85    0.50    0.00    0.00 v pad_in (in)
                                         pad_in (net)
                  0.50    0.00    0.00 v u_in_c/PAD (gf180mcu_fd_io__in_c)
     2    0.10    0.20    1.01    1.01 v u_in_c/Y (gf180mcu_fd_io__in_c)
                                         in_c_y (net)
                  0.20    0.00    1.01 v b0/I (gf180mcu_fd_sc_mcu9t5v0__buf_1)
     1    0.00    0.09    0.23    1.24 v b0/Z (gf180mcu_fd_sc_mcu9t5v0__buf_1)
                                         c0 (net)
                  0.09    0.00    1.24 v b1/I (gf180mcu_fd_sc_mcu9t5v0__buf_1)
     2    0.10    0.68    0.59    1.83 v b1/Z (gf180mcu_fd_sc_mcu9t5v0__buf_1)
                                         chain2_y (net)
                  0.68    0.00    1.83 v b2/I (gf180mcu_fd_sc_mcu9t5v0__buf_1)
     1    0.00    0.10    0.36    2.19 v b2/Z (gf180mcu_fd_sc_mcu9t5v0__buf_1)
                                         c2 (net)
                  0.10    0.00    2.19 v b3/I (gf180mcu_fd_sc_mcu9t5v0__buf_1)
     2    0.10    0.68    0.60    2.79 v b3/Z (gf180mcu_fd_sc_mcu9t5v0__buf_1)
                                         chain4_y (net)
                  0.68    0.00    2.79 v b4/I (gf180mcu_fd_sc_mcu9t5v0__buf_1)
     1    0.00    0.10    0.36    3.15 v b4/Z (gf180mcu_fd_sc_mcu9t5v0__buf_1)
                                         c4 (net)
                  0.10    0.00    3.15 v b5/I (gf180mcu_fd_sc_mcu9t5v0__buf_1)
     2    0.10    0.68    0.60    3.74 v b5/Z (gf180mcu_fd_sc_mcu9t5v0__buf_1)
                                         chain6_y (net)
                  0.68    0.00    3.74 v b6/I (gf180mcu_fd_sc_mcu9t5v0__buf_1)
     1    0.00    0.10    0.36    4.11 v b6/Z (gf180mcu_fd_sc_mcu9t5v0__buf_1)
                                         c6 (net)
                  0.10    0.00    4.11 v b7/I (gf180mcu_fd_sc_mcu9t5v0__buf_1)
     1    0.10    0.65    0.58    4.69 v b7/Z (gf180mcu_fd_sc_mcu9t5v0__buf_1)
                                         chain8_y (net)
                  0.65    0.00    4.69 v chain8_y (out)
                                  4.69   data arrival time
-----------------------------------------------------------------------------
(Path is unconstrained)


