Clock: core_clk
Sources: clk 
Generated: no
Virtual: yes
Propagated: no
Period: 26.041668

===========================================================================
report_clock_properties
============================================================================
Clock                   Period          Waveform
----------------------------------------------------
core_clk             26.041668    0.000000 13.020834

===========================================================================
report_clock_latency
============================================================================
Clock core_clk
rise -> rise
    min     max
0.000000 0.000000 source latency
1.243435         network latency u_transform_scheduler_core.u_fft_scratch_sram.u_hi.u_sram/CLK
        1.551424 network latency _19789_/CLK
---------------
1.243435 1.551424 latency
        0.307990 skew

fall -> fall
    min     max
0.000000 0.000000 source latency
1.220696         network latency u_transform_scheduler_core.u_fft_scratch_sram.u_hi.u_sram/CLK
        1.567310 network latency _19789_/CLK
---------------
1.220696 1.567310 latency
        0.346613 skew



===========================================================================
report_clock_min_period
============================================================================
core_clk period_min = 18.33 fmax = 54.54
