Clock: clk
Sources: clk 
Generated: no
Virtual: yes
Propagated: no
Period: 50.000000

===========================================================================
report_clock_properties
============================================================================
Clock                   Period          Waveform
----------------------------------------------------
clk                  50.000000    0.000000 25.000000

===========================================================================
report_clock_latency
============================================================================
Clock clk
rise -> rise
    min     max
0.000000 0.000000 source latency
1.450182         network latency u_sram/CLK
        1.573441 network latency _36_/CLK
---------------
1.450182 1.573441 latency
        0.123259 skew

fall -> fall
    min     max
0.000000 0.000000 source latency
1.314344         network latency u_sram/CLK
        1.414834 network latency _36_/CLK
---------------
1.314344 1.414834 latency
        0.100490 skew



===========================================================================
report_clock_min_period
============================================================================
clk period_min = 6.67 fmax = 149.92
