OpenROAD 26Q2-254-g61932e897 
Features included (+) or not (-): +GPU +GUI +Python
This program is licensed under the BSD-3 license. See the LICENSE file for details.
Components of this program may be licensed under more restrictive licenses which must be honored.
[INFO ORD-0030] Using 22 thread(s).
BEFORE_INST 16487
BEFORE_SLEW 1171
BEFORE_CAP 4
UNSET_CASE_ANALYSIS rst_n for electrical repair only
AFTER_UNSET_SLEW 1171
AFTER_UNSET_CAP 4
REPAIR_DESIGN_BEGIN
[WARNING EST-0027] no estimated parasitics. Using wire load models.
Iteration |   Area    | Resized | Buffers | Nets repaired | Remaining
---------------------------------------------------------------------
        0 |     +0.0% |       0 |       0 |             0 |     11605
     1000 |     +0.0% |       0 |       0 |             0 |     10605
     2000 |     +0.0% |       1 |       1 |             1 |      9605
     3000 |     +0.0% |       3 |       2 |             2 |      8605
     4000 |     +0.0% |       4 |       3 |             3 |      7605
     5000 |     +0.0% |       7 |       3 |             3 |      6605
     6000 |     +0.1% |      18 |       5 |             7 |      5605
     7000 |     +0.1% |      20 |       5 |             7 |      4605
     8000 |     +0.1% |      22 |       7 |             9 |      3605
     9000 |     +0.1% |      23 |      11 |            13 |      2605
    10000 |     +0.1% |      23 |      15 |            17 |      1605
    11000 |     +0.2% |      28 |      19 |            21 |       605
    final |     +0.2% |      28 |      22 |            22 |         0
---------------------------------------------------------------------
[INFO RSZ-0034] Found 29 slew violations.
[INFO RSZ-0036] Found 19 capacitance violations.
[INFO RSZ-0039] Resized 28 instances.
[INFO RSZ-0038] Inserted 22 buffers in 22 nets.
REPAIR_DESIGN_RUNTIME_MS 2477
AFTER_REPAIR_SLEW 0
AFTER_REPAIR_CAP 0
AFTER_INST 16509
INST_DELTA 22
RESTORED_CASE_ANALYSIS
RESTORED_SLEW 0
RESTORED_CAP 0
WROTE_PRELEGAL
REMOVE_FILLERS
LEGALIZE_BEGIN
[INFO DPL-0006] Core area: 1163895.67 um^2, Instances area: 763615.00 um^2, Utilization: 65.6%
[INFO DPL-0005] Diamond search max displacement: +/- 892 sites horizontally, +/- 19 rows vertically.
[INFO DPL-1101] Legalizing using diamond search.
Movements Summary
---------------------------------------
Total cells:                   11600
Diamond Move Success:          11600 (100.00%)
Diamond Move Failure:              0
Rip-up and replace Success:        0 (  0.00% of diamond failures)
Rip-up and replace Failure:        0
Total Placement Failures:          0
---------------------------------------
Placement Analysis
---------------------------------
total displacement       2826.3 u
average displacement        0.2 u
max displacement          170.9 u
original HPWL          773699.2 u
legalized HPWL         785499.5 u
delta HPWL                    2 %

LEGAL_RUNTIME_MS 177
CHECK_PLACEMENT_OK
GLOBAL_CONNECT_DONE
DIE_MM2 1.2232765764
WROTE_LEGAL
CLEARED_WIRES 11512 GUIDES 114030
WROTE_CLEAN
GRT_BEGIN
[INFO GRT-0020] Min routing layer: Metal2
[INFO GRT-0021] Max routing layer: Metal5
[INFO GRT-0022] Global adjustment: 0%
[INFO GRT-0023] Grid origin: (0, 0)
[INFO GRT-0088] Layer Metal1  Track-Pitch = 0.5600  line-2-Via Pitch: 0.4750
[INFO GRT-0088] Layer Metal2  Track-Pitch = 0.5600  line-2-Via Pitch: 0.5600
[INFO GRT-0088] Layer Metal3  Track-Pitch = 0.5600  line-2-Via Pitch: 0.5600
[INFO GRT-0088] Layer Metal4  Track-Pitch = 0.5600  line-2-Via Pitch: 0.5600
[INFO GRT-0088] Layer Metal5  Track-Pitch = 0.9000  line-2-Via Pitch: 0.8200
[INFO GRT-0003] Macros: 2
[INFO GRT-0004] Blockages: 4
[INFO GRT-0019] Found 119 clock nets.
[INFO GRT-0001] Minimum degree: 2
[INFO GRT-0002] Maximum degree: 610

[INFO GRT-0053] Routing resources analysis:
          Routing      Original      Derated      Resource
Layer     Direction    Resources     Resources    Reduction (%)
---------------------------------------------------------------
Metal1     Horizontal          0             0          0.00%
Metal2     Vertical       190570        127171          33.27%
Metal3     Horizontal     193833        129168          33.36%
Metal4     Vertical       251439        167756          33.28%
Metal5     Horizontal     156606        105522          32.62%
---------------------------------------------------------------

[INFO GRT-0197] Via related to pin nodes: 79627
[INFO GRT-0198] Via related Steiner nodes: 2581
[INFO GRT-0199] Via filling finished.
[INFO GRT-0111] Final number of vias: 102276
[INFO GRT-0112] Final usage 3D: 418730

[INFO GRT-0096] Final congestion report:
Layer         Resource        Demand        Usage (%)    Max H / Max V / Total Overflow
---------------------------------------------------------------------------------------
Metal1               0             0            0.00%             0 /  0 /  0
Metal2          127171         49109           38.62%             0 /  0 /  0
Metal3          129168         50802           39.33%             0 /  0 /  0
Metal4          167756          5493            3.27%             0 /  0 /  0
Metal5          105522          6498            6.16%             0 /  0 /  0
---------------------------------------------------------------------------------------
Total           529617        111902           21.13%             0 /  0 /  0

[INFO GRT-0018] Total wirelength: 1280706 um
[INFO GRT-0014] Routed nets: 11534
[INFO GRT-0303] Global routing runtime = 00:00:02
GRT_RUNTIME_MS 2065
WROTE_GRT
ANTENNA_GRT_BEFORE
[INFO ANT-0002] Found 1 net violations.
[INFO ANT-0001] Found 1 pin violations.
DIODE_BEFORE 7
REPAIR_ANTENNAS_GRT
[INFO GRT-0006] Repairing antennas, iteration 1.
[INFO GRT-0012] Found 2 antenna violations.
[INFO GRT-0302] Inserted 2 jumpers for 2 nets.
[INFO GRT-0012] Found 0 antenna violations.
ANTENNA_GRT_AFTER
[INFO ANT-0002] Found 0 net violations.
[INFO ANT-0001] Found 0 pin violations.
DIODE_AFTER_GRT 7
[INFO DPL-0006] Core area: 1163895.67 um^2, Instances area: 763615.00 um^2, Utilization: 65.6%
[INFO DPL-0005] Diamond search max displacement: +/- 892 sites horizontally, +/- 19 rows vertically.
[INFO DPL-1101] Legalizing using diamond search.
Movements Summary
---------------------------------------
Total cells:                   11607
Diamond Move Success:          11607 (100.00%)
Diamond Move Failure:              0
Rip-up and replace Success:        0 (  0.00% of diamond failures)
Rip-up and replace Failure:        0
Total Placement Failures:          0
---------------------------------------
Placement Analysis
---------------------------------
total displacement          0.0 u
average displacement        0.0 u
max displacement            0.0 u
original HPWL          785499.5 u
legalized HPWL         785499.5 u
delta HPWL                    0 %

CHECK_PLACEMENT_ANT_OK
WROTE_GRT_ANTENNA
PHASE1_DONE
