Starting…
Running 'Verilator.Lint' at 'runs/RUN_2026-06-19_03-20-28/01-verilator-lint'…
Logging subprocess to [repr.filename]'runs/RUN_2026-06-19_03-20-28/01-verilator-lint/verilator-lint.log'[/repr.filename]…
Running 'Checker.LintTimingConstructs' at 'runs/RUN_2026-06-19_03-20-28/02-checker-linttimingconstructs'…
Check for Lint Timing Errors clear.
Running 'Checker.LintErrors' at 'runs/RUN_2026-06-19_03-20-28/03-checker-linterrors'…
Check for Lint errors clear.
Running 'Checker.LintWarnings' at 'runs/RUN_2026-06-19_03-20-28/04-checker-lintwarnings'…
9 Lint warnings found.
Running 'Yosys.JsonHeader' at 'runs/RUN_2026-06-19_03-20-28/05-yosys-jsonheader'…
Logging subprocess to [repr.filename]'runs/RUN_2026-06-19_03-20-28/05-yosys-jsonheader/yosys-jsonheader.log'[/repr.filename]…
Subprocess had a non-zero exit.
Last 10 line(s):
3. Executing Verilog-2005 frontend: /foss/designs/src/counter.sv
Parsing SystemVerilog input from `/foss/designs/src/counter.sv' to AST representation.
Storing AST representation for module `$abstract\counter'.
Successfully finished Verilog frontend.

4. Executing HIERARCHY pass (managing design hierarchy).

5. Executing AST frontend in derive mode using pre-parsed AST for module `\counter'.
Generating RTLIL representation for module `\counter'.
/foss/designs/src/counter.sv:34: ERROR: Identifier `\din' is implicitly declared and `default_nettype is set to none.

Full log file: 'runs/RUN_2026-06-19_03-20-28/05-yosys-jsonheader/yosys-jsonheader.log'
