/foss/pdks/gf180mcuD/libs.tech/klayout/tech/drc/run_drc.py:729: DeprecationWarning: datetime.datetime.utcnow() is deprecated and scheduled for removal in a future version. Use timezone-aware objects to represent datetimes in UTC: datetime.datetime.now(datetime.UTC).
  now_str = datetime.utcnow().strftime("drc_run_%Y_%m_%d_%H_%M_%S")
30-Aug-2026 06:47:10 | INFO    | Your Klayout version is: KLayout 0.30.8
30-Aug-2026 06:47:11 | INFO    | Running Global Foundries 180nm MCU /headless/aravindustries-repos/butterfold/butterfold_proto/physical/results/d03_ach_resized/candidate/butterfold_top_clip1110.gds checks on design density on cell butterfold_top:
2026-08-30 06:47:12 +0200: Memory Usage (443852K) : Starting running GF180MCU Klayout DRC runset on /headless/aravindustries-repos/butterfold/butterfold_proto/physical/results/d03_ach_resized/candidate/butterfold_top_clip1110.gds
2026-08-30 06:47:12 +0200: Memory Usage (443852K) : Ruby Version for klayout: 3.2.3
2026-08-30 06:47:13 +0200: Memory Usage (533136K) : Loading database to memory is complete.
2026-08-30 06:47:13 +0200: Memory Usage (533136K) : GF180MCU Klayout density DRC runset output at: /headless/aravindustries-repos/butterfold/butterfold_proto/physical/results/d03_ach_resized/klayout_density_clip1110/butterfold_top_clip1110_density.lyrdb
2026-08-30 06:47:13 +0200: Memory Usage (533136K) : Evaluate switches.
2026-08-30 06:47:13 +0200: Memory Usage (533136K) : Number of threads to use 4
2026-08-30 06:47:13 +0200: Memory Usage (533136K) : Verbose mode: false
2026-08-30 06:47:13 +0200: Memory Usage (533732K) : flat  mode is enabled.
2026-08-30 06:47:13 +0200: Memory Usage (533732K) : METAL_TOP Selected is 11K
2026-08-30 06:47:13 +0200: Memory Usage (533732K) : METAL_STACK Selected is 5LM
2026-08-30 06:47:13 +0200: Memory Usage (533732K) : Read in polygons from layers.
2026-08-30 06:47:14 +0200: Memory Usage (556896K) : comp_drawn has 103373 polygons
2026-08-30 06:47:14 +0200: Memory Usage (557072K) : comp_dummy has 0 polygons
2026-08-30 06:47:14 +0200: Memory Usage (564240K) : dualgate has 3 polygons
2026-08-30 06:47:16 +0200: Memory Usage (574564K) : poly2_drawn has 124735 polygons
2026-08-30 06:47:16 +0200: Memory Usage (574564K) : poly2_dummy has 0 polygons
2026-08-30 06:47:21 +0200: Memory Usage (691916K) : contact has 790144 polygons
2026-08-30 06:47:26 +0200: Memory Usage (715556K) : metal1_drawn has 144727 polygons
2026-08-30 06:47:26 +0200: Memory Usage (715556K) : metal1_dummy has 0 polygons
2026-08-30 06:47:26 +0200: Memory Usage (715556K) : metal1_label has 0 polygons
2026-08-30 06:47:26 +0200: Memory Usage (715556K) : metal1_slot has 0 polygons
2026-08-30 06:47:26 +0200: Memory Usage (715556K) : metal1_blk has 0 polygons
2026-08-30 06:47:27 +0200: Memory Usage (735092K) : via1 has 92824 polygons
2026-08-30 06:47:27 +0200: Memory Usage (735092K) : metal2_drawn has 47822 polygons
2026-08-30 06:47:27 +0200: Memory Usage (735092K) : metal2_dummy has 0 polygons
2026-08-30 06:47:27 +0200: Memory Usage (735092K) : metal2_label has 16 polygons
2026-08-30 06:47:27 +0200: Memory Usage (735092K) : metal2_slot has 0 polygons
2026-08-30 06:47:27 +0200: Memory Usage (735092K) : metal2_blk has 0 polygons
2026-08-30 06:47:27 +0200: Memory Usage (735092K) : via2 has 86410 polygons
2026-08-30 06:47:28 +0200: Memory Usage (735092K) : metal3_drawn has 22038 polygons
2026-08-30 06:47:28 +0200: Memory Usage (735092K) : metal3_dummy has 0 polygons
2026-08-30 06:47:28 +0200: Memory Usage (735092K) : metal3_label has 0 polygons
2026-08-30 06:47:28 +0200: Memory Usage (735092K) : metal3_slot has 0 polygons
2026-08-30 06:47:28 +0200: Memory Usage (735092K) : metal3_blk has 0 polygons
2026-08-30 06:47:28 +0200: Memory Usage (735092K) : via3 has 7808 polygons
2026-08-30 06:47:28 +0200: Memory Usage (735092K) : metal4_drawn has 1548 polygons
2026-08-30 06:47:28 +0200: Memory Usage (735092K) : metal4_dummy has 0 polygons
2026-08-30 06:47:28 +0200: Memory Usage (735092K) : metal4_label has 0 polygons
2026-08-30 06:47:28 +0200: Memory Usage (735092K) : metal4_slot has 0 polygons
2026-08-30 06:47:28 +0200: Memory Usage (735092K) : metal4_blk has 0 polygons
2026-08-30 06:47:28 +0200: Memory Usage (735092K) : via4 has 1623 polygons
2026-08-30 06:47:28 +0200: Memory Usage (735092K) : metal5_drawn has 315 polygons
2026-08-30 06:47:28 +0200: Memory Usage (735092K) : metal5_dummy has 0 polygons
2026-08-30 06:47:28 +0200: Memory Usage (735092K) : metal5_label has 0 polygons
2026-08-30 06:47:28 +0200: Memory Usage (735092K) : metal5_slot has 0 polygons
2026-08-30 06:47:28 +0200: Memory Usage (735092K) : metal5_blk has 0 polygons
2026-08-30 06:47:28 +0200: Memory Usage (735092K) : Starting GF180MCU DENSITY layer derivations.
2026-08-30 06:47:28 +0200: Memory Usage (735092K) : Starting GF180MCU DENSITY DRC rules.
2026-08-30 06:47:28 +0200: Memory Usage (735092K) : Executing rule DCF.1b
2026-08-30 06:47:28 +0200: Memory Usage (737028K) : COMP ratio: 35.55513689026865 %
2026-08-30 06:47:28 +0200: Memory Usage (737028K) : Executing rule DCF.1d
2026-08-30 06:47:28 +0200: Memory Usage (737028K) : Executing rule PL.8
2026-08-30 06:47:29 +0200: Memory Usage (742836K) : Poly2 ratio: 27.05827334226118 %
2026-08-30 06:47:29 +0200: Memory Usage (742836K) : Executing rule M1.4
2026-08-30 06:47:30 +0200: Memory Usage (754004K) : Metal1 ratio: 32.76132264223683 %
2026-08-30 06:47:30 +0200: Memory Usage (754004K) : Executing rule M2.4
2026-08-30 06:47:31 +0200: Memory Usage (762980K) : Metal2 ratio: 19.661773622270918 %
2026-08-30 06:47:31 +0200: Memory Usage (762980K) : [ERROR] M2.4 : Metal2 coverage over the entire die shall be >30%
2026-08-30 06:47:31 +0200: Memory Usage (763212K) : Executing rule M3.4
2026-08-30 06:47:31 +0200: Memory Usage (763212K) : Metal3 ratio: 24.754858444931415 %
2026-08-30 06:47:31 +0200: Memory Usage (763212K) : [ERROR] M3.4 : metal3 coverage over the entire die shall be >30%
2026-08-30 06:47:31 +0200: Memory Usage (763212K) : Executing rule M4.4
2026-08-30 06:47:31 +0200: Memory Usage (763212K) : Metal4 ratio: 3.6438258258258256 %
2026-08-30 06:47:31 +0200: Memory Usage (763212K) : [ERROR] M4.4 : metal4 coverage over the entire die shall be >30%
2026-08-30 06:47:31 +0200: Memory Usage (763212K) : Executing rule M5.4
2026-08-30 06:47:31 +0200: Memory Usage (763212K) : Metal5 ratio: 3.8185107052998943 %
2026-08-30 06:47:31 +0200: Memory Usage (763212K) : [ERROR] M5.4 : metal5 coverage over the entire die shall be >30%
2026-08-30 06:47:31 +0200: Memory Usage (763212K) : Executing rule MT.3
2026-08-30 06:47:31 +0200: Memory Usage (763212K) : MetalTop ratio: 3.8185107052998943 %
2026-08-30 06:47:31 +0200: Memory Usage (763212K) : [ERROR] MT.3 : MetalTop coverage over the entire die shall be >30%
2026-08-30 06:47:31 +0200: Memory Usage (763212K) : DRC Total Run time 18.350356 seconds
30-Aug-2026 06:47:31 | INFO    | ## Completed running density checks only.
