
===========================================================================
report_checks -unconstrained
===========================================================================
======================= nom_tt_025C_5v00 Corner ===================================

Startpoint: _18150_ (rising edge-triggered flip-flop clocked by core_clk)
Endpoint: _18706_ (rising edge-triggered flip-flop clocked by core_clk)
Path Group: core_clk
Path Type: max

Fanout         Cap        Slew       Delay        Time   Description
---------------------------------------------------------------------------------------------
                                  0.000000    0.000000   clock core_clk (rise edge)
                                  0.000000    0.000000   clock source latency
     2    0.199016    0.000000    0.000000    0.000000 ^ clk (in)
                                                         clk (net)
                      0.072847    0.029797    0.029797 ^ clkbuf_regs_0_core_clk/I (gf180mcu_fd_sc_mcu9t5v0__clkbuf_16)
     1    0.045608    0.077426    0.171448    0.201244 ^ clkbuf_regs_0_core_clk/Z (gf180mcu_fd_sc_mcu9t5v0__clkbuf_16)
                                                         clk_regs (net)
                      0.077427    0.000550    0.201795 ^ clkbuf_0_clk_regs/I (gf180mcu_fd_sc_mcu9t5v0__clkbuf_16)
     4    0.236524    0.187995    0.242352    0.444147 ^ clkbuf_0_clk_regs/Z (gf180mcu_fd_sc_mcu9t5v0__clkbuf_16)
                                                         clknet_0_clk_regs (net)
                      0.190359    0.015587    0.459734 ^ clkbuf_2_0_0_clk_regs/I (gf180mcu_fd_sc_mcu9t5v0__clkbuf_8)
     2    0.125700    0.200394    0.274383    0.734117 ^ clkbuf_2_0_0_clk_regs/Z (gf180mcu_fd_sc_mcu9t5v0__clkbuf_8)
                                                         clknet_2_0_0_clk_regs (net)
                      0.200456    0.005087    0.739204 ^ clkbuf_3_1__f_clk_regs/I (gf180mcu_fd_sc_mcu9t5v0__clkbuf_16)
    14    0.499065    0.354003    0.362614    1.101818 ^ clkbuf_3_1__f_clk_regs/Z (gf180mcu_fd_sc_mcu9t5v0__clkbuf_16)
                                                         clknet_3_1__leaf_clk_regs (net)
                      0.357594    0.020086    1.121904 ^ clkbuf_leaf_13_clk_regs/I (gf180mcu_fd_sc_mcu9t5v0__clkbuf_8)
    21    0.166855    0.254336    0.337869    1.459773 ^ clkbuf_leaf_13_clk_regs/Z (gf180mcu_fd_sc_mcu9t5v0__clkbuf_8)
                                                         clknet_leaf_13_clk_regs (net)
                      0.254440    0.005328    1.465101 ^ _18150_/CLK (gf180mcu_fd_sc_mcu9t5v0__dffrnq_4)
    23    0.389287    1.063278    1.438426    2.903527 ^ _18150_/Q (gf180mcu_fd_sc_mcu9t5v0__dffrnq_4)
                                                         u_transform_scheduler_core.dft12_phase[2] (net)
                      1.064142    0.016140    2.919667 ^ _08890_/I (gf180mcu_fd_sc_mcu9t5v0__clkinv_1)
     7    0.073513    0.895242    0.750491    3.670159 v _08890_/ZN (gf180mcu_fd_sc_mcu9t5v0__clkinv_1)
                                                         _03729_ (net)
                      0.895245    0.000985    3.671144 v _09182_/A1 (gf180mcu_fd_sc_mcu9t5v0__nand2_1)
     6    0.070031    0.917629    0.789231    4.460375 ^ _09182_/ZN (gf180mcu_fd_sc_mcu9t5v0__nand2_1)
                                                         _04021_ (net)
                      0.917629    0.000893    4.461268 ^ _09183_/I (gf180mcu_fd_sc_mcu9t5v0__clkinv_2)
    29    0.584628    3.111537    2.088378    6.549646 v _09183_/ZN (gf180mcu_fd_sc_mcu9t5v0__clkinv_2)
                                                         _02000_ (net)
                      3.111622    0.009570    6.559216 v _11282_/S (gf180mcu_fd_sc_mcu9t5v0__mux2_1)
    23    0.461162    4.909281    3.780772   10.339988 ^ _11282_/Z (gf180mcu_fd_sc_mcu9t5v0__mux2_1)
                                                         _05906_ (net)
                      4.910058    0.035260   10.375248 ^ _11290_/C (gf180mcu_fd_sc_mcu9t5v0__aoi221_1)
     1    0.009375    1.352338    0.295908   10.671156 v _11290_/ZN (gf180mcu_fd_sc_mcu9t5v0__aoi221_1)
                                                         _05914_ (net)
                      1.352338    0.000203   10.671358 v _11293_/A2 (gf180mcu_fd_sc_mcu9t5v0__oai31_1)
     4    0.108930    3.286899    2.163426   12.834785 ^ _11293_/ZN (gf180mcu_fd_sc_mcu9t5v0__oai31_1)
                                                         _05917_ (net)
                      3.286915    0.011291   12.846075 ^ _11446_/A1 (gf180mcu_fd_sc_mcu9t5v0__nand3_1)
     2    0.010985    0.747323    0.227224   13.073298 v _11446_/ZN (gf180mcu_fd_sc_mcu9t5v0__nand3_1)
                                                         _06067_ (net)
                      0.747323    0.000210   13.073509 v _11466_/A1 (gf180mcu_fd_sc_mcu9t5v0__or2_1)
     2    0.024436    0.249820    0.630694   13.704203 v _11466_/Z (gf180mcu_fd_sc_mcu9t5v0__or2_1)
                                                         _06086_ (net)
                      0.249820    0.000869   13.705071 v _11499_/A2 (gf180mcu_fd_sc_mcu9t5v0__aoi21_1)
     2    0.019102    0.785951    0.381412   14.086484 ^ _11499_/ZN (gf180mcu_fd_sc_mcu9t5v0__aoi21_1)
                                                         _06118_ (net)
                      0.785951    0.000517   14.087001 ^ _11500_/A2 (gf180mcu_fd_sc_mcu9t5v0__and2_1)
     3    0.038462    0.459683    0.481971   14.568972 ^ _11500_/Z (gf180mcu_fd_sc_mcu9t5v0__and2_1)
                                                         _06119_ (net)
                      0.459685    0.001606   14.570578 ^ _11540_/A2 (gf180mcu_fd_sc_mcu9t5v0__oai211_1)
     3    0.042220    0.670596    0.476486   15.047063 v _11540_/ZN (gf180mcu_fd_sc_mcu9t5v0__oai211_1)
                                                         _06157_ (net)
                      0.670598    0.001693   15.048756 v _11558_/A2 (gf180mcu_fd_sc_mcu9t5v0__aoi21_1)
     2    0.016393    0.743712    0.488736   15.537492 ^ _11558_/ZN (gf180mcu_fd_sc_mcu9t5v0__aoi21_1)
                                                         _06174_ (net)
                      0.743712    0.000414   15.537906 ^ _11584_/A1 (gf180mcu_fd_sc_mcu9t5v0__aoi21_1)
     2    0.013367    0.358694    0.185491   15.723396 v _11584_/ZN (gf180mcu_fd_sc_mcu9t5v0__aoi21_1)
                                                         _06198_ (net)
                      0.358694    0.000142   15.723538 v _11595_/A1 (gf180mcu_fd_sc_mcu9t5v0__or2_1)
     3    0.024823    0.247285    0.502807   16.226345 v _11595_/Z (gf180mcu_fd_sc_mcu9t5v0__or2_1)
                                                         _06209_ (net)
                      0.247285    0.000302   16.226646 v _11621_/A1 (gf180mcu_fd_sc_mcu9t5v0__oai21_1)
     3    0.023244    0.843597    0.399591   16.626238 ^ _11621_/ZN (gf180mcu_fd_sc_mcu9t5v0__oai21_1)
                                                         _06233_ (net)
                      0.843597    0.000071   16.626310 ^ _11631_/A1 (gf180mcu_fd_sc_mcu9t5v0__nand2_1)
     1    0.007124    0.344455    0.131122   16.757431 v _11631_/ZN (gf180mcu_fd_sc_mcu9t5v0__nand2_1)
                                                         _06243_ (net)
                      0.344455    0.000071   16.757502 v _11639_/A2 (gf180mcu_fd_sc_mcu9t5v0__nand2_1)
     3    0.026412    0.755444    0.346022   17.103525 ^ _11639_/ZN (gf180mcu_fd_sc_mcu9t5v0__nand2_1)
                                                         _06250_ (net)
                      0.755444    0.000414   17.103939 ^ _11662_/A1 (gf180mcu_fd_sc_mcu9t5v0__aoi21_1)
     2    0.020475    0.653599    0.244269   17.348207 v _11662_/ZN (gf180mcu_fd_sc_mcu9t5v0__aoi21_1)
                                                         _06272_ (net)
                      0.653599    0.000284   17.348492 v _11677_/A1 (gf180mcu_fd_sc_mcu9t5v0__oai21_1)
     1    0.011474    0.713120    0.391596   17.740088 ^ _11677_/ZN (gf180mcu_fd_sc_mcu9t5v0__oai21_1)
                                                         _06286_ (net)
                      0.713120    0.000123   17.740210 ^ _11687_/A1 (gf180mcu_fd_sc_mcu9t5v0__xnor2_1)
     1    0.032177    0.774583    0.501918   18.242128 ^ _11687_/ZN (gf180mcu_fd_sc_mcu9t5v0__xnor2_1)
                                                         _06296_ (net)
                      0.774584    0.001943   18.244072 ^ _11688_/B1 (gf180mcu_fd_sc_mcu9t5v0__aoi221_1)
     1    0.010343    1.284880    0.306938   18.551010 v _11688_/ZN (gf180mcu_fd_sc_mcu9t5v0__aoi221_1)
                                                         _06297_ (net)
                      1.284880    0.000156   18.551167 v _11693_/A1 (gf180mcu_fd_sc_mcu9t5v0__oai21_1)
     1    0.005476    0.389534    0.473630   19.024797 ^ _11693_/ZN (gf180mcu_fd_sc_mcu9t5v0__oai21_1)
                                                         _00189_ (net)
                      0.389534    0.000108   19.024904 ^ _18706_/D (gf180mcu_fd_sc_mcu9t5v0__dffrnq_1)
                                             19.024904   data arrival time

                                 26.041668   26.041668   clock core_clk (rise edge)
                                  0.000000   26.041668   clock source latency
     2    0.199016    0.000000    0.000000   26.041668 ^ clk (in)
                                                         clk (net)
                      0.072847    0.029797   26.071465 ^ clkbuf_regs_0_core_clk/I (gf180mcu_fd_sc_mcu9t5v0__clkbuf_16)
     1    0.045608    0.077426    0.171447   26.242910 ^ clkbuf_regs_0_core_clk/Z (gf180mcu_fd_sc_mcu9t5v0__clkbuf_16)
                                                         clk_regs (net)
                      0.077427    0.000551   26.243462 ^ clkbuf_0_clk_regs/I (gf180mcu_fd_sc_mcu9t5v0__clkbuf_16)
     4    0.236524    0.187995    0.242352   26.485813 ^ clkbuf_0_clk_regs/Z (gf180mcu_fd_sc_mcu9t5v0__clkbuf_16)
                                                         clknet_0_clk_regs (net)
                      0.189290    0.011861   26.497675 ^ clkbuf_2_3_0_clk_regs/I (gf180mcu_fd_sc_mcu9t5v0__clkbuf_8)
     2    0.119229    0.192543    0.269667   26.767342 ^ clkbuf_2_3_0_clk_regs/Z (gf180mcu_fd_sc_mcu9t5v0__clkbuf_8)
                                                         clknet_2_3_0_clk_regs (net)
                      0.192587    0.004322   26.771664 ^ clkbuf_3_6__f_clk_regs/I (gf180mcu_fd_sc_mcu9t5v0__clkbuf_16)
    10    0.436773    0.318138    0.345199   27.116863 ^ clkbuf_3_6__f_clk_regs/Z (gf180mcu_fd_sc_mcu9t5v0__clkbuf_16)
                                                         clknet_3_6__leaf_clk_regs (net)
                      0.318525    0.005672   27.122534 ^ clkbuf_leaf_47_clk_regs/I (gf180mcu_fd_sc_mcu9t5v0__clkbuf_8)
    22    0.165436    0.252814    0.331541   27.454075 ^ clkbuf_leaf_47_clk_regs/Z (gf180mcu_fd_sc_mcu9t5v0__clkbuf_8)
                                                         clknet_leaf_47_clk_regs (net)
                      0.252824    0.002366   27.456442 ^ _18706_/CLK (gf180mcu_fd_sc_mcu9t5v0__dffrnq_1)
                                  0.000000   27.456442   clock reconvergence pessimism
                                 -0.234996   27.221445   library setup time
                                             27.221445   data required time
---------------------------------------------------------------------------------------------
                                             27.221445   data required time
                                            -19.024904   data arrival time
---------------------------------------------------------------------------------------------
                                              8.196541   slack (MET)




===========================================================================
report_checks --slack_max -0.01
============================================================================
======================= nom_tt_025C_5v00 Corner ===================================

No paths found.


===========================================================================
 report_check_types -max_slew -max_cap -max_fanout -violators
============================================================================
======================= nom_tt_025C_5v00 Corner ===================================

max slew

Pin                                        Limit        Slew       Slack
------------------------------------------------------------------------
_09532_/A1                              4.000000    5.160914   -1.160914 (VIOLATED)
_09457_/A2                              4.000000    5.160906   -1.160907 (VIOLATED)
_09545_/A1                              4.000000    5.160895   -1.160895 (VIOLATED)
_15499_/I0                              4.000000    5.160860   -1.160860 (VIOLATED)
_17079_/A1                              4.000000    5.160690   -1.160690 (VIOLATED)
_15540_/I0                              4.000000    5.160256   -1.160256 (VIOLATED)
_15491_/I0                              4.000000    5.159932   -1.159932 (VIOLATED)
_17082_/A2                              4.000000    5.158578   -1.158579 (VIOLATED)
_17060_/I0                              4.000000    5.158498   -1.158498 (VIOLATED)
_17137_/I0                              4.000000    5.158402   -1.158402 (VIOLATED)
_08856_/I                               4.000000    5.156912   -1.156912 (VIOLATED)
_16663_/A1                              4.000000    5.156860   -1.156860 (VIOLATED)
_15198_/I1                              4.000000    5.156847   -1.156848 (VIOLATED)
_17150_/I0                              4.000000    5.156822   -1.156822 (VIOLATED)
_17158_/I0                              4.000000    5.156250   -1.156249 (VIOLATED)
_16622_/A1                              4.000000    5.155659   -1.155659 (VIOLATED)
_17148_/I0                              4.000000    5.155654   -1.155654 (VIOLATED)
_15196_/I1                              4.000000    5.155617   -1.155617 (VIOLATED)
_17156_/I0                              4.000000    5.155539   -1.155539 (VIOLATED)
_17068_/I0                              4.000000    5.155485   -1.155485 (VIOLATED)
_08858_/I                               4.000000    5.155462   -1.155462 (VIOLATED)
_09455_/A2                              4.000000    5.155281   -1.155281 (VIOLATED)
_09564_/A2                              4.000000    5.155221   -1.155221 (VIOLATED)
_09486_/A2                              4.000000    5.155070   -1.155070 (VIOLATED)
_16965_/I0                              4.000000    5.154136   -1.154136 (VIOLATED)
_15530_/I0                              4.000000    5.153998   -1.153998 (VIOLATED)
_16206_/I0                              4.000000    5.153876   -1.153876 (VIOLATED)
_17346_/I0                              4.000000    5.153841   -1.153841 (VIOLATED)
_16196_/I0                              4.000000    5.153763   -1.153763 (VIOLATED)
_17344_/I0                              4.000000    5.153738   -1.153738 (VIOLATED)
_17066_/I0                              4.000000    5.153252   -1.153252 (VIOLATED)
_15497_/I0                              4.000000    5.153176   -1.153176 (VIOLATED)
_15489_/I0                              4.000000    5.152763   -1.152763 (VIOLATED)
_17058_/I0                              4.000000    5.152467   -1.152467 (VIOLATED)
_17226_/I0                              4.000000    5.151665   -1.151665 (VIOLATED)
_17122_/I0                              4.000000    5.151621   -1.151621 (VIOLATED)
_15532_/I0                              4.000000    5.150378   -1.150378 (VIOLATED)
_17074_/I0                              4.000000    5.149785   -1.149785 (VIOLATED)
_15538_/I0                              4.000000    5.149133   -1.149133 (VIOLATED)
_17135_/I0                              4.000000    5.147969   -1.147969 (VIOLATED)
_17271_/B2                              4.000000    5.147206   -1.147206 (VIOLATED)
input3/Z                                4.000000    5.144109   -1.144109 (VIOLATED)
input1/Z                                4.000000    5.139204   -1.139204 (VIOLATED)
_10079_/A1                              4.000000    5.051550   -1.051550 (VIOLATED)
_10078_/C                               4.000000    5.051542   -1.051542 (VIOLATED)
_16632_/C                               4.000000    5.051489   -1.051489 (VIOLATED)
_16634_/A1                              4.000000    5.051463   -1.051463 (VIOLATED)
_16696_/C                               4.000000    5.051421   -1.051421 (VIOLATED)
_16697_/A1                              4.000000    5.051412   -1.051411 (VIOLATED)
_10451_/A1                              4.000000    5.051273   -1.051273 (VIOLATED)
_16675_/C                               4.000000    5.051120   -1.051120 (VIOLATED)
_10001_/A1                              4.000000    5.051094   -1.051094 (VIOLATED)
_16676_/A1                              4.000000    5.050909   -1.050909 (VIOLATED)
_16716_/C                               4.000000    5.050758   -1.050758 (VIOLATED)
_10134_/C                               4.000000    5.050654   -1.050654 (VIOLATED)
_10135_/A1                              4.000000    5.050617   -1.050617 (VIOLATED)
_16824_/A1                              4.000000    5.049575   -1.049575 (VIOLATED)
_16826_/A1                              4.000000    5.049529   -1.049528 (VIOLATED)
_10293_/C                               4.000000    5.049491   -1.049491 (VIOLATED)
_10243_/C                               4.000000    5.049480   -1.049480 (VIOLATED)
_16847_/A1                              4.000000    5.049468   -1.049468 (VIOLATED)
_10370_/A1                              4.000000    5.049455   -1.049455 (VIOLATED)
_10368_/A1                              4.000000    5.049436   -1.049436 (VIOLATED)
_10318_/C                               4.000000    5.049429   -1.049429 (VIOLATED)
_16846_/C                               4.000000    5.049429   -1.049429 (VIOLATED)
_16884_/C                               4.000000    5.049426   -1.049426 (VIOLATED)
_16938_/C                               4.000000    5.049416   -1.049416 (VIOLATED)
_16903_/C                               4.000000    5.049410   -1.049410 (VIOLATED)
_16867_/A1                              4.000000    5.049407   -1.049408 (VIOLATED)
_16866_/C                               4.000000    5.049406   -1.049406 (VIOLATED)
_09055_/ZN                              4.000000    5.049386   -1.049386 (VIOLATED)
_08857_/I                               4.000000    5.018178   -1.018178 (VIOLATED)
_17149_/I0                              4.000000    5.018076   -1.018076 (VIOLATED)
_15197_/I1                              4.000000    5.018017   -1.018017 (VIOLATED)
_16643_/A1                              4.000000    5.017966   -1.017966 (VIOLATED)
_17157_/I0                              4.000000    5.017594   -1.017594 (VIOLATED)
_09332_/A1                              4.000000    5.017262   -1.017261 (VIOLATED)
_09331_/A1                              4.000000    5.017254   -1.017254 (VIOLATED)
_09460_/A1                              4.000000    5.017250   -1.017249 (VIOLATED)
_09546_/A1                              4.000000    5.017168   -1.017168 (VIOLATED)
_09486_/A1                              4.000000    5.017062   -1.017062 (VIOLATED)
_15539_/I0                              4.000000    5.016595   -1.016595 (VIOLATED)
_15490_/I0                              4.000000    5.016373   -1.016373 (VIOLATED)
_15498_/I0                              4.000000    5.016215   -1.016215 (VIOLATED)
_17136_/I0                              4.000000    5.014109   -1.014109 (VIOLATED)
_17076_/A2                              4.000000    5.013970   -1.013970 (VIOLATED)
_17059_/I0                              4.000000    5.012436   -1.012436 (VIOLATED)
_17067_/I0                              4.000000    5.011569   -1.011569 (VIOLATED)
_16201_/I0                              4.000000    5.010787   -1.010787 (VIOLATED)
_17345_/I0                              4.000000    5.010775   -1.010775 (VIOLATED)
_15531_/I0                              4.000000    5.004612   -1.004612 (VIOLATED)
input2/Z                                4.000000    4.996158   -0.996158 (VIOLATED)
_08855_/I                               4.000000    4.935104   -0.935104 (VIOLATED)
_17151_/I0                              4.000000    4.935042   -0.935042 (VIOLATED)
_15199_/I1                              4.000000    4.934960   -0.934960 (VIOLATED)
_16685_/A1                              4.000000    4.934954   -0.934954 (VIOLATED)
_15541_/I0                              4.000000    4.934862   -0.934862 (VIOLATED)
_15492_/I0                              4.000000    4.934744   -0.934744 (VIOLATED)
_17159_/I0                              4.000000    4.934663   -0.934663 (VIOLATED)
_09457_/A1                              4.000000    4.934337   -0.934337 (VIOLATED)
_09468_/A1                              4.000000    4.934337   -0.934337 (VIOLATED)
_09330_/A1                              4.000000    4.934329   -0.934329 (VIOLATED)
_15500_/I0                              4.000000    4.933932   -0.933932 (VIOLATED)
_17138_/I0                              4.000000    4.932135   -0.932135 (VIOLATED)
_17085_/A1                              4.000000    4.931920   -0.931919 (VIOLATED)
_17088_/A2                              4.000000    4.931738   -0.931738 (VIOLATED)
_17061_/I0                              4.000000    4.931231   -0.931232 (VIOLATED)
_17069_/I0                              4.000000    4.930646   -0.930646 (VIOLATED)
_17347_/I0                              4.000000    4.928410   -0.928409 (VIOLATED)
_16211_/I0                              4.000000    4.927816   -0.927817 (VIOLATED)
_15533_/I0                              4.000000    4.924861   -0.924862 (VIOLATED)
input4/Z                                4.000000    4.919587   -0.919587 (VIOLATED)
_11607_/A2                              4.000000    4.916523   -0.916523 (VIOLATED)
_11668_/B                               4.000000    4.916445   -0.916445 (VIOLATED)
_11669_/A2                              4.000000    4.916425   -0.916425 (VIOLATED)
_12006_/A2                              4.000000    4.916238   -0.916238 (VIOLATED)
_11927_/A2                              4.000000    4.915998   -0.915998 (VIOLATED)
_11970_/B                               4.000000    4.915848   -0.915848 (VIOLATED)
_11909_/A2                              4.000000    4.915231   -0.915231 (VIOLATED)
_11651_/C                               4.000000    4.914941   -0.914941 (VIOLATED)
_11574_/B                               4.000000    4.914837   -0.914837 (VIOLATED)
_11851_/A2                              4.000000    4.914612   -0.914612 (VIOLATED)
_11809_/A2                              4.000000    4.913214   -0.913214 (VIOLATED)
_11474_/A2                              4.000000    4.912674   -0.912674 (VIOLATED)
_11787_/A2                              4.000000    4.912085   -0.912085 (VIOLATED)
_11752_/C                               4.000000    4.911660   -0.911660 (VIOLATED)
_11494_/A2                              4.000000    4.910692   -0.910692 (VIOLATED)
_11290_/C                               4.000000    4.910058   -0.910058 (VIOLATED)
_11727_/C                               4.000000    4.909752   -0.909752 (VIOLATED)
_11432_/C                               4.000000    4.909446   -0.909446 (VIOLATED)
_11534_/B                               4.000000    4.909332   -0.909332 (VIOLATED)
_11535_/A2                              4.000000    4.909328   -0.909328 (VIOLATED)
_11512_/B                               4.000000    4.909321   -0.909322 (VIOLATED)
_11707_/B                               4.000000    4.909301   -0.909301 (VIOLATED)
_11710_/A1                              4.000000    4.909299   -0.909299 (VIOLATED)
_11282_/Z                               4.000000    4.909281   -0.909281 (VIOLATED)
_15542_/I0                              4.000000    4.755802   -0.755802 (VIOLATED)
_15493_/I0                              4.000000    4.755685   -0.755685 (VIOLATED)
_17091_/A1                              4.000000    4.754873   -0.754873 (VIOLATED)
_17092_/A1                              4.000000    4.754868   -0.754868 (VIOLATED)
_16706_/A1                              4.000000    4.754828   -0.754828 (VIOLATED)
_15200_/I1                              4.000000    4.754809   -0.754809 (VIOLATED)
_09327_/A4                              4.000000    4.754800   -0.754800 (VIOLATED)
_08854_/I                               4.000000    4.754796   -0.754796 (VIOLATED)
_17152_/I0                              4.000000    4.754756   -0.754756 (VIOLATED)
_17160_/I0                              4.000000    4.754592   -0.754592 (VIOLATED)
_17094_/A2                              4.000000    4.754442   -0.754442 (VIOLATED)
_17139_/I0                              4.000000    4.754351   -0.754351 (VIOLATED)
_17062_/I0                              4.000000    4.754170   -0.754170 (VIOLATED)
_17070_/I0                              4.000000    4.753411   -0.753411 (VIOLATED)
_15501_/I0                              4.000000    4.753152   -0.753152 (VIOLATED)
_17348_/I0                              4.000000    4.751918   -0.751919 (VIOLATED)
_16216_/I0                              4.000000    4.751363   -0.751363 (VIOLATED)
_15534_/I0                              4.000000    4.748174   -0.748174 (VIOLATED)
input5/Z                                4.000000    4.743201   -0.743201 (VIOLATED)
_11592_/B                               4.000000    4.728401   -0.728401 (VIOLATED)
_11536_/C                               4.000000    4.728365   -0.728365 (VIOLATED)
max_cap137/I                            4.000000    4.728292   -0.728292 (VIOLATED)
_11754_/A1                              4.000000    4.728269   -0.728269 (VIOLATED)
_11744_/B                               4.000000    4.728266   -0.728266 (VIOLATED)
_11409_/A1                              4.000000    4.728254   -0.728254 (VIOLATED)
_11414_/A1                              4.000000    4.728254   -0.728254 (VIOLATED)
_11293_/A1                              4.000000    4.728240   -0.728240 (VIOLATED)
_11287_/B                               4.000000    4.728239   -0.728238 (VIOLATED)
_11490_/B                               4.000000    4.728224   -0.728224 (VIOLATED)
_11730_/A1                              4.000000    4.728186   -0.728186 (VIOLATED)
_11724_/C                               4.000000    4.728168   -0.728167 (VIOLATED)
_11428_/C                               4.000000    4.728094   -0.728094 (VIOLATED)
_11437_/A1                              4.000000    4.728058   -0.728059 (VIOLATED)
_11276_/ZN                              4.000000    4.728036   -0.728036 (VIOLATED)
_11993_/B2                              4.000000    4.701249   -0.701248 (VIOLATED)
_12015_/B2                              4.000000    4.701249   -0.701249 (VIOLATED)
_11954_/A1                              4.000000    4.701225   -0.701225 (VIOLATED)
_11975_/A1                              4.000000    4.701220   -0.701220 (VIOLATED)
_11934_/A1                              4.000000    4.701216   -0.701216 (VIOLATED)
_11915_/A1                              4.000000    4.701186   -0.701186 (VIOLATED)
_11578_/A1                              4.000000    4.701163   -0.701163 (VIOLATED)
_11612_/A1                              4.000000    4.701144   -0.701144 (VIOLATED)
_11673_/A1                              4.000000    4.701115   -0.701115 (VIOLATED)
_11688_/B2                              4.000000    4.701108   -0.701108 (VIOLATED)
_11560_/B2                              4.000000    4.701046   -0.701045 (VIOLATED)
_11597_/A1                              4.000000    4.700750   -0.700750 (VIOLATED)
_11541_/A1                              4.000000    4.700260   -0.700260 (VIOLATED)
_11116_/B2                              4.000000    4.700225   -0.700225 (VIOLATED)
_11133_/B2                              4.000000    4.700214   -0.700215 (VIOLATED)
_11520_/A1                              4.000000    4.700067   -0.700067 (VIOLATED)
_10867_/B2                              4.000000    4.699687   -0.699687 (VIOLATED)
_10883_/B2                              4.000000    4.699675   -0.699675 (VIOLATED)
_11801_/B                               4.000000    4.699532   -0.699532 (VIOLATED)
_09347_/A2                              4.000000    4.699419   -0.699418 (VIOLATED)
_12313_/A2                              4.000000    4.699410   -0.699410 (VIOLATED)
_11416_/B2                              4.000000    4.699307   -0.699307 (VIOLATED)
_11732_/B2                              4.000000    4.699288   -0.699288 (VIOLATED)
_10806_/B2                              4.000000    4.699099   -0.699099 (VIOLATED)
_11072_/B2                              4.000000    4.698994   -0.698994 (VIOLATED)
_11040_/B2                              4.000000    4.698990   -0.698990 (VIOLATED)
_11087_/B2                              4.000000    4.698991   -0.698991 (VIOLATED)
_10852_/B2                              4.000000    4.698985   -0.698984 (VIOLATED)
_11058_/B2                              4.000000    4.698976   -0.698976 (VIOLATED)
_10822_/B2                              4.000000    4.698953   -0.698952 (VIOLATED)
_09301_/Z                               4.000000    4.698907   -0.698907 (VIOLATED)
_15545_/I0                              4.000000    4.643079   -0.643079 (VIOLATED)
_15496_/I0                              4.000000    4.642925   -0.642925 (VIOLATED)
_17111_/A1                              4.000000    4.642138   -0.642137 (VIOLATED)
_17110_/A1                              4.000000    4.642130   -0.642130 (VIOLATED)
_08850_/I                               4.000000    4.641839   -0.641839 (VIOLATED)
_15203_/I1                              4.000000    4.641660   -0.641660 (VIOLATED)
_17155_/I0                              4.000000    4.641628   -0.641628 (VIOLATED)
_17142_/I0                              4.000000    4.641545   -0.641545 (VIOLATED)
_09327_/A1                              4.000000    4.641523   -0.641523 (VIOLATED)
_17163_/I0                              4.000000    4.641422   -0.641422 (VIOLATED)
_17351_/I0                              4.000000    4.641338   -0.641338 (VIOLATED)
_16231_/I0                              4.000000    4.641254   -0.641255 (VIOLATED)
_17065_/I0                              4.000000    4.640210   -0.640210 (VIOLATED)
_17073_/I0                              4.000000    4.640166   -0.640166 (VIOLATED)
_16771_/A1                              4.000000    4.637496   -0.637496 (VIOLATED)
_15504_/I0                              4.000000    4.636955   -0.636955 (VIOLATED)
_15537_/I0                              4.000000    4.634391   -0.634391 (VIOLATED)
input8/Z                                4.000000    4.631354   -0.631354 (VIOLATED)
_11248_/A2                              4.000000    4.615456   -0.615456 (VIOLATED)
_11263_/A2                              4.000000    4.615454   -0.615454 (VIOLATED)
_11233_/A2                              4.000000    4.615420   -0.615420 (VIOLATED)
_11218_/A2                              4.000000    4.615359   -0.615359 (VIOLATED)
_11205_/A2                              4.000000    4.615319   -0.615319 (VIOLATED)
_11163_/A2                              4.000000    4.615168   -0.615167 (VIOLATED)
_11190_/A2                              4.000000    4.615038   -0.615038 (VIOLATED)
_11176_/A2                              4.000000    4.614896   -0.614896 (VIOLATED)
_11150_/A2                              4.000000    4.614399   -0.614399 (VIOLATED)
_11134_/A1                              4.000000    4.612382   -0.612382 (VIOLATED)
_11119_/A2                              4.000000    4.612218   -0.612218 (VIOLATED)
_11117_/A2                              4.000000    4.611801   -0.611801 (VIOLATED)
_11118_/A1                              4.000000    4.611591   -0.611591 (VIOLATED)
_11103_/A2                              4.000000    4.611063   -0.611063 (VIOLATED)
_11104_/A1                              4.000000    4.611029   -0.611029 (VIOLATED)
_11073_/A2                              4.000000    4.610672   -0.610672 (VIOLATED)
_11074_/A1                              4.000000    4.610667   -0.610667 (VIOLATED)
_11041_/A2                              4.000000    4.610641   -0.610641 (VIOLATED)
_11042_/A1                              4.000000    4.610639   -0.610639 (VIOLATED)
_11075_/A2                              4.000000    4.610638   -0.610638 (VIOLATED)
_11088_/A1                              4.000000    4.610568   -0.610568 (VIOLATED)
_11043_/A2                              4.000000    4.610392   -0.610392 (VIOLATED)
_11059_/A1                              4.000000    4.610312   -0.610312 (VIOLATED)
_11028_/I                               4.000000    4.610034   -0.610033 (VIOLATED)
_11029_/A2                              4.000000    4.609903   -0.609903 (VIOLATED)
_11027_/ZN                              4.000000    4.609885   -0.609885 (VIOLATED)
_12063_/B1                              4.000000    4.524467   -0.524467 (VIOLATED)
_12051_/B1                              4.000000    4.524463   -0.524463 (VIOLATED)
_12056_/B1                              4.000000    4.524449   -0.524449 (VIOLATED)
_12043_/B1                              4.000000    4.524421   -0.524421 (VIOLATED)
_12141_/B1                              4.000000    4.524420   -0.524420 (VIOLATED)
_12026_/B1                              4.000000    4.524398   -0.524398 (VIOLATED)
_12038_/B1                              4.000000    4.524382   -0.524382 (VIOLATED)
_12031_/B1                              4.000000    4.524350   -0.524350 (VIOLATED)
_12172_/B1                              4.000000    4.524321   -0.524321 (VIOLATED)
_12179_/B1                              4.000000    4.524322   -0.524321 (VIOLATED)
_12166_/B1                              4.000000    4.524303   -0.524303 (VIOLATED)
_12153_/B1                              4.000000    4.524296   -0.524296 (VIOLATED)
_12160_/B1                              4.000000    4.524274   -0.524274 (VIOLATED)
_12147_/B1                              4.000000    4.524272   -0.524272 (VIOLATED)
_09346_/ZN                              4.000000    4.524228   -0.524228 (VIOLATED)
_15543_/I0                              4.000000    4.518168   -0.518169 (VIOLATED)
_15494_/I0                              4.000000    4.518134   -0.518134 (VIOLATED)
_17098_/A1                              4.000000    4.517219   -0.517219 (VIOLATED)
_17097_/A1                              4.000000    4.517107   -0.517108 (VIOLATED)
_17140_/I0                              4.000000    4.516940   -0.516940 (VIOLATED)
_17063_/I0                              4.000000    4.516769   -0.516769 (VIOLATED)
_17100_/A2                              4.000000    4.516685   -0.516684 (VIOLATED)
_09327_/A3                              4.000000    4.516258   -0.516258 (VIOLATED)
_16728_/A1                              4.000000    4.516231   -0.516231 (VIOLATED)
_15201_/I1                              4.000000    4.516193   -0.516193 (VIOLATED)
_17153_/I0                              4.000000    4.516118   -0.516118 (VIOLATED)
_08853_/I                               4.000000    4.516091   -0.516091 (VIOLATED)
_15502_/I0                              4.000000    4.516071   -0.516071 (VIOLATED)
_17161_/I0                              4.000000    4.515828   -0.515828 (VIOLATED)
_17071_/I0                              4.000000    4.515453   -0.515453 (VIOLATED)
_17349_/I0                              4.000000    4.513330   -0.513330 (VIOLATED)
_16221_/I0                              4.000000    4.512845   -0.512845 (VIOLATED)
_15535_/I0                              4.000000    4.510013   -0.510013 (VIOLATED)
input6/Z                                4.000000    4.505683   -0.505683 (VIOLATED)
_17531_/S                               4.000000    4.482695   -0.482695 (VIOLATED)
_17533_/S                               4.000000    4.482680   -0.482680 (VIOLATED)
_17529_/S                               4.000000    4.482656   -0.482656 (VIOLATED)
_17530_/S                               4.000000    4.482609   -0.482609 (VIOLATED)
_17532_/S                               4.000000    4.482505   -0.482505 (VIOLATED)
_17526_/S                               4.000000    4.482385   -0.482385 (VIOLATED)
_17528_/S                               4.000000    4.482280   -0.482280 (VIOLATED)
_17527_/S                               4.000000    4.482076   -0.482076 (VIOLATED)
_17525_/S                               4.000000    4.481549   -0.481549 (VIOLATED)
_17524_/S                               4.000000    4.479704   -0.479704 (VIOLATED)
_17523_/S                               4.000000    4.478849   -0.478849 (VIOLATED)
_17522_/S                               4.000000    4.478299   -0.478299 (VIOLATED)
_17520_/S                               4.000000    4.477932   -0.477932 (VIOLATED)
_17521_/S                               4.000000    4.477923   -0.477923 (VIOLATED)
_17518_/S                               4.000000    4.477844   -0.477844 (VIOLATED)
_17519_/S                               4.000000    4.477586   -0.477586 (VIOLATED)
_17517_/ZN                              4.000000    4.477242   -0.477242 (VIOLATED)
_13389_/B2                              4.000000    4.475034   -0.475034 (VIOLATED)
_13377_/A1                              4.000000    4.475008   -0.475008 (VIOLATED)
_13381_/A1                              4.000000    4.474992   -0.474992 (VIOLATED)
_13782_/B2                              4.000000    4.474655   -0.474655 (VIOLATED)
_13363_/B2                              4.000000    4.474630   -0.474630 (VIOLATED)
_13337_/B2                              4.000000    4.474626   -0.474626 (VIOLATED)
_13326_/B2                              4.000000    4.474619   -0.474619 (VIOLATED)
_13291_/B2                              4.000000    4.474605   -0.474605 (VIOLATED)
_13302_/B2                              4.000000    4.474592   -0.474592 (VIOLATED)
_12357_/A1                              4.000000    4.474398   -0.474397 (VIOLATED)
_09356_/ZN                              4.000000    4.474370   -0.474370 (VIOLATED)
_09363_/A1                              4.000000    4.474370   -0.474370 (VIOLATED)
_12290_/A1                              4.000000    4.471133   -0.471133 (VIOLATED)
_11326_/A1                              4.000000    4.471129   -0.471129 (VIOLATED)
_12266_/A1                              4.000000    4.471128   -0.471128 (VIOLATED)
_11376_/A1                              4.000000    4.471122   -0.471122 (VIOLATED)
_12276_/B2                              4.000000    4.471106   -0.471105 (VIOLATED)
_12267_/A1                              4.000000    4.471080   -0.471080 (VIOLATED)
_12268_/A1                              4.000000    4.471074   -0.471074 (VIOLATED)
_11396_/A1                              4.000000    4.471043   -0.471043 (VIOLATED)
_11345_/A1                              4.000000    4.471008   -0.471008 (VIOLATED)
_11395_/A1                              4.000000    4.470984   -0.470984 (VIOLATED)
_11361_/A1                              4.000000    4.470925   -0.470925 (VIOLATED)
_11370_/A2                              4.000000    4.470847   -0.470846 (VIOLATED)
_12258_/A1                              4.000000    4.470804   -0.470804 (VIOLATED)
_11389_/A1                              4.000000    4.470803   -0.470803 (VIOLATED)
_11394_/A1                              4.000000    4.470793   -0.470793 (VIOLATED)
_11327_/A2                              4.000000    4.470786   -0.470786 (VIOLATED)
_11315_/ZN                              4.000000    4.470154   -0.470154 (VIOLATED)
_13315_/A2                              4.000000    4.440417   -0.440417 (VIOLATED)
_13314_/B                               4.000000    4.440328   -0.440328 (VIOLATED)
_12358_/I                               4.000000    4.440303   -0.440303 (VIOLATED)
_13363_/A2                              4.000000    4.440273   -0.440273 (VIOLATED)
_13349_/A2                              4.000000    4.440258   -0.440258 (VIOLATED)
_13337_/A2                              4.000000    4.440223   -0.440223 (VIOLATED)
_13326_/A2                              4.000000    4.440201   -0.440201 (VIOLATED)
_13291_/A2                              4.000000    4.440155   -0.440155 (VIOLATED)
_13302_/A2                              4.000000    4.440121   -0.440121 (VIOLATED)
max_cap91/I                             4.000000    4.439983   -0.439983 (VIOLATED)
_13782_/A2                              4.000000    4.439983   -0.439983 (VIOLATED)
_12357_/ZN                              4.000000    4.439917   -0.439917 (VIOLATED)
_11256_/A2                              4.000000    4.409279   -0.409279 (VIOLATED)
_11198_/A2                              4.000000    4.409228   -0.409228 (VIOLATED)
_11222_/A2                              4.000000    4.409198   -0.409198 (VIOLATED)
_11182_/A2                              4.000000    4.409008   -0.409008 (VIOLATED)
_10990_/A2                              4.000000    4.409000   -0.409000 (VIOLATED)
_11143_/A2                              4.000000    4.408633   -0.408633 (VIOLATED)
_10973_/A2                              4.000000    4.408325   -0.408325 (VIOLATED)
_10859_/A2                              4.000000    4.407904   -0.407904 (VIOLATED)
_11063_/A2                              4.000000    4.407486   -0.407486 (VIOLATED)
_10799_/A2                              4.000000    4.406758   -0.406758 (VIOLATED)
_10789_/A1                              4.000000    4.406411   -0.406411 (VIOLATED)
_10790_/A1                              4.000000    4.406397   -0.406397 (VIOLATED)
_09307_/ZN                              4.000000    4.406345   -0.406345 (VIOLATED)
_09308_/I                               4.000000    4.406345   -0.406345 (VIOLATED)
_17154_/I0                              4.000000    4.318614   -0.318614 (VIOLATED)
_15202_/I1                              4.000000    4.318602   -0.318602 (VIOLATED)
_16749_/A1                              4.000000    4.318554   -0.318554 (VIOLATED)
_08852_/I                               4.000000    4.318530   -0.318530 (VIOLATED)
_17162_/I0                              4.000000    4.318454   -0.318454 (VIOLATED)
_15544_/I0                              4.000000    4.318232   -0.318232 (VIOLATED)
_15495_/I0                              4.000000    4.318194   -0.318194 (VIOLATED)
_16226_/I0                              4.000000    4.317971   -0.317971 (VIOLATED)
_17350_/I0                              4.000000    4.317955   -0.317955 (VIOLATED)
_17104_/A1                              4.000000    4.317645   -0.317645 (VIOLATED)
_17103_/A1                              4.000000    4.317618   -0.317618 (VIOLATED)
_15503_/I0                              4.000000    4.317562   -0.317562 (VIOLATED)
_17107_/A2                              4.000000    4.317431   -0.317431 (VIOLATED)
_17072_/I0                              4.000000    4.317342   -0.317342 (VIOLATED)
_17141_/I0                              4.000000    4.317241   -0.317241 (VIOLATED)
_17064_/I0                              4.000000    4.316975   -0.316975 (VIOLATED)
_15536_/I0                              4.000000    4.314962   -0.314962 (VIOLATED)
input7/Z                                4.000000    4.312495   -0.312495 (VIOLATED)
_17041_/S                               4.000000    4.164046   -0.164046 (VIOLATED)
_17040_/S                               4.000000    4.164034   -0.164034 (VIOLATED)
_17036_/S                               4.000000    4.164028   -0.164028 (VIOLATED)
_17037_/S                               4.000000    4.164021   -0.164021 (VIOLATED)
_17033_/S                               4.000000    4.163997   -0.163997 (VIOLATED)
max_cap70/I                             4.000000    4.163952   -0.163952 (VIOLATED)
_17054_/S                               4.000000    4.163949   -0.163949 (VIOLATED)
_17034_/S                               4.000000    4.163927   -0.163927 (VIOLATED)
_17048_/S                               4.000000    4.163742   -0.163742 (VIOLATED)
max_cap71/I                             4.000000    4.163580   -0.163580 (VIOLATED)
_17025_/ZN                              4.000000    4.163500   -0.163500 (VIOLATED)
_11024_/A2                              4.000000    4.156705   -0.156705 (VIOLATED)
_11011_/A2                              4.000000    4.156694   -0.156694 (VIOLATED)
_10969_/A2                              4.000000    4.156647   -0.156647 (VIOLATED)
_10998_/A2                              4.000000    4.156630   -0.156630 (VIOLATED)
_10930_/A2                              4.000000    4.156597   -0.156597 (VIOLATED)
_10943_/A2                              4.000000    4.156515   -0.156515 (VIOLATED)
_10984_/A2                              4.000000    4.156430   -0.156430 (VIOLATED)
_10956_/A2                              4.000000    4.156334   -0.156334 (VIOLATED)
_10916_/A2                              4.000000    4.155578   -0.155578 (VIOLATED)
_10886_/A2                              4.000000    4.155063   -0.155063 (VIOLATED)
_10902_/A1                              4.000000    4.154968   -0.154968 (VIOLATED)
_10868_/A2                              4.000000    4.154720   -0.154720 (VIOLATED)
_10869_/A1                              4.000000    4.154658   -0.154658 (VIOLATED)
_10885_/A1                              4.000000    4.154611   -0.154611 (VIOLATED)
_10884_/A2                              4.000000    4.154599   -0.154599 (VIOLATED)
_10840_/A2                              4.000000    4.154253   -0.154253 (VIOLATED)
_10853_/A1                              4.000000    4.154214   -0.154214 (VIOLATED)
_10808_/A1                              4.000000    4.154058   -0.154058 (VIOLATED)
_10807_/A2                              4.000000    4.154057   -0.154057 (VIOLATED)
_10809_/A2                              4.000000    4.154030   -0.154030 (VIOLATED)
_10823_/A1                              4.000000    4.154024   -0.154024 (VIOLATED)
_10780_/A2                              4.000000    4.154024   -0.154024 (VIOLATED)
_10824_/A2                              4.000000    4.154017   -0.154017 (VIOLATED)
_10839_/A1                              4.000000    4.154016   -0.154015 (VIOLATED)
_10779_/I                               4.000000    4.154001   -0.154001 (VIOLATED)
_10778_/ZN                              4.000000    4.153970   -0.153970 (VIOLATED)
_11981_/A1                              4.000000    4.074765   -0.074765 (VIOLATED)
_11960_/B                               4.000000    4.074762   -0.074762 (VIOLATED)
_11998_/B                               4.000000    4.074760   -0.074761 (VIOLATED)
_11943_/A1                              4.000000    4.074738   -0.074738 (VIOLATED)
_11933_/A1                              4.000000    4.074712   -0.074712 (VIOLATED)
_11919_/A1                              4.000000    4.074710   -0.074710 (VIOLATED)
_11901_/B                               4.000000    4.074652   -0.074652 (VIOLATED)
_11879_/A1                              4.000000    4.074637   -0.074638 (VIOLATED)
_11862_/A1                              4.000000    4.074375   -0.074375 (VIOLATED)
_11677_/B                               4.000000    4.074220   -0.074220 (VIOLATED)
_11639_/A1                              4.000000    4.074215   -0.074215 (VIOLATED)
_11621_/B                               4.000000    4.074212   -0.074212 (VIOLATED)
_11600_/A1                              4.000000    4.074188   -0.074188 (VIOLATED)
_11558_/A1                              4.000000    4.074120   -0.074119 (VIOLATED)
_11550_/A1                              4.000000    4.074034   -0.074034 (VIOLATED)
_11539_/A1                              4.000000    4.073474   -0.073475 (VIOLATED)
_11834_/A1                              4.000000    4.073398   -0.073398 (VIOLATED)
_11835_/A1                              4.000000    4.073397   -0.073397 (VIOLATED)
_11527_/A1                              4.000000    4.073287   -0.073288 (VIOLATED)
_11813_/B                               4.000000    4.072883   -0.072883 (VIOLATED)
_11791_/A1                              4.000000    4.072781   -0.072781 (VIOLATED)
_11792_/A1                              4.000000    4.072756   -0.072756 (VIOLATED)
_11499_/A1                              4.000000    4.072419   -0.072419 (VIOLATED)
_11467_/A1                              4.000000    4.072400   -0.072399 (VIOLATED)
_12353_/A1                              4.000000    4.072336   -0.072336 (VIOLATED)
_12313_/A1                              4.000000    4.072335   -0.072335 (VIOLATED)
_11447_/A1                              4.000000    4.072215   -0.072215 (VIOLATED)
ANTENNA_1/I                             4.000000    4.072154   -0.072153 (VIOLATED)
_11272_/A2                              4.000000    4.072140   -0.072140 (VIOLATED)
_09179_/Z                               4.000000    4.072126   -0.072126 (VIOLATED)
_09959_/A2                              4.000000    4.039415   -0.039415 (VIOLATED)
_09938_/A2                              4.000000    4.039412   -0.039412 (VIOLATED)
_09820_/A2                              4.000000    4.039410   -0.039410 (VIOLATED)
_09954_/A2                              4.000000    4.039404   -0.039404 (VIOLATED)
_09929_/A2                              4.000000    4.039387   -0.039387 (VIOLATED)
_09870_/A2                              4.000000    4.039382   -0.039382 (VIOLATED)
_09918_/C2                              4.000000    4.039358   -0.039358 (VIOLATED)
_09887_/A2                              4.000000    4.039344   -0.039345 (VIOLATED)
_09857_/A2                              4.000000    4.039335   -0.039335 (VIOLATED)
_09915_/A2                              4.000000    4.039334   -0.039334 (VIOLATED)
_09881_/A2                              4.000000    4.039320   -0.039320 (VIOLATED)
_09802_/A2                              4.000000    4.039318   -0.039317 (VIOLATED)
_09804_/A2                              4.000000    4.039258   -0.039258 (VIOLATED)
_09750_/A2                              4.000000    4.039224   -0.039224 (VIOLATED)
_09827_/A2                              4.000000    4.039201   -0.039201 (VIOLATED)
_09725_/A2                              4.000000    4.039170   -0.039170 (VIOLATED)
_09723_/ZN                              4.000000    4.039157   -0.039157 (VIOLATED)
_09741_/A2                              4.000000    4.039157   -0.039157 (VIOLATED)
_15659_/S                               4.000000    4.025569   -0.025569 (VIOLATED)
_15658_/S                               4.000000    4.025562   -0.025562 (VIOLATED)
_15625_/S                               4.000000    4.025561   -0.025561 (VIOLATED)
_15656_/S                               4.000000    4.025554   -0.025554 (VIOLATED)
_15627_/S                               4.000000    4.025540   -0.025540 (VIOLATED)
_15628_/S                               4.000000    4.025490   -0.025490 (VIOLATED)
wire84/I                                4.000000    4.025371   -0.025371 (VIOLATED)
_15624_/S                               4.000000    4.025369   -0.025369 (VIOLATED)
_15655_/S                               4.000000    4.025319   -0.025319 (VIOLATED)
_15629_/S                               4.000000    4.025236   -0.025236 (VIOLATED)
_15626_/S                               4.000000    4.025064   -0.025064 (VIOLATED)
_15654_/S                               4.000000    4.025018   -0.025018 (VIOLATED)
_15657_/S                               4.000000    4.025017   -0.025017 (VIOLATED)
_15630_/S                               4.000000    4.025006   -0.025006 (VIOLATED)
_15605_/ZN                              4.000000    4.024768   -0.024768 (VIOLATED)

max capacitance

Pin                                        Limit         Cap       Slack
------------------------------------------------------------------------
_09055_/ZN                              0.344200    0.470591   -0.126391 (VIOLATED)
input3/Z                                0.361000    0.484093   -0.123093 (VIOLATED)
input1/Z                                0.361000    0.483781   -0.122781 (VIOLATED)
input2/Z                                0.361000    0.470961   -0.109961 (VIOLATED)
input4/Z                                0.361000    0.462669   -0.101669 (VIOLATED)
_11282_/Z                               0.361400    0.461162   -0.099762 (VIOLATED)
input5/Z                                0.361000    0.445861   -0.084861 (VIOLATED)
_09301_/Z                               0.361600    0.441362   -0.079762 (VIOLATED)
_11027_/ZN                              0.311700    0.386566   -0.074866 (VIOLATED)
input8/Z                                0.361000    0.435148   -0.074148 (VIOLATED)
input6/Z                                0.361000    0.423507   -0.062507 (VIOLATED)
_17517_/ZN                              0.274600    0.327495   -0.052895 (VIOLATED)
_11276_/ZN                              0.189900    0.237471   -0.047571 (VIOLATED)
_09307_/ZN                              0.274600    0.321384   -0.046784 (VIOLATED)
input7/Z                                0.361000    0.404299   -0.043299 (VIOLATED)
_09346_/ZN                              0.189600    0.230745   -0.041145 (VIOLATED)
_09356_/ZN                              0.189600    0.228321   -0.038721 (VIOLATED)
_12357_/ZN                              0.189600    0.226532   -0.036932 (VIOLATED)
_10778_/ZN                              0.311700    0.346626   -0.034926 (VIOLATED)
_11315_/ZN                              0.189900    0.224782   -0.034882 (VIOLATED)
_10795_/ZN                              0.378100    0.403660   -0.025560 (VIOLATED)
_17025_/ZN                              0.189600    0.212098   -0.022498 (VIOLATED)
_09179_/Z                               0.361900    0.383203   -0.021303 (VIOLATED)
_15605_/ZN                              0.257100    0.277367   -0.020267 (VIOLATED)
_09723_/ZN                              0.189600    0.205504   -0.015904 (VIOLATED)
_10205_/ZN                              0.189600    0.203163   -0.013563 (VIOLATED)
_09054_/ZN                              0.350200    0.362178   -0.011978 (VIOLATED)
_09482_/ZN                              0.311700    0.320915   -0.009215 (VIOLATED)
_09724_/ZN                              0.189600    0.192946   -0.003346 (VIOLATED)
_09436_/ZN                              0.274600    0.277163   -0.002563 (VIOLATED)
_09727_/ZN                              0.189600    0.191414   -0.001814 (VIOLATED)
_11316_/ZN                              0.186000    0.186294   -0.000294 (VIOLATED)



===========================================================================
report_parasitic_annotation -report_unannotated
============================================================================
Found 88 unannotated drivers.
 clkload0/Z
 clkload1/Z
 clkload10/ZN
 clkload11/ZN
 clkload12/ZN
 clkload13/Z
 clkload14/ZN
 clkload15/ZN
 clkload16/ZN
 clkload17/ZN
 clkload18/ZN
 clkload19/Z
 clkload2/ZN
 clkload20/ZN
 clkload21/Z
 clkload22/ZN
 clkload23/ZN
 clkload24/ZN
 clkload25/ZN
 clkload26/ZN
 clkload27/ZN
 clkload28/ZN
 clkload29/ZN
 clkload3/ZN
 clkload30/ZN
 clkload31/ZN
 clkload32/ZN
 clkload33/Z
 clkload34/ZN
 clkload35/Z
 clkload36/Z
 clkload37/ZN
 clkload38/ZN
 clkload39/ZN
 clkload4/ZN
 clkload40/ZN
 clkload41/ZN
 clkload42/ZN
 clkload43/ZN
 clkload44/ZN
 clkload45/ZN
 clkload46/ZN
 clkload47/ZN
 clkload48/Z
 clkload49/ZN
 clkload5/ZN
 clkload50/ZN
 clkload51/ZN
 clkload52/ZN
 clkload53/ZN
 clkload54/ZN
 clkload55/ZN
 clkload56/Z
 clkload57/ZN
 clkload58/ZN
 clkload59/ZN
 clkload6/ZN
 clkload60/ZN
 clkload61/Z
 clkload62/ZN
 clkload63/ZN
 clkload64/ZN
 clkload65/ZN
 clkload66/ZN
 clkload67/ZN
 clkload68/ZN
 clkload69/ZN
 clkload7/ZN
 clkload70/ZN
 clkload71/Z
 clkload72/ZN
 clkload73/ZN
 clkload74/ZN
 clkload75/ZN
 clkload76/ZN
 clkload77/ZN
 clkload78/Z
 clkload79/ZN
 clkload8/ZN
 clkload80/Z
 clkload81/ZN
 clkload82/ZN
 clkload83/ZN
 clkload84/ZN
 clkload85/ZN
 clkload86/Z
 clkload87/ZN
 clkload9/ZN
Found 0 partially unannotated drivers.

===========================================================================
max slew violation count 469
max fanout violation count 0
max cap violation count 32
============================================================================

===========================================================================
check_setup -verbose -unconstrained_endpoints -multiple_clock -no_clock -no_input_delay -loops -generated_clocks
===========================================================================
