Starting…
Gating variable for step 'Verilator.Lint' set to 'False'- the step will be skipped.
Skipping step 'Verilator Lint'…
Gating variable for step 'Checker.LintTimingConstructs' set to 'False'- the step will be skipped.
Skipping step 'Lint Timing Error Checker'…
Gating variable for step 'Checker.LintErrors' set to 'False'- the step will be skipped.
Skipping step 'Lint Errors Checker'…
Gating variable for step 'Checker.LintWarnings' set to 'False'- the step will be skipped.
Skipping step 'Lint Warnings Checker'…
Running 'Yosys.JsonHeader' at 'runs/ach_final/01-yosys-jsonheader'…
Logging subprocess to [repr.filename]'runs/ach_final/01-yosys-jsonheader/yosys-jsonheader.log'[/repr.filename]…
Running 'Yosys.Synthesis' at 'runs/ach_final/02-yosys-synthesis'…
Logging subprocess to [repr.filename]'runs/ach_final/02-yosys-synthesis/yosys-synthesis.log'[/repr.filename]…
Parsing synthesis checks…
Running 'Checker.YosysUnmappedCells' at 'runs/ach_final/03-checker-yosysunmappedcells'…
Check for Unmapped Yosys instances clear.
Running 'Checker.YosysSynthChecks' at 'runs/ach_final/04-checker-yosyssynthchecks'…
697 Yosys check errors found.
Running 'Checker.NetlistAssignStatements' at 'runs/ach_final/05-checker-netlistassignstatements'…
Running 'OpenROAD.CheckSDCFiles' at 'runs/ach_final/06-openroad-checksdcfiles'…
Running 'OpenROAD.CheckMacroInstances' at 'runs/ach_final/07-openroad-checkmacroinstances'…
Logging subprocess to [repr.filename]'runs/ach_final/07-openroad-checkmacroinstances/openroad-checkmacroinstances.log'[/repr.filename]…
Running 'OpenROAD.STAPrePNR' at 'runs/ach_final/08-openroad-staprepnr'…
Starting STA for the nom_tt_025C_5v00 timing corner…
Starting STA for the nom_ss_125C_4v50 timing corner…
Starting STA for the nom_ff_n40C_5v50 timing corner…
Skipping corner min_tt_025C_5v00 for STA (identical to nom_tt_025C_5v00 at this stage)…
Skipping corner min_ss_125C_4v50 for STA (identical to nom_ss_125C_4v50 at this stage)…
Skipping corner min_ff_n40C_5v50 for STA (identical to nom_ff_n40C_5v50 at this stage)…
Skipping corner max_tt_025C_5v00 for STA (identical to nom_tt_025C_5v00 at this stage)…
Skipping corner max_ss_125C_4v50 for STA (identical to nom_ss_125C_4v50 at this stage)…
Skipping corner max_ff_n40C_5v50 for STA (identical to nom_ff_n40C_5v50 at this stage)…
Logging subprocess to [repr.filename]'runs/ach_final/08-openroad-staprepnr/nom_tt_025C_5v00/sta.log'[/repr.filename]…
Logging subprocess to [repr.filename]'runs/ach_final/08-openroad-staprepnr/nom_ss_125C_4v50/sta.log'[/repr.filename]…
Logging subprocess to [repr.filename]'runs/ach_final/08-openroad-staprepnr/nom_ff_n40C_5v50/sta.log'[/repr.filename]…
Finished STA for the nom_ff_n40C_5v50 timing corner.
Finished STA for the nom_ss_125C_4v50 timing corner.
Finished STA for the nom_tt_025C_5v00 timing corner.
Running 'OpenROAD.Floorplan' at 'runs/ach_final/09-openroad-floorplan'…
Logging subprocess to [repr.filename]'runs/ach_final/09-openroad-floorplan/openroad-floorplan.log'[/repr.filename]…
Running 'OpenROAD.DumpRCValues' at 'runs/ach_final/10-openroad-dumprcvalues'…
Logging subprocess to [repr.filename]'runs/ach_final/10-openroad-dumprcvalues/openroad-dumprcvalues.log'[/repr.filename]…
Running 'Odb.CheckMacroAntennaProperties' at 'runs/ach_final/11-odb-checkmacroantennaproperties'…
Logging subprocess to [repr.filename]'runs/ach_final/11-odb-checkmacroantennaproperties/odb-checkmacroantennaproperties.log'[/repr.filename]…
Cell 'gf180mcu_fd_ip_sram__sram256x8m8wm1' has (9) input pin(s) without antenna gate information. They might not be connected to a gate.
Running 'Odb.SetPowerConnections' at 'runs/ach_final/12-odb-setpowerconnections'…
Logging subprocess to [repr.filename]'runs/ach_final/12-odb-setpowerconnections/odb-setpowerconnections.log'[/repr.filename]…
Running 'Odb.ManualMacroPlacement' at 'runs/ach_final/13-odb-manualmacroplacement'…
Logging subprocess to [repr.filename]'runs/ach_final/13-odb-manualmacroplacement/odb-manualmacroplacement.log'[/repr.filename]…
Running 'OpenROAD.CutRows' at 'runs/ach_final/14-openroad-cutrows'…
Logging subprocess to [repr.filename]'runs/ach_final/14-openroad-cutrows/openroad-cutrows.log'[/repr.filename]…
Running 'OpenROAD.TapEndcapInsertion' at 'runs/ach_final/15-openroad-tapendcapinsertion'…
Logging subprocess to [repr.filename]'runs/ach_final/15-openroad-tapendcapinsertion/openroad-tapendcapinsertion.log'[/repr.filename]…
Running 'Odb.AddPDNObstructions' at 'runs/ach_final/16-odb-addpdnobstructions'…
'PDN_OBSTRUCTIONS' is not defined. Skipping 'Odb.AddPDNObstructions'…
Running 'OpenROAD.GeneratePDN' at 'runs/ach_final/17-openroad-generatepdn'…
Logging subprocess to [repr.filename]'runs/ach_final/17-openroad-generatepdn/openroad-generatepdn.log'[/repr.filename]…
[PDN-0110] No via inserted between Metal3 and Metal4 at (179.1400, 751.4500) - (180.7400, 751.5500) on VSS
Running 'Odb.RemovePDNObstructions' at 'runs/ach_final/18-odb-removepdnobstructions'…
'PDN_OBSTRUCTIONS' is not defined. Skipping 'Odb.RemovePDNObstructions'…
Running 'Odb.AddRoutingObstructions' at 'runs/ach_final/19-odb-addroutingobstructions'…
'ROUTING_OBSTRUCTIONS' is not defined. Skipping 'Odb.AddRoutingObstructions'…
Running 'OpenROAD.GlobalPlacementSkipIO' at 'runs/ach_final/20-openroad-globalplacementskipio'…
I/O pins were loaded from /foss/designs/butterfold/butterfold_proto/physical/librelane/d03_ach_template_pg_as_signal.def. Returning state unaltered…
Running 'OpenROAD.IOPlacement' at 'runs/ach_final/21-openroad-ioplacement'…
I/O pins were loaded from /foss/designs/butterfold/butterfold_proto/physical/librelane/d03_ach_template_pg_as_signal.def. Skipping OpenROAD.IOPlacement…
Running 'Odb.CustomIOPlacement' at 'runs/ach_final/22-odb-customioplacement'…
No custom I/O placement file configured, skipping 'Odb.CustomIOPlacement'…
Running 'Odb.ApplyDEFTemplate' at 'runs/ach_final/23-odb-applydeftemplate'…
Logging subprocess to [repr.filename]'runs/ach_final/23-odb-applydeftemplate/odb-applydeftemplate.log'[/repr.filename]…
Bterm VDD is declared as a 'POWER' pin. It will be ignored.
Bterm VSS is declared as a 'GROUND' pin. It will be ignored.
The die area specificied in FP_DEF_TEMPLATE is different than the design die area. Pin placement may be incorrect.
Design area: 0.0 0.0 1110.0 1675.0. Template def area: 0.0 0.0 11100.0 16750.0
Skipping step 'Global Placement'…
Skipping step 'Write Verilog Header'…
Skipping step 'Power Grid Violation Checker'…
Skipping step 'STA (Mid-PnR)'…
Gating variable for step 'OpenROAD.RepairDesignPostGPL' set to 'False'- the step will be skipped.
Skipping step 'Repair Design (Post-Global Placement)'…
Skipping step 'Manual Global Placement'…
Skipping step 'Detailed Placement'…
Skipping step 'Clock Tree Synthesis'…
Skipping step 'STA (Mid-PnR)'…
Skipping step 'Resizer Timing Optimizations (Post-Clock Tree Synthesis)'…
Skipping step 'STA (Mid-PnR)'…
Skipping step 'Global Routing'…
Skipping step 'Check Antennas'…
Gating variable for step 'OpenROAD.RepairDesignPostGRT' set to 'False'- the step will be skipped.
Skipping step 'Repair Design (Post-Global Routing)'…
Skipping step 'Diodes on Ports'…
Gating variable for step 'Odb.HeuristicDiodeInsertion' set to 'False'- the step will be skipped.
Skipping step 'Heuristic Diode Insertion'…
Skipping step 'Antenna Repair'…
Skipping step 'Resizer Timing Optimizations (Post-Global Routing)'…
Skipping step 'STA (Mid-PnR)'…
Skipping step 'Detailed Routing'…
Skipping step 'Remove Obstructions'…
Skipping step 'Check Antennas'…
Skipping step 'Routing DRC Checker'…
Skipping step 'Report Disconnected Pins'…
Skipping step 'Disconnected Pins Checker'…
Skipping step 'Report Wire Length'…
Skipping step 'Wire Length Threshold Checker'…
Skipping step 'Fill Insertion'…
Skipping step 'Generate Cell Frequency Tables'…
Skipping step 'Parasitics (RC) Extraction'…
Skipping step 'STA (Post-PnR)'…
Skipping step 'IR Drop Report'…
Skipping step 'GDSII Stream Out (Magic)'…
Skipping step 'GDSII Stream Out (KLayout)'…
Skipping step 'Render Image (w/ KLayout)'…
Skipping step 'Write LEF (Magic)'…
Skipping step 'Check Antenna Properties of Pins in The Generated Design LEF view'…
Skipping step 'KLayout vs. Magic XOR'…
Skipping step 'XOR Difference Checker'…
Skipping step 'DRC'…
Skipping step 'Design Rule Check (KLayout)'…
Skipping step 'Magic DRC Checker'…
Skipping step 'KLayout DRC Checker'…
Skipping step 'SPICE Extraction'…
Skipping step 'Illegal Overlap Checker'…
Skipping step 'Netgen LVS'…
Skipping step 'LVS Error Checker'…
Gating variable for step 'Yosys.EQY' set to 'False'- the step will be skipped.
Skipping step 'Equivalence Check'…
Skipping step 'Setup Timing Violations Checker'…
Skipping step 'Hold Timing Violations Checker'…
Skipping step 'Max Slew Violations Checker'…
Skipping step 'Max Cap Violations Checker'…
Skipping step 'Report Manufacturability'…
Saving views to '/foss/designs/butterfold/butterfold_proto/physical/librelane/runs/ach_final/final'…
Flow complete.
Starting…
Gating variable for step 'Verilator.Lint' set to 'False'- the step will be skipped.
Skipping step 'Verilator Lint'…
Gating variable for step 'Checker.LintTimingConstructs' set to 'False'- the step will be skipped.
Skipping step 'Lint Timing Error Checker'…
Gating variable for step 'Checker.LintErrors' set to 'False'- the step will be skipped.
Skipping step 'Lint Errors Checker'…
Gating variable for step 'Checker.LintWarnings' set to 'False'- the step will be skipped.
Skipping step 'Lint Warnings Checker'…
Skipping step 'Generate JSON Header'…
Skipping step 'Synthesis'…
Skipping step 'Unmapped Cells Checker'…
Skipping step 'Yosys Synth Checks'…
Skipping step 'Netlist Assign Statement Checker'…
Skipping step 'Check SDC Files'…
Skipping step 'Check Macro Instances'…
Skipping step 'STA (Pre-PnR)'…
Skipping step 'Floorplan Init'…
Skipping step 'Dump RC Values'…
Skipping step 'Check Antenna Properties of Macros Pins in Their LEF Views'…
Skipping step 'Set Power Connections'…
Skipping step 'Manual Macro Placement'…
Skipping step 'Cut Rows'…
Skipping step 'Tap/Decap Insertion'…
Skipping step 'Add PDN obstructions'…
Skipping step 'Generate PDN'…
Skipping step 'Remove PDN obstructions'…
Skipping step 'Add Obstructions'…
Skipping step 'Global Placement Skip IO'…
Skipping step 'I/O Placement'…
Skipping step 'Custom I/O Placement'…
Skipping step 'Apply DEF Template'…
Running 'OpenROAD.GlobalPlacement' at 'runs/ach_final/24-openroad-globalplacement'…
Logging subprocess to [repr.filename]'runs/ach_final/24-openroad-globalplacement/openroad-globalplacement.log'[/repr.filename]…
[GPL-0302] Target density 0.6500 is too low for the available free area.
[GRT-0281] Net clk has a large fanout of 1996 terminals.
[GRT-0281] Net rst_n has a large fanout of 1459 terminals.
Running 'Odb.WriteVerilogHeader' at 'runs/ach_final/25-odb-writeverilogheader'…
Logging subprocess to [repr.filename]'runs/ach_final/25-odb-writeverilogheader/odb-writeverilogheader.log'[/repr.filename]…
Running 'Checker.PowerGridViolations' at 'runs/ach_final/26-checker-powergridviolations'…
Check for power grid violations (as reported by OpenROAD PSM- you may ignore these if LVS passes) clear.
Running 'OpenROAD.STAMidPNR' at 'runs/ach_final/27-openroad-stamidpnr'…
Logging subprocess to [repr.filename]'runs/ach_final/27-openroad-stamidpnr/openroad-stamidpnr.log'[/repr.filename]…
Gating variable for step 'OpenROAD.RepairDesignPostGPL' set to 'False'- the step will be skipped.
Skipping step 'Repair Design (Post-Global Placement)'…
Running 'Odb.ManualGlobalPlacement' at 'runs/ach_final/28-odb-manualglobalplacement'…
'MANUAL_GLOBAL_PLACEMENTS' not set. Skipping 'Odb.ManualGlobalPlacement'…
Running 'OpenROAD.DetailedPlacement' at 'runs/ach_final/29-openroad-detailedplacement'…
Logging subprocess to [repr.filename]'runs/ach_final/29-openroad-detailedplacement/openroad-detailedplacement.log'[/repr.filename]…
Running 'OpenROAD.CTS' at 'runs/ach_final/30-openroad-cts'…
Logging subprocess to [repr.filename]'runs/ach_final/30-openroad-cts/openroad-cts.log'[/repr.filename]…
[STA-1140] /headless/pdk_shadow/gf180mcuD/libs.ref/gf180mcu_fd_sc_mcu9t5v0/lib/gf180mcu_fd_sc_mcu9t5v0__ff_n40C_5v50.lib line 17, library gf180mcu_fd_sc_mcu9t5v0__ff_n40C_5v50 already exists.
[STA-1140] /foss/pdks/gf180mcuD/libs.ref/gf180mcu_fd_ip_sram/lib/gf180mcu_fd_ip_sram__sram256x8m8wm1__ff_n40C_5v50.lib line 29, library gf180mcu_fd_ip_sram__sram256x8m8wm1__ff_n40C_5v50 already exists.
[STA-1140] /headless/pdk_shadow/gf180mcuD/libs.ref/gf180mcu_fd_sc_mcu9t5v0/lib/gf180mcu_fd_sc_mcu9t5v0__tt_025C_5v00.lib line 17, library gf180mcu_fd_sc_mcu9t5v0__tt_025C_5v00 already exists.
[STA-1140] /foss/pdks/gf180mcuD/libs.ref/gf180mcu_fd_ip_sram/lib/gf180mcu_fd_ip_sram__sram256x8m8wm1__tt_025C_5v00.lib line 29, library gf180mcu_fd_ip_sram__sram256x8m8wm1__tt_025C_5v00 already exists.
[STA-1140] /headless/pdk_shadow/gf180mcuD/libs.ref/gf180mcu_fd_sc_mcu9t5v0/lib/gf180mcu_fd_sc_mcu9t5v0__ff_n40C_5v50.lib line 17, library gf180mcu_fd_sc_mcu9t5v0__ff_n40C_5v50 already exists.
[STA-1140] /foss/pdks/gf180mcuD/libs.ref/gf180mcu_fd_ip_sram/lib/gf180mcu_fd_ip_sram__sram256x8m8wm1__ff_n40C_5v50.lib line 29, library gf180mcu_fd_ip_sram__sram256x8m8wm1__ff_n40C_5v50 already exists.
[STA-1140] /headless/pdk_shadow/gf180mcuD/libs.ref/gf180mcu_fd_sc_mcu9t5v0/lib/gf180mcu_fd_sc_mcu9t5v0__tt_025C_5v00.lib line 17, library gf180mcu_fd_sc_mcu9t5v0__tt_025C_5v00 already exists.
[STA-1140] /foss/pdks/gf180mcuD/libs.ref/gf180mcu_fd_ip_sram/lib/gf180mcu_fd_ip_sram__sram256x8m8wm1__tt_025C_5v00.lib line 29, library gf180mcu_fd_ip_sram__sram256x8m8wm1__tt_025C_5v00 already exists.
[STA-1140] /headless/pdk_shadow/gf180mcuD/libs.ref/gf180mcu_fd_sc_mcu9t5v0/lib/gf180mcu_fd_sc_mcu9t5v0__ss_125C_4v50.lib line 17, library gf180mcu_fd_sc_mcu9t5v0__ss_125C_4v50 already exists.
[STA-1140] /foss/pdks/gf180mcuD/libs.ref/gf180mcu_fd_ip_sram/lib/gf180mcu_fd_ip_sram__sram256x8m8wm1__ss_125C_4v50.lib line 29, library gf180mcu_fd_ip_sram__sram256x8m8wm1__ss_125C_4v50 already exists.
[STA-1140] /headless/pdk_shadow/gf180mcuD/libs.ref/gf180mcu_fd_sc_mcu9t5v0/lib/gf180mcu_fd_sc_mcu9t5v0__ss_125C_4v50.lib line 17, library gf180mcu_fd_sc_mcu9t5v0__ss_125C_4v50 already exists.
[STA-1140] /foss/pdks/gf180mcuD/libs.ref/gf180mcu_fd_ip_sram/lib/gf180mcu_fd_ip_sram__sram256x8m8wm1__ss_125C_4v50.lib line 29, library gf180mcu_fd_ip_sram__sram256x8m8wm1__ss_125C_4v50 already exists.
Running 'OpenROAD.STAMidPNR-1' at 'runs/ach_final/31-openroad-stamidpnr-1'…
Logging subprocess to [repr.filename]'runs/ach_final/31-openroad-stamidpnr-1/openroad-stamidpnr-1.log'[/repr.filename]…
Running 'OpenROAD.ResizerTimingPostCTS' at 'runs/ach_final/32-openroad-resizertimingpostcts'…
Logging subprocess to [repr.filename]'runs/ach_final/32-openroad-resizertimingpostcts/openroad-resizertimingpostcts.log'[/repr.filename]…
[STA-1140] /headless/pdk_shadow/gf180mcuD/libs.ref/gf180mcu_fd_sc_mcu9t5v0/lib/gf180mcu_fd_sc_mcu9t5v0__ff_n40C_5v50.lib line 17, library gf180mcu_fd_sc_mcu9t5v0__ff_n40C_5v50 already exists.
[STA-1140] /foss/pdks/gf180mcuD/libs.ref/gf180mcu_fd_ip_sram/lib/gf180mcu_fd_ip_sram__sram256x8m8wm1__ff_n40C_5v50.lib line 29, library gf180mcu_fd_ip_sram__sram256x8m8wm1__ff_n40C_5v50 already exists.
[STA-1140] /headless/pdk_shadow/gf180mcuD/libs.ref/gf180mcu_fd_sc_mcu9t5v0/lib/gf180mcu_fd_sc_mcu9t5v0__tt_025C_5v00.lib line 17, library gf180mcu_fd_sc_mcu9t5v0__tt_025C_5v00 already exists.
[STA-1140] /foss/pdks/gf180mcuD/libs.ref/gf180mcu_fd_ip_sram/lib/gf180mcu_fd_ip_sram__sram256x8m8wm1__tt_025C_5v00.lib line 29, library gf180mcu_fd_ip_sram__sram256x8m8wm1__tt_025C_5v00 already exists.
[STA-1140] /headless/pdk_shadow/gf180mcuD/libs.ref/gf180mcu_fd_sc_mcu9t5v0/lib/gf180mcu_fd_sc_mcu9t5v0__ff_n40C_5v50.lib line 17, library gf180mcu_fd_sc_mcu9t5v0__ff_n40C_5v50 already exists.
[STA-1140] /foss/pdks/gf180mcuD/libs.ref/gf180mcu_fd_ip_sram/lib/gf180mcu_fd_ip_sram__sram256x8m8wm1__ff_n40C_5v50.lib line 29, library gf180mcu_fd_ip_sram__sram256x8m8wm1__ff_n40C_5v50 already exists.
[STA-1140] /headless/pdk_shadow/gf180mcuD/libs.ref/gf180mcu_fd_sc_mcu9t5v0/lib/gf180mcu_fd_sc_mcu9t5v0__tt_025C_5v00.lib line 17, library gf180mcu_fd_sc_mcu9t5v0__tt_025C_5v00 already exists.
[STA-1140] /foss/pdks/gf180mcuD/libs.ref/gf180mcu_fd_ip_sram/lib/gf180mcu_fd_ip_sram__sram256x8m8wm1__tt_025C_5v00.lib line 29, library gf180mcu_fd_ip_sram__sram256x8m8wm1__tt_025C_5v00 already exists.
[STA-1140] /headless/pdk_shadow/gf180mcuD/libs.ref/gf180mcu_fd_sc_mcu9t5v0/lib/gf180mcu_fd_sc_mcu9t5v0__ss_125C_4v50.lib line 17, library gf180mcu_fd_sc_mcu9t5v0__ss_125C_4v50 already exists.
[STA-1140] /foss/pdks/gf180mcuD/libs.ref/gf180mcu_fd_ip_sram/lib/gf180mcu_fd_ip_sram__sram256x8m8wm1__ss_125C_4v50.lib line 29, library gf180mcu_fd_ip_sram__sram256x8m8wm1__ss_125C_4v50 already exists.
[STA-1140] /headless/pdk_shadow/gf180mcuD/libs.ref/gf180mcu_fd_sc_mcu9t5v0/lib/gf180mcu_fd_sc_mcu9t5v0__ss_125C_4v50.lib line 17, library gf180mcu_fd_sc_mcu9t5v0__ss_125C_4v50 already exists.
[STA-1140] /foss/pdks/gf180mcuD/libs.ref/gf180mcu_fd_ip_sram/lib/gf180mcu_fd_ip_sram__sram256x8m8wm1__ss_125C_4v50.lib line 29, library gf180mcu_fd_ip_sram__sram256x8m8wm1__ss_125C_4v50 already exists.
[RSZ-2021] cannot find a viable buffering solution on pin _16088_/ZN after 1 rounds of buffering (no solution meets design rules)
[RSZ-2021] cannot find a viable buffering solution on pin _16297_/ZN after 1 rounds of buffering (no solution meets design rules)
[RSZ-2021] cannot find a viable buffering solution on pin clone21/ZN after 1 rounds of buffering (no solution meets design rules)
[RSZ-2021] cannot find a viable buffering solution on pin clone10/ZN after 1 rounds of buffering (no solution meets design rules)
[RSZ-2021] cannot find a viable buffering solution on pin _16088_/ZN after 1 rounds of buffering (no solution meets design rules)
[RSZ-2021] cannot find a viable buffering solution on pin _16088_/ZN after 1 rounds of buffering (no solution meets design rules)
[RSZ-2021] cannot find a viable buffering solution on pin _16088_/ZN after 1 rounds of buffering (no solution meets design rules)
[RSZ-2021] cannot find a viable buffering solution on pin _16082_/ZN after 1 rounds of buffering (no solution meets design rules)
[RSZ-2021] cannot find a viable buffering solution on pin _11316_/ZN after 1 rounds of buffering (no solution meets design rules)
[RSZ-0062] Unable to repair all setup violations.
Running 'OpenROAD.STAMidPNR-2' at 'runs/ach_final/33-openroad-stamidpnr-2'…
Logging subprocess to [repr.filename]'runs/ach_final/33-openroad-stamidpnr-2/openroad-stamidpnr-2.log'[/repr.filename]…
Running 'OpenROAD.GlobalRouting' at 'runs/ach_final/34-openroad-globalrouting'…
Logging subprocess to [repr.filename]'runs/ach_final/34-openroad-globalrouting/openroad-globalrouting.log'[/repr.filename]…
[GRT-0281] Net rst_n has a large fanout of 1459 terminals.
Running 'OpenROAD.CheckAntennas' at 'runs/ach_final/35-openroad-checkantennas'…
Logging subprocess to [repr.filename]'runs/ach_final/35-openroad-checkantennas/openroad-checkantennas.log'[/repr.filename]…
Gating variable for step 'OpenROAD.RepairDesignPostGRT' set to 'False'- the step will be skipped.
Skipping step 'Repair Design (Post-Global Routing)'…
Running 'Odb.DiodesOnPorts' at 'runs/ach_final/36-odb-diodesonports'…
'DIODE_ON_PORTS' is set to 'none': skipping 'Odb.DiodesOnPorts'…
Gating variable for step 'Odb.HeuristicDiodeInsertion' set to 'False'- the step will be skipped.
Skipping step 'Heuristic Diode Insertion'…
Running 'OpenROAD.RepairAntennas' at 'runs/ach_final/37-openroad-repairantennas'…
Running 'OpenROAD.DiodeInsertion' at 'runs/ach_final/37-openroad-repairantennas/1-openroad-diodeinsertion'…
Logging subprocess to [repr.filename]'runs/ach_final/37-openroad-repairantennas/1-openroad-diodeinsertion/openroad-diodeinsertion.log'[/repr.filename]…
[GRT-0281] Net rst_n has a large fanout of 1459 terminals.
[GRT-0281] Net rst_n has a large fanout of 1459 terminals.
Running 'OpenROAD.CheckAntennas' at 'runs/ach_final/37-openroad-repairantennas/2-openroad-checkantennas'…
Logging subprocess to [repr.filename]'runs/ach_final/37-openroad-repairantennas/2-openroad-checkantennas/openroad-checkantennas.log'[/repr.filename]…
Running 'OpenROAD.ResizerTimingPostGRT' at 'runs/ach_final/38-openroad-resizertimingpostgrt'…
Logging subprocess to [repr.filename]'runs/ach_final/38-openroad-resizertimingpostgrt/openroad-resizertimingpostgrt.log'[/repr.filename]…
[STA-1140] /headless/pdk_shadow/gf180mcuD/libs.ref/gf180mcu_fd_sc_mcu9t5v0/lib/gf180mcu_fd_sc_mcu9t5v0__ff_n40C_5v50.lib line 17, library gf180mcu_fd_sc_mcu9t5v0__ff_n40C_5v50 already exists.
[STA-1140] /foss/pdks/gf180mcuD/libs.ref/gf180mcu_fd_ip_sram/lib/gf180mcu_fd_ip_sram__sram256x8m8wm1__ff_n40C_5v50.lib line 29, library gf180mcu_fd_ip_sram__sram256x8m8wm1__ff_n40C_5v50 already exists.
[STA-1140] /headless/pdk_shadow/gf180mcuD/libs.ref/gf180mcu_fd_sc_mcu9t5v0/lib/gf180mcu_fd_sc_mcu9t5v0__tt_025C_5v00.lib line 17, library gf180mcu_fd_sc_mcu9t5v0__tt_025C_5v00 already exists.
[STA-1140] /foss/pdks/gf180mcuD/libs.ref/gf180mcu_fd_ip_sram/lib/gf180mcu_fd_ip_sram__sram256x8m8wm1__tt_025C_5v00.lib line 29, library gf180mcu_fd_ip_sram__sram256x8m8wm1__tt_025C_5v00 already exists.
[STA-1140] /headless/pdk_shadow/gf180mcuD/libs.ref/gf180mcu_fd_sc_mcu9t5v0/lib/gf180mcu_fd_sc_mcu9t5v0__ff_n40C_5v50.lib line 17, library gf180mcu_fd_sc_mcu9t5v0__ff_n40C_5v50 already exists.
[STA-1140] /foss/pdks/gf180mcuD/libs.ref/gf180mcu_fd_ip_sram/lib/gf180mcu_fd_ip_sram__sram256x8m8wm1__ff_n40C_5v50.lib line 29, library gf180mcu_fd_ip_sram__sram256x8m8wm1__ff_n40C_5v50 already exists.
[STA-1140] /headless/pdk_shadow/gf180mcuD/libs.ref/gf180mcu_fd_sc_mcu9t5v0/lib/gf180mcu_fd_sc_mcu9t5v0__tt_025C_5v00.lib line 17, library gf180mcu_fd_sc_mcu9t5v0__tt_025C_5v00 already exists.
[STA-1140] /foss/pdks/gf180mcuD/libs.ref/gf180mcu_fd_ip_sram/lib/gf180mcu_fd_ip_sram__sram256x8m8wm1__tt_025C_5v00.lib line 29, library gf180mcu_fd_ip_sram__sram256x8m8wm1__tt_025C_5v00 already exists.
[STA-1140] /headless/pdk_shadow/gf180mcuD/libs.ref/gf180mcu_fd_sc_mcu9t5v0/lib/gf180mcu_fd_sc_mcu9t5v0__ss_125C_4v50.lib line 17, library gf180mcu_fd_sc_mcu9t5v0__ss_125C_4v50 already exists.
[STA-1140] /foss/pdks/gf180mcuD/libs.ref/gf180mcu_fd_ip_sram/lib/gf180mcu_fd_ip_sram__sram256x8m8wm1__ss_125C_4v50.lib line 29, library gf180mcu_fd_ip_sram__sram256x8m8wm1__ss_125C_4v50 already exists.
[STA-1140] /headless/pdk_shadow/gf180mcuD/libs.ref/gf180mcu_fd_sc_mcu9t5v0/lib/gf180mcu_fd_sc_mcu9t5v0__ss_125C_4v50.lib line 17, library gf180mcu_fd_sc_mcu9t5v0__ss_125C_4v50 already exists.
[STA-1140] /foss/pdks/gf180mcuD/libs.ref/gf180mcu_fd_ip_sram/lib/gf180mcu_fd_ip_sram__sram256x8m8wm1__ss_125C_4v50.lib line 29, library gf180mcu_fd_ip_sram__sram256x8m8wm1__ss_125C_4v50 already exists.
[GRT-0281] Net rst_n has a large fanout of 1459 terminals.
[RSZ-0062] Unable to repair all setup violations.
[GRT-0281] Net rst_n has a large fanout of 1459 terminals.
Running 'OpenROAD.STAMidPNR-3' at 'runs/ach_final/39-openroad-stamidpnr-3'…
Logging subprocess to [repr.filename]'runs/ach_final/39-openroad-stamidpnr-3/openroad-stamidpnr-3.log'[/repr.filename]…
[GRT-0281] Net rst_n has a large fanout of 1459 terminals.
Running 'OpenROAD.DetailedRouting' at 'runs/ach_final/40-openroad-detailedrouting'…
Running TritonRoute with 16 threads…
Logging subprocess to [repr.filename]'runs/ach_final/40-openroad-detailedrouting/openroad-detailedrouting.log'[/repr.filename]…
[DRT-0349] LEF58_ENCLOSURE with no CUTCLASS is not supported. Skipping for layer Via1
[DRT-0349] LEF58_ENCLOSURE with no CUTCLASS is not supported. Skipping for layer Via1
[DRT-0349] LEF58_ENCLOSURE with no CUTCLASS is not supported. Skipping for layer Via2
[DRT-0349] LEF58_ENCLOSURE with no CUTCLASS is not supported. Skipping for layer Via2
[DRT-0349] LEF58_ENCLOSURE with no CUTCLASS is not supported. Skipping for layer Via3
[DRT-0349] LEF58_ENCLOSURE with no CUTCLASS is not supported. Skipping for layer Via3
[DRT-0349] LEF58_ENCLOSURE with no CUTCLASS is not supported. Skipping for layer Via4
[DRT-0349] LEF58_ENCLOSURE with no CUTCLASS is not supported. Skipping for layer Via4
[DRT-0120] Large net _07376_ has 112 pins which may impact routing performance. Consider optimization.
[DRT-0120] Large net rst_n has 1459 pins which may impact routing performance. Consider optimization.
[DRT-0120] Large net u_core.u_transform_scheduler_core.tx_mapper_source_addr\[0\] has 123 pins which may impact routing performance. Consider optimization.
Running 'Odb.RemoveRoutingObstructions' at 'runs/ach_final/41-odb-removeroutingobstructions'…
'ROUTING_OBSTRUCTIONS' is not defined. Skipping 'Odb.RemoveRoutingObstructions'…
Running 'OpenROAD.CheckAntennas-1' at 'runs/ach_final/42-openroad-checkantennas-1'…
Logging subprocess to [repr.filename]'runs/ach_final/42-openroad-checkantennas-1/openroad-checkantennas-1.log'[/repr.filename]…
Running 'Checker.TrDRC' at 'runs/ach_final/43-checker-trdrc'…
Check for Routing DRC errors clear.
Running 'Odb.ReportDisconnectedPins' at 'runs/ach_final/44-odb-reportdisconnectedpins'…
Logging subprocess to [repr.filename]'runs/ach_final/44-odb-reportdisconnectedpins/odb-reportdisconnectedpins.log'[/repr.filename]…
Running 'Checker.DisconnectedPins' at 'runs/ach_final/45-checker-disconnectedpins'…
Check for critical disconnected pins clear.
Running 'Odb.ReportWireLength' at 'runs/ach_final/46-odb-reportwirelength'…
Logging subprocess to [repr.filename]'runs/ach_final/46-odb-reportwirelength/odb-reportwirelength.log'[/repr.filename]…
Running 'Checker.WireLength' at 'runs/ach_final/47-checker-wirelength'…
Threshold for Threshold-surpassing long wires is not set. The checker will be skipped.
Running 'OpenROAD.FillInsertion' at 'runs/ach_final/48-openroad-fillinsertion'…
Logging subprocess to [repr.filename]'runs/ach_final/48-openroad-fillinsertion/openroad-fillinsertion.log'[/repr.filename]…
Running 'Odb.CellFrequencyTables' at 'runs/ach_final/49-odb-cellfrequencytables'…
Logging subprocess to [repr.filename]'runs/ach_final/49-odb-cellfrequencytables/buffer_list.txt'[/repr.filename]…
Logging subprocess to [repr.filename]'runs/ach_final/49-odb-cellfrequencytables/odb-cellfrequencytables.log'[/repr.filename]…
Running 'OpenROAD.RCX' at 'runs/ach_final/50-openroad-rcx'…
Running RCX for corners matching nom_* (/foss/designs/butterfold/butterfold_proto/physical/librelane/runs/ach_final/50-openroad-rcx/nom/rcx.log)…
Running RCX for corners matching min_* (/foss/designs/butterfold/butterfold_proto/physical/librelane/runs/ach_final/50-openroad-rcx/min/rcx.log)…
Running RCX for corners matching max_* (/foss/designs/butterfold/butterfold_proto/physical/librelane/runs/ach_final/50-openroad-rcx/max/rcx.log)…
Logging subprocess to [repr.filename]'runs/ach_final/50-openroad-rcx/nom/rcx.log'[/repr.filename]…
Logging subprocess to [repr.filename]'runs/ach_final/50-openroad-rcx/min/rcx.log'[/repr.filename]…
Logging subprocess to [repr.filename]'runs/ach_final/50-openroad-rcx/max/rcx.log'[/repr.filename]…
Finished RCX for corners matching max_*.
Finished RCX for corners matching min_*.
Finished RCX for corners matching nom_*.
Running 'OpenROAD.STAPostPNR' at 'runs/ach_final/51-openroad-stapostpnr'…
Starting STA for the nom_tt_025C_5v00 timing corner…
Starting STA for the nom_ss_125C_4v50 timing corner…
Starting STA for the nom_ff_n40C_5v50 timing corner…
Starting STA for the min_tt_025C_5v00 timing corner…
Starting STA for the min_ss_125C_4v50 timing corner…
Starting STA for the min_ff_n40C_5v50 timing corner…
Starting STA for the max_tt_025C_5v00 timing corner…
Logging subprocess to [repr.filename]'runs/ach_final/51-openroad-stapostpnr/nom_ss_125C_4v50/sta.log'[/repr.filename]…
Starting STA for the max_ss_125C_4v50 timing corner…
Starting STA for the max_ff_n40C_5v50 timing corner…
Logging subprocess to [repr.filename]'runs/ach_final/51-openroad-stapostpnr/nom_tt_025C_5v00/sta.log'[/repr.filename]…
Logging subprocess to [repr.filename]'runs/ach_final/51-openroad-stapostpnr/nom_ff_n40C_5v50/sta.log'[/repr.filename]…
Logging subprocess to [repr.filename]'runs/ach_final/51-openroad-stapostpnr/min_tt_025C_5v00/sta.log'[/repr.filename]…
Logging subprocess to [repr.filename]'runs/ach_final/51-openroad-stapostpnr/min_ss_125C_4v50/sta.log'[/repr.filename]…
Logging subprocess to [repr.filename]'runs/ach_final/51-openroad-stapostpnr/max_ss_125C_4v50/sta.log'[/repr.filename]…
Logging subprocess to [repr.filename]'runs/ach_final/51-openroad-stapostpnr/min_ff_n40C_5v50/sta.log'[/repr.filename]…
Logging subprocess to [repr.filename]'runs/ach_final/51-openroad-stapostpnr/max_tt_025C_5v00/sta.log'[/repr.filename]…
Logging subprocess to [repr.filename]'runs/ach_final/51-openroad-stapostpnr/max_ff_n40C_5v50/sta.log'[/repr.filename]…
Finished STA for the nom_ss_125C_4v50 timing corner.
Logging subprocess to [repr.filename]'runs/ach_final/51-openroad-stapostpnr/nom_ss_125C_4v50/filter_unannotated.log'[/repr.filename]…
Finished STA for the max_ss_125C_4v50 timing corner.
Finished STA for the min_tt_025C_5v00 timing corner.
Logging subprocess to [repr.filename]'runs/ach_final/51-openroad-stapostpnr/max_ss_125C_4v50/filter_unannotated.log'[/repr.filename]…
Logging subprocess to [repr.filename]'runs/ach_final/51-openroad-stapostpnr/min_tt_025C_5v00/filter_unannotated.log'[/repr.filename]…
Finished STA for the nom_ff_n40C_5v50 timing corner.
Finished STA for the max_tt_025C_5v00 timing corner.
Logging subprocess to [repr.filename]'runs/ach_final/51-openroad-stapostpnr/nom_ff_n40C_5v50/filter_unannotated.log'[/repr.filename]…
Logging subprocess to [repr.filename]'runs/ach_final/51-openroad-stapostpnr/max_tt_025C_5v00/filter_unannotated.log'[/repr.filename]…
Finished STA for the nom_tt_025C_5v00 timing corner.
Logging subprocess to [repr.filename]'runs/ach_final/51-openroad-stapostpnr/nom_tt_025C_5v00/filter_unannotated.log'[/repr.filename]…
Finished STA for the max_ff_n40C_5v50 timing corner.
Logging subprocess to [repr.filename]'runs/ach_final/51-openroad-stapostpnr/max_ff_n40C_5v50/filter_unannotated.log'[/repr.filename]…
Finished STA for the min_ff_n40C_5v50 timing corner.
Finished STA for the min_ss_125C_4v50 timing corner.
Logging subprocess to [repr.filename]'runs/ach_final/51-openroad-stapostpnr/min_ff_n40C_5v50/filter_unannotated.log'[/repr.filename]…
Logging subprocess to [repr.filename]'runs/ach_final/51-openroad-stapostpnr/min_ss_125C_4v50/filter_unannotated.log'[/repr.filename]…
Running 'OpenROAD.IRDropReport' at 'runs/ach_final/52-openroad-irdropreport'…
'VSRC_LOC_FILES' was not given a value, which may make the results of IR drop analysis inaccurate. If you are not integrating a top-level chip for manufacture, you may ignore this warning, otherwise, see the documentation for 'VSRC_LOC_FILES'.
Logging subprocess to [repr.filename]'runs/ach_final/52-openroad-irdropreport/openroad-irdropreport.log'[/repr.filename]…
+ analyze_power_grid -net VDD -voltage_file /foss/designs/butterfold/butterfold_proto/physical/librelane/runs/ach_final/52-openroad-irdropreport/net-VDD.csv
[INFO PSM-0040] All shapes on net VDD are connected.
########## IR report #################
Net              : VDD
Corner           : nom_tt_025C_5v00
Total power      : 1.06e-01 W
Supply voltage   : 5.00e+00 V
Worstcase voltage: 4.00e+00 V
Average voltage  : 4.03e+00 V
Average IR drop  : 9.74e-01 V
Worstcase IR drop: 9.95e-01 V
Percentage drop  : 19.90 %
######################################
+ analyze_power_grid -net VSS -voltage_file /foss/designs/butterfold/butterfold_proto/physical/librelane/runs/ach_final/52-openroad-irdropreport/net-VSS.csv
[INFO PSM-0040] All shapes on net VSS are connected.
########## IR report #################
Net              : VSS
Corner           : nom_tt_025C_5v00
Total power      : 1.06e-01 W
Supply voltage   : 0.00e+00 V
Worstcase voltage: 4.73e-01 V
Average voltage  : 4.49e-01 V
Average IR drop  : 4.49e-01 V
Worstcase IR drop: 4.73e-01 V
Percentage drop  : 9.46 %
######################################

Running 'Magic.StreamOut' at 'runs/ach_final/53-magic-streamout'…
Logging subprocess to [repr.filename]'runs/ach_final/53-magic-streamout/magic-streamout.log'[/repr.filename]…
Running 'KLayout.StreamOut' at 'runs/ach_final/54-klayout-streamout'…
Logging subprocess to [repr.filename]'runs/ach_final/54-klayout-streamout/klayout-streamout.log'[/repr.filename]…
Running 'KLayout.Render' at 'runs/ach_final/55-klayout-render'…
Logging subprocess to [repr.filename]'runs/ach_final/55-klayout-render/klayout-render.log'[/repr.filename]…
Running 'Magic.WriteLEF' at 'runs/ach_final/56-magic-writelef'…
Logging subprocess to [repr.filename]'runs/ach_final/56-magic-writelef/magic-writelef.log'[/repr.filename]…
Running 'Odb.CheckDesignAntennaProperties' at 'runs/ach_final/57-odb-checkdesignantennaproperties'…
Logging subprocess to [repr.filename]'runs/ach_final/57-odb-checkdesignantennaproperties/odb-checkdesignantennaproperties.log'[/repr.filename]…
Cell 'butterfold_top' has (10) input pin(s) without antenna gate information. They might not be connected to a gate.
Running 'KLayout.XOR' at 'runs/ach_final/58-klayout-xor'…
Running XOR with 16 threads…
Logging subprocess to [repr.filename]'runs/ach_final/58-klayout-xor/klayout-xor.log'[/repr.filename]…
Running 'Checker.XOR' at 'runs/ach_final/59-checker-xor'…
Check for XOR differences clear.
Running 'Magic.DRC' at 'runs/ach_final/60-magic-drc'…
Logging subprocess to [repr.filename]'runs/ach_final/60-magic-drc/magic-drc.log'[/repr.filename]…
Running 'KLayout.DRC' at 'runs/ach_final/61-klayout-drc'…
KLAYOUT_DRC_RUNSET is unset. KLayout.DRC may not be supported for the gf180mcuD PDK. This step will be skipped.
Running 'Checker.MagicDRC' at 'runs/ach_final/62-checker-magicdrc'…
7008 Magic DRC errors found. - deferred
Running 'Checker.KLayoutDRC' at 'runs/ach_final/63-checker-klayoutdrc'…
The KLayout DRC errors metric was not found. Are you sure the relevant step was run?
Running 'Magic.SpiceExtraction' at 'runs/ach_final/64-magic-spiceextraction'…
Logging subprocess to [repr.filename]'runs/ach_final/64-magic-spiceextraction/magic-spiceextraction.log'[/repr.filename]…
Running 'Checker.IllegalOverlap' at 'runs/ach_final/65-checker-illegaloverlap'…
Check for Magic Illegal Overlap errors clear.
Running 'Netgen.LVS' at 'runs/ach_final/66-netgen-lvs'…
Logging subprocess to [repr.filename]'runs/ach_final/66-netgen-lvs/netgen-lvs.log'[/repr.filename]…
Running 'Checker.LVS' at 'runs/ach_final/67-checker-lvs'…
Check for LVS errors clear.
Gating variable for step 'Yosys.EQY' set to 'False'- the step will be skipped.
Skipping step 'Equivalence Check'…
Running 'Checker.SetupViolations' at 'runs/ach_final/68-checker-setupviolations'…
Setup violations found in the following corners:
* max_ss_125C_4v50
* min_ss_125C_4v50
* nom_ss_125C_4v50
No setup violations found
Running 'Checker.HoldViolations' at 'runs/ach_final/69-checker-holdviolations'…
No hold violations found
Running 'Checker.MaxSlewViolations' at 'runs/ach_final/70-checker-maxslewviolations'…
Max Slew violations found in the following corners:
* max_ff_n40C_5v50
* max_ss_125C_4v50
* max_tt_025C_5v00
* min_ff_n40C_5v50
* min_ss_125C_4v50
* min_tt_025C_5v00
* nom_ff_n40C_5v50
* nom_ss_125C_4v50
* nom_tt_025C_5v00
No max slew violations found
Running 'Checker.MaxCapViolations' at 'runs/ach_final/71-checker-maxcapviolations'…
Max Cap violations found in the following corners:
* max_ff_n40C_5v50
* max_ss_125C_4v50
* max_tt_025C_5v00
* min_ff_n40C_5v50
* min_ss_125C_4v50
* min_tt_025C_5v00
* nom_ff_n40C_5v50
* nom_ss_125C_4v50
* nom_tt_025C_5v00
No max cap violations found
Running 'Misc.ReportManufacturability' at 'runs/ach_final/72-misc-reportmanufacturability'…
klayout__drc_error__count not reported. KLayout.DRC may have been skipped.
Saving views to '/foss/designs/butterfold/butterfold_proto/physical/librelane/runs/ach_final/final'…
Starting…
Gating variable for step 'Verilator.Lint' set to 'False'- the step will be skipped.
Skipping step 'Verilator Lint'…
Gating variable for step 'Checker.LintTimingConstructs' set to 'False'- the step will be skipped.
Skipping step 'Lint Timing Error Checker'…
Gating variable for step 'Checker.LintErrors' set to 'False'- the step will be skipped.
Skipping step 'Lint Errors Checker'…
Gating variable for step 'Checker.LintWarnings' set to 'False'- the step will be skipped.
Skipping step 'Lint Warnings Checker'…
Skipping step 'Generate JSON Header'…
Skipping step 'Synthesis'…
Skipping step 'Unmapped Cells Checker'…
Skipping step 'Yosys Synth Checks'…
Skipping step 'Netlist Assign Statement Checker'…
Skipping step 'Check SDC Files'…
Skipping step 'Check Macro Instances'…
Skipping step 'STA (Pre-PnR)'…
Skipping step 'Floorplan Init'…
Skipping step 'Dump RC Values'…
Skipping step 'Check Antenna Properties of Macros Pins in Their LEF Views'…
Skipping step 'Set Power Connections'…
Skipping step 'Manual Macro Placement'…
Skipping step 'Cut Rows'…
Skipping step 'Tap/Decap Insertion'…
Skipping step 'Add PDN obstructions'…
Skipping step 'Generate PDN'…
Skipping step 'Remove PDN obstructions'…
Skipping step 'Add Obstructions'…
Skipping step 'Global Placement Skip IO'…
Skipping step 'I/O Placement'…
Skipping step 'Custom I/O Placement'…
Skipping step 'Apply DEF Template'…
Running 'OpenROAD.GlobalPlacement' at 'runs/ach_final/73-openroad-globalplacement'…
Logging subprocess to [repr.filename]'runs/ach_final/73-openroad-globalplacement/openroad-globalplacement.log'[/repr.filename]…
[GPL-0301] Utilization 142.466 % exceeds 100%.
Starting…
Gating variable for step 'Verilator.Lint' set to 'False'- the step will be skipped.
Skipping step 'Verilator Lint'…
Gating variable for step 'Checker.LintTimingConstructs' set to 'False'- the step will be skipped.
Skipping step 'Lint Timing Error Checker'…
Gating variable for step 'Checker.LintErrors' set to 'False'- the step will be skipped.
Skipping step 'Lint Errors Checker'…
Gating variable for step 'Checker.LintWarnings' set to 'False'- the step will be skipped.
Skipping step 'Lint Warnings Checker'…
Skipping step 'Generate JSON Header'…
Skipping step 'Synthesis'…
Skipping step 'Unmapped Cells Checker'…
Skipping step 'Yosys Synth Checks'…
Skipping step 'Netlist Assign Statement Checker'…
Skipping step 'Check SDC Files'…
Skipping step 'Check Macro Instances'…
Skipping step 'STA (Pre-PnR)'…
Skipping step 'Floorplan Init'…
Skipping step 'Dump RC Values'…
Skipping step 'Check Antenna Properties of Macros Pins in Their LEF Views'…
Skipping step 'Set Power Connections'…
Skipping step 'Manual Macro Placement'…
Skipping step 'Cut Rows'…
Skipping step 'Tap/Decap Insertion'…
Skipping step 'Add PDN obstructions'…
Skipping step 'Generate PDN'…
Skipping step 'Remove PDN obstructions'…
Skipping step 'Add Obstructions'…
Skipping step 'Global Placement Skip IO'…
Skipping step 'I/O Placement'…
Skipping step 'Custom I/O Placement'…
Skipping step 'Apply DEF Template'…
Skipping step 'Global Placement'…
Skipping step 'Write Verilog Header'…
Skipping step 'Power Grid Violation Checker'…
Skipping step 'STA (Mid-PnR)'…
Gating variable for step 'OpenROAD.RepairDesignPostGPL' set to 'False'- the step will be skipped.
Skipping step 'Repair Design (Post-Global Placement)'…
Skipping step 'Manual Global Placement'…
Skipping step 'Detailed Placement'…
Skipping step 'Clock Tree Synthesis'…
Skipping step 'STA (Mid-PnR)'…
Skipping step 'Resizer Timing Optimizations (Post-Clock Tree Synthesis)'…
Skipping step 'STA (Mid-PnR)'…
Skipping step 'Global Routing'…
Skipping step 'Check Antennas'…
Gating variable for step 'OpenROAD.RepairDesignPostGRT' set to 'False'- the step will be skipped.
Skipping step 'Repair Design (Post-Global Routing)'…
Skipping step 'Diodes on Ports'…
Gating variable for step 'Odb.HeuristicDiodeInsertion' set to 'False'- the step will be skipped.
Skipping step 'Heuristic Diode Insertion'…
Skipping step 'Antenna Repair'…
Skipping step 'Resizer Timing Optimizations (Post-Global Routing)'…
Skipping step 'STA (Mid-PnR)'…
Skipping step 'Detailed Routing'…
Skipping step 'Remove Obstructions'…
Skipping step 'Check Antennas'…
Skipping step 'Routing DRC Checker'…
Skipping step 'Report Disconnected Pins'…
Skipping step 'Disconnected Pins Checker'…
Skipping step 'Report Wire Length'…
Skipping step 'Wire Length Threshold Checker'…
Skipping step 'Fill Insertion'…
Skipping step 'Generate Cell Frequency Tables'…
Running 'OpenROAD.RCX' at 'runs/ach_final/74-openroad-rcx'…
Running RCX for corners matching nom_* (/foss/designs/butterfold/butterfold_proto/physical/librelane/runs/ach_final/74-openroad-rcx/nom/rcx.log)…
Running RCX for corners matching min_* (/foss/designs/butterfold/butterfold_proto/physical/librelane/runs/ach_final/74-openroad-rcx/min/rcx.log)…
Running RCX for corners matching max_* (/foss/designs/butterfold/butterfold_proto/physical/librelane/runs/ach_final/74-openroad-rcx/max/rcx.log)…
Logging subprocess to [repr.filename]'runs/ach_final/74-openroad-rcx/nom/rcx.log'[/repr.filename]…
Logging subprocess to [repr.filename]'runs/ach_final/74-openroad-rcx/min/rcx.log'[/repr.filename]…
Logging subprocess to [repr.filename]'runs/ach_final/74-openroad-rcx/max/rcx.log'[/repr.filename]…
Finished RCX for corners matching min_*.
Finished RCX for corners matching max_*.
Finished RCX for corners matching nom_*.
Running 'OpenROAD.STAPostPNR' at 'runs/ach_final/75-openroad-stapostpnr'…
Starting STA for the nom_tt_025C_5v00 timing corner…
Starting STA for the nom_ss_125C_4v50 timing corner…
Starting STA for the nom_ff_n40C_5v50 timing corner…
Starting STA for the min_tt_025C_5v00 timing corner…
Starting STA for the min_ss_125C_4v50 timing corner…
Starting STA for the min_ff_n40C_5v50 timing corner…
Logging subprocess to [repr.filename]'runs/ach_final/75-openroad-stapostpnr/nom_tt_025C_5v00/sta.log'[/repr.filename]…
Starting STA for the max_tt_025C_5v00 timing corner…
Starting STA for the max_ss_125C_4v50 timing corner…
Logging subprocess to [repr.filename]'runs/ach_final/75-openroad-stapostpnr/nom_ss_125C_4v50/sta.log'[/repr.filename]…
Starting STA for the max_ff_n40C_5v50 timing corner…
Logging subprocess to [repr.filename]'runs/ach_final/75-openroad-stapostpnr/nom_ff_n40C_5v50/sta.log'[/repr.filename]…
Logging subprocess to [repr.filename]'runs/ach_final/75-openroad-stapostpnr/min_tt_025C_5v00/sta.log'[/repr.filename]…
Logging subprocess to [repr.filename]'runs/ach_final/75-openroad-stapostpnr/min_ss_125C_4v50/sta.log'[/repr.filename]…
Logging subprocess to [repr.filename]'runs/ach_final/75-openroad-stapostpnr/max_tt_025C_5v00/sta.log'[/repr.filename]…
Logging subprocess to [repr.filename]'runs/ach_final/75-openroad-stapostpnr/min_ff_n40C_5v50/sta.log'[/repr.filename]…
Logging subprocess to [repr.filename]'runs/ach_final/75-openroad-stapostpnr/max_ss_125C_4v50/sta.log'[/repr.filename]…
Logging subprocess to [repr.filename]'runs/ach_final/75-openroad-stapostpnr/max_ff_n40C_5v50/sta.log'[/repr.filename]…
Finished STA for the nom_ss_125C_4v50 timing corner.
Logging subprocess to [repr.filename]'runs/ach_final/75-openroad-stapostpnr/nom_ss_125C_4v50/filter_unannotated.log'[/repr.filename]…
Finished STA for the min_ss_125C_4v50 timing corner.
Finished STA for the nom_ff_n40C_5v50 timing corner.
Finished STA for the max_ss_125C_4v50 timing corner.
Logging subprocess to [repr.filename]'runs/ach_final/75-openroad-stapostpnr/min_ss_125C_4v50/filter_unannotated.log'[/repr.filename]…
Finished STA for the min_tt_025C_5v00 timing corner.
Logging subprocess to [repr.filename]'runs/ach_final/75-openroad-stapostpnr/nom_ff_n40C_5v50/filter_unannotated.log'[/repr.filename]…
Logging subprocess to [repr.filename]'runs/ach_final/75-openroad-stapostpnr/min_tt_025C_5v00/filter_unannotated.log'[/repr.filename]…
Logging subprocess to [repr.filename]'runs/ach_final/75-openroad-stapostpnr/max_ss_125C_4v50/filter_unannotated.log'[/repr.filename]…
Finished STA for the nom_tt_025C_5v00 timing corner.
Finished STA for the min_ff_n40C_5v50 timing corner.
Finished STA for the max_ff_n40C_5v50 timing corner.
Logging subprocess to [repr.filename]'runs/ach_final/75-openroad-stapostpnr/nom_tt_025C_5v00/filter_unannotated.log'[/repr.filename]…
Logging subprocess to [repr.filename]'runs/ach_final/75-openroad-stapostpnr/min_ff_n40C_5v50/filter_unannotated.log'[/repr.filename]…
Logging subprocess to [repr.filename]'runs/ach_final/75-openroad-stapostpnr/max_ff_n40C_5v50/filter_unannotated.log'[/repr.filename]…
Finished STA for the max_tt_025C_5v00 timing corner.
Logging subprocess to [repr.filename]'runs/ach_final/75-openroad-stapostpnr/max_tt_025C_5v00/filter_unannotated.log'[/repr.filename]…
Running 'OpenROAD.IRDropReport' at 'runs/ach_final/76-openroad-irdropreport'…
'VSRC_LOC_FILES' was not given a value, which may make the results of IR drop analysis inaccurate. If you are not integrating a top-level chip for manufacture, you may ignore this warning, otherwise, see the documentation for 'VSRC_LOC_FILES'.
Logging subprocess to [repr.filename]'runs/ach_final/76-openroad-irdropreport/openroad-irdropreport.log'[/repr.filename]…
+ analyze_power_grid -net VDD -voltage_file /foss/designs/butterfold/butterfold_proto/physical/librelane/runs/ach_final/76-openroad-irdropreport/net-VDD.csv
[INFO PSM-0040] All shapes on net VDD are connected.
########## IR report #################
Net              : VDD
Corner           : nom_tt_025C_5v00
Total power      : 1.06e-01 W
Supply voltage   : 5.00e+00 V
Worstcase voltage: 4.85e+00 V
Average voltage  : 4.88e+00 V
Average IR drop  : 1.25e-01 V
Worstcase IR drop: 1.46e-01 V
Percentage drop  : 2.92 %
######################################
+ analyze_power_grid -net VSS -voltage_file /foss/designs/butterfold/butterfold_proto/physical/librelane/runs/ach_final/76-openroad-irdropreport/net-VSS.csv
[INFO PSM-0040] All shapes on net VSS are connected.
########## IR report #################
Net              : VSS
Corner           : nom_tt_025C_5v00
Total power      : 1.06e-01 W
Supply voltage   : 0.00e+00 V
Worstcase voltage: 4.73e-01 V
Average voltage  : 4.49e-01 V
Average IR drop  : 4.49e-01 V
Worstcase IR drop: 4.73e-01 V
Percentage drop  : 9.46 %
######################################

Running 'Magic.StreamOut' at 'runs/ach_final/77-magic-streamout'…
Logging subprocess to [repr.filename]'runs/ach_final/77-magic-streamout/magic-streamout.log'[/repr.filename]…
Running 'KLayout.StreamOut' at 'runs/ach_final/78-klayout-streamout'…
Logging subprocess to [repr.filename]'runs/ach_final/78-klayout-streamout/klayout-streamout.log'[/repr.filename]…
Running 'KLayout.Render' at 'runs/ach_final/79-klayout-render'…
Logging subprocess to [repr.filename]'runs/ach_final/79-klayout-render/klayout-render.log'[/repr.filename]…
Running 'Magic.WriteLEF' at 'runs/ach_final/80-magic-writelef'…
Logging subprocess to [repr.filename]'runs/ach_final/80-magic-writelef/magic-writelef.log'[/repr.filename]…
Running 'Odb.CheckDesignAntennaProperties' at 'runs/ach_final/81-odb-checkdesignantennaproperties'…
Logging subprocess to [repr.filename]'runs/ach_final/81-odb-checkdesignantennaproperties/odb-checkdesignantennaproperties.log'[/repr.filename]…
Cell 'butterfold_top' has (10) input pin(s) without antenna gate information. They might not be connected to a gate.
Running 'KLayout.XOR' at 'runs/ach_final/82-klayout-xor'…
Running XOR with 16 threads…
Logging subprocess to [repr.filename]'runs/ach_final/82-klayout-xor/klayout-xor.log'[/repr.filename]…
Running 'Checker.XOR' at 'runs/ach_final/83-checker-xor'…
Check for XOR differences clear.
Running 'Magic.DRC' at 'runs/ach_final/84-magic-drc'…
Logging subprocess to [repr.filename]'runs/ach_final/84-magic-drc/magic-drc.log'[/repr.filename]…
Running 'KLayout.DRC' at 'runs/ach_final/85-klayout-drc'…
KLAYOUT_DRC_RUNSET is unset. KLayout.DRC may not be supported for the gf180mcuD PDK. This step will be skipped.
Running 'Checker.MagicDRC' at 'runs/ach_final/86-checker-magicdrc'…
7008 Magic DRC errors found. - deferred
Running 'Checker.KLayoutDRC' at 'runs/ach_final/87-checker-klayoutdrc'…
The KLayout DRC errors metric was not found. Are you sure the relevant step was run?
Running 'Magic.SpiceExtraction' at 'runs/ach_final/88-magic-spiceextraction'…
Logging subprocess to [repr.filename]'runs/ach_final/88-magic-spiceextraction/magic-spiceextraction.log'[/repr.filename]…
Running 'Checker.IllegalOverlap' at 'runs/ach_final/89-checker-illegaloverlap'…
Check for Magic Illegal Overlap errors clear.
Running 'Netgen.LVS' at 'runs/ach_final/90-netgen-lvs'…
Logging subprocess to [repr.filename]'runs/ach_final/90-netgen-lvs/netgen-lvs.log'[/repr.filename]…
Running 'Checker.LVS' at 'runs/ach_final/91-checker-lvs'…
Check for LVS errors clear.
Gating variable for step 'Yosys.EQY' set to 'False'- the step will be skipped.
Skipping step 'Equivalence Check'…
Running 'Checker.SetupViolations' at 'runs/ach_final/92-checker-setupviolations'…
Setup violations found in the following corners:
* max_ss_125C_4v50
* min_ss_125C_4v50
* nom_ss_125C_4v50
No setup violations found
Running 'Checker.HoldViolations' at 'runs/ach_final/93-checker-holdviolations'…
No hold violations found
Running 'Checker.MaxSlewViolations' at 'runs/ach_final/94-checker-maxslewviolations'…
Max Slew violations found in the following corners:
* max_ff_n40C_5v50
* max_ss_125C_4v50
* max_tt_025C_5v00
* min_ff_n40C_5v50
* min_ss_125C_4v50
* min_tt_025C_5v00
* nom_ff_n40C_5v50
* nom_ss_125C_4v50
* nom_tt_025C_5v00
No max slew violations found
Running 'Checker.MaxCapViolations' at 'runs/ach_final/95-checker-maxcapviolations'…
Max Cap violations found in the following corners:
* max_ff_n40C_5v50
* max_ss_125C_4v50
* max_tt_025C_5v00
* min_ff_n40C_5v50
* min_ss_125C_4v50
* min_tt_025C_5v00
* nom_ff_n40C_5v50
* nom_ss_125C_4v50
* nom_tt_025C_5v00
No max cap violations found
Running 'Misc.ReportManufacturability' at 'runs/ach_final/96-misc-reportmanufacturability'…
klayout__drc_error__count not reported. KLayout.DRC may have been skipped.
Saving views to '/foss/designs/butterfold/butterfold_proto/physical/librelane/runs/ach_final/final'…
Starting…
Gating variable for step 'Verilator.Lint' set to 'False'- the step will be skipped.
Skipping step 'Verilator Lint'…
Gating variable for step 'Checker.LintTimingConstructs' set to 'False'- the step will be skipped.
Skipping step 'Lint Timing Error Checker'…
Gating variable for step 'Checker.LintErrors' set to 'False'- the step will be skipped.
Skipping step 'Lint Errors Checker'…
Gating variable for step 'Checker.LintWarnings' set to 'False'- the step will be skipped.
Skipping step 'Lint Warnings Checker'…
Skipping step 'Generate JSON Header'…
Skipping step 'Synthesis'…
Skipping step 'Unmapped Cells Checker'…
Skipping step 'Yosys Synth Checks'…
Skipping step 'Netlist Assign Statement Checker'…
Skipping step 'Check SDC Files'…
Skipping step 'Check Macro Instances'…
Skipping step 'STA (Pre-PnR)'…
Skipping step 'Floorplan Init'…
Skipping step 'Dump RC Values'…
Skipping step 'Check Antenna Properties of Macros Pins in Their LEF Views'…
Skipping step 'Set Power Connections'…
Skipping step 'Manual Macro Placement'…
Skipping step 'Cut Rows'…
Skipping step 'Tap/Decap Insertion'…
Skipping step 'Add PDN obstructions'…
Skipping step 'Generate PDN'…
Skipping step 'Remove PDN obstructions'…
Skipping step 'Add Obstructions'…
Skipping step 'Global Placement Skip IO'…
Skipping step 'I/O Placement'…
Skipping step 'Custom I/O Placement'…
Skipping step 'Apply DEF Template'…
Skipping step 'Global Placement'…
Skipping step 'Write Verilog Header'…
Skipping step 'Power Grid Violation Checker'…
Skipping step 'STA (Mid-PnR)'…
Gating variable for step 'OpenROAD.RepairDesignPostGPL' set to 'False'- the step will be skipped.
Skipping step 'Repair Design (Post-Global Placement)'…
Skipping step 'Manual Global Placement'…
Skipping step 'Detailed Placement'…
Skipping step 'Clock Tree Synthesis'…
Skipping step 'STA (Mid-PnR)'…
Skipping step 'Resizer Timing Optimizations (Post-Clock Tree Synthesis)'…
Skipping step 'STA (Mid-PnR)'…
Skipping step 'Global Routing'…
Skipping step 'Check Antennas'…
Gating variable for step 'OpenROAD.RepairDesignPostGRT' set to 'False'- the step will be skipped.
Skipping step 'Repair Design (Post-Global Routing)'…
Skipping step 'Diodes on Ports'…
Gating variable for step 'Odb.HeuristicDiodeInsertion' set to 'False'- the step will be skipped.
Skipping step 'Heuristic Diode Insertion'…
Skipping step 'Antenna Repair'…
Skipping step 'Resizer Timing Optimizations (Post-Global Routing)'…
Skipping step 'STA (Mid-PnR)'…
Skipping step 'Detailed Routing'…
Skipping step 'Remove Obstructions'…
Skipping step 'Check Antennas'…
Skipping step 'Routing DRC Checker'…
Skipping step 'Report Disconnected Pins'…
Skipping step 'Disconnected Pins Checker'…
Skipping step 'Report Wire Length'…
Skipping step 'Wire Length Threshold Checker'…
Skipping step 'Fill Insertion'…
Skipping step 'Generate Cell Frequency Tables'…
Running 'OpenROAD.RCX' at 'runs/ach_final/97-openroad-rcx'…
Running RCX for corners matching nom_* (/foss/designs/butterfold/butterfold_proto/physical/librelane/runs/ach_final/97-openroad-rcx/nom/rcx.log)…
Running RCX for corners matching min_* (/foss/designs/butterfold/butterfold_proto/physical/librelane/runs/ach_final/97-openroad-rcx/min/rcx.log)…
Running RCX for corners matching max_* (/foss/designs/butterfold/butterfold_proto/physical/librelane/runs/ach_final/97-openroad-rcx/max/rcx.log)…
Logging subprocess to [repr.filename]'runs/ach_final/97-openroad-rcx/min/rcx.log'[/repr.filename]…
Logging subprocess to [repr.filename]'runs/ach_final/97-openroad-rcx/nom/rcx.log'[/repr.filename]…
Logging subprocess to [repr.filename]'runs/ach_final/97-openroad-rcx/max/rcx.log'[/repr.filename]…
Finished RCX for corners matching nom_*.
Finished RCX for corners matching max_*.
Finished RCX for corners matching min_*.
Running 'OpenROAD.STAPostPNR' at 'runs/ach_final/98-openroad-stapostpnr'…
Starting STA for the nom_tt_025C_5v00 timing corner…
Starting STA for the nom_ss_125C_4v50 timing corner…
Starting STA for the nom_ff_n40C_5v50 timing corner…
Starting STA for the min_tt_025C_5v00 timing corner…
Starting STA for the min_ss_125C_4v50 timing corner…
Starting STA for the min_ff_n40C_5v50 timing corner…
Starting STA for the max_tt_025C_5v00 timing corner…
Logging subprocess to [repr.filename]'runs/ach_final/98-openroad-stapostpnr/nom_tt_025C_5v00/sta.log'[/repr.filename]…
Starting STA for the max_ss_125C_4v50 timing corner…
Starting STA for the max_ff_n40C_5v50 timing corner…
Logging subprocess to [repr.filename]'runs/ach_final/98-openroad-stapostpnr/nom_ff_n40C_5v50/sta.log'[/repr.filename]…
Logging subprocess to [repr.filename]'runs/ach_final/98-openroad-stapostpnr/nom_ss_125C_4v50/sta.log'[/repr.filename]…
Logging subprocess to [repr.filename]'runs/ach_final/98-openroad-stapostpnr/min_tt_025C_5v00/sta.log'[/repr.filename]…
Logging subprocess to [repr.filename]'runs/ach_final/98-openroad-stapostpnr/max_tt_025C_5v00/sta.log'[/repr.filename]…
Logging subprocess to [repr.filename]'runs/ach_final/98-openroad-stapostpnr/min_ff_n40C_5v50/sta.log'[/repr.filename]…
Logging subprocess to [repr.filename]'runs/ach_final/98-openroad-stapostpnr/min_ss_125C_4v50/sta.log'[/repr.filename]…
Logging subprocess to [repr.filename]'runs/ach_final/98-openroad-stapostpnr/max_ss_125C_4v50/sta.log'[/repr.filename]…
Logging subprocess to [repr.filename]'runs/ach_final/98-openroad-stapostpnr/max_ff_n40C_5v50/sta.log'[/repr.filename]…
Finished STA for the min_ff_n40C_5v50 timing corner.
Logging subprocess to [repr.filename]'runs/ach_final/98-openroad-stapostpnr/min_ff_n40C_5v50/filter_unannotated.log'[/repr.filename]…
Finished STA for the max_tt_025C_5v00 timing corner.
Finished STA for the min_tt_025C_5v00 timing corner.
Finished STA for the max_ss_125C_4v50 timing corner.
Logging subprocess to [repr.filename]'runs/ach_final/98-openroad-stapostpnr/max_tt_025C_5v00/filter_unannotated.log'[/repr.filename]…
Logging subprocess to [repr.filename]'runs/ach_final/98-openroad-stapostpnr/min_tt_025C_5v00/filter_unannotated.log'[/repr.filename]…
Logging subprocess to [repr.filename]'runs/ach_final/98-openroad-stapostpnr/max_ss_125C_4v50/filter_unannotated.log'[/repr.filename]…
Finished STA for the nom_ss_125C_4v50 timing corner.
Logging subprocess to [repr.filename]'runs/ach_final/98-openroad-stapostpnr/nom_ss_125C_4v50/filter_unannotated.log'[/repr.filename]…
Finished STA for the min_ss_125C_4v50 timing corner.
Finished STA for the nom_ff_n40C_5v50 timing corner.
Logging subprocess to [repr.filename]'runs/ach_final/98-openroad-stapostpnr/min_ss_125C_4v50/filter_unannotated.log'[/repr.filename]…
Logging subprocess to [repr.filename]'runs/ach_final/98-openroad-stapostpnr/nom_ff_n40C_5v50/filter_unannotated.log'[/repr.filename]…
Finished STA for the max_ff_n40C_5v50 timing corner.
Logging subprocess to [repr.filename]'runs/ach_final/98-openroad-stapostpnr/max_ff_n40C_5v50/filter_unannotated.log'[/repr.filename]…
Finished STA for the nom_tt_025C_5v00 timing corner.
Logging subprocess to [repr.filename]'runs/ach_final/98-openroad-stapostpnr/nom_tt_025C_5v00/filter_unannotated.log'[/repr.filename]…
Running 'OpenROAD.IRDropReport' at 'runs/ach_final/99-openroad-irdropreport'…
'VSRC_LOC_FILES' was not given a value, which may make the results of IR drop analysis inaccurate. If you are not integrating a top-level chip for manufacture, you may ignore this warning, otherwise, see the documentation for 'VSRC_LOC_FILES'.
Logging subprocess to [repr.filename]'runs/ach_final/99-openroad-irdropreport/openroad-irdropreport.log'[/repr.filename]…
+ analyze_power_grid -net VDD -voltage_file /foss/designs/butterfold/butterfold_proto/physical/librelane/runs/ach_final/99-openroad-irdropreport/net-VDD.csv
[INFO PSM-0040] All shapes on net VDD are connected.
########## IR report #################
Net              : VDD
Corner           : nom_tt_025C_5v00
Total power      : 1.06e-01 W
Supply voltage   : 5.00e+00 V
Worstcase voltage: 4.87e+00 V
Average voltage  : 4.90e+00 V
Average IR drop  : 1.04e-01 V
Worstcase IR drop: 1.25e-01 V
Percentage drop  : 2.51 %
######################################
+ analyze_power_grid -net VSS -voltage_file /foss/designs/butterfold/butterfold_proto/physical/librelane/runs/ach_final/99-openroad-irdropreport/net-VSS.csv
[INFO PSM-0040] All shapes on net VSS are connected.
########## IR report #################
Net              : VSS
Corner           : nom_tt_025C_5v00
Total power      : 1.06e-01 W
Supply voltage   : 0.00e+00 V
Worstcase voltage: 4.73e-01 V
Average voltage  : 4.49e-01 V
Average IR drop  : 4.49e-01 V
Worstcase IR drop: 4.73e-01 V
Percentage drop  : 9.46 %
######################################

Running 'Magic.StreamOut' at 'runs/ach_final/100-magic-streamout'…
Logging subprocess to [repr.filename]'runs/ach_final/100-magic-streamout/magic-streamout.log'[/repr.filename]…
Running 'KLayout.StreamOut' at 'runs/ach_final/101-klayout-streamout'…
Logging subprocess to [repr.filename]'runs/ach_final/101-klayout-streamout/klayout-streamout.log'[/repr.filename]…
Running 'KLayout.Render' at 'runs/ach_final/102-klayout-render'…
Logging subprocess to [repr.filename]'runs/ach_final/102-klayout-render/klayout-render.log'[/repr.filename]…
Running 'Magic.WriteLEF' at 'runs/ach_final/103-magic-writelef'…
Logging subprocess to [repr.filename]'runs/ach_final/103-magic-writelef/magic-writelef.log'[/repr.filename]…
Running 'Odb.CheckDesignAntennaProperties' at 'runs/ach_final/104-odb-checkdesignantennaproperties'…
Logging subprocess to [repr.filename]'runs/ach_final/104-odb-checkdesignantennaproperties/odb-checkdesignantennaproperties.log'[/repr.filename]…
Cell 'butterfold_top' has (10) input pin(s) without antenna gate information. They might not be connected to a gate.
Running 'KLayout.XOR' at 'runs/ach_final/105-klayout-xor'…
Running XOR with 16 threads…
Logging subprocess to [repr.filename]'runs/ach_final/105-klayout-xor/klayout-xor.log'[/repr.filename]…
Running 'Checker.XOR' at 'runs/ach_final/106-checker-xor'…
Check for XOR differences clear.
Running 'Magic.DRC' at 'runs/ach_final/107-magic-drc'…
Logging subprocess to [repr.filename]'runs/ach_final/107-magic-drc/magic-drc.log'[/repr.filename]…
Running 'KLayout.DRC' at 'runs/ach_final/108-klayout-drc'…
KLAYOUT_DRC_RUNSET is unset. KLayout.DRC may not be supported for the gf180mcuD PDK. This step will be skipped.
Running 'Checker.MagicDRC' at 'runs/ach_final/109-checker-magicdrc'…
7008 Magic DRC errors found. - deferred
Running 'Checker.KLayoutDRC' at 'runs/ach_final/110-checker-klayoutdrc'…
The KLayout DRC errors metric was not found. Are you sure the relevant step was run?
Running 'Magic.SpiceExtraction' at 'runs/ach_final/111-magic-spiceextraction'…
Logging subprocess to [repr.filename]'runs/ach_final/111-magic-spiceextraction/magic-spiceextraction.log'[/repr.filename]…
Running 'Checker.IllegalOverlap' at 'runs/ach_final/112-checker-illegaloverlap'…
Check for Magic Illegal Overlap errors clear.
Running 'Netgen.LVS' at 'runs/ach_final/113-netgen-lvs'…
Logging subprocess to [repr.filename]'runs/ach_final/113-netgen-lvs/netgen-lvs.log'[/repr.filename]…
Running 'Checker.LVS' at 'runs/ach_final/114-checker-lvs'…
Check for LVS errors clear.
Gating variable for step 'Yosys.EQY' set to 'False'- the step will be skipped.
Skipping step 'Equivalence Check'…
Running 'Checker.SetupViolations' at 'runs/ach_final/115-checker-setupviolations'…
Setup violations found in the following corners:
* max_ss_125C_4v50
* min_ss_125C_4v50
* nom_ss_125C_4v50
No setup violations found
Running 'Checker.HoldViolations' at 'runs/ach_final/116-checker-holdviolations'…
No hold violations found
Running 'Checker.MaxSlewViolations' at 'runs/ach_final/117-checker-maxslewviolations'…
Max Slew violations found in the following corners:
* max_ff_n40C_5v50
* max_ss_125C_4v50
* max_tt_025C_5v00
* min_ff_n40C_5v50
* min_ss_125C_4v50
* min_tt_025C_5v00
* nom_ff_n40C_5v50
* nom_ss_125C_4v50
* nom_tt_025C_5v00
No max slew violations found
Running 'Checker.MaxCapViolations' at 'runs/ach_final/118-checker-maxcapviolations'…
Max Cap violations found in the following corners:
* max_ff_n40C_5v50
* max_ss_125C_4v50
* max_tt_025C_5v00
* min_ff_n40C_5v50
* min_ss_125C_4v50
* min_tt_025C_5v00
* nom_ff_n40C_5v50
* nom_ss_125C_4v50
* nom_tt_025C_5v00
No max cap violations found
Running 'Misc.ReportManufacturability' at 'runs/ach_final/119-misc-reportmanufacturability'…
klayout__drc_error__count not reported. KLayout.DRC may have been skipped.
Saving views to '/foss/designs/butterfold/butterfold_proto/physical/librelane/runs/ach_final/final'…
Starting…
Gating variable for step 'Verilator.Lint' set to 'False'- the step will be skipped.
Skipping step 'Verilator Lint'…
Gating variable for step 'Checker.LintTimingConstructs' set to 'False'- the step will be skipped.
Skipping step 'Lint Timing Error Checker'…
Gating variable for step 'Checker.LintErrors' set to 'False'- the step will be skipped.
Skipping step 'Lint Errors Checker'…
Gating variable for step 'Checker.LintWarnings' set to 'False'- the step will be skipped.
Skipping step 'Lint Warnings Checker'…
Skipping step 'Generate JSON Header'…
Skipping step 'Synthesis'…
Skipping step 'Unmapped Cells Checker'…
Skipping step 'Yosys Synth Checks'…
Skipping step 'Netlist Assign Statement Checker'…
Skipping step 'Check SDC Files'…
Skipping step 'Check Macro Instances'…
Skipping step 'STA (Pre-PnR)'…
Skipping step 'Floorplan Init'…
Skipping step 'Dump RC Values'…
Skipping step 'Check Antenna Properties of Macros Pins in Their LEF Views'…
Skipping step 'Set Power Connections'…
Skipping step 'Manual Macro Placement'…
Skipping step 'Cut Rows'…
Skipping step 'Tap/Decap Insertion'…
Skipping step 'Add PDN obstructions'…
Skipping step 'Generate PDN'…
Skipping step 'Remove PDN obstructions'…
Skipping step 'Add Obstructions'…
Skipping step 'Global Placement Skip IO'…
Skipping step 'I/O Placement'…
Skipping step 'Custom I/O Placement'…
Skipping step 'Apply DEF Template'…
Skipping step 'Global Placement'…
Skipping step 'Write Verilog Header'…
Skipping step 'Power Grid Violation Checker'…
Skipping step 'STA (Mid-PnR)'…
Gating variable for step 'OpenROAD.RepairDesignPostGPL' set to 'False'- the step will be skipped.
Skipping step 'Repair Design (Post-Global Placement)'…
Skipping step 'Manual Global Placement'…
Skipping step 'Detailed Placement'…
Skipping step 'Clock Tree Synthesis'…
Skipping step 'STA (Mid-PnR)'…
Skipping step 'Resizer Timing Optimizations (Post-Clock Tree Synthesis)'…
Skipping step 'STA (Mid-PnR)'…
Skipping step 'Global Routing'…
Skipping step 'Check Antennas'…
Gating variable for step 'OpenROAD.RepairDesignPostGRT' set to 'False'- the step will be skipped.
Skipping step 'Repair Design (Post-Global Routing)'…
Skipping step 'Diodes on Ports'…
Gating variable for step 'Odb.HeuristicDiodeInsertion' set to 'False'- the step will be skipped.
Skipping step 'Heuristic Diode Insertion'…
Skipping step 'Antenna Repair'…
Skipping step 'Resizer Timing Optimizations (Post-Global Routing)'…
Skipping step 'STA (Mid-PnR)'…
Skipping step 'Detailed Routing'…
Skipping step 'Remove Obstructions'…
Skipping step 'Check Antennas'…
Skipping step 'Routing DRC Checker'…
Skipping step 'Report Disconnected Pins'…
Skipping step 'Disconnected Pins Checker'…
Skipping step 'Report Wire Length'…
Skipping step 'Wire Length Threshold Checker'…
Skipping step 'Fill Insertion'…
Skipping step 'Generate Cell Frequency Tables'…
Running 'OpenROAD.RCX' at 'runs/ach_final/120-openroad-rcx'…
Running RCX for corners matching nom_* (/foss/designs/butterfold/butterfold_proto/physical/librelane/runs/ach_final/120-openroad-rcx/nom/rcx.log)…
Running RCX for corners matching min_* (/foss/designs/butterfold/butterfold_proto/physical/librelane/runs/ach_final/120-openroad-rcx/min/rcx.log)…
Running RCX for corners matching max_* (/foss/designs/butterfold/butterfold_proto/physical/librelane/runs/ach_final/120-openroad-rcx/max/rcx.log)…
Logging subprocess to [repr.filename]'runs/ach_final/120-openroad-rcx/nom/rcx.log'[/repr.filename]…
Logging subprocess to [repr.filename]'runs/ach_final/120-openroad-rcx/min/rcx.log'[/repr.filename]…
Logging subprocess to [repr.filename]'runs/ach_final/120-openroad-rcx/max/rcx.log'[/repr.filename]…
Finished RCX for corners matching min_*.
Finished RCX for corners matching max_*.
Finished RCX for corners matching nom_*.
Running 'OpenROAD.STAPostPNR' at 'runs/ach_final/121-openroad-stapostpnr'…
Starting STA for the nom_tt_025C_5v00 timing corner…
Starting STA for the nom_ss_125C_4v50 timing corner…
Starting STA for the nom_ff_n40C_5v50 timing corner…
Starting STA for the min_tt_025C_5v00 timing corner…
Starting STA for the min_ss_125C_4v50 timing corner…
Starting STA for the min_ff_n40C_5v50 timing corner…
Starting STA for the max_tt_025C_5v00 timing corner…
Logging subprocess to [repr.filename]'runs/ach_final/121-openroad-stapostpnr/nom_tt_025C_5v00/sta.log'[/repr.filename]…
Logging subprocess to [repr.filename]'runs/ach_final/121-openroad-stapostpnr/nom_ss_125C_4v50/sta.log'[/repr.filename]…
Starting STA for the max_ss_125C_4v50 timing corner…
Logging subprocess to [repr.filename]'runs/ach_final/121-openroad-stapostpnr/nom_ff_n40C_5v50/sta.log'[/repr.filename]…
Starting STA for the max_ff_n40C_5v50 timing corner…
Logging subprocess to [repr.filename]'runs/ach_final/121-openroad-stapostpnr/min_tt_025C_5v00/sta.log'[/repr.filename]…
Logging subprocess to [repr.filename]'runs/ach_final/121-openroad-stapostpnr/min_ss_125C_4v50/sta.log'[/repr.filename]…
Logging subprocess to [repr.filename]'runs/ach_final/121-openroad-stapostpnr/min_ff_n40C_5v50/sta.log'[/repr.filename]…
Logging subprocess to [repr.filename]'runs/ach_final/121-openroad-stapostpnr/max_tt_025C_5v00/sta.log'[/repr.filename]…
Logging subprocess to [repr.filename]'runs/ach_final/121-openroad-stapostpnr/max_ss_125C_4v50/sta.log'[/repr.filename]…
Logging subprocess to [repr.filename]'runs/ach_final/121-openroad-stapostpnr/max_ff_n40C_5v50/sta.log'[/repr.filename]…
Finished STA for the min_ss_125C_4v50 timing corner.
Logging subprocess to [repr.filename]'runs/ach_final/121-openroad-stapostpnr/min_ss_125C_4v50/filter_unannotated.log'[/repr.filename]…
Finished STA for the max_ss_125C_4v50 timing corner.
Finished STA for the min_ff_n40C_5v50 timing corner.
Logging subprocess to [repr.filename]'runs/ach_final/121-openroad-stapostpnr/max_ss_125C_4v50/filter_unannotated.log'[/repr.filename]…
Logging subprocess to [repr.filename]'runs/ach_final/121-openroad-stapostpnr/min_ff_n40C_5v50/filter_unannotated.log'[/repr.filename]…
Finished STA for the max_ff_n40C_5v50 timing corner.
Finished STA for the min_tt_025C_5v00 timing corner.
Logging subprocess to [repr.filename]'runs/ach_final/121-openroad-stapostpnr/max_ff_n40C_5v50/filter_unannotated.log'[/repr.filename]…
Logging subprocess to [repr.filename]'runs/ach_final/121-openroad-stapostpnr/min_tt_025C_5v00/filter_unannotated.log'[/repr.filename]…
Finished STA for the nom_ss_125C_4v50 timing corner.
Logging subprocess to [repr.filename]'runs/ach_final/121-openroad-stapostpnr/nom_ss_125C_4v50/filter_unannotated.log'[/repr.filename]…
Finished STA for the max_tt_025C_5v00 timing corner.
Finished STA for the nom_tt_025C_5v00 timing corner.
Finished STA for the nom_ff_n40C_5v50 timing corner.
Logging subprocess to [repr.filename]'runs/ach_final/121-openroad-stapostpnr/max_tt_025C_5v00/filter_unannotated.log'[/repr.filename]…
Logging subprocess to [repr.filename]'runs/ach_final/121-openroad-stapostpnr/nom_ff_n40C_5v50/filter_unannotated.log'[/repr.filename]…
Logging subprocess to [repr.filename]'runs/ach_final/121-openroad-stapostpnr/nom_tt_025C_5v00/filter_unannotated.log'[/repr.filename]…
Running 'OpenROAD.IRDropReport' at 'runs/ach_final/122-openroad-irdropreport'…
'VSRC_LOC_FILES' was not given a value, which may make the results of IR drop analysis inaccurate. If you are not integrating a top-level chip for manufacture, you may ignore this warning, otherwise, see the documentation for 'VSRC_LOC_FILES'.
Logging subprocess to [repr.filename]'runs/ach_final/122-openroad-irdropreport/openroad-irdropreport.log'[/repr.filename]…
[PSM-0038] Unconnected shape on net VDD at (640.360um, 1089.940um) - (643.360um, 1675.000um), layer: Metal4.
[PSM-0038] Unconnected shape on net VDD at (653.860um, 1089.940um) - (656.860um, 1675.000um), layer: Metal4.
[PSM-0038] Unconnected shape on net VDD at (667.360um, 1089.940um) - (670.360um, 1675.000um), layer: Metal4.
[PSM-0038] Unconnected shape on net VDD at (680.860um, 1089.940um) - (683.860um, 1675.000um), layer: Metal4.
[PSM-0038] Unconnected shape on net VDD at (689.860um, 1089.940um) - (692.860um, 1675.000um), layer: Metal4.
[PSM-0069] Check connectivity failed on VDD.
Starting…
Gating variable for step 'Verilator.Lint' set to 'False'- the step will be skipped.
Skipping step 'Verilator Lint'…
Gating variable for step 'Checker.LintTimingConstructs' set to 'False'- the step will be skipped.
Skipping step 'Lint Timing Error Checker'…
Gating variable for step 'Checker.LintErrors' set to 'False'- the step will be skipped.
Skipping step 'Lint Errors Checker'…
Gating variable for step 'Checker.LintWarnings' set to 'False'- the step will be skipped.
Skipping step 'Lint Warnings Checker'…
Skipping step 'Generate JSON Header'…
Skipping step 'Synthesis'…
Skipping step 'Unmapped Cells Checker'…
Skipping step 'Yosys Synth Checks'…
Skipping step 'Netlist Assign Statement Checker'…
Skipping step 'Check SDC Files'…
Skipping step 'Check Macro Instances'…
Skipping step 'STA (Pre-PnR)'…
Skipping step 'Floorplan Init'…
Skipping step 'Dump RC Values'…
Skipping step 'Check Antenna Properties of Macros Pins in Their LEF Views'…
Skipping step 'Set Power Connections'…
Skipping step 'Manual Macro Placement'…
Skipping step 'Cut Rows'…
Skipping step 'Tap/Decap Insertion'…
Skipping step 'Add PDN obstructions'…
Skipping step 'Generate PDN'…
Skipping step 'Remove PDN obstructions'…
Skipping step 'Add Obstructions'…
Skipping step 'Global Placement Skip IO'…
Skipping step 'I/O Placement'…
Skipping step 'Custom I/O Placement'…
Skipping step 'Apply DEF Template'…
Skipping step 'Global Placement'…
Skipping step 'Write Verilog Header'…
Skipping step 'Power Grid Violation Checker'…
Skipping step 'STA (Mid-PnR)'…
Gating variable for step 'OpenROAD.RepairDesignPostGPL' set to 'False'- the step will be skipped.
Skipping step 'Repair Design (Post-Global Placement)'…
Skipping step 'Manual Global Placement'…
Skipping step 'Detailed Placement'…
Skipping step 'Clock Tree Synthesis'…
Skipping step 'STA (Mid-PnR)'…
Skipping step 'Resizer Timing Optimizations (Post-Clock Tree Synthesis)'…
Skipping step 'STA (Mid-PnR)'…
Skipping step 'Global Routing'…
Skipping step 'Check Antennas'…
Gating variable for step 'OpenROAD.RepairDesignPostGRT' set to 'False'- the step will be skipped.
Skipping step 'Repair Design (Post-Global Routing)'…
Skipping step 'Diodes on Ports'…
Gating variable for step 'Odb.HeuristicDiodeInsertion' set to 'False'- the step will be skipped.
Skipping step 'Heuristic Diode Insertion'…
Skipping step 'Antenna Repair'…
Skipping step 'Resizer Timing Optimizations (Post-Global Routing)'…
Skipping step 'STA (Mid-PnR)'…
Skipping step 'Detailed Routing'…
Skipping step 'Remove Obstructions'…
Skipping step 'Check Antennas'…
Skipping step 'Routing DRC Checker'…
Skipping step 'Report Disconnected Pins'…
Skipping step 'Disconnected Pins Checker'…
Skipping step 'Report Wire Length'…
Skipping step 'Wire Length Threshold Checker'…
Skipping step 'Fill Insertion'…
Skipping step 'Generate Cell Frequency Tables'…
Running 'OpenROAD.RCX' at 'runs/ach_final/123-openroad-rcx'…
Running RCX for corners matching nom_* (/foss/designs/butterfold/butterfold_proto/physical/librelane/runs/ach_final/123-openroad-rcx/nom/rcx.log)…
Running RCX for corners matching min_* (/foss/designs/butterfold/butterfold_proto/physical/librelane/runs/ach_final/123-openroad-rcx/min/rcx.log)…
Running RCX for corners matching max_* (/foss/designs/butterfold/butterfold_proto/physical/librelane/runs/ach_final/123-openroad-rcx/max/rcx.log)…
Logging subprocess to [repr.filename]'runs/ach_final/123-openroad-rcx/min/rcx.log'[/repr.filename]…
Logging subprocess to [repr.filename]'runs/ach_final/123-openroad-rcx/nom/rcx.log'[/repr.filename]…
Logging subprocess to [repr.filename]'runs/ach_final/123-openroad-rcx/max/rcx.log'[/repr.filename]…
Finished RCX for corners matching nom_*.
Finished RCX for corners matching min_*.
Finished RCX for corners matching max_*.
Running 'OpenROAD.STAPostPNR' at 'runs/ach_final/124-openroad-stapostpnr'…
Starting STA for the nom_tt_025C_5v00 timing corner…
Starting STA for the nom_ss_125C_4v50 timing corner…
Starting STA for the nom_ff_n40C_5v50 timing corner…
Starting STA for the min_tt_025C_5v00 timing corner…
Starting STA for the min_ss_125C_4v50 timing corner…
Starting STA for the min_ff_n40C_5v50 timing corner…
Logging subprocess to [repr.filename]'runs/ach_final/124-openroad-stapostpnr/nom_tt_025C_5v00/sta.log'[/repr.filename]…
Starting STA for the max_tt_025C_5v00 timing corner…
Starting STA for the max_ss_125C_4v50 timing corner…
Starting STA for the max_ff_n40C_5v50 timing corner…
Logging subprocess to [repr.filename]'runs/ach_final/124-openroad-stapostpnr/nom_ff_n40C_5v50/sta.log'[/repr.filename]…
Logging subprocess to [repr.filename]'runs/ach_final/124-openroad-stapostpnr/nom_ss_125C_4v50/sta.log'[/repr.filename]…
Logging subprocess to [repr.filename]'runs/ach_final/124-openroad-stapostpnr/min_tt_025C_5v00/sta.log'[/repr.filename]…
Logging subprocess to [repr.filename]'runs/ach_final/124-openroad-stapostpnr/min_ff_n40C_5v50/sta.log'[/repr.filename]…
Logging subprocess to [repr.filename]'runs/ach_final/124-openroad-stapostpnr/min_ss_125C_4v50/sta.log'[/repr.filename]…
Logging subprocess to [repr.filename]'runs/ach_final/124-openroad-stapostpnr/max_ss_125C_4v50/sta.log'[/repr.filename]…
Logging subprocess to [repr.filename]'runs/ach_final/124-openroad-stapostpnr/max_ff_n40C_5v50/sta.log'[/repr.filename]…
Logging subprocess to [repr.filename]'runs/ach_final/124-openroad-stapostpnr/max_tt_025C_5v00/sta.log'[/repr.filename]…
Finished STA for the min_ss_125C_4v50 timing corner.
Logging subprocess to [repr.filename]'runs/ach_final/124-openroad-stapostpnr/min_ss_125C_4v50/filter_unannotated.log'[/repr.filename]…
Finished STA for the nom_ss_125C_4v50 timing corner.
Logging subprocess to [repr.filename]'runs/ach_final/124-openroad-stapostpnr/nom_ss_125C_4v50/filter_unannotated.log'[/repr.filename]…
Finished STA for the nom_tt_025C_5v00 timing corner.
Logging subprocess to [repr.filename]'runs/ach_final/124-openroad-stapostpnr/nom_tt_025C_5v00/filter_unannotated.log'[/repr.filename]…
Finished STA for the max_ss_125C_4v50 timing corner.
Logging subprocess to [repr.filename]'runs/ach_final/124-openroad-stapostpnr/max_ss_125C_4v50/filter_unannotated.log'[/repr.filename]…
Finished STA for the min_tt_025C_5v00 timing corner.
Finished STA for the max_tt_025C_5v00 timing corner.
Logging subprocess to [repr.filename]'runs/ach_final/124-openroad-stapostpnr/min_tt_025C_5v00/filter_unannotated.log'[/repr.filename]…
Logging subprocess to [repr.filename]'runs/ach_final/124-openroad-stapostpnr/max_tt_025C_5v00/filter_unannotated.log'[/repr.filename]…
Finished STA for the max_ff_n40C_5v50 timing corner.
Logging subprocess to [repr.filename]'runs/ach_final/124-openroad-stapostpnr/max_ff_n40C_5v50/filter_unannotated.log'[/repr.filename]…
Finished STA for the nom_ff_n40C_5v50 timing corner.
Logging subprocess to [repr.filename]'runs/ach_final/124-openroad-stapostpnr/nom_ff_n40C_5v50/filter_unannotated.log'[/repr.filename]…
Finished STA for the min_ff_n40C_5v50 timing corner.
Logging subprocess to [repr.filename]'runs/ach_final/124-openroad-stapostpnr/min_ff_n40C_5v50/filter_unannotated.log'[/repr.filename]…
Running 'OpenROAD.IRDropReport' at 'runs/ach_final/125-openroad-irdropreport'…
'VSRC_LOC_FILES' was not given a value, which may make the results of IR drop analysis inaccurate. If you are not integrating a top-level chip for manufacture, you may ignore this warning, otherwise, see the documentation for 'VSRC_LOC_FILES'.
Logging subprocess to [repr.filename]'runs/ach_final/125-openroad-irdropreport/openroad-irdropreport.log'[/repr.filename]…
+ analyze_power_grid -net VDD -voltage_file /foss/designs/butterfold/butterfold_proto/physical/librelane/runs/ach_final/125-openroad-irdropreport/net-VDD.csv
[INFO PSM-0040] All shapes on net VDD are connected.
########## IR report #################
Net              : VDD
Corner           : nom_tt_025C_5v00
Total power      : 1.06e-01 W
Supply voltage   : 5.00e+00 V
Worstcase voltage: 4.84e+00 V
Average voltage  : 4.86e+00 V
Average IR drop  : 1.42e-01 V
Worstcase IR drop: 1.63e-01 V
Percentage drop  : 3.26 %
######################################
+ analyze_power_grid -net VSS -voltage_file /foss/designs/butterfold/butterfold_proto/physical/librelane/runs/ach_final/125-openroad-irdropreport/net-VSS.csv
[INFO PSM-0040] All shapes on net VSS are connected.
########## IR report #################
Net              : VSS
Corner           : nom_tt_025C_5v00
Total power      : 1.06e-01 W
Supply voltage   : 0.00e+00 V
Worstcase voltage: 4.73e-01 V
Average voltage  : 4.49e-01 V
Average IR drop  : 4.49e-01 V
Worstcase IR drop: 4.73e-01 V
Percentage drop  : 9.46 %
######################################

Running 'Magic.StreamOut' at 'runs/ach_final/126-magic-streamout'…
Logging subprocess to [repr.filename]'runs/ach_final/126-magic-streamout/magic-streamout.log'[/repr.filename]…
Running 'KLayout.StreamOut' at 'runs/ach_final/127-klayout-streamout'…
Logging subprocess to [repr.filename]'runs/ach_final/127-klayout-streamout/klayout-streamout.log'[/repr.filename]…
Running 'KLayout.Render' at 'runs/ach_final/128-klayout-render'…
Logging subprocess to [repr.filename]'runs/ach_final/128-klayout-render/klayout-render.log'[/repr.filename]…
Running 'Magic.WriteLEF' at 'runs/ach_final/129-magic-writelef'…
Logging subprocess to [repr.filename]'runs/ach_final/129-magic-writelef/magic-writelef.log'[/repr.filename]…
Running 'Odb.CheckDesignAntennaProperties' at 'runs/ach_final/130-odb-checkdesignantennaproperties'…
Logging subprocess to [repr.filename]'runs/ach_final/130-odb-checkdesignantennaproperties/odb-checkdesignantennaproperties.log'[/repr.filename]…
Cell 'butterfold_top' has (10) input pin(s) without antenna gate information. They might not be connected to a gate.
Running 'KLayout.XOR' at 'runs/ach_final/131-klayout-xor'…
Running XOR with 16 threads…
Logging subprocess to [repr.filename]'runs/ach_final/131-klayout-xor/klayout-xor.log'[/repr.filename]…
Running 'Checker.XOR' at 'runs/ach_final/132-checker-xor'…
4 XOR differences found. - deferred
Running 'Magic.DRC' at 'runs/ach_final/133-magic-drc'…
Logging subprocess to [repr.filename]'runs/ach_final/133-magic-drc/magic-drc.log'[/repr.filename]…
Running 'KLayout.DRC' at 'runs/ach_final/134-klayout-drc'…
KLAYOUT_DRC_RUNSET is unset. KLayout.DRC may not be supported for the gf180mcuD PDK. This step will be skipped.
Running 'Checker.MagicDRC' at 'runs/ach_final/135-checker-magicdrc'…
7008 Magic DRC errors found. - deferred
Running 'Checker.KLayoutDRC' at 'runs/ach_final/136-checker-klayoutdrc'…
The KLayout DRC errors metric was not found. Are you sure the relevant step was run?
Running 'Magic.SpiceExtraction' at 'runs/ach_final/137-magic-spiceextraction'…
Logging subprocess to [repr.filename]'runs/ach_final/137-magic-spiceextraction/magic-spiceextraction.log'[/repr.filename]…
Running 'Checker.IllegalOverlap' at 'runs/ach_final/138-checker-illegaloverlap'…
Check for Magic Illegal Overlap errors clear.
Running 'Netgen.LVS' at 'runs/ach_final/139-netgen-lvs'…
Logging subprocess to [repr.filename]'runs/ach_final/139-netgen-lvs/netgen-lvs.log'[/repr.filename]…
Running 'Checker.LVS' at 'runs/ach_final/140-checker-lvs'…
Check for LVS errors clear.
Gating variable for step 'Yosys.EQY' set to 'False'- the step will be skipped.
Skipping step 'Equivalence Check'…
Running 'Checker.SetupViolations' at 'runs/ach_final/141-checker-setupviolations'…
Setup violations found in the following corners:
* max_ss_125C_4v50
* min_ss_125C_4v50
* nom_ss_125C_4v50
No setup violations found
Running 'Checker.HoldViolations' at 'runs/ach_final/142-checker-holdviolations'…
No hold violations found
Running 'Checker.MaxSlewViolations' at 'runs/ach_final/143-checker-maxslewviolations'…
Max Slew violations found in the following corners:
* max_ff_n40C_5v50
* max_ss_125C_4v50
* max_tt_025C_5v00
* min_ff_n40C_5v50
* min_ss_125C_4v50
* min_tt_025C_5v00
* nom_ff_n40C_5v50
* nom_ss_125C_4v50
* nom_tt_025C_5v00
No max slew violations found
Running 'Checker.MaxCapViolations' at 'runs/ach_final/144-checker-maxcapviolations'…
Max Cap violations found in the following corners:
* max_ff_n40C_5v50
* max_ss_125C_4v50
* max_tt_025C_5v00
* min_ff_n40C_5v50
* min_ss_125C_4v50
* min_tt_025C_5v00
* nom_ff_n40C_5v50
* nom_ss_125C_4v50
* nom_tt_025C_5v00
No max cap violations found
Running 'Misc.ReportManufacturability' at 'runs/ach_final/145-misc-reportmanufacturability'…
klayout__drc_error__count not reported. KLayout.DRC may have been skipped.
Saving views to '/foss/designs/butterfold/butterfold_proto/physical/librelane/runs/ach_final/final'…
