Startpoint: _19843_ (rising edge-triggered flip-flop clocked by core_clk)
Endpoint: dout[6] (output port clocked by core_clk)
Path Group: core_clk
Path Type: min

  Delay    Time   Description
---------------------------------------------------------
   0.00    0.00   clock core_clk (rise edge)
   0.00    0.00   clock source latency
   0.00    0.00 ^ clk (in)
   0.18    0.18 ^ clkbuf_regs_0_core_clk/Z (gf180mcu_fd_sc_mcu9t5v0__clkbuf_16)
   0.13    0.31 ^ clkbuf_0_clk_regs/Z (gf180mcu_fd_sc_mcu9t5v0__clkbuf_16)
   0.15    0.46 ^ clkbuf_2_1_0_clk_regs/Z (gf180mcu_fd_sc_mcu9t5v0__clkbuf_8)
   0.18    0.64 ^ clkbuf_3_2__f_clk_regs/Z (gf180mcu_fd_sc_mcu9t5v0__clkbuf_16)
   0.18    0.82 ^ clkbuf_leaf_26_clk_regs/Z (gf180mcu_fd_sc_mcu9t5v0__clkbuf_8)
   0.00    0.82 ^ _19843_/CLK (gf180mcu_fd_sc_mcu9t5v0__dffrnq_2)
   0.39    1.21 v _19843_/Q (gf180mcu_fd_sc_mcu9t5v0__dffrnq_2)
   0.14    1.35 ^ _10522_/ZN (gf180mcu_fd_sc_mcu9t5v0__aoi211_1)
   0.24    1.59 v _10596_/ZN (gf180mcu_fd_sc_mcu9t5v0__oai31_1)
   0.00    1.59 v dout[6] (out)
           1.59   data arrival time

   0.00    0.00   clock core_clk (rise edge)
   0.00    0.00   clock network delay (propagated)
   0.05    0.05   clock uncertainty
   0.00    0.05   clock reconvergence pessimism
   0.00    0.05   output external delay
           0.05   data required time
---------------------------------------------------------
           0.05   data required time
          -1.59   data arrival time
---------------------------------------------------------
           1.54   slack (MET)


Startpoint: _19844_ (rising edge-triggered flip-flop clocked by core_clk)
Endpoint: dout[7] (output port clocked by core_clk)
Path Group: core_clk
Path Type: min

  Delay    Time   Description
---------------------------------------------------------
   0.00    0.00   clock core_clk (rise edge)
   0.00    0.00   clock source latency
   0.00    0.00 ^ clk (in)
   0.18    0.18 ^ clkbuf_regs_0_core_clk/Z (gf180mcu_fd_sc_mcu9t5v0__clkbuf_16)
   0.13    0.31 ^ clkbuf_0_clk_regs/Z (gf180mcu_fd_sc_mcu9t5v0__clkbuf_16)
   0.15    0.46 ^ clkbuf_2_1_0_clk_regs/Z (gf180mcu_fd_sc_mcu9t5v0__clkbuf_8)
   0.18    0.64 ^ clkbuf_3_2__f_clk_regs/Z (gf180mcu_fd_sc_mcu9t5v0__clkbuf_16)
   0.18    0.82 ^ clkbuf_leaf_11_clk_regs/Z (gf180mcu_fd_sc_mcu9t5v0__clkbuf_8)
   0.00    0.82 ^ _19844_/CLK (gf180mcu_fd_sc_mcu9t5v0__dffrnq_2)
   0.38    1.21 v _19844_/Q (gf180mcu_fd_sc_mcu9t5v0__dffrnq_2)
   0.16    1.37 ^ _19036_/ZN (gf180mcu_fd_sc_mcu9t5v0__aoi211_1)
   0.24    1.61 v _19037_/ZN (gf180mcu_fd_sc_mcu9t5v0__aoi21_1)
   0.00    1.61 v dout[7] (out)
           1.61   data arrival time

   0.00    0.00   clock core_clk (rise edge)
   0.00    0.00   clock network delay (propagated)
   0.05    0.05   clock uncertainty
   0.00    0.05   clock reconvergence pessimism
   0.00    0.05   output external delay
           0.05   data required time
---------------------------------------------------------
           0.05   data required time
          -1.61   data arrival time
---------------------------------------------------------
           1.56   slack (MET)


Startpoint: _20337_ (rising edge-triggered flip-flop clocked by core_clk)
Endpoint: dout[4] (output port clocked by core_clk)
Path Group: core_clk
Path Type: min

  Delay    Time   Description
---------------------------------------------------------
   0.00    0.00   clock core_clk (rise edge)
   0.00    0.00   clock source latency
   0.00    0.00 ^ clk (in)
   0.18    0.18 ^ clkbuf_regs_0_core_clk/Z (gf180mcu_fd_sc_mcu9t5v0__clkbuf_16)
   0.13    0.31 ^ clkbuf_0_clk_regs/Z (gf180mcu_fd_sc_mcu9t5v0__clkbuf_16)
   0.15    0.46 ^ clkbuf_2_2_0_clk_regs/Z (gf180mcu_fd_sc_mcu9t5v0__clkbuf_8)
   0.20    0.66 ^ clkbuf_3_4__f_clk_regs/Z (gf180mcu_fd_sc_mcu9t5v0__clkbuf_16)
   0.18    0.84 ^ clkbuf_leaf_55_clk_regs/Z (gf180mcu_fd_sc_mcu9t5v0__clkbuf_8)
   0.00    0.84 ^ _20337_/CLK (gf180mcu_fd_sc_mcu9t5v0__dffrnq_2)
   0.42    1.27 v _20337_/Q (gf180mcu_fd_sc_mcu9t5v0__dffrnq_2)
   0.14    1.41 ^ _10662_/ZN (gf180mcu_fd_sc_mcu9t5v0__aoi221_1)
   0.21    1.61 v _10670_/ZN (gf180mcu_fd_sc_mcu9t5v0__nor2_1)
   0.00    1.61 v dout[4] (out)
           1.61   data arrival time

   0.00    0.00   clock core_clk (rise edge)
   0.00    0.00   clock network delay (propagated)
   0.05    0.05   clock uncertainty
   0.00    0.05   clock reconvergence pessimism
   0.00    0.05   output external delay
           0.05   data required time
---------------------------------------------------------
           0.05   data required time
          -1.61   data arrival time
---------------------------------------------------------
           1.56   slack (MET)


Startpoint: _19837_ (rising edge-triggered flip-flop clocked by core_clk)
Endpoint: dout[0] (output port clocked by core_clk)
Path Group: core_clk
Path Type: min

  Delay    Time   Description
---------------------------------------------------------
   0.00    0.00   clock core_clk (rise edge)
   0.00    0.00   clock source latency
   0.00    0.00 ^ clk (in)
   0.18    0.18 ^ clkbuf_regs_0_core_clk/Z (gf180mcu_fd_sc_mcu9t5v0__clkbuf_16)
   0.13    0.31 ^ clkbuf_0_clk_regs/Z (gf180mcu_fd_sc_mcu9t5v0__clkbuf_16)
   0.15    0.46 ^ clkbuf_2_1_0_clk_regs/Z (gf180mcu_fd_sc_mcu9t5v0__clkbuf_8)
   0.18    0.64 ^ clkbuf_3_2__f_clk_regs/Z (gf180mcu_fd_sc_mcu9t5v0__clkbuf_16)
   0.18    0.82 ^ clkbuf_leaf_26_clk_regs/Z (gf180mcu_fd_sc_mcu9t5v0__clkbuf_8)
   0.00    0.82 ^ _19837_/CLK (gf180mcu_fd_sc_mcu9t5v0__dffrnq_2)
   0.39    1.21 v _19837_/Q (gf180mcu_fd_sc_mcu9t5v0__dffrnq_2)
   0.17    1.38 ^ _10830_/ZN (gf180mcu_fd_sc_mcu9t5v0__aoi211_1)
   0.24    1.61 v _10867_/ZN (gf180mcu_fd_sc_mcu9t5v0__oai31_1)
   0.00    1.61 v dout[0] (out)
           1.61   data arrival time

   0.00    0.00   clock core_clk (rise edge)
   0.00    0.00   clock network delay (propagated)
   0.05    0.05   clock uncertainty
   0.00    0.05   clock reconvergence pessimism
   0.00    0.05   output external delay
           0.05   data required time
---------------------------------------------------------
           0.05   data required time
          -1.61   data arrival time
---------------------------------------------------------
           1.56   slack (MET)


Startpoint: _20338_ (rising edge-triggered flip-flop clocked by core_clk)
Endpoint: dout[5] (output port clocked by core_clk)
Path Group: core_clk
Path Type: min

  Delay    Time   Description
---------------------------------------------------------
   0.00    0.00   clock core_clk (rise edge)
   0.00    0.00   clock source latency
   0.00    0.00 ^ clk (in)
   0.18    0.18 ^ clkbuf_regs_0_core_clk/Z (gf180mcu_fd_sc_mcu9t5v0__clkbuf_16)
   0.13    0.31 ^ clkbuf_0_clk_regs/Z (gf180mcu_fd_sc_mcu9t5v0__clkbuf_16)
   0.15    0.46 ^ clkbuf_2_2_0_clk_regs/Z (gf180mcu_fd_sc_mcu9t5v0__clkbuf_8)
   0.20    0.66 ^ clkbuf_3_4__f_clk_regs/Z (gf180mcu_fd_sc_mcu9t5v0__clkbuf_16)
   0.18    0.84 ^ clkbuf_leaf_55_clk_regs/Z (gf180mcu_fd_sc_mcu9t5v0__clkbuf_8)
   0.00    0.84 ^ _20338_/CLK (gf180mcu_fd_sc_mcu9t5v0__dffrnq_2)
   0.42    1.27 v _20338_/Q (gf180mcu_fd_sc_mcu9t5v0__dffrnq_2)
   0.14    1.41 ^ _10632_/ZN (gf180mcu_fd_sc_mcu9t5v0__aoi221_1)
   0.22    1.63 v _10633_/ZN (gf180mcu_fd_sc_mcu9t5v0__aoi22_1)
   0.00    1.63 v dout[5] (out)
           1.63   data arrival time

   0.00    0.00   clock core_clk (rise edge)
   0.00    0.00   clock network delay (propagated)
   0.05    0.05   clock uncertainty
   0.00    0.05   clock reconvergence pessimism
   0.00    0.05   output external delay
           0.05   data required time
---------------------------------------------------------
           0.05   data required time
          -1.63   data arrival time
---------------------------------------------------------
           1.58   slack (MET)


Startpoint: _19839_ (rising edge-triggered flip-flop clocked by core_clk)
Endpoint: dout[2] (output port clocked by core_clk)
Path Group: core_clk
Path Type: min

  Delay    Time   Description
---------------------------------------------------------
   0.00    0.00   clock core_clk (rise edge)
   0.00    0.00   clock source latency
   0.00    0.00 ^ clk (in)
   0.18    0.18 ^ clkbuf_regs_0_core_clk/Z (gf180mcu_fd_sc_mcu9t5v0__clkbuf_16)
   0.13    0.31 ^ clkbuf_0_clk_regs/Z (gf180mcu_fd_sc_mcu9t5v0__clkbuf_16)
   0.15    0.46 ^ clkbuf_2_1_0_clk_regs/Z (gf180mcu_fd_sc_mcu9t5v0__clkbuf_8)
   0.18    0.64 ^ clkbuf_3_2__f_clk_regs/Z (gf180mcu_fd_sc_mcu9t5v0__clkbuf_16)
   0.18    0.82 ^ clkbuf_leaf_26_clk_regs/Z (gf180mcu_fd_sc_mcu9t5v0__clkbuf_8)
   0.00    0.82 ^ _19839_/CLK (gf180mcu_fd_sc_mcu9t5v0__dffrnq_2)
   0.37    1.20 v _19839_/Q (gf180mcu_fd_sc_mcu9t5v0__dffrnq_2)
   0.09    1.29 ^ _10735_/ZN (gf180mcu_fd_sc_mcu9t5v0__clkinv_1)
   0.08    1.36 v _10739_/ZN (gf180mcu_fd_sc_mcu9t5v0__aoi221_1)
   0.11    1.48 ^ _10740_/ZN (gf180mcu_fd_sc_mcu9t5v0__aoi21_1)
   0.19    1.67 v _10778_/ZN (gf180mcu_fd_sc_mcu9t5v0__aoi22_1)
   0.00    1.67 v dout[2] (out)
           1.67   data arrival time

   0.00    0.00   clock core_clk (rise edge)
   0.00    0.00   clock network delay (propagated)
   0.05    0.05   clock uncertainty
   0.00    0.05   clock reconvergence pessimism
   0.00    0.05   output external delay
           0.05   data required time
---------------------------------------------------------
           0.05   data required time
          -1.67   data arrival time
---------------------------------------------------------
           1.62   slack (MET)


Startpoint: _19840_ (rising edge-triggered flip-flop clocked by core_clk)
Endpoint: dout[3] (output port clocked by core_clk)
Path Group: core_clk
Path Type: min

  Delay    Time   Description
---------------------------------------------------------
   0.00    0.00   clock core_clk (rise edge)
   0.00    0.00   clock source latency
   0.00    0.00 ^ clk (in)
   0.18    0.18 ^ clkbuf_regs_0_core_clk/Z (gf180mcu_fd_sc_mcu9t5v0__clkbuf_16)
   0.13    0.31 ^ clkbuf_0_clk_regs/Z (gf180mcu_fd_sc_mcu9t5v0__clkbuf_16)
   0.15    0.46 ^ clkbuf_2_1_0_clk_regs/Z (gf180mcu_fd_sc_mcu9t5v0__clkbuf_8)
   0.18    0.64 ^ clkbuf_3_2__f_clk_regs/Z (gf180mcu_fd_sc_mcu9t5v0__clkbuf_16)
   0.18    0.82 ^ clkbuf_leaf_26_clk_regs/Z (gf180mcu_fd_sc_mcu9t5v0__clkbuf_8)
   0.00    0.82 ^ _19840_/CLK (gf180mcu_fd_sc_mcu9t5v0__dffrnq_2)
   0.37    1.20 v _19840_/Q (gf180mcu_fd_sc_mcu9t5v0__dffrnq_2)
   0.09    1.29 ^ _10678_/ZN (gf180mcu_fd_sc_mcu9t5v0__clkinv_1)
   0.08    1.36 v _10682_/ZN (gf180mcu_fd_sc_mcu9t5v0__aoi221_1)
   0.11    1.48 ^ _10683_/ZN (gf180mcu_fd_sc_mcu9t5v0__aoi21_1)
   0.19    1.67 v _10730_/ZN (gf180mcu_fd_sc_mcu9t5v0__aoi22_1)
   0.00    1.67 v dout[3] (out)
           1.67   data arrival time

   0.00    0.00   clock core_clk (rise edge)
   0.00    0.00   clock network delay (propagated)
   0.05    0.05   clock uncertainty
   0.00    0.05   clock reconvergence pessimism
   0.00    0.05   output external delay
           0.05   data required time
---------------------------------------------------------
           0.05   data required time
          -1.67   data arrival time
---------------------------------------------------------
           1.62   slack (MET)


Startpoint: _20975_ (rising edge-triggered flip-flop clocked by core_clk)
Endpoint: dout_valid_o (output port clocked by core_clk)
Path Group: core_clk
Path Type: min

  Delay    Time   Description
---------------------------------------------------------
   0.00    0.00   clock core_clk (rise edge)
   0.00    0.00   clock source latency
   0.00    0.00 ^ clk (in)
   0.18    0.18 ^ clkbuf_regs_0_core_clk/Z (gf180mcu_fd_sc_mcu9t5v0__clkbuf_16)
   0.13    0.31 ^ clkbuf_0_clk_regs/Z (gf180mcu_fd_sc_mcu9t5v0__clkbuf_16)
   0.15    0.46 ^ clkbuf_2_1_0_clk_regs/Z (gf180mcu_fd_sc_mcu9t5v0__clkbuf_8)
   0.18    0.64 ^ clkbuf_3_2__f_clk_regs/Z (gf180mcu_fd_sc_mcu9t5v0__clkbuf_16)
   0.18    0.82 ^ clkbuf_leaf_11_clk_regs/Z (gf180mcu_fd_sc_mcu9t5v0__clkbuf_8)
   0.00    0.82 ^ _20975_/CLK (gf180mcu_fd_sc_mcu9t5v0__dffrnq_2)
   0.45    1.27 v _20975_/Q (gf180mcu_fd_sc_mcu9t5v0__dffrnq_2)
   0.11    1.39 ^ _19038_/ZN (gf180mcu_fd_sc_mcu9t5v0__nor2_1)
   0.31    1.70 v _19039_/ZN (gf180mcu_fd_sc_mcu9t5v0__nand4_1)
   0.00    1.70 v dout_valid_o (out)
           1.70   data arrival time

   0.00    0.00   clock core_clk (rise edge)
   0.00    0.00   clock network delay (propagated)
   0.05    0.05   clock uncertainty
   0.00    0.05   clock reconvergence pessimism
   0.00    0.05   output external delay
           0.05   data required time
---------------------------------------------------------
           0.05   data required time
          -1.70   data arrival time
---------------------------------------------------------
           1.65   slack (MET)


Startpoint: _19838_ (rising edge-triggered flip-flop clocked by core_clk)
Endpoint: dout[1] (output port clocked by core_clk)
Path Group: core_clk
Path Type: min

  Delay    Time   Description
---------------------------------------------------------
   0.00    0.00   clock core_clk (rise edge)
   0.00    0.00   clock source latency
   0.00    0.00 ^ clk (in)
   0.18    0.18 ^ clkbuf_regs_0_core_clk/Z (gf180mcu_fd_sc_mcu9t5v0__clkbuf_16)
   0.13    0.31 ^ clkbuf_0_clk_regs/Z (gf180mcu_fd_sc_mcu9t5v0__clkbuf_16)
   0.15    0.46 ^ clkbuf_2_1_0_clk_regs/Z (gf180mcu_fd_sc_mcu9t5v0__clkbuf_8)
   0.18    0.64 ^ clkbuf_3_2__f_clk_regs/Z (gf180mcu_fd_sc_mcu9t5v0__clkbuf_16)
   0.18    0.82 ^ clkbuf_leaf_26_clk_regs/Z (gf180mcu_fd_sc_mcu9t5v0__clkbuf_8)
   0.00    0.82 ^ _19838_/CLK (gf180mcu_fd_sc_mcu9t5v0__dffrnq_2)
   0.37    1.20 v _19838_/Q (gf180mcu_fd_sc_mcu9t5v0__dffrnq_2)
   0.09    1.29 ^ _10781_/ZN (gf180mcu_fd_sc_mcu9t5v0__clkinv_1)
   0.08    1.36 v _10785_/ZN (gf180mcu_fd_sc_mcu9t5v0__aoi221_1)
   0.16    1.53 ^ _10786_/ZN (gf180mcu_fd_sc_mcu9t5v0__aoi211_1)
   0.22    1.74 v _10826_/ZN (gf180mcu_fd_sc_mcu9t5v0__nor2_1)
   0.00    1.74 v dout[1] (out)
           1.74   data arrival time

   0.00    0.00   clock core_clk (rise edge)
   0.00    0.00   clock network delay (propagated)
   0.05    0.05   clock uncertainty
   0.00    0.05   clock reconvergence pessimism
   0.00    0.05   output external delay
           0.05   data required time
---------------------------------------------------------
           0.05   data required time
          -1.74   data arrival time
---------------------------------------------------------
           1.69   slack (MET)


Startpoint: _20976_ (rising edge-triggered flip-flop clocked by core_clk)
Endpoint: din_ready_o (output port clocked by core_clk)
Path Group: core_clk
Path Type: min

  Delay    Time   Description
---------------------------------------------------------
   0.00    0.00   clock core_clk (rise edge)
   0.00    0.00   clock source latency
   0.00    0.00 ^ clk (in)
   0.18    0.18 ^ clkbuf_regs_0_core_clk/Z (gf180mcu_fd_sc_mcu9t5v0__clkbuf_16)
   0.13    0.31 ^ clkbuf_0_clk_regs/Z (gf180mcu_fd_sc_mcu9t5v0__clkbuf_16)
   0.15    0.46 ^ clkbuf_2_1_0_clk_regs/Z (gf180mcu_fd_sc_mcu9t5v0__clkbuf_8)
   0.18    0.64 ^ clkbuf_3_2__f_clk_regs/Z (gf180mcu_fd_sc_mcu9t5v0__clkbuf_16)
   0.18    0.83 ^ clkbuf_leaf_13_clk_regs/Z (gf180mcu_fd_sc_mcu9t5v0__clkbuf_8)
   0.00    0.83 ^ _20976_/CLK (gf180mcu_fd_sc_mcu9t5v0__dffrnq_2)
   0.40    1.23 v _20976_/Q (gf180mcu_fd_sc_mcu9t5v0__dffrnq_2)
   0.10    1.33 ^ _10497_/ZN (gf180mcu_fd_sc_mcu9t5v0__nor2_1)
   0.18    1.51 v _10499_/ZN (gf180mcu_fd_sc_mcu9t5v0__oai211_1)
   0.18    1.69 v place459/Z (gf180mcu_fd_sc_mcu9t5v0__buf_8)
   0.12    1.81 v place458/Z (gf180mcu_fd_sc_mcu9t5v0__buf_8)
   0.00    1.81 v din_ready_o (out)
           1.81   data arrival time

   0.00    0.00   clock core_clk (rise edge)
   0.00    0.00   clock network delay (propagated)
   0.05    0.05   clock uncertainty
   0.00    0.05   clock reconvergence pessimism
   0.00    0.05   output external delay
           0.05   data required time
---------------------------------------------------------
           0.05   data required time
          -1.81   data arrival time
---------------------------------------------------------
           1.76   slack (MET)


