Startpoint: _20048_ (rising edge-triggered flip-flop clocked by core_clk)
Endpoint: din_ready_o (output port clocked by core_clk)
Path Group: core_clk
Path Type: max

  Delay    Time   Description
---------------------------------------------------------
   0.00    0.00   clock core_clk (rise edge)
   0.00    0.00   clock source latency
   0.00    0.00 ^ clk (in)
   0.18    0.18 ^ clkbuf_regs_0_core_clk/Z (gf180mcu_fd_sc_mcu9t5v0__clkbuf_16)
   0.13    0.31 ^ clkbuf_0_clk_regs/Z (gf180mcu_fd_sc_mcu9t5v0__clkbuf_16)
   0.15    0.46 ^ clkbuf_2_1_0_clk_regs/Z (gf180mcu_fd_sc_mcu9t5v0__clkbuf_8)
   0.18    0.64 ^ clkbuf_3_3__f_clk_regs/Z (gf180mcu_fd_sc_mcu9t5v0__clkbuf_16)
   0.18    0.83 ^ clkbuf_leaf_18_clk_regs/Z (gf180mcu_fd_sc_mcu9t5v0__clkbuf_8)
   0.00    0.83 ^ _20048_/CLK (gf180mcu_fd_sc_mcu9t5v0__dffrnq_2)
   0.43    1.25 v _20048_/Q (gf180mcu_fd_sc_mcu9t5v0__dffrnq_2)
   0.24    1.49 v _09607_/ZN (gf180mcu_fd_sc_mcu9t5v0__xnor2_1)
   0.21    1.70 v _09608_/Z (gf180mcu_fd_sc_mcu9t5v0__and2_2)
   0.14    1.84 ^ _09615_/ZN (gf180mcu_fd_sc_mcu9t5v0__oai31_4)
   0.28    2.12 v _09616_/Z (gf180mcu_fd_sc_mcu9t5v0__mux2_2)
   0.24    2.36 ^ _09617_/ZN (gf180mcu_fd_sc_mcu9t5v0__oai31_4)
   0.09    2.46 v _09638_/ZN (gf180mcu_fd_sc_mcu9t5v0__aoi211_4)
   0.19    2.65 ^ _09677_/ZN (gf180mcu_fd_sc_mcu9t5v0__nand3_2)
   0.09    2.74 v _09679_/ZN (gf180mcu_fd_sc_mcu9t5v0__aoi21_2)
   0.18    2.92 v place488/Z (gf180mcu_fd_sc_mcu9t5v0__clkbuf_8)
   0.20    3.12 ^ _09685_/ZN (gf180mcu_fd_sc_mcu9t5v0__oai31_4)
   0.08    3.19 v _09688_/ZN (gf180mcu_fd_sc_mcu9t5v0__aoi21_2)
   0.25    3.44 v _09689_/Z (gf180mcu_fd_sc_mcu9t5v0__or2_2)
   0.21    3.65 ^ _09690_/ZN (gf180mcu_fd_sc_mcu9t5v0__oai31_4)
   0.15    3.80 v _09720_/ZN (gf180mcu_fd_sc_mcu9t5v0__aoi211_4)
   0.19    4.00 v place469/Z (gf180mcu_fd_sc_mcu9t5v0__buf_8)
   0.27    4.26 ^ _10499_/ZN (gf180mcu_fd_sc_mcu9t5v0__oai211_1)
   0.14    4.41 ^ place459/Z (gf180mcu_fd_sc_mcu9t5v0__buf_8)
   0.11    4.52 ^ place458/Z (gf180mcu_fd_sc_mcu9t5v0__buf_8)
   0.00    4.52 ^ din_ready_o (out)
           4.52   data arrival time

  16.28   16.28   clock core_clk (rise edge)
   0.00   16.28   clock network delay (propagated)
  -0.10   16.18   clock uncertainty
   0.00   16.18   clock reconvergence pessimism
   0.00   16.18   output external delay
          16.18   data required time
---------------------------------------------------------
          16.18   data required time
          -4.52   data arrival time
---------------------------------------------------------
          11.66   slack (MET)


Startpoint: _20049_ (rising edge-triggered flip-flop clocked by core_clk)
Endpoint: dout[4] (output port clocked by core_clk)
Path Group: core_clk
Path Type: max

  Delay    Time   Description
---------------------------------------------------------
   0.00    0.00   clock core_clk (rise edge)
   0.00    0.00   clock source latency
   0.00    0.00 ^ clk (in)
   0.18    0.18 ^ clkbuf_regs_0_core_clk/Z (gf180mcu_fd_sc_mcu9t5v0__clkbuf_16)
   0.13    0.31 ^ clkbuf_0_clk_regs/Z (gf180mcu_fd_sc_mcu9t5v0__clkbuf_16)
   0.15    0.46 ^ clkbuf_2_1_0_clk_regs/Z (gf180mcu_fd_sc_mcu9t5v0__clkbuf_8)
   0.18    0.64 ^ clkbuf_3_3__f_clk_regs/Z (gf180mcu_fd_sc_mcu9t5v0__clkbuf_16)
   0.18    0.83 ^ clkbuf_leaf_18_clk_regs/Z (gf180mcu_fd_sc_mcu9t5v0__clkbuf_8)
   0.00    0.83 ^ _20049_/CLK (gf180mcu_fd_sc_mcu9t5v0__dffrnq_2)
   0.51    1.34 ^ _20049_/Q (gf180mcu_fd_sc_mcu9t5v0__dffrnq_2)
   0.12    1.46 ^ rebuffer665/Z (gf180mcu_fd_sc_mcu9t5v0__buf_8)
   0.09    1.55 v _10530_/ZN (gf180mcu_fd_sc_mcu9t5v0__nor2_1)
   0.10    1.65 ^ _10531_/ZN (gf180mcu_fd_sc_mcu9t5v0__nand2_1)
   0.11    1.75 v _10533_/ZN (gf180mcu_fd_sc_mcu9t5v0__nand3_1)
   0.21    1.96 ^ _10547_/ZN (gf180mcu_fd_sc_mcu9t5v0__nand2_1)
   0.37    2.33 ^ place523/Z (gf180mcu_fd_sc_mcu9t5v0__buf_8)
   0.47    2.80 v _10651_/Z (gf180mcu_fd_sc_mcu9t5v0__mux2_1)
   0.21    3.01 ^ _10652_/ZN (gf180mcu_fd_sc_mcu9t5v0__aoi22_1)
   0.07    3.08 v _10656_/ZN (gf180mcu_fd_sc_mcu9t5v0__nand2_1)
   0.21    3.29 ^ _10657_/ZN (gf180mcu_fd_sc_mcu9t5v0__aoi211_1)
   0.09    3.38 v _10658_/ZN (gf180mcu_fd_sc_mcu9t5v0__nand3_1)
   0.27    3.65 ^ _10662_/ZN (gf180mcu_fd_sc_mcu9t5v0__aoi221_1)
   0.23    3.88 v _10670_/ZN (gf180mcu_fd_sc_mcu9t5v0__nor2_1)
   0.00    3.88 v dout[4] (out)
           3.88   data arrival time

  16.28   16.28   clock core_clk (rise edge)
   0.00   16.28   clock network delay (propagated)
  -0.10   16.18   clock uncertainty
   0.00   16.18   clock reconvergence pessimism
   0.00   16.18   output external delay
          16.18   data required time
---------------------------------------------------------
          16.18   data required time
          -3.88   data arrival time
---------------------------------------------------------
          12.29   slack (MET)


Startpoint: _20049_ (rising edge-triggered flip-flop clocked by core_clk)
Endpoint: dout[6] (output port clocked by core_clk)
Path Group: core_clk
Path Type: max

  Delay    Time   Description
---------------------------------------------------------
   0.00    0.00   clock core_clk (rise edge)
   0.00    0.00   clock source latency
   0.00    0.00 ^ clk (in)
   0.18    0.18 ^ clkbuf_regs_0_core_clk/Z (gf180mcu_fd_sc_mcu9t5v0__clkbuf_16)
   0.13    0.31 ^ clkbuf_0_clk_regs/Z (gf180mcu_fd_sc_mcu9t5v0__clkbuf_16)
   0.15    0.46 ^ clkbuf_2_1_0_clk_regs/Z (gf180mcu_fd_sc_mcu9t5v0__clkbuf_8)
   0.18    0.64 ^ clkbuf_3_3__f_clk_regs/Z (gf180mcu_fd_sc_mcu9t5v0__clkbuf_16)
   0.18    0.83 ^ clkbuf_leaf_18_clk_regs/Z (gf180mcu_fd_sc_mcu9t5v0__clkbuf_8)
   0.00    0.83 ^ _20049_/CLK (gf180mcu_fd_sc_mcu9t5v0__dffrnq_2)
   0.51    1.34 ^ _20049_/Q (gf180mcu_fd_sc_mcu9t5v0__dffrnq_2)
   0.24    1.57 ^ _09607_/ZN (gf180mcu_fd_sc_mcu9t5v0__xnor2_1)
   0.07    1.64 v _10529_/ZN (gf180mcu_fd_sc_mcu9t5v0__nand2_1)
   0.12    1.76 ^ _10533_/ZN (gf180mcu_fd_sc_mcu9t5v0__nand3_1)
   0.62    2.38 ^ _10534_/Z (gf180mcu_fd_sc_mcu9t5v0__and2_1)
   0.47    2.85 v _10540_/Z (gf180mcu_fd_sc_mcu9t5v0__mux2_1)
   0.34    3.19 ^ _10543_/ZN (gf180mcu_fd_sc_mcu9t5v0__aoi222_1)
   0.11    3.29 v _10567_/ZN (gf180mcu_fd_sc_mcu9t5v0__nand3_1)
   0.12    3.42 ^ _10568_/ZN (gf180mcu_fd_sc_mcu9t5v0__nand2_1)
   0.07    3.48 v _10594_/ZN (gf180mcu_fd_sc_mcu9t5v0__nand2_1)
   0.11    3.59 ^ _10595_/ZN (gf180mcu_fd_sc_mcu9t5v0__nand2_1)
   0.24    3.82 v _10596_/ZN (gf180mcu_fd_sc_mcu9t5v0__oai31_1)
   0.00    3.82 v dout[6] (out)
           3.82   data arrival time

  16.28   16.28   clock core_clk (rise edge)
   0.00   16.28   clock network delay (propagated)
  -0.10   16.18   clock uncertainty
   0.00   16.18   clock reconvergence pessimism
   0.00   16.18   output external delay
          16.18   data required time
---------------------------------------------------------
          16.18   data required time
          -3.82   data arrival time
---------------------------------------------------------
          12.35   slack (MET)


Startpoint: _20049_ (rising edge-triggered flip-flop clocked by core_clk)
Endpoint: dout[0] (output port clocked by core_clk)
Path Group: core_clk
Path Type: max

  Delay    Time   Description
---------------------------------------------------------
   0.00    0.00   clock core_clk (rise edge)
   0.00    0.00   clock source latency
   0.00    0.00 ^ clk (in)
   0.18    0.18 ^ clkbuf_regs_0_core_clk/Z (gf180mcu_fd_sc_mcu9t5v0__clkbuf_16)
   0.13    0.31 ^ clkbuf_0_clk_regs/Z (gf180mcu_fd_sc_mcu9t5v0__clkbuf_16)
   0.15    0.46 ^ clkbuf_2_1_0_clk_regs/Z (gf180mcu_fd_sc_mcu9t5v0__clkbuf_8)
   0.18    0.64 ^ clkbuf_3_3__f_clk_regs/Z (gf180mcu_fd_sc_mcu9t5v0__clkbuf_16)
   0.18    0.83 ^ clkbuf_leaf_18_clk_regs/Z (gf180mcu_fd_sc_mcu9t5v0__clkbuf_8)
   0.00    0.83 ^ _20049_/CLK (gf180mcu_fd_sc_mcu9t5v0__dffrnq_2)
   0.51    1.34 ^ _20049_/Q (gf180mcu_fd_sc_mcu9t5v0__dffrnq_2)
   0.12    1.46 ^ rebuffer665/Z (gf180mcu_fd_sc_mcu9t5v0__buf_8)
   0.09    1.55 v _10530_/ZN (gf180mcu_fd_sc_mcu9t5v0__nor2_1)
   0.10    1.65 ^ _10531_/ZN (gf180mcu_fd_sc_mcu9t5v0__nand2_1)
   0.11    1.75 v _10533_/ZN (gf180mcu_fd_sc_mcu9t5v0__nand3_1)
   0.21    1.96 ^ _10547_/ZN (gf180mcu_fd_sc_mcu9t5v0__nand2_1)
   0.37    2.33 ^ place523/Z (gf180mcu_fd_sc_mcu9t5v0__buf_8)
   0.46    2.79 v _10852_/Z (gf180mcu_fd_sc_mcu9t5v0__mux2_1)
   0.29    3.08 v _10853_/Z (gf180mcu_fd_sc_mcu9t5v0__mux2_1)
   0.16    3.25 ^ _10854_/ZN (gf180mcu_fd_sc_mcu9t5v0__aoi22_1)
   0.13    3.37 v _10855_/ZN (gf180mcu_fd_sc_mcu9t5v0__oai211_1)
   0.20    3.57 ^ _10866_/ZN (gf180mcu_fd_sc_mcu9t5v0__oai31_1)
   0.25    3.82 v _10867_/ZN (gf180mcu_fd_sc_mcu9t5v0__oai31_1)
   0.00    3.82 v dout[0] (out)
           3.82   data arrival time

  16.28   16.28   clock core_clk (rise edge)
   0.00   16.28   clock network delay (propagated)
  -0.10   16.18   clock uncertainty
   0.00   16.18   clock reconvergence pessimism
   0.00   16.18   output external delay
          16.18   data required time
---------------------------------------------------------
          16.18   data required time
          -3.82   data arrival time
---------------------------------------------------------
          12.36   slack (MET)


Startpoint: _20049_ (rising edge-triggered flip-flop clocked by core_clk)
Endpoint: dout[1] (output port clocked by core_clk)
Path Group: core_clk
Path Type: max

  Delay    Time   Description
---------------------------------------------------------
   0.00    0.00   clock core_clk (rise edge)
   0.00    0.00   clock source latency
   0.00    0.00 ^ clk (in)
   0.18    0.18 ^ clkbuf_regs_0_core_clk/Z (gf180mcu_fd_sc_mcu9t5v0__clkbuf_16)
   0.13    0.31 ^ clkbuf_0_clk_regs/Z (gf180mcu_fd_sc_mcu9t5v0__clkbuf_16)
   0.15    0.46 ^ clkbuf_2_1_0_clk_regs/Z (gf180mcu_fd_sc_mcu9t5v0__clkbuf_8)
   0.18    0.64 ^ clkbuf_3_3__f_clk_regs/Z (gf180mcu_fd_sc_mcu9t5v0__clkbuf_16)
   0.18    0.83 ^ clkbuf_leaf_18_clk_regs/Z (gf180mcu_fd_sc_mcu9t5v0__clkbuf_8)
   0.00    0.83 ^ _20049_/CLK (gf180mcu_fd_sc_mcu9t5v0__dffrnq_2)
   0.51    1.34 ^ _20049_/Q (gf180mcu_fd_sc_mcu9t5v0__dffrnq_2)
   0.12    1.46 ^ rebuffer665/Z (gf180mcu_fd_sc_mcu9t5v0__buf_8)
   0.09    1.55 v _10530_/ZN (gf180mcu_fd_sc_mcu9t5v0__nor2_1)
   0.10    1.65 ^ _10531_/ZN (gf180mcu_fd_sc_mcu9t5v0__nand2_1)
   0.11    1.75 v _10533_/ZN (gf180mcu_fd_sc_mcu9t5v0__nand3_1)
   0.21    1.96 ^ _10547_/ZN (gf180mcu_fd_sc_mcu9t5v0__nand2_1)
   0.37    2.33 ^ place523/Z (gf180mcu_fd_sc_mcu9t5v0__buf_8)
   0.43    2.75 v _10796_/Z (gf180mcu_fd_sc_mcu9t5v0__mux2_1)
   0.28    3.04 v _10797_/Z (gf180mcu_fd_sc_mcu9t5v0__mux2_1)
   0.16    3.20 ^ _10798_/ZN (gf180mcu_fd_sc_mcu9t5v0__aoi22_1)
   0.15    3.35 v _10799_/ZN (gf180mcu_fd_sc_mcu9t5v0__oai221_1)
   0.16    3.51 ^ _10825_/ZN (gf180mcu_fd_sc_mcu9t5v0__nor3_1)
   0.22    3.73 v _10826_/ZN (gf180mcu_fd_sc_mcu9t5v0__nor2_1)
   0.00    3.73 v dout[1] (out)
           3.73   data arrival time

  16.28   16.28   clock core_clk (rise edge)
   0.00   16.28   clock network delay (propagated)
  -0.10   16.18   clock uncertainty
   0.00   16.18   clock reconvergence pessimism
   0.00   16.18   output external delay
          16.18   data required time
---------------------------------------------------------
          16.18   data required time
          -3.73   data arrival time
---------------------------------------------------------
          12.45   slack (MET)


Startpoint: _20049_ (rising edge-triggered flip-flop clocked by core_clk)
Endpoint: dout[3] (output port clocked by core_clk)
Path Group: core_clk
Path Type: max

  Delay    Time   Description
---------------------------------------------------------
   0.00    0.00   clock core_clk (rise edge)
   0.00    0.00   clock source latency
   0.00    0.00 ^ clk (in)
   0.18    0.18 ^ clkbuf_regs_0_core_clk/Z (gf180mcu_fd_sc_mcu9t5v0__clkbuf_16)
   0.13    0.31 ^ clkbuf_0_clk_regs/Z (gf180mcu_fd_sc_mcu9t5v0__clkbuf_16)
   0.15    0.46 ^ clkbuf_2_1_0_clk_regs/Z (gf180mcu_fd_sc_mcu9t5v0__clkbuf_8)
   0.18    0.64 ^ clkbuf_3_3__f_clk_regs/Z (gf180mcu_fd_sc_mcu9t5v0__clkbuf_16)
   0.18    0.83 ^ clkbuf_leaf_18_clk_regs/Z (gf180mcu_fd_sc_mcu9t5v0__clkbuf_8)
   0.00    0.83 ^ _20049_/CLK (gf180mcu_fd_sc_mcu9t5v0__dffrnq_2)
   0.51    1.34 ^ _20049_/Q (gf180mcu_fd_sc_mcu9t5v0__dffrnq_2)
   0.24    1.57 ^ _09607_/ZN (gf180mcu_fd_sc_mcu9t5v0__xnor2_1)
   0.07    1.64 v _10529_/ZN (gf180mcu_fd_sc_mcu9t5v0__nand2_1)
   0.12    1.76 ^ _10533_/ZN (gf180mcu_fd_sc_mcu9t5v0__nand3_1)
   0.15    1.91 v _10547_/ZN (gf180mcu_fd_sc_mcu9t5v0__nand2_1)
   0.33    2.24 v place523/Z (gf180mcu_fd_sc_mcu9t5v0__buf_8)
   0.53    2.77 ^ _10726_/Z (gf180mcu_fd_sc_mcu9t5v0__mux2_1)
   0.14    2.91 v _10727_/ZN (gf180mcu_fd_sc_mcu9t5v0__aoi22_1)
   0.22    3.13 ^ _10728_/ZN (gf180mcu_fd_sc_mcu9t5v0__oai22_1)
   0.16    3.28 v _10729_/ZN (gf180mcu_fd_sc_mcu9t5v0__aoi221_1)
   0.44    3.72 ^ _10730_/ZN (gf180mcu_fd_sc_mcu9t5v0__aoi22_1)
   0.00    3.72 ^ dout[3] (out)
           3.72   data arrival time

  16.28   16.28   clock core_clk (rise edge)
   0.00   16.28   clock network delay (propagated)
  -0.10   16.18   clock uncertainty
   0.00   16.18   clock reconvergence pessimism
   0.00   16.18   output external delay
          16.18   data required time
---------------------------------------------------------
          16.18   data required time
          -3.72   data arrival time
---------------------------------------------------------
          12.45   slack (MET)


Startpoint: _20049_ (rising edge-triggered flip-flop clocked by core_clk)
Endpoint: dout[2] (output port clocked by core_clk)
Path Group: core_clk
Path Type: max

  Delay    Time   Description
---------------------------------------------------------
   0.00    0.00   clock core_clk (rise edge)
   0.00    0.00   clock source latency
   0.00    0.00 ^ clk (in)
   0.18    0.18 ^ clkbuf_regs_0_core_clk/Z (gf180mcu_fd_sc_mcu9t5v0__clkbuf_16)
   0.13    0.31 ^ clkbuf_0_clk_regs/Z (gf180mcu_fd_sc_mcu9t5v0__clkbuf_16)
   0.15    0.46 ^ clkbuf_2_1_0_clk_regs/Z (gf180mcu_fd_sc_mcu9t5v0__clkbuf_8)
   0.18    0.64 ^ clkbuf_3_3__f_clk_regs/Z (gf180mcu_fd_sc_mcu9t5v0__clkbuf_16)
   0.18    0.83 ^ clkbuf_leaf_18_clk_regs/Z (gf180mcu_fd_sc_mcu9t5v0__clkbuf_8)
   0.00    0.83 ^ _20049_/CLK (gf180mcu_fd_sc_mcu9t5v0__dffrnq_2)
   0.51    1.34 ^ _20049_/Q (gf180mcu_fd_sc_mcu9t5v0__dffrnq_2)
   0.24    1.57 ^ _09607_/ZN (gf180mcu_fd_sc_mcu9t5v0__xnor2_1)
   0.07    1.64 v _10529_/ZN (gf180mcu_fd_sc_mcu9t5v0__nand2_1)
   0.12    1.76 ^ _10533_/ZN (gf180mcu_fd_sc_mcu9t5v0__nand3_1)
   0.15    1.91 v _10547_/ZN (gf180mcu_fd_sc_mcu9t5v0__nand2_1)
   0.33    2.24 v place523/Z (gf180mcu_fd_sc_mcu9t5v0__buf_8)
   0.57    2.81 ^ _10746_/Z (gf180mcu_fd_sc_mcu9t5v0__mux2_1)
   0.14    2.95 v _10747_/ZN (gf180mcu_fd_sc_mcu9t5v0__aoi22_1)
   0.16    3.11 ^ _10752_/ZN (gf180mcu_fd_sc_mcu9t5v0__nand3_1)
   0.07    3.17 v _10753_/ZN (gf180mcu_fd_sc_mcu9t5v0__nand2_1)
   0.41    3.58 ^ _10778_/ZN (gf180mcu_fd_sc_mcu9t5v0__aoi22_1)
   0.00    3.58 ^ dout[2] (out)
           3.58   data arrival time

  16.28   16.28   clock core_clk (rise edge)
   0.00   16.28   clock network delay (propagated)
  -0.10   16.18   clock uncertainty
   0.00   16.18   clock reconvergence pessimism
   0.00   16.18   output external delay
          16.18   data required time
---------------------------------------------------------
          16.18   data required time
          -3.58   data arrival time
---------------------------------------------------------
          12.59   slack (MET)


Startpoint: _20049_ (rising edge-triggered flip-flop clocked by core_clk)
Endpoint: dout[5] (output port clocked by core_clk)
Path Group: core_clk
Path Type: max

  Delay    Time   Description
---------------------------------------------------------
   0.00    0.00   clock core_clk (rise edge)
   0.00    0.00   clock source latency
   0.00    0.00 ^ clk (in)
   0.18    0.18 ^ clkbuf_regs_0_core_clk/Z (gf180mcu_fd_sc_mcu9t5v0__clkbuf_16)
   0.13    0.31 ^ clkbuf_0_clk_regs/Z (gf180mcu_fd_sc_mcu9t5v0__clkbuf_16)
   0.15    0.46 ^ clkbuf_2_1_0_clk_regs/Z (gf180mcu_fd_sc_mcu9t5v0__clkbuf_8)
   0.18    0.64 ^ clkbuf_3_3__f_clk_regs/Z (gf180mcu_fd_sc_mcu9t5v0__clkbuf_16)
   0.18    0.83 ^ clkbuf_leaf_18_clk_regs/Z (gf180mcu_fd_sc_mcu9t5v0__clkbuf_8)
   0.00    0.83 ^ _20049_/CLK (gf180mcu_fd_sc_mcu9t5v0__dffrnq_2)
   0.51    1.34 ^ _20049_/Q (gf180mcu_fd_sc_mcu9t5v0__dffrnq_2)
   0.12    1.46 ^ rebuffer665/Z (gf180mcu_fd_sc_mcu9t5v0__buf_8)
   0.09    1.55 v _10530_/ZN (gf180mcu_fd_sc_mcu9t5v0__nor2_1)
   0.10    1.65 ^ _10531_/ZN (gf180mcu_fd_sc_mcu9t5v0__nand2_1)
   0.11    1.75 v _10533_/ZN (gf180mcu_fd_sc_mcu9t5v0__nand3_1)
   0.48    2.23 v _10534_/Z (gf180mcu_fd_sc_mcu9t5v0__and2_1)
   0.55    2.79 ^ _10609_/Z (gf180mcu_fd_sc_mcu9t5v0__mux2_1)
   0.13    2.92 v _10610_/ZN (gf180mcu_fd_sc_mcu9t5v0__aoi22_1)
   0.14    3.06 ^ _10622_/ZN (gf180mcu_fd_sc_mcu9t5v0__nand4_1)
   0.07    3.13 v _10623_/ZN (gf180mcu_fd_sc_mcu9t5v0__nand2_1)
   0.41    3.54 ^ _10633_/ZN (gf180mcu_fd_sc_mcu9t5v0__aoi22_1)
   0.00    3.54 ^ dout[5] (out)
           3.54   data arrival time

  16.28   16.28   clock core_clk (rise edge)
   0.00   16.28   clock network delay (propagated)
  -0.10   16.18   clock uncertainty
   0.00   16.18   clock reconvergence pessimism
   0.00   16.18   output external delay
          16.18   data required time
---------------------------------------------------------
          16.18   data required time
          -3.54   data arrival time
---------------------------------------------------------
          12.64   slack (MET)


Startpoint: _20049_ (rising edge-triggered flip-flop clocked by core_clk)
Endpoint: dout[7] (output port clocked by core_clk)
Path Group: core_clk
Path Type: max

  Delay    Time   Description
---------------------------------------------------------
   0.00    0.00   clock core_clk (rise edge)
   0.00    0.00   clock source latency
   0.00    0.00 ^ clk (in)
   0.18    0.18 ^ clkbuf_regs_0_core_clk/Z (gf180mcu_fd_sc_mcu9t5v0__clkbuf_16)
   0.13    0.31 ^ clkbuf_0_clk_regs/Z (gf180mcu_fd_sc_mcu9t5v0__clkbuf_16)
   0.15    0.46 ^ clkbuf_2_1_0_clk_regs/Z (gf180mcu_fd_sc_mcu9t5v0__clkbuf_8)
   0.18    0.64 ^ clkbuf_3_3__f_clk_regs/Z (gf180mcu_fd_sc_mcu9t5v0__clkbuf_16)
   0.18    0.83 ^ clkbuf_leaf_18_clk_regs/Z (gf180mcu_fd_sc_mcu9t5v0__clkbuf_8)
   0.00    0.83 ^ _20049_/CLK (gf180mcu_fd_sc_mcu9t5v0__dffrnq_2)
   0.51    1.34 ^ _20049_/Q (gf180mcu_fd_sc_mcu9t5v0__dffrnq_2)
   0.12    1.46 ^ rebuffer665/Z (gf180mcu_fd_sc_mcu9t5v0__buf_8)
   0.09    1.55 v _10530_/ZN (gf180mcu_fd_sc_mcu9t5v0__nor2_1)
   0.10    1.65 ^ _10531_/ZN (gf180mcu_fd_sc_mcu9t5v0__nand2_1)
   0.11    1.75 v _10533_/ZN (gf180mcu_fd_sc_mcu9t5v0__nand3_1)
   0.21    1.96 ^ _10547_/ZN (gf180mcu_fd_sc_mcu9t5v0__nand2_1)
   0.37    2.33 ^ place523/Z (gf180mcu_fd_sc_mcu9t5v0__buf_8)
   0.47    2.80 v _10928_/Z (gf180mcu_fd_sc_mcu9t5v0__mux2_1)
   0.33    3.13 ^ _19015_/ZN (gf180mcu_fd_sc_mcu9t5v0__aoi222_1)
   0.06    3.20 v _19016_/ZN (gf180mcu_fd_sc_mcu9t5v0__nand2_1)
   0.12    3.31 ^ _19017_/ZN (gf180mcu_fd_sc_mcu9t5v0__nand2_1)
   0.20    3.51 v _19037_/ZN (gf180mcu_fd_sc_mcu9t5v0__aoi21_1)
   0.00    3.51 v dout[7] (out)
           3.51   data arrival time

  16.28   16.28   clock core_clk (rise edge)
   0.00   16.28   clock network delay (propagated)
  -0.10   16.18   clock uncertainty
   0.00   16.18   clock reconvergence pessimism
   0.00   16.18   output external delay
          16.18   data required time
---------------------------------------------------------
          16.18   data required time
          -3.51   data arrival time
---------------------------------------------------------
          12.67   slack (MET)


Startpoint: _21021_ (rising edge-triggered flip-flop clocked by core_clk)
Endpoint: dout_valid_o (output port clocked by core_clk)
Path Group: core_clk
Path Type: max

  Delay    Time   Description
---------------------------------------------------------
   0.00    0.00   clock core_clk (rise edge)
   0.00    0.00   clock source latency
   0.00    0.00 ^ clk (in)
   0.18    0.18 ^ clkbuf_regs_0_core_clk/Z (gf180mcu_fd_sc_mcu9t5v0__clkbuf_16)
   0.13    0.31 ^ clkbuf_0_clk_regs/Z (gf180mcu_fd_sc_mcu9t5v0__clkbuf_16)
   0.15    0.46 ^ clkbuf_2_1_0_clk_regs/Z (gf180mcu_fd_sc_mcu9t5v0__clkbuf_8)
   0.18    0.64 ^ clkbuf_3_2__f_clk_regs/Z (gf180mcu_fd_sc_mcu9t5v0__clkbuf_16)
   0.18    0.82 ^ clkbuf_leaf_26_clk_regs/Z (gf180mcu_fd_sc_mcu9t5v0__clkbuf_8)
   0.00    0.82 ^ _21021_/CLK (gf180mcu_fd_sc_mcu9t5v0__dffrnq_2)
   0.67    1.49 ^ _21021_/Q (gf180mcu_fd_sc_mcu9t5v0__dffrnq_2)
   0.22    1.71 v _10503_/ZN (gf180mcu_fd_sc_mcu9t5v0__nor3_1)
   0.21    1.91 v place584/Z (gf180mcu_fd_sc_mcu9t5v0__buf_8)
   0.33    2.24 ^ _19039_/ZN (gf180mcu_fd_sc_mcu9t5v0__nand4_1)
   0.00    2.24 ^ dout_valid_o (out)
           2.24   data arrival time

  16.28   16.28   clock core_clk (rise edge)
   0.00   16.28   clock network delay (propagated)
  -0.10   16.18   clock uncertainty
   0.00   16.18   clock reconvergence pessimism
   0.00   16.18   output external delay
          16.18   data required time
---------------------------------------------------------
          16.18   data required time
          -2.24   data arrival time
---------------------------------------------------------
          13.93   slack (MET)


