Clock: core_clk
Sources: clk 
Generated: no
Virtual: yes
Propagated: no
Period: 26.041668

===========================================================================
report_clock_properties
============================================================================
Clock                   Period          Waveform
----------------------------------------------------
core_clk             26.041668    0.000000 13.020834

===========================================================================
report_clock_latency
============================================================================
Clock core_clk
rise -> rise
    min     max
0.000000 0.000000 source latency
2.171710         network latency u_transform_scheduler_core.u_fft_scratch_sram.u_hi.u_sram/CLK
        2.603783 network latency _18598_/CLK
---------------
2.171710 2.603783 latency
        0.432073 skew

fall -> fall
    min     max
0.000000 0.000000 source latency
2.127487         network latency u_transform_scheduler_core.u_fft_scratch_sram.u_hi.u_sram/CLK
        2.636898 network latency _18598_/CLK
---------------
2.127487 2.636898 latency
        0.509411 skew



===========================================================================
report_clock_min_period
============================================================================
core_clk period_min = 31.29 fmax = 31.96
