Reading timing models for corner max_ff_n40C_5v50…
Reading timing library for the 'max_ff_n40C_5v50' corner at '/foss/pdks/gf180mcuD/libs.ref/gf180mcu_fd_sc_mcu7t5v0/lib/gf180mcu_fd_sc_mcu7t5v0__ff_n40C_5v50.lib'…
Reading timing library for the 'max_ff_n40C_5v50' corner at '/foss/designs/macros/gf180mcu_fd_ip_sram/lib/gf180mcu_fd_ip_sram__sram64x8m8wm1__tt_025C_5v00.lib'…
Reading timing models for corner max_tt_025C_5v00…
Reading timing library for the 'max_tt_025C_5v00' corner at '/foss/pdks/gf180mcuD/libs.ref/gf180mcu_fd_sc_mcu7t5v0/lib/gf180mcu_fd_sc_mcu7t5v0__tt_025C_5v00.lib'…
Reading timing library for the 'max_tt_025C_5v00' corner at '/foss/designs/macros/gf180mcu_fd_ip_sram/lib/gf180mcu_fd_ip_sram__sram64x8m8wm1__tt_025C_5v00.lib'…
[WARNING STA-1140] /foss/designs/macros/gf180mcu_fd_ip_sram/lib/gf180mcu_fd_ip_sram__sram64x8m8wm1__tt_025C_5v00.lib line 29, library gf180mcu_fd_ip_sram__sram64x8m8wm1__tt_025C_5v00 already exists.
Reading timing models for corner nom_ff_n40C_5v50…
Reading timing library for the 'nom_ff_n40C_5v50' corner at '/foss/pdks/gf180mcuD/libs.ref/gf180mcu_fd_sc_mcu7t5v0/lib/gf180mcu_fd_sc_mcu7t5v0__ff_n40C_5v50.lib'…
[WARNING STA-1140] /foss/pdks/gf180mcuD/libs.ref/gf180mcu_fd_sc_mcu7t5v0/lib/gf180mcu_fd_sc_mcu7t5v0__ff_n40C_5v50.lib line 17, library gf180mcu_fd_sc_mcu7t5v0__ff_n40C_5v50 already exists.
Reading timing library for the 'nom_ff_n40C_5v50' corner at '/foss/designs/macros/gf180mcu_fd_ip_sram/lib/gf180mcu_fd_ip_sram__sram64x8m8wm1__tt_025C_5v00.lib'…
[WARNING STA-1140] /foss/designs/macros/gf180mcu_fd_ip_sram/lib/gf180mcu_fd_ip_sram__sram64x8m8wm1__tt_025C_5v00.lib line 29, library gf180mcu_fd_ip_sram__sram64x8m8wm1__tt_025C_5v00 already exists.
Reading timing models for corner nom_tt_025C_5v00…
Reading timing library for the 'nom_tt_025C_5v00' corner at '/foss/pdks/gf180mcuD/libs.ref/gf180mcu_fd_sc_mcu7t5v0/lib/gf180mcu_fd_sc_mcu7t5v0__tt_025C_5v00.lib'…
[WARNING STA-1140] /foss/pdks/gf180mcuD/libs.ref/gf180mcu_fd_sc_mcu7t5v0/lib/gf180mcu_fd_sc_mcu7t5v0__tt_025C_5v00.lib line 17, library gf180mcu_fd_sc_mcu7t5v0__tt_025C_5v00 already exists.
Reading timing library for the 'nom_tt_025C_5v00' corner at '/foss/designs/macros/gf180mcu_fd_ip_sram/lib/gf180mcu_fd_ip_sram__sram64x8m8wm1__tt_025C_5v00.lib'…
[WARNING STA-1140] /foss/designs/macros/gf180mcu_fd_ip_sram/lib/gf180mcu_fd_ip_sram__sram64x8m8wm1__tt_025C_5v00.lib line 29, library gf180mcu_fd_ip_sram__sram64x8m8wm1__tt_025C_5v00 already exists.
Reading timing models for corner min_ss_125C_4v50…
Reading timing library for the 'min_ss_125C_4v50' corner at '/foss/pdks/gf180mcuD/libs.ref/gf180mcu_fd_sc_mcu7t5v0/lib/gf180mcu_fd_sc_mcu7t5v0__ss_125C_4v50.lib'…
Reading timing library for the 'min_ss_125C_4v50' corner at '/foss/designs/macros/gf180mcu_fd_ip_sram/lib/gf180mcu_fd_ip_sram__sram64x8m8wm1__tt_025C_5v00.lib'…
[WARNING STA-1140] /foss/designs/macros/gf180mcu_fd_ip_sram/lib/gf180mcu_fd_ip_sram__sram64x8m8wm1__tt_025C_5v00.lib line 29, library gf180mcu_fd_ip_sram__sram64x8m8wm1__tt_025C_5v00 already exists.
Reading timing models for corner min_ff_n40C_5v50…
Reading timing library for the 'min_ff_n40C_5v50' corner at '/foss/pdks/gf180mcuD/libs.ref/gf180mcu_fd_sc_mcu7t5v0/lib/gf180mcu_fd_sc_mcu7t5v0__ff_n40C_5v50.lib'…
[WARNING STA-1140] /foss/pdks/gf180mcuD/libs.ref/gf180mcu_fd_sc_mcu7t5v0/lib/gf180mcu_fd_sc_mcu7t5v0__ff_n40C_5v50.lib line 17, library gf180mcu_fd_sc_mcu7t5v0__ff_n40C_5v50 already exists.
Reading timing library for the 'min_ff_n40C_5v50' corner at '/foss/designs/macros/gf180mcu_fd_ip_sram/lib/gf180mcu_fd_ip_sram__sram64x8m8wm1__tt_025C_5v00.lib'…
[WARNING STA-1140] /foss/designs/macros/gf180mcu_fd_ip_sram/lib/gf180mcu_fd_ip_sram__sram64x8m8wm1__tt_025C_5v00.lib line 29, library gf180mcu_fd_ip_sram__sram64x8m8wm1__tt_025C_5v00 already exists.
Reading timing models for corner min_tt_025C_5v00…
Reading timing library for the 'min_tt_025C_5v00' corner at '/foss/pdks/gf180mcuD/libs.ref/gf180mcu_fd_sc_mcu7t5v0/lib/gf180mcu_fd_sc_mcu7t5v0__tt_025C_5v00.lib'…
[WARNING STA-1140] /foss/pdks/gf180mcuD/libs.ref/gf180mcu_fd_sc_mcu7t5v0/lib/gf180mcu_fd_sc_mcu7t5v0__tt_025C_5v00.lib line 17, library gf180mcu_fd_sc_mcu7t5v0__tt_025C_5v00 already exists.
Reading timing library for the 'min_tt_025C_5v00' corner at '/foss/designs/macros/gf180mcu_fd_ip_sram/lib/gf180mcu_fd_ip_sram__sram64x8m8wm1__tt_025C_5v00.lib'…
[WARNING STA-1140] /foss/designs/macros/gf180mcu_fd_ip_sram/lib/gf180mcu_fd_ip_sram__sram64x8m8wm1__tt_025C_5v00.lib line 29, library gf180mcu_fd_ip_sram__sram64x8m8wm1__tt_025C_5v00 already exists.
Reading timing models for corner max_ss_125C_4v50…
Reading timing library for the 'max_ss_125C_4v50' corner at '/foss/pdks/gf180mcuD/libs.ref/gf180mcu_fd_sc_mcu7t5v0/lib/gf180mcu_fd_sc_mcu7t5v0__ss_125C_4v50.lib'…
[WARNING STA-1140] /foss/pdks/gf180mcuD/libs.ref/gf180mcu_fd_sc_mcu7t5v0/lib/gf180mcu_fd_sc_mcu7t5v0__ss_125C_4v50.lib line 17, library gf180mcu_fd_sc_mcu7t5v0__ss_125C_4v50 already exists.
Reading timing library for the 'max_ss_125C_4v50' corner at '/foss/designs/macros/gf180mcu_fd_ip_sram/lib/gf180mcu_fd_ip_sram__sram64x8m8wm1__tt_025C_5v00.lib'…
[WARNING STA-1140] /foss/designs/macros/gf180mcu_fd_ip_sram/lib/gf180mcu_fd_ip_sram__sram64x8m8wm1__tt_025C_5v00.lib line 29, library gf180mcu_fd_ip_sram__sram64x8m8wm1__tt_025C_5v00 already exists.
Reading timing models for corner nom_ss_125C_4v50…
Reading timing library for the 'nom_ss_125C_4v50' corner at '/foss/pdks/gf180mcuD/libs.ref/gf180mcu_fd_sc_mcu7t5v0/lib/gf180mcu_fd_sc_mcu7t5v0__ss_125C_4v50.lib'…
[WARNING STA-1140] /foss/pdks/gf180mcuD/libs.ref/gf180mcu_fd_sc_mcu7t5v0/lib/gf180mcu_fd_sc_mcu7t5v0__ss_125C_4v50.lib line 17, library gf180mcu_fd_sc_mcu7t5v0__ss_125C_4v50 already exists.
Reading timing library for the 'nom_ss_125C_4v50' corner at '/foss/designs/macros/gf180mcu_fd_ip_sram/lib/gf180mcu_fd_ip_sram__sram64x8m8wm1__tt_025C_5v00.lib'…
[WARNING STA-1140] /foss/designs/macros/gf180mcu_fd_ip_sram/lib/gf180mcu_fd_ip_sram__sram64x8m8wm1__tt_025C_5v00.lib line 29, library gf180mcu_fd_ip_sram__sram64x8m8wm1__tt_025C_5v00 already exists.
Reading OpenROAD database at '/foss/designs/runs/RUN_2026-06-28_04-03-35/28-openroad-globalplacement/counter.odb'…
Reading design constraints file at '/usr/local/lib/python3.12/dist-packages/librelane/scripts/base.sdc'…
[INFO] Using clock clk…
[INFO] Setting output delay to: 10
[INFO] Setting input delay to: 10
[INFO] Setting load to: 0.07291
[INFO] Setting clock uncertainty to: 0.25
[INFO] Setting clock transition to: 0.1499999999999999944488848768742172978818416595458984375
[INFO] Setting timing derate to: 5%
[INFO RSZ-0027] Inserted 1 gf180mcu_fd_sc_mcu7t5v0__dlyb_1 input buffers.
[INFO RSZ-0028] Inserted 4 gf180mcu_fd_sc_mcu7t5v0__dlyb_1 output buffers.
+ repair_design -verbose -max_wire_length 0 -slew_margin 20 -cap_margin 20
Iteration |   Area    | Resized | Buffers | Nets repaired | Remaining
---------------------------------------------------------------------
        0 |     +0.0% |       0 |       0 |             0 |        47
       10 |     +0.0% |       0 |       0 |             0 |        37
       20 |     +0.0% |       0 |       0 |             0 |        27
       30 |     +0.0% |       0 |       0 |             0 |        17
       40 |     +0.0% |       0 |       0 |             0 |         7
    final |     +0.0% |       0 |       0 |             0 |         0
---------------------------------------------------------------------
[INFO RSZ-0042] Inserted 18 tie gf180mcu_fd_sc_mcu7t5v0__tiel instances.
[INFO RSZ-0042] Inserted 2 tie gf180mcu_fd_sc_mcu7t5v0__tieh instances.
[WARNING RSZ-0020] found 2 floating nets.
 VDD
 VSS
+ detailed_placement -max_displacement  500 100 
Placement Analysis
---------------------------------
total displacement        465.8 u
average displacement        0.0 u
max displacement           21.6 u
original HPWL            2605.9 u
legalized HPWL           2972.3 u
delta HPWL                   14 %

[INFO DPL-0020] Mirrored 29 instances
[INFO DPL-0021] HPWL before            2972.3 u
[INFO DPL-0022] HPWL after             2920.3 u
[INFO DPL-0023] HPWL delta               -1.7 %
Setting global connections for newly added cells…
[INFO] Setting global connections...
u_sram matched with u_sram
[INFO ODB-0403] 100 connections made, 1 conflicts skipped, use -force to connect.
Updating metrics…
Cell type report:                       Count       Area
  Macro                                     1  100571.56
  Endcap cell                            1658    7279.28
  Tap cell                              57553  252680.69
  Tie cell                                 20     175.62
  Timing Repair Buffer                      5     175.62
  Sequential cell                           4     254.64
  Multi-Input combinational cell            8     153.66
  Total                                 59249  361291.07
Writing OpenROAD database to '/foss/designs/runs/RUN_2026-06-28_04-03-35/32-openroad-repairdesignpostgpl/counter.odb'…
Writing netlist to '/foss/designs/runs/RUN_2026-06-28_04-03-35/32-openroad-repairdesignpostgpl/counter.nl.v'…
Writing powered netlist to '/foss/designs/runs/RUN_2026-06-28_04-03-35/32-openroad-repairdesignpostgpl/counter.pnl.v'…
Writing layout to '/foss/designs/runs/RUN_2026-06-28_04-03-35/32-openroad-repairdesignpostgpl/counter.def'…
Writing timing constraints to '/foss/designs/runs/RUN_2026-06-28_04-03-35/32-openroad-repairdesignpostgpl/counter.sdc'…
