Reading timing models for corner nom_tt_025C_5v00…
Reading timing library for the 'nom_tt_025C_5v00' corner at '/foss/pdks/gf180mcuD/libs.ref/gf180mcu_fd_sc_mcu7t5v0/lib/gf180mcu_fd_sc_mcu7t5v0__tt_025C_5v00.lib'…
Reading OpenROAD database at '/foss/designs/butterfold/butterfold_proto/pd_flow/standalone_result_serializer/runs/RUN_2026-08-19_05-40-06/18-openroad-cutrows/standalone_result_serializer.odb'…
Reading design constraints file at '/foss/designs/butterfold/butterfold_proto/pd_flow/standalone_result_serializer/standalone_result_serializer.sdc'…
[INFO] No information on clock propagation in input SDC file-- propagating all clocks.
+ tapcell -halo_width_x 10 -halo_width_y 10 -distance 20 -tapcell_master gf180mcu_fd_sc_mcu7t5v0__filltie -endcap_master gf180mcu_fd_sc_mcu7t5v0__endcap
[INFO TAP-0004] Inserted 506 endcaps.
[INFO TAP-0005] Inserted 8419 tapcells.
Setting global connections for newly added cells…
[INFO] Setting global connections...
[INFO ODB-0403] 17850 connections made, 0 conflicts skipped.
Updating metrics…
Cell type report:                       Count       Area
  Endcap cell                             506    2221.54
  Tap cell                               8419   36962.78
  Buffer                                    1      13.17
  Inverter                                  5      43.90
  Sequential cell                           7     522.46
  Multi-Input combinational cell          109    2199.59
  Total                                  9047   41963.44
Writing OpenROAD database to '/foss/designs/butterfold/butterfold_proto/pd_flow/standalone_result_serializer/runs/RUN_2026-08-19_05-40-06/19-openroad-tapendcapinsertion/standalone_result_serializer.odb'…
Writing netlist to '/foss/designs/butterfold/butterfold_proto/pd_flow/standalone_result_serializer/runs/RUN_2026-08-19_05-40-06/19-openroad-tapendcapinsertion/standalone_result_serializer.nl.v'…
Writing powered netlist to '/foss/designs/butterfold/butterfold_proto/pd_flow/standalone_result_serializer/runs/RUN_2026-08-19_05-40-06/19-openroad-tapendcapinsertion/standalone_result_serializer.pnl.v'…
Writing layout to '/foss/designs/butterfold/butterfold_proto/pd_flow/standalone_result_serializer/runs/RUN_2026-08-19_05-40-06/19-openroad-tapendcapinsertion/standalone_result_serializer.def'…
Writing timing constraints to '/foss/designs/butterfold/butterfold_proto/pd_flow/standalone_result_serializer/runs/RUN_2026-08-19_05-40-06/19-openroad-tapendcapinsertion/standalone_result_serializer.sdc'…
