
===========================================================================
 report_power
============================================================================
======================= nom_tt_025C_5v00 Corner ===================================

Group                    Internal    Switching      Leakage        Total
                            Power        Power        Power        Power (Watts)
------------------------------------------------------------------------
Sequential           5.712749e-02 2.260539e-03 8.557313e-07 5.938888e-02  68.7%
Combinational        2.027213e-02 6.797500e-03 1.210951e-06 2.707084e-02  31.3%
Clock                0.000000e+00 0.000000e+00 0.000000e+00 0.000000e+00   0.0%
Macro                5.268711e-08 0.000000e+00 6.860300e-07 7.387171e-07   0.0%
Pad                  0.000000e+00 0.000000e+00 0.000000e+00 0.000000e+00   0.0%
------------------------------------------------------------------------
Total                7.740058e-02 9.058035e-03 2.752656e-06 8.646137e-02 100.0%
                            89.5%        10.5%         0.0%

