
===========================================================================
report_checks -unconstrained
===========================================================================
======================= min_tt_025C_5v00 Corner ===================================

Startpoint: rst_n (input port clocked by clk)
Endpoint: _21008_ (recovery check against rising-edge clock clk)
Path Group: asynchronous
Path Type: max

Fanout         Cap        Slew       Delay        Time   Description
---------------------------------------------------------------------------------------------
                                  0.000000    0.000000   clock clk (rise edge)
                                  0.000000    0.000000   clock network delay (propagated)
                                  6.000000    6.000000 ^ input external delay
     2    0.004789    0.128876    0.047368    6.047368 ^ rst_n (in)
                                                         rst_n (net)
                      0.128876    0.000000    6.047368 ^ input10/I (gf180mcu_fd_sc_mcu7t5v0__dlyb_1)
     7    0.191134    3.103244    2.594022    8.641390 ^ input10/Z (gf180mcu_fd_sc_mcu7t5v0__dlyb_1)
                                                         net10 (net)
                      3.103943    0.026347    8.667737 ^ fanout1510/I (gf180mcu_fd_sc_mcu7t5v0__dlyb_1)
     5    0.168676    2.743087    2.269372   10.937108 ^ fanout1510/Z (gf180mcu_fd_sc_mcu7t5v0__dlyb_1)
                                                         net1510 (net)
                      2.743474    0.018450   10.955559 ^ fanout1443/I (gf180mcu_fd_sc_mcu7t5v0__dlyb_1)
     5    0.082803    1.376168    1.516251   12.471809 ^ fanout1443/Z (gf180mcu_fd_sc_mcu7t5v0__dlyb_1)
                                                         net1443 (net)
                      1.376168    0.001322   12.473132 ^ fanout1442/I (gf180mcu_fd_sc_mcu7t5v0__dlyb_1)
     9    0.138271    2.264600    2.122533   14.595666 ^ fanout1442/Z (gf180mcu_fd_sc_mcu7t5v0__dlyb_1)
                                                         net1442 (net)
                      2.264781    0.011435   14.607100 ^ fanout1441/I (gf180mcu_fd_sc_mcu7t5v0__dlyb_1)
     5    0.067296    1.128822    1.412420   16.019520 ^ fanout1441/Z (gf180mcu_fd_sc_mcu7t5v0__dlyb_1)
                                                         net1441 (net)
                      1.128822    0.001128   16.020649 ^ fanout1440/I (gf180mcu_fd_sc_mcu7t5v0__dlyb_1)
     5    0.040336    0.701330    1.233042   17.253691 ^ fanout1440/Z (gf180mcu_fd_sc_mcu7t5v0__dlyb_1)
                                                         net1440 (net)
                      0.701334    0.000931   17.254622 ^ fanout1438/I (gf180mcu_fd_sc_mcu7t5v0__dlyb_1)
    10    0.100272    1.656060    1.794565   19.049187 ^ fanout1438/Z (gf180mcu_fd_sc_mcu7t5v0__dlyb_1)
                                                         net1438 (net)
                      1.656087    0.003839   19.053024 ^ _21008_/RN (gf180mcu_fd_sc_mcu7t5v0__dffrnq_1)
                                             19.053024   data arrival time

                                 30.000000   30.000000   clock clk (rise edge)
                                  0.000000   30.000000   clock source latency
     4    0.199928    0.819556    0.488484   30.488483 ^ clk (in)
                                                         clk (net)
                      0.825800    0.000000   30.488483 ^ clkbuf_regs_0_clk/I (gf180mcu_fd_sc_mcu7t5v0__clkbuf_16)
     1    0.023687    0.112203    0.348745   30.837229 ^ clkbuf_regs_0_clk/Z (gf180mcu_fd_sc_mcu7t5v0__clkbuf_16)
                                                         clk_regs (net)
                      0.112203    0.000259   30.837488 ^ clkbuf_0_clk_regs/I (gf180mcu_fd_sc_mcu7t5v0__clkbuf_16)
     4    0.252497    0.292755    0.362878   31.200365 ^ clkbuf_0_clk_regs/Z (gf180mcu_fd_sc_mcu7t5v0__clkbuf_16)
                                                         clknet_0_clk_regs (net)
                      0.294690    0.013721   31.214087 ^ clkbuf_2_0_0_clk_regs/I (gf180mcu_fd_sc_mcu7t5v0__clkbuf_8)
    16    0.395516    0.824576    0.707011   31.921099 ^ clkbuf_2_0_0_clk_regs/Z (gf180mcu_fd_sc_mcu7t5v0__clkbuf_8)
                                                         clknet_2_0_0_clk_regs (net)
                      0.824973    0.010118   31.931215 ^ clkbuf_6_10_0_clk_regs/I (gf180mcu_fd_sc_mcu7t5v0__clkbuf_8)
     6    0.122678    0.295059    0.474504   32.405720 ^ clkbuf_6_10_0_clk_regs/Z (gf180mcu_fd_sc_mcu7t5v0__clkbuf_8)
                                                         clknet_6_10_0_clk_regs (net)
                      0.295589    0.011898   32.417618 ^ clkbuf_leaf_321_clk_regs/I (gf180mcu_fd_sc_mcu7t5v0__clkbuf_8)
     9    0.054472    0.164775    0.318188   32.735806 ^ clkbuf_leaf_321_clk_regs/Z (gf180mcu_fd_sc_mcu7t5v0__clkbuf_8)
                                                         clknet_leaf_321_clk_regs (net)
                      0.164775    0.000728   32.736534 ^ _21008_/CLK (gf180mcu_fd_sc_mcu7t5v0__dffrnq_1)
                                 -0.250000   32.486534   clock uncertainty
                                  0.000000   32.486534   clock reconvergence pessimism
                                 -0.172532   32.314003   library recovery time
                                             32.314003   data required time
---------------------------------------------------------------------------------------------
                                             32.314003   data required time
                                            -19.053024   data arrival time
---------------------------------------------------------------------------------------------
                                             13.260979   slack (MET)


Startpoint: _20532_ (rising edge-triggered flip-flop clocked by clk)
Endpoint: _21045_ (rising edge-triggered flip-flop clocked by clk)
Path Group: clk
Path Type: max

Fanout         Cap        Slew       Delay        Time   Description
---------------------------------------------------------------------------------------------
                                  0.000000    0.000000   clock clk (rise edge)
                                  0.000000    0.000000   clock source latency
     4    0.199928    0.819556    0.488482    0.488482 ^ clk (in)
                                                         clk (net)
                      0.825800    0.000000    0.488482 ^ clkbuf_regs_0_clk/I (gf180mcu_fd_sc_mcu7t5v0__clkbuf_16)
     1    0.023687    0.112203    0.348747    0.837229 ^ clkbuf_regs_0_clk/Z (gf180mcu_fd_sc_mcu7t5v0__clkbuf_16)
                                                         clk_regs (net)
                      0.112203    0.000260    0.837489 ^ clkbuf_0_clk_regs/I (gf180mcu_fd_sc_mcu7t5v0__clkbuf_16)
     4    0.252497    0.292755    0.362879    1.200368 ^ clkbuf_0_clk_regs/Z (gf180mcu_fd_sc_mcu7t5v0__clkbuf_16)
                                                         clknet_0_clk_regs (net)
                      0.294690    0.013718    1.214086 ^ clkbuf_2_0_0_clk_regs/I (gf180mcu_fd_sc_mcu7t5v0__clkbuf_8)
    16    0.395516    0.824576    0.707013    1.921099 ^ clkbuf_2_0_0_clk_regs/Z (gf180mcu_fd_sc_mcu7t5v0__clkbuf_8)
                                                         clknet_2_0_0_clk_regs (net)
                      0.824673    0.005059    1.926157 ^ clkbuf_6_13_0_clk_regs/I (gf180mcu_fd_sc_mcu7t5v0__clkbuf_8)
     6    0.101865    0.261730    0.455231    2.381388 ^ clkbuf_6_13_0_clk_regs/Z (gf180mcu_fd_sc_mcu7t5v0__clkbuf_8)
                                                         clknet_6_13_0_clk_regs (net)
                      0.261770    0.002744    2.384132 ^ clkbuf_leaf_20_clk_regs/I (gf180mcu_fd_sc_mcu7t5v0__clkbuf_8)
    10    0.055351    0.166003    0.312274    2.696406 ^ clkbuf_leaf_20_clk_regs/Z (gf180mcu_fd_sc_mcu7t5v0__clkbuf_8)
                                                         clknet_leaf_20_clk_regs (net)
                      0.166003    0.000680    2.697086 ^ _20532_/CLK (gf180mcu_fd_sc_mcu7t5v0__dffrnq_1)
     2    0.053343    0.909871    1.351145    4.048231 ^ _20532_/Q (gf180mcu_fd_sc_mcu7t5v0__dffrnq_1)
                                                         u_transform_scheduler_core.dft12_phase[0] (net)
                      0.909874    0.000954    4.049185 ^ fanout1409/I (gf180mcu_fd_sc_mcu7t5v0__buf_3)
    10    0.136582    0.769390    0.685580    4.734766 ^ fanout1409/Z (gf180mcu_fd_sc_mcu7t5v0__buf_3)
                                                         net1409 (net)
                      0.769711    0.008799    4.743564 ^ _10492_/A1 (gf180mcu_fd_sc_mcu7t5v0__nor2_4)
     7    0.113352    0.629024    0.413578    5.157142 v _10492_/ZN (gf180mcu_fd_sc_mcu7t5v0__nor2_4)
                                                         _05155_ (net)
                      0.629030    0.002862    5.160004 v fanout1266/I (gf180mcu_fd_sc_mcu7t5v0__buf_2)
    10    0.117720    0.584146    0.690110    5.850113 v fanout1266/Z (gf180mcu_fd_sc_mcu7t5v0__buf_2)
                                                         net1266 (net)
                      0.585098    0.013481    5.863594 v _10496_/A2 (gf180mcu_fd_sc_mcu7t5v0__nand2_2)
     6    0.052347    0.568736    0.498232    6.361826 ^ _10496_/ZN (gf180mcu_fd_sc_mcu7t5v0__nand2_2)
                                                         _05159_ (net)
                      0.568736    0.000315    6.362141 ^ _10497_/I (gf180mcu_fd_sc_mcu7t5v0__clkinv_1)
     3    0.108254    1.711318    1.177723    7.539864 v _10497_/ZN (gf180mcu_fd_sc_mcu7t5v0__clkinv_1)
                                                         _01985_ (net)
                      1.711318    0.001052    7.540916 v fanout1063/I (gf180mcu_fd_sc_mcu7t5v0__clkbuf_2)
    10    0.096529    0.782826    0.969836    8.510753 v fanout1063/Z (gf180mcu_fd_sc_mcu7t5v0__clkbuf_2)
                                                         net1063 (net)
                      0.782895    0.004168    8.514920 v _12454_/A2 (gf180mcu_fd_sc_mcu7t5v0__nand2_1)
     3    0.130264    2.332070    1.575181   10.090101 ^ _12454_/ZN (gf180mcu_fd_sc_mcu7t5v0__nand2_1)
                                                         _06878_ (net)
                      2.332084    0.003273   10.093374 ^ fanout922/I (gf180mcu_fd_sc_mcu7t5v0__dlyb_1)
     6    0.137766    2.255286    2.057372   12.150746 ^ fanout922/Z (gf180mcu_fd_sc_mcu7t5v0__dlyb_1)
                                                         net922 (net)
                      2.255286    0.001020   12.151766 ^ fanout920/I (gf180mcu_fd_sc_mcu7t5v0__dlyb_1)
    10    0.148961    2.435320    2.168518   14.320284 ^ fanout920/Z (gf180mcu_fd_sc_mcu7t5v0__dlyb_1)
                                                         net920 (net)
                      2.435320    0.001710   14.321994 ^ _12465_/A2 (gf180mcu_fd_sc_mcu7t5v0__oai21_1)
     1    0.012839    0.783238    0.321172   14.643166 v _12465_/ZN (gf180mcu_fd_sc_mcu7t5v0__oai21_1)
                                                         _06889_ (net)
                      0.783238    0.000490   14.643656 v fanout811/I (gf180mcu_fd_sc_mcu7t5v0__dlyb_1)
     9    0.176299    1.728774    2.308759   16.952415 v fanout811/Z (gf180mcu_fd_sc_mcu7t5v0__dlyb_1)
                                                         net811 (net)
                      1.728774    0.000936   16.953352 v fanout809/I (gf180mcu_fd_sc_mcu7t5v0__dlya_1)
    10    0.174172    1.697851    2.031948   18.985300 v fanout809/Z (gf180mcu_fd_sc_mcu7t5v0__dlya_1)
                                                         net809 (net)
                      1.697858    0.001949   18.987247 v fanout808/I (gf180mcu_fd_sc_mcu7t5v0__dlyb_1)
    10    0.140040    1.403084    2.402139   21.389387 v fanout808/Z (gf180mcu_fd_sc_mcu7t5v0__dlyb_1)
                                                         net808 (net)
                      1.403117    0.003876   21.393263 v _12539_/A2 (gf180mcu_fd_sc_mcu7t5v0__aoi221_1)
     1    0.005584    0.793501    0.781812   22.175076 ^ _12539_/ZN (gf180mcu_fd_sc_mcu7t5v0__aoi221_1)
                                                         _06959_ (net)
                      0.793501    0.000158   22.175234 ^ _12540_/B (gf180mcu_fd_sc_mcu7t5v0__aoi211_1)
     1    0.013679    1.412072    0.404475   22.579708 v _12540_/ZN (gf180mcu_fd_sc_mcu7t5v0__aoi211_1)
                                                         _06960_ (net)
                      1.412072    0.000549   22.580257 v _12543_/A2 (gf180mcu_fd_sc_mcu7t5v0__nor3_1)
     1    0.038900    1.877160    1.362507   23.942762 ^ _12543_/ZN (gf180mcu_fd_sc_mcu7t5v0__nor3_1)
                                                         _06963_ (net)
                      1.877161    0.002272   23.945036 ^ _12544_/B (gf180mcu_fd_sc_mcu7t5v0__aoi211_1)
     1    0.036938    1.092258    0.807724   24.752758 v _12544_/ZN (gf180mcu_fd_sc_mcu7t5v0__aoi211_1)
                                                         _06964_ (net)
                      1.092259    0.002011   24.754770 v _12547_/A2 (gf180mcu_fd_sc_mcu7t5v0__oai31_1)
     1    0.004314    0.615533    0.601952   25.356722 ^ _12547_/ZN (gf180mcu_fd_sc_mcu7t5v0__oai31_1)
                                                         _00202_ (net)
                      0.615533    0.000083   25.356806 ^ _21045_/D (gf180mcu_fd_sc_mcu7t5v0__dffrnq_1)
                                             25.356806   data arrival time

                                 30.000000   30.000000   clock clk (rise edge)
                                  0.000000   30.000000   clock source latency
     4    0.199928    0.819556    0.488484   30.488483 ^ clk (in)
                                                         clk (net)
                      0.825800    0.000000   30.488483 ^ clkbuf_regs_0_clk/I (gf180mcu_fd_sc_mcu7t5v0__clkbuf_16)
     1    0.023687    0.112203    0.348745   30.837229 ^ clkbuf_regs_0_clk/Z (gf180mcu_fd_sc_mcu7t5v0__clkbuf_16)
                                                         clk_regs (net)
                      0.112203    0.000259   30.837488 ^ clkbuf_0_clk_regs/I (gf180mcu_fd_sc_mcu7t5v0__clkbuf_16)
     4    0.252497    0.292755    0.362878   31.200365 ^ clkbuf_0_clk_regs/Z (gf180mcu_fd_sc_mcu7t5v0__clkbuf_16)
                                                         clknet_0_clk_regs (net)
                      0.295285    0.016321   31.216686 ^ clkbuf_2_1_0_clk_regs/I (gf180mcu_fd_sc_mcu7t5v0__clkbuf_8)
    16    0.412936    0.858355    0.725233   31.941919 ^ clkbuf_2_1_0_clk_regs/Z (gf180mcu_fd_sc_mcu7t5v0__clkbuf_8)
                                                         clknet_2_1_0_clk_regs (net)
                      0.858806    0.010978   31.952898 ^ clkbuf_6_26_0_clk_regs/I (gf180mcu_fd_sc_mcu7t5v0__clkbuf_8)
     6    0.105802    0.269290    0.464084   32.416981 ^ clkbuf_6_26_0_clk_regs/Z (gf180mcu_fd_sc_mcu7t5v0__clkbuf_8)
                                                         clknet_6_26_0_clk_regs (net)
                      0.269327    0.002146   32.419128 ^ clkbuf_leaf_126_clk_regs/I (gf180mcu_fd_sc_mcu7t5v0__clkbuf_8)
     8    0.055910    0.166935    0.314444   32.733570 ^ clkbuf_leaf_126_clk_regs/Z (gf180mcu_fd_sc_mcu7t5v0__clkbuf_8)
                                                         clknet_leaf_126_clk_regs (net)
                      0.166935    0.000128   32.733700 ^ _21045_/CLK (gf180mcu_fd_sc_mcu7t5v0__dffrnq_1)
                                 -0.250000   32.483700   clock uncertainty
                                  0.000000   32.483700   clock reconvergence pessimism
                                 -0.371932   32.111763   library setup time
                                             32.111763   data required time
---------------------------------------------------------------------------------------------
                                             32.111763   data required time
                                            -25.356806   data arrival time
---------------------------------------------------------------------------------------------
                                              6.754960   slack (MET)




===========================================================================
report_checks --slack_max -0.01
============================================================================
======================= min_tt_025C_5v00 Corner ===================================

No paths found.


===========================================================================
 report_check_types -max_slew -max_cap -max_fanout -violators
============================================================================
======================= min_tt_025C_5v00 Corner ===================================

max slew

Pin                                        Limit        Slew       Slack
------------------------------------------------------------------------
fanout336/I                             3.000000    6.040149   -3.040149 (VIOLATED)
fanout332/I                             3.000000    6.040103   -3.040103 (VIOLATED)
ANTENNA_1/I                             3.000000    6.040063   -3.040063 (VIOLATED)
fanout331/I                             3.000000    6.040064   -3.040064 (VIOLATED)
fanout334/I                             3.000000    6.039969   -3.039970 (VIOLATED)
fanout330/I                             3.000000    6.039706   -3.039706 (VIOLATED)
_18094_/ZN                              3.000000    6.039613   -3.039613 (VIOLATED)
fanout328/I                             3.000000    6.039613   -3.039613 (VIOLATED)
_17626_/A1                              3.000000    4.180421   -1.180421 (VIOLATED)
_11453_/A2                              3.000000    4.180228   -1.180228 (VIOLATED)
_12243_/A1                              3.000000    4.180224   -1.180224 (VIOLATED)
_12227_/A1                              3.000000    4.180032   -1.180032 (VIOLATED)
_11408_/I1                              3.000000    4.180030   -1.180030 (VIOLATED)
_17949_/A1                              3.000000    4.179894   -1.179894 (VIOLATED)
_18223_/A1                              3.000000    4.179818   -1.179818 (VIOLATED)
_14648_/A1                              3.000000    4.179778   -1.179778 (VIOLATED)
_18294_/A1                              3.000000    4.179770   -1.179770 (VIOLATED)
_18260_/A1                              3.000000    4.179756   -1.179756 (VIOLATED)
fanout1269/Z                            3.000000    4.179756   -1.179756 (VIOLATED)
_12641_/C                               3.000000    4.002376   -1.002376 (VIOLATED)
_12650_/C                               3.000000    4.002370   -1.002370 (VIOLATED)
_12666_/C                               3.000000    4.002120   -1.002120 (VIOLATED)
_12869_/C                               3.000000    4.001865   -1.001865 (VIOLATED)
_12629_/C                               3.000000    4.001849   -1.001849 (VIOLATED)
_12592_/C                               3.000000    4.001749   -1.001748 (VIOLATED)
_12820_/C                               3.000000    4.001624   -1.001624 (VIOLATED)
_12525_/C                               3.000000    4.001373   -1.001373 (VIOLATED)
_12540_/C                               3.000000    4.001287   -1.001288 (VIOLATED)
_12476_/B                               3.000000    4.001175   -1.001176 (VIOLATED)
fanout838/Z                             3.000000    4.001175   -1.001176 (VIOLATED)
_18636_/A3                              3.000000    3.844699   -0.844699 (VIOLATED)
_18652_/A3                              3.000000    3.844699   -0.844699 (VIOLATED)
_18641_/A3                              3.000000    3.844686   -0.844686 (VIOLATED)
fanout191/I                             3.000000    3.844609   -0.844609 (VIOLATED)
fanout190/I                             3.000000    3.844508   -0.844508 (VIOLATED)
_17960_/ZN                              3.000000    3.844466   -0.844466 (VIOLATED)
fanout189/I                             3.000000    3.844466   -0.844466 (VIOLATED)
_11856_/A1                              3.000000    3.688161   -0.688161 (VIOLATED)
_11833_/ZN                              3.000000    3.688099   -0.688099 (VIOLATED)
_17631_/A1                              3.000000    3.658149   -0.658149 (VIOLATED)
_19473_/A1                              3.000000    3.658145   -0.658145 (VIOLATED)
_12292_/A1                              3.000000    3.657579   -0.657579 (VIOLATED)
_11455_/A2                              3.000000    3.657572   -0.657572 (VIOLATED)
_12275_/A1                              3.000000    3.657476   -0.657477 (VIOLATED)
_11419_/A1                              3.000000    3.657237   -0.657237 (VIOLATED)
_18649_/A1                              3.000000    3.656553   -0.656554 (VIOLATED)
_18872_/A1                              3.000000    3.656024   -0.656024 (VIOLATED)
_18840_/A1                              3.000000    3.655967   -0.655967 (VIOLATED)
_14927_/A1                              3.000000    3.655639   -0.655639 (VIOLATED)
fanout1270/Z                            3.000000    3.655627   -0.655627 (VIOLATED)
_12921_/A2                              3.000000    3.634624   -0.634624 (VIOLATED)
_12852_/A2                              3.000000    3.634618   -0.634618 (VIOLATED)
_12864_/A2                              3.000000    3.634605   -0.634605 (VIOLATED)
_12877_/A2                              3.000000    3.634604   -0.634604 (VIOLATED)
_12910_/A2                              3.000000    3.634597   -0.634597 (VIOLATED)
_12933_/A2                              3.000000    3.634579   -0.634579 (VIOLATED)
_12840_/A2                              3.000000    3.634541   -0.634541 (VIOLATED)
_12893_/A2                              3.000000    3.634525   -0.634525 (VIOLATED)
_12810_/A2                              3.000000    3.633753   -0.633754 (VIOLATED)
fanout455/I                             3.000000    3.633636   -0.633636 (VIOLATED)
fanout456/Z                             3.000000    3.633636   -0.633636 (VIOLATED)
ANTENNA_22/I                            3.000000    3.611270   -0.611270 (VIOLATED)
fanout151/I                             3.000000    3.611270   -0.611270 (VIOLATED)
_18894_/A2                              3.000000    3.611264   -0.611265 (VIOLATED)
_18893_/A2                              3.000000    3.611264   -0.611264 (VIOLATED)
_18884_/A2                              3.000000    3.611216   -0.611216 (VIOLATED)
_18874_/A2                              3.000000    3.611213   -0.611213 (VIOLATED)
_18296_/ZN                              3.000000    3.611161   -0.611161 (VIOLATED)
fanout149/I                             3.000000    3.611161   -0.611161 (VIOLATED)
fanout1354/I                            3.000000    3.444561   -0.444561 (VIOLATED)
fanout1345/I                            3.000000    3.444444   -0.444445 (VIOLATED)
fanout1348/I                            3.000000    3.444405   -0.444405 (VIOLATED)
fanout1344/I                            3.000000    3.444403   -0.444403 (VIOLATED)
fanout1343/I                            3.000000    3.444342   -0.444342 (VIOLATED)
_21793_/Q                               3.000000    3.444177   -0.444177 (VIOLATED)
fanout1340/I                            3.000000    3.444177   -0.444177 (VIOLATED)
fanout927/I                             3.000000    3.432743   -0.432743 (VIOLATED)
_13967_/A2                              3.000000    3.432652   -0.432652 (VIOLATED)
_13999_/A2                              3.000000    3.432615   -0.432615 (VIOLATED)
_13991_/A2                              3.000000    3.432611   -0.432611 (VIOLATED)
_13975_/A2                              3.000000    3.432544   -0.432544 (VIOLATED)
_13959_/A2                              3.000000    3.432332   -0.432332 (VIOLATED)
fanout926/I                             3.000000    3.431581   -0.431582 (VIOLATED)
fanout928/Z                             3.000000    3.431581   -0.431582 (VIOLATED)
_11881_/A1                              3.000000    3.417183   -0.417183 (VIOLATED)
_11860_/ZN                              3.000000    3.417131   -0.417131 (VIOLATED)
_13943_/A2                              3.000000    3.401496   -0.401496 (VIOLATED)
_13924_/A2                              3.000000    3.401489   -0.401489 (VIOLATED)
_13824_/A2                              3.000000    3.401475   -0.401476 (VIOLATED)
_13876_/A2                              3.000000    3.401455   -0.401456 (VIOLATED)
_13800_/A2                              3.000000    3.401447   -0.401447 (VIOLATED)
_13917_/A2                              3.000000    3.401439   -0.401439 (VIOLATED)
_13789_/A2                              3.000000    3.401266   -0.401266 (VIOLATED)
_13909_/A2                              3.000000    3.401211   -0.401211 (VIOLATED)
_13901_/A2                              3.000000    3.401207   -0.401207 (VIOLATED)
fanout925/I                             3.000000    3.401173   -0.401173 (VIOLATED)
fanout926/Z                             3.000000    3.401173   -0.401173 (VIOLATED)
_11749_/B1                              3.000000    3.362974   -0.362974 (VIOLATED)
_11747_/ZN                              3.000000    3.362882   -0.362882 (VIOLATED)
_11789_/C                               3.000000    3.360071   -0.360072 (VIOLATED)
_11519_/A2                              3.000000    3.360023   -0.360023 (VIOLATED)
_11529_/A2                              3.000000    3.360020   -0.360020 (VIOLATED)
_19033_/C                               3.000000    3.359868   -0.359868 (VIOLATED)
_11662_/C                               3.000000    3.359642   -0.359642 (VIOLATED)
_19074_/C                               3.000000    3.359608   -0.359608 (VIOLATED)
_11490_/A2                              3.000000    3.359492   -0.359492 (VIOLATED)
_10270_/I                               3.000000    3.359257   -0.359257 (VIOLATED)
_12034_/A1                              3.000000    3.359110   -0.359110 (VIOLATED)
_17178_/A1                              3.000000    3.359110   -0.359110 (VIOLATED)
fanout1336/Z                            3.000000    3.359110   -0.359110 (VIOLATED)
_18512_/I0                              3.000000    3.287038   -0.287038 (VIOLATED)
_17528_/A1                              3.000000    3.287034   -0.287034 (VIOLATED)
_17266_/A1                              3.000000    3.287026   -0.287026 (VIOLATED)
_17566_/A1                              3.000000    3.287026   -0.287026 (VIOLATED)
_19594_/A1                              3.000000    3.287025   -0.287025 (VIOLATED)
_19776_/A1                              3.000000    3.287011   -0.287011 (VIOLATED)
_19607_/A1                              3.000000    3.287006   -0.287006 (VIOLATED)
_19486_/A1                              3.000000    3.286982   -0.286982 (VIOLATED)
_17579_/A1                              3.000000    3.286964   -0.286964 (VIOLATED)
_17515_/A1                              3.000000    3.286900   -0.286900 (VIOLATED)
fanout1418/Z                            3.000000    3.286900   -0.286900 (VIOLATED)
_11603_/B1                              3.000000    3.255031   -0.255031 (VIOLATED)
_11601_/ZN                              3.000000    3.254983   -0.254983 (VIOLATED)
fanout1334/I                            3.000000    3.252178   -0.252178 (VIOLATED)
_11586_/A1                              3.000000    3.252085   -0.252085 (VIOLATED)
_11534_/A1                              3.000000    3.251989   -0.251989 (VIOLATED)
_19076_/B                               3.000000    3.251962   -0.251962 (VIOLATED)
_11668_/A1                              3.000000    3.251934   -0.251934 (VIOLATED)
_11491_/A1                              3.000000    3.251697   -0.251697 (VIOLATED)
_11985_/A1                              3.000000    3.251668   -0.251668 (VIOLATED)
_12006_/A1                              3.000000    3.251669   -0.251669 (VIOLATED)
_17180_/A1                              3.000000    3.251666   -0.251666 (VIOLATED)
fanout1335/Z                            3.000000    3.251645   -0.251645 (VIOLATED)
_13960_/A2                              3.000000    3.189708   -0.189708 (VIOLATED)
_13944_/A2                              3.000000    3.189684   -0.189684 (VIOLATED)
_13925_/A2                              3.000000    3.189645   -0.189645 (VIOLATED)
_13825_/A2                              3.000000    3.189637   -0.189638 (VIOLATED)
_13801_/A2                              3.000000    3.189602   -0.189602 (VIOLATED)
_13918_/A2                              3.000000    3.189548   -0.189548 (VIOLATED)
_13790_/A2                              3.000000    3.189423   -0.189423 (VIOLATED)
_13910_/A2                              3.000000    3.189329   -0.189329 (VIOLATED)
fanout985/I                             3.000000    3.189303   -0.189303 (VIOLATED)
fanout986/Z                             3.000000    3.189303   -0.189303 (VIOLATED)
_11069_/ZN                              3.000000    3.124002   -0.124002 (VIOLATED)
_11072_/B                               3.000000    3.124002   -0.124002 (VIOLATED)
fanout818/I                             3.000000    3.114826   -0.114826 (VIOLATED)
fanout815/I                             3.000000    3.114815   -0.114815 (VIOLATED)
fanout814/I                             3.000000    3.114724   -0.114724 (VIOLATED)
_12464_/ZN                              3.000000    3.114679   -0.114679 (VIOLATED)
fanout813/I                             3.000000    3.114679   -0.114679 (VIOLATED)
ANTENNA_11/I                            3.000000    3.103943   -0.103943 (VIOLATED)
fanout1510/I                            3.000000    3.103943   -0.103943 (VIOLATED)
fanout1549/I                            3.000000    3.103499   -0.103499 (VIOLATED)
ANTENNA_12/I                            3.000000    3.103499   -0.103499 (VIOLATED)
ANTENNA_27/I                            3.000000    3.103498   -0.103498 (VIOLATED)
fanout1628/I                            3.000000    3.103326   -0.103326 (VIOLATED)
ANTENNA_13/I                            3.000000    3.103294   -0.103294 (VIOLATED)
input10/Z                               3.000000    3.103244   -0.103245 (VIOLATED)
_11684_/B2                              3.000000    3.090013   -0.090013 (VIOLATED)
_11683_/ZN                              3.000000    3.089973   -0.089974 (VIOLATED)
_12863_/B2                              3.000000    3.085987   -0.085987 (VIOLATED)
_12862_/ZN                              3.000000    3.085985   -0.085985 (VIOLATED)
_17632_/I1                              3.000000    3.075642   -0.075642 (VIOLATED)
ANTENNA_28/I                            3.000000    3.075641   -0.075641 (VIOLATED)
_11417_/A1                              3.000000    3.075422   -0.075422 (VIOLATED)
_18564_/A1                              3.000000    3.075186   -0.075186 (VIOLATED)
_18779_/A1                              3.000000    3.075009   -0.075009 (VIOLATED)
_18807_/A1                              3.000000    3.074963   -0.074963 (VIOLATED)
_10301_/I                               3.000000    3.074717   -0.074717 (VIOLATED)
_21227_/Q                               3.000000    3.074672   -0.074672 (VIOLATED)
_11679_/B1                              3.000000    3.073144   -0.073144 (VIOLATED)
_11677_/ZN                              3.000000    3.073105   -0.073105 (VIOLATED)
_13806_/A2                              3.000000    3.051275   -0.051275 (VIOLATED)
_13830_/A2                              3.000000    3.051253   -0.051253 (VIOLATED)
_13814_/A2                              3.000000    3.051199   -0.051199 (VIOLATED)
_13838_/A2                              3.000000    3.051178   -0.051178 (VIOLATED)
_13854_/A2                              3.000000    3.051081   -0.051082 (VIOLATED)
_13846_/A2                              3.000000    3.050957   -0.050957 (VIOLATED)
_13981_/A2                              3.000000    3.050941   -0.050941 (VIOLATED)
_13949_/A2                              3.000000    3.050935   -0.050935 (VIOLATED)
_13933_/A2                              3.000000    3.050932   -0.050932 (VIOLATED)
_13822_/A2                              3.000000    3.050919   -0.050919 (VIOLATED)
fanout923/Z                             3.000000    3.050919   -0.050919 (VIOLATED)
_11629_/A1                              3.000000    3.010563   -0.010563 (VIOLATED)
_11607_/ZN                              3.000000    3.010524   -0.010524 (VIOLATED)

max fanout

Pin                                   Limit Fanout  Slack
---------------------------------------------------------
clkbuf_2_0_0_clk_regs/Z                  10     16     -6 (VIOLATED)
clkbuf_2_1_0_clk_regs/Z                  10     16     -6 (VIOLATED)
clkbuf_2_2_0_clk_regs/Z                  10     16     -6 (VIOLATED)
clkbuf_2_3_0_clk_regs/Z                  10     16     -6 (VIOLATED)
fanout1423/Z                             10     11        (VIOLATED)
fanout353/Z                              10     11        (VIOLATED)

max capacitance

Pin                                        Limit         Cap       Slack
------------------------------------------------------------------------
clkbuf_2_1_0_clk_regs/Z                 0.200000    0.412936   -0.212936 (VIOLATED)
clkbuf_2_3_0_clk_regs/Z                 0.200000    0.405591   -0.205591 (VIOLATED)
clkbuf_2_0_0_clk_regs/Z                 0.200000    0.395516   -0.195516 (VIOLATED)
clkbuf_2_2_0_clk_regs/Z                 0.200000    0.352332   -0.152332 (VIOLATED)
clkbuf_1_1__f_clk/Z                     0.200000    0.318274   -0.118274 (VIOLATED)
clkbuf_1_0__f_clk/Z                     0.200000    0.314977   -0.114977 (VIOLATED)
u_transform_scheduler_core.u_fft_scratch_sram.u_lo.u_sram/Q[2]    0.200000    0.289375   -0.089375 (VIOLATED)
u_transform_scheduler_core.u_fft_scratch_sram.u_hi.u_sram/Q[3]    0.200000    0.289102   -0.089102 (VIOLATED)
u_transform_scheduler_core.u_fft_scratch_sram.u_hi.u_sram/Q[2]    0.200000    0.286206   -0.086206 (VIOLATED)
_18094_/ZN                              0.125100    0.204103   -0.079003 (VIOLATED)
_21794_/Q                               0.200000    0.269189   -0.069189 (VIOLATED)
u_transform_scheduler_core.u_fft_scratch_sram.u_hi.u_sram/Q[5]    0.200000    0.264313   -0.064313 (VIOLATED)
u_transform_scheduler_core.u_fft_scratch_sram.u_hi.u_sram/Q[0]    0.200000    0.262311   -0.062311 (VIOLATED)
fanout1269/Z                            0.200000    0.258303   -0.058303 (VIOLATED)
clkbuf_0_clk_regs/Z                     0.200000    0.252497   -0.052497 (VIOLATED)
fanout838/Z                             0.200000    0.247296   -0.047296 (VIOLATED)
u_transform_scheduler_core.u_fft_scratch_sram.u_lo.u_sram/Q[7]    0.200000    0.239969   -0.039969 (VIOLATED)
u_transform_scheduler_core.u_fft_scratch_sram.u_hi.u_sram/Q[1]    0.200000    0.237811   -0.037811 (VIOLATED)
fanout50/Z                              0.200000    0.231542   -0.031542 (VIOLATED)
u_transform_scheduler_core.u_fft_scratch_sram.u_lo.u_sram/Q[1]    0.200000    0.229107   -0.029107 (VIOLATED)
fanout1270/Z                            0.200000    0.226101   -0.026101 (VIOLATED)
wire1408/Z                              0.200000    0.225915   -0.025915 (VIOLATED)
fanout456/Z                             0.200000    0.224157   -0.024157 (VIOLATED)
u_transform_scheduler_core.u_fft_scratch_sram.u_lo.u_sram/Q[3]    0.200000    0.218511   -0.018511 (VIOLATED)
max_cap168/Z                            0.200000    0.217165   -0.017165 (VIOLATED)
fanout928/Z                             0.200000    0.211731   -0.011731 (VIOLATED)
_21793_/Q                               0.200000    0.211660   -0.011660 (VIOLATED)
_11120_/Z                               0.200000    0.211155   -0.011155 (VIOLATED)
_12955_/ZN                              0.200000    0.210158   -0.010158 (VIOLATED)
_11518_/ZN                              0.200000    0.210067   -0.010067 (VIOLATED)
fanout926/Z                             0.200000    0.209643   -0.009643 (VIOLATED)
fanout1336/Z                            0.200000    0.207025   -0.007025 (VIOLATED)
fanout353/Z                             0.200000    0.204900   -0.004900 (VIOLATED)
fanout1418/Z                            0.200000    0.202202   -0.002202 (VIOLATED)
u_transform_scheduler_core.u_fft_scratch_sram.u_lo.u_sram/Q[0]    0.200000    0.201638   -0.001638 (VIOLATED)
_17960_/ZN                              0.124200    0.125386   -0.001186 (VIOLATED)
u_transform_scheduler_core.u_fft_scratch_sram.u_lo.u_sram/Q[4]    0.200000    0.200623   -0.000623 (VIOLATED)
fanout1335/Z                            0.200000    0.200372   -0.000372 (VIOLATED)



===========================================================================
report_parasitic_annotation -report_unannotated
============================================================================
Found 298 unannotated drivers.
 clkload0/Z
 clkload1/Z
 clkload10/Z
 clkload100/ZN
 clkload101/Z
 clkload102/ZN
 clkload103/ZN
 clkload104/ZN
 clkload105/ZN
 clkload106/ZN
 clkload107/Z
 clkload108/ZN
 clkload109/Z
 clkload11/Z
 clkload110/ZN
 clkload111/ZN
 clkload112/ZN
 clkload113/Z
 clkload114/ZN
 clkload115/ZN
 clkload116/ZN
 clkload117/ZN
 clkload118/ZN
 clkload119/Z
 clkload12/Z
 clkload120/ZN
 clkload121/ZN
 clkload122/Z
 clkload123/Z
 clkload124/ZN
 clkload125/Z
 clkload126/ZN
 clkload127/ZN
 clkload128/ZN
 clkload129/ZN
 clkload13/ZN
 clkload130/ZN
 clkload131/ZN
 clkload132/ZN
 clkload133/Z
 clkload134/ZN
 clkload135/ZN
 clkload136/ZN
 clkload137/Z
 clkload138/Z
 clkload139/Z
 clkload14/Z
 clkload140/ZN
 clkload141/Z
 clkload142/Z
 clkload143/Z
 clkload144/ZN
 clkload145/ZN
 clkload146/ZN
 clkload147/ZN
 clkload148/ZN
 clkload149/Z
 clkload15/Z
 clkload150/ZN
 clkload151/ZN
 clkload152/Z
 clkload153/ZN
 clkload154/ZN
 clkload155/ZN
 clkload156/ZN
 clkload157/ZN
 clkload158/ZN
 clkload159/ZN
 clkload16/Z
 clkload160/Z
 clkload161/ZN
 clkload162/ZN
 clkload163/ZN
 clkload164/Z
 clkload165/ZN
 clkload166/ZN
 clkload167/Z
 clkload168/Z
 clkload169/Z
 clkload17/Z
 clkload170/Z
 clkload171/ZN
 clkload172/Z
 clkload173/Z
 clkload174/ZN
 clkload175/ZN
 clkload176/Z
 clkload177/ZN
 clkload178/ZN
 clkload179/ZN
 clkload18/Z
 clkload180/Z
 clkload181/ZN
 clkload182/ZN
 clkload183/ZN
 clkload184/ZN
 clkload185/ZN
 clkload186/ZN
 clkload187/ZN
 clkload188/Z
 clkload189/Z
 clkload19/Z
 clkload190/ZN
 clkload191/ZN
 clkload192/ZN
 clkload193/ZN
 clkload194/ZN
 clkload195/ZN
 clkload196/Z
 clkload197/ZN
 clkload198/ZN
 clkload199/ZN
 clkload2/Z
 clkload20/ZN
 clkload200/ZN
 clkload201/ZN
 clkload202/ZN
 clkload203/ZN
 clkload204/ZN
 clkload205/ZN
 clkload206/ZN
 clkload207/Z
 clkload208/ZN
 clkload209/ZN
 clkload21/Z
 clkload210/ZN
 clkload211/ZN
 clkload212/ZN
 clkload213/ZN
 clkload214/ZN
 clkload215/ZN
 clkload216/ZN
 clkload217/ZN
 clkload218/ZN
 clkload219/Z
 clkload22/Z
 clkload220/ZN
 clkload221/ZN
 clkload222/ZN
 clkload223/ZN
 clkload224/ZN
 clkload225/ZN
 clkload226/ZN
 clkload227/ZN
 clkload228/Z
 clkload229/ZN
 clkload23/Z
 clkload230/Z
 clkload231/Z
 clkload232/Z
 clkload233/Z
 clkload234/ZN
 clkload235/ZN
 clkload236/ZN
 clkload237/ZN
 clkload238/ZN
 clkload239/Z
 clkload24/Z
 clkload240/ZN
 clkload241/ZN
 clkload242/ZN
 clkload243/ZN
 clkload244/ZN
 clkload245/Z
 clkload246/ZN
 clkload247/ZN
 clkload248/ZN
 clkload249/ZN
 clkload25/Z
 clkload250/ZN
 clkload251/ZN
 clkload252/ZN
 clkload253/ZN
 clkload254/ZN
 clkload255/ZN
 clkload256/Z
 clkload257/ZN
 clkload258/ZN
 clkload259/Z
 clkload26/Z
 clkload260/Z
 clkload261/ZN
 clkload262/ZN
 clkload263/Z
 clkload264/ZN
 clkload265/ZN
 clkload266/Z
 clkload267/ZN
 clkload268/ZN
 clkload269/Z
 clkload27/Z
 clkload270/ZN
 clkload271/ZN
 clkload272/ZN
 clkload273/ZN
 clkload274/Z
 clkload275/ZN
 clkload276/ZN
 clkload277/Z
 clkload278/Z
 clkload279/ZN
 clkload28/Z
 clkload280/ZN
 clkload281/ZN
 clkload282/ZN
 clkload283/ZN
 clkload284/ZN
 clkload285/ZN
 clkload286/ZN
 clkload287/Z
 clkload288/ZN
 clkload289/ZN
 clkload29/Z
 clkload290/ZN
 clkload291/ZN
 clkload292/ZN
 clkload293/Z
 clkload294/ZN
 clkload295/Z
 clkload296/ZN
 clkload297/ZN
 clkload3/Z
 clkload30/Z
 clkload31/Z
 clkload32/ZN
 clkload33/ZN
 clkload34/Z
 clkload35/Z
 clkload36/Z
 clkload37/Z
 clkload38/ZN
 clkload39/Z
 clkload4/Z
 clkload40/Z
 clkload41/Z
 clkload42/Z
 clkload43/Z
 clkload44/Z
 clkload45/Z
 clkload46/Z
 clkload47/Z
 clkload48/ZN
 clkload49/Z
 clkload5/Z
 clkload50/Z
 clkload51/ZN
 clkload52/ZN
 clkload53/Z
 clkload54/ZN
 clkload55/ZN
 clkload56/ZN
 clkload57/ZN
 clkload58/ZN
 clkload59/ZN
 clkload6/Z
 clkload60/Z
 clkload61/ZN
 clkload62/ZN
 clkload63/ZN
 clkload64/ZN
 clkload65/Z
 clkload66/ZN
 clkload67/ZN
 clkload68/Z
 clkload69/ZN
 clkload7/Z
 clkload70/ZN
 clkload71/ZN
 clkload72/ZN
 clkload73/ZN
 clkload74/ZN
 clkload75/ZN
 clkload76/ZN
 clkload77/ZN
 clkload78/ZN
 clkload79/ZN
 clkload8/Z
 clkload80/ZN
 clkload81/ZN
 clkload82/ZN
 clkload83/ZN
 clkload84/Z
 clkload85/ZN
 clkload86/ZN
 clkload87/ZN
 clkload88/ZN
 clkload89/ZN
 clkload9/Z
 clkload90/ZN
 clkload91/ZN
 clkload92/ZN
 clkload93/Z
 clkload94/ZN
 clkload95/ZN
 clkload96/ZN
 clkload97/ZN
 clkload98/ZN
 clkload99/ZN
Found 0 partially unannotated drivers.

===========================================================================
max slew violation count 185
max fanout violation count 6
max cap violation count 38
============================================================================

===========================================================================
check_setup -verbose -unconstrained_endpoints -multiple_clock -no_clock -no_input_delay -loops -generated_clocks
===========================================================================
