Clock: clk
Sources: clk 
Generated: no
Virtual: yes
Propagated: no
Period: 30.000000

===========================================================================
report_clock_properties
============================================================================
Clock                   Period          Waveform
----------------------------------------------------
clk                  30.000000    0.000000 15.000000

===========================================================================
report_clock_latency
============================================================================
Clock clk
rise -> rise
    min     max
0.000000 0.000000 source latency
2.309167         network latency _21702_/CLK
        2.803163 network latency _21002_/CLK
---------------
2.309167 2.803163 latency
        0.493997 skew

fall -> fall
    min     max
0.000000 0.000000 source latency
2.143223         network latency u_transform_scheduler_core.u_fft_scratch_sram.u_lo.u_sram/CLK
        2.820437 network latency _21002_/CLK
---------------
2.143223 2.820437 latency
        0.677215 skew



===========================================================================
report_clock_min_period
============================================================================
clk period_min = 23.25 fmax = 43.02
