Reading timing models for corner nom_tt_025C_5v00…
Reading timing library for the 'nom_tt_025C_5v00' corner at '/foss/pdks/gf180mcuD/libs.ref/gf180mcu_fd_sc_mcu9t5v0/lib/gf180mcu_fd_sc_mcu9t5v0__tt_025C_5v00.lib'…
Reading timing library for the 'nom_tt_025C_5v00' corner at '/foss/pdks/gf180mcuD/libs.ref/gf180mcu_fd_ip_sram/lib/gf180mcu_fd_ip_sram__sram256x8m8wm1__tt_025C_5v00.lib'…
Reading OpenROAD database at '/headless/aravindustries-repos/butterfold/butterfold_proto/physical/librelane/runs/butterfold_top_fft64_three_input_eco_debug/01-odb-insertecobuffers/butterfold_top.odb'…
Reading design constraints file at '/headless/aravindustries-repos/butterfold/butterfold_proto/physical/constraints.sdc'…
[INFO] No information on clock propagation in input SDC file-- propagating all clocks.
[INFO ORD-0030] Using 22 thread(s).
+ detailed_route -droute_end_iter 64 -or_seed 42 -verbose 1 -output_drc /headless/aravindustries-repos/butterfold/butterfold_proto/physical/librelane/runs/butterfold_top_fft64_three_eco_drt_debug/01-openroad-detailedrouting/drt-run-0/butterfold_top.drc
[INFO DRT-0149] Reading tech and libs.
[WARNING DRT-0349] LEF58_ENCLOSURE with no CUTCLASS is not supported. Skipping for layer Via1
[WARNING DRT-0349] LEF58_ENCLOSURE with no CUTCLASS is not supported. Skipping for layer Via1
[WARNING DRT-0349] LEF58_ENCLOSURE with no CUTCLASS is not supported. Skipping for layer Via2
[WARNING DRT-0349] LEF58_ENCLOSURE with no CUTCLASS is not supported. Skipping for layer Via2
[WARNING DRT-0349] LEF58_ENCLOSURE with no CUTCLASS is not supported. Skipping for layer Via3
[WARNING DRT-0349] LEF58_ENCLOSURE with no CUTCLASS is not supported. Skipping for layer Via3
[WARNING DRT-0349] LEF58_ENCLOSURE with no CUTCLASS is not supported. Skipping for layer Via4
[WARNING DRT-0349] LEF58_ENCLOSURE with no CUTCLASS is not supported. Skipping for layer Via4

Units:                2000
Number of layers:     11
Number of macros:     230
Number of vias:       88
Number of viarulegen: 16

[INFO DRT-0150] Reading design.
[WARNING DRT-0120] Large net rst_n has 1458 pins which may impact routing performance. Consider optimization.

Design:                   butterfold_top
Die area:                 ( 0 0 ) ( 2179400 2233160 )
Number of track patterns: 10
Number of DEF vias:       0
Number of components:     16386
Number of terminals:      23
Number of snets:          2
Number of nets:           11447

[INFO DRT-0167] List of default vias:
  Layer Via2
    default via: Via2_VH
  Layer Via3
    default via: Via3_HV
  Layer Via4
    default via: Via4_VH
[INFO DRT-0162] Library cell analysis.
[INFO DRT-0163] Instance analysis.
[INFO DRT-0164] Number of unique instances = 296.
[INFO DRT-0168] Init region query.
[INFO DRT-0024]   Complete Poly2.
[INFO DRT-0024]   Complete CON.
[INFO DRT-0024]   Complete Metal1.
[INFO DRT-0024]   Complete Via1.
[INFO DRT-0024]   Complete Metal2.
[INFO DRT-0024]   Complete Via2.
[INFO DRT-0024]   Complete Metal3.
[INFO DRT-0024]   Complete Via3.
[INFO DRT-0024]   Complete Metal4.
[INFO DRT-0024]   Complete Via4.
[INFO DRT-0024]   Complete Metal5.
[INFO DRT-0033] Poly2 shape region query size = 0.
[INFO DRT-0033] CON shape region query size = 0.
[INFO DRT-0033] Metal1 shape region query size = 306553.
[INFO DRT-0033] Via1 shape region query size = 3654.
[INFO DRT-0033] Metal2 shape region query size = 2684.
[INFO DRT-0033] Via2 shape region query size = 3654.
[INFO DRT-0033] Metal3 shape region query size = 3091.
[INFO DRT-0033] Via3 shape region query size = 5154.
[INFO DRT-0033] Metal4 shape region query size = 1442.
[INFO DRT-0033] Via4 shape region query size = 1134.
[INFO DRT-0033] Metal5 shape region query size = 154.
[INFO DRT-0165] Start pin access.
[INFO DRT-0076]   Complete 1000 pins.
[INFO DRT-0076]   Complete 2000 pins.
[INFO DRT-0078]   Complete 2398 pins.
[INFO DRT-0079]   Complete 100 unique inst patterns.
[INFO DRT-0079]   Complete 200 unique inst patterns.
[INFO DRT-0079]   Complete 300 unique inst patterns.
[INFO DRT-0081]   Complete 303 unique inst patterns.
[INFO DRT-0082]   Complete 10000 groups.
[INFO DRT-0084]   Complete 11510 groups.
#scanned instances     = 16386
#unique  instances     = 309
#stdCellGenAp          = 10373
#stdCellValidPlanarAp  = 0
#stdCellValidViaAp     = 7975
#stdCellPinNoAp        = 0
#stdCellPinCnt         = 41876
#instTermValidViaApCnt = 0
#macroGenAp            = 1120
#macroValidPlanarAp    = 1120
#macroValidViaAp       = 344
#macroNoAp             = 0
[INFO DRT-0166] Complete pin access.
[INFO DRT-0267] cpu time = 00:01:16, elapsed time = 00:00:05, memory = 205.00 (MB), peak = 203.65 (MB)
[INFO DRT-0156] guideIn read 100000 guides.

[INFO DRT-0157] Number of guides:     112077

[INFO DRT-0169] Post process guides.
[INFO DRT-0176] GCELLGRID X 0 DO 129 STEP 16800 ;
[INFO DRT-0177] GCELLGRID Y 0 DO 132 STEP 16800 ;
[INFO DRT-0026]   Complete 100000 origin guides.
[INFO DRT-0028]   Complete Poly2.
[INFO DRT-0028]   Complete CON.
[INFO DRT-0028]   Complete Metal1.
[INFO DRT-0028]   Complete Via1.
[INFO DRT-0028]   Complete Metal2.
[INFO DRT-0028]   Complete Via2.
[INFO DRT-0028]   Complete Metal3.
[INFO DRT-0028]   Complete Via3.
[INFO DRT-0028]   Complete Metal4.
[INFO DRT-0028]   Complete Via4.
[INFO DRT-0028]   Complete Metal5.
[INFO DRT-0178] Init guide query.
[INFO DRT-0035]   Complete Poly2 (guide).
[INFO DRT-0035]   Complete CON (guide).
[INFO DRT-0035]   Complete Metal1 (guide).
[INFO DRT-0035]   Complete Via1 (guide).
[INFO DRT-0035]   Complete Metal2 (guide).
[INFO DRT-0035]   Complete Via2 (guide).
[INFO DRT-0035]   Complete Metal3 (guide).
[INFO DRT-0035]   Complete Via3 (guide).
[INFO DRT-0035]   Complete Metal4 (guide).
[INFO DRT-0035]   Complete Via4 (guide).
[INFO DRT-0035]   Complete Metal5 (guide).
[INFO DRT-0036] Poly2 guide region query size = 0.
[INFO DRT-0036] CON guide region query size = 0.
[INFO DRT-0036] Metal1 guide region query size = 38296.
[INFO DRT-0036] Via1 guide region query size = 0.
[INFO DRT-0036] Metal2 guide region query size = 36301.
[INFO DRT-0036] Via2 guide region query size = 0.
[INFO DRT-0036] Metal3 guide region query size = 18389.
[INFO DRT-0036] Via3 guide region query size = 0.
[INFO DRT-0036] Metal4 guide region query size = 682.
[INFO DRT-0036] Via4 guide region query size = 0.
[INFO DRT-0036] Metal5 guide region query size = 242.
[INFO DRT-0179] Init gr pin query.
[INFO DRT-0267] cpu time = 00:00:03, elapsed time = 00:00:01, memory = 246.29 (MB), peak = 244.19 (MB)
[INFO DRT-0245] skipped writing guide updates to database.
[INFO DRT-0185] Post process initialize RPin region query.
[INFO DRT-0181] Start track assignment.
[INFO DRT-0184] Done with 36983 vertical wires in 3 frboxes and 56927 horizontal wires in 3 frboxes.
[INFO DRT-0186] Done with 8241 vertical wires in 3 frboxes and 6087 horizontal wires in 3 frboxes.
[INFO DRT-0182] Complete track assignment.
[INFO DRT-0267] cpu time = 00:00:07, elapsed time = 00:00:01, memory = 468.31 (MB), peak = 466.14 (MB)
[INFO DRT-0187] Start routing data preparation.
[INFO DRT-0267] cpu time = 00:00:00, elapsed time = 00:00:00, memory = 489.09 (MB), peak = 487.14 (MB)
[INFO DRT-0194] Start detail routing.
[INFO DRT-0195] Start 0th optimization iteration.
    Completing 10% with 0 violations.
    elapsed time = 00:00:01, memory = 652.98 (MB).
    Completing 20% with 0 violations.
    elapsed time = 00:00:02, memory = 726.91 (MB).
    Completing 30% with 425 violations.
    elapsed time = 00:00:04, memory = 774.83 (MB).
    Completing 40% with 425 violations.
    elapsed time = 00:00:05, memory = 797.95 (MB).
    Completing 50% with 425 violations.
    elapsed time = 00:00:06, memory = 820.27 (MB).
    Completing 60% with 805 violations.
    elapsed time = 00:00:07, memory = 835.35 (MB).
    Completing 70% with 805 violations.
    elapsed time = 00:00:08, memory = 843.04 (MB).
    Completing 80% with 1172 violations.
    elapsed time = 00:00:10, memory = 852.33 (MB).
    Completing 90% with 1172 violations.
    elapsed time = 00:00:12, memory = 866.40 (MB).
    Completing 100% with 1508 violations.
    elapsed time = 00:00:14, memory = 883.99 (MB).
[INFO DRT-0199]   Number of violations = 2383.
Viol/Layer      Metal1   Via1 Metal2 Metal3 Metal4 Metal5
Cut Spacing          0      1      0      0      0      0
Metal Spacing        2      0    134     14      0      0
Recheck             18      0    675    174      6      2
Short                0      0   1209    148      0      0
[INFO DRT-0267] cpu time = 00:04:14, elapsed time = 00:00:16, memory = 1165.23 (MB), peak = 1162.98 (MB)
Total wire length = 927416 um.
Total wire length on LAYER Metal1 = 0 um.
Total wire length on LAYER Metal2 = 427396 um.
Total wire length on LAYER Metal3 = 413743 um.
Total wire length on LAYER Metal4 = 41352 um.
Total wire length on LAYER Metal5 = 44923 um.
Total number of vias = 87095.
Up-via summary (total 87095):

----------------
  Poly2        0
 Metal1    42574
 Metal2    42739
 Metal3     1307
 Metal4      475
----------------
       87095


[INFO DRT-0195] Start 1st optimization iteration.
    Completing 10% with 2383 violations.
    elapsed time = 00:00:01, memory = 1167.27 (MB).
    Completing 20% with 2383 violations.
    elapsed time = 00:00:02, memory = 1170.68 (MB).
    Completing 30% with 1905 violations.
    elapsed time = 00:00:04, memory = 1180.30 (MB).
    Completing 40% with 1905 violations.
    elapsed time = 00:00:05, memory = 1186.58 (MB).
    Completing 50% with 1905 violations.
    elapsed time = 00:00:07, memory = 1208.01 (MB).
    Completing 60% with 1369 violations.
    elapsed time = 00:00:09, memory = 1205.61 (MB).
    Completing 70% with 1369 violations.
    elapsed time = 00:00:10, memory = 1208.80 (MB).
    Completing 80% with 1040 violations.
    elapsed time = 00:00:12, memory = 1213.20 (MB).
    Completing 90% with 1040 violations.
    elapsed time = 00:00:12, memory = 1216.18 (MB).
    Completing 100% with 551 violations.
    elapsed time = 00:00:15, memory = 1229.07 (MB).
[INFO DRT-0199]   Number of violations = 551.
Viol/Layer      Metal2 Metal3
Metal Spacing       97      5
NS Metal             2      0
Short              421     26
[INFO DRT-0267] cpu time = 00:04:37, elapsed time = 00:00:16, memory = 1232.07 (MB), peak = 1230.14 (MB)
Total wire length = 924115 um.
Total wire length on LAYER Metal1 = 0 um.
Total wire length on LAYER Metal2 = 424727 um.
Total wire length on LAYER Metal3 = 412495 um.
Total wire length on LAYER Metal4 = 42034 um.
Total wire length on LAYER Metal5 = 44858 um.
Total number of vias = 86605.
Up-via summary (total 86605):

----------------
  Poly2        0
 Metal1    42596
 Metal2    42098
 Metal3     1444
 Metal4      467
----------------
       86605


[INFO DRT-0195] Start 2nd optimization iteration.
    Completing 10% with 551 violations.
    elapsed time = 00:00:00, memory = 1232.07 (MB).
    Completing 20% with 551 violations.
    elapsed time = 00:00:01, memory = 1232.91 (MB).
    Completing 30% with 494 violations.
    elapsed time = 00:00:02, memory = 1241.99 (MB).
    Completing 40% with 494 violations.
    elapsed time = 00:00:02, memory = 1241.99 (MB).
    Completing 50% with 494 violations.
    elapsed time = 00:00:05, memory = 1243.44 (MB).
    Completing 60% with 416 violations.
    elapsed time = 00:00:05, memory = 1243.44 (MB).
    Completing 70% with 416 violations.
    elapsed time = 00:00:06, memory = 1249.88 (MB).
    Completing 80% with 354 violations.
    elapsed time = 00:00:07, memory = 1259.30 (MB).
    Completing 90% with 354 violations.
    elapsed time = 00:00:08, memory = 1259.30 (MB).
    Completing 100% with 293 violations.
    elapsed time = 00:00:10, memory = 1259.31 (MB).
[INFO DRT-0199]   Number of violations = 293.
Viol/Layer      Metal2 Metal3 Metal4
Metal Spacing       56      3      0
Short              220     13      1
[INFO DRT-0267] cpu time = 00:02:44, elapsed time = 00:00:11, memory = 1259.93 (MB), peak = 1257.98 (MB)
Total wire length = 923504 um.
Total wire length on LAYER Metal1 = 0 um.
Total wire length on LAYER Metal2 = 423964 um.
Total wire length on LAYER Metal3 = 412615 um.
Total wire length on LAYER Metal4 = 42050 um.
Total wire length on LAYER Metal5 = 44874 um.
Total number of vias = 86455.
Up-via summary (total 86455):

----------------
  Poly2        0
 Metal1    42593
 Metal2    41969
 Metal3     1429
 Metal4      464
----------------
       86455


[INFO DRT-0195] Start 3rd optimization iteration.
    Completing 10% with 293 violations.
    elapsed time = 00:00:00, memory = 1259.93 (MB).
    Completing 20% with 293 violations.
    elapsed time = 00:00:00, memory = 1259.93 (MB).
    Completing 30% with 225 violations.
    elapsed time = 00:00:01, memory = 1259.94 (MB).
    Completing 40% with 225 violations.
    elapsed time = 00:00:01, memory = 1259.94 (MB).
    Completing 50% with 225 violations.
    elapsed time = 00:00:02, memory = 1259.94 (MB).
    Completing 60% with 155 violations.
    elapsed time = 00:00:02, memory = 1259.94 (MB).
    Completing 70% with 155 violations.
    elapsed time = 00:00:02, memory = 1259.94 (MB).
    Completing 80% with 89 violations.
    elapsed time = 00:00:04, memory = 1259.94 (MB).
    Completing 90% with 89 violations.
    elapsed time = 00:00:04, memory = 1259.94 (MB).
    Completing 100% with 2 violations.
    elapsed time = 00:00:06, memory = 1259.94 (MB).
[INFO DRT-0199]   Number of violations = 2.
Viol/Layer      Metal2
Metal Spacing        1
Short                1
[INFO DRT-0267] cpu time = 00:01:05, elapsed time = 00:00:06, memory = 1259.94 (MB), peak = 1257.98 (MB)
Total wire length = 923282 um.
Total wire length on LAYER Metal1 = 0 um.
Total wire length on LAYER Metal2 = 420113 um.
Total wire length on LAYER Metal3 = 412784 um.
Total wire length on LAYER Metal4 = 45461 um.
Total wire length on LAYER Metal5 = 44922 um.
Total number of vias = 87011.
Up-via summary (total 87011):

----------------
  Poly2        0
 Metal1    42590
 Metal2    42161
 Metal3     1790
 Metal4      470
----------------
       87011


[INFO DRT-0195] Start 4th guides tiles iteration.
    Completing 20% with 2 violations.
    elapsed time = 00:00:00, memory = 1259.94 (MB).
    Completing 50% with 2 violations.
    elapsed time = 00:00:00, memory = 1259.94 (MB).
    Completing 70% with 0 violations.
    elapsed time = 00:00:00, memory = 1259.94 (MB).
    Completing 100% with 0 violations.
    elapsed time = 00:00:00, memory = 1259.94 (MB).
[INFO DRT-0199]   Number of violations = 0.
[INFO DRT-0267] cpu time = 00:00:03, elapsed time = 00:00:00, memory = 1259.94 (MB), peak = 1257.98 (MB)
Total wire length = 923281 um.
Total wire length on LAYER Metal1 = 0 um.
Total wire length on LAYER Metal2 = 420060 um.
Total wire length on LAYER Metal3 = 412786 um.
Total wire length on LAYER Metal4 = 45512 um.
Total wire length on LAYER Metal5 = 44922 um.
Total number of vias = 87017.
Up-via summary (total 87017):

----------------
  Poly2        0
 Metal1    42590
 Metal2    42161
 Metal3     1796
 Metal4      470
----------------
       87017


[INFO DRT-0198] Complete detail routing.
Total wire length = 923281 um.
Total wire length on LAYER Metal1 = 0 um.
Total wire length on LAYER Metal2 = 420060 um.
Total wire length on LAYER Metal3 = 412786 um.
Total wire length on LAYER Metal4 = 45512 um.
Total wire length on LAYER Metal5 = 44922 um.
Total number of vias = 87017.
Up-via summary (total 87017):

----------------
  Poly2        0
 Metal1    42590
 Metal2    42161
 Metal3     1796
 Metal4      470
----------------
       87017


[INFO DRT-0267] cpu time = 00:12:45, elapsed time = 00:00:51, memory = 1260.00 (MB), peak = 1257.98 (MB)

[INFO DRT-0180] Post processing.
+ check_antennas 
[INFO ANT-0002] Found 4 net violations.
[INFO ANT-0001] Found 4 pin violations.
[INFO] Running antenna repair iteration 1…
+ repair_antennas gf180mcu_fd_sc_mcu9t5v0__antenna -ratio_margin 10
[WARNING GRT-0281] Net rst_n has a large fanout of 1458 terminals.
[WARNING GRT-0281] Net rst_n has a large fanout of 1458 terminals.
[INFO GRT-0012] Found 4 antenna violations.
[INFO GRT-0015] Inserted 5 diodes.
+ detailed_route -droute_end_iter 64 -or_seed 42 -verbose 1 -output_drc /headless/aravindustries-repos/butterfold/butterfold_proto/physical/librelane/runs/butterfold_top_fft64_three_eco_drt_debug/01-openroad-detailedrouting/drt-run-1/butterfold_top.drc
[WARNING DRT-0120] Large net rst_n has 1458 pins which may impact routing performance. Consider optimization.
[INFO DRT-0024]   Complete Poly2.
[INFO DRT-0024]   Complete CON.
[INFO DRT-0024]   Complete Metal1.
[INFO DRT-0024]   Complete Via1.
[INFO DRT-0024]   Complete Metal2.
[INFO DRT-0024]   Complete Via2.
[INFO DRT-0024]   Complete Metal3.
[INFO DRT-0024]   Complete Via3.
[INFO DRT-0024]   Complete Metal4.
[INFO DRT-0024]   Complete Via4.
[INFO DRT-0024]   Complete Metal5.
[INFO DRT-0165] Start pin access.
[INFO DRT-0076]   Complete 1000 pins.
[INFO DRT-0076]   Complete 2000 pins.
[ERROR DRT-0073] No access point for clkbuf_2_2_0_clk_regs/I (gf180mcu_fd_sc_mcu9t5v0__clkbuf_8).
Error: drt.tcl, 122 DRT-0073
