Clock: core_clk
Sources: clk 
Generated: no
Virtual: yes
Propagated: no
Period: 16.276043

===========================================================================
report_clock_properties
============================================================================
Clock                   Period          Waveform
----------------------------------------------------
core_clk             16.276043    0.000000  8.138021

===========================================================================
report_clock_latency
============================================================================
Clock core_clk
rise -> rise
    min     max
0.000000 0.000000 source latency
1.178656         network latency u_transform_scheduler_core.u_fft_scratch_sram.u_hi.u_sram/CLK
        1.322663 network latency _19885_/CLK
---------------
1.178656 1.322663 latency
        0.144007 skew

fall -> fall
    min     max
0.000000 0.000000 source latency
1.151349         network latency u_transform_scheduler_core.u_fft_scratch_sram.u_hi.u_sram/CLK
        1.336445 network latency _19885_/CLK
---------------
1.151349 1.336445 latency
        0.185096 skew



===========================================================================
report_clock_min_period
============================================================================
core_clk period_min = 19.80 fmax = 50.51
