Startpoint: din[6] (input port clocked by core_clk)
Endpoint: u_transform_scheduler_core.u_fft_scratch_sram.u_hi.u_sram
          (rising edge-triggered flip-flop clocked by core_clk)
Path Group: core_clk
Path Type: max

  Delay    Time   Description
---------------------------------------------------------
   0.00    0.00   clock core_clk (rise edge)
   0.00    0.00   clock network delay (propagated)
   2.04    2.04 v input external delay
   0.00    2.04 v din[6] (in)
   1.69    3.73 v hold710/Z (gf180mcu_fd_sc_mcu9t5v0__dlyc_1)
   0.33    4.06 v _09545_/Z (gf180mcu_fd_sc_mcu9t5v0__and2_1)
   0.23    4.29 ^ _09562_/ZN (gf180mcu_fd_sc_mcu9t5v0__nand2_1)
   0.32    4.61 v _09567_/ZN (gf180mcu_fd_sc_mcu9t5v0__nor3_1)
   0.27    4.88 v place569/Z (gf180mcu_fd_sc_mcu9t5v0__buf_8)
   0.18    5.06 ^ _09568_/ZN (gf180mcu_fd_sc_mcu9t5v0__nand2_1)
   0.10    5.16 v _09569_/ZN (gf180mcu_fd_sc_mcu9t5v0__nand2_1)
   0.28    5.44 ^ _09570_/ZN (gf180mcu_fd_sc_mcu9t5v0__oai211_1)
   0.19    5.63 v _09571_/ZN (gf180mcu_fd_sc_mcu9t5v0__nand2_1)
   0.18    5.81 ^ _09572_/ZN (gf180mcu_fd_sc_mcu9t5v0__clkinv_1)
   0.16    5.97 v _09573_/ZN (gf180mcu_fd_sc_mcu9t5v0__nor2_1)
   0.75    6.72 ^ _09574_/ZN (gf180mcu_fd_sc_mcu9t5v0__oai21_1)
   0.24    6.96 ^ place481/Z (gf180mcu_fd_sc_mcu9t5v0__buf_8)
   0.12    7.08 v _09811_/ZN (gf180mcu_fd_sc_mcu9t5v0__oai211_1)
   0.43    7.51 v _09812_/Z (gf180mcu_fd_sc_mcu9t5v0__and2_1)
   0.13    7.64 ^ _09813_/ZN (gf180mcu_fd_sc_mcu9t5v0__clkinv_1)
   0.32    7.95 v _09814_/ZN (gf180mcu_fd_sc_mcu9t5v0__nand2_1)
   0.75    8.70 ^ _10093_/ZN (gf180mcu_fd_sc_mcu9t5v0__nor3_1)
   0.28    8.98 ^ place434/Z (gf180mcu_fd_sc_mcu9t5v0__buf_8)
   0.20    9.18 v _10095_/ZN (gf180mcu_fd_sc_mcu9t5v0__aoi221_1)
   0.44    9.62 ^ _10096_/ZN (gf180mcu_fd_sc_mcu9t5v0__nor2_1)
   0.19    9.82 ^ place342/Z (gf180mcu_fd_sc_mcu9t5v0__buf_8)
   0.00    9.82 ^ u_transform_scheduler_core.u_fft_scratch_sram.u_hi.u_sram/D[6] (gf180mcu_fd_ip_sram__sram256x8m8wm1)
           9.82   data arrival time

  16.28   16.28   clock core_clk (rise edge)
   0.00   16.28   clock source latency
   0.00   16.28 ^ clk (in)
   0.25   16.52 ^ delaybuf_0_core_clk/Z (gf180mcu_fd_sc_mcu9t5v0__clkbuf_16)
   0.17   16.70 ^ delaybuf_1_core_clk/Z (gf180mcu_fd_sc_mcu9t5v0__clkbuf_16)
   0.17   16.87 ^ delaybuf_2_core_clk/Z (gf180mcu_fd_sc_mcu9t5v0__clkbuf_16)
   0.17   17.04 ^ delaybuf_3_core_clk/Z (gf180mcu_fd_sc_mcu9t5v0__clkbuf_16)
   0.19   17.23 ^ clkbuf_0_clk/Z (gf180mcu_fd_sc_mcu9t5v0__clkbuf_16)
   0.28   17.51 ^ clkbuf_1_1__f_clk/Z (gf180mcu_fd_sc_mcu9t5v0__clkbuf_16)
   0.00   17.51 ^ u_transform_scheduler_core.u_fft_scratch_sram.u_hi.u_sram/CLK (gf180mcu_fd_ip_sram__sram256x8m8wm1)
  -0.10   17.41   clock uncertainty
   0.00   17.41   clock reconvergence pessimism
  -0.47   16.94   library setup time
          16.94   data required time
---------------------------------------------------------
          16.94   data required time
          -9.82   data arrival time
---------------------------------------------------------
           7.12   slack (MET)


Startpoint: din[6] (input port clocked by core_clk)
Endpoint: u_transform_scheduler_core.u_fft_scratch_sram.u_lo.u_sram
          (rising edge-triggered flip-flop clocked by core_clk)
Path Group: core_clk
Path Type: max

  Delay    Time   Description
---------------------------------------------------------
   0.00    0.00   clock core_clk (rise edge)
   0.00    0.00   clock network delay (propagated)
   2.04    2.04 v input external delay
   0.00    2.04 v din[6] (in)
   1.69    3.73 v hold710/Z (gf180mcu_fd_sc_mcu9t5v0__dlyc_1)
   0.33    4.06 v _09545_/Z (gf180mcu_fd_sc_mcu9t5v0__and2_1)
   0.23    4.29 ^ _09562_/ZN (gf180mcu_fd_sc_mcu9t5v0__nand2_1)
   0.32    4.61 v _09567_/ZN (gf180mcu_fd_sc_mcu9t5v0__nor3_1)
   0.27    4.88 v place569/Z (gf180mcu_fd_sc_mcu9t5v0__buf_8)
   0.18    5.06 ^ _09568_/ZN (gf180mcu_fd_sc_mcu9t5v0__nand2_1)
   0.10    5.16 v _09569_/ZN (gf180mcu_fd_sc_mcu9t5v0__nand2_1)
   0.28    5.44 ^ _09570_/ZN (gf180mcu_fd_sc_mcu9t5v0__oai211_1)
   0.19    5.63 v _09571_/ZN (gf180mcu_fd_sc_mcu9t5v0__nand2_1)
   0.18    5.81 ^ _09572_/ZN (gf180mcu_fd_sc_mcu9t5v0__clkinv_1)
   0.16    5.97 v _09573_/ZN (gf180mcu_fd_sc_mcu9t5v0__nor2_1)
   0.75    6.72 ^ _09574_/ZN (gf180mcu_fd_sc_mcu9t5v0__oai21_1)
   0.24    6.96 ^ place481/Z (gf180mcu_fd_sc_mcu9t5v0__buf_8)
   0.12    7.08 v _09811_/ZN (gf180mcu_fd_sc_mcu9t5v0__oai211_1)
   0.43    7.51 v _09812_/Z (gf180mcu_fd_sc_mcu9t5v0__and2_1)
   0.13    7.64 ^ _09813_/ZN (gf180mcu_fd_sc_mcu9t5v0__clkinv_1)
   0.32    7.95 v _09814_/ZN (gf180mcu_fd_sc_mcu9t5v0__nand2_1)
   0.75    8.70 ^ _10093_/ZN (gf180mcu_fd_sc_mcu9t5v0__nor3_1)
   0.28    8.98 ^ place434/Z (gf180mcu_fd_sc_mcu9t5v0__buf_8)
   0.11    9.09 v _10484_/ZN (gf180mcu_fd_sc_mcu9t5v0__aoi21_1)
   0.50    9.59 ^ _10489_/ZN (gf180mcu_fd_sc_mcu9t5v0__aoi22_1)
   0.20    9.79 ^ place365/Z (gf180mcu_fd_sc_mcu9t5v0__buf_8)
   0.00    9.79 ^ u_transform_scheduler_core.u_fft_scratch_sram.u_lo.u_sram/D[0] (gf180mcu_fd_ip_sram__sram256x8m8wm1)
           9.79   data arrival time

  16.28   16.28   clock core_clk (rise edge)
   0.00   16.28   clock source latency
   0.00   16.28 ^ clk (in)
   0.25   16.52 ^ delaybuf_0_core_clk/Z (gf180mcu_fd_sc_mcu9t5v0__clkbuf_16)
   0.17   16.70 ^ delaybuf_1_core_clk/Z (gf180mcu_fd_sc_mcu9t5v0__clkbuf_16)
   0.17   16.87 ^ delaybuf_2_core_clk/Z (gf180mcu_fd_sc_mcu9t5v0__clkbuf_16)
   0.17   17.04 ^ delaybuf_3_core_clk/Z (gf180mcu_fd_sc_mcu9t5v0__clkbuf_16)
   0.19   17.23 ^ clkbuf_0_clk/Z (gf180mcu_fd_sc_mcu9t5v0__clkbuf_16)
   0.28   17.51 ^ clkbuf_1_0__f_clk/Z (gf180mcu_fd_sc_mcu9t5v0__clkbuf_16)
   0.00   17.51 ^ u_transform_scheduler_core.u_fft_scratch_sram.u_lo.u_sram/CLK (gf180mcu_fd_ip_sram__sram256x8m8wm1)
  -0.10   17.41   clock uncertainty
   0.00   17.41   clock reconvergence pessimism
  -0.47   16.94   library setup time
          16.94   data required time
---------------------------------------------------------
          16.94   data required time
          -9.79   data arrival time
---------------------------------------------------------
           7.14   slack (MET)


Startpoint: din[6] (input port clocked by core_clk)
Endpoint: u_transform_scheduler_core.u_fft_scratch_sram.u_lo.u_sram
          (rising edge-triggered flip-flop clocked by core_clk)
Path Group: core_clk
Path Type: max

  Delay    Time   Description
---------------------------------------------------------
   0.00    0.00   clock core_clk (rise edge)
   0.00    0.00   clock network delay (propagated)
   2.04    2.04 v input external delay
   0.00    2.04 v din[6] (in)
   1.69    3.73 v hold710/Z (gf180mcu_fd_sc_mcu9t5v0__dlyc_1)
   0.33    4.06 v _09545_/Z (gf180mcu_fd_sc_mcu9t5v0__and2_1)
   0.23    4.29 ^ _09562_/ZN (gf180mcu_fd_sc_mcu9t5v0__nand2_1)
   0.32    4.61 v _09567_/ZN (gf180mcu_fd_sc_mcu9t5v0__nor3_1)
   0.27    4.88 v place569/Z (gf180mcu_fd_sc_mcu9t5v0__buf_8)
   0.18    5.06 ^ _09568_/ZN (gf180mcu_fd_sc_mcu9t5v0__nand2_1)
   0.10    5.16 v _09569_/ZN (gf180mcu_fd_sc_mcu9t5v0__nand2_1)
   0.28    5.44 ^ _09570_/ZN (gf180mcu_fd_sc_mcu9t5v0__oai211_1)
   0.19    5.63 v _09571_/ZN (gf180mcu_fd_sc_mcu9t5v0__nand2_1)
   0.18    5.81 ^ _09572_/ZN (gf180mcu_fd_sc_mcu9t5v0__clkinv_1)
   0.16    5.97 v _09573_/ZN (gf180mcu_fd_sc_mcu9t5v0__nor2_1)
   0.75    6.72 ^ _09574_/ZN (gf180mcu_fd_sc_mcu9t5v0__oai21_1)
   0.24    6.96 ^ place481/Z (gf180mcu_fd_sc_mcu9t5v0__buf_8)
   0.12    7.08 v _09811_/ZN (gf180mcu_fd_sc_mcu9t5v0__oai211_1)
   0.43    7.51 v _09812_/Z (gf180mcu_fd_sc_mcu9t5v0__and2_1)
   0.13    7.64 ^ _09813_/ZN (gf180mcu_fd_sc_mcu9t5v0__clkinv_1)
   0.32    7.95 v _09814_/ZN (gf180mcu_fd_sc_mcu9t5v0__nand2_1)
   0.75    8.70 ^ _10093_/ZN (gf180mcu_fd_sc_mcu9t5v0__nor3_1)
   0.28    8.98 ^ place434/Z (gf180mcu_fd_sc_mcu9t5v0__buf_8)
   0.11    9.09 v _10459_/ZN (gf180mcu_fd_sc_mcu9t5v0__aoi21_1)
   0.50    9.59 ^ _10464_/ZN (gf180mcu_fd_sc_mcu9t5v0__aoi22_1)
   0.20    9.79 ^ place366/Z (gf180mcu_fd_sc_mcu9t5v0__buf_8)
   0.00    9.79 ^ u_transform_scheduler_core.u_fft_scratch_sram.u_lo.u_sram/D[1] (gf180mcu_fd_ip_sram__sram256x8m8wm1)
           9.79   data arrival time

  16.28   16.28   clock core_clk (rise edge)
   0.00   16.28   clock source latency
   0.00   16.28 ^ clk (in)
   0.25   16.52 ^ delaybuf_0_core_clk/Z (gf180mcu_fd_sc_mcu9t5v0__clkbuf_16)
   0.17   16.70 ^ delaybuf_1_core_clk/Z (gf180mcu_fd_sc_mcu9t5v0__clkbuf_16)
   0.17   16.87 ^ delaybuf_2_core_clk/Z (gf180mcu_fd_sc_mcu9t5v0__clkbuf_16)
   0.17   17.04 ^ delaybuf_3_core_clk/Z (gf180mcu_fd_sc_mcu9t5v0__clkbuf_16)
   0.19   17.23 ^ clkbuf_0_clk/Z (gf180mcu_fd_sc_mcu9t5v0__clkbuf_16)
   0.28   17.51 ^ clkbuf_1_0__f_clk/Z (gf180mcu_fd_sc_mcu9t5v0__clkbuf_16)
   0.00   17.51 ^ u_transform_scheduler_core.u_fft_scratch_sram.u_lo.u_sram/CLK (gf180mcu_fd_ip_sram__sram256x8m8wm1)
  -0.10   17.41   clock uncertainty
   0.00   17.41   clock reconvergence pessimism
  -0.47   16.94   library setup time
          16.94   data required time
---------------------------------------------------------
          16.94   data required time
          -9.79   data arrival time
---------------------------------------------------------
           7.14   slack (MET)


Startpoint: din[6] (input port clocked by core_clk)
Endpoint: u_transform_scheduler_core.u_fft_scratch_sram.u_lo.u_sram
          (rising edge-triggered flip-flop clocked by core_clk)
Path Group: core_clk
Path Type: max

  Delay    Time   Description
---------------------------------------------------------
   0.00    0.00   clock core_clk (rise edge)
   0.00    0.00   clock network delay (propagated)
   2.04    2.04 v input external delay
   0.00    2.04 v din[6] (in)
   1.69    3.73 v hold710/Z (gf180mcu_fd_sc_mcu9t5v0__dlyc_1)
   0.33    4.06 v _09545_/Z (gf180mcu_fd_sc_mcu9t5v0__and2_1)
   0.23    4.29 ^ _09562_/ZN (gf180mcu_fd_sc_mcu9t5v0__nand2_1)
   0.32    4.61 v _09567_/ZN (gf180mcu_fd_sc_mcu9t5v0__nor3_1)
   0.27    4.88 v place569/Z (gf180mcu_fd_sc_mcu9t5v0__buf_8)
   0.18    5.06 ^ _09568_/ZN (gf180mcu_fd_sc_mcu9t5v0__nand2_1)
   0.10    5.16 v _09569_/ZN (gf180mcu_fd_sc_mcu9t5v0__nand2_1)
   0.28    5.44 ^ _09570_/ZN (gf180mcu_fd_sc_mcu9t5v0__oai211_1)
   0.19    5.63 v _09571_/ZN (gf180mcu_fd_sc_mcu9t5v0__nand2_1)
   0.18    5.81 ^ _09572_/ZN (gf180mcu_fd_sc_mcu9t5v0__clkinv_1)
   0.16    5.97 v _09573_/ZN (gf180mcu_fd_sc_mcu9t5v0__nor2_1)
   0.75    6.72 ^ _09574_/ZN (gf180mcu_fd_sc_mcu9t5v0__oai21_1)
   0.24    6.96 ^ place481/Z (gf180mcu_fd_sc_mcu9t5v0__buf_8)
   0.12    7.08 v _09811_/ZN (gf180mcu_fd_sc_mcu9t5v0__oai211_1)
   0.43    7.51 v _09812_/Z (gf180mcu_fd_sc_mcu9t5v0__and2_1)
   0.13    7.64 ^ _09813_/ZN (gf180mcu_fd_sc_mcu9t5v0__clkinv_1)
   0.32    7.95 v _09814_/ZN (gf180mcu_fd_sc_mcu9t5v0__nand2_1)
   0.75    8.70 ^ _10093_/ZN (gf180mcu_fd_sc_mcu9t5v0__nor3_1)
   0.28    8.98 ^ place434/Z (gf180mcu_fd_sc_mcu9t5v0__buf_8)
   0.11    9.09 v _10435_/ZN (gf180mcu_fd_sc_mcu9t5v0__aoi21_1)
   0.50    9.59 ^ _10440_/ZN (gf180mcu_fd_sc_mcu9t5v0__aoi22_1)
   0.20    9.79 ^ place367/Z (gf180mcu_fd_sc_mcu9t5v0__buf_8)
   0.00    9.79 ^ u_transform_scheduler_core.u_fft_scratch_sram.u_lo.u_sram/D[2] (gf180mcu_fd_ip_sram__sram256x8m8wm1)
           9.79   data arrival time

  16.28   16.28   clock core_clk (rise edge)
   0.00   16.28   clock source latency
   0.00   16.28 ^ clk (in)
   0.25   16.52 ^ delaybuf_0_core_clk/Z (gf180mcu_fd_sc_mcu9t5v0__clkbuf_16)
   0.17   16.70 ^ delaybuf_1_core_clk/Z (gf180mcu_fd_sc_mcu9t5v0__clkbuf_16)
   0.17   16.87 ^ delaybuf_2_core_clk/Z (gf180mcu_fd_sc_mcu9t5v0__clkbuf_16)
   0.17   17.04 ^ delaybuf_3_core_clk/Z (gf180mcu_fd_sc_mcu9t5v0__clkbuf_16)
   0.19   17.23 ^ clkbuf_0_clk/Z (gf180mcu_fd_sc_mcu9t5v0__clkbuf_16)
   0.28   17.51 ^ clkbuf_1_0__f_clk/Z (gf180mcu_fd_sc_mcu9t5v0__clkbuf_16)
   0.00   17.51 ^ u_transform_scheduler_core.u_fft_scratch_sram.u_lo.u_sram/CLK (gf180mcu_fd_ip_sram__sram256x8m8wm1)
  -0.10   17.41   clock uncertainty
   0.00   17.41   clock reconvergence pessimism
  -0.47   16.94   library setup time
          16.94   data required time
---------------------------------------------------------
          16.94   data required time
          -9.79   data arrival time
---------------------------------------------------------
           7.14   slack (MET)


Startpoint: din[6] (input port clocked by core_clk)
Endpoint: u_transform_scheduler_core.u_fft_scratch_sram.u_lo.u_sram
          (rising edge-triggered flip-flop clocked by core_clk)
Path Group: core_clk
Path Type: max

  Delay    Time   Description
---------------------------------------------------------
   0.00    0.00   clock core_clk (rise edge)
   0.00    0.00   clock network delay (propagated)
   2.04    2.04 v input external delay
   0.00    2.04 v din[6] (in)
   1.69    3.73 v hold710/Z (gf180mcu_fd_sc_mcu9t5v0__dlyc_1)
   0.33    4.06 v _09545_/Z (gf180mcu_fd_sc_mcu9t5v0__and2_1)
   0.23    4.29 ^ _09562_/ZN (gf180mcu_fd_sc_mcu9t5v0__nand2_1)
   0.32    4.61 v _09567_/ZN (gf180mcu_fd_sc_mcu9t5v0__nor3_1)
   0.27    4.88 v place569/Z (gf180mcu_fd_sc_mcu9t5v0__buf_8)
   0.18    5.06 ^ _09568_/ZN (gf180mcu_fd_sc_mcu9t5v0__nand2_1)
   0.10    5.16 v _09569_/ZN (gf180mcu_fd_sc_mcu9t5v0__nand2_1)
   0.28    5.44 ^ _09570_/ZN (gf180mcu_fd_sc_mcu9t5v0__oai211_1)
   0.19    5.63 v _09571_/ZN (gf180mcu_fd_sc_mcu9t5v0__nand2_1)
   0.18    5.81 ^ _09572_/ZN (gf180mcu_fd_sc_mcu9t5v0__clkinv_1)
   0.16    5.97 v _09573_/ZN (gf180mcu_fd_sc_mcu9t5v0__nor2_1)
   0.75    6.72 ^ _09574_/ZN (gf180mcu_fd_sc_mcu9t5v0__oai21_1)
   0.24    6.96 ^ place481/Z (gf180mcu_fd_sc_mcu9t5v0__buf_8)
   0.12    7.08 v _09811_/ZN (gf180mcu_fd_sc_mcu9t5v0__oai211_1)
   0.43    7.51 v _09812_/Z (gf180mcu_fd_sc_mcu9t5v0__and2_1)
   0.13    7.64 ^ _09813_/ZN (gf180mcu_fd_sc_mcu9t5v0__clkinv_1)
   0.32    7.95 v _09814_/ZN (gf180mcu_fd_sc_mcu9t5v0__nand2_1)
   0.75    8.70 ^ _10093_/ZN (gf180mcu_fd_sc_mcu9t5v0__nor3_1)
   0.28    8.98 ^ place434/Z (gf180mcu_fd_sc_mcu9t5v0__buf_8)
   0.11    9.09 v _10409_/ZN (gf180mcu_fd_sc_mcu9t5v0__aoi21_1)
   0.50    9.59 ^ _10414_/ZN (gf180mcu_fd_sc_mcu9t5v0__aoi22_1)
   0.20    9.79 ^ place368/Z (gf180mcu_fd_sc_mcu9t5v0__buf_8)
   0.00    9.79 ^ u_transform_scheduler_core.u_fft_scratch_sram.u_lo.u_sram/D[3] (gf180mcu_fd_ip_sram__sram256x8m8wm1)
           9.79   data arrival time

  16.28   16.28   clock core_clk (rise edge)
   0.00   16.28   clock source latency
   0.00   16.28 ^ clk (in)
   0.25   16.52 ^ delaybuf_0_core_clk/Z (gf180mcu_fd_sc_mcu9t5v0__clkbuf_16)
   0.17   16.70 ^ delaybuf_1_core_clk/Z (gf180mcu_fd_sc_mcu9t5v0__clkbuf_16)
   0.17   16.87 ^ delaybuf_2_core_clk/Z (gf180mcu_fd_sc_mcu9t5v0__clkbuf_16)
   0.17   17.04 ^ delaybuf_3_core_clk/Z (gf180mcu_fd_sc_mcu9t5v0__clkbuf_16)
   0.19   17.23 ^ clkbuf_0_clk/Z (gf180mcu_fd_sc_mcu9t5v0__clkbuf_16)
   0.28   17.51 ^ clkbuf_1_0__f_clk/Z (gf180mcu_fd_sc_mcu9t5v0__clkbuf_16)
   0.00   17.51 ^ u_transform_scheduler_core.u_fft_scratch_sram.u_lo.u_sram/CLK (gf180mcu_fd_ip_sram__sram256x8m8wm1)
  -0.10   17.41   clock uncertainty
   0.00   17.41   clock reconvergence pessimism
  -0.47   16.94   library setup time
          16.94   data required time
---------------------------------------------------------
          16.94   data required time
          -9.79   data arrival time
---------------------------------------------------------
           7.14   slack (MET)


Startpoint: din[6] (input port clocked by core_clk)
Endpoint: u_transform_scheduler_core.u_fft_scratch_sram.u_lo.u_sram
          (rising edge-triggered flip-flop clocked by core_clk)
Path Group: core_clk
Path Type: max

  Delay    Time   Description
---------------------------------------------------------
   0.00    0.00   clock core_clk (rise edge)
   0.00    0.00   clock network delay (propagated)
   2.04    2.04 v input external delay
   0.00    2.04 v din[6] (in)
   1.69    3.73 v hold710/Z (gf180mcu_fd_sc_mcu9t5v0__dlyc_1)
   0.33    4.06 v _09545_/Z (gf180mcu_fd_sc_mcu9t5v0__and2_1)
   0.23    4.29 ^ _09562_/ZN (gf180mcu_fd_sc_mcu9t5v0__nand2_1)
   0.32    4.61 v _09567_/ZN (gf180mcu_fd_sc_mcu9t5v0__nor3_1)
   0.27    4.88 v place569/Z (gf180mcu_fd_sc_mcu9t5v0__buf_8)
   0.18    5.06 ^ _09568_/ZN (gf180mcu_fd_sc_mcu9t5v0__nand2_1)
   0.10    5.16 v _09569_/ZN (gf180mcu_fd_sc_mcu9t5v0__nand2_1)
   0.28    5.44 ^ _09570_/ZN (gf180mcu_fd_sc_mcu9t5v0__oai211_1)
   0.19    5.63 v _09571_/ZN (gf180mcu_fd_sc_mcu9t5v0__nand2_1)
   0.18    5.81 ^ _09572_/ZN (gf180mcu_fd_sc_mcu9t5v0__clkinv_1)
   0.16    5.97 v _09573_/ZN (gf180mcu_fd_sc_mcu9t5v0__nor2_1)
   0.75    6.72 ^ _09574_/ZN (gf180mcu_fd_sc_mcu9t5v0__oai21_1)
   0.24    6.96 ^ place481/Z (gf180mcu_fd_sc_mcu9t5v0__buf_8)
   0.12    7.08 v _09811_/ZN (gf180mcu_fd_sc_mcu9t5v0__oai211_1)
   0.43    7.51 v _09812_/Z (gf180mcu_fd_sc_mcu9t5v0__and2_1)
   0.13    7.64 ^ _09813_/ZN (gf180mcu_fd_sc_mcu9t5v0__clkinv_1)
   0.32    7.95 v _09814_/ZN (gf180mcu_fd_sc_mcu9t5v0__nand2_1)
   0.75    8.70 ^ _10093_/ZN (gf180mcu_fd_sc_mcu9t5v0__nor3_1)
   0.28    8.98 ^ place434/Z (gf180mcu_fd_sc_mcu9t5v0__buf_8)
   0.11    9.09 v _10383_/ZN (gf180mcu_fd_sc_mcu9t5v0__aoi21_1)
   0.50    9.59 ^ _10388_/ZN (gf180mcu_fd_sc_mcu9t5v0__aoi22_1)
   0.20    9.79 ^ place369/Z (gf180mcu_fd_sc_mcu9t5v0__buf_8)
   0.00    9.79 ^ u_transform_scheduler_core.u_fft_scratch_sram.u_lo.u_sram/D[4] (gf180mcu_fd_ip_sram__sram256x8m8wm1)
           9.79   data arrival time

  16.28   16.28   clock core_clk (rise edge)
   0.00   16.28   clock source latency
   0.00   16.28 ^ clk (in)
   0.25   16.52 ^ delaybuf_0_core_clk/Z (gf180mcu_fd_sc_mcu9t5v0__clkbuf_16)
   0.17   16.70 ^ delaybuf_1_core_clk/Z (gf180mcu_fd_sc_mcu9t5v0__clkbuf_16)
   0.17   16.87 ^ delaybuf_2_core_clk/Z (gf180mcu_fd_sc_mcu9t5v0__clkbuf_16)
   0.17   17.04 ^ delaybuf_3_core_clk/Z (gf180mcu_fd_sc_mcu9t5v0__clkbuf_16)
   0.19   17.23 ^ clkbuf_0_clk/Z (gf180mcu_fd_sc_mcu9t5v0__clkbuf_16)
   0.28   17.51 ^ clkbuf_1_0__f_clk/Z (gf180mcu_fd_sc_mcu9t5v0__clkbuf_16)
   0.00   17.51 ^ u_transform_scheduler_core.u_fft_scratch_sram.u_lo.u_sram/CLK (gf180mcu_fd_ip_sram__sram256x8m8wm1)
  -0.10   17.41   clock uncertainty
   0.00   17.41   clock reconvergence pessimism
  -0.47   16.94   library setup time
          16.94   data required time
---------------------------------------------------------
          16.94   data required time
          -9.79   data arrival time
---------------------------------------------------------
           7.14   slack (MET)


Startpoint: din[6] (input port clocked by core_clk)
Endpoint: u_transform_scheduler_core.u_fft_scratch_sram.u_lo.u_sram
          (rising edge-triggered flip-flop clocked by core_clk)
Path Group: core_clk
Path Type: max

  Delay    Time   Description
---------------------------------------------------------
   0.00    0.00   clock core_clk (rise edge)
   0.00    0.00   clock network delay (propagated)
   2.04    2.04 v input external delay
   0.00    2.04 v din[6] (in)
   1.69    3.73 v hold710/Z (gf180mcu_fd_sc_mcu9t5v0__dlyc_1)
   0.33    4.06 v _09545_/Z (gf180mcu_fd_sc_mcu9t5v0__and2_1)
   0.23    4.29 ^ _09562_/ZN (gf180mcu_fd_sc_mcu9t5v0__nand2_1)
   0.32    4.61 v _09567_/ZN (gf180mcu_fd_sc_mcu9t5v0__nor3_1)
   0.27    4.88 v place569/Z (gf180mcu_fd_sc_mcu9t5v0__buf_8)
   0.18    5.06 ^ _09568_/ZN (gf180mcu_fd_sc_mcu9t5v0__nand2_1)
   0.10    5.16 v _09569_/ZN (gf180mcu_fd_sc_mcu9t5v0__nand2_1)
   0.28    5.44 ^ _09570_/ZN (gf180mcu_fd_sc_mcu9t5v0__oai211_1)
   0.19    5.63 v _09571_/ZN (gf180mcu_fd_sc_mcu9t5v0__nand2_1)
   0.18    5.81 ^ _09572_/ZN (gf180mcu_fd_sc_mcu9t5v0__clkinv_1)
   0.16    5.97 v _09573_/ZN (gf180mcu_fd_sc_mcu9t5v0__nor2_1)
   0.75    6.72 ^ _09574_/ZN (gf180mcu_fd_sc_mcu9t5v0__oai21_1)
   0.24    6.96 ^ place481/Z (gf180mcu_fd_sc_mcu9t5v0__buf_8)
   0.12    7.08 v _09811_/ZN (gf180mcu_fd_sc_mcu9t5v0__oai211_1)
   0.43    7.51 v _09812_/Z (gf180mcu_fd_sc_mcu9t5v0__and2_1)
   0.13    7.64 ^ _09813_/ZN (gf180mcu_fd_sc_mcu9t5v0__clkinv_1)
   0.32    7.95 v _09814_/ZN (gf180mcu_fd_sc_mcu9t5v0__nand2_1)
   0.75    8.70 ^ _10093_/ZN (gf180mcu_fd_sc_mcu9t5v0__nor3_1)
   0.28    8.98 ^ place434/Z (gf180mcu_fd_sc_mcu9t5v0__buf_8)
   0.11    9.09 v _10350_/ZN (gf180mcu_fd_sc_mcu9t5v0__aoi21_1)
   0.50    9.59 ^ _10355_/ZN (gf180mcu_fd_sc_mcu9t5v0__aoi22_1)
   0.20    9.79 ^ place370/Z (gf180mcu_fd_sc_mcu9t5v0__buf_8)
   0.00    9.79 ^ u_transform_scheduler_core.u_fft_scratch_sram.u_lo.u_sram/D[5] (gf180mcu_fd_ip_sram__sram256x8m8wm1)
           9.79   data arrival time

  16.28   16.28   clock core_clk (rise edge)
   0.00   16.28   clock source latency
   0.00   16.28 ^ clk (in)
   0.25   16.52 ^ delaybuf_0_core_clk/Z (gf180mcu_fd_sc_mcu9t5v0__clkbuf_16)
   0.17   16.70 ^ delaybuf_1_core_clk/Z (gf180mcu_fd_sc_mcu9t5v0__clkbuf_16)
   0.17   16.87 ^ delaybuf_2_core_clk/Z (gf180mcu_fd_sc_mcu9t5v0__clkbuf_16)
   0.17   17.04 ^ delaybuf_3_core_clk/Z (gf180mcu_fd_sc_mcu9t5v0__clkbuf_16)
   0.19   17.23 ^ clkbuf_0_clk/Z (gf180mcu_fd_sc_mcu9t5v0__clkbuf_16)
   0.28   17.51 ^ clkbuf_1_0__f_clk/Z (gf180mcu_fd_sc_mcu9t5v0__clkbuf_16)
   0.00   17.51 ^ u_transform_scheduler_core.u_fft_scratch_sram.u_lo.u_sram/CLK (gf180mcu_fd_ip_sram__sram256x8m8wm1)
  -0.10   17.41   clock uncertainty
   0.00   17.41   clock reconvergence pessimism
  -0.47   16.94   library setup time
          16.94   data required time
---------------------------------------------------------
          16.94   data required time
          -9.79   data arrival time
---------------------------------------------------------
           7.14   slack (MET)


Startpoint: din[6] (input port clocked by core_clk)
Endpoint: u_transform_scheduler_core.u_fft_scratch_sram.u_lo.u_sram
          (rising edge-triggered flip-flop clocked by core_clk)
Path Group: core_clk
Path Type: max

  Delay    Time   Description
---------------------------------------------------------
   0.00    0.00   clock core_clk (rise edge)
   0.00    0.00   clock network delay (propagated)
   2.04    2.04 v input external delay
   0.00    2.04 v din[6] (in)
   1.69    3.73 v hold710/Z (gf180mcu_fd_sc_mcu9t5v0__dlyc_1)
   0.33    4.06 v _09545_/Z (gf180mcu_fd_sc_mcu9t5v0__and2_1)
   0.23    4.29 ^ _09562_/ZN (gf180mcu_fd_sc_mcu9t5v0__nand2_1)
   0.32    4.61 v _09567_/ZN (gf180mcu_fd_sc_mcu9t5v0__nor3_1)
   0.27    4.88 v place569/Z (gf180mcu_fd_sc_mcu9t5v0__buf_8)
   0.18    5.06 ^ _09568_/ZN (gf180mcu_fd_sc_mcu9t5v0__nand2_1)
   0.10    5.16 v _09569_/ZN (gf180mcu_fd_sc_mcu9t5v0__nand2_1)
   0.28    5.44 ^ _09570_/ZN (gf180mcu_fd_sc_mcu9t5v0__oai211_1)
   0.19    5.63 v _09571_/ZN (gf180mcu_fd_sc_mcu9t5v0__nand2_1)
   0.18    5.81 ^ _09572_/ZN (gf180mcu_fd_sc_mcu9t5v0__clkinv_1)
   0.16    5.97 v _09573_/ZN (gf180mcu_fd_sc_mcu9t5v0__nor2_1)
   0.75    6.72 ^ _09574_/ZN (gf180mcu_fd_sc_mcu9t5v0__oai21_1)
   0.24    6.96 ^ place481/Z (gf180mcu_fd_sc_mcu9t5v0__buf_8)
   0.12    7.08 v _09811_/ZN (gf180mcu_fd_sc_mcu9t5v0__oai211_1)
   0.43    7.51 v _09812_/Z (gf180mcu_fd_sc_mcu9t5v0__and2_1)
   0.13    7.64 ^ _09813_/ZN (gf180mcu_fd_sc_mcu9t5v0__clkinv_1)
   0.32    7.95 v _09814_/ZN (gf180mcu_fd_sc_mcu9t5v0__nand2_1)
   0.75    8.70 ^ _10093_/ZN (gf180mcu_fd_sc_mcu9t5v0__nor3_1)
   0.28    8.98 ^ place434/Z (gf180mcu_fd_sc_mcu9t5v0__buf_8)
   0.11    9.09 v _10323_/ZN (gf180mcu_fd_sc_mcu9t5v0__aoi21_1)
   0.50    9.59 ^ _10328_/ZN (gf180mcu_fd_sc_mcu9t5v0__aoi22_1)
   0.20    9.79 ^ place371/Z (gf180mcu_fd_sc_mcu9t5v0__buf_8)
   0.00    9.79 ^ u_transform_scheduler_core.u_fft_scratch_sram.u_lo.u_sram/D[6] (gf180mcu_fd_ip_sram__sram256x8m8wm1)
           9.79   data arrival time

  16.28   16.28   clock core_clk (rise edge)
   0.00   16.28   clock source latency
   0.00   16.28 ^ clk (in)
   0.25   16.52 ^ delaybuf_0_core_clk/Z (gf180mcu_fd_sc_mcu9t5v0__clkbuf_16)
   0.17   16.70 ^ delaybuf_1_core_clk/Z (gf180mcu_fd_sc_mcu9t5v0__clkbuf_16)
   0.17   16.87 ^ delaybuf_2_core_clk/Z (gf180mcu_fd_sc_mcu9t5v0__clkbuf_16)
   0.17   17.04 ^ delaybuf_3_core_clk/Z (gf180mcu_fd_sc_mcu9t5v0__clkbuf_16)
   0.19   17.23 ^ clkbuf_0_clk/Z (gf180mcu_fd_sc_mcu9t5v0__clkbuf_16)
   0.28   17.51 ^ clkbuf_1_0__f_clk/Z (gf180mcu_fd_sc_mcu9t5v0__clkbuf_16)
   0.00   17.51 ^ u_transform_scheduler_core.u_fft_scratch_sram.u_lo.u_sram/CLK (gf180mcu_fd_ip_sram__sram256x8m8wm1)
  -0.10   17.41   clock uncertainty
   0.00   17.41   clock reconvergence pessimism
  -0.47   16.94   library setup time
          16.94   data required time
---------------------------------------------------------
          16.94   data required time
          -9.79   data arrival time
---------------------------------------------------------
           7.14   slack (MET)


Startpoint: din[6] (input port clocked by core_clk)
Endpoint: u_transform_scheduler_core.u_fft_scratch_sram.u_hi.u_sram
          (rising edge-triggered flip-flop clocked by core_clk)
Path Group: core_clk
Path Type: max

  Delay    Time   Description
---------------------------------------------------------
   0.00    0.00   clock core_clk (rise edge)
   0.00    0.00   clock network delay (propagated)
   2.04    2.04 v input external delay
   0.00    2.04 v din[6] (in)
   1.69    3.73 v hold710/Z (gf180mcu_fd_sc_mcu9t5v0__dlyc_1)
   0.33    4.06 v _09545_/Z (gf180mcu_fd_sc_mcu9t5v0__and2_1)
   0.23    4.29 ^ _09562_/ZN (gf180mcu_fd_sc_mcu9t5v0__nand2_1)
   0.32    4.61 v _09567_/ZN (gf180mcu_fd_sc_mcu9t5v0__nor3_1)
   0.27    4.88 v place569/Z (gf180mcu_fd_sc_mcu9t5v0__buf_8)
   0.18    5.06 ^ _09568_/ZN (gf180mcu_fd_sc_mcu9t5v0__nand2_1)
   0.10    5.16 v _09569_/ZN (gf180mcu_fd_sc_mcu9t5v0__nand2_1)
   0.28    5.44 ^ _09570_/ZN (gf180mcu_fd_sc_mcu9t5v0__oai211_1)
   0.19    5.63 v _09571_/ZN (gf180mcu_fd_sc_mcu9t5v0__nand2_1)
   0.18    5.81 ^ _09572_/ZN (gf180mcu_fd_sc_mcu9t5v0__clkinv_1)
   0.16    5.97 v _09573_/ZN (gf180mcu_fd_sc_mcu9t5v0__nor2_1)
   0.75    6.72 ^ _09574_/ZN (gf180mcu_fd_sc_mcu9t5v0__oai21_1)
   0.24    6.96 ^ place481/Z (gf180mcu_fd_sc_mcu9t5v0__buf_8)
   0.12    7.08 v _09811_/ZN (gf180mcu_fd_sc_mcu9t5v0__oai211_1)
   0.43    7.51 v _09812_/Z (gf180mcu_fd_sc_mcu9t5v0__and2_1)
   0.13    7.64 ^ _09813_/ZN (gf180mcu_fd_sc_mcu9t5v0__clkinv_1)
   0.32    7.95 v _09814_/ZN (gf180mcu_fd_sc_mcu9t5v0__nand2_1)
   0.75    8.70 ^ _10093_/ZN (gf180mcu_fd_sc_mcu9t5v0__nor3_1)
   0.28    8.98 ^ place434/Z (gf180mcu_fd_sc_mcu9t5v0__buf_8)
   0.13    9.11 v _10270_/ZN (gf180mcu_fd_sc_mcu9t5v0__aoi221_1)
   0.44    9.55 ^ _10271_/ZN (gf180mcu_fd_sc_mcu9t5v0__nor2_1)
   0.19    9.75 ^ place336/Z (gf180mcu_fd_sc_mcu9t5v0__buf_8)
   0.00    9.75 ^ u_transform_scheduler_core.u_fft_scratch_sram.u_hi.u_sram/D[0] (gf180mcu_fd_ip_sram__sram256x8m8wm1)
           9.75   data arrival time

  16.28   16.28   clock core_clk (rise edge)
   0.00   16.28   clock source latency
   0.00   16.28 ^ clk (in)
   0.25   16.52 ^ delaybuf_0_core_clk/Z (gf180mcu_fd_sc_mcu9t5v0__clkbuf_16)
   0.17   16.70 ^ delaybuf_1_core_clk/Z (gf180mcu_fd_sc_mcu9t5v0__clkbuf_16)
   0.17   16.87 ^ delaybuf_2_core_clk/Z (gf180mcu_fd_sc_mcu9t5v0__clkbuf_16)
   0.17   17.04 ^ delaybuf_3_core_clk/Z (gf180mcu_fd_sc_mcu9t5v0__clkbuf_16)
   0.19   17.23 ^ clkbuf_0_clk/Z (gf180mcu_fd_sc_mcu9t5v0__clkbuf_16)
   0.28   17.51 ^ clkbuf_1_1__f_clk/Z (gf180mcu_fd_sc_mcu9t5v0__clkbuf_16)
   0.00   17.51 ^ u_transform_scheduler_core.u_fft_scratch_sram.u_hi.u_sram/CLK (gf180mcu_fd_ip_sram__sram256x8m8wm1)
  -0.10   17.41   clock uncertainty
   0.00   17.41   clock reconvergence pessimism
  -0.47   16.94   library setup time
          16.94   data required time
---------------------------------------------------------
          16.94   data required time
          -9.75   data arrival time
---------------------------------------------------------
           7.19   slack (MET)


Startpoint: din[6] (input port clocked by core_clk)
Endpoint: u_transform_scheduler_core.u_fft_scratch_sram.u_hi.u_sram
          (rising edge-triggered flip-flop clocked by core_clk)
Path Group: core_clk
Path Type: max

  Delay    Time   Description
---------------------------------------------------------
   0.00    0.00   clock core_clk (rise edge)
   0.00    0.00   clock network delay (propagated)
   2.04    2.04 v input external delay
   0.00    2.04 v din[6] (in)
   1.69    3.73 v hold710/Z (gf180mcu_fd_sc_mcu9t5v0__dlyc_1)
   0.33    4.06 v _09545_/Z (gf180mcu_fd_sc_mcu9t5v0__and2_1)
   0.23    4.29 ^ _09562_/ZN (gf180mcu_fd_sc_mcu9t5v0__nand2_1)
   0.32    4.61 v _09567_/ZN (gf180mcu_fd_sc_mcu9t5v0__nor3_1)
   0.27    4.88 v place569/Z (gf180mcu_fd_sc_mcu9t5v0__buf_8)
   0.18    5.06 ^ _09568_/ZN (gf180mcu_fd_sc_mcu9t5v0__nand2_1)
   0.10    5.16 v _09569_/ZN (gf180mcu_fd_sc_mcu9t5v0__nand2_1)
   0.28    5.44 ^ _09570_/ZN (gf180mcu_fd_sc_mcu9t5v0__oai211_1)
   0.19    5.63 v _09571_/ZN (gf180mcu_fd_sc_mcu9t5v0__nand2_1)
   0.18    5.81 ^ _09572_/ZN (gf180mcu_fd_sc_mcu9t5v0__clkinv_1)
   0.16    5.97 v _09573_/ZN (gf180mcu_fd_sc_mcu9t5v0__nor2_1)
   0.75    6.72 ^ _09574_/ZN (gf180mcu_fd_sc_mcu9t5v0__oai21_1)
   0.24    6.96 ^ place481/Z (gf180mcu_fd_sc_mcu9t5v0__buf_8)
   0.12    7.08 v _09811_/ZN (gf180mcu_fd_sc_mcu9t5v0__oai211_1)
   0.43    7.51 v _09812_/Z (gf180mcu_fd_sc_mcu9t5v0__and2_1)
   0.13    7.64 ^ _09813_/ZN (gf180mcu_fd_sc_mcu9t5v0__clkinv_1)
   0.32    7.95 v _09814_/ZN (gf180mcu_fd_sc_mcu9t5v0__nand2_1)
   0.75    8.70 ^ _10093_/ZN (gf180mcu_fd_sc_mcu9t5v0__nor3_1)
   0.28    8.98 ^ place434/Z (gf180mcu_fd_sc_mcu9t5v0__buf_8)
   0.13    9.11 v _10244_/ZN (gf180mcu_fd_sc_mcu9t5v0__aoi221_1)
   0.44    9.55 ^ _10245_/ZN (gf180mcu_fd_sc_mcu9t5v0__nor2_1)
   0.19    9.75 ^ place337/Z (gf180mcu_fd_sc_mcu9t5v0__buf_8)
   0.00    9.75 ^ u_transform_scheduler_core.u_fft_scratch_sram.u_hi.u_sram/D[1] (gf180mcu_fd_ip_sram__sram256x8m8wm1)
           9.75   data arrival time

  16.28   16.28   clock core_clk (rise edge)
   0.00   16.28   clock source latency
   0.00   16.28 ^ clk (in)
   0.25   16.52 ^ delaybuf_0_core_clk/Z (gf180mcu_fd_sc_mcu9t5v0__clkbuf_16)
   0.17   16.70 ^ delaybuf_1_core_clk/Z (gf180mcu_fd_sc_mcu9t5v0__clkbuf_16)
   0.17   16.87 ^ delaybuf_2_core_clk/Z (gf180mcu_fd_sc_mcu9t5v0__clkbuf_16)
   0.17   17.04 ^ delaybuf_3_core_clk/Z (gf180mcu_fd_sc_mcu9t5v0__clkbuf_16)
   0.19   17.23 ^ clkbuf_0_clk/Z (gf180mcu_fd_sc_mcu9t5v0__clkbuf_16)
   0.28   17.51 ^ clkbuf_1_1__f_clk/Z (gf180mcu_fd_sc_mcu9t5v0__clkbuf_16)
   0.00   17.51 ^ u_transform_scheduler_core.u_fft_scratch_sram.u_hi.u_sram/CLK (gf180mcu_fd_ip_sram__sram256x8m8wm1)
  -0.10   17.41   clock uncertainty
   0.00   17.41   clock reconvergence pessimism
  -0.47   16.94   library setup time
          16.94   data required time
---------------------------------------------------------
          16.94   data required time
          -9.75   data arrival time
---------------------------------------------------------
           7.19   slack (MET)


Startpoint: din[6] (input port clocked by core_clk)
Endpoint: u_transform_scheduler_core.u_fft_scratch_sram.u_hi.u_sram
          (rising edge-triggered flip-flop clocked by core_clk)
Path Group: core_clk
Path Type: max

  Delay    Time   Description
---------------------------------------------------------
   0.00    0.00   clock core_clk (rise edge)
   0.00    0.00   clock network delay (propagated)
   2.04    2.04 v input external delay
   0.00    2.04 v din[6] (in)
   1.69    3.73 v hold710/Z (gf180mcu_fd_sc_mcu9t5v0__dlyc_1)
   0.33    4.06 v _09545_/Z (gf180mcu_fd_sc_mcu9t5v0__and2_1)
   0.23    4.29 ^ _09562_/ZN (gf180mcu_fd_sc_mcu9t5v0__nand2_1)
   0.32    4.61 v _09567_/ZN (gf180mcu_fd_sc_mcu9t5v0__nor3_1)
   0.27    4.88 v place569/Z (gf180mcu_fd_sc_mcu9t5v0__buf_8)
   0.18    5.06 ^ _09568_/ZN (gf180mcu_fd_sc_mcu9t5v0__nand2_1)
   0.10    5.16 v _09569_/ZN (gf180mcu_fd_sc_mcu9t5v0__nand2_1)
   0.28    5.44 ^ _09570_/ZN (gf180mcu_fd_sc_mcu9t5v0__oai211_1)
   0.19    5.63 v _09571_/ZN (gf180mcu_fd_sc_mcu9t5v0__nand2_1)
   0.18    5.81 ^ _09572_/ZN (gf180mcu_fd_sc_mcu9t5v0__clkinv_1)
   0.16    5.97 v _09573_/ZN (gf180mcu_fd_sc_mcu9t5v0__nor2_1)
   0.75    6.72 ^ _09574_/ZN (gf180mcu_fd_sc_mcu9t5v0__oai21_1)
   0.24    6.96 ^ place481/Z (gf180mcu_fd_sc_mcu9t5v0__buf_8)
   0.12    7.08 v _09811_/ZN (gf180mcu_fd_sc_mcu9t5v0__oai211_1)
   0.43    7.51 v _09812_/Z (gf180mcu_fd_sc_mcu9t5v0__and2_1)
   0.13    7.64 ^ _09813_/ZN (gf180mcu_fd_sc_mcu9t5v0__clkinv_1)
   0.32    7.95 v _09814_/ZN (gf180mcu_fd_sc_mcu9t5v0__nand2_1)
   0.75    8.70 ^ _10093_/ZN (gf180mcu_fd_sc_mcu9t5v0__nor3_1)
   0.28    8.98 ^ place434/Z (gf180mcu_fd_sc_mcu9t5v0__buf_8)
   0.13    9.11 v _10213_/ZN (gf180mcu_fd_sc_mcu9t5v0__aoi221_1)
   0.44    9.55 ^ _10214_/ZN (gf180mcu_fd_sc_mcu9t5v0__nor2_1)
   0.19    9.75 ^ place338/Z (gf180mcu_fd_sc_mcu9t5v0__buf_8)
   0.00    9.75 ^ u_transform_scheduler_core.u_fft_scratch_sram.u_hi.u_sram/D[2] (gf180mcu_fd_ip_sram__sram256x8m8wm1)
           9.75   data arrival time

  16.28   16.28   clock core_clk (rise edge)
   0.00   16.28   clock source latency
   0.00   16.28 ^ clk (in)
   0.25   16.52 ^ delaybuf_0_core_clk/Z (gf180mcu_fd_sc_mcu9t5v0__clkbuf_16)
   0.17   16.70 ^ delaybuf_1_core_clk/Z (gf180mcu_fd_sc_mcu9t5v0__clkbuf_16)
   0.17   16.87 ^ delaybuf_2_core_clk/Z (gf180mcu_fd_sc_mcu9t5v0__clkbuf_16)
   0.17   17.04 ^ delaybuf_3_core_clk/Z (gf180mcu_fd_sc_mcu9t5v0__clkbuf_16)
   0.19   17.23 ^ clkbuf_0_clk/Z (gf180mcu_fd_sc_mcu9t5v0__clkbuf_16)
   0.28   17.51 ^ clkbuf_1_1__f_clk/Z (gf180mcu_fd_sc_mcu9t5v0__clkbuf_16)
   0.00   17.51 ^ u_transform_scheduler_core.u_fft_scratch_sram.u_hi.u_sram/CLK (gf180mcu_fd_ip_sram__sram256x8m8wm1)
  -0.10   17.41   clock uncertainty
   0.00   17.41   clock reconvergence pessimism
  -0.47   16.94   library setup time
          16.94   data required time
---------------------------------------------------------
          16.94   data required time
          -9.75   data arrival time
---------------------------------------------------------
           7.19   slack (MET)


Startpoint: din[6] (input port clocked by core_clk)
Endpoint: u_transform_scheduler_core.u_fft_scratch_sram.u_hi.u_sram
          (rising edge-triggered flip-flop clocked by core_clk)
Path Group: core_clk
Path Type: max

  Delay    Time   Description
---------------------------------------------------------
   0.00    0.00   clock core_clk (rise edge)
   0.00    0.00   clock network delay (propagated)
   2.04    2.04 v input external delay
   0.00    2.04 v din[6] (in)
   1.69    3.73 v hold710/Z (gf180mcu_fd_sc_mcu9t5v0__dlyc_1)
   0.33    4.06 v _09545_/Z (gf180mcu_fd_sc_mcu9t5v0__and2_1)
   0.23    4.29 ^ _09562_/ZN (gf180mcu_fd_sc_mcu9t5v0__nand2_1)
   0.32    4.61 v _09567_/ZN (gf180mcu_fd_sc_mcu9t5v0__nor3_1)
   0.27    4.88 v place569/Z (gf180mcu_fd_sc_mcu9t5v0__buf_8)
   0.18    5.06 ^ _09568_/ZN (gf180mcu_fd_sc_mcu9t5v0__nand2_1)
   0.10    5.16 v _09569_/ZN (gf180mcu_fd_sc_mcu9t5v0__nand2_1)
   0.28    5.44 ^ _09570_/ZN (gf180mcu_fd_sc_mcu9t5v0__oai211_1)
   0.19    5.63 v _09571_/ZN (gf180mcu_fd_sc_mcu9t5v0__nand2_1)
   0.18    5.81 ^ _09572_/ZN (gf180mcu_fd_sc_mcu9t5v0__clkinv_1)
   0.16    5.97 v _09573_/ZN (gf180mcu_fd_sc_mcu9t5v0__nor2_1)
   0.75    6.72 ^ _09574_/ZN (gf180mcu_fd_sc_mcu9t5v0__oai21_1)
   0.24    6.96 ^ place481/Z (gf180mcu_fd_sc_mcu9t5v0__buf_8)
   0.12    7.08 v _09811_/ZN (gf180mcu_fd_sc_mcu9t5v0__oai211_1)
   0.43    7.51 v _09812_/Z (gf180mcu_fd_sc_mcu9t5v0__and2_1)
   0.13    7.64 ^ _09813_/ZN (gf180mcu_fd_sc_mcu9t5v0__clkinv_1)
   0.32    7.95 v _09814_/ZN (gf180mcu_fd_sc_mcu9t5v0__nand2_1)
   0.75    8.70 ^ _10093_/ZN (gf180mcu_fd_sc_mcu9t5v0__nor3_1)
   0.28    8.98 ^ place434/Z (gf180mcu_fd_sc_mcu9t5v0__buf_8)
   0.13    9.11 v _10186_/ZN (gf180mcu_fd_sc_mcu9t5v0__aoi221_1)
   0.44    9.55 ^ _10187_/ZN (gf180mcu_fd_sc_mcu9t5v0__nor2_1)
   0.19    9.75 ^ place339/Z (gf180mcu_fd_sc_mcu9t5v0__buf_8)
   0.00    9.75 ^ u_transform_scheduler_core.u_fft_scratch_sram.u_hi.u_sram/D[3] (gf180mcu_fd_ip_sram__sram256x8m8wm1)
           9.75   data arrival time

  16.28   16.28   clock core_clk (rise edge)
   0.00   16.28   clock source latency
   0.00   16.28 ^ clk (in)
   0.25   16.52 ^ delaybuf_0_core_clk/Z (gf180mcu_fd_sc_mcu9t5v0__clkbuf_16)
   0.17   16.70 ^ delaybuf_1_core_clk/Z (gf180mcu_fd_sc_mcu9t5v0__clkbuf_16)
   0.17   16.87 ^ delaybuf_2_core_clk/Z (gf180mcu_fd_sc_mcu9t5v0__clkbuf_16)
   0.17   17.04 ^ delaybuf_3_core_clk/Z (gf180mcu_fd_sc_mcu9t5v0__clkbuf_16)
   0.19   17.23 ^ clkbuf_0_clk/Z (gf180mcu_fd_sc_mcu9t5v0__clkbuf_16)
   0.28   17.51 ^ clkbuf_1_1__f_clk/Z (gf180mcu_fd_sc_mcu9t5v0__clkbuf_16)
   0.00   17.51 ^ u_transform_scheduler_core.u_fft_scratch_sram.u_hi.u_sram/CLK (gf180mcu_fd_ip_sram__sram256x8m8wm1)
  -0.10   17.41   clock uncertainty
   0.00   17.41   clock reconvergence pessimism
  -0.47   16.94   library setup time
          16.94   data required time
---------------------------------------------------------
          16.94   data required time
          -9.75   data arrival time
---------------------------------------------------------
           7.19   slack (MET)


Startpoint: din[6] (input port clocked by core_clk)
Endpoint: u_transform_scheduler_core.u_fft_scratch_sram.u_hi.u_sram
          (rising edge-triggered flip-flop clocked by core_clk)
Path Group: core_clk
Path Type: max

  Delay    Time   Description
---------------------------------------------------------
   0.00    0.00   clock core_clk (rise edge)
   0.00    0.00   clock network delay (propagated)
   2.04    2.04 v input external delay
   0.00    2.04 v din[6] (in)
   1.69    3.73 v hold710/Z (gf180mcu_fd_sc_mcu9t5v0__dlyc_1)
   0.33    4.06 v _09545_/Z (gf180mcu_fd_sc_mcu9t5v0__and2_1)
   0.23    4.29 ^ _09562_/ZN (gf180mcu_fd_sc_mcu9t5v0__nand2_1)
   0.32    4.61 v _09567_/ZN (gf180mcu_fd_sc_mcu9t5v0__nor3_1)
   0.27    4.88 v place569/Z (gf180mcu_fd_sc_mcu9t5v0__buf_8)
   0.18    5.06 ^ _09568_/ZN (gf180mcu_fd_sc_mcu9t5v0__nand2_1)
   0.10    5.16 v _09569_/ZN (gf180mcu_fd_sc_mcu9t5v0__nand2_1)
   0.28    5.44 ^ _09570_/ZN (gf180mcu_fd_sc_mcu9t5v0__oai211_1)
   0.19    5.63 v _09571_/ZN (gf180mcu_fd_sc_mcu9t5v0__nand2_1)
   0.18    5.81 ^ _09572_/ZN (gf180mcu_fd_sc_mcu9t5v0__clkinv_1)
   0.16    5.97 v _09573_/ZN (gf180mcu_fd_sc_mcu9t5v0__nor2_1)
   0.75    6.72 ^ _09574_/ZN (gf180mcu_fd_sc_mcu9t5v0__oai21_1)
   0.24    6.96 ^ place481/Z (gf180mcu_fd_sc_mcu9t5v0__buf_8)
   0.12    7.08 v _09811_/ZN (gf180mcu_fd_sc_mcu9t5v0__oai211_1)
   0.43    7.51 v _09812_/Z (gf180mcu_fd_sc_mcu9t5v0__and2_1)
   0.13    7.64 ^ _09813_/ZN (gf180mcu_fd_sc_mcu9t5v0__clkinv_1)
   0.32    7.95 v _09814_/ZN (gf180mcu_fd_sc_mcu9t5v0__nand2_1)
   0.75    8.70 ^ _10093_/ZN (gf180mcu_fd_sc_mcu9t5v0__nor3_1)
   0.28    8.98 ^ place434/Z (gf180mcu_fd_sc_mcu9t5v0__buf_8)
   0.13    9.11 v _10158_/ZN (gf180mcu_fd_sc_mcu9t5v0__aoi221_1)
   0.44    9.55 ^ _10159_/ZN (gf180mcu_fd_sc_mcu9t5v0__nor2_1)
   0.19    9.75 ^ place340/Z (gf180mcu_fd_sc_mcu9t5v0__buf_8)
   0.00    9.75 ^ u_transform_scheduler_core.u_fft_scratch_sram.u_hi.u_sram/D[4] (gf180mcu_fd_ip_sram__sram256x8m8wm1)
           9.75   data arrival time

  16.28   16.28   clock core_clk (rise edge)
   0.00   16.28   clock source latency
   0.00   16.28 ^ clk (in)
   0.25   16.52 ^ delaybuf_0_core_clk/Z (gf180mcu_fd_sc_mcu9t5v0__clkbuf_16)
   0.17   16.70 ^ delaybuf_1_core_clk/Z (gf180mcu_fd_sc_mcu9t5v0__clkbuf_16)
   0.17   16.87 ^ delaybuf_2_core_clk/Z (gf180mcu_fd_sc_mcu9t5v0__clkbuf_16)
   0.17   17.04 ^ delaybuf_3_core_clk/Z (gf180mcu_fd_sc_mcu9t5v0__clkbuf_16)
   0.19   17.23 ^ clkbuf_0_clk/Z (gf180mcu_fd_sc_mcu9t5v0__clkbuf_16)
   0.28   17.51 ^ clkbuf_1_1__f_clk/Z (gf180mcu_fd_sc_mcu9t5v0__clkbuf_16)
   0.00   17.51 ^ u_transform_scheduler_core.u_fft_scratch_sram.u_hi.u_sram/CLK (gf180mcu_fd_ip_sram__sram256x8m8wm1)
  -0.10   17.41   clock uncertainty
   0.00   17.41   clock reconvergence pessimism
  -0.47   16.94   library setup time
          16.94   data required time
---------------------------------------------------------
          16.94   data required time
          -9.75   data arrival time
---------------------------------------------------------
           7.19   slack (MET)


Startpoint: din[6] (input port clocked by core_clk)
Endpoint: u_transform_scheduler_core.u_fft_scratch_sram.u_hi.u_sram
          (rising edge-triggered flip-flop clocked by core_clk)
Path Group: core_clk
Path Type: max

  Delay    Time   Description
---------------------------------------------------------
   0.00    0.00   clock core_clk (rise edge)
   0.00    0.00   clock network delay (propagated)
   2.04    2.04 v input external delay
   0.00    2.04 v din[6] (in)
   1.69    3.73 v hold710/Z (gf180mcu_fd_sc_mcu9t5v0__dlyc_1)
   0.33    4.06 v _09545_/Z (gf180mcu_fd_sc_mcu9t5v0__and2_1)
   0.23    4.29 ^ _09562_/ZN (gf180mcu_fd_sc_mcu9t5v0__nand2_1)
   0.32    4.61 v _09567_/ZN (gf180mcu_fd_sc_mcu9t5v0__nor3_1)
   0.27    4.88 v place569/Z (gf180mcu_fd_sc_mcu9t5v0__buf_8)
   0.18    5.06 ^ _09568_/ZN (gf180mcu_fd_sc_mcu9t5v0__nand2_1)
   0.10    5.16 v _09569_/ZN (gf180mcu_fd_sc_mcu9t5v0__nand2_1)
   0.28    5.44 ^ _09570_/ZN (gf180mcu_fd_sc_mcu9t5v0__oai211_1)
   0.19    5.63 v _09571_/ZN (gf180mcu_fd_sc_mcu9t5v0__nand2_1)
   0.18    5.81 ^ _09572_/ZN (gf180mcu_fd_sc_mcu9t5v0__clkinv_1)
   0.16    5.97 v _09573_/ZN (gf180mcu_fd_sc_mcu9t5v0__nor2_1)
   0.75    6.72 ^ _09574_/ZN (gf180mcu_fd_sc_mcu9t5v0__oai21_1)
   0.24    6.96 ^ place481/Z (gf180mcu_fd_sc_mcu9t5v0__buf_8)
   0.12    7.08 v _09811_/ZN (gf180mcu_fd_sc_mcu9t5v0__oai211_1)
   0.43    7.51 v _09812_/Z (gf180mcu_fd_sc_mcu9t5v0__and2_1)
   0.13    7.64 ^ _09813_/ZN (gf180mcu_fd_sc_mcu9t5v0__clkinv_1)
   0.32    7.95 v _09814_/ZN (gf180mcu_fd_sc_mcu9t5v0__nand2_1)
   0.75    8.70 ^ _10093_/ZN (gf180mcu_fd_sc_mcu9t5v0__nor3_1)
   0.28    8.98 ^ place434/Z (gf180mcu_fd_sc_mcu9t5v0__buf_8)
   0.13    9.11 v _18462_/ZN (gf180mcu_fd_sc_mcu9t5v0__aoi221_1)
   0.44    9.55 ^ _18463_/ZN (gf180mcu_fd_sc_mcu9t5v0__nor2_1)
   0.19    9.75 ^ place310/Z (gf180mcu_fd_sc_mcu9t5v0__buf_8)
   0.00    9.75 ^ u_transform_scheduler_core.u_fft_scratch_sram.u_hi.u_sram/D[7] (gf180mcu_fd_ip_sram__sram256x8m8wm1)
           9.75   data arrival time

  16.28   16.28   clock core_clk (rise edge)
   0.00   16.28   clock source latency
   0.00   16.28 ^ clk (in)
   0.25   16.52 ^ delaybuf_0_core_clk/Z (gf180mcu_fd_sc_mcu9t5v0__clkbuf_16)
   0.17   16.70 ^ delaybuf_1_core_clk/Z (gf180mcu_fd_sc_mcu9t5v0__clkbuf_16)
   0.17   16.87 ^ delaybuf_2_core_clk/Z (gf180mcu_fd_sc_mcu9t5v0__clkbuf_16)
   0.17   17.04 ^ delaybuf_3_core_clk/Z (gf180mcu_fd_sc_mcu9t5v0__clkbuf_16)
   0.19   17.23 ^ clkbuf_0_clk/Z (gf180mcu_fd_sc_mcu9t5v0__clkbuf_16)
   0.28   17.51 ^ clkbuf_1_1__f_clk/Z (gf180mcu_fd_sc_mcu9t5v0__clkbuf_16)
   0.00   17.51 ^ u_transform_scheduler_core.u_fft_scratch_sram.u_hi.u_sram/CLK (gf180mcu_fd_ip_sram__sram256x8m8wm1)
  -0.10   17.41   clock uncertainty
   0.00   17.41   clock reconvergence pessimism
  -0.47   16.94   library setup time
          16.94   data required time
---------------------------------------------------------
          16.94   data required time
          -9.75   data arrival time
---------------------------------------------------------
           7.19   slack (MET)


Startpoint: din[6] (input port clocked by core_clk)
Endpoint: u_transform_scheduler_core.u_fft_scratch_sram.u_lo.u_sram
          (rising edge-triggered flip-flop clocked by core_clk)
Path Group: core_clk
Path Type: max

  Delay    Time   Description
---------------------------------------------------------
   0.00    0.00   clock core_clk (rise edge)
   0.00    0.00   clock network delay (propagated)
   2.04    2.04 v input external delay
   0.00    2.04 v din[6] (in)
   1.69    3.73 v hold710/Z (gf180mcu_fd_sc_mcu9t5v0__dlyc_1)
   0.33    4.06 v _09545_/Z (gf180mcu_fd_sc_mcu9t5v0__and2_1)
   0.23    4.29 ^ _09562_/ZN (gf180mcu_fd_sc_mcu9t5v0__nand2_1)
   0.32    4.61 v _09567_/ZN (gf180mcu_fd_sc_mcu9t5v0__nor3_1)
   0.27    4.88 v place569/Z (gf180mcu_fd_sc_mcu9t5v0__buf_8)
   0.18    5.06 ^ _09568_/ZN (gf180mcu_fd_sc_mcu9t5v0__nand2_1)
   0.10    5.16 v _09569_/ZN (gf180mcu_fd_sc_mcu9t5v0__nand2_1)
   0.28    5.44 ^ _09570_/ZN (gf180mcu_fd_sc_mcu9t5v0__oai211_1)
   0.19    5.63 v _09571_/ZN (gf180mcu_fd_sc_mcu9t5v0__nand2_1)
   0.18    5.81 ^ _09572_/ZN (gf180mcu_fd_sc_mcu9t5v0__clkinv_1)
   0.16    5.97 v _09573_/ZN (gf180mcu_fd_sc_mcu9t5v0__nor2_1)
   0.75    6.72 ^ _09574_/ZN (gf180mcu_fd_sc_mcu9t5v0__oai21_1)
   0.24    6.96 ^ place481/Z (gf180mcu_fd_sc_mcu9t5v0__buf_8)
   0.12    7.08 v _09811_/ZN (gf180mcu_fd_sc_mcu9t5v0__oai211_1)
   0.43    7.51 v _09812_/Z (gf180mcu_fd_sc_mcu9t5v0__and2_1)
   0.13    7.64 ^ _09813_/ZN (gf180mcu_fd_sc_mcu9t5v0__clkinv_1)
   0.32    7.95 v _09814_/ZN (gf180mcu_fd_sc_mcu9t5v0__nand2_1)
   0.75    8.70 ^ _10093_/ZN (gf180mcu_fd_sc_mcu9t5v0__nor3_1)
   0.28    8.98 ^ place434/Z (gf180mcu_fd_sc_mcu9t5v0__buf_8)
   0.13    9.11 v _10297_/ZN (gf180mcu_fd_sc_mcu9t5v0__aoi221_1)
   0.44    9.55 ^ _10298_/ZN (gf180mcu_fd_sc_mcu9t5v0__nor2_1)
   0.19    9.75 ^ place335/Z (gf180mcu_fd_sc_mcu9t5v0__buf_8)
   0.00    9.75 ^ u_transform_scheduler_core.u_fft_scratch_sram.u_lo.u_sram/D[7] (gf180mcu_fd_ip_sram__sram256x8m8wm1)
           9.75   data arrival time

  16.28   16.28   clock core_clk (rise edge)
   0.00   16.28   clock source latency
   0.00   16.28 ^ clk (in)
   0.25   16.52 ^ delaybuf_0_core_clk/Z (gf180mcu_fd_sc_mcu9t5v0__clkbuf_16)
   0.17   16.70 ^ delaybuf_1_core_clk/Z (gf180mcu_fd_sc_mcu9t5v0__clkbuf_16)
   0.17   16.87 ^ delaybuf_2_core_clk/Z (gf180mcu_fd_sc_mcu9t5v0__clkbuf_16)
   0.17   17.04 ^ delaybuf_3_core_clk/Z (gf180mcu_fd_sc_mcu9t5v0__clkbuf_16)
   0.19   17.23 ^ clkbuf_0_clk/Z (gf180mcu_fd_sc_mcu9t5v0__clkbuf_16)
   0.28   17.51 ^ clkbuf_1_0__f_clk/Z (gf180mcu_fd_sc_mcu9t5v0__clkbuf_16)
   0.00   17.51 ^ u_transform_scheduler_core.u_fft_scratch_sram.u_lo.u_sram/CLK (gf180mcu_fd_ip_sram__sram256x8m8wm1)
  -0.10   17.41   clock uncertainty
   0.00   17.41   clock reconvergence pessimism
  -0.47   16.94   library setup time
          16.94   data required time
---------------------------------------------------------
          16.94   data required time
          -9.75   data arrival time
---------------------------------------------------------
           7.19   slack (MET)


Startpoint: din[6] (input port clocked by core_clk)
Endpoint: u_transform_scheduler_core.u_fft_scratch_sram.u_hi.u_sram
          (rising edge-triggered flip-flop clocked by core_clk)
Path Group: core_clk
Path Type: max

  Delay    Time   Description
---------------------------------------------------------
   0.00    0.00   clock core_clk (rise edge)
   0.00    0.00   clock network delay (propagated)
   2.04    2.04 v input external delay
   0.00    2.04 v din[6] (in)
   1.69    3.73 v hold710/Z (gf180mcu_fd_sc_mcu9t5v0__dlyc_1)
   0.33    4.06 v _09545_/Z (gf180mcu_fd_sc_mcu9t5v0__and2_1)
   0.23    4.29 ^ _09562_/ZN (gf180mcu_fd_sc_mcu9t5v0__nand2_1)
   0.32    4.61 v _09567_/ZN (gf180mcu_fd_sc_mcu9t5v0__nor3_1)
   0.27    4.88 v place569/Z (gf180mcu_fd_sc_mcu9t5v0__buf_8)
   0.18    5.06 ^ _09568_/ZN (gf180mcu_fd_sc_mcu9t5v0__nand2_1)
   0.10    5.16 v _09569_/ZN (gf180mcu_fd_sc_mcu9t5v0__nand2_1)
   0.28    5.44 ^ _09570_/ZN (gf180mcu_fd_sc_mcu9t5v0__oai211_1)
   0.19    5.63 v _09571_/ZN (gf180mcu_fd_sc_mcu9t5v0__nand2_1)
   0.18    5.81 ^ _09572_/ZN (gf180mcu_fd_sc_mcu9t5v0__clkinv_1)
   0.16    5.97 v _09573_/ZN (gf180mcu_fd_sc_mcu9t5v0__nor2_1)
   0.75    6.72 ^ _09574_/ZN (gf180mcu_fd_sc_mcu9t5v0__oai21_1)
   0.24    6.96 ^ place481/Z (gf180mcu_fd_sc_mcu9t5v0__buf_8)
   0.12    7.08 v _09811_/ZN (gf180mcu_fd_sc_mcu9t5v0__oai211_1)
   0.43    7.51 v _09812_/Z (gf180mcu_fd_sc_mcu9t5v0__and2_1)
   0.13    7.64 ^ _09813_/ZN (gf180mcu_fd_sc_mcu9t5v0__clkinv_1)
   0.32    7.95 v _09814_/ZN (gf180mcu_fd_sc_mcu9t5v0__nand2_1)
   0.75    8.70 ^ _10093_/ZN (gf180mcu_fd_sc_mcu9t5v0__nor3_1)
   0.28    8.98 ^ place434/Z (gf180mcu_fd_sc_mcu9t5v0__buf_8)
   0.12    9.10 v _10124_/ZN (gf180mcu_fd_sc_mcu9t5v0__aoi221_2)
   0.43    9.53 ^ _10125_/ZN (gf180mcu_fd_sc_mcu9t5v0__nor2_1)
   0.19    9.73 ^ place341/Z (gf180mcu_fd_sc_mcu9t5v0__buf_8)
   0.00    9.73 ^ u_transform_scheduler_core.u_fft_scratch_sram.u_hi.u_sram/D[5] (gf180mcu_fd_ip_sram__sram256x8m8wm1)
           9.73   data arrival time

  16.28   16.28   clock core_clk (rise edge)
   0.00   16.28   clock source latency
   0.00   16.28 ^ clk (in)
   0.25   16.52 ^ delaybuf_0_core_clk/Z (gf180mcu_fd_sc_mcu9t5v0__clkbuf_16)
   0.17   16.70 ^ delaybuf_1_core_clk/Z (gf180mcu_fd_sc_mcu9t5v0__clkbuf_16)
   0.17   16.87 ^ delaybuf_2_core_clk/Z (gf180mcu_fd_sc_mcu9t5v0__clkbuf_16)
   0.17   17.04 ^ delaybuf_3_core_clk/Z (gf180mcu_fd_sc_mcu9t5v0__clkbuf_16)
   0.19   17.23 ^ clkbuf_0_clk/Z (gf180mcu_fd_sc_mcu9t5v0__clkbuf_16)
   0.28   17.51 ^ clkbuf_1_1__f_clk/Z (gf180mcu_fd_sc_mcu9t5v0__clkbuf_16)
   0.00   17.51 ^ u_transform_scheduler_core.u_fft_scratch_sram.u_hi.u_sram/CLK (gf180mcu_fd_ip_sram__sram256x8m8wm1)
  -0.10   17.41   clock uncertainty
   0.00   17.41   clock reconvergence pessimism
  -0.47   16.94   library setup time
          16.94   data required time
---------------------------------------------------------
          16.94   data required time
          -9.73   data arrival time
---------------------------------------------------------
           7.21   slack (MET)


