Startpoint: _18692_ (rising edge-triggered flip-flop clocked by core_clk)
Endpoint: u_transform_scheduler_core.u_fft_scratch_sram.u_hi.u_sram
          (rising edge-triggered flip-flop clocked by core_clk)
Path Group: core_clk
Path Type: max

Fanout     Cap    Slew   Delay    Time   Description
-----------------------------------------------------------------------------
                          0.00    0.00   clock core_clk (rise edge)
                          2.69    2.69   clock network delay (propagated)
                  0.51    0.00    2.69 ^ _18692_/CLK (gf180mcu_fd_sc_mcu9t5v0__dffrnq_4)
     7    0.07    0.50    1.79    4.47 ^ _18692_/Q (gf180mcu_fd_sc_mcu9t5v0__dffrnq_4)
                                         u_transform_scheduler_core.result_meta_read_pointer[1] (net)
     2    0.03    0.32    1.21    5.68 v _09427_/ZN (gf180mcu_fd_sc_mcu9t5v0__xnor2_4)
                                         _04244_ (net)
     1    0.03    0.18    0.42    6.10 v _09428_/Z (gf180mcu_fd_sc_mcu9t5v0__and2_4)
                                         _04245_ (net)
     1    0.05    1.05    0.79    6.90 ^ _09435_/ZN (gf180mcu_fd_sc_mcu9t5v0__oai31_4)
                                         teco5_buf_09435_i (net)
     3    0.16    0.26    0.53    7.42 ^ teco5_buf_09435/Z (gf180mcu_fd_sc_mcu9t5v0__clkbuf_16)
                                         _04252_ (net)
     2    0.02    0.48    0.29    7.71 v _09438_/ZN (gf180mcu_fd_sc_mcu9t5v0__oai21_4)
                                         _04255_ (net)
     1    0.06    0.34    0.69    8.41 v _09445_/Z (gf180mcu_fd_sc_mcu9t5v0__and4_4)
                                         _04262_ (net)
     2    0.07    1.35    0.84    9.25 ^ _09450_/ZN (gf180mcu_fd_sc_mcu9t5v0__oai31_4)
                                         _04267_ (net)
     2    0.08    0.52    0.90   10.14 ^ _09454_/Z (gf180mcu_fd_sc_mcu9t5v0__and4_4)
                                         _04271_ (net)
     3    0.12    0.70    0.45   10.60 v _09456_/ZN (gf180mcu_fd_sc_mcu9t5v0__nand2_4)
                                         _04273_ (net)
     6    0.15    0.90    0.76   11.35 ^ _09461_/ZN (gf180mcu_fd_sc_mcu9t5v0__nand2_4)
                                         _04278_ (net)
     8    0.19    0.57    0.52   11.87 v _09462_/ZN (gf180mcu_fd_sc_mcu9t5v0__clkinv_8)
                                         u_transform_scheduler_core.u_mixed_radix_butterfly.multiply_product_fire (net)
     8    0.33    0.33    0.55   12.42 v load_slew111/Z (gf180mcu_fd_sc_mcu9t5v0__clkbuf_20)
                                         net111 (net)
     1    0.05    1.07    0.54   12.95 ^ _09472_/ZN (gf180mcu_fd_sc_mcu9t5v0__oai21_4)
                                         teco5_buf_09472_i (net)
     5    0.22    0.32    0.58   13.53 ^ teco5_buf_09472/Z (gf180mcu_fd_sc_mcu9t5v0__clkbuf_16)
                                         _04288_ (net)
     7    0.24    0.27    0.44   13.97 ^ max_cap106/Z (gf180mcu_fd_sc_mcu9t5v0__clkbuf_20)
                                         net106 (net)
     5    0.08    0.73    0.32   14.30 v _09512_/ZN (gf180mcu_fd_sc_mcu9t5v0__nand2_4)
                                         _04328_ (net)
     2    0.04    1.44    0.87   15.17 ^ _09513_/ZN (gf180mcu_fd_sc_mcu9t5v0__oai221_4)
                                         _04329_ (net)
     1    0.03    0.22    0.46   15.63 ^ _09514_/Z (gf180mcu_fd_sc_mcu9t5v0__or2_4)
                                         _04330_ (net)
     1    0.02    0.69    0.25   15.88 v _09519_/ZN (gf180mcu_fd_sc_mcu9t5v0__oai31_4)
                                         _04335_ (net)
     2    0.23    0.51    0.66   16.54 v rebuffer265/Z (gf180mcu_fd_sc_mcu9t5v0__clkbuf_8)
                                         net265 (net)
     6    0.17    1.78    1.18   17.72 ^ _09541_/ZN (gf180mcu_fd_sc_mcu9t5v0__aoi21_4)
                                         _04356_ (net)
     5    0.10    1.23    0.59   18.31 v _09700_/ZN (gf180mcu_fd_sc_mcu9t5v0__nor2_4)
                                         _04489_ (net)
     7    0.24    1.34    1.13   19.44 ^ _09711_/ZN (gf180mcu_fd_sc_mcu9t5v0__nand2_4)
                                         _04499_ (net)
    10    0.30    1.77    1.08   20.52 v _09848_/ZN (gf180mcu_fd_sc_mcu9t5v0__aoi21_4)
                                         _04622_ (net)
     8    0.23    2.11    1.74   22.26 ^ _10661_/ZN (gf180mcu_fd_sc_mcu9t5v0__nor2_4)
                                         _05390_ (net)
     1    0.07    1.68    0.99   23.25 v _10796_/ZN (gf180mcu_fd_sc_mcu9t5v0__aoi22_1)
                                         _05518_ (net)
     2    0.21    7.43    4.74   27.99 ^ _10810_/ZN (gf180mcu_fd_sc_mcu9t5v0__aoi22_1)
                                         u_transform_scheduler_core.u_fft_scratch_sram.macro_addr[7] (net)
     1    0.05    0.25    0.19   28.18 ^ u_transform_scheduler_core.u_fft_scratch_sram.u_hi.g_pin_drive[7].u_addr_driver/Z (gf180mcu_fd_sc_mcu9t5v0__buf_16)
                                         u_transform_scheduler_core.u_fft_scratch_sram.u_hi.macro_addr[7] (net)
                  0.25    0.00   28.18 ^ u_transform_scheduler_core.u_fft_scratch_sram.u_hi.u_sram/A[7] (gf180mcu_fd_ip_sram__sram256x8m8wm1)
                                 28.18   data arrival time

                         26.04   26.04   clock core_clk (rise edge)
                          2.85   28.89   clock network delay (propagated)
                          0.00   28.89   clock reconvergence pessimism
                                 28.89 ^ u_transform_scheduler_core.u_fft_scratch_sram.u_hi.u_sram/CLK (gf180mcu_fd_ip_sram__sram256x8m8wm1)
                         -0.80   28.09   library setup time
                                 28.09   data required time
-----------------------------------------------------------------------------
                                 28.09   data required time
                                -28.18   data arrival time
-----------------------------------------------------------------------------
                                 -0.09   slack (VIOLATED)


Startpoint: _18692_ (rising edge-triggered flip-flop clocked by core_clk)
Endpoint: u_transform_scheduler_core.u_fft_scratch_sram.u_lo.u_sram
          (rising edge-triggered flip-flop clocked by core_clk)
Path Group: core_clk
Path Type: max

Fanout     Cap    Slew   Delay    Time   Description
-----------------------------------------------------------------------------
                          0.00    0.00   clock core_clk (rise edge)
                          2.69    2.69   clock network delay (propagated)
                  0.51    0.00    2.69 ^ _18692_/CLK (gf180mcu_fd_sc_mcu9t5v0__dffrnq_4)
     7    0.07    0.50    1.79    4.47 ^ _18692_/Q (gf180mcu_fd_sc_mcu9t5v0__dffrnq_4)
                                         u_transform_scheduler_core.result_meta_read_pointer[1] (net)
     2    0.03    0.32    1.21    5.68 v _09427_/ZN (gf180mcu_fd_sc_mcu9t5v0__xnor2_4)
                                         _04244_ (net)
     1    0.03    0.18    0.42    6.10 v _09428_/Z (gf180mcu_fd_sc_mcu9t5v0__and2_4)
                                         _04245_ (net)
     1    0.05    1.05    0.79    6.90 ^ _09435_/ZN (gf180mcu_fd_sc_mcu9t5v0__oai31_4)
                                         teco5_buf_09435_i (net)
     3    0.16    0.26    0.53    7.42 ^ teco5_buf_09435/Z (gf180mcu_fd_sc_mcu9t5v0__clkbuf_16)
                                         _04252_ (net)
     2    0.02    0.48    0.29    7.71 v _09438_/ZN (gf180mcu_fd_sc_mcu9t5v0__oai21_4)
                                         _04255_ (net)
     1    0.06    0.34    0.69    8.41 v _09445_/Z (gf180mcu_fd_sc_mcu9t5v0__and4_4)
                                         _04262_ (net)
     2    0.07    1.35    0.84    9.25 ^ _09450_/ZN (gf180mcu_fd_sc_mcu9t5v0__oai31_4)
                                         _04267_ (net)
     2    0.08    0.52    0.90   10.14 ^ _09454_/Z (gf180mcu_fd_sc_mcu9t5v0__and4_4)
                                         _04271_ (net)
     3    0.12    0.70    0.45   10.60 v _09456_/ZN (gf180mcu_fd_sc_mcu9t5v0__nand2_4)
                                         _04273_ (net)
     6    0.15    0.90    0.76   11.35 ^ _09461_/ZN (gf180mcu_fd_sc_mcu9t5v0__nand2_4)
                                         _04278_ (net)
     8    0.19    0.57    0.52   11.87 v _09462_/ZN (gf180mcu_fd_sc_mcu9t5v0__clkinv_8)
                                         u_transform_scheduler_core.u_mixed_radix_butterfly.multiply_product_fire (net)
     8    0.33    0.33    0.55   12.42 v load_slew111/Z (gf180mcu_fd_sc_mcu9t5v0__clkbuf_20)
                                         net111 (net)
     1    0.05    1.07    0.54   12.95 ^ _09472_/ZN (gf180mcu_fd_sc_mcu9t5v0__oai21_4)
                                         teco5_buf_09472_i (net)
     5    0.22    0.32    0.58   13.53 ^ teco5_buf_09472/Z (gf180mcu_fd_sc_mcu9t5v0__clkbuf_16)
                                         _04288_ (net)
     7    0.24    0.27    0.44   13.97 ^ max_cap106/Z (gf180mcu_fd_sc_mcu9t5v0__clkbuf_20)
                                         net106 (net)
     5    0.08    0.73    0.32   14.30 v _09512_/ZN (gf180mcu_fd_sc_mcu9t5v0__nand2_4)
                                         _04328_ (net)
     2    0.04    1.44    0.87   15.17 ^ _09513_/ZN (gf180mcu_fd_sc_mcu9t5v0__oai221_4)
                                         _04329_ (net)
     1    0.03    0.22    0.46   15.63 ^ _09514_/Z (gf180mcu_fd_sc_mcu9t5v0__or2_4)
                                         _04330_ (net)
     1    0.02    0.69    0.25   15.88 v _09519_/ZN (gf180mcu_fd_sc_mcu9t5v0__oai31_4)
                                         _04335_ (net)
     2    0.23    0.51    0.66   16.54 v rebuffer265/Z (gf180mcu_fd_sc_mcu9t5v0__clkbuf_8)
                                         net265 (net)
     6    0.17    1.78    1.18   17.72 ^ _09541_/ZN (gf180mcu_fd_sc_mcu9t5v0__aoi21_4)
                                         _04356_ (net)
     5    0.10    1.23    0.59   18.31 v _09700_/ZN (gf180mcu_fd_sc_mcu9t5v0__nor2_4)
                                         _04489_ (net)
     7    0.24    1.34    1.13   19.44 ^ _09711_/ZN (gf180mcu_fd_sc_mcu9t5v0__nand2_4)
                                         _04499_ (net)
    10    0.30    1.77    1.08   20.52 v _09848_/ZN (gf180mcu_fd_sc_mcu9t5v0__aoi21_4)
                                         _04622_ (net)
     8    0.23    2.11    1.74   22.26 ^ _10661_/ZN (gf180mcu_fd_sc_mcu9t5v0__nor2_4)
                                         _05390_ (net)
     1    0.07    1.68    0.99   23.25 v _10796_/ZN (gf180mcu_fd_sc_mcu9t5v0__aoi22_1)
                                         _05518_ (net)
     2    0.21    7.43    4.74   27.99 ^ _10810_/ZN (gf180mcu_fd_sc_mcu9t5v0__aoi22_1)
                                         u_transform_scheduler_core.u_fft_scratch_sram.macro_addr[7] (net)
     1    0.05    0.25    0.20   28.19 ^ u_transform_scheduler_core.u_fft_scratch_sram.u_lo.g_pin_drive[7].u_addr_driver/Z (gf180mcu_fd_sc_mcu9t5v0__buf_16)
                                         u_transform_scheduler_core.u_fft_scratch_sram.u_lo.macro_addr[7] (net)
                  0.25    0.00   28.19 ^ u_transform_scheduler_core.u_fft_scratch_sram.u_lo.u_sram/A[7] (gf180mcu_fd_ip_sram__sram256x8m8wm1)
                                 28.19   data arrival time

                         26.04   26.04   clock core_clk (rise edge)
                          2.88   28.93   clock network delay (propagated)
                          0.00   28.93   clock reconvergence pessimism
                                 28.93 ^ u_transform_scheduler_core.u_fft_scratch_sram.u_lo.u_sram/CLK (gf180mcu_fd_ip_sram__sram256x8m8wm1)
                         -0.80   28.12   library setup time
                                 28.12   data required time
-----------------------------------------------------------------------------
                                 28.12   data required time
                                -28.19   data arrival time
-----------------------------------------------------------------------------
                                 -0.07   slack (VIOLATED)


Startpoint: _18692_ (rising edge-triggered flip-flop clocked by core_clk)
Endpoint: _18287_ (rising edge-triggered flip-flop clocked by core_clk)
Path Group: core_clk
Path Type: max

Fanout     Cap    Slew   Delay    Time   Description
-----------------------------------------------------------------------------
                          0.00    0.00   clock core_clk (rise edge)
                          2.69    2.69   clock network delay (propagated)
                  0.51    0.00    2.69 ^ _18692_/CLK (gf180mcu_fd_sc_mcu9t5v0__dffrnq_4)
     7    0.07    0.50    1.79    4.47 ^ _18692_/Q (gf180mcu_fd_sc_mcu9t5v0__dffrnq_4)
                                         u_transform_scheduler_core.result_meta_read_pointer[1] (net)
     2    0.03    0.32    1.21    5.68 v _09427_/ZN (gf180mcu_fd_sc_mcu9t5v0__xnor2_4)
                                         _04244_ (net)
     1    0.03    0.18    0.42    6.10 v _09428_/Z (gf180mcu_fd_sc_mcu9t5v0__and2_4)
                                         _04245_ (net)
     1    0.05    1.05    0.79    6.90 ^ _09435_/ZN (gf180mcu_fd_sc_mcu9t5v0__oai31_4)
                                         teco5_buf_09435_i (net)
     3    0.16    0.26    0.53    7.42 ^ teco5_buf_09435/Z (gf180mcu_fd_sc_mcu9t5v0__clkbuf_16)
                                         _04252_ (net)
     2    0.02    0.48    0.29    7.71 v _09438_/ZN (gf180mcu_fd_sc_mcu9t5v0__oai21_4)
                                         _04255_ (net)
     1    0.06    0.34    0.69    8.41 v _09445_/Z (gf180mcu_fd_sc_mcu9t5v0__and4_4)
                                         _04262_ (net)
     2    0.07    1.35    0.84    9.25 ^ _09450_/ZN (gf180mcu_fd_sc_mcu9t5v0__oai31_4)
                                         _04267_ (net)
     2    0.08    0.52    0.90   10.14 ^ _09454_/Z (gf180mcu_fd_sc_mcu9t5v0__and4_4)
                                         _04271_ (net)
     3    0.12    0.70    0.45   10.60 v _09456_/ZN (gf180mcu_fd_sc_mcu9t5v0__nand2_4)
                                         _04273_ (net)
     6    0.15    0.90    0.76   11.35 ^ _09461_/ZN (gf180mcu_fd_sc_mcu9t5v0__nand2_4)
                                         _04278_ (net)
     8    0.19    0.57    0.52   11.87 v _09462_/ZN (gf180mcu_fd_sc_mcu9t5v0__clkinv_8)
                                         u_transform_scheduler_core.u_mixed_radix_butterfly.multiply_product_fire (net)
     8    0.33    0.33    0.55   12.42 v load_slew111/Z (gf180mcu_fd_sc_mcu9t5v0__clkbuf_20)
                                         net111 (net)
     1    0.05    1.07    0.54   12.95 ^ _09472_/ZN (gf180mcu_fd_sc_mcu9t5v0__oai21_4)
                                         teco5_buf_09472_i (net)
     5    0.22    0.32    0.58   13.53 ^ teco5_buf_09472/Z (gf180mcu_fd_sc_mcu9t5v0__clkbuf_16)
                                         _04288_ (net)
     7    0.24    0.27    0.44   13.97 ^ max_cap106/Z (gf180mcu_fd_sc_mcu9t5v0__clkbuf_20)
                                         net106 (net)
     5    0.08    0.73    0.32   14.30 v _09512_/ZN (gf180mcu_fd_sc_mcu9t5v0__nand2_4)
                                         _04328_ (net)
     2    0.04    1.44    0.87   15.17 ^ _09513_/ZN (gf180mcu_fd_sc_mcu9t5v0__oai221_4)
                                         _04329_ (net)
     1    0.03    0.22    0.46   15.63 ^ _09514_/Z (gf180mcu_fd_sc_mcu9t5v0__or2_4)
                                         _04330_ (net)
     1    0.02    0.69    0.25   15.88 v _09519_/ZN (gf180mcu_fd_sc_mcu9t5v0__oai31_4)
                                         _04335_ (net)
     2    0.23    0.51    0.66   16.54 v rebuffer265/Z (gf180mcu_fd_sc_mcu9t5v0__clkbuf_8)
                                         net265 (net)
     6    0.17    1.78    1.18   17.72 ^ _09541_/ZN (gf180mcu_fd_sc_mcu9t5v0__aoi21_4)
                                         _04356_ (net)
     2    0.09    1.52    0.51   18.23 v _15855_/ZN (gf180mcu_fd_sc_mcu9t5v0__oai31_4)
                                         _02454_ (net)
     4    0.13    0.35    0.75   18.97 v rebuffer264/Z (gf180mcu_fd_sc_mcu9t5v0__clkbuf_8)
                                         net264 (net)
    15    0.38    1.03    1.20   20.18 v _15860_/Z (gf180mcu_fd_sc_mcu9t5v0__or2_4)
                                         _02459_ (net)
     1    0.06    2.17    1.28   21.45 ^ _15991_/ZN (gf180mcu_fd_sc_mcu9t5v0__oai32_4)
                                         _02526_ (net)
     5    0.13    0.26    0.63   22.08 ^ rebuffer271/Z (gf180mcu_fd_sc_mcu9t5v0__clkbuf_16)
                                         net271 (net)
     1    0.05    0.90    0.31   22.38 v _15992_/ZN (gf180mcu_fd_sc_mcu9t5v0__nor4_4)
                                         teco5_buf_15992_i (net)
     4    0.16    0.25    0.56   22.94 v teco5_buf_15992/Z (gf180mcu_fd_sc_mcu9t5v0__clkbuf_16)
                                         _02527_ (net)
     6    0.22    0.35    0.49   23.44 v rebuffer229/Z (gf180mcu_fd_sc_mcu9t5v0__clkbuf_12)
                                         net229 (net)
     2    0.07    0.64    0.43   23.86 ^ _16441_/ZN (gf180mcu_fd_sc_mcu9t5v0__nand2_4)
                                         _02848_ (net)
     9    0.26    0.62    0.62   24.48 ^ max_cap302/Z (gf180mcu_fd_sc_mcu9t5v0__buf_8)
                                         net302 (net)
     1    0.04    0.18    0.43   24.92 ^ max_cap50/Z (gf180mcu_fd_sc_mcu9t5v0__clkbuf_8)
                                         net50 (net)
     7    0.22    2.02    1.38   26.29 ^ fanout293/Z (gf180mcu_fd_sc_mcu9t5v0__buf_2)
                                         net293 (net)
    10    0.26    1.21    0.98   27.28 ^ fanout292/Z (gf180mcu_fd_sc_mcu9t5v0__buf_4)
                                         net292 (net)
     1    0.01    0.33    0.92   28.20 v _16457_/Z (gf180mcu_fd_sc_mcu9t5v0__mux2_4)
                                         _02858_ (net)
     1    0.01    0.25    0.84   29.03 v _16458_/Z (gf180mcu_fd_sc_mcu9t5v0__mux2_4)
                                         _01310_ (net)
                  0.25    0.00   29.03 v _18287_/D (gf180mcu_fd_sc_mcu9t5v0__dffq_4)
                                 29.03   data arrival time

                         26.04   26.04   clock core_clk (rise edge)
                          3.25   29.29   clock network delay (propagated)
                          0.00   29.29   clock reconvergence pessimism
                                 29.29 ^ _18287_/CLK (gf180mcu_fd_sc_mcu9t5v0__dffq_4)
                         -0.31   28.99   library setup time
                                 28.99   data required time
-----------------------------------------------------------------------------
                                 28.99   data required time
                                -29.03   data arrival time
-----------------------------------------------------------------------------
                                 -0.05   slack (VIOLATED)


Startpoint: _18692_ (rising edge-triggered flip-flop clocked by core_clk)
Endpoint: _18480_ (rising edge-triggered flip-flop clocked by core_clk)
Path Group: core_clk
Path Type: max

Fanout     Cap    Slew   Delay    Time   Description
-----------------------------------------------------------------------------
                          0.00    0.00   clock core_clk (rise edge)
                          2.69    2.69   clock network delay (propagated)
                  0.51    0.00    2.69 ^ _18692_/CLK (gf180mcu_fd_sc_mcu9t5v0__dffrnq_4)
     7    0.07    0.50    1.79    4.47 ^ _18692_/Q (gf180mcu_fd_sc_mcu9t5v0__dffrnq_4)
                                         u_transform_scheduler_core.result_meta_read_pointer[1] (net)
     2    0.03    0.32    1.21    5.68 v _09427_/ZN (gf180mcu_fd_sc_mcu9t5v0__xnor2_4)
                                         _04244_ (net)
     1    0.03    0.18    0.42    6.10 v _09428_/Z (gf180mcu_fd_sc_mcu9t5v0__and2_4)
                                         _04245_ (net)
     1    0.05    1.05    0.79    6.90 ^ _09435_/ZN (gf180mcu_fd_sc_mcu9t5v0__oai31_4)
                                         teco5_buf_09435_i (net)
     3    0.16    0.26    0.53    7.42 ^ teco5_buf_09435/Z (gf180mcu_fd_sc_mcu9t5v0__clkbuf_16)
                                         _04252_ (net)
     2    0.02    0.48    0.29    7.71 v _09438_/ZN (gf180mcu_fd_sc_mcu9t5v0__oai21_4)
                                         _04255_ (net)
     1    0.06    0.34    0.69    8.41 v _09445_/Z (gf180mcu_fd_sc_mcu9t5v0__and4_4)
                                         _04262_ (net)
     2    0.07    1.35    0.84    9.25 ^ _09450_/ZN (gf180mcu_fd_sc_mcu9t5v0__oai31_4)
                                         _04267_ (net)
     2    0.08    0.52    0.90   10.14 ^ _09454_/Z (gf180mcu_fd_sc_mcu9t5v0__and4_4)
                                         _04271_ (net)
     3    0.12    0.70    0.45   10.60 v _09456_/ZN (gf180mcu_fd_sc_mcu9t5v0__nand2_4)
                                         _04273_ (net)
     6    0.15    0.90    0.76   11.35 ^ _09461_/ZN (gf180mcu_fd_sc_mcu9t5v0__nand2_4)
                                         _04278_ (net)
     8    0.19    0.57    0.52   11.87 v _09462_/ZN (gf180mcu_fd_sc_mcu9t5v0__clkinv_8)
                                         u_transform_scheduler_core.u_mixed_radix_butterfly.multiply_product_fire (net)
     8    0.33    0.33    0.55   12.42 v load_slew111/Z (gf180mcu_fd_sc_mcu9t5v0__clkbuf_20)
                                         net111 (net)
     1    0.05    1.07    0.54   12.95 ^ _09472_/ZN (gf180mcu_fd_sc_mcu9t5v0__oai21_4)
                                         teco5_buf_09472_i (net)
     5    0.22    0.32    0.58   13.53 ^ teco5_buf_09472/Z (gf180mcu_fd_sc_mcu9t5v0__clkbuf_16)
                                         _04288_ (net)
     7    0.24    0.27    0.44   13.97 ^ max_cap106/Z (gf180mcu_fd_sc_mcu9t5v0__clkbuf_20)
                                         net106 (net)
     5    0.08    0.73    0.32   14.30 v _09512_/ZN (gf180mcu_fd_sc_mcu9t5v0__nand2_4)
                                         _04328_ (net)
     2    0.04    1.44    0.87   15.17 ^ _09513_/ZN (gf180mcu_fd_sc_mcu9t5v0__oai221_4)
                                         _04329_ (net)
     1    0.03    0.22    0.46   15.63 ^ _09514_/Z (gf180mcu_fd_sc_mcu9t5v0__or2_4)
                                         _04330_ (net)
     1    0.02    0.69    0.25   15.88 v _09519_/ZN (gf180mcu_fd_sc_mcu9t5v0__oai31_4)
                                         _04335_ (net)
     2    0.23    0.51    0.66   16.54 v rebuffer265/Z (gf180mcu_fd_sc_mcu9t5v0__clkbuf_8)
                                         net265 (net)
     6    0.17    1.78    1.18   17.72 ^ _09541_/ZN (gf180mcu_fd_sc_mcu9t5v0__aoi21_4)
                                         _04356_ (net)
     2    0.09    1.52    0.51   18.23 v _15855_/ZN (gf180mcu_fd_sc_mcu9t5v0__oai31_4)
                                         _02454_ (net)
     4    0.13    0.35    0.75   18.97 v rebuffer264/Z (gf180mcu_fd_sc_mcu9t5v0__clkbuf_8)
                                         net264 (net)
    15    0.38    1.03    1.20   20.18 v _15860_/Z (gf180mcu_fd_sc_mcu9t5v0__or2_4)
                                         _02459_ (net)
     1    0.06    2.17    1.28   21.45 ^ _15991_/ZN (gf180mcu_fd_sc_mcu9t5v0__oai32_4)
                                         _02526_ (net)
     5    0.13    0.26    0.63   22.08 ^ rebuffer271/Z (gf180mcu_fd_sc_mcu9t5v0__clkbuf_16)
                                         net271 (net)
     1    0.05    0.90    0.31   22.38 v _15992_/ZN (gf180mcu_fd_sc_mcu9t5v0__nor4_4)
                                         teco5_buf_15992_i (net)
     4    0.16    0.25    0.56   22.94 v teco5_buf_15992/Z (gf180mcu_fd_sc_mcu9t5v0__clkbuf_16)
                                         _02527_ (net)
     6    0.22    0.35    0.49   23.44 v rebuffer229/Z (gf180mcu_fd_sc_mcu9t5v0__clkbuf_12)
                                         net229 (net)
     2    0.07    0.64    0.43   23.86 ^ _16441_/ZN (gf180mcu_fd_sc_mcu9t5v0__nand2_4)
                                         _02848_ (net)
     9    0.26    0.62    0.62   24.48 ^ max_cap302/Z (gf180mcu_fd_sc_mcu9t5v0__buf_8)
                                         net302 (net)
     1    0.04    0.18    0.43   24.92 ^ max_cap50/Z (gf180mcu_fd_sc_mcu9t5v0__clkbuf_8)
                                         net50 (net)
     7    0.22    2.02    1.38   26.29 ^ fanout293/Z (gf180mcu_fd_sc_mcu9t5v0__buf_2)
                                         net293 (net)
    10    0.26    1.21    0.98   27.28 ^ fanout292/Z (gf180mcu_fd_sc_mcu9t5v0__buf_4)
                                         net292 (net)
     1    0.01    0.37    0.92   28.19 v _16977_/Z (gf180mcu_fd_sc_mcu9t5v0__mux2_1)
                                         _03185_ (net)
     1    0.00    0.25    0.73   28.93 v _16978_/Z (gf180mcu_fd_sc_mcu9t5v0__mux2_1)
                                         _01503_ (net)
                  0.25    0.00   28.93 v _18480_/D (gf180mcu_fd_sc_mcu9t5v0__dffq_1)
                                 28.93   data arrival time

                         26.04   26.04   clock core_clk (rise edge)
                          3.00   29.04   clock network delay (propagated)
                          0.00   29.04   clock reconvergence pessimism
                                 29.04 ^ _18480_/CLK (gf180mcu_fd_sc_mcu9t5v0__dffq_1)
                         -0.16   28.88   library setup time
                                 28.88   data required time
-----------------------------------------------------------------------------
                                 28.88   data required time
                                -28.93   data arrival time
-----------------------------------------------------------------------------
                                 -0.05   slack (VIOLATED)


Startpoint: _18692_ (rising edge-triggered flip-flop clocked by core_clk)
Endpoint: _18288_ (rising edge-triggered flip-flop clocked by core_clk)
Path Group: core_clk
Path Type: max

Fanout     Cap    Slew   Delay    Time   Description
-----------------------------------------------------------------------------
                          0.00    0.00   clock core_clk (rise edge)
                          2.69    2.69   clock network delay (propagated)
                  0.51    0.00    2.69 ^ _18692_/CLK (gf180mcu_fd_sc_mcu9t5v0__dffrnq_4)
     7    0.07    0.50    1.79    4.47 ^ _18692_/Q (gf180mcu_fd_sc_mcu9t5v0__dffrnq_4)
                                         u_transform_scheduler_core.result_meta_read_pointer[1] (net)
     2    0.03    0.32    1.21    5.68 v _09427_/ZN (gf180mcu_fd_sc_mcu9t5v0__xnor2_4)
                                         _04244_ (net)
     1    0.03    0.18    0.42    6.10 v _09428_/Z (gf180mcu_fd_sc_mcu9t5v0__and2_4)
                                         _04245_ (net)
     1    0.05    1.05    0.79    6.90 ^ _09435_/ZN (gf180mcu_fd_sc_mcu9t5v0__oai31_4)
                                         teco5_buf_09435_i (net)
     3    0.16    0.26    0.53    7.42 ^ teco5_buf_09435/Z (gf180mcu_fd_sc_mcu9t5v0__clkbuf_16)
                                         _04252_ (net)
     2    0.02    0.48    0.29    7.71 v _09438_/ZN (gf180mcu_fd_sc_mcu9t5v0__oai21_4)
                                         _04255_ (net)
     1    0.06    0.34    0.69    8.41 v _09445_/Z (gf180mcu_fd_sc_mcu9t5v0__and4_4)
                                         _04262_ (net)
     2    0.07    1.35    0.84    9.25 ^ _09450_/ZN (gf180mcu_fd_sc_mcu9t5v0__oai31_4)
                                         _04267_ (net)
     2    0.08    0.52    0.90   10.14 ^ _09454_/Z (gf180mcu_fd_sc_mcu9t5v0__and4_4)
                                         _04271_ (net)
     3    0.12    0.70    0.45   10.60 v _09456_/ZN (gf180mcu_fd_sc_mcu9t5v0__nand2_4)
                                         _04273_ (net)
     6    0.15    0.90    0.76   11.35 ^ _09461_/ZN (gf180mcu_fd_sc_mcu9t5v0__nand2_4)
                                         _04278_ (net)
     8    0.19    0.57    0.52   11.87 v _09462_/ZN (gf180mcu_fd_sc_mcu9t5v0__clkinv_8)
                                         u_transform_scheduler_core.u_mixed_radix_butterfly.multiply_product_fire (net)
     8    0.33    0.33    0.55   12.42 v load_slew111/Z (gf180mcu_fd_sc_mcu9t5v0__clkbuf_20)
                                         net111 (net)
     1    0.05    1.07    0.54   12.95 ^ _09472_/ZN (gf180mcu_fd_sc_mcu9t5v0__oai21_4)
                                         teco5_buf_09472_i (net)
     5    0.22    0.32    0.58   13.53 ^ teco5_buf_09472/Z (gf180mcu_fd_sc_mcu9t5v0__clkbuf_16)
                                         _04288_ (net)
     7    0.24    0.27    0.44   13.97 ^ max_cap106/Z (gf180mcu_fd_sc_mcu9t5v0__clkbuf_20)
                                         net106 (net)
     5    0.08    0.73    0.32   14.30 v _09512_/ZN (gf180mcu_fd_sc_mcu9t5v0__nand2_4)
                                         _04328_ (net)
     2    0.04    1.44    0.87   15.17 ^ _09513_/ZN (gf180mcu_fd_sc_mcu9t5v0__oai221_4)
                                         _04329_ (net)
     1    0.03    0.22    0.46   15.63 ^ _09514_/Z (gf180mcu_fd_sc_mcu9t5v0__or2_4)
                                         _04330_ (net)
     1    0.02    0.69    0.25   15.88 v _09519_/ZN (gf180mcu_fd_sc_mcu9t5v0__oai31_4)
                                         _04335_ (net)
     2    0.23    0.51    0.66   16.54 v rebuffer265/Z (gf180mcu_fd_sc_mcu9t5v0__clkbuf_8)
                                         net265 (net)
     6    0.17    1.78    1.18   17.72 ^ _09541_/ZN (gf180mcu_fd_sc_mcu9t5v0__aoi21_4)
                                         _04356_ (net)
     2    0.09    1.52    0.51   18.23 v _15855_/ZN (gf180mcu_fd_sc_mcu9t5v0__oai31_4)
                                         _02454_ (net)
     4    0.13    0.35    0.75   18.97 v rebuffer264/Z (gf180mcu_fd_sc_mcu9t5v0__clkbuf_8)
                                         net264 (net)
    15    0.38    1.03    1.20   20.18 v _15860_/Z (gf180mcu_fd_sc_mcu9t5v0__or2_4)
                                         _02459_ (net)
     1    0.06    2.17    1.28   21.45 ^ _15991_/ZN (gf180mcu_fd_sc_mcu9t5v0__oai32_4)
                                         _02526_ (net)
     5    0.13    0.26    0.63   22.08 ^ rebuffer271/Z (gf180mcu_fd_sc_mcu9t5v0__clkbuf_16)
                                         net271 (net)
     1    0.05    0.90    0.31   22.38 v _15992_/ZN (gf180mcu_fd_sc_mcu9t5v0__nor4_4)
                                         teco5_buf_15992_i (net)
     4    0.16    0.25    0.56   22.94 v teco5_buf_15992/Z (gf180mcu_fd_sc_mcu9t5v0__clkbuf_16)
                                         _02527_ (net)
     6    0.22    0.35    0.49   23.44 v rebuffer229/Z (gf180mcu_fd_sc_mcu9t5v0__clkbuf_12)
                                         net229 (net)
     2    0.07    0.64    0.43   23.86 ^ _16441_/ZN (gf180mcu_fd_sc_mcu9t5v0__nand2_4)
                                         _02848_ (net)
     9    0.26    0.62    0.62   24.48 ^ max_cap302/Z (gf180mcu_fd_sc_mcu9t5v0__buf_8)
                                         net302 (net)
     1    0.04    0.18    0.43   24.92 ^ max_cap50/Z (gf180mcu_fd_sc_mcu9t5v0__clkbuf_8)
                                         net50 (net)
     7    0.22    2.02    1.38   26.29 ^ fanout293/Z (gf180mcu_fd_sc_mcu9t5v0__buf_2)
                                         net293 (net)
    10    0.26    1.21    0.98   27.28 ^ fanout292/Z (gf180mcu_fd_sc_mcu9t5v0__buf_4)
                                         net292 (net)
     1    0.01    0.34    0.90   28.18 v _16459_/Z (gf180mcu_fd_sc_mcu9t5v0__mux2_1)
                                         _02859_ (net)
     1    0.00    0.25    0.73   28.90 v _16460_/Z (gf180mcu_fd_sc_mcu9t5v0__mux2_1)
                                         _01311_ (net)
                  0.25    0.00   28.90 v _18288_/D (gf180mcu_fd_sc_mcu9t5v0__dffq_1)
                                 28.90   data arrival time

                         26.04   26.04   clock core_clk (rise edge)
                          2.99   29.03   clock network delay (propagated)
                          0.00   29.03   clock reconvergence pessimism
                                 29.03 ^ _18288_/CLK (gf180mcu_fd_sc_mcu9t5v0__dffq_1)
                         -0.17   28.86   library setup time
                                 28.86   data required time
-----------------------------------------------------------------------------
                                 28.86   data required time
                                -28.90   data arrival time
-----------------------------------------------------------------------------
                                 -0.04   slack (VIOLATED)


Startpoint: _18692_ (rising edge-triggered flip-flop clocked by core_clk)
Endpoint: _18479_ (rising edge-triggered flip-flop clocked by core_clk)
Path Group: core_clk
Path Type: max

Fanout     Cap    Slew   Delay    Time   Description
-----------------------------------------------------------------------------
                          0.00    0.00   clock core_clk (rise edge)
                          2.69    2.69   clock network delay (propagated)
                  0.51    0.00    2.69 ^ _18692_/CLK (gf180mcu_fd_sc_mcu9t5v0__dffrnq_4)
     7    0.07    0.50    1.79    4.47 ^ _18692_/Q (gf180mcu_fd_sc_mcu9t5v0__dffrnq_4)
                                         u_transform_scheduler_core.result_meta_read_pointer[1] (net)
     2    0.03    0.32    1.21    5.68 v _09427_/ZN (gf180mcu_fd_sc_mcu9t5v0__xnor2_4)
                                         _04244_ (net)
     1    0.03    0.18    0.42    6.10 v _09428_/Z (gf180mcu_fd_sc_mcu9t5v0__and2_4)
                                         _04245_ (net)
     1    0.05    1.05    0.79    6.90 ^ _09435_/ZN (gf180mcu_fd_sc_mcu9t5v0__oai31_4)
                                         teco5_buf_09435_i (net)
     3    0.16    0.26    0.53    7.42 ^ teco5_buf_09435/Z (gf180mcu_fd_sc_mcu9t5v0__clkbuf_16)
                                         _04252_ (net)
     2    0.02    0.48    0.29    7.71 v _09438_/ZN (gf180mcu_fd_sc_mcu9t5v0__oai21_4)
                                         _04255_ (net)
     1    0.06    0.34    0.69    8.41 v _09445_/Z (gf180mcu_fd_sc_mcu9t5v0__and4_4)
                                         _04262_ (net)
     2    0.07    1.35    0.84    9.25 ^ _09450_/ZN (gf180mcu_fd_sc_mcu9t5v0__oai31_4)
                                         _04267_ (net)
     2    0.08    0.52    0.90   10.14 ^ _09454_/Z (gf180mcu_fd_sc_mcu9t5v0__and4_4)
                                         _04271_ (net)
     3    0.12    0.70    0.45   10.60 v _09456_/ZN (gf180mcu_fd_sc_mcu9t5v0__nand2_4)
                                         _04273_ (net)
     6    0.15    0.90    0.76   11.35 ^ _09461_/ZN (gf180mcu_fd_sc_mcu9t5v0__nand2_4)
                                         _04278_ (net)
     8    0.19    0.57    0.52   11.87 v _09462_/ZN (gf180mcu_fd_sc_mcu9t5v0__clkinv_8)
                                         u_transform_scheduler_core.u_mixed_radix_butterfly.multiply_product_fire (net)
     8    0.33    0.33    0.55   12.42 v load_slew111/Z (gf180mcu_fd_sc_mcu9t5v0__clkbuf_20)
                                         net111 (net)
     1    0.05    1.07    0.54   12.95 ^ _09472_/ZN (gf180mcu_fd_sc_mcu9t5v0__oai21_4)
                                         teco5_buf_09472_i (net)
     5    0.22    0.32    0.58   13.53 ^ teco5_buf_09472/Z (gf180mcu_fd_sc_mcu9t5v0__clkbuf_16)
                                         _04288_ (net)
     7    0.24    0.27    0.44   13.97 ^ max_cap106/Z (gf180mcu_fd_sc_mcu9t5v0__clkbuf_20)
                                         net106 (net)
     5    0.08    0.73    0.32   14.30 v _09512_/ZN (gf180mcu_fd_sc_mcu9t5v0__nand2_4)
                                         _04328_ (net)
     2    0.04    1.44    0.87   15.17 ^ _09513_/ZN (gf180mcu_fd_sc_mcu9t5v0__oai221_4)
                                         _04329_ (net)
     1    0.03    0.22    0.46   15.63 ^ _09514_/Z (gf180mcu_fd_sc_mcu9t5v0__or2_4)
                                         _04330_ (net)
     1    0.02    0.69    0.25   15.88 v _09519_/ZN (gf180mcu_fd_sc_mcu9t5v0__oai31_4)
                                         _04335_ (net)
     2    0.23    0.51    0.66   16.54 v rebuffer265/Z (gf180mcu_fd_sc_mcu9t5v0__clkbuf_8)
                                         net265 (net)
     6    0.17    1.78    1.18   17.72 ^ _09541_/ZN (gf180mcu_fd_sc_mcu9t5v0__aoi21_4)
                                         _04356_ (net)
     2    0.09    1.52    0.51   18.23 v _15855_/ZN (gf180mcu_fd_sc_mcu9t5v0__oai31_4)
                                         _02454_ (net)
     4    0.13    0.35    0.75   18.97 v rebuffer264/Z (gf180mcu_fd_sc_mcu9t5v0__clkbuf_8)
                                         net264 (net)
    15    0.38    1.03    1.20   20.18 v _15860_/Z (gf180mcu_fd_sc_mcu9t5v0__or2_4)
                                         _02459_ (net)
     1    0.06    2.17    1.28   21.45 ^ _15991_/ZN (gf180mcu_fd_sc_mcu9t5v0__oai32_4)
                                         _02526_ (net)
     5    0.13    0.26    0.63   22.08 ^ rebuffer271/Z (gf180mcu_fd_sc_mcu9t5v0__clkbuf_16)
                                         net271 (net)
     1    0.05    0.90    0.31   22.38 v _15992_/ZN (gf180mcu_fd_sc_mcu9t5v0__nor4_4)
                                         teco5_buf_15992_i (net)
     4    0.16    0.25    0.56   22.94 v teco5_buf_15992/Z (gf180mcu_fd_sc_mcu9t5v0__clkbuf_16)
                                         _02527_ (net)
     6    0.22    0.35    0.49   23.44 v rebuffer229/Z (gf180mcu_fd_sc_mcu9t5v0__clkbuf_12)
                                         net229 (net)
     2    0.07    0.64    0.43   23.86 ^ _16441_/ZN (gf180mcu_fd_sc_mcu9t5v0__nand2_4)
                                         _02848_ (net)
     9    0.26    0.62    0.62   24.48 ^ max_cap302/Z (gf180mcu_fd_sc_mcu9t5v0__buf_8)
                                         net302 (net)
     1    0.04    0.18    0.43   24.92 ^ max_cap50/Z (gf180mcu_fd_sc_mcu9t5v0__clkbuf_8)
                                         net50 (net)
     7    0.22    2.02    1.38   26.29 ^ fanout293/Z (gf180mcu_fd_sc_mcu9t5v0__buf_2)
                                         net293 (net)
    10    0.26    1.21    0.98   27.28 ^ fanout292/Z (gf180mcu_fd_sc_mcu9t5v0__buf_4)
                                         net292 (net)
     1    0.01    0.33    0.87   28.15 v _16975_/Z (gf180mcu_fd_sc_mcu9t5v0__mux2_1)
                                         _03184_ (net)
     1    0.01    0.29    0.77   28.92 v _16976_/Z (gf180mcu_fd_sc_mcu9t5v0__mux2_1)
                                         _01502_ (net)
                  0.29    0.00   28.92 v _18479_/D (gf180mcu_fd_sc_mcu9t5v0__dffq_1)
                                 28.92   data arrival time

                         26.04   26.04   clock core_clk (rise edge)
                          3.01   29.05   clock network delay (propagated)
                          0.00   29.05   clock reconvergence pessimism
                                 29.05 ^ _18479_/CLK (gf180mcu_fd_sc_mcu9t5v0__dffq_1)
                         -0.17   28.88   library setup time
                                 28.88   data required time
-----------------------------------------------------------------------------
                                 28.88   data required time
                                -28.92   data arrival time
-----------------------------------------------------------------------------
                                 -0.04   slack (VIOLATED)


