OpenROAD 26Q2-254-g61932e897 
Features included (+) or not (-): +GPU +GUI +Python
This program is licensed under the BSD-3 license. See the LICENSE file for details.
Components of this program may be licensed under more restrictive licenses which must be honored.
ANT_SRC /headless/aravindustries-repos/butterfold/butterfold_proto/physical/results/native_power_ring/ant_routed.odb
[INFO ORD-0030] Using 16 thread(s).
ANT_BEFORE DIODE 17
Net: _08139_
  Pin:   _13773_/I1 (gf180mcu_fd_sc_mcu9t5v0__mux2_1)
    Layer: Via1
      Partial area ratio:    0.08
      Required ratio:   20.00 (Gate area) 
      Cumulative area ratio:    0.08
      Required ratio:    0.00 (Cumulative area) 

    Layer: Metal2
      Partial area ratio:  135.19
      Required ratio:    0.00 (Gate area) 
      Cumulative area ratio:  135.19
      Required ratio:    0.00 (Cumulative area) 
      Partial area ratio:  521.79
      Required ratio:  400.00 (Side area) (VIOLATED)
      Cumulative area ratio:  521.79
      Required ratio:    0.00 (Cumulative side area) 

    Layer: Via2
      Partial area ratio:    0.24
      Required ratio:   20.00 (Gate area) 
      Cumulative area ratio:    0.32
      Required ratio:    0.00 (Cumulative area) 

    Layer: Metal3
      Partial area ratio:    2.78
      Required ratio:    0.00 (Gate area) 
      Cumulative area ratio:  137.96
      Required ratio:    0.00 (Cumulative area) 
      Partial area ratio:   10.85
      Required ratio:  400.00 (Side area) 
      Cumulative area ratio:  532.64
      Required ratio:    0.00 (Cumulative side area) 


  Pin:   _14171_/I0 (gf180mcu_fd_sc_mcu9t5v0__mux2_1)
    Layer: Via1
      Partial area ratio:    0.08
      Required ratio:   20.00 (Gate area) 
      Cumulative area ratio:    0.08
      Required ratio:    0.00 (Cumulative area) 

    Layer: Metal2
      Partial area ratio:    7.00
      Required ratio:    0.00 (Gate area) 
      Cumulative area ratio:    7.00
      Required ratio:    0.00 (Cumulative area) 
      Partial area ratio:   27.36
      Required ratio:  400.00 (Side area) 
      Cumulative area ratio:   27.36
      Required ratio:    0.00 (Cumulative side area) 

    Layer: Via2
      Partial area ratio:    0.16
      Required ratio:   20.00 (Gate area) 
      Cumulative area ratio:    0.24
      Required ratio:    0.00 (Cumulative area) 

    Layer: Metal3
      Partial area ratio:    2.78
      Required ratio:    0.00 (Gate area) 
      Cumulative area ratio:    9.78
      Required ratio:    0.00 (Cumulative area) 
      Partial area ratio:   10.85
      Required ratio:  400.00 (Side area) 
      Cumulative area ratio:   38.21
      Required ratio:    0.00 (Cumulative side area) 


  Pin:   _14270_/I0 (gf180mcu_fd_sc_mcu9t5v0__mux2_1)
    Layer: Via1
      Partial area ratio:    0.08
      Required ratio:   20.00 (Gate area) 
      Cumulative area ratio:    0.08
      Required ratio:    0.00 (Cumulative area) 

    Layer: Metal2
      Partial area ratio:    2.15
      Required ratio:    0.00 (Gate area) 
      Cumulative area ratio:    2.15
      Required ratio:    0.00 (Cumulative area) 
      Partial area ratio:    8.63
      Required ratio:  400.00 (Side area) 
      Cumulative area ratio:    8.63
      Required ratio:    0.00 (Cumulative side area) 

    Layer: Via2
      Partial area ratio:    0.08
      Required ratio:   20.00 (Gate area) 
      Cumulative area ratio:    0.16
      Required ratio:    0.00 (Cumulative area) 

    Layer: Metal3
      Partial area ratio:    2.78
      Required ratio:    0.00 (Gate area) 
      Cumulative area ratio:    4.92
      Required ratio:    0.00 (Cumulative area) 
      Partial area ratio:   10.85
      Required ratio:  400.00 (Side area) 
      Cumulative area ratio:   19.48
      Required ratio:    0.00 (Cumulative side area) 


  Pin:   _14289_/I0 (gf180mcu_fd_sc_mcu9t5v0__mux2_1)
    Layer: Via1
      Partial area ratio:    0.08
      Required ratio:   20.00 (Gate area) 
      Cumulative area ratio:    0.08
      Required ratio:    0.00 (Cumulative area) 

    Layer: Metal2
      Partial area ratio:   16.68
      Required ratio:    0.00 (Gate area) 
      Cumulative area ratio:   16.68
      Required ratio:    0.00 (Cumulative area) 
      Partial area ratio:   64.67
      Required ratio:  400.00 (Side area) 
      Cumulative area ratio:   64.67
      Required ratio:    0.00 (Cumulative side area) 

    Layer: Via2
      Partial area ratio:    0.16
      Required ratio:   20.00 (Gate area) 
      Cumulative area ratio:    0.24
      Required ratio:    0.00 (Cumulative area) 

    Layer: Metal3
      Partial area ratio:    2.78
      Required ratio:    0.00 (Gate area) 
      Cumulative area ratio:   19.45
      Required ratio:    0.00 (Cumulative area) 
      Partial area ratio:   10.85
      Required ratio:  400.00 (Side area) 
      Cumulative area ratio:   75.53
      Required ratio:    0.00 (Cumulative side area) 


  Pin:   _14307_/I0 (gf180mcu_fd_sc_mcu9t5v0__mux2_1)
    Layer: Via1
      Partial area ratio:    0.08
      Required ratio:   20.00 (Gate area) 
      Cumulative area ratio:    0.08
      Required ratio:    0.00 (Cumulative area) 

    Layer: Metal2
      Partial area ratio:    0.17
      Required ratio:    0.00 (Gate area) 
      Cumulative area ratio:    0.17
      Required ratio:    0.00 (Cumulative area) 
      Partial area ratio:    1.01
      Required ratio:  400.00 (Side area) 
      Cumulative area ratio:    1.01
      Required ratio:    0.00 (Cumulative side area) 

    Layer: Via2
      Partial area ratio:    0.08
      Required ratio:   20.00 (Gate area) 
      Cumulative area ratio:    0.16
      Required ratio:    0.00 (Cumulative area) 

    Layer: Metal3
      Partial area ratio:    2.78
      Required ratio:    0.00 (Gate area) 
      Cumulative area ratio:    2.95
      Required ratio:    0.00 (Cumulative area) 
      Partial area ratio:   10.85
      Required ratio:  400.00 (Side area) 
      Cumulative area ratio:   11.86
      Required ratio:    0.00 (Cumulative side area) 


  Pin:   _14326_/I0 (gf180mcu_fd_sc_mcu9t5v0__mux2_1)
    Layer: Via1
      Partial area ratio:    0.08
      Required ratio:   20.00 (Gate area) 
      Cumulative area ratio:    0.08
      Required ratio:    0.00 (Cumulative area) 

    Layer: Metal2
      Partial area ratio:    1.62
      Required ratio:    0.00 (Gate area) 
      Cumulative area ratio:    1.62
      Required ratio:    0.00 (Cumulative area) 
      Partial area ratio:    6.44
      Required ratio:  400.00 (Side area) 
      Cumulative area ratio:    6.44
      Required ratio:    0.00 (Cumulative side area) 

    Layer: Via2
      Partial area ratio:    0.04
      Required ratio:   20.00 (Gate area) 
      Cumulative area ratio:    0.12
      Required ratio:    0.00 (Cumulative area) 

    Layer: Metal3
      Partial area ratio:    2.78
      Required ratio:    0.00 (Gate area) 
      Cumulative area ratio:    4.40
      Required ratio:    0.00 (Cumulative area) 
      Partial area ratio:   10.85
      Required ratio:  400.00 (Side area) 
      Cumulative area ratio:   17.29
      Required ratio:    0.00 (Cumulative side area) 


  Pin:   _14341_/I0 (gf180mcu_fd_sc_mcu9t5v0__mux2_1)
    Layer: Via1
      Partial area ratio:    0.08
      Required ratio:   20.00 (Gate area) 
      Cumulative area ratio:    0.08
      Required ratio:    0.00 (Cumulative area) 

    Layer: Metal2
      Partial area ratio:    1.62
      Required ratio:    0.00 (Gate area) 
      Cumulative area ratio:    1.62
      Required ratio:    0.00 (Cumulative area) 
      Partial area ratio:    6.44
      Required ratio:  400.00 (Side area) 
      Cumulative area ratio:    6.44
      Required ratio:    0.00 (Cumulative side area) 

    Layer: Via2
      Partial area ratio:    0.04
      Required ratio:   20.00 (Gate area) 
      Cumulative area ratio:    0.12
      Required ratio:    0.00 (Cumulative area) 

    Layer: Metal3
      Partial area ratio:    2.78
      Required ratio:    0.00 (Gate area) 
      Cumulative area ratio:    4.40
      Required ratio:    0.00 (Cumulative area) 
      Partial area ratio:   10.85
      Required ratio:  400.00 (Side area) 
      Cumulative area ratio:   17.29
      Required ratio:    0.00 (Cumulative side area) 


  Pin:   _14356_/I0 (gf180mcu_fd_sc_mcu9t5v0__mux2_1)
    Layer: Via1
      Partial area ratio:    0.08
      Required ratio:   20.00 (Gate area) 
      Cumulative area ratio:    0.08
      Required ratio:    0.00 (Cumulative area) 

    Layer: Metal2
      Partial area ratio:    0.31
      Required ratio:    0.00 (Gate area) 
      Cumulative area ratio:    0.31
      Required ratio:    0.00 (Cumulative area) 
      Partial area ratio:    1.54
      Required ratio:  400.00 (Side area) 
      Cumulative area ratio:    1.54
      Required ratio:    0.00 (Cumulative side area) 

    Layer: Via2
      Partial area ratio:    0.08
      Required ratio:   20.00 (Gate area) 
      Cumulative area ratio:    0.16
      Required ratio:    0.00 (Cumulative area) 

    Layer: Metal3
      Partial area ratio:    2.78
      Required ratio:    0.00 (Gate area) 
      Cumulative area ratio:    3.09
      Required ratio:    0.00 (Cumulative area) 
      Partial area ratio:   10.85
      Required ratio:  400.00 (Side area) 
      Cumulative area ratio:   12.40
      Required ratio:    0.00 (Cumulative side area) 



[INFO ANT-0002] Found 1 net violations.
[INFO ANT-0001] Found 1 pin violations.
ANT_BEFORE_RC 1
[WARNING GRT-0300] Timing is not available, setting critical nets percentage to 0.
[INFO GRT-0012] Found 1 antenna violations.
[INFO DPL-0006] Core area: 1153018.14 um^2, Instances area: 764351.65 um^2, Utilization: 66.3%
[INFO DPL-0005] Diamond search max displacement: +/- 500 sites horizontally, +/- 100 rows vertically.
[INFO DPL-1101] Legalizing using diamond search.
Movements Summary
---------------------------------------
Total cells:                       0
Diamond Move Success:              0 (  0.00%)
Diamond Move Failure:              0
Rip-up and replace Success:        0 (  0.00% of diamond failures)
Rip-up and replace Failure:        0
Total Placement Failures:          0
---------------------------------------
[INFO GRT-0015] Inserted 1 diodes.
REPAIR_ANTENNAS_RETURN 1 DIODE 18
[INFO DPL-0006] Core area: 1153018.14 um^2, Instances area: 764351.65 um^2, Utilization: 66.3%
[INFO DPL-0005] Diamond search max displacement: +/- 892 sites horizontally, +/- 19 rows vertically.
[INFO DPL-1101] Legalizing using diamond search.
Movements Summary
---------------------------------------
Total cells:                   11600
Diamond Move Success:          11600 (100.00%)
Diamond Move Failure:              0
Rip-up and replace Success:        0 (  0.00% of diamond failures)
Rip-up and replace Failure:        0
Total Placement Failures:          0
---------------------------------------
Placement Analysis
---------------------------------
total displacement          0.0 u
average displacement        0.0 u
max displacement            0.0 u
original HPWL          894597.5 u
legalized HPWL         894597.5 u
delta HPWL                    0 %

PAD_SPACING_OBSTRUCTIONS 112
[INFO DRT-0149] Reading tech and libs.
[WARNING DRT-0349] LEF58_ENCLOSURE with no CUTCLASS is not supported. Skipping for layer Via1
[WARNING DRT-0349] LEF58_ENCLOSURE with no CUTCLASS is not supported. Skipping for layer Via1
[WARNING DRT-0349] LEF58_ENCLOSURE with no CUTCLASS is not supported. Skipping for layer Via2
[WARNING DRT-0349] LEF58_ENCLOSURE with no CUTCLASS is not supported. Skipping for layer Via2
[WARNING DRT-0349] LEF58_ENCLOSURE with no CUTCLASS is not supported. Skipping for layer Via3
[WARNING DRT-0349] LEF58_ENCLOSURE with no CUTCLASS is not supported. Skipping for layer Via3
[WARNING DRT-0349] LEF58_ENCLOSURE with no CUTCLASS is not supported. Skipping for layer Via4
[WARNING DRT-0349] LEF58_ENCLOSURE with no CUTCLASS is not supported. Skipping for layer Via4

Units:                2000
Number of layers:     11
Number of macros:     230
Number of vias:       91
Number of viarulegen: 16

[INFO DRT-0150] Reading design.
[WARNING DRT-0120] Large net net226 has 607 pins which may impact routing performance. Consider optimization.
[WARNING DRT-0120] Large net net227 has 398 pins which may impact routing performance. Consider optimization.
[WARNING DRT-0120] Large net net228 has 460 pins which may impact routing performance. Consider optimization.

Design:                   butterfold_top
Die area:                 ( 0 0 ) ( 2220000 3350000 )
Number of track patterns: 10
Number of DEF vias:       0
Number of components:     16447
Number of terminals:      23
Number of snets:          2
Number of nets:           11519

[INFO DRT-0167] List of default vias:
  Layer Via2
    default via: Via2_VH
  Layer Via3
    default via: Via3_HV
  Layer Via4
    default via: Via4_VH
[INFO DRT-0162] Library cell analysis.
[INFO DRT-0163] Instance analysis.
[INFO DRT-0164] Number of unique instances = 201.
[INFO DRT-0168] Init region query.
[INFO DRT-0024]   Complete Poly2.
[INFO DRT-0024]   Complete CON.
[INFO DRT-0024]   Complete Metal1.
[INFO DRT-0024]   Complete Via1.
[INFO DRT-0024]   Complete Metal2.
[INFO DRT-0024]   Complete Via2.
[INFO DRT-0024]   Complete Metal3.
[INFO DRT-0024]   Complete Via3.
[INFO DRT-0024]   Complete Metal4.
[INFO DRT-0024]   Complete Via4.
[INFO DRT-0024]   Complete Metal5.
[INFO DRT-0033] Poly2 shape region query size = 0.
[INFO DRT-0033] CON shape region query size = 0.
[INFO DRT-0033] Metal1 shape region query size = 309195.
[INFO DRT-0033] Via1 shape region query size = 3633.
[INFO DRT-0033] Metal2 shape region query size = 2829.
[INFO DRT-0033] Via2 shape region query size = 3669.
[INFO DRT-0033] Metal3 shape region query size = 3091.
[INFO DRT-0033] Via3 shape region query size = 5187.
[INFO DRT-0033] Metal4 shape region query size = 1506.
[INFO DRT-0033] Via4 shape region query size = 1905.
[INFO DRT-0033] Metal5 shape region query size = 211.
[INFO DRT-0165] Start pin access.
[INFO DRT-0076]   Complete 1000 pins.
[INFO DRT-0078]   Complete 1584 pins.
[INFO DRT-0079]   Complete 100 unique inst patterns.
[INFO DRT-0081]   Complete 195 unique inst patterns.
[INFO DRT-0082]   Complete 10000 groups.
[INFO DRT-0084]   Complete 11563 groups.
#scanned instances     = 16447
#unique  instances     = 201
#stdCellGenAp          = 7120
#stdCellValidPlanarAp  = 0
#stdCellValidViaAp     = 5303
#stdCellPinNoAp        = 0
#stdCellPinCnt         = 42461
#instTermValidViaApCnt = 0
#macroGenAp            = 1120
#macroValidPlanarAp    = 1120
#macroValidViaAp       = 344
#macroNoAp             = 0
[INFO DRT-0166] Complete pin access.
[INFO DRT-0267] cpu time = 00:00:34, elapsed time = 00:00:03, memory = 541.43 (MB), peak = 539.36 (MB)
[INFO DRT-0156] guideIn read 100000 guides.

[INFO DRT-0157] Number of guides:     121946

[INFO DRT-0169] Post process guides.
[INFO DRT-0176] GCELLGRID X 0 DO 132 STEP 16800 ;
[INFO DRT-0177] GCELLGRID Y 0 DO 199 STEP 16800 ;
[INFO DRT-0026]   Complete 100000 origin guides.
[INFO DRT-0028]   Complete Poly2.
[INFO DRT-0028]   Complete CON.
[INFO DRT-0028]   Complete Metal1.
[INFO DRT-0028]   Complete Via1.
[INFO DRT-0028]   Complete Metal2.
[INFO DRT-0028]   Complete Via2.
[INFO DRT-0028]   Complete Metal3.
[INFO DRT-0028]   Complete Via3.
[INFO DRT-0028]   Complete Metal4.
[INFO DRT-0028]   Complete Via4.
[INFO DRT-0028]   Complete Metal5.
[INFO DRT-0178] Init guide query.
[INFO DRT-0035]   Complete Poly2 (guide).
[INFO DRT-0035]   Complete CON (guide).
[INFO DRT-0035]   Complete Metal1 (guide).
[INFO DRT-0035]   Complete Via1 (guide).
[INFO DRT-0035]   Complete Metal2 (guide).
[INFO DRT-0035]   Complete Via2 (guide).
[INFO DRT-0035]   Complete Metal3 (guide).
[INFO DRT-0035]   Complete Via3 (guide).
[INFO DRT-0035]   Complete Metal4 (guide).
[INFO DRT-0035]   Complete Via4 (guide).
[INFO DRT-0035]   Complete Metal5 (guide).
[INFO DRT-0036] Poly2 guide region query size = 0.
[INFO DRT-0036] CON guide region query size = 0.
[INFO DRT-0036] Metal1 guide region query size = 39669.
[INFO DRT-0036] Via1 guide region query size = 0.
[INFO DRT-0036] Metal2 guide region query size = 39158.
[INFO DRT-0036] Via2 guide region query size = 0.
[INFO DRT-0036] Metal3 guide region query size = 20871.
[INFO DRT-0036] Via3 guide region query size = 0.
[INFO DRT-0036] Metal4 guide region query size = 1115.
[INFO DRT-0036] Via4 guide region query size = 0.
[INFO DRT-0036] Metal5 guide region query size = 465.
[INFO DRT-0179] Init gr pin query.
[INFO DRT-0267] cpu time = 00:00:02, elapsed time = 00:00:00, memory = 571.77 (MB), peak = 569.61 (MB)
[INFO DRT-0245] skipped writing guide updates to database.
[INFO DRT-0181] Start track assignment.
[INFO DRT-0184] Done with 40273 vertical wires in 3 frboxes and 61005 horizontal wires in 4 frboxes.
[INFO DRT-0186] Done with 10050 vertical wires in 3 frboxes and 6539 horizontal wires in 4 frboxes.
[INFO DRT-0182] Complete track assignment.
[INFO DRT-0267] cpu time = 00:00:07, elapsed time = 00:00:00, memory = 809.68 (MB), peak = 807.61 (MB)
[INFO DRT-0187] Start routing data preparation.
[INFO DRT-0267] cpu time = 00:00:00, elapsed time = 00:00:00, memory = 820.89 (MB), peak = 818.78 (MB)
[INFO DRT-0194] Start detail routing.
[INFO DRT-0195] Start 0th optimization iteration.
    Completing 10% with 0 violations.
    elapsed time = 00:00:00, memory = 930.29 (MB).
    Completing 20% with 0 violations.
    elapsed time = 00:00:01, memory = 975.43 (MB).
    Completing 30% with 0 violations.
    elapsed time = 00:00:01, memory = 1000.06 (MB).
    Completing 40% with 0 violations.
    elapsed time = 00:00:02, memory = 1035.69 (MB).
    Completing 50% with 0 violations.
    elapsed time = 00:00:02, memory = 1039.64 (MB).
    Completing 60% with 0 violations.
    elapsed time = 00:00:03, memory = 1040.09 (MB).
    Completing 70% with 0 violations.
    elapsed time = 00:00:03, memory = 1045.78 (MB).
    Completing 80% with 5 violations.
    elapsed time = 00:00:04, memory = 1045.93 (MB).
    Completing 90% with 5 violations.
    elapsed time = 00:00:05, memory = 1048.68 (MB).
    Completing 100% with 12 violations.
    elapsed time = 00:00:05, memory = 1048.68 (MB).
[INFO DRT-0199]   Number of violations = 14.
Viol/Layer      Metal2
Metal Spacing        5
Recheck              2
Short                7
[INFO DRT-0267] cpu time = 00:01:18, elapsed time = 00:00:06, memory = 1305.60 (MB), peak = 1302.61 (MB)
Total wire length = 1107884 um.
Total wire length on LAYER Metal1 = 0 um.
Total wire length on LAYER Metal2 = 481837 um.
Total wire length on LAYER Metal3 = 485729 um.
Total wire length on LAYER Metal4 = 74381 um.
Total wire length on LAYER Metal5 = 65937 um.
Total number of vias = 94434.
Up-via summary (total 94434):

----------------
  Poly2        0
 Metal1    43200
 Metal2    47465
 Metal3     2882
 Metal4      887
----------------
       94434


[INFO DRT-0195] Start 1st optimization iteration.
    Completing 10% with 14 violations.
    elapsed time = 00:00:00, memory = 1306.91 (MB).
    Completing 20% with 14 violations.
    elapsed time = 00:00:00, memory = 1307.24 (MB).
    Completing 30% with 14 violations.
    elapsed time = 00:00:01, memory = 1307.24 (MB).
    Completing 40% with 14 violations.
    elapsed time = 00:00:02, memory = 1307.24 (MB).
    Completing 50% with 14 violations.
    elapsed time = 00:00:02, memory = 1307.24 (MB).
    Completing 60% with 13 violations.
    elapsed time = 00:00:03, memory = 1307.65 (MB).
    Completing 70% with 13 violations.
    elapsed time = 00:00:03, memory = 1307.65 (MB).
    Completing 80% with 10 violations.
    elapsed time = 00:00:04, memory = 1307.65 (MB).
    Completing 90% with 10 violations.
    elapsed time = 00:00:05, memory = 1308.11 (MB).
    Completing 100% with 5 violations.
    elapsed time = 00:00:05, memory = 1308.11 (MB).
[INFO DRT-0199]   Number of violations = 5.
Viol/Layer      Metal2
Metal Spacing        4
Short                1
[INFO DRT-0267] cpu time = 00:01:17, elapsed time = 00:00:06, memory = 1308.11 (MB), peak = 1305.19 (MB)
Total wire length = 1107894 um.
Total wire length on LAYER Metal1 = 0 um.
Total wire length on LAYER Metal2 = 481849 um.
Total wire length on LAYER Metal3 = 485727 um.
Total wire length on LAYER Metal4 = 74381 um.
Total wire length on LAYER Metal5 = 65937 um.
Total number of vias = 94429.
Up-via summary (total 94429):

----------------
  Poly2        0
 Metal1    43200
 Metal2    47460
 Metal3     2882
 Metal4      887
----------------
       94429


[INFO DRT-0195] Start 2nd optimization iteration.
    Completing 10% with 5 violations.
    elapsed time = 00:00:00, memory = 1308.11 (MB).
    Completing 20% with 5 violations.
    elapsed time = 00:00:00, memory = 1308.11 (MB).
    Completing 30% with 5 violations.
    elapsed time = 00:00:00, memory = 1308.11 (MB).
    Completing 40% with 5 violations.
    elapsed time = 00:00:00, memory = 1308.11 (MB).
    Completing 50% with 5 violations.
    elapsed time = 00:00:00, memory = 1308.11 (MB).
    Completing 60% with 5 violations.
    elapsed time = 00:00:00, memory = 1308.11 (MB).
    Completing 70% with 5 violations.
    elapsed time = 00:00:00, memory = 1308.11 (MB).
    Completing 80% with 4 violations.
    elapsed time = 00:00:00, memory = 1308.11 (MB).
    Completing 90% with 4 violations.
    elapsed time = 00:00:00, memory = 1308.11 (MB).
    Completing 100% with 4 violations.
    elapsed time = 00:00:00, memory = 1308.11 (MB).
[INFO DRT-0199]   Number of violations = 4.
Viol/Layer      Metal2
Metal Spacing        4
[INFO DRT-0267] cpu time = 00:00:07, elapsed time = 00:00:01, memory = 1308.11 (MB), peak = 1305.19 (MB)
Total wire length = 1107894 um.
Total wire length on LAYER Metal1 = 0 um.
Total wire length on LAYER Metal2 = 481846 um.
Total wire length on LAYER Metal3 = 485729 um.
Total wire length on LAYER Metal4 = 74381 um.
Total wire length on LAYER Metal5 = 65937 um.
Total number of vias = 94431.
Up-via summary (total 94431):

----------------
  Poly2        0
 Metal1    43200
 Metal2    47462
 Metal3     2882
 Metal4      887
----------------
       94431


[INFO DRT-0195] Start 3rd guides tiles iteration.
    Completing 50% with 4 violations.
    elapsed time = 00:00:00, memory = 1308.11 (MB).
    Completing 100% with 0 violations.
    elapsed time = 00:00:00, memory = 1308.11 (MB).
[INFO DRT-0199]   Number of violations = 0.
[INFO DRT-0267] cpu time = 00:00:05, elapsed time = 00:00:01, memory = 1308.11 (MB), peak = 1336.81 (MB)
Total wire length = 1107888 um.
Total wire length on LAYER Metal1 = 0 um.
Total wire length on LAYER Metal2 = 481580 um.
Total wire length on LAYER Metal3 = 485730 um.
Total wire length on LAYER Metal4 = 74640 um.
Total wire length on LAYER Metal5 = 65937 um.
Total number of vias = 94437.
Up-via summary (total 94437):

----------------
  Poly2        0
 Metal1    43200
 Metal2    47459
 Metal3     2891
 Metal4      887
----------------
       94437


[INFO DRT-0198] Complete detail routing.
Total wire length = 1107888 um.
Total wire length on LAYER Metal1 = 0 um.
Total wire length on LAYER Metal2 = 481580 um.
Total wire length on LAYER Metal3 = 485730 um.
Total wire length on LAYER Metal4 = 74640 um.
Total wire length on LAYER Metal5 = 65937 um.
Total number of vias = 94437.
Up-via summary (total 94437):

----------------
  Poly2        0
 Metal1    43200
 Metal2    47459
 Metal3     2891
 Metal4      887
----------------
       94437


[INFO DRT-0267] cpu time = 00:02:48, elapsed time = 00:00:14, memory = 1308.18 (MB), peak = 1336.81 (MB)

[INFO DRT-0180] Post processing.
[INFO ANT-0002] Found 0 net violations.
[INFO ANT-0001] Found 0 pin violations.
ANT_AFTER_RC 0 DIODE 18
WROTE_ANT_ROUTED
