
===========================================================================
report_checks -path_delay max (Setup)
============================================================================
======================= nom_tt_025C_5v00 Corner ===================================

Startpoint: _220_ (rising edge-triggered flip-flop clocked by clk)
Endpoint: dout_o[1] (output port clocked by clk)
Path Group: clk
Path Type: max

Fanout         Cap        Slew       Delay        Time   Description
---------------------------------------------------------------------------------------------
                                  0.000000    0.000000   clock clk (rise edge)
                                  0.000000    0.000000   clock source latency
     7    0.030102    0.000000    0.000000    0.000000 ^ clk (in)
                                                         clk (net)
                      0.000456    0.000187    0.000187 ^ _220_/CLK (gf180mcu_fd_sc_mcu7t5v0__dffrnq_1)
    15    0.069532    1.207864    1.471732    1.471919 ^ _220_/Q (gf180mcu_fd_sc_mcu7t5v0__dffrnq_1)
                                                         byte_index[1] (net)
                      1.207864    0.000298    1.472216 ^ _106_/I (gf180mcu_fd_sc_mcu7t5v0__clkinv_1)
     5    0.020565    0.577689    0.438186    1.910402 v _106_/ZN (gf180mcu_fd_sc_mcu7t5v0__clkinv_1)
                                                         _008_ (net)
                      0.577689    0.000066    1.910468 v _132_/A2 (gf180mcu_fd_sc_mcu7t5v0__nor4_1)
     8    0.125758    7.285761    4.245067    6.155534 ^ _132_/ZN (gf180mcu_fd_sc_mcu7t5v0__nor4_1)
                                                         _030_ (net)
                      7.285915    0.018741    6.174275 ^ _149_/B1 (gf180mcu_fd_sc_mcu7t5v0__aoi22_1)
     1    0.003198    1.604590    0.141920    6.316196 v _149_/ZN (gf180mcu_fd_sc_mcu7t5v0__aoi22_1)
                                                         _046_ (net)
                      1.604590    0.000002    6.316198 v _152_/A2 (gf180mcu_fd_sc_mcu7t5v0__and4_1)
     1    0.004300    0.194044    0.637930    6.954128 v _152_/Z (gf180mcu_fd_sc_mcu7t5v0__and4_1)
                                                         _049_ (net)
                      0.194044    0.000007    6.954135 v _153_/A4 (gf180mcu_fd_sc_mcu7t5v0__nand4_1)
     1    0.051887    1.552056    0.910054    7.864189 ^ _153_/ZN (gf180mcu_fd_sc_mcu7t5v0__nand4_1)
                                                         dout_o[1] (net)
                      1.552056    0.000391    7.864579 ^ dout_o[1] (out)
                                              7.864579   data arrival time

                                 16.000000   16.000000   clock clk (rise edge)
                                  0.000000   16.000000   clock network delay (propagated)
                                 -0.250000   15.750001   clock uncertainty
                                  0.000000   15.750001   clock reconvergence pessimism
                                 -3.200000   12.550000   output external delay
                                             12.550000   data required time
---------------------------------------------------------------------------------------------
                                             12.550000   data required time
                                             -7.864579   data arrival time
---------------------------------------------------------------------------------------------
                                              4.685421   slack (MET)


Startpoint: _220_ (rising edge-triggered flip-flop clocked by clk)
Endpoint: dout_o[5] (output port clocked by clk)
Path Group: clk
Path Type: max

Fanout         Cap        Slew       Delay        Time   Description
---------------------------------------------------------------------------------------------
                                  0.000000    0.000000   clock clk (rise edge)
                                  0.000000    0.000000   clock source latency
     7    0.030102    0.000000    0.000000    0.000000 ^ clk (in)
                                                         clk (net)
                      0.000456    0.000187    0.000187 ^ _220_/CLK (gf180mcu_fd_sc_mcu7t5v0__dffrnq_1)
    15    0.069532    1.207864    1.471732    1.471919 ^ _220_/Q (gf180mcu_fd_sc_mcu7t5v0__dffrnq_1)
                                                         byte_index[1] (net)
                      1.207864    0.000298    1.472216 ^ _106_/I (gf180mcu_fd_sc_mcu7t5v0__clkinv_1)
     5    0.020565    0.577689    0.438186    1.910402 v _106_/ZN (gf180mcu_fd_sc_mcu7t5v0__clkinv_1)
                                                         _008_ (net)
                      0.577689    0.000066    1.910468 v _132_/A2 (gf180mcu_fd_sc_mcu7t5v0__nor4_1)
     8    0.125758    7.285761    4.245067    6.155534 ^ _132_/ZN (gf180mcu_fd_sc_mcu7t5v0__nor4_1)
                                                         _030_ (net)
                      7.285761    0.000451    6.155985 ^ _185_/B1 (gf180mcu_fd_sc_mcu7t5v0__aoi22_1)
     1    0.003433    1.612607    0.149110    6.305095 v _185_/ZN (gf180mcu_fd_sc_mcu7t5v0__aoi22_1)
                                                         _078_ (net)
                      1.612607    0.000006    6.305101 v _188_/A2 (gf180mcu_fd_sc_mcu7t5v0__and4_1)
     1    0.005077    0.206630    0.647522    6.952623 v _188_/Z (gf180mcu_fd_sc_mcu7t5v0__and4_1)
                                                         _081_ (net)
                      0.206630    0.000024    6.952647 v _189_/A4 (gf180mcu_fd_sc_mcu7t5v0__nand4_1)
     1    0.051671    1.559822    0.910447    7.863093 ^ _189_/ZN (gf180mcu_fd_sc_mcu7t5v0__nand4_1)
                                                         dout_o[5] (net)
                      1.559822    0.000344    7.863437 ^ dout_o[5] (out)
                                              7.863437   data arrival time

                                 16.000000   16.000000   clock clk (rise edge)
                                  0.000000   16.000000   clock network delay (propagated)
                                 -0.250000   15.750001   clock uncertainty
                                  0.000000   15.750001   clock reconvergence pessimism
                                 -3.200000   12.550000   output external delay
                                             12.550000   data required time
---------------------------------------------------------------------------------------------
                                             12.550000   data required time
                                             -7.863437   data arrival time
---------------------------------------------------------------------------------------------
                                              4.686563   slack (MET)


Startpoint: _220_ (rising edge-triggered flip-flop clocked by clk)
Endpoint: dout_o[3] (output port clocked by clk)
Path Group: clk
Path Type: max

Fanout         Cap        Slew       Delay        Time   Description
---------------------------------------------------------------------------------------------
                                  0.000000    0.000000   clock clk (rise edge)
                                  0.000000    0.000000   clock source latency
     7    0.030102    0.000000    0.000000    0.000000 ^ clk (in)
                                                         clk (net)
                      0.000456    0.000187    0.000187 ^ _220_/CLK (gf180mcu_fd_sc_mcu7t5v0__dffrnq_1)
    15    0.069532    1.207864    1.471732    1.471919 ^ _220_/Q (gf180mcu_fd_sc_mcu7t5v0__dffrnq_1)
                                                         byte_index[1] (net)
                      1.207864    0.000298    1.472216 ^ _106_/I (gf180mcu_fd_sc_mcu7t5v0__clkinv_1)
     5    0.020565    0.577689    0.438186    1.910402 v _106_/ZN (gf180mcu_fd_sc_mcu7t5v0__clkinv_1)
                                                         _008_ (net)
                      0.577689    0.000066    1.910468 v _132_/A2 (gf180mcu_fd_sc_mcu7t5v0__nor4_1)
     8    0.125758    7.285761    4.245067    6.155534 ^ _132_/ZN (gf180mcu_fd_sc_mcu7t5v0__nor4_1)
                                                         _030_ (net)
                      7.285913    0.018678    6.174212 ^ _167_/B1 (gf180mcu_fd_sc_mcu7t5v0__aoi22_1)
     1    0.003452    1.613295    0.149697    6.323909 v _167_/ZN (gf180mcu_fd_sc_mcu7t5v0__aoi22_1)
                                                         _062_ (net)
                      1.613295    0.000006    6.323915 v _170_/A2 (gf180mcu_fd_sc_mcu7t5v0__and4_1)
     1    0.004345    0.190965    0.639720    6.963635 v _170_/Z (gf180mcu_fd_sc_mcu7t5v0__and4_1)
                                                         _065_ (net)
                      0.190965    0.000008    6.963642 v _171_/A4 (gf180mcu_fd_sc_mcu7t5v0__nand4_1)
     1    0.051111    1.604451    0.898726    7.862369 ^ _171_/ZN (gf180mcu_fd_sc_mcu7t5v0__nand4_1)
                                                         dout_o[3] (net)
                      1.604451    0.000225    7.862594 ^ dout_o[3] (out)
                                              7.862594   data arrival time

                                 16.000000   16.000000   clock clk (rise edge)
                                  0.000000   16.000000   clock network delay (propagated)
                                 -0.250000   15.750001   clock uncertainty
                                  0.000000   15.750001   clock reconvergence pessimism
                                 -3.200000   12.550000   output external delay
                                             12.550000   data required time
---------------------------------------------------------------------------------------------
                                             12.550000   data required time
                                             -7.862594   data arrival time
---------------------------------------------------------------------------------------------
                                              4.687407   slack (MET)


Startpoint: _220_ (rising edge-triggered flip-flop clocked by clk)
Endpoint: dout_o[0] (output port clocked by clk)
Path Group: clk
Path Type: max

Fanout         Cap        Slew       Delay        Time   Description
---------------------------------------------------------------------------------------------
                                  0.000000    0.000000   clock clk (rise edge)
                                  0.000000    0.000000   clock source latency
     7    0.030102    0.000000    0.000000    0.000000 ^ clk (in)
                                                         clk (net)
                      0.000456    0.000187    0.000187 ^ _220_/CLK (gf180mcu_fd_sc_mcu7t5v0__dffrnq_1)
    15    0.069532    1.207864    1.471732    1.471919 ^ _220_/Q (gf180mcu_fd_sc_mcu7t5v0__dffrnq_1)
                                                         byte_index[1] (net)
                      1.207864    0.000298    1.472216 ^ _106_/I (gf180mcu_fd_sc_mcu7t5v0__clkinv_1)
     5    0.020565    0.577689    0.438186    1.910402 v _106_/ZN (gf180mcu_fd_sc_mcu7t5v0__clkinv_1)
                                                         _008_ (net)
                      0.577689    0.000014    1.910417 v _130_/A2 (gf180mcu_fd_sc_mcu7t5v0__nor4_1)
     8    0.123760    7.174775    4.182071    6.092488 ^ _130_/ZN (gf180mcu_fd_sc_mcu7t5v0__nor4_1)
                                                         _028_ (net)
                      7.174931    0.018704    6.111192 ^ _141_/B1 (gf180mcu_fd_sc_mcu7t5v0__aoi22_1)
     1    0.003346    1.589866    0.149004    6.260196 v _141_/ZN (gf180mcu_fd_sc_mcu7t5v0__aoi22_1)
                                                         _039_ (net)
                      1.589866    0.000006    6.260201 v _143_/A3 (gf180mcu_fd_sc_mcu7t5v0__and4_1)
     1    0.004690    0.198218    0.685620    6.945821 v _143_/Z (gf180mcu_fd_sc_mcu7t5v0__and4_1)
                                                         _041_ (net)
                      0.198218    0.000016    6.945837 v _144_/A4 (gf180mcu_fd_sc_mcu7t5v0__nand4_1)
     1    0.050826    1.535255    0.896777    7.842614 ^ _144_/ZN (gf180mcu_fd_sc_mcu7t5v0__nand4_1)
                                                         dout_o[0] (net)
                      1.535255    0.000167    7.842781 ^ dout_o[0] (out)
                                              7.842781   data arrival time

                                 16.000000   16.000000   clock clk (rise edge)
                                  0.000000   16.000000   clock network delay (propagated)
                                 -0.250000   15.750001   clock uncertainty
                                  0.000000   15.750001   clock reconvergence pessimism
                                 -3.200000   12.550000   output external delay
                                             12.550000   data required time
---------------------------------------------------------------------------------------------
                                             12.550000   data required time
                                             -7.842781   data arrival time
---------------------------------------------------------------------------------------------
                                              4.707220   slack (MET)


Startpoint: _219_ (rising edge-triggered flip-flop clocked by clk)
Endpoint: dout_o[4] (output port clocked by clk)
Path Group: clk
Path Type: max

Fanout         Cap        Slew       Delay        Time   Description
---------------------------------------------------------------------------------------------
                                  0.000000    0.000000   clock clk (rise edge)
                                  0.000000    0.000000   clock source latency
     7    0.030102    0.000000    0.000000    0.000000 ^ clk (in)
                                                         clk (net)
                      0.000324    0.000133    0.000133 ^ _219_/CLK (gf180mcu_fd_sc_mcu7t5v0__dffrnq_1)
    11    0.055320    0.941625    1.339532    1.339665 ^ _219_/Q (gf180mcu_fd_sc_mcu7t5v0__dffrnq_1)
                                                         byte_index[0] (net)
                      0.941625    0.000108    1.339773 ^ _105_/I (gf180mcu_fd_sc_mcu7t5v0__clkinv_1)
     7    0.034257    0.693853    0.561819    1.901592 v _105_/ZN (gf180mcu_fd_sc_mcu7t5v0__clkinv_1)
                                                         _007_ (net)
                      0.693853    0.000082    1.901674 v _124_/A1 (gf180mcu_fd_sc_mcu7t5v0__nor4_1)
     8    0.125055    7.248075    4.189543    6.091217 ^ _124_/ZN (gf180mcu_fd_sc_mcu7t5v0__nor4_1)
                                                         _022_ (net)
                      7.248075    0.000201    6.091418 ^ _176_/B1 (gf180mcu_fd_sc_mcu7t5v0__aoi22_1)
     1    0.003340    1.602718    0.147148    6.238565 v _176_/ZN (gf180mcu_fd_sc_mcu7t5v0__aoi22_1)
                                                         _070_ (net)
                      1.602718    0.000004    6.238569 v _179_/A2 (gf180mcu_fd_sc_mcu7t5v0__and4_1)
     1    0.006087    0.208483    0.656913    6.895483 v _179_/Z (gf180mcu_fd_sc_mcu7t5v0__and4_1)
                                                         _073_ (net)
                      0.208483    0.000050    6.895532 v _180_/A4 (gf180mcu_fd_sc_mcu7t5v0__nand4_1)
     1    0.050998    1.524422    0.901818    7.797350 ^ _180_/ZN (gf180mcu_fd_sc_mcu7t5v0__nand4_1)
                                                         dout_o[4] (net)
                      1.524422    0.000210    7.797560 ^ dout_o[4] (out)
                                              7.797560   data arrival time

                                 16.000000   16.000000   clock clk (rise edge)
                                  0.000000   16.000000   clock network delay (propagated)
                                 -0.250000   15.750001   clock uncertainty
                                  0.000000   15.750001   clock reconvergence pessimism
                                 -3.200000   12.550000   output external delay
                                             12.550000   data required time
---------------------------------------------------------------------------------------------
                                             12.550000   data required time
                                             -7.797560   data arrival time
---------------------------------------------------------------------------------------------
                                              4.752440   slack (MET)


Startpoint: _221_ (rising edge-triggered flip-flop clocked by clk)
Endpoint: dout_o[2] (output port clocked by clk)
Path Group: clk
Path Type: max

Fanout         Cap        Slew       Delay        Time   Description
---------------------------------------------------------------------------------------------
                                  0.000000    0.000000   clock clk (rise edge)
                                  0.000000    0.000000   clock source latency
     7    0.030102    0.000000    0.000000    0.000000 ^ clk (in)
                                                         clk (net)
                      0.000376    0.000154    0.000154 ^ _221_/CLK (gf180mcu_fd_sc_mcu7t5v0__dffrnq_1)
    12    0.051672    0.884207    1.305843    1.305996 ^ _221_/Q (gf180mcu_fd_sc_mcu7t5v0__dffrnq_1)
                                                         byte_index[2] (net)
                      0.884207    0.000559    1.306556 ^ _108_/I (gf180mcu_fd_sc_mcu7t5v0__clkinv_1)
     6    0.026970    0.586389    0.470246    1.776801 v _108_/ZN (gf180mcu_fd_sc_mcu7t5v0__clkinv_1)
                                                         _010_ (net)
                      0.586389    0.000006    1.776807 v _125_/A4 (gf180mcu_fd_sc_mcu7t5v0__nor4_1)
     8    0.125809    7.289235    4.297278    6.074085 ^ _125_/ZN (gf180mcu_fd_sc_mcu7t5v0__nor4_1)
                                                         _023_ (net)
                      7.289421    0.020543    6.094628 ^ _157_/A2 (gf180mcu_fd_sc_mcu7t5v0__aoi22_1)
     1    0.003256    1.283480   -0.475152    5.619477 v _157_/ZN (gf180mcu_fd_sc_mcu7t5v0__aoi22_1)
                                                         _053_ (net)
                      1.283480    0.000004    5.619481 v _161_/A1 (gf180mcu_fd_sc_mcu7t5v0__and4_1)
     1    0.082115    0.833893    1.047681    6.667161 v _161_/Z (gf180mcu_fd_sc_mcu7t5v0__and4_1)
                                                         _057_ (net)
                      0.834563    0.013358    6.680520 v _162_/A4 (gf180mcu_fd_sc_mcu7t5v0__nand4_1)
     1    0.050882    1.587609    1.082983    7.763503 ^ _162_/ZN (gf180mcu_fd_sc_mcu7t5v0__nand4_1)
                                                         dout_o[2] (net)
                      1.587609    0.000180    7.763683 ^ dout_o[2] (out)
                                              7.763683   data arrival time

                                 16.000000   16.000000   clock clk (rise edge)
                                  0.000000   16.000000   clock network delay (propagated)
                                 -0.250000   15.750001   clock uncertainty
                                  0.000000   15.750001   clock reconvergence pessimism
                                 -3.200000   12.550000   output external delay
                                             12.550000   data required time
---------------------------------------------------------------------------------------------
                                             12.550000   data required time
                                             -7.763683   data arrival time
---------------------------------------------------------------------------------------------
                                              4.786317   slack (MET)


Startpoint: _220_ (rising edge-triggered flip-flop clocked by clk)
Endpoint: dout_o[6] (output port clocked by clk)
Path Group: clk
Path Type: max

Fanout         Cap        Slew       Delay        Time   Description
---------------------------------------------------------------------------------------------
                                  0.000000    0.000000   clock clk (rise edge)
                                  0.000000    0.000000   clock source latency
     7    0.030102    0.000000    0.000000    0.000000 ^ clk (in)
                                                         clk (net)
                      0.000456    0.000187    0.000187 ^ _220_/CLK (gf180mcu_fd_sc_mcu7t5v0__dffrnq_1)
    15    0.069532    1.207864    1.471732    1.471919 ^ _220_/Q (gf180mcu_fd_sc_mcu7t5v0__dffrnq_1)
                                                         byte_index[1] (net)
                      1.207864    0.000298    1.472216 ^ _106_/I (gf180mcu_fd_sc_mcu7t5v0__clkinv_1)
     5    0.020565    0.577689    0.438186    1.910402 v _106_/ZN (gf180mcu_fd_sc_mcu7t5v0__clkinv_1)
                                                         _008_ (net)
                      0.577689    0.000014    1.910417 v _130_/A2 (gf180mcu_fd_sc_mcu7t5v0__nor4_1)
     8    0.123760    7.174775    4.182071    6.092488 ^ _130_/ZN (gf180mcu_fd_sc_mcu7t5v0__nor4_1)
                                                         _028_ (net)
                      7.174930    0.018634    6.111122 ^ _193_/B1 (gf180mcu_fd_sc_mcu7t5v0__aoi22_1)
     1    0.003242    1.586333    0.145841    6.256962 v _193_/ZN (gf180mcu_fd_sc_mcu7t5v0__aoi22_1)
                                                         _085_ (net)
                      1.586333    0.000004    6.256966 v _197_/A1 (gf180mcu_fd_sc_mcu7t5v0__and4_1)
     1    0.004496    0.189455    0.588502    6.845469 v _197_/Z (gf180mcu_fd_sc_mcu7t5v0__and4_1)
                                                         _089_ (net)
                      0.189455    0.000011    6.845479 v _198_/A4 (gf180mcu_fd_sc_mcu7t5v0__nand4_1)
     1    0.050894    1.598903    0.895394    7.740873 ^ _198_/ZN (gf180mcu_fd_sc_mcu7t5v0__nand4_1)
                                                         dout_o[6] (net)
                      1.598903    0.000183    7.741056 ^ dout_o[6] (out)
                                              7.741056   data arrival time

                                 16.000000   16.000000   clock clk (rise edge)
                                  0.000000   16.000000   clock network delay (propagated)
                                 -0.250000   15.750001   clock uncertainty
                                  0.000000   15.750001   clock reconvergence pessimism
                                 -3.200000   12.550000   output external delay
                                             12.550000   data required time
---------------------------------------------------------------------------------------------
                                             12.550000   data required time
                                             -7.741056   data arrival time
---------------------------------------------------------------------------------------------
                                              4.808945   slack (MET)


Startpoint: _219_ (rising edge-triggered flip-flop clocked by clk)
Endpoint: dout_o[7] (output port clocked by clk)
Path Group: clk
Path Type: max

Fanout         Cap        Slew       Delay        Time   Description
---------------------------------------------------------------------------------------------
                                  0.000000    0.000000   clock clk (rise edge)
                                  0.000000    0.000000   clock source latency
     7    0.030102    0.000000    0.000000    0.000000 ^ clk (in)
                                                         clk (net)
                      0.000324    0.000133    0.000133 ^ _219_/CLK (gf180mcu_fd_sc_mcu7t5v0__dffrnq_1)
    11    0.055320    0.941625    1.339532    1.339665 ^ _219_/Q (gf180mcu_fd_sc_mcu7t5v0__dffrnq_1)
                                                         byte_index[0] (net)
                      0.941625    0.000108    1.339773 ^ _105_/I (gf180mcu_fd_sc_mcu7t5v0__clkinv_1)
     7    0.034257    0.693853    0.561819    1.901592 v _105_/ZN (gf180mcu_fd_sc_mcu7t5v0__clkinv_1)
                                                         _007_ (net)
                      0.693853    0.000138    1.901729 v _123_/A1 (gf180mcu_fd_sc_mcu7t5v0__nor4_1)
     8    0.124468    7.215468    4.171228    6.072958 ^ _123_/ZN (gf180mcu_fd_sc_mcu7t5v0__nor4_1)
                                                         _021_ (net)
                      7.215468    0.000428    6.073386 ^ _199_/B1 (gf180mcu_fd_sc_mcu7t5v0__aoi22_1)
     1    0.003413    1.599366    0.150103    6.223488 v _199_/ZN (gf180mcu_fd_sc_mcu7t5v0__aoi22_1)
                                                         _090_ (net)
                      1.599366    0.000006    6.223495 v _204_/A1 (gf180mcu_fd_sc_mcu7t5v0__and4_1)
     1    0.004602    0.187735    0.591290    6.814785 v _204_/Z (gf180mcu_fd_sc_mcu7t5v0__and4_1)
                                                         _095_ (net)
                      0.187735    0.000008    6.814794 v _206_/A2 (gf180mcu_fd_sc_mcu7t5v0__nand3_1)
     1    0.050891    1.323229    0.726655    7.541449 ^ _206_/ZN (gf180mcu_fd_sc_mcu7t5v0__nand3_1)
                                                         dout_o[7] (net)
                      1.323229    0.000184    7.541633 ^ dout_o[7] (out)
                                              7.541633   data arrival time

                                 16.000000   16.000000   clock clk (rise edge)
                                  0.000000   16.000000   clock network delay (propagated)
                                 -0.250000   15.750001   clock uncertainty
                                  0.000000   15.750001   clock reconvergence pessimism
                                 -3.200000   12.550000   output external delay
                                             12.550000   data required time
---------------------------------------------------------------------------------------------
                                             12.550000   data required time
                                             -7.541633   data arrival time
---------------------------------------------------------------------------------------------
                                              5.008368   slack (MET)


Startpoint: result_radix_i[0] (input port clocked by clk)
Endpoint: result_ready_o (output port clocked by clk)
Path Group: clk
Path Type: max

Fanout         Cap        Slew       Delay        Time   Description
---------------------------------------------------------------------------------------------
                                  0.000000    0.000000   clock clk (rise edge)
                                  0.000000    0.000000   clock network delay (propagated)
                                  3.200000    3.200000 ^ input external delay
     2    0.084980    0.371222    0.211867    3.411867 ^ result_radix_i[0] (in)
                                                         result_radix_i[0] (net)
                      0.372720    0.000000    3.411867 ^ _111_/A3 (gf180mcu_fd_sc_mcu7t5v0__and4_1)
     1    0.005367    0.219093    0.498771    3.910639 ^ _111_/Z (gf180mcu_fd_sc_mcu7t5v0__and4_1)
                                                         _013_ (net)
                      0.219093    0.000011    3.910650 ^ _113_/A2 (gf180mcu_fd_sc_mcu7t5v0__oai211_1)
     4    0.020625    0.639778    0.375543    4.286193 v _113_/ZN (gf180mcu_fd_sc_mcu7t5v0__oai211_1)
                                                         _015_ (net)
                      0.639778    0.000060    4.286253 v _114_/A2 (gf180mcu_fd_sc_mcu7t5v0__nor2_1)
     4    0.014530    0.585172    0.453655    4.739908 ^ _114_/ZN (gf180mcu_fd_sc_mcu7t5v0__nor2_1)
                                                         _002_ (net)
                      0.585172    0.000043    4.739951 ^ _117_/A2 (gf180mcu_fd_sc_mcu7t5v0__and2_1)
     1    0.050790    0.897702    0.751363    5.491314 ^ _117_/Z (gf180mcu_fd_sc_mcu7t5v0__and2_1)
                                                         result_ready_o (net)
                      0.897702    0.000160    5.491474 ^ result_ready_o (out)
                                              5.491474   data arrival time

                                 16.000000   16.000000   clock clk (rise edge)
                                  0.000000   16.000000   clock network delay (propagated)
                                 -0.250000   15.750001   clock uncertainty
                                  0.000000   15.750001   clock reconvergence pessimism
                                 -3.200000   12.550000   output external delay
                                             12.550000   data required time
---------------------------------------------------------------------------------------------
                                             12.550000   data required time
                                             -5.491474   data arrival time
---------------------------------------------------------------------------------------------
                                              7.058527   slack (MET)


Startpoint: _223_ (rising edge-triggered flip-flop clocked by clk)
Endpoint: dout_valid_o (output port clocked by clk)
Path Group: clk
Path Type: max

Fanout         Cap        Slew       Delay        Time   Description
---------------------------------------------------------------------------------------------
                                  0.000000    0.000000   clock clk (rise edge)
                                  0.000000    0.000000   clock source latency
     7    0.030102    0.000000    0.000000    0.000000 ^ clk (in)
                                                         clk (net)
                      0.000430    0.000176    0.000176 ^ _223_/CLK (gf180mcu_fd_sc_mcu7t5v0__dffrnq_1)
     7    0.081020    1.353621    1.578112    1.578288 ^ _223_/Q (gf180mcu_fd_sc_mcu7t5v0__dffrnq_1)
                                                         busy_o (net)
                      1.353621    0.000119    1.578407 ^ _226_/I (gf180mcu_fd_sc_mcu7t5v0__buf_1)
     1    0.050799    0.896645    0.697890    2.276297 ^ _226_/Z (gf180mcu_fd_sc_mcu7t5v0__buf_1)
                                                         dout_valid_o (net)
                      0.896645    0.000161    2.276458 ^ dout_valid_o (out)
                                              2.276458   data arrival time

                                 16.000000   16.000000   clock clk (rise edge)
                                  0.000000   16.000000   clock network delay (propagated)
                                 -0.250000   15.750001   clock uncertainty
                                  0.000000   15.750001   clock reconvergence pessimism
                                 -3.200000   12.550000   output external delay
                                             12.550000   data required time
---------------------------------------------------------------------------------------------
                                             12.550000   data required time
                                             -2.276458   data arrival time
---------------------------------------------------------------------------------------------
                                             10.273542   slack (MET)


Startpoint: result_radix_i[0] (input port clocked by clk)
Endpoint: _225_ (rising edge-triggered flip-flop clocked by clk)
Path Group: clk
Path Type: max

Fanout         Cap        Slew       Delay        Time   Description
---------------------------------------------------------------------------------------------
                                  0.000000    0.000000   clock clk (rise edge)
                                  0.000000    0.000000   clock network delay (propagated)
                                  3.200000    3.200000 ^ input external delay
     2    0.084980    0.371222    0.211867    3.411867 ^ result_radix_i[0] (in)
                                                         result_radix_i[0] (net)
                      0.372720    0.000000    3.411867 ^ _111_/A3 (gf180mcu_fd_sc_mcu7t5v0__and4_1)
     1    0.005367    0.219093    0.498771    3.910639 ^ _111_/Z (gf180mcu_fd_sc_mcu7t5v0__and4_1)
                                                         _013_ (net)
                      0.219093    0.000011    3.910650 ^ _113_/A2 (gf180mcu_fd_sc_mcu7t5v0__oai211_1)
     4    0.020625    0.639778    0.375543    4.286193 v _113_/ZN (gf180mcu_fd_sc_mcu7t5v0__oai211_1)
                                                         _015_ (net)
                      0.639778    0.000060    4.286253 v _114_/A2 (gf180mcu_fd_sc_mcu7t5v0__nor2_1)
     4    0.014530    0.585172    0.453655    4.739908 ^ _114_/ZN (gf180mcu_fd_sc_mcu7t5v0__nor2_1)
                                                         _002_ (net)
                      0.585172    0.000049    4.739957 ^ _118_/A2 (gf180mcu_fd_sc_mcu7t5v0__and2_1)
     1    0.003424    0.139993    0.305074    5.045031 ^ _118_/Z (gf180mcu_fd_sc_mcu7t5v0__and2_1)
                                                         _001_ (net)
                      0.139993    0.000006    5.045037 ^ _225_/D (gf180mcu_fd_sc_mcu7t5v0__dffrnq_1)
                                              5.045037   data arrival time

                                 16.000000   16.000000   clock clk (rise edge)
                                  0.000000   16.000000   clock source latency
     7    0.030102    0.000000    0.000000   16.000000 ^ clk (in)
                                                         clk (net)
                      0.000360    0.000147   16.000147 ^ _225_/CLK (gf180mcu_fd_sc_mcu7t5v0__dffrnq_1)
                                 -0.250000   15.750149   clock uncertainty
                                  0.000000   15.750149   clock reconvergence pessimism
                                 -0.327544   15.422604   library setup time
                                             15.422604   data required time
---------------------------------------------------------------------------------------------
                                             15.422604   data required time
                                             -5.045037   data arrival time
---------------------------------------------------------------------------------------------
                                             10.377567   slack (MET)


Startpoint: result_valid_i (input port clocked by clk)
Endpoint: _222_ (rising edge-triggered flip-flop clocked by clk)
Path Group: clk
Path Type: max

Fanout         Cap        Slew       Delay        Time   Description
---------------------------------------------------------------------------------------------
                                  0.000000    0.000000   clock clk (rise edge)
                                  0.000000    0.000000   clock network delay (propagated)
                                  3.200000    3.200000 v input external delay
     1    0.005619    0.032345    0.008386    3.208386 v result_valid_i (in)
                                                         result_valid_i (net)
                      0.032345    0.000000    3.208386 v _115_/A2 (gf180mcu_fd_sc_mcu7t5v0__aoi21_1)
     5    0.024837    0.967106    0.535644    3.744030 ^ _115_/ZN (gf180mcu_fd_sc_mcu7t5v0__aoi21_1)
                                                         _016_ (net)
                      0.967106    0.000210    3.744240 ^ _214_/A4 (gf180mcu_fd_sc_mcu7t5v0__nor4_1)
     2    0.011964    0.618391    0.454892    4.199132 v _214_/ZN (gf180mcu_fd_sc_mcu7t5v0__nor4_1)
                                                         _102_ (net)
                      0.618391    0.000006    4.199139 v _217_/A2 (gf180mcu_fd_sc_mcu7t5v0__xor2_1)
     1    0.004561    0.293153    0.596829    4.795967 v _217_/Z (gf180mcu_fd_sc_mcu7t5v0__xor2_1)
                                                         _104_ (net)
                      0.293153    0.000006    4.795973 v _218_/A2 (gf180mcu_fd_sc_mcu7t5v0__nor2_1)
     1    0.003425    0.265976    0.201820    4.997793 ^ _218_/ZN (gf180mcu_fd_sc_mcu7t5v0__nor2_1)
                                                         _006_ (net)
                      0.265976    0.000006    4.997799 ^ _222_/D (gf180mcu_fd_sc_mcu7t5v0__dffrnq_1)
                                              4.997799   data arrival time

                                 16.000000   16.000000   clock clk (rise edge)
                                  0.000000   16.000000   clock source latency
     7    0.030102    0.000000    0.000000   16.000000 ^ clk (in)
                                                         clk (net)
                      0.000376    0.000155   16.000154 ^ _222_/CLK (gf180mcu_fd_sc_mcu7t5v0__dffrnq_1)
                                 -0.250000   15.750155   clock uncertainty
                                  0.000000   15.750155   clock reconvergence pessimism
                                 -0.346665   15.403490   library setup time
                                             15.403490   data required time
---------------------------------------------------------------------------------------------
                                             15.403490   data required time
                                             -4.997799   data arrival time
---------------------------------------------------------------------------------------------
                                             10.405691   slack (MET)


Startpoint: result_radix_i[0] (input port clocked by clk)
Endpoint: _221_ (rising edge-triggered flip-flop clocked by clk)
Path Group: clk
Path Type: max

Fanout         Cap        Slew       Delay        Time   Description
---------------------------------------------------------------------------------------------
                                  0.000000    0.000000   clock clk (rise edge)
                                  0.000000    0.000000   clock network delay (propagated)
                                  3.200000    3.200000 ^ input external delay
     2    0.084980    0.371222    0.211867    3.411867 ^ result_radix_i[0] (in)
                                                         result_radix_i[0] (net)
                      0.372720    0.000000    3.411867 ^ _111_/A3 (gf180mcu_fd_sc_mcu7t5v0__and4_1)
     1    0.005367    0.219093    0.498771    3.910639 ^ _111_/Z (gf180mcu_fd_sc_mcu7t5v0__and4_1)
                                                         _013_ (net)
                      0.219093    0.000011    3.910650 ^ _113_/A2 (gf180mcu_fd_sc_mcu7t5v0__oai211_1)
     4    0.020625    0.639778    0.375543    4.286193 v _113_/ZN (gf180mcu_fd_sc_mcu7t5v0__oai211_1)
                                                         _015_ (net)
                      0.639778    0.000083    4.286276 v _213_/A2 (gf180mcu_fd_sc_mcu7t5v0__aoi21_1)
     2    0.008960    0.525116    0.450346    4.736622 ^ _213_/ZN (gf180mcu_fd_sc_mcu7t5v0__aoi21_1)
                                                         _101_ (net)
                      0.525116    0.000020    4.736642 ^ _216_/C (gf180mcu_fd_sc_mcu7t5v0__aoi211_1)
     1    0.003532    0.448928    0.270560    5.007202 v _216_/ZN (gf180mcu_fd_sc_mcu7t5v0__aoi211_1)
                                                         _005_ (net)
                      0.448928    0.000008    5.007210 v _221_/D (gf180mcu_fd_sc_mcu7t5v0__dffrnq_1)
                                              5.007210   data arrival time

                                 16.000000   16.000000   clock clk (rise edge)
                                  0.000000   16.000000   clock source latency
     7    0.030102    0.000000    0.000000   16.000000 ^ clk (in)
                                                         clk (net)
                      0.000376    0.000155   16.000154 ^ _221_/CLK (gf180mcu_fd_sc_mcu7t5v0__dffrnq_1)
                                 -0.250000   15.750155   clock uncertainty
                                  0.000000   15.750155   clock reconvergence pessimism
                                 -0.252240   15.497916   library setup time
                                             15.497916   data required time
---------------------------------------------------------------------------------------------
                                             15.497916   data required time
                                             -5.007210   data arrival time
---------------------------------------------------------------------------------------------
                                             10.490706   slack (MET)


Startpoint: result_radix_i[0] (input port clocked by clk)
Endpoint: _224_ (rising edge-triggered flip-flop clocked by clk)
Path Group: clk
Path Type: max

Fanout         Cap        Slew       Delay        Time   Description
---------------------------------------------------------------------------------------------
                                  0.000000    0.000000   clock clk (rise edge)
                                  0.000000    0.000000   clock network delay (propagated)
                                  3.200000    3.200000 ^ input external delay
     2    0.084980    0.371222    0.211867    3.411867 ^ result_radix_i[0] (in)
                                                         result_radix_i[0] (net)
                      0.372720    0.000000    3.411867 ^ _111_/A3 (gf180mcu_fd_sc_mcu7t5v0__and4_1)
     1    0.005367    0.219093    0.498771    3.910639 ^ _111_/Z (gf180mcu_fd_sc_mcu7t5v0__and4_1)
                                                         _013_ (net)
                      0.219093    0.000011    3.910650 ^ _113_/A2 (gf180mcu_fd_sc_mcu7t5v0__oai211_1)
     4    0.020625    0.639778    0.375543    4.286193 v _113_/ZN (gf180mcu_fd_sc_mcu7t5v0__oai211_1)
                                                         _015_ (net)
                      0.639778    0.000060    4.286253 v _114_/A2 (gf180mcu_fd_sc_mcu7t5v0__nor2_1)
     4    0.014530    0.585172    0.453655    4.739908 ^ _114_/ZN (gf180mcu_fd_sc_mcu7t5v0__nor2_1)
                                                         _002_ (net)
                      0.585172    0.000047    4.739955 ^ _224_/D (gf180mcu_fd_sc_mcu7t5v0__dffrnq_1)
                                              4.739955   data arrival time

                                 16.000000   16.000000   clock clk (rise edge)
                                  0.000000   16.000000   clock source latency
     7    0.030102    0.000000    0.000000   16.000000 ^ clk (in)
                                                         clk (net)
                      0.000402    0.000163   16.000164 ^ _224_/CLK (gf180mcu_fd_sc_mcu7t5v0__dffrnq_1)
                                 -0.250000   15.750164   clock uncertainty
                                  0.000000   15.750164   clock reconvergence pessimism
                                 -0.389665   15.360499   library setup time
                                             15.360499   data required time
---------------------------------------------------------------------------------------------
                                             15.360499   data required time
                                             -4.739955   data arrival time
---------------------------------------------------------------------------------------------
                                             10.620544   slack (MET)


Startpoint: result_radix_i[1] (input port clocked by clk)
Endpoint: _223_ (rising edge-triggered flip-flop clocked by clk)
Path Group: clk
Path Type: max

Fanout         Cap        Slew       Delay        Time   Description
---------------------------------------------------------------------------------------------
                                  0.000000    0.000000   clock clk (rise edge)
                                  0.000000    0.000000   clock network delay (propagated)
                                  3.200000    3.200000 v input external delay
     2    0.084782    0.216774    0.134005    3.334005 v result_radix_i[1] (in)
                                                         result_radix_i[1] (net)
                      0.219535    0.000000    3.334005 v _111_/A4 (gf180mcu_fd_sc_mcu7t5v0__and4_1)
     1    0.005367    0.154795    0.381296    3.715301 v _111_/Z (gf180mcu_fd_sc_mcu7t5v0__and4_1)
                                                         _013_ (net)
                      0.154795    0.000011    3.715312 v _113_/A2 (gf180mcu_fd_sc_mcu7t5v0__oai211_1)
     4    0.020625    0.807919    0.514607    4.229919 ^ _113_/ZN (gf180mcu_fd_sc_mcu7t5v0__oai211_1)
                                                         _015_ (net)
                      0.807919    0.000060    4.229979 ^ _114_/A2 (gf180mcu_fd_sc_mcu7t5v0__nor2_1)
     4    0.014530    0.425821    0.309736    4.539715 v _114_/ZN (gf180mcu_fd_sc_mcu7t5v0__nor2_1)
                                                         _002_ (net)
                      0.425821    0.000009    4.539724 v _116_/A1 (gf180mcu_fd_sc_mcu7t5v0__nor2_1)
     1    0.003123    0.318958    0.234005    4.773729 ^ _116_/ZN (gf180mcu_fd_sc_mcu7t5v0__nor2_1)
                                                         _000_ (net)
                      0.318958    0.000001    4.773730 ^ _223_/D (gf180mcu_fd_sc_mcu7t5v0__dffrnq_1)
                                              4.773730   data arrival time

                                 16.000000   16.000000   clock clk (rise edge)
                                  0.000000   16.000000   clock source latency
     7    0.030102    0.000000    0.000000   16.000000 ^ clk (in)
                                                         clk (net)
                      0.000430    0.000176   16.000175 ^ _223_/CLK (gf180mcu_fd_sc_mcu7t5v0__dffrnq_1)
                                 -0.250000   15.750176   clock uncertainty
                                  0.000000   15.750176   clock reconvergence pessimism
                                 -0.354509   15.395667   library setup time
                                             15.395667   data required time
---------------------------------------------------------------------------------------------
                                             15.395667   data required time
                                             -4.773730   data arrival time
---------------------------------------------------------------------------------------------
                                             10.621938   slack (MET)


Startpoint: result_radix_i[1] (input port clocked by clk)
Endpoint: _219_ (rising edge-triggered flip-flop clocked by clk)
Path Group: clk
Path Type: max

Fanout         Cap        Slew       Delay        Time   Description
---------------------------------------------------------------------------------------------
                                  0.000000    0.000000   clock clk (rise edge)
                                  0.000000    0.000000   clock network delay (propagated)
                                  3.200000    3.200000 v input external delay
     2    0.084782    0.216774    0.134005    3.334005 v result_radix_i[1] (in)
                                                         result_radix_i[1] (net)
                      0.219535    0.000000    3.334005 v _111_/A4 (gf180mcu_fd_sc_mcu7t5v0__and4_1)
     1    0.005367    0.154795    0.381296    3.715301 v _111_/Z (gf180mcu_fd_sc_mcu7t5v0__and4_1)
                                                         _013_ (net)
                      0.154795    0.000011    3.715312 v _113_/A2 (gf180mcu_fd_sc_mcu7t5v0__oai211_1)
     4    0.020625    0.807919    0.514607    4.229919 ^ _113_/ZN (gf180mcu_fd_sc_mcu7t5v0__oai211_1)
                                                         _015_ (net)
                      0.807919    0.000095    4.230013 ^ _208_/A2 (gf180mcu_fd_sc_mcu7t5v0__nand2_1)
     1    0.004948    0.358917    0.121279    4.351292 v _208_/ZN (gf180mcu_fd_sc_mcu7t5v0__nand2_1)
                                                         _098_ (net)
                      0.358917    0.000004    4.351296 v _209_/A2 (gf180mcu_fd_sc_mcu7t5v0__aoi21_1)
     1    0.003443    0.321696    0.269666    4.620962 ^ _209_/ZN (gf180mcu_fd_sc_mcu7t5v0__aoi21_1)
                                                         _003_ (net)
                      0.321696    0.000006    4.620968 ^ _219_/D (gf180mcu_fd_sc_mcu7t5v0__dffrnq_1)
                                              4.620968   data arrival time

                                 16.000000   16.000000   clock clk (rise edge)
                                  0.000000   16.000000   clock source latency
     7    0.030102    0.000000    0.000000   16.000000 ^ clk (in)
                                                         clk (net)
                      0.000324    0.000133   16.000134 ^ _219_/CLK (gf180mcu_fd_sc_mcu7t5v0__dffrnq_1)
                                 -0.250000   15.750134   clock uncertainty
                                  0.000000   15.750134   clock reconvergence pessimism
                                 -0.354931   15.395204   library setup time
                                             15.395204   data required time
---------------------------------------------------------------------------------------------
                                             15.395204   data required time
                                             -4.620968   data arrival time
---------------------------------------------------------------------------------------------
                                             10.774236   slack (MET)


Startpoint: result_radix_i[1] (input port clocked by clk)
Endpoint: _220_ (rising edge-triggered flip-flop clocked by clk)
Path Group: clk
Path Type: max

Fanout         Cap        Slew       Delay        Time   Description
---------------------------------------------------------------------------------------------
                                  0.000000    0.000000   clock clk (rise edge)
                                  0.000000    0.000000   clock network delay (propagated)
                                  3.200000    3.200000 v input external delay
     2    0.084782    0.216774    0.134005    3.334005 v result_radix_i[1] (in)
                                                         result_radix_i[1] (net)
                      0.219535    0.000000    3.334005 v _111_/A4 (gf180mcu_fd_sc_mcu7t5v0__and4_1)
     1    0.005367    0.154795    0.381296    3.715301 v _111_/Z (gf180mcu_fd_sc_mcu7t5v0__and4_1)
                                                         _013_ (net)
                      0.154795    0.000011    3.715312 v _113_/A2 (gf180mcu_fd_sc_mcu7t5v0__oai211_1)
     4    0.020625    0.807919    0.514607    4.229919 ^ _113_/ZN (gf180mcu_fd_sc_mcu7t5v0__oai211_1)
                                                         _015_ (net)
                      0.807919    0.000036    4.229954 ^ _211_/A3 (gf180mcu_fd_sc_mcu7t5v0__nand3_1)
     1    0.004633    0.416329    0.152494    4.382449 v _211_/ZN (gf180mcu_fd_sc_mcu7t5v0__nand3_1)
                                                         _100_ (net)
                      0.416329    0.000002    4.382451 v _212_/A2 (gf180mcu_fd_sc_mcu7t5v0__nand2_1)
     1    0.003048    0.205856    0.210301    4.592752 ^ _212_/ZN (gf180mcu_fd_sc_mcu7t5v0__nand2_1)
                                                         _004_ (net)
                      0.205856    0.000000    4.592752 ^ _220_/D (gf180mcu_fd_sc_mcu7t5v0__dffrnq_1)
                                              4.592752   data arrival time

                                 16.000000   16.000000   clock clk (rise edge)
                                  0.000000   16.000000   clock source latency
     7    0.030102    0.000000    0.000000   16.000000 ^ clk (in)
                                                         clk (net)
                      0.000456    0.000187   16.000187 ^ _220_/CLK (gf180mcu_fd_sc_mcu7t5v0__dffrnq_1)
                                 -0.250000   15.750187   clock uncertainty
                                  0.000000   15.750187   clock reconvergence pessimism
                                 -0.337741   15.412447   library setup time
                                             15.412447   data required time
---------------------------------------------------------------------------------------------
                                             15.412447   data required time
                                             -4.592752   data arrival time
---------------------------------------------------------------------------------------------
                                             10.819695   slack (MET)


Startpoint: _223_ (rising edge-triggered flip-flop clocked by clk)
Endpoint: busy_o (output port clocked by clk)
Path Group: clk
Path Type: max

Fanout         Cap        Slew       Delay        Time   Description
---------------------------------------------------------------------------------------------
                                  0.000000    0.000000   clock clk (rise edge)
                                  0.000000    0.000000   clock source latency
     7    0.030102    0.000000    0.000000    0.000000 ^ clk (in)
                                                         clk (net)
                      0.000430    0.000176    0.000176 ^ _223_/CLK (gf180mcu_fd_sc_mcu7t5v0__dffrnq_1)
     7    0.081020    1.353621    1.578112    1.578288 ^ _223_/Q (gf180mcu_fd_sc_mcu7t5v0__dffrnq_1)
                                                         busy_o (net)
                      1.353621    0.000422    1.578710 ^ busy_o (out)
                                              1.578710   data arrival time

                                 16.000000   16.000000   clock clk (rise edge)
                                  0.000000   16.000000   clock network delay (propagated)
                                 -0.250000   15.750001   clock uncertainty
                                  0.000000   15.750001   clock reconvergence pessimism
                                 -3.200000   12.550000   output external delay
                                             12.550000   data required time
---------------------------------------------------------------------------------------------
                                             12.550000   data required time
                                             -1.578710   data arrival time
---------------------------------------------------------------------------------------------
                                             10.971290   slack (MET)


Startpoint: _225_ (rising edge-triggered flip-flop clocked by clk)
Endpoint: job_done_o (output port clocked by clk)
Path Group: clk
Path Type: max

Fanout         Cap        Slew       Delay        Time   Description
---------------------------------------------------------------------------------------------
                                  0.000000    0.000000   clock clk (rise edge)
                                  0.000000    0.000000   clock source latency
     7    0.030102    0.000000    0.000000    0.000000 ^ clk (in)
                                                         clk (net)
                      0.000360    0.000147    0.000147 ^ _225_/CLK (gf180mcu_fd_sc_mcu7t5v0__dffrnq_1)
     1    0.052146    0.891673    1.310224    1.310371 ^ _225_/Q (gf180mcu_fd_sc_mcu7t5v0__dffrnq_1)
                                                         job_done_o (net)
                      0.891673    0.000477    1.310848 ^ job_done_o (out)
                                              1.310848   data arrival time

                                 16.000000   16.000000   clock clk (rise edge)
                                  0.000000   16.000000   clock network delay (propagated)
                                 -0.250000   15.750001   clock uncertainty
                                  0.000000   15.750001   clock reconvergence pessimism
                                 -3.200000   12.550000   output external delay
                                             12.550000   data required time
---------------------------------------------------------------------------------------------
                                             12.550000   data required time
                                             -1.310848   data arrival time
---------------------------------------------------------------------------------------------
                                             11.239153   slack (MET)


Startpoint: _224_ (rising edge-triggered flip-flop clocked by clk)
Endpoint: transaction_done_o (output port clocked by clk)
Path Group: clk
Path Type: max

Fanout         Cap        Slew       Delay        Time   Description
---------------------------------------------------------------------------------------------
                                  0.000000    0.000000   clock clk (rise edge)
                                  0.000000    0.000000   clock source latency
     7    0.030102    0.000000    0.000000    0.000000 ^ clk (in)
                                                         clk (net)
                      0.000402    0.000164    0.000164 ^ _224_/CLK (gf180mcu_fd_sc_mcu7t5v0__dffrnq_1)
     1    0.051963    0.888803    1.308560    1.308724 ^ _224_/Q (gf180mcu_fd_sc_mcu7t5v0__dffrnq_1)
                                                         transaction_done_o (net)
                      0.888803    0.000448    1.309172 ^ transaction_done_o (out)
                                              1.309172   data arrival time

                                 16.000000   16.000000   clock clk (rise edge)
                                  0.000000   16.000000   clock network delay (propagated)
                                 -0.250000   15.750001   clock uncertainty
                                  0.000000   15.750001   clock reconvergence pessimism
                                 -3.200000   12.550000   output external delay
                                             12.550000   data required time
---------------------------------------------------------------------------------------------
                                             12.550000   data required time
                                             -1.309172   data arrival time
---------------------------------------------------------------------------------------------
                                             11.240829   slack (MET)


Startpoint: rst_n (input port clocked by clk)
Endpoint: _221_ (recovery check against rising-edge clock clk)
Path Group: asynchronous
Path Type: max

Fanout         Cap        Slew       Delay        Time   Description
---------------------------------------------------------------------------------------------
                                  0.000000    0.000000   clock clk (rise edge)
                                  0.000000    0.000000   clock network delay (propagated)
                                  3.200000    3.200000 ^ input external delay
     7    0.056904    0.263147    0.137869    3.337869 ^ rst_n (in)
                                                         rst_n (net)
                      0.263147    0.000000    3.337869 ^ _221_/RN (gf180mcu_fd_sc_mcu7t5v0__dffrnq_1)
                                              3.337869   data arrival time

                                 16.000000   16.000000   clock clk (rise edge)
                                  0.000000   16.000000   clock source latency
     7    0.030102    0.000000    0.000000   16.000000 ^ clk (in)
                                                         clk (net)
                      0.000376    0.000155   16.000154 ^ _221_/CLK (gf180mcu_fd_sc_mcu7t5v0__dffrnq_1)
                                 -0.250000   15.750155   clock uncertainty
                                  0.000000   15.750155   clock reconvergence pessimism
                                  0.187973   15.938128   library recovery time
                                             15.938128   data required time
---------------------------------------------------------------------------------------------
                                             15.938128   data required time
                                             -3.337869   data arrival time
---------------------------------------------------------------------------------------------
                                             12.600259   slack (MET)


Startpoint: rst_n (input port clocked by clk)
Endpoint: _222_ (recovery check against rising-edge clock clk)
Path Group: asynchronous
Path Type: max

Fanout         Cap        Slew       Delay        Time   Description
---------------------------------------------------------------------------------------------
                                  0.000000    0.000000   clock clk (rise edge)
                                  0.000000    0.000000   clock network delay (propagated)
                                  3.200000    3.200000 ^ input external delay
     7    0.056904    0.263147    0.137868    3.337868 ^ rst_n (in)
                                                         rst_n (net)
                      0.263147    0.000000    3.337868 ^ _222_/RN (gf180mcu_fd_sc_mcu7t5v0__dffrnq_1)
                                              3.337868   data arrival time

                                 16.000000   16.000000   clock clk (rise edge)
                                  0.000000   16.000000   clock source latency
     7    0.030102    0.000000    0.000000   16.000000 ^ clk (in)
                                                         clk (net)
                      0.000376    0.000155   16.000154 ^ _222_/CLK (gf180mcu_fd_sc_mcu7t5v0__dffrnq_1)
                                 -0.250000   15.750155   clock uncertainty
                                  0.000000   15.750155   clock reconvergence pessimism
                                  0.187973   15.938128   library recovery time
                                             15.938128   data required time
---------------------------------------------------------------------------------------------
                                             15.938128   data required time
                                             -3.337868   data arrival time
---------------------------------------------------------------------------------------------
                                             12.600259   slack (MET)


Startpoint: rst_n (input port clocked by clk)
Endpoint: _219_ (recovery check against rising-edge clock clk)
Path Group: asynchronous
Path Type: max

Fanout         Cap        Slew       Delay        Time   Description
---------------------------------------------------------------------------------------------
                                  0.000000    0.000000   clock clk (rise edge)
                                  0.000000    0.000000   clock network delay (propagated)
                                  3.200000    3.200000 ^ input external delay
     7    0.056904    0.263147    0.137806    3.337806 ^ rst_n (in)
                                                         rst_n (net)
                      0.263147    0.000000    3.337806 ^ _219_/RN (gf180mcu_fd_sc_mcu7t5v0__dffrnq_1)
                                              3.337806   data arrival time

                                 16.000000   16.000000   clock clk (rise edge)
                                  0.000000   16.000000   clock source latency
     7    0.030102    0.000000    0.000000   16.000000 ^ clk (in)
                                                         clk (net)
                      0.000324    0.000133   16.000134 ^ _219_/CLK (gf180mcu_fd_sc_mcu7t5v0__dffrnq_1)
                                 -0.250000   15.750134   clock uncertainty
                                  0.000000   15.750134   clock reconvergence pessimism
                                  0.187953   15.938087   library recovery time
                                             15.938087   data required time
---------------------------------------------------------------------------------------------
                                             15.938087   data required time
                                             -3.337806   data arrival time
---------------------------------------------------------------------------------------------
                                             12.600281   slack (MET)


Startpoint: rst_n (input port clocked by clk)
Endpoint: _220_ (recovery check against rising-edge clock clk)
Path Group: asynchronous
Path Type: max

Fanout         Cap        Slew       Delay        Time   Description
---------------------------------------------------------------------------------------------
                                  0.000000    0.000000   clock clk (rise edge)
                                  0.000000    0.000000   clock network delay (propagated)
                                  3.200000    3.200000 ^ input external delay
     7    0.056904    0.263147    0.137824    3.337824 ^ rst_n (in)
                                                         rst_n (net)
                      0.263147    0.000000    3.337824 ^ _220_/RN (gf180mcu_fd_sc_mcu7t5v0__dffrnq_1)
                                              3.337824   data arrival time

                                 16.000000   16.000000   clock clk (rise edge)
                                  0.000000   16.000000   clock source latency
     7    0.030102    0.000000    0.000000   16.000000 ^ clk (in)
                                                         clk (net)
                      0.000456    0.000187   16.000187 ^ _220_/CLK (gf180mcu_fd_sc_mcu7t5v0__dffrnq_1)
                                 -0.250000   15.750187   clock uncertainty
                                  0.000000   15.750187   clock reconvergence pessimism
                                  0.188004   15.938191   library recovery time
                                             15.938191   data required time
---------------------------------------------------------------------------------------------
                                             15.938191   data required time
                                             -3.337824   data arrival time
---------------------------------------------------------------------------------------------
                                             12.600368   slack (MET)


Startpoint: rst_n (input port clocked by clk)
Endpoint: _223_ (recovery check against rising-edge clock clk)
Path Group: asynchronous
Path Type: max

Fanout         Cap        Slew       Delay        Time   Description
---------------------------------------------------------------------------------------------
                                  0.000000    0.000000   clock clk (rise edge)
                                  0.000000    0.000000   clock network delay (propagated)
                                  3.200000    3.200000 ^ input external delay
     7    0.056904    0.263147    0.137793    3.337793 ^ rst_n (in)
                                                         rst_n (net)
                      0.263147    0.000000    3.337793 ^ _223_/RN (gf180mcu_fd_sc_mcu7t5v0__dffrnq_1)
                                              3.337793   data arrival time

                                 16.000000   16.000000   clock clk (rise edge)
                                  0.000000   16.000000   clock source latency
     7    0.030102    0.000000    0.000000   16.000000 ^ clk (in)
                                                         clk (net)
                      0.000430    0.000176   16.000175 ^ _223_/CLK (gf180mcu_fd_sc_mcu7t5v0__dffrnq_1)
                                 -0.250000   15.750176   clock uncertainty
                                  0.000000   15.750176   clock reconvergence pessimism
                                  0.187994   15.938170   library recovery time
                                             15.938170   data required time
---------------------------------------------------------------------------------------------
                                             15.938170   data required time
                                             -3.337793   data arrival time
---------------------------------------------------------------------------------------------
                                             12.600377   slack (MET)


Startpoint: rst_n (input port clocked by clk)
Endpoint: _224_ (recovery check against rising-edge clock clk)
Path Group: asynchronous
Path Type: max

Fanout         Cap        Slew       Delay        Time   Description
---------------------------------------------------------------------------------------------
                                  0.000000    0.000000   clock clk (rise edge)
                                  0.000000    0.000000   clock network delay (propagated)
                                  3.200000    3.200000 ^ input external delay
     7    0.056904    0.263147    0.137761    3.337761 ^ rst_n (in)
                                                         rst_n (net)
                      0.263147    0.000000    3.337761 ^ _224_/RN (gf180mcu_fd_sc_mcu7t5v0__dffrnq_1)
                                              3.337761   data arrival time

                                 16.000000   16.000000   clock clk (rise edge)
                                  0.000000   16.000000   clock source latency
     7    0.030102    0.000000    0.000000   16.000000 ^ clk (in)
                                                         clk (net)
                      0.000402    0.000163   16.000164 ^ _224_/CLK (gf180mcu_fd_sc_mcu7t5v0__dffrnq_1)
                                 -0.250000   15.750164   clock uncertainty
                                  0.000000   15.750164   clock reconvergence pessimism
                                  0.187983   15.938148   library recovery time
                                             15.938148   data required time
---------------------------------------------------------------------------------------------
                                             15.938148   data required time
                                             -3.337761   data arrival time
---------------------------------------------------------------------------------------------
                                             12.600387   slack (MET)


Startpoint: rst_n (input port clocked by clk)
Endpoint: _225_ (recovery check against rising-edge clock clk)
Path Group: asynchronous
Path Type: max

Fanout         Cap        Slew       Delay        Time   Description
---------------------------------------------------------------------------------------------
                                  0.000000    0.000000   clock clk (rise edge)
                                  0.000000    0.000000   clock network delay (propagated)
                                  3.200000    3.200000 ^ input external delay
     7    0.056904    0.263147    0.137713    3.337713 ^ rst_n (in)
                                                         rst_n (net)
                      0.263147    0.000000    3.337713 ^ _225_/RN (gf180mcu_fd_sc_mcu7t5v0__dffrnq_1)
                                              3.337713   data arrival time

                                 16.000000   16.000000   clock clk (rise edge)
                                  0.000000   16.000000   clock source latency
     7    0.030102    0.000000    0.000000   16.000000 ^ clk (in)
                                                         clk (net)
                      0.000360    0.000147   16.000147 ^ _225_/CLK (gf180mcu_fd_sc_mcu7t5v0__dffrnq_1)
                                 -0.250000   15.750149   clock uncertainty
                                  0.000000   15.750149   clock reconvergence pessimism
                                  0.187967   15.938115   library recovery time
                                             15.938115   data required time
---------------------------------------------------------------------------------------------
                                             15.938115   data required time
                                             -3.337713   data arrival time
---------------------------------------------------------------------------------------------
                                             12.600403   slack (MET)



