
===========================================================================
report_checks -unconstrained
===========================================================================
======================= nom_tt_025C_5v00 Corner ===================================

Startpoint: rst_n (input port clocked by clk)
Endpoint: _21123_ (recovery check against rising-edge clock clk)
Path Group: asynchronous
Path Type: max

Fanout         Cap        Slew       Delay        Time   Description
---------------------------------------------------------------------------------------------
                                  0.000000    0.000000   clock clk (rise edge)
                                  0.000000    0.000000   clock network delay (propagated)
                                  6.000000    6.000000 ^ input external delay
     1    0.003383    0.105473    0.033858    6.033858 ^ rst_n (in)
                                                         rst_n (net)
                      0.105473    0.000000    6.033858 ^ input10/I (gf180mcu_fd_sc_mcu7t5v0__dlyb_1)
     3    0.081125    1.348678    1.580629    7.614487 ^ input10/Z (gf180mcu_fd_sc_mcu7t5v0__dlyb_1)
                                                         net10 (net)
                      1.348701    0.003145    7.617632 ^ fanout1628/I (gf180mcu_fd_sc_mcu7t5v0__dlyb_1)
     7    0.075884    1.265529    1.548907    9.166539 ^ fanout1628/Z (gf180mcu_fd_sc_mcu7t5v0__dlyb_1)
                                                         net1628 (net)
                      1.265568    0.003926    9.170465 ^ fanout1603/I (gf180mcu_fd_sc_mcu7t5v0__dlyb_1)
     5    0.036632    0.642715    1.192919   10.363383 ^ fanout1603/Z (gf180mcu_fd_sc_mcu7t5v0__dlyb_1)
                                                         net1603 (net)
                      0.642715    0.000015   10.363399 ^ fanout1602/I (gf180mcu_fd_sc_mcu7t5v0__dlyb_1)
     5    0.042082    0.728469    1.259259   11.622657 ^ fanout1602/Z (gf180mcu_fd_sc_mcu7t5v0__dlyb_1)
                                                         net1602 (net)
                      0.728476    0.001280   11.623937 ^ fanout1595/I (gf180mcu_fd_sc_mcu7t5v0__dlyb_1)
    10    0.080758    1.389291    1.615846   13.239783 ^ fanout1595/Z (gf180mcu_fd_sc_mcu7t5v0__dlyb_1)
                                                         net1595 (net)
                      1.389291    0.000261   13.240044 ^ fanout1594/I (gf180mcu_fd_sc_mcu7t5v0__dlyb_1)
    10    0.083615    1.390108    1.620309   14.860353 ^ fanout1594/Z (gf180mcu_fd_sc_mcu7t5v0__dlyb_1)
                                                         net1594 (net)
                      1.390108    0.000978   14.861331 ^ fanout1593/I (gf180mcu_fd_sc_mcu7t5v0__dlyb_1)
    10    0.082892    1.378900    1.614418   16.475750 ^ fanout1593/Z (gf180mcu_fd_sc_mcu7t5v0__dlyb_1)
                                                         net1593 (net)
                      1.378900    0.001084   16.476833 ^ _21123_/RN (gf180mcu_fd_sc_mcu7t5v0__dffrnq_1)
                                             16.476833   data arrival time

                                 30.000000   30.000000   clock clk (rise edge)
                                  0.000000   30.000000   clock source latency
     2    0.114984    0.489821    0.283148   30.283148 ^ clk (in)
                                                         clk (net)
                      0.492083    0.000000   30.283148 ^ clkbuf_regs_0_clk/I (gf180mcu_fd_sc_mcu7t5v0__clkbuf_16)
     1    0.023389    0.100135    0.303078   30.586226 ^ clkbuf_regs_0_clk/Z (gf180mcu_fd_sc_mcu7t5v0__clkbuf_16)
                                                         clk_regs (net)
                      0.100135    0.000092   30.586319 ^ clkbuf_0_clk_regs/I (gf180mcu_fd_sc_mcu7t5v0__clkbuf_16)
     4    0.119971    0.175348    0.288985   30.875303 ^ clkbuf_0_clk_regs/Z (gf180mcu_fd_sc_mcu7t5v0__clkbuf_16)
                                                         clknet_0_clk_regs (net)
                      0.175394    0.004530   30.879833 ^ clkbuf_2_2_0_clk_regs/I (gf180mcu_fd_sc_mcu7t5v0__clkbuf_8)
    16    0.252722    0.538532    0.516049   31.395882 ^ clkbuf_2_2_0_clk_regs/Z (gf180mcu_fd_sc_mcu7t5v0__clkbuf_8)
                                                         clknet_2_2_0_clk_regs (net)
                      0.538625    0.003517   31.399399 ^ clkbuf_6_36_0_clk_regs/I (gf180mcu_fd_sc_mcu7t5v0__clkbuf_8)
     6    0.080102    0.217439    0.391886   31.791285 ^ clkbuf_6_36_0_clk_regs/Z (gf180mcu_fd_sc_mcu7t5v0__clkbuf_8)
                                                         clknet_6_36_0_clk_regs (net)
                      0.217439    0.000284   31.791569 ^ clkbuf_leaf_225_clk_regs/I (gf180mcu_fd_sc_mcu7t5v0__clkbuf_8)
     4    0.033600    0.128582    0.273658   32.065228 ^ clkbuf_leaf_225_clk_regs/Z (gf180mcu_fd_sc_mcu7t5v0__clkbuf_8)
                                                         clknet_leaf_225_clk_regs (net)
                      0.128582    0.000039   32.065266 ^ _21123_/CLK (gf180mcu_fd_sc_mcu7t5v0__dffrnq_1)
                                 -0.250000   31.815266   clock uncertainty
                                  0.000000   31.815266   clock reconvergence pessimism
                                 -0.076801   31.738464   library recovery time
                                             31.738464   data required time
---------------------------------------------------------------------------------------------
                                             31.738464   data required time
                                            -16.476833   data arrival time
---------------------------------------------------------------------------------------------
                                             15.261631   slack (MET)


Startpoint: _20660_ (rising edge-triggered flip-flop clocked by clk)
Endpoint: dout[6] (output port clocked by clk)
Path Group: clk
Path Type: max

Fanout         Cap        Slew       Delay        Time   Description
---------------------------------------------------------------------------------------------
                                  0.000000    0.000000   clock clk (rise edge)
                                  0.000000    0.000000   clock source latency
     2    0.114984    0.489821    0.283146    0.283146 ^ clk (in)
                                                         clk (net)
                      0.492083    0.000000    0.283146 ^ clkbuf_regs_0_clk/I (gf180mcu_fd_sc_mcu7t5v0__clkbuf_16)
     1    0.023389    0.100135    0.303080    0.586226 ^ clkbuf_regs_0_clk/Z (gf180mcu_fd_sc_mcu7t5v0__clkbuf_16)
                                                         clk_regs (net)
                      0.100135    0.000093    0.586319 ^ clkbuf_0_clk_regs/I (gf180mcu_fd_sc_mcu7t5v0__clkbuf_16)
     4    0.119971    0.175348    0.288984    0.875303 ^ clkbuf_0_clk_regs/Z (gf180mcu_fd_sc_mcu7t5v0__clkbuf_16)
                                                         clknet_0_clk_regs (net)
                      0.175380    0.003833    0.879135 ^ clkbuf_2_0_0_clk_regs/I (gf180mcu_fd_sc_mcu7t5v0__clkbuf_8)
    16    0.258242    0.552935    0.527492    1.406628 ^ clkbuf_2_0_0_clk_regs/Z (gf180mcu_fd_sc_mcu7t5v0__clkbuf_8)
                                                         clknet_2_0_0_clk_regs (net)
                      0.553151    0.006099    1.412727 ^ clkbuf_6_15_0_clk_regs/I (gf180mcu_fd_sc_mcu7t5v0__clkbuf_8)
     6    0.082334    0.221665    0.396816    1.809543 ^ clkbuf_6_15_0_clk_regs/Z (gf180mcu_fd_sc_mcu7t5v0__clkbuf_8)
                                                         clknet_6_15_0_clk_regs (net)
                      0.221665    0.000514    1.810057 ^ clkbuf_leaf_129_clk_regs/I (gf180mcu_fd_sc_mcu7t5v0__clkbuf_8)
    10    0.041432    0.141921    0.285019    2.095076 ^ clkbuf_leaf_129_clk_regs/Z (gf180mcu_fd_sc_mcu7t5v0__clkbuf_8)
                                                         clknet_leaf_129_clk_regs (net)
                      0.141921    0.000074    2.095150 ^ _20660_/CLK (gf180mcu_fd_sc_mcu7t5v0__dffrnq_2)
     7    0.035181    0.357690    1.049103    3.144253 ^ _20660_/Q (gf180mcu_fd_sc_mcu7t5v0__dffrnq_2)
                                                         u_transform_scheduler_core.result_meta_read_pointer[1] (net)
                      0.357690    0.000100    3.144353 ^ _10546_/A2 (gf180mcu_fd_sc_mcu7t5v0__nor2_1)
     2    0.010765    0.264994    0.221944    3.366297 v _10546_/ZN (gf180mcu_fd_sc_mcu7t5v0__nor2_1)
                                                         _05206_ (net)
                      0.264994    0.000042    3.366339 v _11031_/A2 (gf180mcu_fd_sc_mcu7t5v0__nand2_1)
     1    0.006307    0.223828    0.204694    3.571033 ^ _11031_/ZN (gf180mcu_fd_sc_mcu7t5v0__nand2_1)
                                                         _05639_ (net)
                      0.223828    0.000043    3.571076 ^ _11032_/A3 (gf180mcu_fd_sc_mcu7t5v0__nand3_1)
     2    0.013502    0.367014    0.264668    3.835744 v _11032_/ZN (gf180mcu_fd_sc_mcu7t5v0__nand3_1)
                                                         _05640_ (net)
                      0.367014    0.000251    3.835995 v _11033_/A2 (gf180mcu_fd_sc_mcu7t5v0__and2_1)
     4    0.034457    0.375905    0.538359    4.374354 v _11033_/Z (gf180mcu_fd_sc_mcu7t5v0__and2_1)
                                                         _05641_ (net)
                      0.375905    0.000210    4.374564 v fanout864/I (gf180mcu_fd_sc_mcu7t5v0__dlyb_1)
     6    0.039529    0.514723    1.350263    5.724828 v fanout864/Z (gf180mcu_fd_sc_mcu7t5v0__dlyb_1)
                                                         net864 (net)
                      0.514725    0.000627    5.725455 v fanout863/I (gf180mcu_fd_sc_mcu7t5v0__dlyb_1)
     6    0.040494    0.522974    1.406714    7.132170 v fanout863/Z (gf180mcu_fd_sc_mcu7t5v0__dlyb_1)
                                                         net863 (net)
                      0.522974    0.000044    7.132214 v fanout861/I (gf180mcu_fd_sc_mcu7t5v0__dlyb_1)
    10    0.051449    0.616190    1.482922    8.615135 v fanout861/Z (gf180mcu_fd_sc_mcu7t5v0__dlyb_1)
                                                         net861 (net)
                      0.616190    0.000341    8.615477 v _11401_/A2 (gf180mcu_fd_sc_mcu7t5v0__nand2_1)
     2    0.008324    0.325301    0.325525    8.941002 ^ _11401_/ZN (gf180mcu_fd_sc_mcu7t5v0__nand2_1)
                                                         _06003_ (net)
                      0.325301    0.000009    8.941010 ^ _11404_/A1 (gf180mcu_fd_sc_mcu7t5v0__and2_1)
    10    0.078635    1.314777    1.006632    9.947643 ^ _11404_/Z (gf180mcu_fd_sc_mcu7t5v0__and2_1)
                                                         _06006_ (net)
                      1.314777    0.000374    9.948017 ^ _11405_/A2 (gf180mcu_fd_sc_mcu7t5v0__nand2_1)
     1    0.004830    0.333148    0.102540   10.050557 v _11405_/ZN (gf180mcu_fd_sc_mcu7t5v0__nand2_1)
                                                         _06007_ (net)
                      0.333148    0.000004   10.050561 v _11406_/C (gf180mcu_fd_sc_mcu7t5v0__oai211_1)
     1    0.008742    0.498888    0.377601   10.428162 ^ _11406_/ZN (gf180mcu_fd_sc_mcu7t5v0__oai211_1)
                                                         _06008_ (net)
                      0.498888    0.000156   10.428318 ^ _11416_/A2 (gf180mcu_fd_sc_mcu7t5v0__and4_1)
     1    0.010206    0.279625    0.569714   10.998033 ^ _11416_/Z (gf180mcu_fd_sc_mcu7t5v0__and4_1)
                                                         _06018_ (net)
                      0.279625    0.000193   10.998225 ^ _11444_/B1 (gf180mcu_fd_sc_mcu7t5v0__aoi22_1)
     1    0.020495    0.512425    0.344738   11.342963 v _11444_/ZN (gf180mcu_fd_sc_mcu7t5v0__aoi22_1)
                                                         net18 (net)
                      0.512426    0.000822   11.343785 v output18/I (gf180mcu_fd_sc_mcu7t5v0__dlyb_1)
     1    0.073637    0.834070    1.621696   12.965481 v output18/Z (gf180mcu_fd_sc_mcu7t5v0__dlyb_1)
                                                         dout[6] (net)
                      0.834070    0.000228   12.965709 v dout[6] (out)
                                             12.965709   data arrival time

                                 30.000000   30.000000   clock clk (rise edge)
                                  0.000000   30.000000   clock network delay (propagated)
                                 -0.250000   29.750000   clock uncertainty
                                  0.000000   29.750000   clock reconvergence pessimism
                                 -6.000000   23.750002   output external delay
                                             23.750002   data required time
---------------------------------------------------------------------------------------------
                                             23.750002   data required time
                                            -12.965709   data arrival time
---------------------------------------------------------------------------------------------
                                             10.784293   slack (MET)




===========================================================================
report_checks --slack_max -0.01
============================================================================
======================= nom_tt_025C_5v00 Corner ===================================

No paths found.


===========================================================================
 report_check_types -max_slew -max_cap -max_fanout -violators
============================================================================
======================= nom_tt_025C_5v00 Corner ===================================

max fanout

Pin                                   Limit Fanout  Slack
---------------------------------------------------------
clkbuf_2_0_0_clk_regs/Z                  10     16     -6 (VIOLATED)
clkbuf_2_1_0_clk_regs/Z                  10     16     -6 (VIOLATED)
clkbuf_2_2_0_clk_regs/Z                  10     16     -6 (VIOLATED)
clkbuf_2_3_0_clk_regs/Z                  10     16     -6 (VIOLATED)

max capacitance

Pin                                        Limit         Cap       Slack
------------------------------------------------------------------------
clkbuf_1_0__f_clk/Z                     0.200000    0.306562   -0.106562 (VIOLATED)
clkbuf_1_1__f_clk/Z                     0.200000    0.305237   -0.105237 (VIOLATED)
clkbuf_2_3_0_clk_regs/Z                 0.200000    0.262040   -0.062040 (VIOLATED)
clkbuf_2_1_0_clk_regs/Z                 0.200000    0.261012   -0.061012 (VIOLATED)
clkbuf_2_0_0_clk_regs/Z                 0.200000    0.258242   -0.058242 (VIOLATED)
clkbuf_2_2_0_clk_regs/Z                 0.200000    0.252722   -0.052722 (VIOLATED)



===========================================================================
report_parasitic_annotation -report_unannotated
============================================================================
Found 298 unannotated drivers.
 clkload0/Z
 clkload1/Z
 clkload10/Z
 clkload100/ZN
 clkload101/Z
 clkload102/ZN
 clkload103/ZN
 clkload104/ZN
 clkload105/ZN
 clkload106/ZN
 clkload107/Z
 clkload108/ZN
 clkload109/Z
 clkload11/Z
 clkload110/ZN
 clkload111/ZN
 clkload112/ZN
 clkload113/Z
 clkload114/ZN
 clkload115/ZN
 clkload116/ZN
 clkload117/ZN
 clkload118/ZN
 clkload119/Z
 clkload12/Z
 clkload120/ZN
 clkload121/ZN
 clkload122/Z
 clkload123/Z
 clkload124/ZN
 clkload125/Z
 clkload126/ZN
 clkload127/ZN
 clkload128/ZN
 clkload129/ZN
 clkload13/ZN
 clkload130/ZN
 clkload131/ZN
 clkload132/ZN
 clkload133/Z
 clkload134/ZN
 clkload135/ZN
 clkload136/ZN
 clkload137/Z
 clkload138/Z
 clkload139/Z
 clkload14/Z
 clkload140/ZN
 clkload141/Z
 clkload142/Z
 clkload143/Z
 clkload144/ZN
 clkload145/ZN
 clkload146/ZN
 clkload147/ZN
 clkload148/ZN
 clkload149/Z
 clkload15/Z
 clkload150/ZN
 clkload151/ZN
 clkload152/Z
 clkload153/ZN
 clkload154/ZN
 clkload155/ZN
 clkload156/ZN
 clkload157/ZN
 clkload158/ZN
 clkload159/ZN
 clkload16/Z
 clkload160/Z
 clkload161/ZN
 clkload162/ZN
 clkload163/ZN
 clkload164/Z
 clkload165/ZN
 clkload166/ZN
 clkload167/Z
 clkload168/Z
 clkload169/Z
 clkload17/Z
 clkload170/Z
 clkload171/ZN
 clkload172/Z
 clkload173/Z
 clkload174/ZN
 clkload175/ZN
 clkload176/Z
 clkload177/ZN
 clkload178/ZN
 clkload179/ZN
 clkload18/Z
 clkload180/Z
 clkload181/ZN
 clkload182/ZN
 clkload183/ZN
 clkload184/ZN
 clkload185/ZN
 clkload186/ZN
 clkload187/ZN
 clkload188/Z
 clkload189/Z
 clkload19/Z
 clkload190/ZN
 clkload191/ZN
 clkload192/ZN
 clkload193/ZN
 clkload194/ZN
 clkload195/ZN
 clkload196/Z
 clkload197/ZN
 clkload198/ZN
 clkload199/ZN
 clkload2/Z
 clkload20/ZN
 clkload200/ZN
 clkload201/ZN
 clkload202/ZN
 clkload203/ZN
 clkload204/ZN
 clkload205/ZN
 clkload206/ZN
 clkload207/Z
 clkload208/ZN
 clkload209/ZN
 clkload21/Z
 clkload210/ZN
 clkload211/ZN
 clkload212/ZN
 clkload213/ZN
 clkload214/ZN
 clkload215/ZN
 clkload216/ZN
 clkload217/ZN
 clkload218/ZN
 clkload219/Z
 clkload22/Z
 clkload220/ZN
 clkload221/ZN
 clkload222/ZN
 clkload223/ZN
 clkload224/ZN
 clkload225/ZN
 clkload226/ZN
 clkload227/ZN
 clkload228/Z
 clkload229/ZN
 clkload23/Z
 clkload230/Z
 clkload231/Z
 clkload232/Z
 clkload233/Z
 clkload234/ZN
 clkload235/ZN
 clkload236/ZN
 clkload237/ZN
 clkload238/ZN
 clkload239/Z
 clkload24/Z
 clkload240/ZN
 clkload241/ZN
 clkload242/ZN
 clkload243/ZN
 clkload244/ZN
 clkload245/Z
 clkload246/ZN
 clkload247/ZN
 clkload248/ZN
 clkload249/ZN
 clkload25/Z
 clkload250/ZN
 clkload251/ZN
 clkload252/ZN
 clkload253/ZN
 clkload254/ZN
 clkload255/ZN
 clkload256/Z
 clkload257/ZN
 clkload258/ZN
 clkload259/Z
 clkload26/Z
 clkload260/Z
 clkload261/ZN
 clkload262/ZN
 clkload263/Z
 clkload264/ZN
 clkload265/ZN
 clkload266/Z
 clkload267/ZN
 clkload268/ZN
 clkload269/Z
 clkload27/Z
 clkload270/ZN
 clkload271/ZN
 clkload272/ZN
 clkload273/ZN
 clkload274/Z
 clkload275/ZN
 clkload276/ZN
 clkload277/Z
 clkload278/Z
 clkload279/ZN
 clkload28/Z
 clkload280/ZN
 clkload281/ZN
 clkload282/ZN
 clkload283/ZN
 clkload284/ZN
 clkload285/ZN
 clkload286/ZN
 clkload287/Z
 clkload288/ZN
 clkload289/ZN
 clkload29/Z
 clkload290/ZN
 clkload291/ZN
 clkload292/ZN
 clkload293/Z
 clkload294/ZN
 clkload295/Z
 clkload296/ZN
 clkload297/ZN
 clkload3/Z
 clkload30/Z
 clkload31/Z
 clkload32/ZN
 clkload33/ZN
 clkload34/Z
 clkload35/Z
 clkload36/Z
 clkload37/Z
 clkload38/ZN
 clkload39/Z
 clkload4/Z
 clkload40/Z
 clkload41/Z
 clkload42/Z
 clkload43/Z
 clkload44/Z
 clkload45/Z
 clkload46/Z
 clkload47/Z
 clkload48/ZN
 clkload49/Z
 clkload5/Z
 clkload50/Z
 clkload51/ZN
 clkload52/ZN
 clkload53/Z
 clkload54/ZN
 clkload55/ZN
 clkload56/ZN
 clkload57/ZN
 clkload58/ZN
 clkload59/ZN
 clkload6/Z
 clkload60/Z
 clkload61/ZN
 clkload62/ZN
 clkload63/ZN
 clkload64/ZN
 clkload65/Z
 clkload66/ZN
 clkload67/ZN
 clkload68/Z
 clkload69/ZN
 clkload7/Z
 clkload70/ZN
 clkload71/ZN
 clkload72/ZN
 clkload73/ZN
 clkload74/ZN
 clkload75/ZN
 clkload76/ZN
 clkload77/ZN
 clkload78/ZN
 clkload79/ZN
 clkload8/Z
 clkload80/ZN
 clkload81/ZN
 clkload82/ZN
 clkload83/ZN
 clkload84/Z
 clkload85/ZN
 clkload86/ZN
 clkload87/ZN
 clkload88/ZN
 clkload89/ZN
 clkload9/Z
 clkload90/ZN
 clkload91/ZN
 clkload92/ZN
 clkload93/Z
 clkload94/ZN
 clkload95/ZN
 clkload96/ZN
 clkload97/ZN
 clkload98/ZN
 clkload99/ZN
Found 0 partially unannotated drivers.

===========================================================================
max slew violation count 0
Writing metric design__max_slew_violation__count__corner:nom_tt_025C_5v00: 0
max fanout violation count 4
Writing metric design__max_fanout_violation__count__corner:nom_tt_025C_5v00: 4
max cap violation count 6
Writing metric design__max_cap_violation__count__corner:nom_tt_025C_5v00: 6
============================================================================

===========================================================================
check_setup -verbose -unconstrained_endpoints -multiple_clock -no_clock -no_input_delay -loops -generated_clocks
===========================================================================
