Clock: clk
Sources: clk 
Generated: no
Virtual: yes
Propagated: no
Period: 30.000000

===========================================================================
report_clock_properties
============================================================================
Clock                   Period          Waveform
----------------------------------------------------
clk                  30.000000    0.000000 15.000000

===========================================================================
report_clock_latency
============================================================================
Clock clk
rise -> rise
    min     max
0.000000 0.000000 source latency
1.797691         network latency _21702_/CLK
        2.144790 network latency _20765_/CLK
---------------
1.797691 2.144790 latency
        0.347099 skew

fall -> fall
    min     max
0.000000 0.000000 source latency
1.778910         network latency _21702_/CLK
        2.161679 network latency _20765_/CLK
---------------
1.778910 2.161679 latency
        0.382769 skew



===========================================================================
report_clock_min_period
============================================================================
clk period_min = 16.64 fmax = 60.08
