
===========================================================================
report_checks -unconstrained
===========================================================================
======================= nom_tt_025C_5v00 Corner ===================================

Startpoint: _20173_ (rising edge-triggered flip-flop clocked by core_clk)
Endpoint: _18597_ (rising edge-triggered flip-flop clocked by core_clk)
Path Group: core_clk
Path Type: max

Fanout         Cap        Slew       Delay        Time   Description
---------------------------------------------------------------------------------------------
                                  0.000000    0.000000   clock core_clk (rise edge)
                                  0.000000    0.000000   clock source latency
     2    0.148906    0.000000    0.000000    0.000000 ^ clk (in)
                                                         clk (net)
                      0.034037    0.013922    0.013922 ^ clkbuf_regs_0_core_clk/I (gf180mcu_fd_sc_mcu9t5v0__clkbuf_16)
     1    0.046211    0.077861    0.164314    0.178237 ^ clkbuf_regs_0_core_clk/Z (gf180mcu_fd_sc_mcu9t5v0__clkbuf_16)
                                                         clk_regs (net)
                      0.077861    0.000333    0.178570 ^ clkbuf_0_clk_regs/I (gf180mcu_fd_sc_mcu9t5v0__clkbuf_16)
     8    0.270033    0.210498    0.257620    0.436190 ^ clkbuf_0_clk_regs/Z (gf180mcu_fd_sc_mcu9t5v0__clkbuf_16)
                                                         clknet_0_clk_regs (net)
                      0.211054    0.008430    0.444620 ^ clkbuf_3_3_0_clk_regs/I (gf180mcu_fd_sc_mcu9t5v0__clkbuf_8)
    13    0.396225    0.553414    0.486001    0.930621 ^ clkbuf_3_3_0_clk_regs/Z (gf180mcu_fd_sc_mcu9t5v0__clkbuf_8)
                                                         clknet_3_3_0_clk_regs (net)
                      0.553687    0.006851    0.937472 ^ clkbuf_leaf_30_clk_regs/I (gf180mcu_fd_sc_mcu9t5v0__clkbuf_8)
    24    0.153962    0.242850    0.357597    1.295069 ^ clkbuf_leaf_30_clk_regs/Z (gf180mcu_fd_sc_mcu9t5v0__clkbuf_8)
                                                         clknet_leaf_30_clk_regs (net)
                      0.242850    0.000256    1.295325 ^ _20173_/CLK (gf180mcu_fd_sc_mcu9t5v0__dffrnq_1)
    21    0.188587    2.038873    1.771838    3.067163 ^ _20173_/Q (gf180mcu_fd_sc_mcu9t5v0__dffrnq_1)
                                                         u_transform_scheduler_core.fft128_active (net)
                      2.038890    0.003404    3.070567 ^ _09471_/A1 (gf180mcu_fd_sc_mcu9t5v0__nor2_1)
    15    0.148706    1.538906    1.222407    4.292974 v _09471_/ZN (gf180mcu_fd_sc_mcu9t5v0__nor2_1)
                                                         _04268_ (net)
                      1.538906    0.001117    4.294092 v _09473_/A1 (gf180mcu_fd_sc_mcu9t5v0__nand2_1)
     4    0.023321    0.573884    0.600463    4.894555 ^ _09473_/ZN (gf180mcu_fd_sc_mcu9t5v0__nand2_1)
                                                         _04270_ (net)
                      0.573884    0.000044    4.894598 ^ _09475_/A2 (gf180mcu_fd_sc_mcu9t5v0__or2_1)
     4    0.029029    0.366768    0.401595    5.296194 ^ _09475_/Z (gf180mcu_fd_sc_mcu9t5v0__or2_1)
                                                         _04272_ (net)
                      0.366768    0.000119    5.296312 ^ _09505_/A3 (gf180mcu_fd_sc_mcu9t5v0__nand4_1)
     1    0.021788    0.507337    0.328628    5.624941 v _09505_/ZN (gf180mcu_fd_sc_mcu9t5v0__nand4_1)
                                                         _04300_ (net)
                      0.507338    0.001017    5.625957 v _09509_/A2 (gf180mcu_fd_sc_mcu9t5v0__aoi211_1)
     3    0.021686    0.927331    0.634467    6.260424 ^ _09509_/ZN (gf180mcu_fd_sc_mcu9t5v0__aoi211_1)
                                                         _04304_ (net)
                      0.927331    0.000404    6.260828 ^ _09510_/I (gf180mcu_fd_sc_mcu9t5v0__clkinv_1)
     2    0.008142    0.285555    0.197526    6.458354 v _09510_/ZN (gf180mcu_fd_sc_mcu9t5v0__clkinv_1)
                                                         _04305_ (net)
                      0.285555    0.000012    6.458367 v _09550_/A3 (gf180mcu_fd_sc_mcu9t5v0__and4_1)
     2    0.074630    0.516111    0.719206    7.177573 v _09550_/Z (gf180mcu_fd_sc_mcu9t5v0__and4_1)
                                                         _04345_ (net)
                      0.516374    0.006569    7.184142 v _09556_/A2 (gf180mcu_fd_sc_mcu9t5v0__aoi21_4)
    51    0.592105    3.017876    1.857743    9.041884 ^ _09556_/ZN (gf180mcu_fd_sc_mcu9t5v0__aoi21_4)
                                                         u_transform_scheduler_core.u_mixed_radix_butterfly.multiply_product_fire (net)
                      3.017920    0.006438    9.048323 ^ _09572_/A2 (gf180mcu_fd_sc_mcu9t5v0__oai21_4)
    24    0.232482    1.223483    0.678350    9.726672 v _09572_/ZN (gf180mcu_fd_sc_mcu9t5v0__oai21_4)
                                                         _04366_ (net)
                      1.223483    0.000371    9.727043 v max_cap105/I (gf180mcu_fd_sc_mcu9t5v0__clkbuf_16)
    49    0.447103    0.319894    0.538209   10.265253 v max_cap105/Z (gf180mcu_fd_sc_mcu9t5v0__clkbuf_16)
                                                         net105 (net)
                      0.320654    0.008838   10.274091 v _09589_/A2 (gf180mcu_fd_sc_mcu9t5v0__aoi21_1)
     5    0.038168    0.918542    0.608061   10.882153 ^ _09589_/ZN (gf180mcu_fd_sc_mcu9t5v0__aoi21_1)
                                                         _04383_ (net)
                      0.918542    0.000464   10.882616 ^ _09596_/A2 (gf180mcu_fd_sc_mcu9t5v0__oai221_1)
     2    0.011757    0.466547    0.338387   11.221004 v _09596_/ZN (gf180mcu_fd_sc_mcu9t5v0__oai221_1)
                                                         _04390_ (net)
                      0.466547    0.000091   11.221094 v _09597_/A2 (gf180mcu_fd_sc_mcu9t5v0__or2_1)
     1    0.007156    0.149560    0.424132   11.645226 v _09597_/Z (gf180mcu_fd_sc_mcu9t5v0__or2_1)
                                                         _04391_ (net)
                      0.149560    0.000015   11.645241 v _09605_/A3 (gf180mcu_fd_sc_mcu9t5v0__oai31_1)
     2    0.040364    1.369033    0.884108   12.529348 ^ _09605_/ZN (gf180mcu_fd_sc_mcu9t5v0__oai31_1)
                                                         _04399_ (net)
                      1.369035    0.002468   12.531816 ^ _09628_/A1 (gf180mcu_fd_sc_mcu9t5v0__aoi21_1)
     3    0.020337    0.500458    0.246360   12.778177 v _09628_/ZN (gf180mcu_fd_sc_mcu9t5v0__aoi21_1)
                                                         _04421_ (net)
                      0.500458    0.000137   12.778314 v _16111_/A3 (gf180mcu_fd_sc_mcu9t5v0__nor4_1)
     5    0.045555    2.012452    1.242254   14.020568 ^ _16111_/ZN (gf180mcu_fd_sc_mcu9t5v0__nor4_1)
                                                         _02546_ (net)
                      2.012452    0.000224   14.020792 ^ max_cap95/I (gf180mcu_fd_sc_mcu9t5v0__buf_2)
     6    0.053437    0.333521    0.352788   14.373580 ^ max_cap95/Z (gf180mcu_fd_sc_mcu9t5v0__buf_2)
                                                         net95 (net)
                      0.333522    0.000763   14.374343 ^ _16144_/S (gf180mcu_fd_sc_mcu9t5v0__mux2_1)
     1    0.012632    0.199675    0.333652   14.707995 ^ _16144_/Z (gf180mcu_fd_sc_mcu9t5v0__mux2_1)
                                                         _02579_ (net)
                      0.199675    0.000243   14.708239 ^ _16147_/A2 (gf180mcu_fd_sc_mcu9t5v0__aoi211_1)
     1    0.007084    0.430101    0.131477   14.839716 v _16147_/ZN (gf180mcu_fd_sc_mcu9t5v0__aoi211_1)
                                                         _02582_ (net)
                      0.430101    0.000014   14.839730 v _16148_/A3 (gf180mcu_fd_sc_mcu9t5v0__oai31_1)
     6    0.039708    1.361942    0.895877   15.735607 ^ _16148_/ZN (gf180mcu_fd_sc_mcu9t5v0__oai31_1)
                                                         _02583_ (net)
                      1.361942    0.000220   15.735827 ^ _16411_/B (gf180mcu_fd_sc_mcu9t5v0__oai211_1)
    11    0.117378    1.604834    1.116836   16.852663 v _16411_/ZN (gf180mcu_fd_sc_mcu9t5v0__oai211_1)
                                                         _02798_ (net)
                      1.604845    0.002300   16.854963 v _16581_/A1 (gf180mcu_fd_sc_mcu9t5v0__oai21_1)
    12    0.146116    2.917009    2.121693   18.976658 ^ _16581_/ZN (gf180mcu_fd_sc_mcu9t5v0__oai21_1)
                                                         _02904_ (net)
                      2.917009    0.001306   18.977962 ^ max_cap31/I (gf180mcu_fd_sc_mcu9t5v0__buf_4)
    11    0.147984    0.446299    0.357170   19.335133 ^ max_cap31/Z (gf180mcu_fd_sc_mcu9t5v0__buf_4)
                                                         net31 (net)
                      0.446411    0.005713   19.340845 ^ max_cap30/I (gf180mcu_fd_sc_mcu9t5v0__clkbuf_8)
    11    0.125232    0.203234    0.317906   19.658752 ^ max_cap30/Z (gf180mcu_fd_sc_mcu9t5v0__clkbuf_8)
                                                         net30 (net)
                      0.203317    0.006013   19.664764 ^ _17129_/S (gf180mcu_fd_sc_mcu9t5v0__mux2_1)
     1    0.004706    0.144065    0.420858   20.085623 v _17129_/Z (gf180mcu_fd_sc_mcu9t5v0__mux2_1)
                                                         _01496_ (net)
                      0.144065    0.000016   20.085638 v _18597_/D (gf180mcu_fd_sc_mcu9t5v0__dffq_1)
                                             20.085638   data arrival time

                                 20.000000   20.000000   clock core_clk (rise edge)
                                  0.000000   20.000000   clock source latency
     2    0.148906    0.000000    0.000000   20.000000 ^ clk (in)
                                                         clk (net)
                      0.034037    0.013923   20.013924 ^ clkbuf_regs_0_core_clk/I (gf180mcu_fd_sc_mcu9t5v0__clkbuf_16)
     1    0.046211    0.077861    0.164313   20.178236 ^ clkbuf_regs_0_core_clk/Z (gf180mcu_fd_sc_mcu9t5v0__clkbuf_16)
                                                         clk_regs (net)
                      0.077861    0.000334   20.178570 ^ clkbuf_0_clk_regs/I (gf180mcu_fd_sc_mcu9t5v0__clkbuf_16)
     8    0.270033    0.210498    0.257620   20.436190 ^ clkbuf_0_clk_regs/Z (gf180mcu_fd_sc_mcu9t5v0__clkbuf_16)
                                                         clknet_0_clk_regs (net)
                      0.210980    0.007931   20.444122 ^ clkbuf_3_4_0_clk_regs/I (gf180mcu_fd_sc_mcu9t5v0__clkbuf_8)
    12    0.401700    0.561015    0.490724   20.934845 ^ clkbuf_3_4_0_clk_regs/Z (gf180mcu_fd_sc_mcu9t5v0__clkbuf_8)
                                                         clknet_3_4_0_clk_regs (net)
                      0.561214    0.005933   20.940779 ^ clkbuf_leaf_71_clk_regs/I (gf180mcu_fd_sc_mcu9t5v0__clkbuf_8)
    23    0.148722    0.235982    0.354348   21.295126 ^ clkbuf_leaf_71_clk_regs/Z (gf180mcu_fd_sc_mcu9t5v0__clkbuf_8)
                                                         clknet_leaf_71_clk_regs (net)
                      0.235982    0.000123   21.295248 ^ _18597_/CLK (gf180mcu_fd_sc_mcu9t5v0__dffq_1)
                                  0.000000   21.295248   clock reconvergence pessimism
                                 -0.120542   21.174707   library setup time
                                             21.174707   data required time
---------------------------------------------------------------------------------------------
                                             21.174707   data required time
                                            -20.085638   data arrival time
---------------------------------------------------------------------------------------------
                                              1.089068   slack (MET)




===========================================================================
report_checks --slack_max -0.01
============================================================================
======================= nom_tt_025C_5v00 Corner ===================================

No paths found.


===========================================================================
 report_check_types -max_slew -max_cap -max_fanout -violators
============================================================================
======================= nom_tt_025C_5v00 Corner ===================================



===========================================================================
report_parasitic_annotation -report_unannotated
============================================================================
Found 89 unannotated drivers.
 clkload0/ZN
 clkload1/ZN
 clkload10/ZN
 clkload11/ZN
 clkload12/ZN
 clkload13/ZN
 clkload14/ZN
 clkload15/ZN
 clkload16/ZN
 clkload17/ZN
 clkload18/ZN
 clkload19/ZN
 clkload2/ZN
 clkload20/ZN
 clkload21/ZN
 clkload22/ZN
 clkload23/ZN
 clkload24/ZN
 clkload25/ZN
 clkload26/ZN
 clkload27/ZN
 clkload28/ZN
 clkload29/ZN
 clkload3/ZN
 clkload30/Z
 clkload31/ZN
 clkload32/Z
 clkload33/ZN
 clkload34/ZN
 clkload35/ZN
 clkload36/ZN
 clkload37/ZN
 clkload38/ZN
 clkload39/Z
 clkload4/ZN
 clkload40/ZN
 clkload41/ZN
 clkload42/ZN
 clkload43/ZN
 clkload44/ZN
 clkload45/ZN
 clkload46/ZN
 clkload47/ZN
 clkload48/ZN
 clkload49/ZN
 clkload5/ZN
 clkload50/ZN
 clkload51/ZN
 clkload52/ZN
 clkload53/ZN
 clkload54/ZN
 clkload55/ZN
 clkload56/ZN
 clkload57/ZN
 clkload58/ZN
 clkload59/Z
 clkload6/ZN
 clkload60/Z
 clkload61/ZN
 clkload62/ZN
 clkload63/ZN
 clkload64/ZN
 clkload65/ZN
 clkload66/ZN
 clkload67/ZN
 clkload68/ZN
 clkload69/Z
 clkload7/Z
 clkload70/ZN
 clkload71/ZN
 clkload72/Z
 clkload73/ZN
 clkload74/Z
 clkload75/ZN
 clkload76/Z
 clkload77/ZN
 clkload78/ZN
 clkload79/ZN
 clkload8/ZN
 clkload80/ZN
 clkload81/ZN
 clkload82/Z
 clkload83/ZN
 clkload84/ZN
 clkload85/ZN
 clkload86/ZN
 clkload87/ZN
 clkload88/ZN
 clkload9/Z
Found 0 partially unannotated drivers.

===========================================================================
max slew violation count 0
Writing metric design__max_slew_violation__count__corner:nom_tt_025C_5v00: 0
max fanout violation count 0
Writing metric design__max_fanout_violation__count__corner:nom_tt_025C_5v00: 0
max cap violation count 0
Writing metric design__max_cap_violation__count__corner:nom_tt_025C_5v00: 0
============================================================================

===========================================================================
check_setup -verbose -unconstrained_endpoints -multiple_clock -no_clock -no_input_delay -loops -generated_clocks
===========================================================================
