/foss/pdks/gf180mcuD/libs.tech/klayout/tech/drc/run_drc.py:729: DeprecationWarning: datetime.datetime.utcnow() is deprecated and scheduled for removal in a future version. Use timezone-aware objects to represent datetimes in UTC: datetime.datetime.now(datetime.UTC).
  now_str = datetime.utcnow().strftime("drc_run_%Y_%m_%d_%H_%M_%S")
30-Aug-2026 08:02:38 | INFO    | Your Klayout version is: KLayout 0.30.8
30-Aug-2026 08:02:38 | INFO    | ## Generating template with for the following rule tables: ['metal5.drc']
30-Aug-2026 08:02:38 | INFO    | ## Your run dir located at: /headless/aravindustries-repos/butterfold/butterfold_proto/physical/results/d03_ach_resized/klayout_rest/metal5
30-Aug-2026 08:02:38 | INFO    | Running Global Foundries 180nm MCU /headless/aravindustries-repos/butterfold/butterfold_proto/physical/results/d03_ach_resized/candidate/butterfold_top.gds checks on design metal5 on cell butterfold_top:
2026-08-30 08:02:39 +0200: Memory Usage (443572K) : Starting running GF180MCU Klayout DRC runset on /headless/aravindustries-repos/butterfold/butterfold_proto/physical/results/d03_ach_resized/candidate/butterfold_top.gds
2026-08-30 08:02:39 +0200: Memory Usage (443572K) : Ruby Version for klayout: 3.2.3
2026-08-30 08:02:40 +0200: Memory Usage (481436K) : Loading database to memory is complete.
2026-08-30 08:02:40 +0200: Memory Usage (481436K) : GF180MCU Klayout DRC runset output at: /headless/aravindustries-repos/butterfold/butterfold_proto/physical/results/d03_ach_resized/klayout_rest/metal5/butterfold_top_metal5.lyrdb
2026-08-30 08:02:40 +0200: Memory Usage (481648K) : Evaluate switches.
2026-08-30 08:02:40 +0200: Memory Usage (481648K) : table_name selected  metal5
2026-08-30 08:02:40 +0200: Memory Usage (481648K) : CONNECTIVITY_RULES enabled: false
2026-08-30 08:02:40 +0200: Memory Usage (481648K) : Wedge enabled: false
2026-08-30 08:02:40 +0200: Memory Usage (481648K) : Ball enabled: false
2026-08-30 08:02:40 +0200: Memory Usage (481648K) : Gold enabled: false
2026-08-30 08:02:40 +0200: Memory Usage (481648K) : MIM Option selected: B
2026-08-30 08:02:40 +0200: Memory Usage (481648K) : Offgrid enabled:  true
2026-08-30 08:02:40 +0200: Memory Usage (481648K) : Number of threads to use 4
2026-08-30 08:02:40 +0200: Memory Usage (481648K) : Verbose mode: false
2026-08-30 08:02:40 +0200: Memory Usage (481648K) : flat  mode is enabled for metal5 table
2026-08-30 08:02:40 +0200: Memory Usage (481648K) : METAL_TOP Selected is 11K
2026-08-30 08:02:40 +0200: Memory Usage (481648K) : METAL_STACK Selected is 5LM
2026-08-30 08:02:40 +0200: Memory Usage (481648K) : FEOL enabled: true
2026-08-30 08:02:40 +0200: Memory Usage (481648K) : BEOL enabled: true
2026-08-30 08:02:40 +0200: Memory Usage (481648K) : DUMMY enabled: false
2026-08-30 08:02:40 +0200: Memory Usage (481648K) : SLOW_VIA enabled: false
2026-08-30 08:02:40 +0200: Memory Usage (481648K) : Read in polygons from layers.
2026-08-30 08:02:40 +0200: Memory Usage (502680K) : comp has 103373 polygons
2026-08-30 08:02:40 +0200: Memory Usage (502680K) : dnwell has 0 polygons
2026-08-30 08:02:40 +0200: Memory Usage (522568K) : nwell has 366 polygons
2026-08-30 08:02:40 +0200: Memory Usage (522568K) : lvpwell has 251 polygons
2026-08-30 08:02:41 +0200: Memory Usage (524856K) : dualgate has 3 polygons
2026-08-30 08:02:41 +0200: Memory Usage (526672K) : poly2 has 124735 polygons
2026-08-30 08:02:42 +0200: Memory Usage (541280K) : nplus has 1361 polygons
2026-08-30 08:02:42 +0200: Memory Usage (541280K) : pplus has 6684 polygons
2026-08-30 08:02:42 +0200: Memory Usage (541280K) : sab has 0 polygons
2026-08-30 08:02:42 +0200: Memory Usage (541280K) : esd has 0 polygons
2026-08-30 08:02:42 +0200: Memory Usage (541280K) : resistor has 0 polygons
2026-08-30 08:02:42 +0200: Memory Usage (541280K) : fhres has 0 polygons
2026-08-30 08:02:42 +0200: Memory Usage (541280K) : fusetop has 0 polygons
2026-08-30 08:02:42 +0200: Memory Usage (541280K) : fusewindow_d has 0 polygons
2026-08-30 08:02:42 +0200: Memory Usage (541280K) : polyfuse has 0 polygons
2026-08-30 08:02:42 +0200: Memory Usage (541280K) : mvsd has 0 polygons
2026-08-30 08:02:42 +0200: Memory Usage (541280K) : mvpsd has 0 polygons
2026-08-30 08:02:42 +0200: Memory Usage (541280K) : nat has 0 polygons
2026-08-30 08:02:42 +0200: Memory Usage (541280K) : comp_dummy has 0 polygons
2026-08-30 08:02:42 +0200: Memory Usage (541280K) : poly2_dummy has 0 polygons
2026-08-30 08:02:42 +0200: Memory Usage (541280K) : schottky_diode has 0 polygons
2026-08-30 08:02:42 +0200: Memory Usage (541280K) : zener has 0 polygons
2026-08-30 08:02:42 +0200: Memory Usage (541280K) : res_mk has 0 polygons
2026-08-30 08:02:42 +0200: Memory Usage (541280K) : opc_drc has 0 polygons
2026-08-30 08:02:42 +0200: Memory Usage (541280K) : v5_xtor has 3 polygons
2026-08-30 08:02:42 +0200: Memory Usage (541280K) : cap_mk has 0 polygons
2026-08-30 08:02:42 +0200: Memory Usage (541280K) : mos_cap_mk has 0 polygons
2026-08-30 08:02:42 +0200: Memory Usage (541280K) : ind_mk has 0 polygons
2026-08-30 08:02:42 +0200: Memory Usage (541280K) : diode_mk has 7 polygons
2026-08-30 08:02:42 +0200: Memory Usage (541280K) : drc_bjt has 0 polygons
2026-08-30 08:02:42 +0200: Memory Usage (541280K) : lvs_bjt has 0 polygons
2026-08-30 08:02:42 +0200: Memory Usage (541280K) : mim_l_mk has 0 polygons
2026-08-30 08:02:42 +0200: Memory Usage (541280K) : latchup_mk has 0 polygons
2026-08-30 08:02:42 +0200: Memory Usage (541280K) : guard_ring_mk has 0 polygons
2026-08-30 08:02:42 +0200: Memory Usage (541280K) : otp_mk has 0 polygons
2026-08-30 08:02:42 +0200: Memory Usage (541280K) : mtpmark has 0 polygons
2026-08-30 08:02:42 +0200: Memory Usage (541280K) : neo_ee_mk has 0 polygons
2026-08-30 08:02:42 +0200: Memory Usage (541280K) : sramcore has 4 polygons
2026-08-30 08:02:42 +0200: Memory Usage (541280K) : lvs_rf has 0 polygons
2026-08-30 08:02:42 +0200: Memory Usage (541280K) : lvs_drain has 0 polygons
2026-08-30 08:02:42 +0200: Memory Usage (541280K) : ind_mk has 0 polygons
2026-08-30 08:02:42 +0200: Memory Usage (541280K) : hvpolyrs has 0 polygons
2026-08-30 08:02:42 +0200: Memory Usage (541280K) : lvs_io has 0 polygons
2026-08-30 08:02:42 +0200: Memory Usage (541280K) : probe_mk has 0 polygons
2026-08-30 08:02:42 +0200: Memory Usage (541280K) : esd_mk has 0 polygons
2026-08-30 08:02:42 +0200: Memory Usage (541280K) : lvs_source has 0 polygons
2026-08-30 08:02:42 +0200: Memory Usage (541280K) : well_diode_mk has 0 polygons
2026-08-30 08:02:42 +0200: Memory Usage (541280K) : ldmos_xtor has 0 polygons
2026-08-30 08:02:42 +0200: Memory Usage (541280K) : plfuse has 0 polygons
2026-08-30 08:02:42 +0200: Memory Usage (541280K) : efuse_mk has 0 polygons
2026-08-30 08:02:42 +0200: Memory Usage (541280K) : mcell_feol_mk has 0 polygons
2026-08-30 08:02:42 +0200: Memory Usage (541280K) : ymtp_mk has 0 polygons
2026-08-30 08:02:42 +0200: Memory Usage (541280K) : dev_wf_mk has 0 polygons
2026-08-30 08:02:42 +0200: Memory Usage (541280K) : comp_label has 0 polygons
2026-08-30 08:02:42 +0200: Memory Usage (541280K) : poly2_label has 0 polygons
2026-08-30 08:02:42 +0200: Memory Usage (541280K) : mdiode has 0 polygons
2026-08-30 08:02:42 +0200: Memory Usage (541280K) : ndmy has 0 polygons
2026-08-30 08:02:42 +0200: Memory Usage (541280K) : pmndmy has 0 polygons
2026-08-30 08:02:45 +0200: Memory Usage (567404K) : metal1_drawn has 144727 polygons
2026-08-30 08:02:45 +0200: Memory Usage (567404K) : metal1_dummy has 0 polygons
2026-08-30 08:02:45 +0200: Memory Usage (567404K) : metal1_label has 0 polygons
2026-08-30 08:02:45 +0200: Memory Usage (567404K) : metal1_slot has 0 polygons
2026-08-30 08:02:45 +0200: Memory Usage (567404K) : metal1_blk has 0 polygons
2026-08-30 08:02:45 +0200: Memory Usage (579724K) : metal2_drawn has 47829 polygons
2026-08-30 08:02:45 +0200: Memory Usage (579724K) : metal2_dummy has 0 polygons
2026-08-30 08:02:45 +0200: Memory Usage (579724K) : metal2_label has 33 polygons
2026-08-30 08:02:45 +0200: Memory Usage (579724K) : metal2_slot has 0 polygons
2026-08-30 08:02:45 +0200: Memory Usage (579724K) : metal2_blk has 0 polygons
2026-08-30 08:02:45 +0200: Memory Usage (579724K) : metal3_drawn has 22045 polygons
2026-08-30 08:02:45 +0200: Memory Usage (579724K) : metal3_dummy has 0 polygons
2026-08-30 08:02:45 +0200: Memory Usage (579724K) : metal3_label has 0 polygons
2026-08-30 08:02:45 +0200: Memory Usage (579724K) : metal3_slot has 0 polygons
2026-08-30 08:02:45 +0200: Memory Usage (579724K) : metal3_blk has 0 polygons
2026-08-30 08:02:45 +0200: Memory Usage (579724K) : via3 has 7812 polygons
2026-08-30 08:02:45 +0200: Memory Usage (579724K) : metal4_drawn has 1548 polygons
2026-08-30 08:02:45 +0200: Memory Usage (579724K) : metal4_dummy has 0 polygons
2026-08-30 08:02:45 +0200: Memory Usage (579724K) : metal4_label has 0 polygons
2026-08-30 08:02:45 +0200: Memory Usage (579724K) : metal4_slot has 0 polygons
2026-08-30 08:02:45 +0200: Memory Usage (579724K) : metal4_blk has 0 polygons
2026-08-30 08:02:45 +0200: Memory Usage (579724K) : via4 has 1623 polygons
2026-08-30 08:02:45 +0200: Memory Usage (579724K) : metal5_drawn has 315 polygons
2026-08-30 08:02:45 +0200: Memory Usage (579724K) : metal5_dummy has 0 polygons
2026-08-30 08:02:45 +0200: Memory Usage (579724K) : metal5_label has 0 polygons
2026-08-30 08:02:45 +0200: Memory Usage (579724K) : metal5_slot has 0 polygons
2026-08-30 08:02:45 +0200: Memory Usage (579724K) : metal5_blk has 0 polygons
2026-08-30 08:02:45 +0200: Memory Usage (579724K) : pad has 0 polygons
2026-08-30 08:02:45 +0200: Memory Usage (579724K) : ubmpperi has 0 polygons
2026-08-30 08:02:45 +0200: Memory Usage (579724K) : ubmparray has 0 polygons
2026-08-30 08:02:45 +0200: Memory Usage (579724K) : ubmeplate has 0 polygons
2026-08-30 08:02:45 +0200: Memory Usage (579724K) : metal1_res has 0 polygons
2026-08-30 08:02:45 +0200: Memory Usage (579724K) : metal2_res has 0 polygons
2026-08-30 08:02:45 +0200: Memory Usage (579724K) : metal3_res has 0 polygons
2026-08-30 08:02:45 +0200: Memory Usage (579724K) : metal4_res has 0 polygons
2026-08-30 08:02:45 +0200: Memory Usage (579724K) : metal5_res has 0 polygons
2026-08-30 08:02:45 +0200: Memory Usage (579724K) : metal6_res has 0 polygons
2026-08-30 08:02:46 +0200: Memory Usage (579724K) : pr_bndry has 1 polygons
2026-08-30 08:02:46 +0200: Memory Usage (579724K) : border has 0 polygons
2026-08-30 08:02:46 +0200: Memory Usage (579724K) : Total no. of polygons in the design is 462720
2026-08-30 08:02:46 +0200: Memory Usage (579724K) : Starting deriving base layers.
2026-08-30 08:02:53 +0200: Memory Usage (742096K) : Total area of the design is 1859250.0 um^2.
2026-08-30 08:02:53 +0200: Memory Usage (742096K) : Starting GF180MCU DRC rules.
2026-08-30 08:02:53 +0200: Memory Usage (742096K) : Running all FEOL rules
2026-08-30 08:02:53 +0200: Memory Usage (742096K) : Running all BEOL rules
2026-08-30 08:02:53 +0200: Memory Usage (742096K) : metal5 DRC Total Run time 13.935557502 seconds
30-Aug-2026 08:02:54 | INFO    | Klayout DRC run is clean. GDS has no DRC violations.
