Reading timing models for corner nom_tt_025C_5v00…
Reading timing library for the 'nom_tt_025C_5v00' corner at '/foss/pdks/gf180mcuD/libs.ref/gf180mcu_fd_sc_mcu9t5v0/lib/gf180mcu_fd_sc_mcu9t5v0__tt_025C_5v00.lib'…
Reading timing library for the 'nom_tt_025C_5v00' corner at '/foss/pdks/gf180mcuD/libs.ref/gf180mcu_fd_ip_sram/lib/gf180mcu_fd_ip_sram__sram256x8m8wm1__tt_025C_5v00.lib'…
Reading OpenROAD database at '/headless/aravindustries-repos/butterfold/butterfold_proto/physical/librelane/runs/butterfold_top_nw_pins_38p4_9t_c/22-odb-customioplacement/butterfold_top.odb'…
Reading design constraints file at '/headless/aravindustries-repos/butterfold/butterfold_proto/physical/constraints.sdc'…
[INFO] No information on clock propagation in input SDC file-- propagating all clocks.
[INFO] Setting signal min routing layer to: Metal2 and clock min routing layer to Metal2. 
[INFO] Setting signal max routing layer to: Metal5 and clock max routing layer to Metal5. 
+ global_placement -density 0.65 -routability_driven -pad_right 1 -pad_left 1 -init_wirelength_coef 0.25
[INFO GPL-0001] ---- Initialize GPL Main Data Structures
[INFO GPL-0002] DBU: 2000
[INFO GPL-0003] SiteSize: (  0.560  5.040 ) um
[INFO GPL-0004] CoreBBox: (  6.720 20.160 ) ( 1085.840 1098.720 ) um
[INFO GPL-0036] Movable instances area:     467200.339 um^2
[INFO GPL-0037] Total instances area:       791482.810 um^2
[INFO GPL-0035] Pin density area adjust:     52305.886 um^2
[INFO GPL-0032] ---- Initialize Region: Top-level
[INFO GPL-0006] Number of instances:             15590
[INFO GPL-0007] Movable instances:               11124
[INFO GPL-0008] Fixed instances:                  4182
[INFO GPL-0009] Dummy instances:                   284
[INFO GPL-0010] Number of nets:                  11151
[INFO GPL-0011] Number of pins:                  41560
[INFO GPL-0012] Die BBox:  (  0.000  0.000 ) ( 1092.660 1119.540 ) um
[INFO GPL-0013] Core BBox: (  6.720 20.160 ) ( 1085.840 1098.720 ) um
[INFO GPL-0016] Core area:                  1163895.667 um^2
[INFO GPL-0014] Region name: top-level.
[INFO GPL-0015] Region area:                1163895.667 um^2
[INFO GPL-0017] Fixed instances area:       356548.147 um^2
[INFO GPL-0018] Movable instances area:     519506.225 um^2
[INFO GPL-0019] Utilization:                    64.347 %
[INFO GPL-0020] Standard cells area:        519506.225 um^2
[INFO GPL-0021] Large instances area:            0.000 um^2
[INFO GPL-0005] ---- Execute Conjugate Gradient Initial Placement.
[INFO GPL-0051] Source of initial instance position counters:
	Odb location = 0	Core center = 11124	Region center = 0
[InitialPlace]  Iter: 1 conjugate gradient residual: 0.00114396 HPWL: 567890360
[InitialPlace]  Iter: 2 conjugate gradient residual: 0.00091510 HPWL: 481324450
[InitialPlace]  Iter: 3 conjugate gradient residual: 0.00058987 HPWL: 472965992
[InitialPlace]  Iter: 4 conjugate gradient residual: 0.00037231 HPWL: 473537156
[InitialPlace]  Iter: 5 conjugate gradient residual: 0.00036236 HPWL: 473536660
[InitialPlace]  Iter: 6 conjugate gradient residual: 0.00095156 HPWL: 473816703
[InitialPlace]  Iter: 7 conjugate gradient residual: 0.00067281 HPWL: 473520278
[InitialPlace]  Iter: 8 conjugate gradient residual: 0.00081851 HPWL: 473724357
[InitialPlace]  Iter: 9 conjugate gradient residual: 0.00069045 HPWL: 473397724
[InitialPlace]  Iter: 10 conjugate gradient residual: 0.00052470 HPWL: 473501410
[InitialPlace]  Iter: 11 conjugate gradient residual: 0.00047367 HPWL: 473185006
[InitialPlace]  Iter: 12 conjugate gradient residual: 0.00062435 HPWL: 473280285
[InitialPlace]  Iter: 13 conjugate gradient residual: 0.00079264 HPWL: 473029600
[InitialPlace]  Iter: 14 conjugate gradient residual: 0.00066941 HPWL: 473415481
[InitialPlace]  Iter: 15 conjugate gradient residual: 0.00023405 HPWL: 473320117
[InitialPlace]  Iter: 16 conjugate gradient residual: 0.00019013 HPWL: 473684811
[InitialPlace]  Iter: 17 conjugate gradient residual: 0.00044776 HPWL: 473597076
[InitialPlace]  Iter: 18 conjugate gradient residual: 0.00056728 HPWL: 473597264
[InitialPlace]  Iter: 19 conjugate gradient residual: 0.00011089 HPWL: 473565666
[InitialPlace]  Iter: 20 conjugate gradient residual: 0.00011660 HPWL: 473900182
[INFO GPL-0033] ---- Initialize Nesterov Region: Top-level
[INFO GPL-0023] Placement target density:       0.6500
[INFO GPL-0024] Movable insts average area:     46.701 um^2
[INFO GPL-0025] Ideal bin area:                 71.848 um^2
[INFO GPL-0026] Ideal bin count:                 16199
[INFO GPL-0027] Total bin area:             1163895.667 um^2
[INFO GPL-0028] Bin count (X, Y):          64 ,     64
[INFO GPL-0029] Bin size (W * H):      16.861 * 16.852 um
[INFO GPL-0030] Number of bins:                   4096
[INFO GPL-0007] ---- Execute Nesterov Global Placement.
[INFO GPL-0031] HPWL: Half-Perimeter Wirelength
Iteration | Overflow |     HPWL (um) |  HPWL(%) |   Penalty | Group
---------------------------------------------------------------
        0 |   0.9985 |  6.451447e+04 |   +0.00% |  4.00e-17 |      
       10 |   0.9980 |  8.250527e+04 |  +27.89% |  6.50e-17 |      
       20 |   0.9979 |  8.833351e+04 |   +7.06% |  1.06e-16 |      
       30 |   0.9980 |  9.068978e+04 |   +2.67% |  1.72e-16 |      
       40 |   0.9986 |  9.160412e+04 |   +1.01% |  2.80e-16 |      
       50 |   0.9987 |  9.203670e+04 |   +0.47% |  4.57e-16 |      
       60 |   0.9988 |  9.241253e+04 |   +0.41% |  7.44e-16 |      
       70 |   0.9989 |  9.267911e+04 |   +0.29% |  1.21e-15 |      
       80 |   0.9989 |  9.291148e+04 |   +0.25% |  1.97e-15 |      
       90 |   0.9990 |  9.327945e+04 |   +0.40% |  3.21e-15 |      
      100 |   0.9990 |  9.386831e+04 |   +0.63% |  5.23e-15 |      
      110 |   0.9991 |  9.496807e+04 |   +1.17% |  8.52e-15 |      
      120 |   0.9991 |  9.687744e+04 |   +2.01% |  1.39e-14 |      
      130 |   0.9991 |  1.004457e+05 |   +3.68% |  2.26e-14 |      
      140 |   0.9991 |  1.069518e+05 |   +6.48% |  3.67e-14 |      
      150 |   0.9990 |  1.176052e+05 |   +9.96% |  5.97e-14 |      
      160 |   0.9971 |  1.323169e+05 |  +12.51% |  9.70e-14 |      
      170 |   0.9925 |  1.499071e+05 |  +13.29% |  1.57e-13 |      
      180 |   0.9837 |  1.708527e+05 |  +13.97% |  2.55e-13 |      
      190 |   0.9701 |  1.965964e+05 |  +15.07% |  4.13e-13 |      
      200 |   0.9503 |  2.270994e+05 |  +15.52% |  6.69e-13 |      
      210 |   0.9190 |  2.613949e+05 |  +15.10% |  1.08e-12 |      
      220 |   0.8779 |  2.948831e+05 |  +12.81% |  1.75e-12 |      
      230 |   0.8292 |  3.262464e+05 |  +10.64% |  2.83e-12 |      
      240 |   0.7867 |  3.508091e+05 |   +7.53% |  4.58e-12 |      
      250 |   0.7522 |  3.739080e+05 |   +6.58% |  7.43e-12 |      
      260 |   0.7016 |  4.062744e+05 |   +8.66% |  1.20e-11 |      
      270 |   0.6572 |  4.425964e+05 |   +8.94% |  1.94e-11 |      
      280 |   0.6190 |  4.782179e+05 |   +8.05% |  3.14e-11 |      
[INFO GPL-0038] Routability snapshot saved at iter = 287
      286 |   0.5986 |  4.985459e+05 |          |           |      
      290 |   0.5834 |  5.138506e+05 |   +7.45% |  5.07e-11 |      
      300 |   0.5258 |  5.521696e+05 |   +7.46% |  8.19e-11 |      
      310 |   0.4753 |  5.654117e+05 |   +2.40% |  1.33e-10 |      
      320 |   0.4358 |  5.779549e+05 |   +2.22% |  2.16e-10 |      
      330 |   0.4030 |  6.070272e+05 |   +5.03% |  3.50e-10 |      
      340 |   0.3624 |  6.240971e+05 |   +2.81% |  5.67e-10 |      
      350 |   0.3310 |  6.346388e+05 |   +1.69% |  9.04e-10 |      
      360 |   0.3040 |  6.309125e+05 |   -0.59% |  1.33e-09 |      
[INFO GPL-0040] Routability iteration: 1
[WARNING GRT-0281] Net clk has a large fanout of 1996 terminals.
[WARNING GRT-0281] Net rst_n has a large fanout of 1461 terminals.
[INFO GPL-0041] Total routing overflow: 0.0956
[INFO GPL-0042] Number of overflowed tiles: 2 (0.01%)
[INFO GPL-0043] Average top 0.5% routing congestion: 0.8834
[INFO GPL-0044] Average top 1.0% routing congestion: 0.8523
[INFO GPL-0045] Average top 2.0% routing congestion: 0.8231
[INFO GPL-0046] Average top 5.0% routing congestion: 0.7885
[INFO GPL-0047] Routability iteration weighted routing congestion: 0.8679
[INFO GPL-0050] Weighted routing congestion is lower than target routing congestion(1.0100), end routability optimization.
[INFO GPL-0090] Routability finished. Target routing congestion achieved succesfully.
Iteration | Overflow |     HPWL (um) |  HPWL(%) |   Penalty | Group
---------------------------------------------------------------
      370 |   0.2680 |  6.288495e+05 |   -0.33% |  1.96e-09 |      
      380 |   0.2371 |  6.255669e+05 |   -0.52% |  2.89e-09 |      
      390 |   0.2063 |  6.256651e+05 |   +0.02% |  4.25e-09 |      
      400 |   0.1754 |  6.247365e+05 |   -0.15% |  6.26e-09 |      
      410 |   0.1496 |  6.220205e+05 |   -0.43% |  9.23e-09 |      
      420 |   0.1254 |  6.215116e+05 |   -0.08% |  1.36e-08 |      
      430 |   0.1059 |  6.214176e+05 |   -0.02% |  2.00e-08 |      
      434 |   0.0987 |  6.209936e+05 |          |  2.43e-08 |      
---------------------------------------------------------------
[INFO GPL-1001] Global placement finished at iteration 434
[INFO GPL-1003] Routability mode iteration count: 75
[INFO GPL-1005] Routability final weighted congestion: 0.8058
[INFO GPL-1002] Placed Cell Area            519506.2248
[INFO GPL-1003] Available Free Area         807347.5200
[INFO GPL-1004] Minimum Feasible Density        0.6500 (cell_area / free_area)
[INFO GPL-1006]   Suggested Target Densities:
[INFO GPL-1007]     - For 90% usage of free space: 0.7150
[INFO GPL-1008]     - For 80% usage of free space: 0.8043
[INFO GPL-1011] Original area (um^2): 519506.22
[INFO GPL-1012] Total routability artificial inflation: 0.00 (+0.00%)
[INFO GPL-1014] Final placement area: 519506.22 (+0.00%)
Setting global connections for newly added cells…
[INFO] Setting global connections...
.*u_lo.*u_sram matched with u_transform_scheduler_core.u_fft_scratch_sram.u_lo.u_sram
.*u_hi.*u_sram matched with u_transform_scheduler_core.u_fft_scratch_sram.u_hi.u_sram
[INFO ODB-0403] 0 connections made, 0 conflicts skipped.
Updating metrics…
Cell type report:                       Count       Area
  Macro                                     2  294424.87
  Endcap cell                             720    4064.26
  Tap cell                               4180   23595.26
  Buffer                                   32    1264.44
  Inverter                                492    5588.35
  Sequential cell                        1993  173984.03
  Multi-Input combinational cell         8607  223570.77
  Total                                 16026  726491.98
Writing OpenROAD database to '/headless/aravindustries-repos/butterfold/butterfold_proto/physical/librelane/runs/butterfold_top_nw_pins_38p4_9t_c/23-openroad-globalplacement/butterfold_top.odb'…
Writing netlist to '/headless/aravindustries-repos/butterfold/butterfold_proto/physical/librelane/runs/butterfold_top_nw_pins_38p4_9t_c/23-openroad-globalplacement/butterfold_top.nl.v'…
Writing powered netlist to '/headless/aravindustries-repos/butterfold/butterfold_proto/physical/librelane/runs/butterfold_top_nw_pins_38p4_9t_c/23-openroad-globalplacement/butterfold_top.pnl.v'…
Writing layout to '/headless/aravindustries-repos/butterfold/butterfold_proto/physical/librelane/runs/butterfold_top_nw_pins_38p4_9t_c/23-openroad-globalplacement/butterfold_top.def'…
Writing timing constraints to '/headless/aravindustries-repos/butterfold/butterfold_proto/physical/librelane/runs/butterfold_top_nw_pins_38p4_9t_c/23-openroad-globalplacement/butterfold_top.sdc'…
