
===========================================================================
report_checks -unconstrained
===========================================================================
======================= nom_tt_025C_5v00 Corner ===================================

Startpoint: rst_n (input port clocked by clk)
Endpoint: _21089_ (recovery check against rising-edge clock clk)
Path Group: asynchronous
Path Type: max

Fanout         Cap        Slew       Delay        Time   Description
---------------------------------------------------------------------------------------------
                                  0.000000    0.000000   clock clk (rise edge)
                                  0.000000    0.000000   clock network delay (propagated)
                                  6.000000    6.000000 ^ input external delay
     2    0.004765    0.125923    0.047152    6.047152 ^ rst_n (in)
                                                         rst_n (net)
                      0.125923    0.000000    6.047152 ^ input10/I (gf180mcu_fd_sc_mcu7t5v0__dlyb_1)
     6    0.112519    1.850073    1.872614    7.919765 ^ input10/Z (gf180mcu_fd_sc_mcu7t5v0__dlyb_1)
                                                         net10 (net)
                      1.850125    0.005592    7.925357 ^ fanout1628/I (gf180mcu_fd_sc_mcu7t5v0__dlyb_1)
     7    0.081879    1.361092    1.575247    9.500604 ^ fanout1628/Z (gf180mcu_fd_sc_mcu7t5v0__dlyb_1)
                                                         net1628 (net)
                      1.361141    0.004600    9.505204 ^ fanout1603/I (gf180mcu_fd_sc_mcu7t5v0__dlyb_1)
     5    0.047693    0.817131    1.289625   10.794829 ^ fanout1603/Z (gf180mcu_fd_sc_mcu7t5v0__dlyb_1)
                                                         net1603 (net)
                      0.817131    0.000663   10.795492 ^ fanout1602/I (gf180mcu_fd_sc_mcu7t5v0__dlyb_1)
     5    0.046419    0.796944    1.295908   12.091400 ^ fanout1602/Z (gf180mcu_fd_sc_mcu7t5v0__dlyb_1)
                                                         net1602 (net)
                      0.796962    0.002137   12.093537 ^ fanout1595/I (gf180mcu_fd_sc_mcu7t5v0__dlyb_1)
    10    0.087796    1.456643    1.678725   13.772262 ^ fanout1595/Z (gf180mcu_fd_sc_mcu7t5v0__dlyb_1)
                                                         net1595 (net)
                      1.456649    0.001551   13.773812 ^ fanout1594/I (gf180mcu_fd_sc_mcu7t5v0__dlyb_1)
    10    0.091862    1.521646    1.691939   15.465752 ^ fanout1594/Z (gf180mcu_fd_sc_mcu7t5v0__dlyb_1)
                                                         net1594 (net)
                      1.521660    0.002672   15.468424 ^ fanout1593/I (gf180mcu_fd_sc_mcu7t5v0__dlyb_1)
    10    0.089421    1.483019    1.667745   17.136169 ^ fanout1593/Z (gf180mcu_fd_sc_mcu7t5v0__dlyb_1)
                                                         net1593 (net)
                      1.483045    0.003460   17.139629 ^ _21089_/RN (gf180mcu_fd_sc_mcu7t5v0__dffrnq_1)
                                             17.139629   data arrival time

                                 30.000000   30.000000   clock clk (rise edge)
                                  0.000000   30.000000   clock source latency
     4    0.140623    0.588980    0.347477   30.347477 ^ clk (in)
                                                         clk (net)
                      0.593302    0.000000   30.347477 ^ clkbuf_regs_0_clk/I (gf180mcu_fd_sc_mcu7t5v0__clkbuf_16)
     1    0.024922    0.105485    0.321116   30.668592 ^ clkbuf_regs_0_clk/Z (gf180mcu_fd_sc_mcu7t5v0__clkbuf_16)
                                                         clk_regs (net)
                      0.105486    0.000650   30.669243 ^ clkbuf_0_clk_regs/I (gf180mcu_fd_sc_mcu7t5v0__clkbuf_16)
     4    0.147124    0.198647    0.303903   30.973145 ^ clkbuf_0_clk_regs/Z (gf180mcu_fd_sc_mcu7t5v0__clkbuf_16)
                                                         clknet_0_clk_regs (net)
                      0.198865    0.009155   30.982300 ^ clkbuf_2_2_0_clk_regs/I (gf180mcu_fd_sc_mcu7t5v0__clkbuf_8)
    16    0.279601    0.588217    0.546269   31.528568 ^ clkbuf_2_2_0_clk_regs/Z (gf180mcu_fd_sc_mcu7t5v0__clkbuf_8)
                                                         clknet_2_2_0_clk_regs (net)
                      0.588703    0.008473   31.537043 ^ clkbuf_6_36_0_clk_regs/I (gf180mcu_fd_sc_mcu7t5v0__clkbuf_8)
     6    0.087722    0.231687    0.408608   31.945650 ^ clkbuf_6_36_0_clk_regs/Z (gf180mcu_fd_sc_mcu7t5v0__clkbuf_8)
                                                         clknet_6_36_0_clk_regs (net)
                      0.231689    0.001538   31.947189 ^ clkbuf_leaf_225_clk_regs/I (gf180mcu_fd_sc_mcu7t5v0__clkbuf_8)
     4    0.037836    0.135892    0.282220   32.229408 ^ clkbuf_leaf_225_clk_regs/Z (gf180mcu_fd_sc_mcu7t5v0__clkbuf_8)
                                                         clknet_leaf_225_clk_regs (net)
                      0.135892    0.000245   32.229656 ^ _21089_/CLK (gf180mcu_fd_sc_mcu7t5v0__dffrnq_1)
                                 -0.250000   31.979654   clock uncertainty
                                  0.000000   31.979654   clock reconvergence pessimism
                                 -0.113826   31.865828   library recovery time
                                             31.865828   data required time
---------------------------------------------------------------------------------------------
                                             31.865828   data required time
                                            -17.139629   data arrival time
---------------------------------------------------------------------------------------------
                                             14.726199   slack (MET)


Startpoint: _20660_ (rising edge-triggered flip-flop clocked by clk)
Endpoint: dout[6] (output port clocked by clk)
Path Group: clk
Path Type: max

Fanout         Cap        Slew       Delay        Time   Description
---------------------------------------------------------------------------------------------
                                  0.000000    0.000000   clock clk (rise edge)
                                  0.000000    0.000000   clock source latency
     4    0.140623    0.588980    0.347475    0.347475 ^ clk (in)
                                                         clk (net)
                      0.593302    0.000000    0.347475 ^ clkbuf_regs_0_clk/I (gf180mcu_fd_sc_mcu7t5v0__clkbuf_16)
     1    0.024922    0.105485    0.321118    0.668593 ^ clkbuf_regs_0_clk/Z (gf180mcu_fd_sc_mcu7t5v0__clkbuf_16)
                                                         clk_regs (net)
                      0.105486    0.000648    0.669241 ^ clkbuf_0_clk_regs/I (gf180mcu_fd_sc_mcu7t5v0__clkbuf_16)
     4    0.147124    0.198647    0.303905    0.973146 ^ clkbuf_0_clk_regs/Z (gf180mcu_fd_sc_mcu7t5v0__clkbuf_16)
                                                         clknet_0_clk_regs (net)
                      0.198853    0.008879    0.982025 ^ clkbuf_2_0_0_clk_regs/I (gf180mcu_fd_sc_mcu7t5v0__clkbuf_8)
    16    0.292392    0.618381    0.567904    1.549929 ^ clkbuf_2_0_0_clk_regs/Z (gf180mcu_fd_sc_mcu7t5v0__clkbuf_8)
                                                         clknet_2_0_0_clk_regs (net)
                      0.619270    0.013252    1.563181 ^ clkbuf_6_15_0_clk_regs/I (gf180mcu_fd_sc_mcu7t5v0__clkbuf_8)
     6    0.089975    0.236313    0.416143    1.979323 ^ clkbuf_6_15_0_clk_regs/Z (gf180mcu_fd_sc_mcu7t5v0__clkbuf_8)
                                                         clknet_6_15_0_clk_regs (net)
                      0.236315    0.001597    1.980920 ^ clkbuf_leaf_129_clk_regs/I (gf180mcu_fd_sc_mcu7t5v0__clkbuf_8)
    10    0.047521    0.152342    0.296098    2.277018 ^ clkbuf_leaf_129_clk_regs/Z (gf180mcu_fd_sc_mcu7t5v0__clkbuf_8)
                                                         clknet_leaf_129_clk_regs (net)
                      0.152343    0.000604    2.277622 ^ _20660_/CLK (gf180mcu_fd_sc_mcu7t5v0__dffrnq_2)
     7    0.038134    0.380383    1.065788    3.343409 ^ _20660_/Q (gf180mcu_fd_sc_mcu7t5v0__dffrnq_2)
                                                         u_transform_scheduler_core.result_meta_read_pointer[1] (net)
                      0.380383    0.000612    3.344021 ^ _10546_/A2 (gf180mcu_fd_sc_mcu7t5v0__nor2_1)
     2    0.012488    0.284297    0.239968    3.583989 v _10546_/ZN (gf180mcu_fd_sc_mcu7t5v0__nor2_1)
                                                         _05206_ (net)
                      0.284297    0.000200    3.584189 v _11031_/A2 (gf180mcu_fd_sc_mcu7t5v0__nand2_1)
     1    0.007526    0.244508    0.223589    3.807778 ^ _11031_/ZN (gf180mcu_fd_sc_mcu7t5v0__nand2_1)
                                                         _05639_ (net)
                      0.244508    0.000177    3.807955 ^ _11032_/A3 (gf180mcu_fd_sc_mcu7t5v0__nand3_1)
     2    0.015388    0.401243    0.286899    4.094853 v _11032_/ZN (gf180mcu_fd_sc_mcu7t5v0__nand3_1)
                                                         _05640_ (net)
                      0.401243    0.000490    4.095343 v _11033_/A2 (gf180mcu_fd_sc_mcu7t5v0__and2_1)
     4    0.043130    0.454507    0.599681    4.695024 v _11033_/Z (gf180mcu_fd_sc_mcu7t5v0__and2_1)
                                                         _05641_ (net)
                      0.454507    0.000448    4.695472 v fanout864/I (gf180mcu_fd_sc_mcu7t5v0__dlyb_1)
     6    0.045283    0.563241    1.416434    6.111906 v fanout864/Z (gf180mcu_fd_sc_mcu7t5v0__dlyb_1)
                                                         net864 (net)
                      0.563246    0.001136    6.113042 v fanout863/I (gf180mcu_fd_sc_mcu7t5v0__dlyb_1)
     6    0.048398    0.589880    1.475862    7.588904 v fanout863/Z (gf180mcu_fd_sc_mcu7t5v0__dlyb_1)
                                                         net863 (net)
                      0.589882    0.000880    7.589784 v fanout861/I (gf180mcu_fd_sc_mcu7t5v0__dlyb_1)
    10    0.058550    0.677842    1.553751    9.143535 v fanout861/Z (gf180mcu_fd_sc_mcu7t5v0__dlyb_1)
                                                         net861 (net)
                      0.677844    0.001096    9.144631 v _11401_/A2 (gf180mcu_fd_sc_mcu7t5v0__nand2_1)
     2    0.009605    0.350909    0.354774    9.499405 ^ _11401_/ZN (gf180mcu_fd_sc_mcu7t5v0__nand2_1)
                                                         _06003_ (net)
                      0.350909    0.000082    9.499487 ^ _11404_/A1 (gf180mcu_fd_sc_mcu7t5v0__and2_1)
    10    0.100472    1.665227    1.210823   10.710309 ^ _11404_/Z (gf180mcu_fd_sc_mcu7t5v0__and2_1)
                                                         _06006_ (net)
                      1.665233    0.001829   10.712138 ^ _11405_/A2 (gf180mcu_fd_sc_mcu7t5v0__nand2_1)
     1    0.005450    0.395798    0.097494   10.809632 v _11405_/ZN (gf180mcu_fd_sc_mcu7t5v0__nand2_1)
                                                         _06007_ (net)
                      0.395798    0.000061   10.809694 v _11406_/C (gf180mcu_fd_sc_mcu7t5v0__oai211_1)
     1    0.013105    0.602956    0.448011   11.257706 ^ _11406_/ZN (gf180mcu_fd_sc_mcu7t5v0__oai211_1)
                                                         _06008_ (net)
                      0.602956    0.000526   11.258231 ^ _11416_/A2 (gf180mcu_fd_sc_mcu7t5v0__and4_1)
     1    0.015077    0.351496    0.633331   11.891562 ^ _11416_/Z (gf180mcu_fd_sc_mcu7t5v0__and4_1)
                                                         _06018_ (net)
                      0.351496    0.000670   11.892232 ^ _11444_/B1 (gf180mcu_fd_sc_mcu7t5v0__aoi22_1)
     1    0.022261    0.537664    0.373244   12.265475 v _11444_/ZN (gf180mcu_fd_sc_mcu7t5v0__aoi22_1)
                                                         net18 (net)
                      0.537665    0.001339   12.266814 v output18/I (gf180mcu_fd_sc_mcu7t5v0__dlyb_1)
     1    0.073977    0.810887    1.631801   13.898615 v output18/Z (gf180mcu_fd_sc_mcu7t5v0__dlyb_1)
                                                         dout[6] (net)
                      0.810893    0.001301   13.899917 v dout[6] (out)
                                             13.899917   data arrival time

                                 30.000000   30.000000   clock clk (rise edge)
                                  0.000000   30.000000   clock network delay (propagated)
                                 -0.250000   29.750000   clock uncertainty
                                  0.000000   29.750000   clock reconvergence pessimism
                                 -6.000000   23.750002   output external delay
                                             23.750002   data required time
---------------------------------------------------------------------------------------------
                                             23.750002   data required time
                                            -13.899917   data arrival time
---------------------------------------------------------------------------------------------
                                              9.850085   slack (MET)




===========================================================================
report_checks --slack_max -0.01
============================================================================
======================= nom_tt_025C_5v00 Corner ===================================

No paths found.


===========================================================================
 report_check_types -max_slew -max_cap -max_fanout -violators
============================================================================
======================= nom_tt_025C_5v00 Corner ===================================

max slew

Pin                                        Limit        Slew       Slack
------------------------------------------------------------------------
fanout336/I                             3.000000    3.085678   -0.085678 (VIOLATED)
fanout332/I                             3.000000    3.085667   -0.085667 (VIOLATED)
fanout331/I                             3.000000    3.085648   -0.085648 (VIOLATED)
ANTENNA_1/I                             3.000000    3.085648   -0.085648 (VIOLATED)
fanout334/I                             3.000000    3.085608   -0.085608 (VIOLATED)
fanout330/I                             3.000000    3.085501   -0.085501 (VIOLATED)
_18094_/ZN                              3.000000    3.085464   -0.085465 (VIOLATED)
fanout328/I                             3.000000    3.085464   -0.085465 (VIOLATED)

max fanout

Pin                                   Limit Fanout  Slack
---------------------------------------------------------
clkbuf_2_0_0_clk_regs/Z                  10     16     -6 (VIOLATED)
clkbuf_2_1_0_clk_regs/Z                  10     16     -6 (VIOLATED)
clkbuf_2_2_0_clk_regs/Z                  10     16     -6 (VIOLATED)
clkbuf_2_3_0_clk_regs/Z                  10     16     -6 (VIOLATED)

max capacitance

Pin                                        Limit         Cap       Slack
------------------------------------------------------------------------
clkbuf_1_0__f_clk/Z                     0.200000    0.313901   -0.113901 (VIOLATED)
clkbuf_1_1__f_clk/Z                     0.200000    0.309908   -0.109908 (VIOLATED)
clkbuf_2_3_0_clk_regs/Z                 0.200000    0.295643   -0.095643 (VIOLATED)
clkbuf_2_1_0_clk_regs/Z                 0.200000    0.292994   -0.092994 (VIOLATED)
clkbuf_2_0_0_clk_regs/Z                 0.200000    0.292392   -0.092392 (VIOLATED)
clkbuf_2_2_0_clk_regs/Z                 0.200000    0.279601   -0.079601 (VIOLATED)



===========================================================================
report_parasitic_annotation -report_unannotated
============================================================================
Found 298 unannotated drivers.
 clkload0/Z
 clkload1/Z
 clkload10/Z
 clkload100/ZN
 clkload101/Z
 clkload102/ZN
 clkload103/ZN
 clkload104/ZN
 clkload105/ZN
 clkload106/ZN
 clkload107/Z
 clkload108/ZN
 clkload109/Z
 clkload11/Z
 clkload110/ZN
 clkload111/ZN
 clkload112/ZN
 clkload113/Z
 clkload114/ZN
 clkload115/ZN
 clkload116/ZN
 clkload117/ZN
 clkload118/ZN
 clkload119/Z
 clkload12/Z
 clkload120/ZN
 clkload121/ZN
 clkload122/Z
 clkload123/Z
 clkload124/ZN
 clkload125/Z
 clkload126/ZN
 clkload127/ZN
 clkload128/ZN
 clkload129/ZN
 clkload13/ZN
 clkload130/ZN
 clkload131/ZN
 clkload132/ZN
 clkload133/Z
 clkload134/ZN
 clkload135/ZN
 clkload136/ZN
 clkload137/Z
 clkload138/Z
 clkload139/Z
 clkload14/Z
 clkload140/ZN
 clkload141/Z
 clkload142/Z
 clkload143/Z
 clkload144/ZN
 clkload145/ZN
 clkload146/ZN
 clkload147/ZN
 clkload148/ZN
 clkload149/Z
 clkload15/Z
 clkload150/ZN
 clkload151/ZN
 clkload152/Z
 clkload153/ZN
 clkload154/ZN
 clkload155/ZN
 clkload156/ZN
 clkload157/ZN
 clkload158/ZN
 clkload159/ZN
 clkload16/Z
 clkload160/Z
 clkload161/ZN
 clkload162/ZN
 clkload163/ZN
 clkload164/Z
 clkload165/ZN
 clkload166/ZN
 clkload167/Z
 clkload168/Z
 clkload169/Z
 clkload17/Z
 clkload170/Z
 clkload171/ZN
 clkload172/Z
 clkload173/Z
 clkload174/ZN
 clkload175/ZN
 clkload176/Z
 clkload177/ZN
 clkload178/ZN
 clkload179/ZN
 clkload18/Z
 clkload180/Z
 clkload181/ZN
 clkload182/ZN
 clkload183/ZN
 clkload184/ZN
 clkload185/ZN
 clkload186/ZN
 clkload187/ZN
 clkload188/Z
 clkload189/Z
 clkload19/Z
 clkload190/ZN
 clkload191/ZN
 clkload192/ZN
 clkload193/ZN
 clkload194/ZN
 clkload195/ZN
 clkload196/Z
 clkload197/ZN
 clkload198/ZN
 clkload199/ZN
 clkload2/Z
 clkload20/ZN
 clkload200/ZN
 clkload201/ZN
 clkload202/ZN
 clkload203/ZN
 clkload204/ZN
 clkload205/ZN
 clkload206/ZN
 clkload207/Z
 clkload208/ZN
 clkload209/ZN
 clkload21/Z
 clkload210/ZN
 clkload211/ZN
 clkload212/ZN
 clkload213/ZN
 clkload214/ZN
 clkload215/ZN
 clkload216/ZN
 clkload217/ZN
 clkload218/ZN
 clkload219/Z
 clkload22/Z
 clkload220/ZN
 clkload221/ZN
 clkload222/ZN
 clkload223/ZN
 clkload224/ZN
 clkload225/ZN
 clkload226/ZN
 clkload227/ZN
 clkload228/Z
 clkload229/ZN
 clkload23/Z
 clkload230/Z
 clkload231/Z
 clkload232/Z
 clkload233/Z
 clkload234/ZN
 clkload235/ZN
 clkload236/ZN
 clkload237/ZN
 clkload238/ZN
 clkload239/Z
 clkload24/Z
 clkload240/ZN
 clkload241/ZN
 clkload242/ZN
 clkload243/ZN
 clkload244/ZN
 clkload245/Z
 clkload246/ZN
 clkload247/ZN
 clkload248/ZN
 clkload249/ZN
 clkload25/Z
 clkload250/ZN
 clkload251/ZN
 clkload252/ZN
 clkload253/ZN
 clkload254/ZN
 clkload255/ZN
 clkload256/Z
 clkload257/ZN
 clkload258/ZN
 clkload259/Z
 clkload26/Z
 clkload260/Z
 clkload261/ZN
 clkload262/ZN
 clkload263/Z
 clkload264/ZN
 clkload265/ZN
 clkload266/Z
 clkload267/ZN
 clkload268/ZN
 clkload269/Z
 clkload27/Z
 clkload270/ZN
 clkload271/ZN
 clkload272/ZN
 clkload273/ZN
 clkload274/Z
 clkload275/ZN
 clkload276/ZN
 clkload277/Z
 clkload278/Z
 clkload279/ZN
 clkload28/Z
 clkload280/ZN
 clkload281/ZN
 clkload282/ZN
 clkload283/ZN
 clkload284/ZN
 clkload285/ZN
 clkload286/ZN
 clkload287/Z
 clkload288/ZN
 clkload289/ZN
 clkload29/Z
 clkload290/ZN
 clkload291/ZN
 clkload292/ZN
 clkload293/Z
 clkload294/ZN
 clkload295/Z
 clkload296/ZN
 clkload297/ZN
 clkload3/Z
 clkload30/Z
 clkload31/Z
 clkload32/ZN
 clkload33/ZN
 clkload34/Z
 clkload35/Z
 clkload36/Z
 clkload37/Z
 clkload38/ZN
 clkload39/Z
 clkload4/Z
 clkload40/Z
 clkload41/Z
 clkload42/Z
 clkload43/Z
 clkload44/Z
 clkload45/Z
 clkload46/Z
 clkload47/Z
 clkload48/ZN
 clkload49/Z
 clkload5/Z
 clkload50/Z
 clkload51/ZN
 clkload52/ZN
 clkload53/Z
 clkload54/ZN
 clkload55/ZN
 clkload56/ZN
 clkload57/ZN
 clkload58/ZN
 clkload59/ZN
 clkload6/Z
 clkload60/Z
 clkload61/ZN
 clkload62/ZN
 clkload63/ZN
 clkload64/ZN
 clkload65/Z
 clkload66/ZN
 clkload67/ZN
 clkload68/Z
 clkload69/ZN
 clkload7/Z
 clkload70/ZN
 clkload71/ZN
 clkload72/ZN
 clkload73/ZN
 clkload74/ZN
 clkload75/ZN
 clkload76/ZN
 clkload77/ZN
 clkload78/ZN
 clkload79/ZN
 clkload8/Z
 clkload80/ZN
 clkload81/ZN
 clkload82/ZN
 clkload83/ZN
 clkload84/Z
 clkload85/ZN
 clkload86/ZN
 clkload87/ZN
 clkload88/ZN
 clkload89/ZN
 clkload9/Z
 clkload90/ZN
 clkload91/ZN
 clkload92/ZN
 clkload93/Z
 clkload94/ZN
 clkload95/ZN
 clkload96/ZN
 clkload97/ZN
 clkload98/ZN
 clkload99/ZN
Found 0 partially unannotated drivers.

===========================================================================
max slew violation count 8
Writing metric design__max_slew_violation__count__corner:nom_tt_025C_5v00: 8
max fanout violation count 4
Writing metric design__max_fanout_violation__count__corner:nom_tt_025C_5v00: 4
max cap violation count 6
Writing metric design__max_cap_violation__count__corner:nom_tt_025C_5v00: 6
============================================================================

===========================================================================
check_setup -verbose -unconstrained_endpoints -multiple_clock -no_clock -no_input_delay -loops -generated_clocks
===========================================================================
