Clock: clk
Sources: clk 
Generated: no
Virtual: yes
Propagated: no
Period: 16.000000

===========================================================================
report_clock_properties
============================================================================
Clock                   Period          Waveform
----------------------------------------------------
clk                  16.000000    0.000000  8.000000

===========================================================================
report_clock_latency
============================================================================
Clock clk
rise -> rise
    min     max
0.000000 0.000000 source latency
0.688475         network latency _794_/CLK
        0.733525 network latency _778_/CLK
---------------
0.688475 0.733525 latency
        0.045050 skew

fall -> fall
    min     max
0.000000 0.000000 source latency
0.716901         network latency _794_/CLK
        0.767663 network latency _778_/CLK
---------------
0.716901 0.767663 latency
        0.050762 skew



===========================================================================
report_clock_min_period
============================================================================
clk period_min = 9.07 fmax = 110.28
