
===========================================================================
report_checks -path_delay max (Setup)
============================================================================
======================= nom_ss_125C_4v50 Corner ===================================

Startpoint: u_sram (rising edge-triggered flip-flop clocked by clk)
Endpoint: q[0] (output port clocked by clk)
Path Group: clk
Path Type: max

Fanout         Cap        Slew       Delay        Time   Description
---------------------------------------------------------------------------------------------
                      0.150000    0.000000    0.000000   clock clk (rise edge)
                                  0.000000    0.000000   clock network delay (ideal)
                      0.150000    0.000000    0.000000 ^ u_sram/CLK (gf180mcu_fd_ip_sram__sram64x8m8wm1)
     1    0.072910    0.695385   16.415804   16.415804 v u_sram/Q[0] (gf180mcu_fd_ip_sram__sram64x8m8wm1)
                                                         q[0] (net)
                      0.695385    0.000000   16.415804 v q[0] (out)
                                             16.415804   data arrival time

                      0.150000   50.000000   50.000000   clock clk (rise edge)
                                  0.000000   50.000000   clock network delay (ideal)
                                 -0.250000   49.749996   clock uncertainty
                                  0.000000   49.749996   clock reconvergence pessimism
                                -10.000000   39.749996   output external delay
                                             39.749996   data required time
---------------------------------------------------------------------------------------------
                                             39.749996   data required time
                                            -16.415804   data arrival time
---------------------------------------------------------------------------------------------
                                             23.334192   slack (MET)


Startpoint: u_sram (rising edge-triggered flip-flop clocked by clk)
Endpoint: q[1] (output port clocked by clk)
Path Group: clk
Path Type: max

Fanout         Cap        Slew       Delay        Time   Description
---------------------------------------------------------------------------------------------
                      0.150000    0.000000    0.000000   clock clk (rise edge)
                                  0.000000    0.000000   clock network delay (ideal)
                      0.150000    0.000000    0.000000 ^ u_sram/CLK (gf180mcu_fd_ip_sram__sram64x8m8wm1)
     1    0.072910    0.695385   16.415804   16.415804 v u_sram/Q[1] (gf180mcu_fd_ip_sram__sram64x8m8wm1)
                                                         q[1] (net)
                      0.695385    0.000000   16.415804 v q[1] (out)
                                             16.415804   data arrival time

                      0.150000   50.000000   50.000000   clock clk (rise edge)
                                  0.000000   50.000000   clock network delay (ideal)
                                 -0.250000   49.749996   clock uncertainty
                                  0.000000   49.749996   clock reconvergence pessimism
                                -10.000000   39.749996   output external delay
                                             39.749996   data required time
---------------------------------------------------------------------------------------------
                                             39.749996   data required time
                                            -16.415804   data arrival time
---------------------------------------------------------------------------------------------
                                             23.334192   slack (MET)


Startpoint: u_sram (rising edge-triggered flip-flop clocked by clk)
Endpoint: q[2] (output port clocked by clk)
Path Group: clk
Path Type: max

Fanout         Cap        Slew       Delay        Time   Description
---------------------------------------------------------------------------------------------
                      0.150000    0.000000    0.000000   clock clk (rise edge)
                                  0.000000    0.000000   clock network delay (ideal)
                      0.150000    0.000000    0.000000 ^ u_sram/CLK (gf180mcu_fd_ip_sram__sram64x8m8wm1)
     1    0.072910    0.695385   16.415804   16.415804 v u_sram/Q[2] (gf180mcu_fd_ip_sram__sram64x8m8wm1)
                                                         q[2] (net)
                      0.695385    0.000000   16.415804 v q[2] (out)
                                             16.415804   data arrival time

                      0.150000   50.000000   50.000000   clock clk (rise edge)
                                  0.000000   50.000000   clock network delay (ideal)
                                 -0.250000   49.749996   clock uncertainty
                                  0.000000   49.749996   clock reconvergence pessimism
                                -10.000000   39.749996   output external delay
                                             39.749996   data required time
---------------------------------------------------------------------------------------------
                                             39.749996   data required time
                                            -16.415804   data arrival time
---------------------------------------------------------------------------------------------
                                             23.334192   slack (MET)


Startpoint: u_sram (rising edge-triggered flip-flop clocked by clk)
Endpoint: q[3] (output port clocked by clk)
Path Group: clk
Path Type: max

Fanout         Cap        Slew       Delay        Time   Description
---------------------------------------------------------------------------------------------
                      0.150000    0.000000    0.000000   clock clk (rise edge)
                                  0.000000    0.000000   clock network delay (ideal)
                      0.150000    0.000000    0.000000 ^ u_sram/CLK (gf180mcu_fd_ip_sram__sram64x8m8wm1)
     1    0.072910    0.695385   16.415804   16.415804 v u_sram/Q[3] (gf180mcu_fd_ip_sram__sram64x8m8wm1)
                                                         q[3] (net)
                      0.695385    0.000000   16.415804 v q[3] (out)
                                             16.415804   data arrival time

                      0.150000   50.000000   50.000000   clock clk (rise edge)
                                  0.000000   50.000000   clock network delay (ideal)
                                 -0.250000   49.749996   clock uncertainty
                                  0.000000   49.749996   clock reconvergence pessimism
                                -10.000000   39.749996   output external delay
                                             39.749996   data required time
---------------------------------------------------------------------------------------------
                                             39.749996   data required time
                                            -16.415804   data arrival time
---------------------------------------------------------------------------------------------
                                             23.334192   slack (MET)


Startpoint: rst (input port clocked by clk)
Endpoint: _38_ (rising edge-triggered flip-flop clocked by clk)
Path Group: clk
Path Type: max

Fanout         Cap        Slew       Delay        Time   Description
---------------------------------------------------------------------------------------------
                      0.150000    0.000000    0.000000   clock clk (rise edge)
                                  0.000000    0.000000   clock network delay (ideal)
                                 10.000000   10.000000 v input external delay
     4    0.017809    0.341423    0.173319   10.173320 v rst (in)
                                                         rst (net)
                      0.341423    0.000000   10.173320 v _30_/A1 (gf180mcu_fd_sc_mcu7t5v0__nor3_1)
     1    0.002378    0.632593    0.381253   10.554573 ^ _30_/ZN (gf180mcu_fd_sc_mcu7t5v0__nor3_1)
                                                         _00_ (net)
                      0.632593    0.000000   10.554573 ^ _38_/D (gf180mcu_fd_sc_mcu7t5v0__dffq_1)
                                             10.554573   data arrival time

                      0.150000   50.000000   50.000000   clock clk (rise edge)
                                  0.000000   50.000000   clock network delay (ideal)
                                 -0.250000   49.749996   clock uncertainty
                                  0.000000   49.749996   clock reconvergence pessimism
                                             49.749996 ^ _38_/CLK (gf180mcu_fd_sc_mcu7t5v0__dffq_1)
                                 -0.523474   49.226524   library setup time
                                             49.226524   data required time
---------------------------------------------------------------------------------------------
                                             49.226524   data required time
                                            -10.554573   data arrival time
---------------------------------------------------------------------------------------------
                                             38.671951   slack (MET)


Startpoint: rst (input port clocked by clk)
Endpoint: _36_ (rising edge-triggered flip-flop clocked by clk)
Path Group: clk
Path Type: max

Fanout         Cap        Slew       Delay        Time   Description
---------------------------------------------------------------------------------------------
                      0.150000    0.000000    0.000000   clock clk (rise edge)
                                  0.000000    0.000000   clock network delay (ideal)
                                 10.000000   10.000000 ^ input external delay
     4    0.017809    0.588584    0.281188   10.281188 ^ rst (in)
                                                         rst (net)
                      0.588584    0.000000   10.281188 ^ _33_/A2 (gf180mcu_fd_sc_mcu7t5v0__nor2_1)
     1    0.002378    0.414712    0.241825   10.523013 v _33_/ZN (gf180mcu_fd_sc_mcu7t5v0__nor2_1)
                                                         _02_ (net)
                      0.414712    0.000000   10.523013 v _36_/D (gf180mcu_fd_sc_mcu7t5v0__dffq_1)
                                             10.523013   data arrival time

                      0.150000   50.000000   50.000000   clock clk (rise edge)
                                  0.000000   50.000000   clock network delay (ideal)
                                 -0.250000   49.749996   clock uncertainty
                                  0.000000   49.749996   clock reconvergence pessimism
                                             49.749996 ^ _36_/CLK (gf180mcu_fd_sc_mcu7t5v0__dffq_1)
                                 -0.538458   49.211540   library setup time
                                             49.211540   data required time
---------------------------------------------------------------------------------------------
                                             49.211540   data required time
                                            -10.523013   data arrival time
---------------------------------------------------------------------------------------------
                                             38.688526   slack (MET)


Startpoint: rst (input port clocked by clk)
Endpoint: _37_ (rising edge-triggered flip-flop clocked by clk)
Path Group: clk
Path Type: max

Fanout         Cap        Slew       Delay        Time   Description
---------------------------------------------------------------------------------------------
                      0.150000    0.000000    0.000000   clock clk (rise edge)
                                  0.000000    0.000000   clock network delay (ideal)
                                 10.000000   10.000000 ^ input external delay
     4    0.017809    0.588584    0.281188   10.281188 ^ rst (in)
                                                         rst (net)
                      0.588584    0.000000   10.281188 ^ _35_/A1 (gf180mcu_fd_sc_mcu7t5v0__nor2_1)
     1    0.002378    0.298246    0.189033   10.470221 v _35_/ZN (gf180mcu_fd_sc_mcu7t5v0__nor2_1)
                                                         _03_ (net)
                      0.298246    0.000000   10.470221 v _37_/D (gf180mcu_fd_sc_mcu7t5v0__dffq_1)
                                             10.470221   data arrival time

                      0.150000   50.000000   50.000000   clock clk (rise edge)
                                  0.000000   50.000000   clock network delay (ideal)
                                 -0.250000   49.749996   clock uncertainty
                                  0.000000   49.749996   clock reconvergence pessimism
                                             49.749996 ^ _37_/CLK (gf180mcu_fd_sc_mcu7t5v0__dffq_1)
                                 -0.502773   49.247223   library setup time
                                             49.247223   data required time
---------------------------------------------------------------------------------------------
                                             49.247223   data required time
                                            -10.470221   data arrival time
---------------------------------------------------------------------------------------------
                                             38.777004   slack (MET)


Startpoint: rst (input port clocked by clk)
Endpoint: _39_ (rising edge-triggered flip-flop clocked by clk)
Path Group: clk
Path Type: max

Fanout         Cap        Slew       Delay        Time   Description
---------------------------------------------------------------------------------------------
                      0.150000    0.000000    0.000000   clock clk (rise edge)
                                  0.000000    0.000000   clock network delay (ideal)
                                 10.000000   10.000000 ^ input external delay
     4    0.017809    0.588584    0.281188   10.281188 ^ rst (in)
                                                         rst (net)
                      0.588584    0.000000   10.281188 ^ _32_/A1 (gf180mcu_fd_sc_mcu7t5v0__nor2_1)
     1    0.002378    0.292150    0.189033   10.470221 v _32_/ZN (gf180mcu_fd_sc_mcu7t5v0__nor2_1)
                                                         _01_ (net)
                      0.292150    0.000000   10.470221 v _39_/D (gf180mcu_fd_sc_mcu7t5v0__dffq_1)
                                             10.470221   data arrival time

                      0.150000   50.000000   50.000000   clock clk (rise edge)
                                  0.000000   50.000000   clock network delay (ideal)
                                 -0.250000   49.749996   clock uncertainty
                                  0.000000   49.749996   clock reconvergence pessimism
                                             49.749996 ^ _39_/CLK (gf180mcu_fd_sc_mcu7t5v0__dffq_1)
                                 -0.500905   49.249092   library setup time
                                             49.249092   data required time
---------------------------------------------------------------------------------------------
                                             49.249092   data required time
                                            -10.470221   data arrival time
---------------------------------------------------------------------------------------------
                                             38.778873   slack (MET)


Startpoint: _36_ (rising edge-triggered flip-flop clocked by clk)
Endpoint: u_sram (rising edge-triggered flip-flop clocked by clk)
Path Group: clk
Path Type: max

Fanout         Cap        Slew       Delay        Time   Description
---------------------------------------------------------------------------------------------
                      0.150000    0.000000    0.000000   clock clk (rise edge)
                                  0.000000    0.000000   clock network delay (ideal)
                      0.150000    0.000000    0.000000 ^ _36_/CLK (gf180mcu_fd_sc_mcu7t5v0__dffq_1)
     5    0.054213    1.609940    2.144424    2.144424 ^ _36_/Q (gf180mcu_fd_sc_mcu7t5v0__dffq_1)
                                                         cnt[0] (net)
                      1.609940    0.000000    2.144424 ^ u_sram/A[0] (gf180mcu_fd_ip_sram__sram64x8m8wm1)
                                              2.144424   data arrival time

                      0.150000   50.000000   50.000000   clock clk (rise edge)
                                  0.000000   50.000000   clock network delay (ideal)
                                 -0.250000   49.749996   clock uncertainty
                                  0.000000   49.749996   clock reconvergence pessimism
                                             49.749996 ^ u_sram/CLK (gf180mcu_fd_ip_sram__sram64x8m8wm1)
                                 -2.190742   47.559258   library setup time
                                             47.559258   data required time
---------------------------------------------------------------------------------------------
                                             47.559258   data required time
                                             -2.144424   data arrival time
---------------------------------------------------------------------------------------------
                                             45.414829   slack (MET)


Startpoint: _37_ (rising edge-triggered flip-flop clocked by clk)
Endpoint: u_sram (rising edge-triggered flip-flop clocked by clk)
Path Group: clk
Path Type: max

Fanout         Cap        Slew       Delay        Time   Description
---------------------------------------------------------------------------------------------
                      0.150000    0.000000    0.000000   clock clk (rise edge)
                                  0.000000    0.000000   clock network delay (ideal)
                      0.150000    0.000000    0.000000 ^ _37_/CLK (gf180mcu_fd_sc_mcu7t5v0__dffq_1)
     4    0.049947    1.490902    2.078213    2.078213 ^ _37_/Q (gf180mcu_fd_sc_mcu7t5v0__dffq_1)
                                                         cnt[1] (net)
                      1.490902    0.000000    2.078213 ^ u_sram/A[1] (gf180mcu_fd_ip_sram__sram64x8m8wm1)
                                              2.078213   data arrival time

                      0.150000   50.000000   50.000000   clock clk (rise edge)
                                  0.000000   50.000000   clock network delay (ideal)
                                 -0.250000   49.749996   clock uncertainty
                                  0.000000   49.749996   clock reconvergence pessimism
                                             49.749996 ^ u_sram/CLK (gf180mcu_fd_ip_sram__sram64x8m8wm1)
                                 -2.151667   47.598328   library setup time
                                             47.598328   data required time
---------------------------------------------------------------------------------------------
                                             47.598328   data required time
                                             -2.078213   data arrival time
---------------------------------------------------------------------------------------------
                                             45.520115   slack (MET)


Startpoint: _39_ (rising edge-triggered flip-flop clocked by clk)
Endpoint: u_sram (rising edge-triggered flip-flop clocked by clk)
Path Group: clk
Path Type: max

Fanout         Cap        Slew       Delay        Time   Description
---------------------------------------------------------------------------------------------
                      0.150000    0.000000    0.000000   clock clk (rise edge)
                                  0.000000    0.000000   clock network delay (ideal)
                      0.150000    0.000000    0.000000 ^ _39_/CLK (gf180mcu_fd_sc_mcu7t5v0__dffq_1)
     2    0.041814    1.263961    1.951983    1.951983 ^ _39_/Q (gf180mcu_fd_sc_mcu7t5v0__dffq_1)
                                                         cnt[3] (net)
                      1.263961    0.000000    1.951983 ^ u_sram/A[3] (gf180mcu_fd_ip_sram__sram64x8m8wm1)
                                              1.951983   data arrival time

                      0.150000   50.000000   50.000000   clock clk (rise edge)
                                  0.000000   50.000000   clock network delay (ideal)
                                 -0.250000   49.749996   clock uncertainty
                                  0.000000   49.749996   clock reconvergence pessimism
                                             49.749996 ^ u_sram/CLK (gf180mcu_fd_ip_sram__sram64x8m8wm1)
                                 -2.077172   47.672825   library setup time
                                             47.672825   data required time
---------------------------------------------------------------------------------------------
                                             47.672825   data required time
                                             -1.951983   data arrival time
---------------------------------------------------------------------------------------------
                                             45.720844   slack (MET)


Startpoint: _38_ (rising edge-triggered flip-flop clocked by clk)
Endpoint: u_sram (rising edge-triggered flip-flop clocked by clk)
Path Group: clk
Path Type: max

Fanout         Cap        Slew       Delay        Time   Description
---------------------------------------------------------------------------------------------
                      0.150000    0.000000    0.000000   clock clk (rise edge)
                                  0.000000    0.000000   clock network delay (ideal)
                      0.150000    0.000000    0.000000 ^ _38_/CLK (gf180mcu_fd_sc_mcu7t5v0__dffq_1)
     3    0.041455    1.253943    1.946411    1.946411 ^ _38_/Q (gf180mcu_fd_sc_mcu7t5v0__dffq_1)
                                                         cnt[2] (net)
                      1.253943    0.000000    1.946411 ^ u_sram/A[2] (gf180mcu_fd_ip_sram__sram64x8m8wm1)
                                              1.946411   data arrival time

                      0.150000   50.000000   50.000000   clock clk (rise edge)
                                  0.000000   50.000000   clock network delay (ideal)
                                 -0.250000   49.749996   clock uncertainty
                                  0.000000   49.749996   clock reconvergence pessimism
                                             49.749996 ^ u_sram/CLK (gf180mcu_fd_ip_sram__sram64x8m8wm1)
                                 -2.073884   47.676117   library setup time
                                             47.676117   data required time
---------------------------------------------------------------------------------------------
                                             47.676117   data required time
                                             -1.946411   data arrival time
---------------------------------------------------------------------------------------------
                                             45.729706   slack (MET)



