Clock: clk
Sources: clk 
Generated: no
Virtual: yes
Propagated: no
Period: 50.000000

===========================================================================
report_clock_properties
============================================================================
Clock                   Period          Waveform
----------------------------------------------------
clk                  50.000000    0.000000 25.000000

===========================================================================
report_clock_latency
============================================================================
Clock clk
rise -> rise
    min     max
0.000000 0.000000 source latency
0.576183         network latency _18_/CLK
        0.577028 network latency _19_/CLK
---------------
0.576183 0.577028 latency
        0.000845 skew

fall -> fall
    min     max
0.000000 0.000000 source latency
0.517803         network latency _18_/CLK
        0.518709 network latency _19_/CLK
---------------
0.517803 0.518709 latency
        0.000906 skew



===========================================================================
report_clock_min_period
============================================================================
clk period_min = 2.72 fmax = 367.65
