Clock: clk
Sources: clk 
Generated: no
Virtual: no
Propagated: no
Period: 50.000000

===========================================================================
report_clock_properties
============================================================================
Clock                   Period          Waveform
----------------------------------------------------
clk                  50.000000    0.000000 25.000000

===========================================================================
report_clock_latency
============================================================================
Clock clk
rise -> rise
    min     max
0.000000 0.000000 source latency
0.494858         network latency _36_/CLK
        0.494858 network latency _36_/CLK
---------------
0.494858 0.494858 latency
        0.000000 skew

fall -> fall
    min     max
0.000000 0.000000 source latency
0.311626         network latency _36_/CLK
        0.311626 network latency _36_/CLK
---------------
0.311626 0.311626 latency
        0.000000 skew



===========================================================================
report_clock_min_period
============================================================================
clk period_min = 1.62 fmax = 615.59
