Clock: core_clk
Sources: clk 
Generated: no
Virtual: yes
Propagated: no
Period: 26.041668

===========================================================================
report_clock_properties
============================================================================
Clock                   Period          Waveform
----------------------------------------------------
core_clk             26.041668    0.000000 13.020834

===========================================================================
report_clock_latency
============================================================================
Clock core_clk
rise -> rise
    min     max
0.000000 0.000000 source latency
1.233191         network latency u_transform_scheduler_core.u_fft_scratch_sram.u_hi.u_sram/CLK
        1.509019 network latency _19789_/CLK
---------------
1.233191 1.509019 latency
        0.275828 skew

fall -> fall
    min     max
0.000000 0.000000 source latency
1.209868         network latency u_transform_scheduler_core.u_fft_scratch_sram.u_hi.u_sram/CLK
        1.522928 network latency _19789_/CLK
---------------
1.209868 1.522928 latency
        0.313060 skew



===========================================================================
report_clock_min_period
============================================================================
core_clk period_min = 17.50 fmax = 57.13
