
===========================================================================
report_checks -unconstrained
===========================================================================
======================= min_ss_125C_4v50 Corner ===================================

Startpoint: _18566_ (rising edge-triggered flip-flop clocked by core_clk)
Endpoint: u_transform_scheduler_core.u_fft_scratch_sram.u_lo.u_sram
          (rising edge-triggered flip-flop clocked by core_clk)
Path Group: core_clk
Path Type: max

Fanout         Cap        Slew       Delay        Time   Description
---------------------------------------------------------------------------------------------
                                  0.000000    0.000000   clock core_clk (rise edge)
                                  0.000000    0.000000   clock source latency
     2    0.208311    0.000000    0.000000    0.000000 ^ clk (in)
                                                         clk (net)
                      0.064469    0.026370    0.026370 ^ clkbuf_regs_0_core_clk/I (gf180mcu_fd_sc_mcu9t5v0__clkbuf_16)
     1    0.046848    0.137100    0.289577    0.315947 ^ clkbuf_regs_0_core_clk/Z (gf180mcu_fd_sc_mcu9t5v0__clkbuf_16)
                                                         clk_regs (net)
                      0.137101    0.000559    0.316507 ^ clkbuf_0_clk_regs/I (gf180mcu_fd_sc_mcu9t5v0__clkbuf_16)
     4    0.228814    0.317208    0.425901    0.742408 ^ clkbuf_0_clk_regs/Z (gf180mcu_fd_sc_mcu9t5v0__clkbuf_16)
                                                         clknet_0_clk_regs (net)
                      0.317436    0.012084    0.754492 ^ clkbuf_2_3_0_clk_regs/I (gf180mcu_fd_sc_mcu9t5v0__clkbuf_8)
     2    0.138094    0.369961    0.496185    1.250678 ^ clkbuf_2_3_0_clk_regs/Z (gf180mcu_fd_sc_mcu9t5v0__clkbuf_8)
                                                         clknet_2_3_0_clk_regs (net)
                      0.369994    0.005182    1.255859 ^ clkbuf_3_6__f_clk_regs/I (gf180mcu_fd_sc_mcu9t5v0__clkbuf_16)
    10    0.399736    0.501424    0.585886    1.841745 ^ clkbuf_3_6__f_clk_regs/Z (gf180mcu_fd_sc_mcu9t5v0__clkbuf_16)
                                                         clknet_3_6__leaf_clk_regs (net)
                      0.502220    0.012218    1.853963 ^ clkbuf_leaf_48_clk_regs/I (gf180mcu_fd_sc_mcu9t5v0__clkbuf_8)
    19    0.163502    0.425849    0.568181    2.422144 ^ clkbuf_leaf_48_clk_regs/Z (gf180mcu_fd_sc_mcu9t5v0__clkbuf_8)
                                                         clknet_leaf_48_clk_regs (net)
                      0.425882    0.005644    2.427788 ^ _18566_/CLK (gf180mcu_fd_sc_mcu9t5v0__dffrnq_2)
    21    0.387643    3.491174    3.293046    5.720834 ^ _18566_/Q (gf180mcu_fd_sc_mcu9t5v0__dffrnq_2)
                                                         u_transform_scheduler_core.dft12_phase[2] (net)
                      3.491314    0.012549    5.733383 ^ _09098_/I (gf180mcu_fd_sc_mcu9t5v0__clkinv_1)
     7    0.109508    2.418921    2.042217    7.775600 v _09098_/ZN (gf180mcu_fd_sc_mcu9t5v0__clkinv_1)
                                                         _03918_ (net)
                      2.418957    0.005251    7.780851 v _09423_/A1 (gf180mcu_fd_sc_mcu9t5v0__nand3_1)
     5    0.056676    1.642601    1.585112    9.365962 ^ _09423_/ZN (gf180mcu_fd_sc_mcu9t5v0__nand3_1)
                                                         _04240_ (net)
                      1.642601    0.000514    9.366477 ^ _09424_/A2 (gf180mcu_fd_sc_mcu9t5v0__aoi21_1)
     2    0.033632    0.839400    0.542008    9.908485 v _09424_/ZN (gf180mcu_fd_sc_mcu9t5v0__aoi21_1)
                                                         _04241_ (net)
                      0.839401    0.001485    9.909970 v _09425_/A2 (gf180mcu_fd_sc_mcu9t5v0__nor2_1)
     4    0.051391    1.951693    1.318657   11.228627 ^ _09425_/ZN (gf180mcu_fd_sc_mcu9t5v0__nor2_1)
                                                         _04242_ (net)
                      1.951693    0.000411   11.229038 ^ _09450_/A2 (gf180mcu_fd_sc_mcu9t5v0__oai31_1)
     2    0.012883    0.744985    0.433207   11.662246 v _09450_/ZN (gf180mcu_fd_sc_mcu9t5v0__oai31_1)
                                                         _04267_ (net)
                      0.744985    0.000274   11.662519 v _09454_/A4 (gf180mcu_fd_sc_mcu9t5v0__and4_1)
     2    0.023398    0.422656    1.037092   12.699612 v _09454_/Z (gf180mcu_fd_sc_mcu9t5v0__and4_1)
                                                         _04271_ (net)
                      0.422656    0.000621   12.700233 v _09456_/A2 (gf180mcu_fd_sc_mcu9t5v0__nand2_2)
     2    0.119108    1.319532    0.903633   13.603865 ^ _09456_/ZN (gf180mcu_fd_sc_mcu9t5v0__nand2_2)
                                                         _04273_ (net)
                      1.320050    0.017367   13.621232 ^ _09461_/A1 (gf180mcu_fd_sc_mcu9t5v0__nand2_4)
    10    0.151034    1.074524    0.648034   14.269265 v _09461_/ZN (gf180mcu_fd_sc_mcu9t5v0__nand2_4)
                                                         _04278_ (net)
                      1.074537    0.005796   14.275062 v _09462_/I (gf180mcu_fd_sc_mcu9t5v0__clkinv_12)
    33    0.503488    0.871115    0.773856   15.048917 ^ _09462_/ZN (gf180mcu_fd_sc_mcu9t5v0__clkinv_12)
                                                         u_transform_scheduler_core.u_mixed_radix_butterfly.multiply_product_fire (net)
                      0.874965    0.035552   15.084469 ^ _09472_/A1 (gf180mcu_fd_sc_mcu9t5v0__oai21_4)
     2    0.100316    1.215280    0.474691   15.559159 v _09472_/ZN (gf180mcu_fd_sc_mcu9t5v0__oai21_4)
                                                         _04288_ (net)
                      1.215280    0.000576   15.559735 v max_cap106/I (gf180mcu_fd_sc_mcu9t5v0__clkbuf_20)
    62    0.696619    0.605703    0.834584   16.394320 v max_cap106/Z (gf180mcu_fd_sc_mcu9t5v0__clkbuf_20)
                                                         net106 (net)
                      0.605823    0.004597   16.398916 v max_cap105/I (gf180mcu_fd_sc_mcu9t5v0__clkbuf_20)
    58    0.681062    0.588406    0.719293   17.118210 v max_cap105/Z (gf180mcu_fd_sc_mcu9t5v0__clkbuf_20)
                                                         net105 (net)
                      0.588543    0.004512   17.122721 v _09511_/A2 (gf180mcu_fd_sc_mcu9t5v0__aoi21_2)
     5    0.056613    1.372190    0.915977   18.038698 ^ _09511_/ZN (gf180mcu_fd_sc_mcu9t5v0__aoi21_2)
                                                         _04327_ (net)
                      1.372190    0.001343   18.040041 ^ _09513_/A2 (gf180mcu_fd_sc_mcu9t5v0__oai221_1)
     2    0.016182    1.232508    0.675252   18.715294 v _09513_/ZN (gf180mcu_fd_sc_mcu9t5v0__oai221_1)
                                                         _04329_ (net)
                      1.232508    0.000329   18.715622 v _09514_/A2 (gf180mcu_fd_sc_mcu9t5v0__or2_1)
     1    0.017074    0.368115    0.976282   19.691904 v _09514_/Z (gf180mcu_fd_sc_mcu9t5v0__or2_1)
                                                         _04330_ (net)
                      0.368115    0.000355   19.692259 v _09519_/A3 (gf180mcu_fd_sc_mcu9t5v0__oai31_2)
     2    0.065258    2.121549    1.422340   21.114599 ^ _09519_/ZN (gf180mcu_fd_sc_mcu9t5v0__oai31_2)
                                                         _04335_ (net)
                      2.121552    0.004638   21.119236 ^ _09541_/A2 (gf180mcu_fd_sc_mcu9t5v0__aoi21_2)
     3    0.106829    1.151427    0.778078   21.897314 v _09541_/ZN (gf180mcu_fd_sc_mcu9t5v0__aoi21_2)
                                                         _04356_ (net)
                      1.151446    0.006994   21.904308 v _09700_/A2 (gf180mcu_fd_sc_mcu9t5v0__nor2_4)
    16    0.245788    2.442446    1.553753   23.458061 ^ _09700_/ZN (gf180mcu_fd_sc_mcu9t5v0__nor2_4)
                                                         _04489_ (net)
                      2.442457    0.008185   23.466246 ^ _09710_/A2 (gf180mcu_fd_sc_mcu9t5v0__and2_2)
    18    0.194071    1.779615    1.425438   24.891684 ^ _09710_/Z (gf180mcu_fd_sc_mcu9t5v0__and2_2)
                                                         _04498_ (net)
                      1.779773    0.009381   24.901066 ^ _09849_/A1 (gf180mcu_fd_sc_mcu9t5v0__oai21_1)
     3    0.019371    0.791339    0.451323   25.352388 v _09849_/ZN (gf180mcu_fd_sc_mcu9t5v0__oai21_1)
                                                         _04623_ (net)
                      0.791339    0.000275   25.352663 v _09854_/A2 (gf180mcu_fd_sc_mcu9t5v0__nor2_1)
     9    0.090787    3.304781    2.078959   27.431622 ^ _09854_/ZN (gf180mcu_fd_sc_mcu9t5v0__nor2_1)
                                                         _04626_ (net)
                      3.304781    0.002176   27.433798 ^ _10247_/B (gf180mcu_fd_sc_mcu9t5v0__oai211_1)
     1    0.019951    1.593228    0.702428   28.136227 v _10247_/ZN (gf180mcu_fd_sc_mcu9t5v0__oai211_1)
                                                         _04992_ (net)
                      1.593228    0.000711   28.136936 v _10261_/A1 (gf180mcu_fd_sc_mcu9t5v0__aoi22_1)
     1    0.186528    6.782041    4.279516   32.416454 ^ _10261_/ZN (gf180mcu_fd_sc_mcu9t5v0__aoi22_1)
                                                         u_transform_scheduler_core.u_fft_scratch_sram.macro_wdata[0] (net)
                      6.782274    0.022151   32.438602 ^ u_transform_scheduler_core.u_fft_scratch_sram.u_lo.g_pin_drive[0].u_data_driver/I (gf180mcu_fd_sc_mcu9t5v0__buf_4)
     1    0.019334    0.263065    0.209727   32.648331 ^ u_transform_scheduler_core.u_fft_scratch_sram.u_lo.g_pin_drive[0].u_data_driver/Z (gf180mcu_fd_sc_mcu9t5v0__buf_4)
                                                         u_transform_scheduler_core.u_fft_scratch_sram.u_lo.macro_wdata[0] (net)
                      0.263065    0.000171   32.648502 ^ u_transform_scheduler_core.u_fft_scratch_sram.u_lo.u_sram/D[0] (gf180mcu_fd_ip_sram__sram256x8m8wm1)
                                             32.648502   data arrival time

                                 26.041668   26.041668   clock core_clk (rise edge)
                                  0.000000   26.041668   clock source latency
     2    0.208311    0.000000    0.000000   26.041668 ^ clk (in)
                                                         clk (net)
                      0.010011    0.004095   26.045761 ^ delaybuf_0_core_clk/I (gf180mcu_fd_sc_mcu9t5v0__clkbuf_16)
     1    0.055294    0.145599    0.285153   26.330915 ^ delaybuf_0_core_clk/Z (gf180mcu_fd_sc_mcu9t5v0__clkbuf_16)
                                                         delaynet_0_core_clk (net)
                      0.145612    0.002354   26.333269 ^ delaybuf_1_core_clk/I (gf180mcu_fd_sc_mcu9t5v0__clkbuf_16)
     1    0.080732    0.170087    0.328793   26.662062 ^ delaybuf_1_core_clk/Z (gf180mcu_fd_sc_mcu9t5v0__clkbuf_16)
                                                         delaynet_1_core_clk (net)
                      0.170307    0.009225   26.671286 ^ delaybuf_2_core_clk/I (gf180mcu_fd_sc_mcu9t5v0__clkbuf_16)
     1    0.053516    0.143611    0.317439   26.988726 ^ delaybuf_2_core_clk/Z (gf180mcu_fd_sc_mcu9t5v0__clkbuf_16)
                                                         delaynet_2_core_clk (net)
                      0.143619    0.001954   26.990679 ^ delaybuf_3_core_clk/I (gf180mcu_fd_sc_mcu9t5v0__clkbuf_16)
     1    0.053266    0.143367    0.311299   27.301979 ^ delaybuf_3_core_clk/Z (gf180mcu_fd_sc_mcu9t5v0__clkbuf_16)
                                                         delaynet_3_core_clk (net)
                      0.143374    0.001862   27.303841 ^ clkbuf_0_clk/I (gf180mcu_fd_sc_mcu9t5v0__clkbuf_16)
     2    0.120215    0.209558    0.357637   27.661478 ^ clkbuf_0_clk/Z (gf180mcu_fd_sc_mcu9t5v0__clkbuf_16)
                                                         clknet_0_clk (net)
                      0.209580    0.003542   27.665020 ^ clkbuf_1_0__f_clk/I (gf180mcu_fd_sc_mcu9t5v0__clkbuf_16)
     1    0.342157    0.433404    0.509580   28.174599 ^ clkbuf_1_0__f_clk/Z (gf180mcu_fd_sc_mcu9t5v0__clkbuf_16)
                                                         clknet_1_0__leaf_clk (net)
                      0.435604    0.017872   28.192471 ^ u_transform_scheduler_core.u_fft_scratch_sram.u_lo.u_sram/CLK (gf180mcu_fd_ip_sram__sram256x8m8wm1)
                                  0.000000   28.192471   clock reconvergence pessimism
                                 -0.770843   27.421629   library setup time
                                             27.421629   data required time
---------------------------------------------------------------------------------------------
                                             27.421629   data required time
                                            -32.648502   data arrival time
---------------------------------------------------------------------------------------------
                                             -5.226873   slack (VIOLATED)




===========================================================================
report_checks --slack_max -0.01
============================================================================
======================= min_ss_125C_4v50 Corner ===================================

Startpoint: _18566_ (rising edge-triggered flip-flop clocked by core_clk)
Endpoint: u_transform_scheduler_core.u_fft_scratch_sram.u_lo.u_sram
          (rising edge-triggered flip-flop clocked by core_clk)
Path Group: core_clk
Path Type: max

Fanout         Cap        Slew       Delay        Time   Description
---------------------------------------------------------------------------------------------
                                  0.000000    0.000000   clock core_clk (rise edge)
                                  0.000000    0.000000   clock source latency
     2    0.208311    0.000000    0.000000    0.000000 ^ clk (in)
                                                         clk (net)
                      0.064469    0.026370    0.026370 ^ clkbuf_regs_0_core_clk/I (gf180mcu_fd_sc_mcu9t5v0__clkbuf_16)
     1    0.046848    0.137100    0.289577    0.315947 ^ clkbuf_regs_0_core_clk/Z (gf180mcu_fd_sc_mcu9t5v0__clkbuf_16)
                                                         clk_regs (net)
                      0.137101    0.000559    0.316507 ^ clkbuf_0_clk_regs/I (gf180mcu_fd_sc_mcu9t5v0__clkbuf_16)
     4    0.228814    0.317208    0.425901    0.742408 ^ clkbuf_0_clk_regs/Z (gf180mcu_fd_sc_mcu9t5v0__clkbuf_16)
                                                         clknet_0_clk_regs (net)
                      0.317436    0.012084    0.754492 ^ clkbuf_2_3_0_clk_regs/I (gf180mcu_fd_sc_mcu9t5v0__clkbuf_8)
     2    0.138094    0.369961    0.496185    1.250678 ^ clkbuf_2_3_0_clk_regs/Z (gf180mcu_fd_sc_mcu9t5v0__clkbuf_8)
                                                         clknet_2_3_0_clk_regs (net)
                      0.369994    0.005182    1.255859 ^ clkbuf_3_6__f_clk_regs/I (gf180mcu_fd_sc_mcu9t5v0__clkbuf_16)
    10    0.399736    0.501424    0.585886    1.841745 ^ clkbuf_3_6__f_clk_regs/Z (gf180mcu_fd_sc_mcu9t5v0__clkbuf_16)
                                                         clknet_3_6__leaf_clk_regs (net)
                      0.502220    0.012218    1.853963 ^ clkbuf_leaf_48_clk_regs/I (gf180mcu_fd_sc_mcu9t5v0__clkbuf_8)
    19    0.163502    0.425849    0.568181    2.422144 ^ clkbuf_leaf_48_clk_regs/Z (gf180mcu_fd_sc_mcu9t5v0__clkbuf_8)
                                                         clknet_leaf_48_clk_regs (net)
                      0.425882    0.005644    2.427788 ^ _18566_/CLK (gf180mcu_fd_sc_mcu9t5v0__dffrnq_2)
    21    0.387643    3.491174    3.293046    5.720834 ^ _18566_/Q (gf180mcu_fd_sc_mcu9t5v0__dffrnq_2)
                                                         u_transform_scheduler_core.dft12_phase[2] (net)
                      3.491314    0.012549    5.733383 ^ _09098_/I (gf180mcu_fd_sc_mcu9t5v0__clkinv_1)
     7    0.109508    2.418921    2.042217    7.775600 v _09098_/ZN (gf180mcu_fd_sc_mcu9t5v0__clkinv_1)
                                                         _03918_ (net)
                      2.418957    0.005251    7.780851 v _09423_/A1 (gf180mcu_fd_sc_mcu9t5v0__nand3_1)
     5    0.056676    1.642601    1.585112    9.365962 ^ _09423_/ZN (gf180mcu_fd_sc_mcu9t5v0__nand3_1)
                                                         _04240_ (net)
                      1.642601    0.000514    9.366477 ^ _09424_/A2 (gf180mcu_fd_sc_mcu9t5v0__aoi21_1)
     2    0.033632    0.839400    0.542008    9.908485 v _09424_/ZN (gf180mcu_fd_sc_mcu9t5v0__aoi21_1)
                                                         _04241_ (net)
                      0.839401    0.001485    9.909970 v _09425_/A2 (gf180mcu_fd_sc_mcu9t5v0__nor2_1)
     4    0.051391    1.951693    1.318657   11.228627 ^ _09425_/ZN (gf180mcu_fd_sc_mcu9t5v0__nor2_1)
                                                         _04242_ (net)
                      1.951693    0.000411   11.229038 ^ _09450_/A2 (gf180mcu_fd_sc_mcu9t5v0__oai31_1)
     2    0.012883    0.744985    0.433207   11.662246 v _09450_/ZN (gf180mcu_fd_sc_mcu9t5v0__oai31_1)
                                                         _04267_ (net)
                      0.744985    0.000274   11.662519 v _09454_/A4 (gf180mcu_fd_sc_mcu9t5v0__and4_1)
     2    0.023398    0.422656    1.037092   12.699612 v _09454_/Z (gf180mcu_fd_sc_mcu9t5v0__and4_1)
                                                         _04271_ (net)
                      0.422656    0.000621   12.700233 v _09456_/A2 (gf180mcu_fd_sc_mcu9t5v0__nand2_2)
     2    0.119108    1.319532    0.903633   13.603865 ^ _09456_/ZN (gf180mcu_fd_sc_mcu9t5v0__nand2_2)
                                                         _04273_ (net)
                      1.320050    0.017367   13.621232 ^ _09461_/A1 (gf180mcu_fd_sc_mcu9t5v0__nand2_4)
    10    0.151034    1.074524    0.648034   14.269265 v _09461_/ZN (gf180mcu_fd_sc_mcu9t5v0__nand2_4)
                                                         _04278_ (net)
                      1.074537    0.005796   14.275062 v _09462_/I (gf180mcu_fd_sc_mcu9t5v0__clkinv_12)
    33    0.503488    0.871115    0.773856   15.048917 ^ _09462_/ZN (gf180mcu_fd_sc_mcu9t5v0__clkinv_12)
                                                         u_transform_scheduler_core.u_mixed_radix_butterfly.multiply_product_fire (net)
                      0.874965    0.035552   15.084469 ^ _09472_/A1 (gf180mcu_fd_sc_mcu9t5v0__oai21_4)
     2    0.100316    1.215280    0.474691   15.559159 v _09472_/ZN (gf180mcu_fd_sc_mcu9t5v0__oai21_4)
                                                         _04288_ (net)
                      1.215280    0.000576   15.559735 v max_cap106/I (gf180mcu_fd_sc_mcu9t5v0__clkbuf_20)
    62    0.696619    0.605703    0.834584   16.394320 v max_cap106/Z (gf180mcu_fd_sc_mcu9t5v0__clkbuf_20)
                                                         net106 (net)
                      0.605823    0.004597   16.398916 v max_cap105/I (gf180mcu_fd_sc_mcu9t5v0__clkbuf_20)
    58    0.681062    0.588406    0.719293   17.118210 v max_cap105/Z (gf180mcu_fd_sc_mcu9t5v0__clkbuf_20)
                                                         net105 (net)
                      0.588543    0.004512   17.122721 v _09511_/A2 (gf180mcu_fd_sc_mcu9t5v0__aoi21_2)
     5    0.056613    1.372190    0.915977   18.038698 ^ _09511_/ZN (gf180mcu_fd_sc_mcu9t5v0__aoi21_2)
                                                         _04327_ (net)
                      1.372190    0.001343   18.040041 ^ _09513_/A2 (gf180mcu_fd_sc_mcu9t5v0__oai221_1)
     2    0.016182    1.232508    0.675252   18.715294 v _09513_/ZN (gf180mcu_fd_sc_mcu9t5v0__oai221_1)
                                                         _04329_ (net)
                      1.232508    0.000329   18.715622 v _09514_/A2 (gf180mcu_fd_sc_mcu9t5v0__or2_1)
     1    0.017074    0.368115    0.976282   19.691904 v _09514_/Z (gf180mcu_fd_sc_mcu9t5v0__or2_1)
                                                         _04330_ (net)
                      0.368115    0.000355   19.692259 v _09519_/A3 (gf180mcu_fd_sc_mcu9t5v0__oai31_2)
     2    0.065258    2.121549    1.422340   21.114599 ^ _09519_/ZN (gf180mcu_fd_sc_mcu9t5v0__oai31_2)
                                                         _04335_ (net)
                      2.121552    0.004638   21.119236 ^ _09541_/A2 (gf180mcu_fd_sc_mcu9t5v0__aoi21_2)
     3    0.106829    1.151427    0.778078   21.897314 v _09541_/ZN (gf180mcu_fd_sc_mcu9t5v0__aoi21_2)
                                                         _04356_ (net)
                      1.151446    0.006994   21.904308 v _09700_/A2 (gf180mcu_fd_sc_mcu9t5v0__nor2_4)
    16    0.245788    2.442446    1.553753   23.458061 ^ _09700_/ZN (gf180mcu_fd_sc_mcu9t5v0__nor2_4)
                                                         _04489_ (net)
                      2.442457    0.008185   23.466246 ^ _09710_/A2 (gf180mcu_fd_sc_mcu9t5v0__and2_2)
    18    0.194071    1.779615    1.425438   24.891684 ^ _09710_/Z (gf180mcu_fd_sc_mcu9t5v0__and2_2)
                                                         _04498_ (net)
                      1.779773    0.009381   24.901066 ^ _09849_/A1 (gf180mcu_fd_sc_mcu9t5v0__oai21_1)
     3    0.019371    0.791339    0.451323   25.352388 v _09849_/ZN (gf180mcu_fd_sc_mcu9t5v0__oai21_1)
                                                         _04623_ (net)
                      0.791339    0.000275   25.352663 v _09854_/A2 (gf180mcu_fd_sc_mcu9t5v0__nor2_1)
     9    0.090787    3.304781    2.078959   27.431622 ^ _09854_/ZN (gf180mcu_fd_sc_mcu9t5v0__nor2_1)
                                                         _04626_ (net)
                      3.304781    0.002176   27.433798 ^ _10247_/B (gf180mcu_fd_sc_mcu9t5v0__oai211_1)
     1    0.019951    1.593228    0.702428   28.136227 v _10247_/ZN (gf180mcu_fd_sc_mcu9t5v0__oai211_1)
                                                         _04992_ (net)
                      1.593228    0.000711   28.136936 v _10261_/A1 (gf180mcu_fd_sc_mcu9t5v0__aoi22_1)
     1    0.186528    6.782041    4.279516   32.416454 ^ _10261_/ZN (gf180mcu_fd_sc_mcu9t5v0__aoi22_1)
                                                         u_transform_scheduler_core.u_fft_scratch_sram.macro_wdata[0] (net)
                      6.782274    0.022151   32.438602 ^ u_transform_scheduler_core.u_fft_scratch_sram.u_lo.g_pin_drive[0].u_data_driver/I (gf180mcu_fd_sc_mcu9t5v0__buf_4)
     1    0.019334    0.263065    0.209727   32.648331 ^ u_transform_scheduler_core.u_fft_scratch_sram.u_lo.g_pin_drive[0].u_data_driver/Z (gf180mcu_fd_sc_mcu9t5v0__buf_4)
                                                         u_transform_scheduler_core.u_fft_scratch_sram.u_lo.macro_wdata[0] (net)
                      0.263065    0.000171   32.648502 ^ u_transform_scheduler_core.u_fft_scratch_sram.u_lo.u_sram/D[0] (gf180mcu_fd_ip_sram__sram256x8m8wm1)
                                             32.648502   data arrival time

                                 26.041668   26.041668   clock core_clk (rise edge)
                                  0.000000   26.041668   clock source latency
     2    0.208311    0.000000    0.000000   26.041668 ^ clk (in)
                                                         clk (net)
                      0.010011    0.004095   26.045761 ^ delaybuf_0_core_clk/I (gf180mcu_fd_sc_mcu9t5v0__clkbuf_16)
     1    0.055294    0.145599    0.285153   26.330915 ^ delaybuf_0_core_clk/Z (gf180mcu_fd_sc_mcu9t5v0__clkbuf_16)
                                                         delaynet_0_core_clk (net)
                      0.145612    0.002354   26.333269 ^ delaybuf_1_core_clk/I (gf180mcu_fd_sc_mcu9t5v0__clkbuf_16)
     1    0.080732    0.170087    0.328793   26.662062 ^ delaybuf_1_core_clk/Z (gf180mcu_fd_sc_mcu9t5v0__clkbuf_16)
                                                         delaynet_1_core_clk (net)
                      0.170307    0.009225   26.671286 ^ delaybuf_2_core_clk/I (gf180mcu_fd_sc_mcu9t5v0__clkbuf_16)
     1    0.053516    0.143611    0.317439   26.988726 ^ delaybuf_2_core_clk/Z (gf180mcu_fd_sc_mcu9t5v0__clkbuf_16)
                                                         delaynet_2_core_clk (net)
                      0.143619    0.001954   26.990679 ^ delaybuf_3_core_clk/I (gf180mcu_fd_sc_mcu9t5v0__clkbuf_16)
     1    0.053266    0.143367    0.311299   27.301979 ^ delaybuf_3_core_clk/Z (gf180mcu_fd_sc_mcu9t5v0__clkbuf_16)
                                                         delaynet_3_core_clk (net)
                      0.143374    0.001862   27.303841 ^ clkbuf_0_clk/I (gf180mcu_fd_sc_mcu9t5v0__clkbuf_16)
     2    0.120215    0.209558    0.357637   27.661478 ^ clkbuf_0_clk/Z (gf180mcu_fd_sc_mcu9t5v0__clkbuf_16)
                                                         clknet_0_clk (net)
                      0.209580    0.003542   27.665020 ^ clkbuf_1_0__f_clk/I (gf180mcu_fd_sc_mcu9t5v0__clkbuf_16)
     1    0.342157    0.433404    0.509580   28.174599 ^ clkbuf_1_0__f_clk/Z (gf180mcu_fd_sc_mcu9t5v0__clkbuf_16)
                                                         clknet_1_0__leaf_clk (net)
                      0.435604    0.017872   28.192471 ^ u_transform_scheduler_core.u_fft_scratch_sram.u_lo.u_sram/CLK (gf180mcu_fd_ip_sram__sram256x8m8wm1)
                                  0.000000   28.192471   clock reconvergence pessimism
                                 -0.770843   27.421629   library setup time
                                             27.421629   data required time
---------------------------------------------------------------------------------------------
                                             27.421629   data required time
                                            -32.648502   data arrival time
---------------------------------------------------------------------------------------------
                                             -5.226873   slack (VIOLATED)




===========================================================================
 report_check_types -max_slew -max_cap -max_fanout -violators
============================================================================
======================= min_ss_125C_4v50 Corner ===================================

max slew

Pin                                        Limit        Slew       Slack
------------------------------------------------------------------------
_17524_/I0                              7.200000    8.891169   -1.691169 (VIOLATED)
_17516_/I0                              7.200000    8.891134   -1.691134 (VIOLATED)
_17537_/A2                              7.200000    8.891109   -1.691110 (VIOLATED)
_17592_/I0                              7.200000    8.891060   -1.691060 (VIOLATED)
_17535_/A1                              7.200000    8.890944   -1.690943 (VIOLATED)
_15814_/I0                              7.200000    8.890707   -1.690707 (VIOLATED)
_09674_/A1                              7.200000    8.890658   -1.690658 (VIOLATED)
_09725_/A1                              7.200000    8.890647   -1.690647 (VIOLATED)
_09735_/A1                              7.200000    8.890584   -1.690584 (VIOLATED)
_09631_/A1                              7.200000    8.890578   -1.690578 (VIOLATED)
_09723_/A1                              7.200000    8.890563   -1.690563 (VIOLATED)
_09707_/A1                              7.200000    8.890451   -1.690451 (VIOLATED)
_09741_/A1                              7.200000    8.890312   -1.690312 (VIOLATED)
_09630_/A2                              7.200000    8.890244   -1.690244 (VIOLATED)
_09632_/A1                              7.200000    8.890123   -1.690124 (VIOLATED)
_15806_/I0                              7.200000    8.889566   -1.689567 (VIOLATED)
_15773_/I0                              7.200000    8.888865   -1.688864 (VIOLATED)
_17612_/I0                              7.200000    8.888795   -1.688795 (VIOLATED)
_09063_/I                               7.200000    8.888577   -1.688577 (VIOLATED)
_15540_/I1                              7.200000    8.888392   -1.688393 (VIOLATED)
_15765_/I0                              7.200000    8.888264   -1.688264 (VIOLATED)
_15492_/I1                              7.200000    8.888256   -1.688256 (VIOLATED)
_17604_/I0                              7.200000    8.888210   -1.688210 (VIOLATED)
_16581_/I0                              7.200000    8.888000   -1.688001 (VIOLATED)
_17802_/I0                              7.200000    8.888000   -1.688001 (VIOLATED)
input3/Z                                7.200000    8.887952   -1.687952 (VIOLATED)
_17541_/A1                              7.200000    8.837501   -1.637501 (VIOLATED)
_17540_/A1                              7.200000    8.837499   -1.637499 (VIOLATED)
_17543_/A2                              7.200000    8.837494   -1.637494 (VIOLATED)
_17593_/I0                              7.200000    8.837457   -1.637456 (VIOLATED)
_17517_/I0                              7.200000    8.837406   -1.637407 (VIOLATED)
_15815_/I0                              7.200000    8.837272   -1.637272 (VIOLATED)
_09630_/A1                              7.200000    8.837057   -1.637057 (VIOLATED)
_09628_/A1                              7.200000    8.837008   -1.637008 (VIOLATED)
_15807_/I0                              7.200000    8.836644   -1.636645 (VIOLATED)
_09062_/I                               7.200000    8.836414   -1.636415 (VIOLATED)
_17613_/I0                              7.200000    8.836352   -1.636352 (VIOLATED)
_15774_/I0                              7.200000    8.836202   -1.636202 (VIOLATED)
_17525_/I0                              7.200000    8.836061   -1.636060 (VIOLATED)
_17803_/I0                              7.200000    8.835973   -1.635973 (VIOLATED)
_16589_/I0                              7.200000    8.835958   -1.635958 (VIOLATED)
_15541_/I1                              7.200000    8.835948   -1.635948 (VIOLATED)
_15766_/I0                              7.200000    8.835934   -1.635934 (VIOLATED)
_15494_/I1                              7.200000    8.835930   -1.635930 (VIOLATED)
_17605_/I0                              7.200000    8.835904   -1.635904 (VIOLATED)
_17144_/A1                              7.200000    8.835868   -1.635868 (VIOLATED)
input4/Z                                7.200000    8.835778   -1.635779 (VIOLATED)
_11576_/A2                              7.200000    8.439122   -1.239123 (VIOLATED)
_11705_/A1                              7.200000    8.439122   -1.239123 (VIOLATED)
_11706_/A1                              7.200000    8.439121   -1.239122 (VIOLATED)
_11683_/A2                              7.200000    8.439119   -1.239119 (VIOLATED)
_11574_/ZN                              7.200000    8.439054   -1.239054 (VIOLATED)
_12095_/B                               7.200000    8.329755   -1.129755 (VIOLATED)
_12096_/A3                              7.200000    8.329755   -1.129755 (VIOLATED)
_12106_/A3                              7.200000    8.329753   -1.129753 (VIOLATED)
_12094_/ZN                              7.200000    8.329556   -1.129555 (VIOLATED)
_17549_/A2                              7.200000    8.182417   -0.982417 (VIOLATED)
_17546_/A1                              7.200000    8.182407   -0.982407 (VIOLATED)
_17547_/A1                              7.200000    8.182400   -0.982400 (VIOLATED)
_17518_/I0                              7.200000    8.182385   -0.982386 (VIOLATED)
_17594_/I0                              7.200000    8.182377   -0.982377 (VIOLATED)
_15816_/I0                              7.200000    8.182178   -0.982179 (VIOLATED)
_09627_/A4                              7.200000    8.181809   -0.981809 (VIOLATED)
_09061_/I                               7.200000    8.181316   -0.981316 (VIOLATED)
_17614_/I0                              7.200000    8.181190   -0.981189 (VIOLATED)
_15808_/I0                              7.200000    8.181127   -0.981126 (VIOLATED)
_15775_/I0                              7.200000    8.180989   -0.980990 (VIOLATED)
_17606_/I0                              7.200000    8.180720   -0.980720 (VIOLATED)
_15767_/I0                              7.200000    8.180628   -0.980628 (VIOLATED)
_15496_/I1                              7.200000    8.180623   -0.980623 (VIOLATED)
_15542_/I1                              7.200000    8.180381   -0.980381 (VIOLATED)
_17165_/A1                              7.200000    8.180349   -0.980349 (VIOLATED)
_17526_/I0                              7.200000    8.180271   -0.980271 (VIOLATED)
_17804_/I0                              7.200000    8.180202   -0.980203 (VIOLATED)
_16597_/I0                              7.200000    8.180201   -0.980201 (VIOLATED)
input5/Z                                7.200000    8.180094   -0.980094 (VIOLATED)
_17523_/I0                              7.200000    8.129808   -0.929808 (VIOLATED)
_17515_/I0                              7.200000    8.129760   -0.929759 (VIOLATED)
_17591_/I0                              7.200000    8.129684   -0.929685 (VIOLATED)
_17531_/A2                              7.200000    8.129607   -0.929608 (VIOLATED)
_09645_/A1                              7.200000    8.129257   -0.929258 (VIOLATED)
_15813_/I0                              7.200000    8.129166   -0.929166 (VIOLATED)
_09674_/A2                              7.200000    8.129080   -0.929080 (VIOLATED)
_09646_/A1                              7.200000    8.129025   -0.929026 (VIOLATED)
_09735_/A2                              7.200000    8.128984   -0.928985 (VIOLATED)
_09723_/A2                              7.200000    8.128886   -0.928886 (VIOLATED)
_09641_/A1                              7.200000    8.128762   -0.928762 (VIOLATED)
_09629_/A1                              7.200000    8.128605   -0.928605 (VIOLATED)
_09632_/A2                              7.200000    8.128514   -0.928514 (VIOLATED)
_15805_/I0                              7.200000    8.127987   -0.927987 (VIOLATED)
_17611_/I0                              7.200000    8.127677   -0.927677 (VIOLATED)
_09064_/I                               7.200000    8.127608   -0.927608 (VIOLATED)
_15772_/I0                              7.200000    8.126402   -0.926402 (VIOLATED)
_15490_/I1                              7.200000    8.126174   -0.926174 (VIOLATED)
_15764_/I0                              7.200000    8.126164   -0.926164 (VIOLATED)
_17603_/I0                              7.200000    8.125953   -0.925953 (VIOLATED)
_15539_/I1                              7.200000    8.125362   -0.925363 (VIOLATED)
_17099_/A1                              7.200000    8.125301   -0.925302 (VIOLATED)
_16573_/I0                              7.200000    8.125068   -0.925068 (VIOLATED)
_17801_/I0                              7.200000    8.125068   -0.925068 (VIOLATED)
input2/Z                                7.200000    8.125032   -0.925032 (VIOLATED)
_17519_/I0                              7.200000    7.812375   -0.612375 (VIOLATED)
_17552_/A1                              7.200000    7.812365   -0.612365 (VIOLATED)
_17555_/A2                              7.200000    7.812365   -0.612365 (VIOLATED)
_17553_/A1                              7.200000    7.812347   -0.612348 (VIOLATED)
_17595_/I0                              7.200000    7.812274   -0.612275 (VIOLATED)
_15817_/I0                              7.200000    7.812092   -0.612092 (VIOLATED)
_09627_/A3                              7.200000    7.811863   -0.611863 (VIOLATED)
_15776_/I0                              7.200000    7.811688   -0.611688 (VIOLATED)
_17615_/I0                              7.200000    7.811236   -0.611236 (VIOLATED)
_15809_/I0                              7.200000    7.811045   -0.611045 (VIOLATED)
_15498_/I1                              7.200000    7.810698   -0.610698 (VIOLATED)
_15768_/I0                              7.200000    7.810694   -0.610694 (VIOLATED)
_09060_/I                               7.200000    7.810687   -0.610687 (VIOLATED)
_15543_/I1                              7.200000    7.810638   -0.610639 (VIOLATED)
_17607_/I0                              7.200000    7.810593   -0.610593 (VIOLATED)
_17527_/I0                              7.200000    7.810449   -0.610449 (VIOLATED)
_17805_/I0                              7.200000    7.810374   -0.610374 (VIOLATED)
_16604_/I0                              7.200000    7.810367   -0.610367 (VIOLATED)
input6/Z                                7.200000    7.810168   -0.610168 (VIOLATED)
_09761_/A4                              7.200000    7.734305   -0.534305 (VIOLATED)
_09760_/ZN                              7.200000    7.734293   -0.534293 (VIOLATED)
_12554_/A2                              7.200000    7.716669   -0.516669 (VIOLATED)
_12553_/ZN                              7.200000    7.716665   -0.516665 (VIOLATED)
_17529_/I0                              7.200000    7.643152   -0.443152 (VIOLATED)
_17521_/I0                              7.200000    7.643130   -0.443130 (VIOLATED)
_17597_/I0                              7.200000    7.642983   -0.442983 (VIOLATED)
_17566_/A1                              7.200000    7.642787   -0.442787 (VIOLATED)
_17565_/A1                              7.200000    7.642777   -0.442777 (VIOLATED)
_09058_/I                               7.200000    7.642769   -0.442769 (VIOLATED)
_15819_/I0                              7.200000    7.642265   -0.442265 (VIOLATED)
_09627_/A1                              7.200000    7.641814   -0.441814 (VIOLATED)
_15778_/I0                              7.200000    7.641351   -0.441351 (VIOLATED)
_17807_/I0                              7.200000    7.641026   -0.441026 (VIOLATED)
_16619_/I0                              7.200000    7.641019   -0.441019 (VIOLATED)
_17617_/I0                              7.200000    7.640943   -0.440943 (VIOLATED)
_15811_/I0                              7.200000    7.640544   -0.440545 (VIOLATED)
_17609_/I0                              7.200000    7.639804   -0.439804 (VIOLATED)
_15545_/I1                              7.200000    7.639340   -0.439340 (VIOLATED)
_15770_/I0                              7.200000    7.639272   -0.439272 (VIOLATED)
_15502_/I1                              7.200000    7.639262   -0.439262 (VIOLATED)
input8/Z                                7.200000    7.638058   -0.438058 (VIOLATED)
_09567_/ZN                              7.200000    7.631495   -0.431495 (VIOLATED)
_09568_/I                               7.200000    7.631495   -0.431495 (VIOLATED)
_09574_/A1                              7.200000    7.631495   -0.431495 (VIOLATED)
_10670_/A1                              7.200000    7.631495   -0.431495 (VIOLATED)
_10693_/B                               7.200000    7.631495   -0.431495 (VIOLATED)
_10718_/A1                              7.200000    7.631495   -0.431495 (VIOLATED)
_10740_/A1                              7.200000    7.631495   -0.431495 (VIOLATED)
_10767_/A1                              7.200000    7.631495   -0.431495 (VIOLATED)
_10789_/A1                              7.200000    7.631495   -0.431495 (VIOLATED)
_10807_/A1                              7.200000    7.631495   -0.431495 (VIOLATED)
_17941_/A2                              7.200000    7.631495   -0.431495 (VIOLATED)
_17942_/A1                              7.200000    7.631495   -0.431495 (VIOLATED)
_11454_/B                               7.200000    7.528397   -0.328397 (VIOLATED)
_11538_/B                               7.200000    7.528383   -0.328384 (VIOLATED)
_11539_/A1                              7.200000    7.528382   -0.328382 (VIOLATED)
_11507_/B                               7.200000    7.528354   -0.328354 (VIOLATED)
_11312_/B                               7.200000    7.528280   -0.328280 (VIOLATED)
_11286_/B                               7.200000    7.528219   -0.328219 (VIOLATED)
max_cap121/I                            7.200000    7.528153   -0.328154 (VIOLATED)
_11090_/ZN                              7.200000    7.528130   -0.328130 (VIOLATED)
_11092_/C                               7.200000    7.528130   -0.328130 (VIOLATED)
_11105_/A1                              7.200000    7.528130   -0.328130 (VIOLATED)
_12539_/A2                              7.200000    7.516754   -0.316754 (VIOLATED)
_12431_/A2                              7.200000    7.516738   -0.316739 (VIOLATED)
_12447_/A2                              7.200000    7.516736   -0.316736 (VIOLATED)
_12439_/A2                              7.200000    7.516722   -0.316722 (VIOLATED)
_12416_/A2                              7.200000    7.516716   -0.316716 (VIOLATED)
_12507_/A2                              7.200000    7.516680   -0.316680 (VIOLATED)
max_cap153/I                            7.200000    7.516635   -0.316636 (VIOLATED)
_12397_/A2                              7.200000    7.516630   -0.316630 (VIOLATED)
_11082_/ZN                              7.200000    7.516517   -0.316518 (VIOLATED)
_11090_/B                               7.200000    7.516517   -0.316518 (VIOLATED)
_11094_/A2                              7.200000    7.516517   -0.316518 (VIOLATED)
_11095_/I1                              7.200000    7.516517   -0.316518 (VIOLATED)
max_cap154/I                            7.200000    7.516517   -0.316518 (VIOLATED)
_17726_/B2                              7.200000    7.438003   -0.238003 (VIOLATED)
_17530_/I0                              7.200000    7.437989   -0.237989 (VIOLATED)
_17682_/I0                              7.200000    7.437962   -0.237962 (VIOLATED)
_17577_/I0                              7.200000    7.437946   -0.237947 (VIOLATED)
_17590_/I0                              7.200000    7.437889   -0.237889 (VIOLATED)
_17514_/I0                              7.200000    7.437877   -0.237877 (VIOLATED)
_17522_/I0                              7.200000    7.437822   -0.237822 (VIOLATED)
_15812_/I0                              7.200000    7.437496   -0.237496 (VIOLATED)
_09645_/A2                              7.200000    7.437462   -0.237463 (VIOLATED)
_09646_/A2                              7.200000    7.437268   -0.237268 (VIOLATED)
_17619_/A2                              7.200000    7.436906   -0.236906 (VIOLATED)
_15804_/I0                              7.200000    7.436404   -0.236404 (VIOLATED)
_09065_/I                               7.200000    7.435651   -0.235652 (VIOLATED)
_17800_/I0                              7.200000    7.435551   -0.235551 (VIOLATED)
_17610_/I0                              7.200000    7.435259   -0.235259 (VIOLATED)
_17076_/A1                              7.200000    7.434572   -0.234572 (VIOLATED)
_15538_/I1                              7.200000    7.434348   -0.234348 (VIOLATED)
_17602_/I0                              7.200000    7.434337   -0.234337 (VIOLATED)
_15771_/I0                              7.200000    7.434210   -0.234210 (VIOLATED)
_15763_/I0                              7.200000    7.433618   -0.233618 (VIOLATED)
_15488_/I1                              7.200000    7.433336   -0.233336 (VIOLATED)
_17421_/I0                              7.200000    7.433082   -0.233082 (VIOLATED)
_17422_/I0                              7.200000    7.432938   -0.232938 (VIOLATED)
_15734_/A1                              7.200000    7.432888   -0.232887 (VIOLATED)
input1/Z                                7.200000    7.432855   -0.232855 (VIOLATED)
_12401_/B2                              7.200000    7.328943   -0.128943 (VIOLATED)
_12400_/ZN                              7.200000    7.328938   -0.128938 (VIOLATED)
_12253_/A1                              7.200000    7.303136   -0.103137 (VIOLATED)
_12228_/A1                              7.200000    7.303129   -0.103130 (VIOLATED)
_12294_/A1                              7.200000    7.303119   -0.103119 (VIOLATED)
_12351_/A1                              7.200000    7.303107   -0.103107 (VIOLATED)
_11488_/A1                              7.200000    7.303066   -0.103066 (VIOLATED)
_12188_/A1                              7.200000    7.303061   -0.103061 (VIOLATED)
_11408_/B1                              7.200000    7.303037   -0.103037 (VIOLATED)
_11422_/B1                              7.200000    7.303031   -0.103031 (VIOLATED)
_12167_/A1                              7.200000    7.302923   -0.102923 (VIOLATED)
_11394_/B1                              7.200000    7.302847   -0.102847 (VIOLATED)
_11381_/B1                              7.200000    7.302727   -0.102727 (VIOLATED)
_12004_/A1                              7.200000    7.302631   -0.102631 (VIOLATED)
_11984_/A1                              7.200000    7.302631   -0.102631 (VIOLATED)
_11945_/A1                              7.200000    7.302619   -0.102619 (VIOLATED)
_11879_/A1                              7.200000    7.302604   -0.102604 (VIOLATED)
_11901_/A1                              7.200000    7.302594   -0.102594 (VIOLATED)
_11833_/A1                              7.200000    7.302446   -0.102446 (VIOLATED)
_11739_/B1                              7.200000    7.302139   -0.102139 (VIOLATED)
_11699_/B1                              7.200000    7.302105   -0.102105 (VIOLATED)
_12051_/B1                              7.200000    7.302097   -0.102097 (VIOLATED)
_12097_/A1                              7.200000    7.302096   -0.102097 (VIOLATED)
_11353_/B1                              7.200000    7.302094   -0.102095 (VIOLATED)
_11366_/B1                              7.200000    7.302094   -0.102095 (VIOLATED)
_11198_/B1                              7.200000    7.302088   -0.102088 (VIOLATED)
_11136_/B1                              7.200000    7.302076   -0.102077 (VIOLATED)
_11150_/B1                              7.200000    7.302059   -0.102059 (VIOLATED)
_11339_/B1                              7.200000    7.302053   -0.102053 (VIOLATED)
_11106_/B1                              7.200000    7.302052   -0.102053 (VIOLATED)
_12186_/B                               7.200000    7.302022   -0.102022 (VIOLATED)
_09487_/A2                              7.200000    7.302018   -0.102018 (VIOLATED)
_09480_/Z                               7.200000    7.301987   -0.101987 (VIOLATED)
_12686_/B1                              7.200000    7.301987   -0.101987 (VIOLATED)

max capacitance

Pin                                        Limit         Cap       Slack
------------------------------------------------------------------------
input3/Z                                0.387700    0.496635   -0.108935 (VIOLATED)
input4/Z                                0.387700    0.493217   -0.105517 (VIOLATED)
input5/Z                                0.387700    0.456463   -0.068763 (VIOLATED)
input2/Z                                0.387700    0.454002   -0.066302 (VIOLATED)
input6/Z                                0.387700    0.435694   -0.047994 (VIOLATED)
input8/Z                                0.387700    0.426884   -0.039184 (VIOLATED)
_11574_/ZN                              0.125900    0.158212   -0.032313 (VIOLATED)
_12094_/ZN                              0.115800    0.145939   -0.030139 (VIOLATED)
input1/Z                                0.387700    0.415124   -0.027424 (VIOLATED)
_11082_/ZN                              0.193000    0.215649   -0.022648 (VIOLATED)
_11090_/ZN                              0.192500    0.211716   -0.019216 (VIOLATED)
_09480_/Z                               0.388400    0.407541   -0.019141 (VIOLATED)
_12553_/ZN                              0.115800    0.133602   -0.017802 (VIOLATED)
_09567_/ZN                              0.127200    0.144079   -0.016879 (VIOLATED)
_12400_/ZN                              0.115800    0.125867   -0.010067 (VIOLATED)
_12450_/ZN                              0.115800    0.122605   -0.006805 (VIOLATED)
_12026_/ZN                              0.115800    0.120520   -0.004720 (VIOLATED)
_09422_/ZN                              0.193000    0.197698   -0.004698 (VIOLATED)
_09533_/ZN                              0.189800    0.193505   -0.003705 (VIOLATED)
_09905_/ZN                              0.193000    0.196562   -0.003562 (VIOLATED)



===========================================================================
report_parasitic_annotation -report_unannotated
============================================================================
Found 90 unannotated drivers.
 clkload0/Z
 clkload1/Z
 clkload10/Z
 clkload11/Z
 clkload12/ZN
 clkload13/ZN
 clkload14/ZN
 clkload15/ZN
 clkload16/ZN
 clkload17/ZN
 clkload18/ZN
 clkload19/ZN
 clkload2/Z
 clkload20/ZN
 clkload21/ZN
 clkload22/ZN
 clkload23/Z
 clkload24/ZN
 clkload25/ZN
 clkload26/Z
 clkload27/ZN
 clkload28/Z
 clkload29/ZN
 clkload3/ZN
 clkload30/ZN
 clkload31/ZN
 clkload32/ZN
 clkload33/Z
 clkload34/ZN
 clkload35/ZN
 clkload36/ZN
 clkload37/ZN
 clkload38/ZN
 clkload39/ZN
 clkload4/ZN
 clkload40/Z
 clkload41/ZN
 clkload42/Z
 clkload43/ZN
 clkload44/ZN
 clkload45/ZN
 clkload46/ZN
 clkload47/ZN
 clkload48/Z
 clkload49/ZN
 clkload5/ZN
 clkload50/ZN
 clkload51/ZN
 clkload52/ZN
 clkload53/ZN
 clkload54/ZN
 clkload55/ZN
 clkload56/ZN
 clkload57/ZN
 clkload58/ZN
 clkload59/ZN
 clkload6/ZN
 clkload60/ZN
 clkload61/ZN
 clkload62/ZN
 clkload63/ZN
 clkload64/ZN
 clkload65/ZN
 clkload66/ZN
 clkload67/ZN
 clkload68/ZN
 clkload69/ZN
 clkload7/ZN
 clkload70/ZN
 clkload71/ZN
 clkload72/ZN
 clkload73/ZN
 clkload74/Z
 clkload75/ZN
 clkload76/ZN
 clkload77/ZN
 clkload78/ZN
 clkload79/ZN
 clkload8/ZN
 clkload80/ZN
 clkload81/ZN
 clkload82/ZN
 clkload83/ZN
 clkload84/ZN
 clkload85/ZN
 clkload86/ZN
 clkload87/ZN
 clkload88/ZN
 clkload89/ZN
 clkload9/ZN
Found 0 partially unannotated drivers.

===========================================================================
max slew violation count 236
max fanout violation count 0
max cap violation count 20
============================================================================

===========================================================================
check_setup -verbose -unconstrained_endpoints -multiple_clock -no_clock -no_input_delay -loops -generated_clocks
===========================================================================
